Archive member included to satisfy reference by file (symbol)

/home/hcj/UEFIWorkspace/Build/EmulatorX64/DEBUG_GCC5/X64/MdeModulePkg/Application/UiApp/UiApp/OUTPUT/UiApp.lib(FrontPageVfr.obj)
                              (--whole-archive)
/home/hcj/UEFIWorkspace/Build/EmulatorX64/DEBUG_GCC5/X64/MdeModulePkg/Application/UiApp/UiApp/OUTPUT/UiApp.lib(FrontPage.obj)
                              (--whole-archive)
/home/hcj/UEFIWorkspace/Build/EmulatorX64/DEBUG_GCC5/X64/MdeModulePkg/Application/UiApp/UiApp/OUTPUT/UiApp.lib(String.obj)
                              (--whole-archive)
/home/hcj/UEFIWorkspace/Build/EmulatorX64/DEBUG_GCC5/X64/MdeModulePkg/Application/UiApp/UiApp/OUTPUT/UiApp.lib(FrontPageCustomizedUi.obj)
                              (--whole-archive)
/home/hcj/UEFIWorkspace/Build/EmulatorX64/DEBUG_GCC5/X64/MdeModulePkg/Application/UiApp/UiApp/OUTPUT/UiApp.lib(FrontPageCustomizedUiSupport.obj)
                              (--whole-archive)
/home/hcj/UEFIWorkspace/Build/EmulatorX64/DEBUG_GCC5/X64/MdeModulePkg/Application/UiApp/UiApp/OUTPUT/UiApp.lib(AutoGen.obj)
                              (--whole-archive)
/home/hcj/UEFIWorkspace/Build/EmulatorX64/DEBUG_GCC5/X64/MdePkg/Library/RegisterFilterLibNull/RegisterFilterLibNull/OUTPUT/FilterLibNull.lib(RegisterFilterLibNull.obj)
                              (--whole-archive)
/home/hcj/UEFIWorkspace/Build/EmulatorX64/DEBUG_GCC5/X64/MdePkg/Library/BaseDebugPrintErrorLevelLib/BaseDebugPrintErrorLevelLib/OUTPUT/BaseDebugPrintErrorLevelLib.lib(BaseDebugPrintErrorLevelLib.obj)
                              (--whole-archive)
/home/hcj/UEFIWorkspace/Build/EmulatorX64/DEBUG_GCC5/X64/MdePkg/Library/DxePcdLib/DxePcdLib/OUTPUT/DxePcdLib.lib(DxePcdLib.obj)
                              (--whole-archive)
/home/hcj/UEFIWorkspace/Build/EmulatorX64/DEBUG_GCC5/X64/MdePkg/Library/BasePrintLib/BasePrintLib/OUTPUT/BasePrintLib.lib(PrintLibInternal.obj)
                              (--whole-archive)
/home/hcj/UEFIWorkspace/Build/EmulatorX64/DEBUG_GCC5/X64/MdePkg/Library/BasePrintLib/BasePrintLib/OUTPUT/BasePrintLib.lib(PrintLib.obj)
                              (--whole-archive)
/home/hcj/UEFIWorkspace/Build/EmulatorX64/DEBUG_GCC5/X64/MdeModulePkg/Library/PeiDxeDebugLibReportStatusCode/PeiDxeDebugLibReportStatusCode/OUTPUT/PeiDxeDebugLibReportStatusCode.lib(DebugLib.obj)
                              (--whole-archive)
/home/hcj/UEFIWorkspace/Build/EmulatorX64/DEBUG_GCC5/X64/MdePkg/Library/BaseMemoryLib/BaseMemoryLib/OUTPUT/BaseMemoryLib.lib(SetMem.obj)
                              (--whole-archive)
/home/hcj/UEFIWorkspace/Build/EmulatorX64/DEBUG_GCC5/X64/MdePkg/Library/BaseMemoryLib/BaseMemoryLib/OUTPUT/BaseMemoryLib.lib(ScanMem64Wrapper.obj)
                              (--whole-archive)
/home/hcj/UEFIWorkspace/Build/EmulatorX64/DEBUG_GCC5/X64/MdePkg/Library/BaseMemoryLib/BaseMemoryLib/OUTPUT/BaseMemoryLib.lib(ScanMem32Wrapper.obj)
                              (--whole-archive)
/home/hcj/UEFIWorkspace/Build/EmulatorX64/DEBUG_GCC5/X64/MdePkg/Library/BaseMemoryLib/BaseMemoryLib/OUTPUT/BaseMemoryLib.lib(ScanMem16Wrapper.obj)
                              (--whole-archive)
/home/hcj/UEFIWorkspace/Build/EmulatorX64/DEBUG_GCC5/X64/MdePkg/Library/BaseMemoryLib/BaseMemoryLib/OUTPUT/BaseMemoryLib.lib(ScanMem8Wrapper.obj)
                              (--whole-archive)
/home/hcj/UEFIWorkspace/Build/EmulatorX64/DEBUG_GCC5/X64/MdePkg/Library/BaseMemoryLib/BaseMemoryLib/OUTPUT/BaseMemoryLib.lib(ZeroMemWrapper.obj)
                              (--whole-archive)
/home/hcj/UEFIWorkspace/Build/EmulatorX64/DEBUG_GCC5/X64/MdePkg/Library/BaseMemoryLib/BaseMemoryLib/OUTPUT/BaseMemoryLib.lib(CompareMemWrapper.obj)
                              (--whole-archive)
/home/hcj/UEFIWorkspace/Build/EmulatorX64/DEBUG_GCC5/X64/MdePkg/Library/BaseMemoryLib/BaseMemoryLib/OUTPUT/BaseMemoryLib.lib(SetMem64Wrapper.obj)
                              (--whole-archive)
/home/hcj/UEFIWorkspace/Build/EmulatorX64/DEBUG_GCC5/X64/MdePkg/Library/BaseMemoryLib/BaseMemoryLib/OUTPUT/BaseMemoryLib.lib(SetMem32Wrapper.obj)
                              (--whole-archive)
/home/hcj/UEFIWorkspace/Build/EmulatorX64/DEBUG_GCC5/X64/MdePkg/Library/BaseMemoryLib/BaseMemoryLib/OUTPUT/BaseMemoryLib.lib(SetMem16Wrapper.obj)
                              (--whole-archive)
/home/hcj/UEFIWorkspace/Build/EmulatorX64/DEBUG_GCC5/X64/MdePkg/Library/BaseMemoryLib/BaseMemoryLib/OUTPUT/BaseMemoryLib.lib(SetMemWrapper.obj)
                              (--whole-archive)
/home/hcj/UEFIWorkspace/Build/EmulatorX64/DEBUG_GCC5/X64/MdePkg/Library/BaseMemoryLib/BaseMemoryLib/OUTPUT/BaseMemoryLib.lib(CopyMemWrapper.obj)
                              (--whole-archive)
/home/hcj/UEFIWorkspace/Build/EmulatorX64/DEBUG_GCC5/X64/MdePkg/Library/BaseMemoryLib/BaseMemoryLib/OUTPUT/BaseMemoryLib.lib(IsZeroBufferWrapper.obj)
                              (--whole-archive)
[...]
Memory Configuration

Name             Origin             Length             Attributes
*default*        0x0000000000000000 0xffffffffffffffff

Linker script and memory map

LOAD /tmp/ccCWtBvp.ltrans0.ltrans.o
LOAD /tmp/ccCWtBvp.ltrans1.ltrans.o
LOAD /tmp/ccCWtBvp.ltrans2.ltrans.o
LOAD /tmp/ccCWtBvp.ltrans3.ltrans.o
LOAD /tmp/ccCWtBvp.ltrans4.ltrans.o
LOAD /tmp/ccCWtBvp.ltrans5.ltrans.o
LOAD /tmp/ccCWtBvp.ltrans6.ltrans.o
LOAD /tmp/ccCWtBvp.ltrans7.ltrans.o
LOAD /tmp/ccCWtBvp.ltrans8.ltrans.o
LOAD /tmp/ccCWtBvp.ltrans9.ltrans.o
LOAD /tmp/ccCWtBvp.ltrans10.ltrans.o
LOAD /tmp/ccCWtBvp.ltrans11.ltrans.o
LOAD /tmp/ccCWtBvp.ltrans12.ltrans.o
LOAD /tmp/ccCWtBvp.ltrans13.ltrans.o
LOAD /tmp/ccCWtBvp.ltrans14.ltrans.o
LOAD /tmp/ccCWtBvp.ltrans15.ltrans.o
LOAD /tmp/ccCWtBvp.ltrans16.ltrans.o
LOAD /tmp/ccCWtBvp.ltrans17.ltrans.o
LOAD /tmp/ccCWtBvp.ltrans18.ltrans.o
LOAD /tmp/ccCWtBvp.ltrans19.ltrans.o
LOAD /tmp/ccCWtBvp.ltrans20.ltrans.o
LOAD /tmp/ccCWtBvp.ltrans21.ltrans.o
LOAD /tmp/ccCWtBvp.ltrans22.ltrans.o
LOAD /tmp/ccCWtBvp.ltrans23.ltrans.o
LOAD /tmp/ccCWtBvp.ltrans24.ltrans.o
LOAD /tmp/ccCWtBvp.ltrans25.ltrans.o
LOAD /tmp/ccCWtBvp.ltrans26.ltrans.o
LOAD /tmp/ccCWtBvp.ltrans27.ltrans.o
LOAD /tmp/ccCWtBvp.ltrans28.ltrans.o
LOAD /tmp/ccCWtBvp.ltrans29.ltrans.o
LOAD /tmp/ccCWtBvp.ltrans30.ltrans.o
LOAD /tmp/ccCWtBvp.ltrans31.ltrans.o
START GROUP
LOAD /home/hcj/UEFIWorkspace/Build/EmulatorX64/DEBUG_GCC5/X64/MdeModulePkg/Application/UiApp/UiApp/OUTPUT/UiApp.lib
LOAD /home/hcj/UEFIWorkspace/Build/EmulatorX64/DEBUG_GCC5/X64/MdePkg/Library/RegisterFilterLibNull/RegisterFilterLibNull/OUTPUT/FilterLibNull.lib
LOAD /home/hcj/UEFIWorkspace/Build/EmulatorX64/DEBUG_GCC5/X64/MdePkg/Library/BaseDebugPrintErrorLevelLib/BaseDebugPrintErrorLevelLib/OUTPUT/BaseDebugPrintErrorLevelLib.lib
LOAD /home/hcj/UEFIWorkspace/Build/EmulatorX64/DEBUG_GCC5/X64/MdePkg/Library/DxePcdLib/DxePcdLib/OUTPUT/DxePcdLib.lib
LOAD /home/hcj/UEFIWorkspace/Build/EmulatorX64/DEBUG_GCC5/X64/MdePkg/Library/BasePrintLib/BasePrintLib/OUTPUT/BasePrintLib.lib
LOAD /home/hcj/UEFIWorkspace/Build/EmulatorX64/DEBUG_GCC5/X64/MdeModulePkg/Library/PeiDxeDebugLibReportStatusCode/PeiDxeDebugLibReportStatusCode/OUTPUT/PeiDxeDebugLibReportStatusCode.lib
LOAD /home/hcj/UEFIWorkspace/Build/EmulatorX64/DEBUG_GCC5/X64/MdePkg/Library/BaseMemoryLib/BaseMemoryLib/OUTPUT/BaseMemoryLib.lib
LOAD /home/hcj/UEFIWorkspace/Build/EmulatorX64/DEBUG_GCC5/X64/MdePkg/Library/UefiMemoryAllocationLib/UefiMemoryAllocationLib/OUTPUT/UefiMemoryAllocationLib.lib
LOAD /home/hcj/UEFIWorkspace/Build/EmulatorX64/DEBUG_GCC5/X64/MdeModulePkg/Library/DxeReportStatusCodeLib/DxeReportStatusCodeLib/OUTPUT/DxeReportStatusCodeLib.lib
LOAD /home/hcj/UEFIWorkspace/Build/EmulatorX64/DEBUG_GCC5/X64/MdePkg/Library/BaseLib/BaseLib/OUTPUT/BaseLib.lib
LOAD /home/hcj/UEFIWorkspace/Build/EmulatorX64/DEBUG_GCC5/X64/MdePkg/Library/UefiDevicePathLib/UefiDevicePathLib/OUTPUT/UefiDevicePathLib.lib
LOAD /home/hcj/UEFIWorkspace/Build/EmulatorX64/DEBUG_GCC5/X64/MdePkg/Library/UefiBootServicesTableLib/UefiBootServicesTableLib/OUTPUT/UefiBootServicesTableLib.lib
LOAD /home/hcj/UEFIWorkspace/Build/EmulatorX64/DEBUG_GCC5/X64/MdePkg/Library/UefiRuntimeServicesTableLib/UefiRuntimeServicesTableLib/OUTPUT/UefiRuntimeServicesTableLib.lib
LOAD /home/hcj/UEFIWorkspace/Build/EmulatorX64/DEBUG_GCC5/X64/MdePkg/Library/UefiLib/UefiLib/OUTPUT/UefiLib.lib
LOAD /home/hcj/UEFIWorkspace/Build/EmulatorX64/DEBUG_GCC5/X64/MdePkg/Library/DxeHobLib/DxeHobLib/OUTPUT/DxeHobLib.lib
LOAD /home/hcj/UEFIWorkspace/Build/EmulatorX64/DEBUG_GCC5/X64/MdeModulePkg/Library/UefiHiiServicesLib/UefiHiiServicesLib/OUTPUT/UefiHiiServicesLib.lib
LOAD /home/hcj/UEFIWorkspace/Build/EmulatorX64/DEBUG_GCC5/X64/MdeModulePkg/Library/BaseSortLib/BaseSortLib/OUTPUT/BaseSortLib.lib
LOAD /home/hcj/UEFIWorkspace/Build/EmulatorX64/DEBUG_GCC5/X64/MdePkg/Library/DxeServicesLib/DxeServicesLib/OUTPUT/DxeServicesLib.lib
LOAD /home/hcj/UEFIWorkspace/Build/EmulatorX64/DEBUG_GCC5/X64/MdePkg/Library/DxeServicesTableLib/DxeServicesTableLib/OUTPUT/DxeServicesTableLib.lib
LOAD /home/hcj/UEFIWorkspace/Build/EmulatorX64/DEBUG_GCC5/X64/MdePkg/Library/BasePeCoffGetEntryPointLib/BasePeCoffGetEntryPointLib/OUTPUT/BasePeCoffGetEntryPointLib.lib
LOAD /home/hcj/UEFIWorkspace/Build/EmulatorX64/DEBUG_GCC5/X64/MdePkg/Library/BasePerformanceLibNull/BasePerformanceLibNull/OUTPUT/BasePerformanceLibNull.lib
LOAD /home/hcj/UEFIWorkspace/Build/EmulatorX64/DEBUG_GCC5/X64/MdeModulePkg/Library/UefiHiiLib/UefiHiiLib/OUTPUT/UefiHiiLib.lib
LOAD /home/hcj/UEFIWorkspace/Build/EmulatorX64/DEBUG_GCC5/X64/MdeModulePkg/Library/UefiBootManagerLib/UefiBootManagerLib/OUTPUT/UefiBootManagerLib.lib
LOAD /home/hcj/UEFIWorkspace/Build/EmulatorX64/DEBUG_GCC5/X64/MdeModulePkg/Library/FileExplorerLib/FileExplorerLib/OUTPUT/FileExplorerLib.lib
LOAD /home/hcj/UEFIWorkspace/Build/EmulatorX64/DEBUG_GCC5/X64/MdePkg/Library/UefiApplicationEntryPoint/UefiApplicationEntryPoint/OUTPUT/UefiApplicationEntryPoint.lib
LOAD /home/hcj/UEFIWorkspace/Build/EmulatorX64/DEBUG_GCC5/X64/MdeModulePkg/Library/DeviceManagerUiLib/DeviceManagerUiLib/OUTPUT/DeviceManagerUiLib.lib
LOAD /home/hcj/UEFIWorkspace/Build/EmulatorX64/DEBUG_GCC5/X64/MdeModulePkg/Library/BootManagerUiLib/BootManagerUiLib/OUTPUT/BootManagerUiLib.lib
LOAD /home/hcj/UEFIWorkspace/Build/EmulatorX64/DEBUG_GCC5/X64/MdeModulePkg/Library/BootMaintenanceManagerUiLib/BootMaintenanceManagerUiLib/OUTPUT/BootMaintenanceManagerUiLib.lib
END GROUP
                0x0000000000000228                PECOFF_HEADER_SIZE = 0x228
                0x0000000000000228                . = PECOFF_HEADER_SIZE

.text           0x0000000000000240    0x35857
 *(.text .text.* .stub .gnu.linkonce.t.*)
 .text.CleanUpPage
                0x0000000000000240       0x5c /tmp/ccCWtBvp.ltrans0.ltrans.o
                0x0000000000000240                CleanUpPage
 .text.UpdateConCOMPage
                0x000000000000029c       0xa7 /tmp/ccCWtBvp.ltrans0.ltrans.o
                0x000000000000029c                UpdateConCOMPage
 .text.UpdateBootDelPage
                0x0000000000000343      0x179 /tmp/ccCWtBvp.ltrans0.ltrans.o
                0x0000000000000343                UpdateBootDelPage
 .text.UpdateDrvAddHandlePage
                0x00000000000004bc       0xa7 /tmp/ccCWtBvp.ltrans0.ltrans.o
                0x00000000000004bc                UpdateDrvAddHandlePage
 .text.UpdateDrvDelPage
                0x0000000000000563      0x166 /tmp/ccCWtBvp.ltrans0.ltrans.o
                0x0000000000000563                UpdateDrvDelPage
 .text.UpdateDriverAddHandleDescPage
                0x00000000000006c9      0x179 /tmp/ccCWtBvp.ltrans0.ltrans.o
                0x00000000000006c9                UpdateDriverAddHandleDescPage
 .text.UpdateConsolePage
                0x0000000000000842      0x325 /tmp/ccCWtBvp.ltrans0.ltrans.o
 .text.UpdateOrderPage
                0x0000000000000b67      0x2c8 /tmp/ccCWtBvp.ltrans0.ltrans.o
 .text.UpdateConModePage
                0x0000000000000e2f      0x385 /tmp/ccCWtBvp.ltrans0.ltrans.o
                0x0000000000000e2f                UpdateConModePage
 .text.UpdateTerminalPage
                0x00000000000011b4      0x6c2 /tmp/ccCWtBvp.ltrans0.ltrans.o
                0x00000000000011b4                UpdateTerminalPage
 .text.UpdateOptionPage
                0x0000000000001876      0x215 /tmp/ccCWtBvp.ltrans0.ltrans.o
                0x0000000000001876                UpdateOptionPage
 .text.UpdatePageBody
                0x0000000000001a8b       0xd1 /tmp/ccCWtBvp.ltrans0.ltrans.o
                0x0000000000001a8b                UpdatePageBody
 .text.UpdatePageId
                0x0000000000001b5c       0x86 /tmp/ccCWtBvp.ltrans0.ltrans.o
                0x0000000000001b5c                UpdatePageId
 .text.EfiLibDeleteVariable
                0x0000000000001be2       0x3c /tmp/ccCWtBvp.ltrans0.ltrans.o
                0x0000000000001be2                EfiLibDeleteVariable
 .text.EfiDevicePathInstanceCount
                0x0000000000001c1e       0x36 /tmp/ccCWtBvp.ltrans0.ltrans.o
                0x0000000000001c1e                EfiDevicePathInstanceCount
 .text.EfiLibStrFromDatahub
                0x0000000000001c54       0x13 /tmp/ccCWtBvp.ltrans0.ltrans.o
                0x0000000000001c54                EfiLibStrFromDatahub
 .text.UiCustomizeBMMPage
                0x0000000000001c67       0xb6 /tmp/ccCWtBvp.ltrans0.ltrans.o
                0x0000000000001c67                UiCustomizeBMMPage
 .text.BmmCreateBootNextMenu
                0x0000000000001d1d      0x1c5 /tmp/ccCWtBvp.ltrans0.ltrans.o
 .text.BmmCreateTimeOutMenu
                0x0000000000001ee2       0x73 /tmp/ccCWtBvp.ltrans0.ltrans.o
 .text.BmmCreateBootOptionMenu
                0x0000000000001f55       0x3f /tmp/ccCWtBvp.ltrans0.ltrans.o
 .text.BmmCreateDriverOptionMenu
                0x0000000000001f94       0x3f /tmp/ccCWtBvp.ltrans0.ltrans.o
 .text.BmmCreateComOptionMenu
                0x0000000000001fd3       0x3f /tmp/ccCWtBvp.ltrans0.ltrans.o
 .text.BmmCreateBootFromFileMenu
                0x0000000000002012       0x3f /tmp/ccCWtBvp.ltrans0.ltrans.o
 .text.BmmCreateEmptyLine
                0x0000000000002051       0x37 /tmp/ccCWtBvp.ltrans0.ltrans.o
 .text.ExtractDevicePathFromHandle
                0x0000000000002088       0x96 /tmp/ccCWtBvp.ltrans0.ltrans.o
 .text.IsRequiredDriver
                0x000000000000211e      0x13f /tmp/ccCWtBvp.ltrans0.ltrans.o
 .text.BmmListThirdPartyDrivers
                0x000000000000225d      0x5be /tmp/ccCWtBvp.ltrans0.ltrans.o
 .text.BootFromFile
                0x000000000000281b      0x167 /tmp/ccCWtBvp.ltrans1.ltrans.o
                0x000000000000281b                BootFromFile
 .text.ReSendForm
                0x0000000000002982       0x7f /tmp/ccCWtBvp.ltrans1.ltrans.o
 .text.CreateBootOptionFromFile
                0x0000000000002a01       0x8e /tmp/ccCWtBvp.ltrans1.ltrans.o
                0x0000000000002a01                CreateBootOptionFromFile
 .text.CreateDriverOptionFromFile
                0x0000000000002a8f       0x8e /tmp/ccCWtBvp.ltrans1.ltrans.o
                0x0000000000002a8f                CreateDriverOptionFromFile
 .text.MatchDevicePaths
                0x0000000000002b1d       0xa0 /tmp/ccCWtBvp.ltrans1.ltrans.o
 .text.IsIsaSerialNode
                0x0000000000002bbd       0x51 /tmp/ccCWtBvp.ltrans1.ltrans.o
 .text.ChangeTerminalDevicePath
                0x0000000000002c0e      0x24d /tmp/ccCWtBvp.ltrans1.ltrans.o
                0x0000000000002c0e                ChangeTerminalDevicePath
 .text.RetrieveUartUid
                0x0000000000002e5b       0xe1 /tmp/ccCWtBvp.ltrans1.ltrans.o
 .text.SortedUartHandle
                0x0000000000002f3c      0x14d /tmp/ccCWtBvp.ltrans1.ltrans.o
 .text.LocateSerialIo
                0x0000000000003089      0x5be /tmp/ccCWtBvp.ltrans1.ltrans.o
                0x0000000000003089                LocateSerialIo
 .text.UpdateComAttributeFromVariable
                0x0000000000003647      0x26c /tmp/ccCWtBvp.ltrans1.ltrans.o
 .text.GetConsoleMenu
                0x00000000000038b3      0x37a /tmp/ccCWtBvp.ltrans1.ltrans.o
 .text.GetAllConsoles
                0x0000000000003c2d       0x29 /tmp/ccCWtBvp.ltrans1.ltrans.o
                0x0000000000003c2d                GetAllConsoles
 .text.FreeAllConsoles
                0x0000000000003c56       0x3b /tmp/ccCWtBvp.ltrans1.ltrans.o
                0x0000000000003c56                FreeAllConsoles
 .text.IsTerminalDevicePath
                0x0000000000003c91      0x179 /tmp/ccCWtBvp.ltrans1.ltrans.o
 .text.GetConsoleOutMode
                0x0000000000003e0a       0xb2 /tmp/ccCWtBvp.ltrans1.ltrans.o
                0x0000000000003e0a                GetConsoleOutMode
 .text.GetConsoleInCheck
                0x0000000000003ebc      0x146 /tmp/ccCWtBvp.ltrans1.ltrans.o
                0x0000000000003ebc                GetConsoleInCheck
 .text.GetConsoleOutCheck
                0x0000000000004002      0x146 /tmp/ccCWtBvp.ltrans1.ltrans.o
                0x0000000000004002                GetConsoleOutCheck
 .text.GetConsoleErrCheck
                0x0000000000004148      0x146 /tmp/ccCWtBvp.ltrans1.ltrans.o
                0x0000000000004148                GetConsoleErrCheck
 .text.GetTerminalAttribute
                0x000000000000428e      0x25a /tmp/ccCWtBvp.ltrans1.ltrans.o
                0x000000000000428e                GetTerminalAttribute
 .text.Var_DelBootOption
                0x00000000000044e8      0x107 /tmp/ccCWtBvp.ltrans1.ltrans.o
                0x00000000000044e8                Var_DelBootOption
 .text.Var_DelDriverOption
                0x00000000000045ef       0xe9 /tmp/ccCWtBvp.ltrans1.ltrans.o
                0x00000000000045ef                Var_DelDriverOption
 .text.Var_UpdateConsoleOption
                0x00000000000046d8      0x297 /tmp/ccCWtBvp.ltrans1.ltrans.o
 .text.Var_UpdateConsoleInpOption
                0x000000000000496f       0x1e /tmp/ccCWtBvp.ltrans1.ltrans.o
                0x000000000000496f                Var_UpdateConsoleInpOption
 .text.Var_UpdateConsoleOutOption
                0x000000000000498d       0x1e /tmp/ccCWtBvp.ltrans1.ltrans.o
                0x000000000000498d                Var_UpdateConsoleOutOption
 .text.Var_UpdateErrorOutOption
                0x00000000000049ab       0x1e /tmp/ccCWtBvp.ltrans1.ltrans.o
                0x00000000000049ab                Var_UpdateErrorOutOption
 .text.Var_UpdateDriverOption
                0x00000000000049c9      0x41b /tmp/ccCWtBvp.ltrans1.ltrans.o
                0x00000000000049c9                Var_UpdateDriverOption
 .text.Var_UpdateBootOption
                0x0000000000004de4      0x41e /tmp/ccCWtBvp.ltrans1.ltrans.o
                0x0000000000004de4                Var_UpdateBootOption
 .text.Var_UpdateBootNext
                0x0000000000005202      0x166 /tmp/ccCWtBvp.ltrans1.ltrans.o
                0x0000000000005202                Var_UpdateBootNext
 .text.Var_UpdateBootOrder
                0x0000000000005368      0x1db /tmp/ccCWtBvp.ltrans1.ltrans.o
                0x0000000000005368                Var_UpdateBootOrder
 .text.Var_UpdateDriverOrder
                0x0000000000005543      0x163 /tmp/ccCWtBvp.ltrans1.ltrans.o
                0x0000000000005543                Var_UpdateDriverOrder
 .text.Var_UpdateConMode
                0x00000000000056a6       0x90 /tmp/ccCWtBvp.ltrans1.ltrans.o
                0x00000000000056a6                Var_UpdateConMode
 .text.CreateUpdateData
                0x0000000000005736       0xf1 /tmp/ccCWtBvp.ltrans1.ltrans.o
                0x0000000000005736                CreateUpdateData
 .text.RefreshUpdateData
                0x0000000000005827       0x65 /tmp/ccCWtBvp.ltrans1.ltrans.o
                0x0000000000005827                RefreshUpdateData
 .text.UpdatePageStart
                0x000000000000588c       0x62 /tmp/ccCWtBvp.ltrans1.ltrans.o
                0x000000000000588c                UpdatePageStart
 .text.UpdatePageEnd
                0x00000000000058ee       0xdd /tmp/ccCWtBvp.ltrans1.ltrans.o
                0x00000000000058ee                UpdatePageEnd
 .text.DiscardChangeHandler
                0x00000000000059cb      0x1a9 /tmp/ccCWtBvp.ltrans2.ltrans.o
                0x00000000000059cb                DiscardChangeHandler
 .text.CleanUselessBeforeSubmit
                0x0000000000005b74      0x110 /tmp/ccCWtBvp.ltrans2.ltrans.o
                0x0000000000005b74                CleanUselessBeforeSubmit
 .text.CustomizeMenus
                0x0000000000005c84      0x138 /tmp/ccCWtBvp.ltrans2.ltrans.o
                0x0000000000005c84                CustomizeMenus
 .text.InitializeBmmConfig
                0x0000000000005dbc      0x132 /tmp/ccCWtBvp.ltrans2.ltrans.o
 .text.InitAllMenu
                0x0000000000005eee       0x84 /tmp/ccCWtBvp.ltrans2.ltrans.o
 .text.FreeAllMenu
                0x0000000000005f72       0x41 /tmp/ccCWtBvp.ltrans2.ltrans.o
 .text.BmmInitialBootModeInfo
                0x0000000000005fb3      0x14d /tmp/ccCWtBvp.ltrans2.ltrans.o
 .text.BootMaintenanceManagerUiLibConstructor
                0x0000000000006100      0x324 /tmp/ccCWtBvp.ltrans2.ltrans.o
                0x0000000000006100                BootMaintenanceManagerUiLibConstructor
 .text.BootMaintenanceManagerUiLibDestructor
                0x0000000000006424      0x144 /tmp/ccCWtBvp.ltrans2.ltrans.o
                0x0000000000006424                BootMaintenanceManagerUiLibDestructor
 .text.BmmSetupResetReminder
                0x0000000000006568      0x159 /tmp/ccCWtBvp.ltrans2.ltrans.o
                0x0000000000006568                BmmSetupResetReminder
 .text.BOpt_CreateMenuEntry
                0x00000000000066c1       0xf0 /tmp/ccCWtBvp.ltrans2.ltrans.o
                0x00000000000066c1                BOpt_CreateMenuEntry
 .text.BOpt_DestroyMenuEntry
                0x00000000000067b1      0x1c8 /tmp/ccCWtBvp.ltrans2.ltrans.o
                0x00000000000067b1                BOpt_DestroyMenuEntry
 .text.BOpt_GetMenuEntry
                0x0000000000006979       0xbb /tmp/ccCWtBvp.ltrans2.ltrans.o
                0x0000000000006979                BOpt_GetMenuEntry
 .text.BOpt_FreeMenu
                0x0000000000006a34       0xa2 /tmp/ccCWtBvp.ltrans2.ltrans.o
                0x0000000000006a34                BOpt_FreeMenu
 .text.BOpt_GetBootOptions
                0x0000000000006ad6      0x627 /tmp/ccCWtBvp.ltrans2.ltrans.o
                0x0000000000006ad6                BOpt_GetBootOptions
 .text.BOpt_FindDrivers
                0x00000000000070fd      0x229 /tmp/ccCWtBvp.ltrans2.ltrans.o
 .text.BOpt_GetOptionNumber
                0x0000000000007326      0x142 /tmp/ccCWtBvp.ltrans2.ltrans.o
 .text.BOpt_GetBootOptionNumber
                0x0000000000007468       0x12 /tmp/ccCWtBvp.ltrans2.ltrans.o
                0x0000000000007468                BOpt_GetBootOptionNumber
 .text.BOpt_GetDriverOptionNumber
                0x000000000000747a       0x12 /tmp/ccCWtBvp.ltrans2.ltrans.o
                0x000000000000747a                BOpt_GetDriverOptionNumber
 .text.BOpt_GetDriverOptions
                0x000000000000748c      0x3e7 /tmp/ccCWtBvp.ltrans2.ltrans.o
                0x000000000000748c                BOpt_GetDriverOptions
 .text.GetBootOrder
                0x0000000000007873      0x11d /tmp/ccCWtBvp.ltrans2.ltrans.o
                0x0000000000007873                GetBootOrder
 .text.GetDriverOrder
                0x0000000000007990      0x11d /tmp/ccCWtBvp.ltrans2.ltrans.o
                0x0000000000007990                GetDriverOrder
 .text.BootManagerCallback
                0x0000000000007aad      0x233 /tmp/ccCWtBvp.ltrans3.ltrans.o
                0x0000000000007aad                BootManagerCallback
 .text.BootManagerUiLibConstructor
                0x0000000000007ce0      0x1a3 /tmp/ccCWtBvp.ltrans3.ltrans.o
                0x0000000000007ce0                BootManagerUiLibConstructor
 .text.BootManagerUiLibDestructor
                0x0000000000007e83       0xc4 /tmp/ccCWtBvp.ltrans3.ltrans.o
                0x0000000000007e83                BootManagerUiLibDestructor
 .text.BmmSetConsoleMode
                0x0000000000007f47      0x76a /tmp/ccCWtBvp.ltrans3.ltrans.o
                0x0000000000007f47                BmmSetConsoleMode
 .text.UiDevicePathToStr
                0x00000000000086b1       0xe8 /tmp/ccCWtBvp.ltrans3.ltrans.o
                0x00000000000086b1                UiDevicePathToStr
 .text.ExtractFileNameFromDevicePath
                0x0000000000008799       0xe1 /tmp/ccCWtBvp.ltrans3.ltrans.o
                0x0000000000008799                ExtractFileNameFromDevicePath
 .text.HiiToLower
                0x000000000000887a       0xac /tmp/ccCWtBvp.ltrans3.ltrans.o
 .text.UpdateProgress
                0x0000000000008926       0xc1 /tmp/ccCWtBvp.ltrans3.ltrans.o
 .text.UpdateTerminalContent
                0x00000000000089e7      0x2d0 /tmp/ccCWtBvp.ltrans3.ltrans.o
 .text.UpdateConsoleContent
                0x0000000000008cb7      0x3e1 /tmp/ccCWtBvp.ltrans3.ltrans.o
 .text.BootMaintExtractConfig
                0x0000000000009098      0x258 /tmp/ccCWtBvp.ltrans3.ltrans.o
                0x0000000000009098                BootMaintExtractConfig
 .text.BootMaintRouteConfig
                0x00000000000092f0      0xec9 /tmp/ccCWtBvp.ltrans3.ltrans.o
                0x00000000000092f0                BootMaintRouteConfig
 .text.BootMaintCallback
                0x000000000000a1b9      0x982 /tmp/ccCWtBvp.ltrans3.ltrans.o
                0x000000000000a1b9                BootMaintCallback
 .text.FileExplorerLibConstructor
                0x000000000000ab3b      0x1d9 /tmp/ccCWtBvp.ltrans4.ltrans.o
                0x000000000000ab3b                FileExplorerLibConstructor
 .text.FileExplorerLibDestructor
                0x000000000000ad14      0x11b /tmp/ccCWtBvp.ltrans4.ltrans.o
                0x000000000000ad14                FileExplorerLibDestructor
 .text._ModuleEntryPoint
                0x000000000000ae2f       0x71 /tmp/ccCWtBvp.ltrans4.ltrans.o
                0x000000000000ae2f                _ModuleEntryPoint
 .text.DmExtractDevicePathFromHiiHandle
                0x000000000000aea0       0x96 /tmp/ccCWtBvp.ltrans4.ltrans.o
 .text.GetMacAddressString
                0x000000000000af36      0x27e /tmp/ccCWtBvp.ltrans4.ltrans.o
 .text.AddIdToMacDeviceList
                0x000000000000b1b4      0x1f4 /tmp/ccCWtBvp.ltrans4.ltrans.o
 .text.IsMacAddressDevicePath
                0x000000000000b3a8      0x140 /tmp/ccCWtBvp.ltrans4.ltrans.o
 .text.IsNeedAddNetworkMenu
                0x000000000000b4e8      0x2aa /tmp/ccCWtBvp.ltrans4.ltrans.o
 .text.CreateDeviceManagerForm
                0x000000000000b792      0x84b /tmp/ccCWtBvp.ltrans4.ltrans.o
 .text.DeviceManagerExtractConfig
                0x000000000000bfdd       0x45 /tmp/ccCWtBvp.ltrans4.ltrans.o
                0x000000000000bfdd                DeviceManagerExtractConfig
 .text.DeviceManagerRouteConfig
                0x000000000000c022       0x41 /tmp/ccCWtBvp.ltrans4.ltrans.o
                0x000000000000c022                DeviceManagerRouteConfig
 .text.DeviceManagerCallback
                0x000000000000c063      0x17c /tmp/ccCWtBvp.ltrans4.ltrans.o
                0x000000000000c063                DeviceManagerCallback
 .text.DeviceManagerUiLibConstructor
                0x000000000000c1df      0x1ad /tmp/ccCWtBvp.ltrans4.ltrans.o
                0x000000000000c1df                DeviceManagerUiLibConstructor
 .text.DeviceManagerUiLibDestructor
                0x000000000000c38c       0xc4 /tmp/ccCWtBvp.ltrans4.ltrans.o
                0x000000000000c38c                DeviceManagerUiLibDestructor
 .text.BmSetConsoleMode
                0x000000000000c450      0x76a /tmp/ccCWtBvp.ltrans4.ltrans.o
                0x000000000000c450                BmSetConsoleMode
 .text.BmSetupResetReminder
                0x000000000000cbba      0x159 /tmp/ccCWtBvp.ltrans4.ltrans.o
                0x000000000000cbba                BmSetupResetReminder
 .text.GroupMultipleLegacyBootOption4SameType
                0x000000000000cd13      0x2ff /tmp/ccCWtBvp.ltrans4.ltrans.o
 .text.BmDevicePathToStr
                0x000000000000d012       0xe8 /tmp/ccCWtBvp.ltrans4.ltrans.o
 .text.UpdateBootManager
                0x000000000000d0fa      0x51a /tmp/ccCWtBvp.ltrans4.ltrans.o
                0x000000000000d0fa                UpdateBootManager
 .text.BootManagerExtractConfig
                0x000000000000d614       0x45 /tmp/ccCWtBvp.ltrans4.ltrans.o
                0x000000000000d614                BootManagerExtractConfig
 .text.BootManagerRouteConfig
                0x000000000000d659       0x41 /tmp/ccCWtBvp.ltrans4.ltrans.o
                0x000000000000d659                BootManagerRouteConfig
 .text.BmInitialBootModeInfo
                0x000000000000d69a      0x14d /tmp/ccCWtBvp.ltrans4.ltrans.o
                0x000000000000d69a                BmInitialBootModeInfo
 .text.BmRepairNotify
                0x000000000000d7e7       0x61 /tmp/ccCWtBvp.ltrans5.ltrans.o
 .text.BmGetSingleControllerHealthStatus
                0x000000000000d848      0x451 /tmp/ccCWtBvp.ltrans5.ltrans.o
 .text.EfiBootManagerGetDriverHealthInfo
                0x000000000000dc99      0x458 /tmp/ccCWtBvp.ltrans5.ltrans.o
 .text.EfiBootManagerFreeDriverHealthInfo
                0x000000000000e0f1       0x85 /tmp/ccCWtBvp.ltrans5.ltrans.o
 .text.BmRepairAllControllers
                0x000000000000e176      0x6d9 /tmp/ccCWtBvp.ltrans5.ltrans.o
                0x000000000000e176                BmRepairAllControllers
 .text.LibExtractConfig
                0x000000000000e84f       0x45 /tmp/ccCWtBvp.ltrans5.ltrans.o
                0x000000000000e84f                LibExtractConfig
 .text.LibRouteConfig
                0x000000000000e894       0x41 /tmp/ccCWtBvp.ltrans5.ltrans.o
                0x000000000000e894                LibRouteConfig
 .text.LibCallback
                0x000000000000e8d5      0x389 /tmp/ccCWtBvp.ltrans5.ltrans.o
                0x000000000000e8d5                LibCallback
 .text.LibCreateMenuEntry
                0x000000000000ec5e       0x6a /tmp/ccCWtBvp.ltrans5.ltrans.o
 .text.LibGetMenuEntry
                0x000000000000ecc8       0xbb /tmp/ccCWtBvp.ltrans5.ltrans.o
 .text.LibDestroyMenuEntry
                0x000000000000ed83       0xdd /tmp/ccCWtBvp.ltrans5.ltrans.o
 .text.LibFreeMenu
                0x000000000000ee60       0xa2 /tmp/ccCWtBvp.ltrans5.ltrans.o
 .text.LibOpenRoot
                0x000000000000ef02       0x6f /tmp/ccCWtBvp.ltrans5.ltrans.o
 .text.LibDevicePathToStr
                0x000000000000ef71       0xe8 /tmp/ccCWtBvp.ltrans5.ltrans.o
 .text.LibStrDuplicate
                0x000000000000f059       0x78 /tmp/ccCWtBvp.ltrans5.ltrans.o
 .text.LibFileInfo
                0x000000000000f0d1       0xb6 /tmp/ccCWtBvp.ltrans5.ltrans.o
 .text.LibGetTypeFromName
                0x000000000000f187       0x65 /tmp/ccCWtBvp.ltrans5.ltrans.o
 .text.LibToLowerString
                0x000000000000f1ec       0x54 /tmp/ccCWtBvp.ltrans5.ltrans.o
 .text.LibIsSupportedFileType
                0x000000000000f240       0xc1 /tmp/ccCWtBvp.ltrans5.ltrans.o
 .text.LibAppendFileName
                0x000000000000f301      0x2c9 /tmp/ccCWtBvp.ltrans5.ltrans.o
 .text.LibFindFileSystem
                0x000000000000f5ca      0x2bc /tmp/ccCWtBvp.ltrans5.ltrans.o
 .text.LibGetFileHandleFromMenu
                0x000000000000f886       0x96 /tmp/ccCWtBvp.ltrans5.ltrans.o
 .text.LibGetFileHandleFromDevicePath
                0x000000000000f91c      0x2ff /tmp/ccCWtBvp.ltrans5.ltrans.o
 .text.LibCreateNewFile
                0x000000000000fc1b      0x13e /tmp/ccCWtBvp.ltrans5.ltrans.o
 .text.LibFindFiles
                0x000000000000fd59      0x30a /tmp/ccCWtBvp.ltrans5.ltrans.o
 .text.LibRefreshUpdateData
                0x0000000000010063       0xda /tmp/ccCWtBvp.ltrans5.ltrans.o
 .text.LibUpdateFileExplorePage
                0x000000000001013d      0x21a /tmp/ccCWtBvp.ltrans5.ltrans.o
 .text.LibUpdateFileExplorer
                0x0000000000010357       0xf7 /tmp/ccCWtBvp.ltrans5.ltrans.o
 .text.LibGetDevicePath
                0x000000000001044e       0x81 /tmp/ccCWtBvp.ltrans5.ltrans.o
 .text.ChooseFile
                0x00000000000104cf      0x295 /tmp/ccCWtBvp.ltrans5.ltrans.o
                0x00000000000104cf                ChooseFile
 .text.EfiBootManagerFreeLoadOption
                0x0000000000010764       0x7d /tmp/ccCWtBvp.ltrans6.ltrans.o
                0x0000000000010764                EfiBootManagerFreeLoadOption
 .text.EfiBootManagerFreeLoadOptions
                0x00000000000107e1       0x76 /tmp/ccCWtBvp.ltrans6.ltrans.o
                0x00000000000107e1                EfiBootManagerFreeLoadOptions
 .text.BmIsLoadOptionPeHeaderValid
                0x0000000000010857      0x127 /tmp/ccCWtBvp.ltrans6.ltrans.o
 .text.BmGetNextLoadOptionBuffer
                0x000000000001097e      0x1d0 /tmp/ccCWtBvp.ltrans6.ltrans.o
                0x000000000001097e                BmGetNextLoadOptionBuffer
 .text.BmHotkeyCallback
                0x0000000000010b4e      0x33c /tmp/ccCWtBvp.ltrans6.ltrans.o
 .text.BmGetActiveConsoleIn
                0x0000000000010e8a       0xf4 /tmp/ccCWtBvp.ltrans6.ltrans.o
 .text.BmUnregisterHotkeyNotify
                0x0000000000010f7e      0x1eb /tmp/ccCWtBvp.ltrans6.ltrans.o
 .text.BmStopHotkeyService
                0x0000000000011169      0x191 /tmp/ccCWtBvp.ltrans6.ltrans.o
                0x0000000000011169                BmStopHotkeyService
 .text.BmGetControllerName
                0x00000000000112fa      0x1ac /tmp/ccCWtBvp.ltrans6.ltrans.o
                0x00000000000112fa                BmGetControllerName
 .text.BmDisplayMessages
                0x00000000000114a6      0x194 /tmp/ccCWtBvp.ltrans6.ltrans.o
                0x00000000000114a6                BmDisplayMessages
 .text.BmGetNetworkDescription
                0x000000000001163a      0x3bc /tmp/ccCWtBvp.ltrans7.ltrans.o
                0x000000000001163a                BmGetNetworkDescription
 .text.BmGetLoadFileDescription
                0x00000000000119f6       0xf6 /tmp/ccCWtBvp.ltrans7.ltrans.o
                0x00000000000119f6                BmGetLoadFileDescription
 .text.BmGetNvmeDescription
                0x0000000000011aec      0x2f0 /tmp/ccCWtBvp.ltrans7.ltrans.o
                0x0000000000011aec                BmGetNvmeDescription
 .text.BmGetMiscDescription
                0x0000000000011ddc      0x1ea /tmp/ccCWtBvp.ltrans7.ltrans.o
                0x0000000000011ddc                BmGetMiscDescription
 .text.BmGetBootDescription
                0x0000000000011fc6      0x1f4 /tmp/ccCWtBvp.ltrans7.ltrans.o
                0x0000000000011fc6                BmGetBootDescription
 .text.BmMakeBootOptionDescriptionUnique
                0x00000000000121ba      0x2aa /tmp/ccCWtBvp.ltrans7.ltrans.o
                0x00000000000121ba                BmMakeBootOptionDescriptionUnique
 .text.BmForEachVariable
                0x0000000000012464      0x184 /tmp/ccCWtBvp.ltrans7.ltrans.o
                0x0000000000012464                BmForEachVariable
 .text.BmGetFreeOptionNumber
                0x00000000000125e8      0x215 /tmp/ccCWtBvp.ltrans7.ltrans.o
                0x00000000000125e8                BmGetFreeOptionNumber
 .text.EfiBootManagerLoadOptionToVariable
                0x00000000000127fd      0x2f8 /tmp/ccCWtBvp.ltrans7.ltrans.o
                0x00000000000127fd                EfiBootManagerLoadOptionToVariable
 .text.BmAddOptionNumberToOrderVariable
                0x0000000000012af5      0x1f3 /tmp/ccCWtBvp.ltrans7.ltrans.o
 .text.EfiBootManagerAddLoadOptionVariable
                0x0000000000012ce8      0x1c3 /tmp/ccCWtBvp.ltrans7.ltrans.o
                0x0000000000012ce8                EfiBootManagerAddLoadOptionVariable
 .text.EfiBootManagerInitializeLoadOption
                0x0000000000012eab      0x116 /tmp/ccCWtBvp.ltrans7.ltrans.o
                0x0000000000012eab                EfiBootManagerInitializeLoadOption
 .text.EfiBootManagerFindLoadOption
                0x0000000000012fc1      0x1b2 /tmp/ccCWtBvp.ltrans7.ltrans.o
                0x0000000000012fc1                EfiBootManagerFindLoadOption
 .text.EfiBootManagerDeleteLoadOptionVariable
                0x0000000000013173      0x1f8 /tmp/ccCWtBvp.ltrans7.ltrans.o
                0x0000000000013173                EfiBootManagerDeleteLoadOptionVariable
 .text.BmGetDevicePathSizeEx
                0x000000000001336b       0xa9 /tmp/ccCWtBvp.ltrans7.ltrans.o
 .text.BmStrSizeEx
                0x0000000000013414       0xbd /tmp/ccCWtBvp.ltrans7.ltrans.o
 .text.BmValidateOption
                0x00000000000134d1       0xb2 /tmp/ccCWtBvp.ltrans7.ltrans.o
 .text.EfiBootManagerIsValidLoadOptionVariableName
                0x0000000000013583      0x220 /tmp/ccCWtBvp.ltrans7.ltrans.o
 .text.EfiBootManagerVariableToLoadOptionEx
                0x00000000000137a3      0x310 /tmp/ccCWtBvp.ltrans7.ltrans.o
 .text.EfiBootManagerVariableToLoadOption
                0x0000000000013ab3       0x29 /tmp/ccCWtBvp.ltrans7.ltrans.o
                0x0000000000013ab3                EfiBootManagerVariableToLoadOption
 .text.BmCollectLoadOptions
                0x0000000000013adc      0x258 /tmp/ccCWtBvp.ltrans7.ltrans.o
 .text.EfiBootManagerGetLoadOptions
                0x0000000000013d34      0x41e /tmp/ccCWtBvp.ltrans7.ltrans.o
                0x0000000000013d34                EfiBootManagerGetLoadOptions
 .text.BmGetNextLoadOptionDevicePath
                0x0000000000014152      0x2cb /tmp/ccCWtBvp.ltrans8.ltrans.o
                0x0000000000014152                BmGetNextLoadOptionDevicePath
 .text.BmIsBootManagerMenuFilePath
                0x000000000001441d       0x6e /tmp/ccCWtBvp.ltrans8.ltrans.o
 .text.BmReportLoadFailure
                0x000000000001448b       0xc0 /tmp/ccCWtBvp.ltrans8.ltrans.o
 .text.EfiBootManagerBoot
                0x000000000001454b      0xa36 /tmp/ccCWtBvp.ltrans8.ltrans.o
                0x000000000001454b                EfiBootManagerBoot
 .text.BmMatchPartitionDevicePathNode
                0x0000000000014f81       0xe3 /tmp/ccCWtBvp.ltrans8.ltrans.o
                0x0000000000014f81                BmMatchPartitionDevicePathNode
 .text.BmEnumerateBootOptions
                0x0000000000015064      0x738 /tmp/ccCWtBvp.ltrans8.ltrans.o
 .text.EfiBootManagerRefreshAllBootOption
                0x000000000001579c      0x4a4 /tmp/ccCWtBvp.ltrans8.ltrans.o
                0x000000000001579c                EfiBootManagerRefreshAllBootOption
 .text.BmDevicePathType
                0x0000000000015c40      0x15d /tmp/ccCWtBvp.ltrans8.ltrans.o
                0x0000000000015c40                BmDevicePathType
 .text.BmEliminateExtraSpaces
                0x0000000000015d9d       0xba /tmp/ccCWtBvp.ltrans8.ltrans.o
                0x0000000000015d9d                BmEliminateExtraSpaces
 .text.BmGetDescriptionFromDiskInfo
                0x0000000000015e57      0x498 /tmp/ccCWtBvp.ltrans8.ltrans.o
                0x0000000000015e57                BmGetDescriptionFromDiskInfo
 .text.BmGetUsbDescription
                0x00000000000162ef      0x2bc /tmp/ccCWtBvp.ltrans8.ltrans.o
                0x00000000000162ef                BmGetUsbDescription
 .text.EfiBootManagerConnectAllDefaultConsoles
                0x00000000000165ab      0x2ae /tmp/ccCWtBvp.ltrans9.ltrans.o
                0x00000000000165ab                EfiBootManagerConnectAllDefaultConsoles
 .text.BmEndOfBdsPerfCode
                0x0000000000016859       0x46 /tmp/ccCWtBvp.ltrans9.ltrans.o
                0x0000000000016859                BmEndOfBdsPerfCode
 .text.BmIsAutoCreateBootOption
                0x000000000001689f       0x41 /tmp/ccCWtBvp.ltrans9.ltrans.o
                0x000000000001689f                BmIsAutoCreateBootOption
 .text.BmFindBootOptionInVariable
                0x00000000000168e0      0x21c /tmp/ccCWtBvp.ltrans9.ltrans.o
                0x00000000000168e0                BmFindBootOptionInVariable
 .text.BmAdjustFvFilePath
                0x0000000000016afc      0x1ea /tmp/ccCWtBvp.ltrans9.ltrans.o
                0x0000000000016afc                BmAdjustFvFilePath
 .text.BmIsFvFilePath
                0x0000000000016ce6       0xb7 /tmp/ccCWtBvp.ltrans9.ltrans.o
                0x0000000000016ce6                BmIsFvFilePath
 .text.BmMatchUsbClass
                0x0000000000016d9d      0x172 /tmp/ccCWtBvp.ltrans9.ltrans.o
 .text.BmMatchUsbWwid
                0x0000000000016f0f      0x267 /tmp/ccCWtBvp.ltrans9.ltrans.o
 .text.BmFindUsbDevice
                0x0000000000017176      0x1d9 /tmp/ccCWtBvp.ltrans9.ltrans.o
 .text.BmExpandUsbDevicePath
                0x000000000001734f      0x148 /tmp/ccCWtBvp.ltrans9.ltrans.o
                0x000000000001734f                BmExpandUsbDevicePath
 .text.BmExpandFileDevicePath
                0x0000000000017497      0x1dd /tmp/ccCWtBvp.ltrans9.ltrans.o
                0x0000000000017497                BmExpandFileDevicePath
 .text.BmExpandUriDevicePath
                0x0000000000017674      0x159 /tmp/ccCWtBvp.ltrans9.ltrans.o
                0x0000000000017674                BmExpandUriDevicePath
 .text.BmCachePartitionDevicePath
                0x00000000000177cd      0x136 /tmp/ccCWtBvp.ltrans9.ltrans.o
 .text.BmExpandPartitionDevicePath
                0x0000000000017903      0x3e1 /tmp/ccCWtBvp.ltrans9.ltrans.o
                0x0000000000017903                BmExpandPartitionDevicePath
 .text.BmExpandMediaDevicePath
                0x0000000000017ce4      0x3aa /tmp/ccCWtBvp.ltrans9.ltrans.o
                0x0000000000017ce4                BmExpandMediaDevicePath
 .text.BmMatchHttpBootDevicePath
                0x000000000001808e      0x183 /tmp/ccCWtBvp.ltrans9.ltrans.o
 .text.BmExpandNetworkFileSystem
                0x0000000000018211      0x173 /tmp/ccCWtBvp.ltrans9.ltrans.o
 .text.BmGetRamDiskDevicePath
                0x0000000000018384       0xd9 /tmp/ccCWtBvp.ltrans9.ltrans.o
                0x0000000000018384                BmGetRamDiskDevicePath
 .text.BmGetRamDiskMemoryInfo
                0x000000000001845d      0x172 /tmp/ccCWtBvp.ltrans9.ltrans.o
 .text.BmDestroyRamDisk
                0x00000000000185cf      0x15e /tmp/ccCWtBvp.ltrans9.ltrans.o
                0x00000000000185cf                BmDestroyRamDisk
 .text.BmExpandLoadFile
                0x000000000001872d      0x30e /tmp/ccCWtBvp.ltrans9.ltrans.o
 .text.BmExpandLoadFiles
                0x0000000000018a3b      0x152 /tmp/ccCWtBvp.ltrans9.ltrans.o
                0x0000000000018a3b                BmExpandLoadFiles
 .text.HiiUpdateForm
                0x0000000000018b8d      0x377 /tmp/ccCWtBvp.ltrans10.ltrans.o
                0x0000000000018b8d                HiiUpdateForm
 .text.HiiSetString
                0x0000000000018f04      0x1ff /tmp/ccCWtBvp.ltrans10.ltrans.o
                0x0000000000018f04                HiiSetString
 .text.HiiGetString
                0x0000000000019103       0x34 /tmp/ccCWtBvp.ltrans10.ltrans.o
                0x0000000000019103                HiiGetString
 .text.HiiGetStringEx
                0x0000000000019137      0x26c /tmp/ccCWtBvp.ltrans10.ltrans.o
 .text.HiiGetSupportedLanguages
                0x00000000000193a3       0xe7 /tmp/ccCWtBvp.ltrans10.ltrans.o
 .text.BmConnectAllDriversToAllControllers
                0x000000000001948a       0xbc /tmp/ccCWtBvp.ltrans10.ltrans.o
 .text.EfiBootManagerConnectAll
                0x0000000000019546       0x8d /tmp/ccCWtBvp.ltrans10.ltrans.o
                0x0000000000019546                EfiBootManagerConnectAll
 .text.EfiBootManagerConnectDevicePath
                0x00000000000195d3      0x169 /tmp/ccCWtBvp.ltrans10.ltrans.o
                0x00000000000195d3                EfiBootManagerConnectDevicePath
 .text.BmConnectUsbShortFormDevicePath
                0x000000000001973c      0x1c1 /tmp/ccCWtBvp.ltrans10.ltrans.o
                0x000000000001973c                BmConnectUsbShortFormDevicePath
 .text.BmDelPartMatchInstance
                0x00000000000198fd      0x108 /tmp/ccCWtBvp.ltrans10.ltrans.o
                0x00000000000198fd                BmDelPartMatchInstance
 .text.BmMatchDevicePaths
                0x0000000000019a05       0xa0 /tmp/ccCWtBvp.ltrans10.ltrans.o
                0x0000000000019a05                BmMatchDevicePaths
 .text.BmSetMemoryTypeInformationVariable
                0x0000000000019aa5      0x436 /tmp/ccCWtBvp.ltrans10.ltrans.o
                0x0000000000019aa5                BmSetMemoryTypeInformationVariable
 .text.BmSetVariableAndReportStatusCodeOnError
                0x0000000000019edb      0x17a /tmp/ccCWtBvp.ltrans10.ltrans.o
                0x0000000000019edb                BmSetVariableAndReportStatusCodeOnError
 .text.BmPrintDp
                0x000000000001a055       0x6b /tmp/ccCWtBvp.ltrans10.ltrans.o
                0x000000000001a055                BmPrintDp
 .text.BmCharToUint
                0x000000000001a0c0       0x49 /tmp/ccCWtBvp.ltrans10.ltrans.o
                0x000000000001a0c0                BmCharToUint
 .text.BmUpdateSystemTableConsole
                0x000000000001a109      0x29c /tmp/ccCWtBvp.ltrans10.ltrans.o
                0x000000000001a109                BmUpdateSystemTableConsole
 .text.EfiBootManagerUpdateConsoleVariable
                0x000000000001a3a5      0x27c /tmp/ccCWtBvp.ltrans10.ltrans.o
 .text.EfiBootManagerConnectConsoleVariable
                0x000000000001a621      0x3df /tmp/ccCWtBvp.ltrans10.ltrans.o
                0x000000000001a621                EfiBootManagerConnectConsoleVariable
 .text.InternalHiiCompareSubString
                0x000000000001aa00      0x1a9 /tmp/ccCWtBvp.ltrans11.ltrans.o
 .text.HiiIsConfigHdrMatch
                0x000000000001aba9       0xd0 /tmp/ccCWtBvp.ltrans11.ltrans.o
                0x000000000001aba9                HiiIsConfigHdrMatch
 .text.HiiGetBrowserData
                0x000000000001ac79      0x115 /tmp/ccCWtBvp.ltrans11.ltrans.o
                0x000000000001ac79                HiiGetBrowserData
 .text.HiiSetBrowserData
                0x000000000001ad8e      0x183 /tmp/ccCWtBvp.ltrans11.ltrans.o
                0x000000000001ad8e                HiiSetBrowserData
 .text.HiiAllocateOpCodeHandle
                0x000000000001af11       0x75 /tmp/ccCWtBvp.ltrans11.ltrans.o
                0x000000000001af11                HiiAllocateOpCodeHandle
 .text.HiiFreeOpCodeHandle
                0x000000000001af86       0x65 /tmp/ccCWtBvp.ltrans11.ltrans.o
                0x000000000001af86                HiiFreeOpCodeHandle
 .text.InternalHiiOpCodeHandlePosition
                0x000000000001afeb       0x12 /tmp/ccCWtBvp.ltrans11.ltrans.o
 .text.InternalHiiOpCodeHandleBuffer
                0x000000000001affd       0x11 /tmp/ccCWtBvp.ltrans11.ltrans.o
 .text.InternalHiiGrowOpCodeHandle
                0x000000000001b00e      0x118 /tmp/ccCWtBvp.ltrans11.ltrans.o
 .text.InternalHiiCreateOpCodeExtended
                0x000000000001b126      0x107 /tmp/ccCWtBvp.ltrans11.ltrans.o
 .text.InternalHiiCreateOpCode
                0x000000000001b22d       0x4b /tmp/ccCWtBvp.ltrans11.ltrans.o
 .text.HiiCreateRawOpCodes
                0x000000000001b278       0x69 /tmp/ccCWtBvp.ltrans11.ltrans.o
 .text.InternalHiiAppendOpCodes
                0x000000000001b2e1       0x60 /tmp/ccCWtBvp.ltrans11.ltrans.o
 .text.HiiCreateEndOpCode
                0x000000000001b341       0x2a /tmp/ccCWtBvp.ltrans11.ltrans.o
                0x000000000001b341                HiiCreateEndOpCode
 .text.HiiCreateOneOfOptionOpCode
                0x000000000001b36b       0xcf /tmp/ccCWtBvp.ltrans11.ltrans.o
                0x000000000001b36b                HiiCreateOneOfOptionOpCode
 .text.HiiCreateGuidOpCode
                0x000000000001b43a       0xf9 /tmp/ccCWtBvp.ltrans11.ltrans.o
                0x000000000001b43a                HiiCreateGuidOpCode
 .text.HiiCreateActionOpCode
                0x000000000001b533       0xb1 /tmp/ccCWtBvp.ltrans11.ltrans.o
                0x000000000001b533                HiiCreateActionOpCode
 .text.HiiCreateSubTitleOpCode
                0x000000000001b5e4       0xcb /tmp/ccCWtBvp.ltrans11.ltrans.o
                0x000000000001b5e4                HiiCreateSubTitleOpCode
 .text.HiiCreateGotoOpCode
                0x000000000001b6af       0xb1 /tmp/ccCWtBvp.ltrans11.ltrans.o
                0x000000000001b6af                HiiCreateGotoOpCode
 .text.HiiCreateGotoExOpCode
                0x000000000001b760      0x12b /tmp/ccCWtBvp.ltrans11.ltrans.o
                0x000000000001b760                HiiCreateGotoExOpCode
 .text.HiiCreateCheckBoxOpCode
                0x000000000001b88b      0x13d /tmp/ccCWtBvp.ltrans11.ltrans.o
                0x000000000001b88b                HiiCreateCheckBoxOpCode
 .text.HiiCreateNumericOpCode
                0x000000000001b9c8      0x1f5 /tmp/ccCWtBvp.ltrans11.ltrans.o
                0x000000000001b9c8                HiiCreateNumericOpCode
 .text.HiiCreateStringOpCode
                0x000000000001bbbd      0x167 /tmp/ccCWtBvp.ltrans11.ltrans.o
                0x000000000001bbbd                HiiCreateStringOpCode
 .text.HiiCreateOneOfOpCode
                0x000000000001bd24      0x177 /tmp/ccCWtBvp.ltrans11.ltrans.o
                0x000000000001bd24                HiiCreateOneOfOpCode
 .text.HiiCreateOrderedListOpCode
                0x000000000001be9b      0x176 /tmp/ccCWtBvp.ltrans11.ltrans.o
                0x000000000001be9b                HiiCreateOrderedListOpCode
 .text.HiiCreateTextOpCode
                0x000000000001c011       0x67 /tmp/ccCWtBvp.ltrans11.ltrans.o
                0x000000000001c011                HiiCreateTextOpCode
 .text.InternalHiiUpdateFormPackageData
                0x000000000001c078      0x40b /tmp/ccCWtBvp.ltrans11.ltrans.o
                0x000000000001c078                InternalHiiUpdateFormPackageData
 .text.StartPerformanceMeasurementEx
                0x000000000001c483       0x1b /tmp/ccCWtBvp.ltrans12.ltrans.o
                0x000000000001c483                StartPerformanceMeasurementEx
 .text.EndPerformanceMeasurementEx
                0x000000000001c49e       0x1b /tmp/ccCWtBvp.ltrans12.ltrans.o
                0x000000000001c49e                EndPerformanceMeasurementEx
 .text.PerformanceMeasurementEnabled
                0x000000000001c4b9       0x18 /tmp/ccCWtBvp.ltrans12.ltrans.o
                0x000000000001c4b9                PerformanceMeasurementEnabled
 .text.LogPerformanceMeasurement
                0x000000000001c4d1       0x1b /tmp/ccCWtBvp.ltrans12.ltrans.o
                0x000000000001c4d1                LogPerformanceMeasurement
 .text.LogPerformanceMeasurementEnabled
                0x000000000001c4ec       0x36 /tmp/ccCWtBvp.ltrans12.ltrans.o
                0x000000000001c4ec                LogPerformanceMeasurementEnabled
 .text.InternalHiiExtractGuidFromHiiHandle
                0x000000000001c522      0x17b /tmp/ccCWtBvp.ltrans12.ltrans.o
 .text.HiiAddPackages
                0x000000000001c69d      0x190 /tmp/ccCWtBvp.ltrans12.ltrans.o
                0x000000000001c69d                HiiAddPackages
 .text.HiiRemovePackages
                0x000000000001c82d       0xab /tmp/ccCWtBvp.ltrans12.ltrans.o
                0x000000000001c82d                HiiRemovePackages
 .text.HiiGetHiiHandles
                0x000000000001c8d8      0x222 /tmp/ccCWtBvp.ltrans12.ltrans.o
                0x000000000001c8d8                HiiGetHiiHandles
 .text.HiiGetFormSetFromHiiHandle
                0x000000000001cafa      0x315 /tmp/ccCWtBvp.ltrans12.ltrans.o
                0x000000000001cafa                HiiGetFormSetFromHiiHandle
 .text.InternalHiiLowerConfigString
                0x000000000001ce0f       0xb0 /tmp/ccCWtBvp.ltrans12.ltrans.o
 .text.InternalHiiBlockToConfig
                0x000000000001cebf       0xb0 /tmp/ccCWtBvp.ltrans12.ltrans.o
                0x000000000001cebf                InternalHiiBlockToConfig
 .text.InternalHiiBrowserCallback
                0x000000000001cf6f      0x169 /tmp/ccCWtBvp.ltrans12.ltrans.o
                0x000000000001cf6f                InternalHiiBrowserCallback
 .text.HiiConstructConfigHdr
                0x000000000001d0d8      0x338 /tmp/ccCWtBvp.ltrans12.ltrans.o
                0x000000000001d0d8                HiiConstructConfigHdr
 .text.GetHobList
                0x000000000001d410       0xbe /tmp/ccCWtBvp.ltrans13.ltrans.o
 .text.HobLibConstructor
                0x000000000001d4ce       0x1c /tmp/ccCWtBvp.ltrans13.ltrans.o
                0x000000000001d4ce                HobLibConstructor
 .text.GetNextHob
                0x000000000001d4ea       0x8a /tmp/ccCWtBvp.ltrans13.ltrans.o
 .text.GetNextGuidHob
                0x000000000001d574       0x72 /tmp/ccCWtBvp.ltrans13.ltrans.o
 .text.GetFirstGuidHob
                0x000000000001d5e6       0x27 /tmp/ccCWtBvp.ltrans13.ltrans.o
                0x000000000001d5e6                GetFirstGuidHob
 .text.GetBootModeHob
                0x000000000001d60d       0x1a /tmp/ccCWtBvp.ltrans13.ltrans.o
                0x000000000001d60d                GetBootModeHob
 .text.UefiHiiServicesLibConstructor
                0x000000000001d627      0x1dd /tmp/ccCWtBvp.ltrans13.ltrans.o
                0x000000000001d627                UefiHiiServicesLibConstructor
 .text.GetFileBufferByFilePath
                0x000000000001d804      0x76a /tmp/ccCWtBvp.ltrans13.ltrans.o
                0x000000000001d804                GetFileBufferByFilePath
 .text.DxeServicesTableLibConstructor
                0x000000000001df6e       0xb3 /tmp/ccCWtBvp.ltrans13.ltrans.o
                0x000000000001df6e                DxeServicesTableLibConstructor
 .text.CreatePopUp
                0x000000000001e021      0x806 /tmp/ccCWtBvp.ltrans14.ltrans.o
                0x000000000001e021                CreatePopUp
 .text.UefiLibConstructor
                0x000000000001e827       0x13 /tmp/ccCWtBvp.ltrans14.ltrans.o
                0x000000000001e827                UefiLibConstructor
 .text.EfiGetSystemConfigurationTable
                0x000000000001e83a       0xf9 /tmp/ccCWtBvp.ltrans14.ltrans.o
                0x000000000001e83a                EfiGetSystemConfigurationTable
 .text.EfiEventEmptyFunction
                0x000000000001e933        0xe /tmp/ccCWtBvp.ltrans14.ltrans.o
                0x000000000001e933                EfiEventEmptyFunction
 .text.EfiGetCurrentTpl
                0x000000000001e941       0x38 /tmp/ccCWtBvp.ltrans14.ltrans.o
                0x000000000001e941                EfiGetCurrentTpl
 .text.EfiAcquireLock
                0x000000000001e979       0x90 /tmp/ccCWtBvp.ltrans14.ltrans.o
                0x000000000001e979                EfiAcquireLock
 .text.EfiReleaseLock
                0x000000000001ea09       0x8e /tmp/ccCWtBvp.ltrans14.ltrans.o
                0x000000000001ea09                EfiReleaseLock
 .text.GetVariable2
                0x000000000001ea97      0x186 /tmp/ccCWtBvp.ltrans14.ltrans.o
                0x000000000001ea97                GetVariable2
 .text.GetEfiGlobalVariable2
                0x000000000001ec1d       0x34 /tmp/ccCWtBvp.ltrans14.ltrans.o
                0x000000000001ec1d                GetEfiGlobalVariable2
 .text.GetBestLanguage
                0x000000000001ec51      0x20b /tmp/ccCWtBvp.ltrans14.ltrans.o
                0x000000000001ec51                GetBestLanguage
 .text.UefiLibGetStringWidth
                0x000000000001ee5c      0x134 /tmp/ccCWtBvp.ltrans15.ltrans.o
                0x000000000001ee5c                UefiLibGetStringWidth
 .text.GetDevicePathSize
                0x000000000001ef90       0x17 /tmp/ccCWtBvp.ltrans17.ltrans.o
                0x000000000001ef90                GetDevicePathSize
 .text.DuplicateDevicePath
                0x000000000001efa7       0x17 /tmp/ccCWtBvp.ltrans17.ltrans.o
                0x000000000001efa7                DuplicateDevicePath
 .text.AppendDevicePath
                0x000000000001efbe       0x22 /tmp/ccCWtBvp.ltrans17.ltrans.o
                0x000000000001efbe                AppendDevicePath
 .text.AppendDevicePathNode
                0x000000000001efe0       0x22 /tmp/ccCWtBvp.ltrans17.ltrans.o
                0x000000000001efe0                AppendDevicePathNode
 .text.AppendDevicePathInstance
                0x000000000001f002       0x22 /tmp/ccCWtBvp.ltrans17.ltrans.o
                0x000000000001f002                AppendDevicePathInstance
 .text.GetNextDevicePathInstance
                0x000000000001f024       0x22 /tmp/ccCWtBvp.ltrans17.ltrans.o
                0x000000000001f024                GetNextDevicePathInstance
 .text.ConvertDevicePathToText
                0x000000000001f046       0x2f /tmp/ccCWtBvp.ltrans17.ltrans.o
                0x000000000001f046                ConvertDevicePathToText
 .text.UefiBootServicesTableLibConstructor
                0x000000000001f075       0xc3 /tmp/ccCWtBvp.ltrans17.ltrans.o
                0x000000000001f075                UefiBootServicesTableLibConstructor
 .text.UefiRuntimeServicesTableLibConstructor
                0x000000000001f138       0x53 /tmp/ccCWtBvp.ltrans17.ltrans.o
                0x000000000001f138                UefiRuntimeServicesTableLibConstructor
 .text.InternalPrint
                0x000000000001f18b      0x144 /tmp/ccCWtBvp.ltrans17.ltrans.o
 .text.Print    0x000000000001f2cf       0xc5 /tmp/ccCWtBvp.ltrans17.ltrans.o
                0x000000000001f2cf                Print
 .text.EfiCreateEventLegacyBootEx
                0x000000000001f394      0x108 /tmp/ccCWtBvp.ltrans17.ltrans.o
                0x000000000001f394                EfiCreateEventLegacyBootEx
 .text.EfiCreateEventReadyToBoot
                0x000000000001f49c       0x29 /tmp/ccCWtBvp.ltrans17.ltrans.o
 .text.EfiCreateEventReadyToBootEx
                0x000000000001f4c5      0x108 /tmp/ccCWtBvp.ltrans17.ltrans.o
                0x000000000001f4c5                EfiCreateEventReadyToBootEx
 .text.EfiSignalEventReadyToBoot
                0x000000000001f5cd       0x4b /tmp/ccCWtBvp.ltrans17.ltrans.o
                0x000000000001f5cd                EfiSignalEventReadyToBoot
 .text.EfiGetNameGuidFromFwVolDevicePathNode
                0x000000000001f618       0x65 /tmp/ccCWtBvp.ltrans17.ltrans.o
                0x000000000001f618                EfiGetNameGuidFromFwVolDevicePathNode
 .text.DevPathToTextController
                0x000000000001f67d       0x3f /tmp/ccCWtBvp.ltrans19.ltrans.o
                0x000000000001f67d                DevPathToTextController
 .text.DevPathToTextBmc
                0x000000000001f6bc       0x59 /tmp/ccCWtBvp.ltrans19.ltrans.o
                0x000000000001f6bc                DevPathToTextBmc
 .text.DevPathToTextAcpi
                0x000000000001f715      0x1a3 /tmp/ccCWtBvp.ltrans19.ltrans.o
                0x000000000001f715                DevPathToTextAcpi
 .text.DevPathToTextAcpiEx
                0x000000000001f8b8      0x3b8 /tmp/ccCWtBvp.ltrans19.ltrans.o
                0x000000000001f8b8                DevPathToTextAcpiEx
 .text.DevPathToTextAcpiAdr
                0x000000000001fc70       0xc1 /tmp/ccCWtBvp.ltrans19.ltrans.o
                0x000000000001fc70                DevPathToTextAcpiAdr
 .text.DevPathToTextAtapi
                0x000000000001fd31       0xa8 /tmp/ccCWtBvp.ltrans19.ltrans.o
                0x000000000001fd31                DevPathToTextAtapi
 .text.DevPathToTextScsi
                0x000000000001fdd9       0x51 /tmp/ccCWtBvp.ltrans19.ltrans.o
                0x000000000001fdd9                DevPathToTextScsi
 .text.DevPathToTextFibre
                0x000000000001fe2a       0x4b /tmp/ccCWtBvp.ltrans19.ltrans.o
                0x000000000001fe2a                DevPathToTextFibre
 .text.DevPathToTextFibreEx
                0x000000000001fe75       0xdd /tmp/ccCWtBvp.ltrans19.ltrans.o
                0x000000000001fe75                DevPathToTextFibreEx
 .text.DevPathToTextSasEx
                0x000000000001ff52      0x265 /tmp/ccCWtBvp.ltrans19.ltrans.o
                0x000000000001ff52                DevPathToTextSasEx
 .text.DevPathToTextNVMe
                0x00000000000201b7       0xe9 /tmp/ccCWtBvp.ltrans19.ltrans.o
                0x00000000000201b7                DevPathToTextNVMe
 .text.DevPathToTextUfs
                0x00000000000202a0       0x51 /tmp/ccCWtBvp.ltrans19.ltrans.o
                0x00000000000202a0                DevPathToTextUfs
 .text.DevPathToTextSd
                0x00000000000202f1       0x43 /tmp/ccCWtBvp.ltrans19.ltrans.o
                0x00000000000202f1                DevPathToTextSd
 .text.DevPathToTextEmmc
                0x0000000000020334       0x43 /tmp/ccCWtBvp.ltrans19.ltrans.o
                0x0000000000020334                DevPathToTextEmmc
 .text.DevPathToText1394
                0x0000000000020377       0x40 /tmp/ccCWtBvp.ltrans19.ltrans.o
                0x0000000000020377                DevPathToText1394
 .text.DevPathToTextUsb
                0x00000000000203b7       0x51 /tmp/ccCWtBvp.ltrans19.ltrans.o
                0x00000000000203b7                DevPathToTextUsb
 .text.DevPathToTextUsbWWID
                0x0000000000020408      0x10e /tmp/ccCWtBvp.ltrans19.ltrans.o
                0x0000000000020408                DevPathToTextUsbWWID
 .text.DevPathToTextLogicalUnit
                0x0000000000020516       0x43 /tmp/ccCWtBvp.ltrans19.ltrans.o
                0x0000000000020516                DevPathToTextLogicalUnit
 .text.DevPathToTextUsbClass
                0x0000000000020559      0x37d /tmp/ccCWtBvp.ltrans19.ltrans.o
                0x0000000000020559                DevPathToTextUsbClass
 .text.DevPathToTextSata
                0x00000000000208d6       0x60 /tmp/ccCWtBvp.ltrans19.ltrans.o
                0x00000000000208d6                DevPathToTextSata
 .text.DevPathToTextI2O
                0x0000000000020936       0x3f /tmp/ccCWtBvp.ltrans19.ltrans.o
                0x0000000000020936                DevPathToTextI2O
 .text.DevPathToTextMacAddr
                0x0000000000020975       0xc2 /tmp/ccCWtBvp.ltrans19.ltrans.o
                0x0000000000020975                DevPathToTextMacAddr
 .text.CatNetworkProtocol
                0x0000000000020a37       0x66 /tmp/ccCWtBvp.ltrans19.ltrans.o
 .text.CatIPv4Address
                0x0000000000020a9d       0x5e /tmp/ccCWtBvp.ltrans19.ltrans.o
 .text.CatIPv6Address
                0x0000000000020afb      0x156 /tmp/ccCWtBvp.ltrans19.ltrans.o
 .text.DevPathToTextIPv4
                0x0000000000020c51      0x155 /tmp/ccCWtBvp.ltrans19.ltrans.o
                0x0000000000020c51                DevPathToTextIPv4
 .text.DevPathToTextIPv6
                0x0000000000020da6      0x15d /tmp/ccCWtBvp.ltrans19.ltrans.o
                0x0000000000020da6                DevPathToTextIPv6
 .text.DevPathToTextInfiniBand
                0x0000000000020f03       0x71 /tmp/ccCWtBvp.ltrans19.ltrans.o
                0x0000000000020f03                DevPathToTextInfiniBand
 .text.DevPathToTextUart
                0x0000000000020f74      0x1a7 /tmp/ccCWtBvp.ltrans19.ltrans.o
                0x0000000000020f74                DevPathToTextUart
 .text.DevPathToTextiSCSI
                0x000000000002111b      0x1aa /tmp/ccCWtBvp.ltrans19.ltrans.o
                0x000000000002111b                DevPathToTextiSCSI
 .text.DevPathToTextVlan
                0x00000000000212c5       0x43 /tmp/ccCWtBvp.ltrans19.ltrans.o
                0x00000000000212c5                DevPathToTextVlan
 .text.DevPathToTextBluetooth
                0x0000000000021308       0x89 /tmp/ccCWtBvp.ltrans19.ltrans.o
                0x0000000000021308                DevPathToTextBluetooth
 .text.DevPathToTextWiFi
                0x0000000000021391       0x5a /tmp/ccCWtBvp.ltrans19.ltrans.o
                0x0000000000021391                DevPathToTextWiFi
 .text.DevPathToTextBluetoothLE
                0x00000000000213eb       0x9d /tmp/ccCWtBvp.ltrans19.ltrans.o
                0x00000000000213eb                DevPathToTextBluetoothLE
 .text.DevPathToTextDns
                0x0000000000021488       0xe6 /tmp/ccCWtBvp.ltrans19.ltrans.o
                0x0000000000021488                DevPathToTextDns
 .text.DevPathToTextUri
                0x000000000002156e       0xc1 /tmp/ccCWtBvp.ltrans19.ltrans.o
                0x000000000002156e                DevPathToTextUri
 .text.DevPathToTextHardDrive
                0x000000000002162f       0xf4 /tmp/ccCWtBvp.ltrans19.ltrans.o
                0x000000000002162f                DevPathToTextHardDrive
 .text.DevPathToTextCDROM
                0x0000000000021723       0x7c /tmp/ccCWtBvp.ltrans19.ltrans.o
                0x0000000000021723                DevPathToTextCDROM
 .text.DevPathToTextFilePath
                0x000000000002179f       0x40 /tmp/ccCWtBvp.ltrans19.ltrans.o
                0x000000000002179f                DevPathToTextFilePath
 .text.DevPathToTextMediaProtocol
                0x00000000000217df       0x40 /tmp/ccCWtBvp.ltrans19.ltrans.o
                0x00000000000217df                DevPathToTextMediaProtocol
 .text.DevPathToTextFv
                0x000000000002181f       0x40 /tmp/ccCWtBvp.ltrans19.ltrans.o
                0x000000000002181f                DevPathToTextFv
 .text.DevPathToTextFvFile
                0x000000000002185f       0x40 /tmp/ccCWtBvp.ltrans19.ltrans.o
                0x000000000002185f                DevPathToTextFvFile
 .text.DevPathRelativeOffsetRange
                0x000000000002189f       0x4b /tmp/ccCWtBvp.ltrans19.ltrans.o
                0x000000000002189f                DevPathRelativeOffsetRange
 .text.DevPathToTextRamDisk
                0x00000000000218ea      0x306 /tmp/ccCWtBvp.ltrans19.ltrans.o
                0x00000000000218ea                DevPathToTextRamDisk
 .text.DevPathToTextBBS
                0x0000000000021bf0      0x141 /tmp/ccCWtBvp.ltrans19.ltrans.o
                0x0000000000021bf0                DevPathToTextBBS
 .text.DevPathToTextEndInstance
                0x0000000000021d31       0x2d /tmp/ccCWtBvp.ltrans19.ltrans.o
                0x0000000000021d31                DevPathToTextEndInstance
 .text.DevPathToTextNodeGeneric
                0x0000000000021d5e      0x18c /tmp/ccCWtBvp.ltrans19.ltrans.o
 .text.UefiDevicePathLibConvertDevicePathToText
                0x0000000000021eea      0x283 /tmp/ccCWtBvp.ltrans19.ltrans.o
                0x0000000000021eea                UefiDevicePathLibConvertDevicePathToText
 .text.CpuPause
                0x000000000002216d        0x8 /tmp/ccCWtBvp.ltrans20.ltrans.o
                0x000000000002216d                CpuPause
 .text.CpuBreakpoint
                0x0000000000022175        0x7 /tmp/ccCWtBvp.ltrans20.ltrans.o
                0x0000000000022175                CpuBreakpoint
 .text.IsDevicePathValid
                0x000000000002217c      0x134 /tmp/ccCWtBvp.ltrans20.ltrans.o
                0x000000000002217c                IsDevicePathValid
 .text.DevicePathType
                0x00000000000222b0       0x3d /tmp/ccCWtBvp.ltrans20.ltrans.o
                0x00000000000222b0                DevicePathType
 .text.DevicePathSubType
                0x00000000000222ed       0x3e /tmp/ccCWtBvp.ltrans20.ltrans.o
                0x00000000000222ed                DevicePathSubType
 .text.DevicePathNodeLength
                0x000000000002232b       0x49 /tmp/ccCWtBvp.ltrans20.ltrans.o
                0x000000000002232b                DevicePathNodeLength
 .text.NextDevicePathNode
                0x0000000000022374       0x49 /tmp/ccCWtBvp.ltrans20.ltrans.o
                0x0000000000022374                NextDevicePathNode
 .text.IsDevicePathEndType
                0x00000000000223bd       0x44 /tmp/ccCWtBvp.ltrans20.ltrans.o
                0x00000000000223bd                IsDevicePathEndType
 .text.IsDevicePathEnd
                0x0000000000022401       0x5c /tmp/ccCWtBvp.ltrans20.ltrans.o
                0x0000000000022401                IsDevicePathEnd
 .text.SetDevicePathNodeLength
                0x000000000002245d       0x82 /tmp/ccCWtBvp.ltrans20.ltrans.o
                0x000000000002245d                SetDevicePathNodeLength
 .text.SetDevicePathEndNode
                0x00000000000224df       0x4c /tmp/ccCWtBvp.ltrans20.ltrans.o
                0x00000000000224df                SetDevicePathEndNode
 .text.UefiDevicePathLibGetDevicePathSize
                0x000000000002252b       0x79 /tmp/ccCWtBvp.ltrans20.ltrans.o
                0x000000000002252b                UefiDevicePathLibGetDevicePathSize
 .text.UefiDevicePathLibDuplicateDevicePath
                0x00000000000225a4       0x39 /tmp/ccCWtBvp.ltrans20.ltrans.o
                0x00000000000225a4                UefiDevicePathLibDuplicateDevicePath
 .text.UefiDevicePathLibAppendDevicePath
                0x00000000000225dd      0x110 /tmp/ccCWtBvp.ltrans20.ltrans.o
                0x00000000000225dd                UefiDevicePathLibAppendDevicePath
 .text.UefiDevicePathLibAppendDevicePathNode
                0x00000000000226ed       0xc7 /tmp/ccCWtBvp.ltrans20.ltrans.o
                0x00000000000226ed                UefiDevicePathLibAppendDevicePathNode
 .text.UefiDevicePathLibAppendDevicePathInstance
                0x00000000000227b4      0x117 /tmp/ccCWtBvp.ltrans20.ltrans.o
                0x00000000000227b4                UefiDevicePathLibAppendDevicePathInstance
 .text.UefiDevicePathLibGetNextDevicePathInstance
                0x00000000000228cb      0x135 /tmp/ccCWtBvp.ltrans20.ltrans.o
                0x00000000000228cb                UefiDevicePathLibGetNextDevicePathInstance
 .text.FileDevicePath
                0x0000000000022a00       0xdb /tmp/ccCWtBvp.ltrans20.ltrans.o
                0x0000000000022a00                FileDevicePath
 .text.DevicePathFromHandle
                0x0000000000022adb       0x49 /tmp/ccCWtBvp.ltrans20.ltrans.o
                0x0000000000022adb                DevicePathFromHandle
 .text.UefiDevicePathLibCatPrint
                0x0000000000022b24      0x13d /tmp/ccCWtBvp.ltrans20.ltrans.o
                0x0000000000022b24                UefiDevicePathLibCatPrint
 .text.DevPathToTextPci
                0x0000000000022c61       0x51 /tmp/ccCWtBvp.ltrans20.ltrans.o
                0x0000000000022c61                DevPathToTextPci
 .text.DevPathToTextPccard
                0x0000000000022cb2       0x43 /tmp/ccCWtBvp.ltrans20.ltrans.o
                0x0000000000022cb2                DevPathToTextPccard
 .text.DevPathToTextMemMap
                0x0000000000022cf5       0x57 /tmp/ccCWtBvp.ltrans20.ltrans.o
                0x0000000000022cf5                DevPathToTextMemMap
 .text.DevPathToTextVendor
                0x0000000000022d4c      0x47a /tmp/ccCWtBvp.ltrans20.ltrans.o
                0x0000000000022d4c                DevPathToTextVendor
 .text.StrSize  0x00000000000231c6       0x1e /tmp/ccCWtBvp.ltrans21.ltrans.o
                0x00000000000231c6                StrSize
 .text.StrCmp   0x00000000000231e4       0xb8 /tmp/ccCWtBvp.ltrans21.ltrans.o
                0x00000000000231e4                StrCmp
 .text.StrnCmp  0x000000000002329c      0x11e /tmp/ccCWtBvp.ltrans21.ltrans.o
                0x000000000002329c                StrnCmp
 .text.StrStr   0x00000000000233ba      0x102 /tmp/ccCWtBvp.ltrans21.ltrans.o
                0x00000000000233ba                StrStr
 .text.AsciiStrLen
                0x00000000000234bc       0x92 /tmp/ccCWtBvp.ltrans21.ltrans.o
                0x00000000000234bc                AsciiStrLen
 .text.AsciiStrSize
                0x000000000002354e       0x1b /tmp/ccCWtBvp.ltrans21.ltrans.o
                0x000000000002354e                AsciiStrSize
 .text.AsciiStrCmp
                0x0000000000023569       0xb6 /tmp/ccCWtBvp.ltrans21.ltrans.o
                0x0000000000023569                AsciiStrCmp
 .text.AsciiStrnCmp
                0x000000000002361f      0x11b /tmp/ccCWtBvp.ltrans21.ltrans.o
                0x000000000002361f                AsciiStrnCmp
 .text.InternalMathLShiftU64
                0x000000000002373a       0x1d /tmp/ccCWtBvp.ltrans21.ltrans.o
                0x000000000002373a                InternalMathLShiftU64
 .text.InternalMathRShiftU64
                0x0000000000023757       0x1d /tmp/ccCWtBvp.ltrans21.ltrans.o
                0x0000000000023757                InternalMathRShiftU64
 .text.InternalMathMultU64x32
                0x0000000000023774       0x15 /tmp/ccCWtBvp.ltrans21.ltrans.o
                0x0000000000023774                InternalMathMultU64x32
 .text.InternalMathDivRemU64x32
                0x0000000000023789       0x41 /tmp/ccCWtBvp.ltrans21.ltrans.o
                0x0000000000023789                InternalMathDivRemU64x32
 .text.ReadUnaligned16
                0x00000000000237ca       0x3d /tmp/ccCWtBvp.ltrans21.ltrans.o
                0x00000000000237ca                ReadUnaligned16
 .text.WriteUnaligned16
                0x0000000000023807       0x4e /tmp/ccCWtBvp.ltrans21.ltrans.o
                0x0000000000023807                WriteUnaligned16
 .text.ReadUnaligned32
                0x0000000000023855       0x3c /tmp/ccCWtBvp.ltrans21.ltrans.o
                0x0000000000023855                ReadUnaligned32
 .text.WriteUnaligned32
                0x0000000000023891       0x48 /tmp/ccCWtBvp.ltrans21.ltrans.o
                0x0000000000023891                WriteUnaligned32
 .text.ReadUnaligned64
                0x00000000000238d9       0x3d /tmp/ccCWtBvp.ltrans21.ltrans.o
                0x00000000000238d9                ReadUnaligned64
 .text.WriteUnaligned64
                0x0000000000023916       0x4c /tmp/ccCWtBvp.ltrans21.ltrans.o
                0x0000000000023916                WriteUnaligned64
 .text.AsciiStrToUnicodeStrS
                0x0000000000023962      0x475 /tmp/ccCWtBvp.ltrans22.ltrans.o
                0x0000000000023962                AsciiStrToUnicodeStrS
 .text.StrLen   0x0000000000023dd7       0xc0 /tmp/ccCWtBvp.ltrans22.ltrans.o
                0x0000000000023dd7                StrLen
 .text.AsciiStrnLenS
                0x0000000000023e97       0x60 /tmp/ccCWtBvp.ltrans23.ltrans.o
                0x0000000000023e97                AsciiStrnLenS
 .text.AsciiStrnCpyS
                0x0000000000023ef7      0x476 /tmp/ccCWtBvp.ltrans23.ltrans.o
                0x0000000000023ef7                AsciiStrnCpyS
 .text.CpuDeadLoop
                0x000000000002436d       0x22 /tmp/ccCWtBvp.ltrans24.ltrans.o
                0x000000000002436d                CpuDeadLoop
 .text.InternalBaseLibIsListValid
                0x000000000002438f       0xe9 /tmp/ccCWtBvp.ltrans24.ltrans.o
 .text.IsNodeInList
                0x0000000000024478       0xcd /tmp/ccCWtBvp.ltrans24.ltrans.o
 .text.InitializeListHead
                0x0000000000024545       0x51 /tmp/ccCWtBvp.ltrans24.ltrans.o
                0x0000000000024545                InitializeListHead
 .text.InsertTailList
                0x0000000000024596       0xbc /tmp/ccCWtBvp.ltrans24.ltrans.o
                0x0000000000024596                InsertTailList
 .text.GetFirstNode
                0x0000000000024652       0x43 /tmp/ccCWtBvp.ltrans24.ltrans.o
                0x0000000000024652                GetFirstNode
 .text.GetNextNode
                0x0000000000024695       0x89 /tmp/ccCWtBvp.ltrans24.ltrans.o
                0x0000000000024695                GetNextNode
 .text.IsListEmpty
                0x000000000002471e       0x4a /tmp/ccCWtBvp.ltrans24.ltrans.o
                0x000000000002471e                IsListEmpty
 .text.IsNull   0x0000000000024768       0x8d /tmp/ccCWtBvp.ltrans24.ltrans.o
                0x0000000000024768                IsNull
 .text.RemoveEntryList
                0x00000000000247f5       0x68 /tmp/ccCWtBvp.ltrans24.ltrans.o
                0x00000000000247f5                RemoveEntryList
 .text.InternalSafeStringIsOverlap
                0x000000000002485d       0x68 /tmp/ccCWtBvp.ltrans24.ltrans.o
                0x000000000002485d                InternalSafeStringIsOverlap
 .text.InternalSafeStringNoStrOverlap
                0x00000000000248c5       0x3f /tmp/ccCWtBvp.ltrans24.ltrans.o
 .text.InternalSafeStringNoAsciiStrOverlap
                0x0000000000024904       0x37 /tmp/ccCWtBvp.ltrans24.ltrans.o
                0x0000000000024904                InternalSafeStringNoAsciiStrOverlap
 .text.StrnLenS
                0x000000000002493b       0x92 /tmp/ccCWtBvp.ltrans24.ltrans.o
                0x000000000002493b                StrnLenS
 .text.StrCpyS  0x00000000000249cd      0x413 /tmp/ccCWtBvp.ltrans24.ltrans.o
                0x00000000000249cd                StrCpyS
 .text.StrnCpyS
                0x0000000000024de0      0x4d4 /tmp/ccCWtBvp.ltrans24.ltrans.o
                0x0000000000024de0                StrnCpyS
 .text.StrCatS  0x00000000000252b4      0x4c7 /tmp/ccCWtBvp.ltrans24.ltrans.o
                0x00000000000252b4                StrCatS
 .text.StrnCatS
                0x000000000002577b      0x58b /tmp/ccCWtBvp.ltrans24.ltrans.o
                0x000000000002577b                StrnCatS
 .text.ReportProgressCodeEnabled
                0x0000000000025d06       0x18 /tmp/ccCWtBvp.ltrans25.ltrans.o
                0x0000000000025d06                ReportProgressCodeEnabled
 .text.ReportErrorCodeEnabled
                0x0000000000025d1e       0x18 /tmp/ccCWtBvp.ltrans25.ltrans.o
                0x0000000000025d1e                ReportErrorCodeEnabled
 .text.ReportDebugCodeEnabled
                0x0000000000025d36       0x18 /tmp/ccCWtBvp.ltrans25.ltrans.o
                0x0000000000025d36                ReportDebugCodeEnabled
 .text.RShiftU64
                0x0000000000025d4e       0x4a /tmp/ccCWtBvp.ltrans25.ltrans.o
                0x0000000000025d4e                RShiftU64
 .text.MultU64x32
                0x0000000000025d98       0x27 /tmp/ccCWtBvp.ltrans25.ltrans.o
                0x0000000000025d98                MultU64x32
 .text.LShiftU64
                0x0000000000025dbf       0x4a /tmp/ccCWtBvp.ltrans25.ltrans.o
                0x0000000000025dbf                LShiftU64
 .text.DivU64x32Remainder
                0x0000000000025e09       0x51 /tmp/ccCWtBvp.ltrans25.ltrans.o
                0x0000000000025e09                DivU64x32Remainder
 .text.ZeroMem  0x0000000000025e5a       0x85 /tmp/ccCWtBvp.ltrans26.ltrans.o
                0x0000000000025e5a                ZeroMem
 .text.CompareMem
                0x0000000000025edf      0x102 /tmp/ccCWtBvp.ltrans26.ltrans.o
                0x0000000000025edf                CompareMem
 .text.SetMem16
                0x0000000000025fe1       0xfa /tmp/ccCWtBvp.ltrans26.ltrans.o
                0x0000000000025fe1                SetMem16
 .text.SetMem   0x00000000000260db       0x71 /tmp/ccCWtBvp.ltrans26.ltrans.o
                0x00000000000260db                SetMem
 .text.CopyMem  0x000000000002614c       0xb7 /tmp/ccCWtBvp.ltrans26.ltrans.o
                0x000000000002614c                CopyMem
 .text.IsZeroBuffer
                0x0000000000026203       0x86 /tmp/ccCWtBvp.ltrans26.ltrans.o
                0x0000000000026203                IsZeroBuffer
 .text.InternalMemSetMem16
                0x0000000000026289       0x40 /tmp/ccCWtBvp.ltrans26.ltrans.o
 .text.InternalMemZeroMem
                0x00000000000262c9       0x28 /tmp/ccCWtBvp.ltrans26.ltrans.o
 .text.InternalMemCompareMem
                0x00000000000262f1       0x56 /tmp/ccCWtBvp.ltrans26.ltrans.o
 .text.InternalMemIsZeroBuffer
                0x0000000000026347       0x51 /tmp/ccCWtBvp.ltrans26.ltrans.o
 .text.CopyGuid
                0x0000000000026398       0x51 /tmp/ccCWtBvp.ltrans26.ltrans.o
                0x0000000000026398                CopyGuid
 .text.CompareGuid
                0x00000000000263e9       0x77 /tmp/ccCWtBvp.ltrans26.ltrans.o
                0x00000000000263e9                CompareGuid
 .text.IsZeroGuid
                0x0000000000026460       0x49 /tmp/ccCWtBvp.ltrans26.ltrans.o
                0x0000000000026460                IsZeroGuid
 .text.InternalMemCopyMem
                0x00000000000264a9      0x3a8 /tmp/ccCWtBvp.ltrans26.ltrans.o
 .text.InternalAllocatePages
                0x0000000000026851       0x5a /tmp/ccCWtBvp.ltrans26.ltrans.o
 .text.AllocateReservedPages
                0x00000000000268ab       0x8e /tmp/ccCWtBvp.ltrans26.ltrans.o
                0x00000000000268ab                AllocateReservedPages
 .text.FreePages
                0x0000000000026939       0xac /tmp/ccCWtBvp.ltrans26.ltrans.o
                0x0000000000026939                FreePages
 .text.InternalAllocatePool
                0x00000000000269e5       0x45 /tmp/ccCWtBvp.ltrans26.ltrans.o
 .text.AllocatePool
                0x0000000000026a2a       0x8e /tmp/ccCWtBvp.ltrans26.ltrans.o
                0x0000000000026a2a                AllocatePool
 .text.InternalAllocateZeroPool
                0x0000000000026ab8       0x45 /tmp/ccCWtBvp.ltrans26.ltrans.o
 .text.AllocateZeroPool
                0x0000000000026afd       0x8e /tmp/ccCWtBvp.ltrans26.ltrans.o
                0x0000000000026afd                AllocateZeroPool
 .text.InternalAllocateCopyPool
                0x0000000000026b8b       0xa6 /tmp/ccCWtBvp.ltrans26.ltrans.o
 .text.AllocateCopyPool
                0x0000000000026c31       0x99 /tmp/ccCWtBvp.ltrans26.ltrans.o
                0x0000000000026c31                AllocateCopyPool
 .text.InternalReallocatePool
                0x0000000000026cca       0x6f /tmp/ccCWtBvp.ltrans26.ltrans.o
 .text.ReallocatePool
                0x0000000000026d39       0xa4 /tmp/ccCWtBvp.ltrans26.ltrans.o
                0x0000000000026d39                ReallocatePool
 .text.FreePool
                0x0000000000026ddd       0x7c /tmp/ccCWtBvp.ltrans26.ltrans.o
                0x0000000000026ddd                FreePool
 .text.InternalGetReportStatusCode
                0x0000000000026e59       0x70 /tmp/ccCWtBvp.ltrans26.ltrans.o
 .text.InternalReportStatusCode
                0x0000000000026ec9       0xa8 /tmp/ccCWtBvp.ltrans26.ltrans.o
 .text.ReportStatusCode
                0x0000000000026f71       0xa1 /tmp/ccCWtBvp.ltrans26.ltrans.o
                0x0000000000026f71                ReportStatusCode
 .text.ReportStatusCodeEx
                0x0000000000027012      0x2af /tmp/ccCWtBvp.ltrans26.ltrans.o
                0x0000000000027012                ReportStatusCodeEx
 .text.UnicodeSPrint
                0x00000000000272c1       0x48 /tmp/ccCWtBvp.ltrans27.ltrans.o
                0x00000000000272c1                UnicodeSPrint
 .text.UnicodeValueToStringS
                0x0000000000027309       0xdd /tmp/ccCWtBvp.ltrans27.ltrans.o
                0x0000000000027309                UnicodeValueToStringS
 .text.SPrintLength
                0x00000000000273e6       0xd8 /tmp/ccCWtBvp.ltrans27.ltrans.o
                0x00000000000273e6                SPrintLength
 .text.DebugPrint
                0x00000000000274be       0x39 /tmp/ccCWtBvp.ltrans27.ltrans.o
                0x00000000000274be                DebugPrint
 .text.DebugPrintMarker
                0x00000000000274f7      0x554 /tmp/ccCWtBvp.ltrans27.ltrans.o
 .text.DebugVPrint
                0x0000000000027a4b       0xa1 /tmp/ccCWtBvp.ltrans27.ltrans.o
 .text.DebugAssert
                0x0000000000027aec      0x267 /tmp/ccCWtBvp.ltrans27.ltrans.o
                0x0000000000027aec                DebugAssert
 .text.DebugAssertEnabled
                0x0000000000027d53       0x18 /tmp/ccCWtBvp.ltrans27.ltrans.o
                0x0000000000027d53                DebugAssertEnabled
 .text.DebugPrintEnabled
                0x0000000000027d6b       0x18 /tmp/ccCWtBvp.ltrans27.ltrans.o
                0x0000000000027d6b                DebugPrintEnabled
 .text.DebugCodeEnabled
                0x0000000000027d83       0x18 /tmp/ccCWtBvp.ltrans27.ltrans.o
                0x0000000000027d83                DebugCodeEnabled
 .text.DebugPrintLevelEnabled
                0x0000000000027d9b       0x1c /tmp/ccCWtBvp.ltrans27.ltrans.o
                0x0000000000027d9b                DebugPrintLevelEnabled
 .text.InternalMemSetMem
                0x0000000000027db7      0x13b /tmp/ccCWtBvp.ltrans27.ltrans.o
                0x0000000000027db7                InternalMemSetMem
 .text.BasePrintLibFillBuffer
                0x0000000000027ef2       0x72 /tmp/ccCWtBvp.ltrans28.ltrans.o
 .text.BasePrintLibValueToString
                0x0000000000027f64       0x62 /tmp/ccCWtBvp.ltrans28.ltrans.o
 .text.BasePrintLibConvertValueToStringS
                0x0000000000027fc6      0x59e /tmp/ccCWtBvp.ltrans28.ltrans.o
                0x0000000000027fc6                BasePrintLibConvertValueToStringS
 .text.BasePrintLibSPrintMarker
                0x0000000000028564     0x171d /tmp/ccCWtBvp.ltrans28.ltrans.o
                0x0000000000028564                BasePrintLibSPrintMarker
 .text.BasePrintLibSPrint
                0x0000000000029c81       0xcc /tmp/ccCWtBvp.ltrans28.ltrans.o
 .text.UnicodeVSPrint
                0x0000000000029d4d      0x117 /tmp/ccCWtBvp.ltrans28.ltrans.o
                0x0000000000029d4d                UnicodeVSPrint
 .text.RequiredDriver
                0x0000000000029e64      0x13f /tmp/ccCWtBvp.ltrans29.ltrans.o
 .text.UiListThirdPartyDrivers
                0x0000000000029fa3      0x5ca /tmp/ccCWtBvp.ltrans29.ltrans.o
                0x0000000000029fa3                UiListThirdPartyDrivers
 .text.ProcessLibraryConstructorList
                0x000000000002a56d      0x454 /tmp/ccCWtBvp.ltrans29.ltrans.o
                0x000000000002a56d                ProcessLibraryConstructorList
 .text.ProcessLibraryDestructorList
                0x000000000002a9c1      0x1c6 /tmp/ccCWtBvp.ltrans29.ltrans.o
                0x000000000002a9c1                ProcessLibraryDestructorList
 .text.ProcessModuleEntryPointList
                0x000000000002ab87       0x22 /tmp/ccCWtBvp.ltrans29.ltrans.o
                0x000000000002ab87                ProcessModuleEntryPointList
 .text.GetDebugPrintErrorLevel
                0x000000000002aba9        0xc /tmp/ccCWtBvp.ltrans29.ltrans.o
                0x000000000002aba9                GetDebugPrintErrorLevel
 .text.GetPcdProtocol
                0x000000000002abb5       0xce /tmp/ccCWtBvp.ltrans29.ltrans.o
 .text.LibPcdGet16
                0x000000000002ac83       0x1d /tmp/ccCWtBvp.ltrans29.ltrans.o
                0x000000000002ac83                LibPcdGet16
 .text.LibPcdGetBool
                0x000000000002aca0       0x1d /tmp/ccCWtBvp.ltrans29.ltrans.o
                0x000000000002aca0                LibPcdGetBool
 .text.LibPcdSet32S
                0x000000000002acbd       0x26 /tmp/ccCWtBvp.ltrans29.ltrans.o
                0x000000000002acbd                LibPcdSet32S
 .text.InitializeUserInterface
                0x000000000002ace3      0x2b4 /tmp/ccCWtBvp.ltrans30.ltrans.o
                0x000000000002ace3                InitializeUserInterface
 .text.UiEntry  0x000000000002af97      0x16c /tmp/ccCWtBvp.ltrans30.ltrans.o
 .text.EnableResetRequired
                0x000000000002b103        0xd /tmp/ccCWtBvp.ltrans30.ltrans.o
                0x000000000002b103                EnableResetRequired
 .text.IsResetRequired
                0x000000000002b110        0xd /tmp/ccCWtBvp.ltrans30.ltrans.o
 .text.SetupResetReminder
                0x000000000002b11d      0x120 /tmp/ccCWtBvp.ltrans30.ltrans.o
 .text.InitializeStringSupport
                0x000000000002b23d       0x61 /tmp/ccCWtBvp.ltrans30.ltrans.o
 .text.UninitializeStringSupport
                0x000000000002b29e       0x19 /tmp/ccCWtBvp.ltrans30.ltrans.o
 .text.GetStringById
                0x000000000002b2b7       0x29 /tmp/ccCWtBvp.ltrans30.ltrans.o
                0x000000000002b2b7                GetStringById
 .text.ExportFonts
                0x000000000002b2e0       0x2d /tmp/ccCWtBvp.ltrans30.ltrans.o
 .text.UiCustomizeFrontPage
                0x000000000002b30d       0x90 /tmp/ccCWtBvp.ltrans30.ltrans.o
                0x000000000002b30d                UiCustomizeFrontPage
 .text.UiFrontPageCallbackHandler
                0x000000000002b39d       0x5f /tmp/ccCWtBvp.ltrans30.ltrans.o
                0x000000000002b39d                UiFrontPageCallbackHandler
 .text.UiCustomizeFrontPageBanner
                0x000000000002b3fc       0x6c /tmp/ccCWtBvp.ltrans30.ltrans.o
                0x000000000002b3fc                UiCustomizeFrontPageBanner
 .text.GetNextLanguage
                0x000000000002b468      0x11b /tmp/ccCWtBvp.ltrans30.ltrans.o
 .text.LanguageChangeHandler
                0x000000000002b583      0x151 /tmp/ccCWtBvp.ltrans30.ltrans.o
 .text.UiSupportLibCallbackHandler
                0x000000000002b6d4      0x161 /tmp/ccCWtBvp.ltrans30.ltrans.o
 .text.UiCreateLanguageMenu
                0x000000000002b835      0x64a /tmp/ccCWtBvp.ltrans30.ltrans.o
 .text.UiCreateContinueMenu
                0x000000000002be7f       0x3f /tmp/ccCWtBvp.ltrans30.ltrans.o
 .text.UiCreateEmptyLine
                0x000000000002bebe       0x37 /tmp/ccCWtBvp.ltrans30.ltrans.o
                0x000000000002bebe                UiCreateEmptyLine
 .text.UiCreateResetMenu
                0x000000000002bef5       0x3f /tmp/ccCWtBvp.ltrans30.ltrans.o
 .text.ExtractDevicePathFromHiiHandle
                0x000000000002bf34       0x96 /tmp/ccCWtBvp.ltrans30.ltrans.o
                0x000000000002bf34                ExtractDevicePathFromHiiHandle
 .text.FakeExtractConfig
                0x000000000002bfca       0x45 /tmp/ccCWtBvp.ltrans31.ltrans.o
 .text.FakeRouteConfig
                0x000000000002c00f       0x41 /tmp/ccCWtBvp.ltrans31.ltrans.o
 .text.FrontPageCallback
                0x000000000002c050       0xb7 /tmp/ccCWtBvp.ltrans31.ltrans.o
 .text.UpdateFrontPageForm
                0x000000000002c107      0x130 /tmp/ccCWtBvp.ltrans31.ltrans.o
 .text.InitializeFrontPage
                0x000000000002c237      0x15b /tmp/ccCWtBvp.ltrans31.ltrans.o
                0x000000000002c237                InitializeFrontPage
 .text.CallFrontPage
                0x000000000002c392       0x8e /tmp/ccCWtBvp.ltrans31.ltrans.o
                0x000000000002c392                CallFrontPage
 .text.FreeFrontPage
                0x000000000002c420       0xdd /tmp/ccCWtBvp.ltrans31.ltrans.o
                0x000000000002c420                FreeFrontPage
 .text.ConvertProcessorToString
                0x000000000002c4fd      0x185 /tmp/ccCWtBvp.ltrans31.ltrans.o
 .text.ConvertMemorySizeToString
                0x000000000002c682       0x90 /tmp/ccCWtBvp.ltrans31.ltrans.o
 .text.GetOptionalStringByIndex
                0x000000000002c712       0xd8 /tmp/ccCWtBvp.ltrans31.ltrans.o
 .text.UpdateFrontPageBannerStrings
                0x000000000002c7ea      0x776 /tmp/ccCWtBvp.ltrans31.ltrans.o
 .text.UiSetConsoleMode
                0x000000000002cf60      0x76a /tmp/ccCWtBvp.ltrans31.ltrans.o
                0x000000000002cf60                UiSetConsoleMode
 *(.rodata .rodata.* .gnu.linkonce.r.*)
 *fill*         0x000000000002d6ca        0x6 
 .rodata.str1.8
                0x000000000002d6d0      0x247 /tmp/ccCWtBvp.ltrans0.ltrans.o
 .rodata.str1.1
                0x000000000002d917       0x98 /tmp/ccCWtBvp.ltrans0.ltrans.o
                                         0xc6 (size before relaxing)
 *fill*         0x000000000002d9af        0x1 
 .rodata.str2.2
                0x000000000002d9b0        0x8 /tmp/ccCWtBvp.ltrans0.ltrans.o
 .rodata.UpdatePageBody
                0x000000000002d9b8       0x20 /tmp/ccCWtBvp.ltrans0.ltrans.o
 .rodata.str1.1
                0x000000000002d9d8       0x57 /tmp/ccCWtBvp.ltrans1.ltrans.o
 *fill*         0x000000000002da2f        0x1 
 .rodata.str1.8
                0x000000000002da30      0x3f9 /tmp/ccCWtBvp.ltrans1.ltrans.o
                                        0x459 (size before relaxing)
 *fill*         0x000000000002de29        0x1 
 .rodata.str2.2
                0x000000000002de2a       0xc8 /tmp/ccCWtBvp.ltrans1.ltrans.o
 *fill*         0x000000000002def2        0x6 
 .rodata.str1.8
                0x000000000002def8      0x2a4 /tmp/ccCWtBvp.ltrans2.ltrans.o
                                        0x335 (size before relaxing)
 .rodata.DiscardChangeHandler
                0x000000000002e19c       0x40 /tmp/ccCWtBvp.ltrans2.ltrans.o
 .rodata.str1.1
                0x000000000002e1dc       0x5e /tmp/ccCWtBvp.ltrans2.ltrans.o
                                         0xac (size before relaxing)
 *fill*         0x000000000002e23a        0x6 
 .rodata.str2.8
                0x000000000002e240       0x8a /tmp/ccCWtBvp.ltrans2.ltrans.o
 *fill*         0x000000000002e2ca        0x2 
 .rodata.BOpt_CreateMenuEntry
                0x000000000002e2cc       0x18 /tmp/ccCWtBvp.ltrans2.ltrans.o
 .rodata.BOpt_DestroyMenuEntry
                0x000000000002e2e4       0x18 /tmp/ccCWtBvp.ltrans2.ltrans.o
 .rodata.str2.2
                0x000000000002e2fc       0x36 /tmp/ccCWtBvp.ltrans2.ltrans.o
                                         0x9c (size before relaxing)
 *fill*         0x000000000002e332        0x6 
 .rodata.str1.8
                0x000000000002e338      0x1df /tmp/ccCWtBvp.ltrans3.ltrans.o
                                        0x308 (size before relaxing)
 .rodata.str1.1
                0x000000000002e517       0x6d /tmp/ccCWtBvp.ltrans3.ltrans.o
                                         0xc2 (size before relaxing)
 .rodata.str2.2
                0x000000000002e584       0x58 /tmp/ccCWtBvp.ltrans3.ltrans.o
                                         0x80 (size before relaxing)
 *fill*         0x000000000002e5dc        0x4 
 .rodata.str2.8
                0x000000000002e5e0       0x32 /tmp/ccCWtBvp.ltrans3.ltrans.o
 *fill*         0x000000000002e612        0x2 
 .rodata.BootMaintCallback
                0x000000000002e614       0x80 /tmp/ccCWtBvp.ltrans3.ltrans.o
 *fill*         0x000000000002e694        0x4 
 .rodata.str1.8
                0x000000000002e698      0x24e /tmp/ccCWtBvp.ltrans4.ltrans.o
                                        0x33e (size before relaxing)
 .rodata.str1.1
                0x000000000002e8e6       0x1b /tmp/ccCWtBvp.ltrans4.ltrans.o
                                         0xcc (size before relaxing)
 *fill*         0x000000000002e901        0x1 
 .rodata.str2.2
                0x000000000002e902       0x34 /tmp/ccCWtBvp.ltrans4.ltrans.o
                                         0x5a (size before relaxing)
 .rodata.str2.8
                0x000000000002e936       0x8a /tmp/ccCWtBvp.ltrans4.ltrans.o
 .rodata.str1.1
                0x000000000002e936       0x55 /tmp/ccCWtBvp.ltrans5.ltrans.o
                                         0xac (size before relaxing)
 *fill*         0x000000000002e98b        0x5 
 .rodata.str2.8
                0x000000000002e990       0x80 /tmp/ccCWtBvp.ltrans5.ltrans.o
 .rodata.str1.8
                0x000000000002ea10      0x19e /tmp/ccCWtBvp.ltrans5.ltrans.o
                                        0x26e (size before relaxing)
 .rodata.str2.2
                0x000000000002ebae       0x1c /tmp/ccCWtBvp.ltrans5.ltrans.o
                                         0x20 (size before relaxing)
 .rodata.str1.1
                0x000000000002ebca       0xcf /tmp/ccCWtBvp.ltrans6.ltrans.o
                                         0xe7 (size before relaxing)
 *fill*         0x000000000002ec99        0x7 
 .rodata.str1.8
                0x000000000002eca0      0x289 /tmp/ccCWtBvp.ltrans6.ltrans.o
                                        0x2d9 (size before relaxing)
 *fill*         0x000000000002ef29        0x1 
 .rodata.str2.2
                0x000000000002ef2a       0x3e /tmp/ccCWtBvp.ltrans6.ltrans.o
                                         0x56 (size before relaxing)
 .rodata.str2.8
                0x000000000002ef68       0x48 /tmp/ccCWtBvp.ltrans6.ltrans.o
 .rodata.str1.1
                0x000000000002efb0       0x61 /tmp/ccCWtBvp.ltrans7.ltrans.o
                                         0xd8 (size before relaxing)
 *fill*         0x000000000002f011        0x7 
 .rodata.str1.8
                0x000000000002f018      0x2ba /tmp/ccCWtBvp.ltrans7.ltrans.o
                                        0x362 (size before relaxing)
 .rodata.str2.2
                0x000000000002f2d2       0xac /tmp/ccCWtBvp.ltrans7.ltrans.o
                                         0xda (size before relaxing)
 *fill*         0x000000000002f37e        0x2 
 .rodata.str2.8
                0x000000000002f380       0xd4 /tmp/ccCWtBvp.ltrans7.ltrans.o
 .rodata.BmGetMiscDescription
                0x000000000002f454       0x18 /tmp/ccCWtBvp.ltrans7.ltrans.o
 .rodata.str1.1
                0x000000000002f46c       0x6b /tmp/ccCWtBvp.ltrans8.ltrans.o
                                         0xa2 (size before relaxing)
 *fill*         0x000000000002f4d7        0x1 
 .rodata.str1.8
                0x000000000002f4d8      0x27b /tmp/ccCWtBvp.ltrans8.ltrans.o
                                        0x32b (size before relaxing)
 *fill*         0x000000000002f753        0x1 
 .rodata.str2.2
                0x000000000002f754       0x44 /tmp/ccCWtBvp.ltrans8.ltrans.o
                                         0x48 (size before relaxing)
 .rodata.str1.1
                0x000000000002f798       0x27 /tmp/ccCWtBvp.ltrans9.ltrans.o
 *fill*         0x000000000002f7bf        0x1 
 .rodata.str2.2
                0x000000000002f7c0        0xa /tmp/ccCWtBvp.ltrans9.ltrans.o
                                         0x40 (size before relaxing)
 *fill*         0x000000000002f7ca        0x6 
 .rodata.str1.8
                0x000000000002f7d0      0x166 /tmp/ccCWtBvp.ltrans9.ltrans.o
                                        0x206 (size before relaxing)
 *fill*         0x000000000002f936        0x2 
 .rodata.str2.8
                0x000000000002f938       0x2c /tmp/ccCWtBvp.ltrans9.ltrans.o
 .rodata.str1.1
                0x000000000002f964       0xcb /tmp/ccCWtBvp.ltrans10.ltrans.o
                                         0xe3 (size before relaxing)
 *fill*         0x000000000002fa2f        0x1 
 .rodata.str1.8
                0x000000000002fa30      0x3b2 /tmp/ccCWtBvp.ltrans10.ltrans.o
                                        0x3da (size before relaxing)
 .rodata.str2.2
                0x000000000002fde2       0x1a /tmp/ccCWtBvp.ltrans10.ltrans.o
 *fill*         0x000000000002fde2        0x6 
 .rodata.str2.8
                0x000000000002fde8       0x2c /tmp/ccCWtBvp.ltrans10.ltrans.o
 .rodata.str2.2
                0x000000000002fe14       0x60 /tmp/ccCWtBvp.ltrans11.ltrans.o
                                         0x7e (size before relaxing)
 .rodata.str1.1
                0x000000000002fe74      0x10d /tmp/ccCWtBvp.ltrans11.ltrans.o
                                        0x139 (size before relaxing)
 *fill*         0x000000000002ff81        0x7 
 .rodata.str1.8
                0x000000000002ff88      0x1ca /tmp/ccCWtBvp.ltrans11.ltrans.o
                                        0x23a (size before relaxing)
 .rodata.str2.8
                0x0000000000030152       0x32 /tmp/ccCWtBvp.ltrans11.ltrans.o
 .rodata.str1.1
                0x0000000000030152       0xb5 /tmp/ccCWtBvp.ltrans12.ltrans.o
                                        0x166 (size before relaxing)
 *fill*         0x0000000000030207        0x1 
 .rodata.str1.8
                0x0000000000030208      0x130 /tmp/ccCWtBvp.ltrans12.ltrans.o
                                        0x1e8 (size before relaxing)
 .rodata.str2.2
                0x0000000000030338       0x20 /tmp/ccCWtBvp.ltrans12.ltrans.o
                                         0x5a (size before relaxing)