Archive member included to satisfy reference by file (symbol)

/home/hcj/UEFIWorkspace/Build/HcjPkg/DEBUG_GCC5/X64/MdePkg/Library/RegisterFilterLibNull/RegisterFilterLibNull/OUTPUT/FilterLibNull.lib(RegisterFilterLibNull.obj)
                              (--whole-archive)
/home/hcj/UEFIWorkspace/Build/HcjPkg/DEBUG_GCC5/X64/StdLib/LibC/Signal/Signal/OUTPUT/LibSignal.lib(Signal.obj)
                              (--whole-archive)
/home/hcj/UEFIWorkspace/Build/HcjPkg/DEBUG_GCC5/X64/StdLib/LibC/gdtoa/gdtoa/OUTPUT/LibGdtoa.lib(strtof.obj)
                              (--whole-archive)
/home/hcj/UEFIWorkspace/Build/HcjPkg/DEBUG_GCC5/X64/StdLib/LibC/gdtoa/gdtoa/OUTPUT/LibGdtoa.lib(strtold_px.obj)
                              (--whole-archive)
/home/hcj/UEFIWorkspace/Build/HcjPkg/DEBUG_GCC5/X64/StdLib/LibC/gdtoa/gdtoa/OUTPUT/LibGdtoa.lib(strtopx.obj)
                              (--whole-archive)
/home/hcj/UEFIWorkspace/Build/HcjPkg/DEBUG_GCC5/X64/StdLib/LibC/gdtoa/gdtoa/OUTPUT/LibGdtoa.lib(strtod.obj)
                              (--whole-archive)
/home/hcj/UEFIWorkspace/Build/HcjPkg/DEBUG_GCC5/X64/StdLib/LibC/gdtoa/gdtoa/OUTPUT/LibGdtoa.lib(atof.obj)
                              (--whole-archive)
/home/hcj/UEFIWorkspace/Build/HcjPkg/DEBUG_GCC5/X64/StdLib/LibC/gdtoa/gdtoa/OUTPUT/LibGdtoa.lib(dtoa.obj)
                              (--whole-archive)
/home/hcj/UEFIWorkspace/Build/HcjPkg/DEBUG_GCC5/X64/StdLib/LibC/gdtoa/gdtoa/OUTPUT/LibGdtoa.lib(gdtoa.obj)
                              (--whole-archive)
/home/hcj/UEFIWorkspace/Build/HcjPkg/DEBUG_GCC5/X64/StdLib/LibC/gdtoa/gdtoa/OUTPUT/LibGdtoa.lib(dmisc.obj)
                              (--whole-archive)
/home/hcj/UEFIWorkspace/Build/HcjPkg/DEBUG_GCC5/X64/StdLib/LibC/gdtoa/gdtoa/OUTPUT/LibGdtoa.lib(gmisc.obj)
                              (--whole-archive)
/home/hcj/UEFIWorkspace/Build/HcjPkg/DEBUG_GCC5/X64/StdLib/LibC/gdtoa/gdtoa/OUTPUT/LibGdtoa.lib(hd_init.obj)
                              (--whole-archive)
/home/hcj/UEFIWorkspace/Build/HcjPkg/DEBUG_GCC5/X64/StdLib/LibC/gdtoa/gdtoa/OUTPUT/LibGdtoa.lib(hexnan.obj)
                              (--whole-archive)
/home/hcj/UEFIWorkspace/Build/HcjPkg/DEBUG_GCC5/X64/StdLib/LibC/gdtoa/gdtoa/OUTPUT/LibGdtoa.lib(misc.obj)
                              (--whole-archive)
/home/hcj/UEFIWorkspace/Build/HcjPkg/DEBUG_GCC5/X64/StdLib/LibC/gdtoa/gdtoa/OUTPUT/LibGdtoa.lib(smisc.obj)
                              (--whole-archive)
/home/hcj/UEFIWorkspace/Build/HcjPkg/DEBUG_GCC5/X64/StdLib/LibC/gdtoa/gdtoa/OUTPUT/LibGdtoa.lib(strtodg.obj)
                              (--whole-archive)
/home/hcj/UEFIWorkspace/Build/HcjPkg/DEBUG_GCC5/X64/StdLib/LibC/gdtoa/gdtoa/OUTPUT/LibGdtoa.lib(sum.obj)
                              (--whole-archive)
/home/hcj/UEFIWorkspace/Build/HcjPkg/DEBUG_GCC5/X64/StdLib/LibC/gdtoa/gdtoa/OUTPUT/LibGdtoa.lib(ulp.obj)
                              (--whole-archive)
/home/hcj/UEFIWorkspace/Build/HcjPkg/DEBUG_GCC5/X64/MdePkg/Library/BasePcdLibNull/BasePcdLibNull/OUTPUT/BasePcdLibNull.lib(PcdLib.obj)
                              (--whole-archive)
/home/hcj/UEFIWorkspace/Build/HcjPkg/DEBUG_GCC5/X64/MdePkg/Library/BasePrintLib/BasePrintLib/OUTPUT/BasePrintLib.lib(PrintLibInternal.obj)
                              (--whole-archive)
/home/hcj/UEFIWorkspace/Build/HcjPkg/DEBUG_GCC5/X64/MdePkg/Library/BasePrintLib/BasePrintLib/OUTPUT/BasePrintLib.lib(PrintLib.obj)
                              (--whole-archive)
/home/hcj/UEFIWorkspace/Build/HcjPkg/DEBUG_GCC5/X64/StdLib/LibC/Ctype/Ctype/OUTPUT/LibCtype.lib(iCtype.obj)
                              (--whole-archive)
/home/hcj/UEFIWorkspace/Build/HcjPkg/DEBUG_GCC5/X64/StdLib/LibC/Ctype/Ctype/OUTPUT/LibCtype.lib(CClass.obj)
                              (--whole-archive)
/home/hcj/UEFIWorkspace/Build/HcjPkg/DEBUG_GCC5/X64/StdLib/LibC/Ctype/Ctype/OUTPUT/LibCtype.lib(CConv.obj)
                              (--whole-archive)
/home/hcj/UEFIWorkspace/Build/HcjPkg/DEBUG_GCC5/X64/MdePkg/Library/BaseDebugLibNull/BaseDebugLibNull/OUTPUT/BaseDebugLibNull.lib(DebugLib.obj)
                              (--whole-archive)
/home/hcj/UEFIWorkspace/Build/HcjPkg/DEBUG_GCC5/X64/StdLib/PosixLib/Gen/LibGen/OUTPUT/LibGen.lib(dirname.obj)
                              (--whole-archive)
/home/hcj/UEFIWorkspace/Build/HcjPkg/DEBUG_GCC5/X64/StdLib/PosixLib/Gen/LibGen/OUTPUT/LibGen.lib(opendir.obj)
                              (--whole-archive)
/home/hcj/UEFIWorkspace/Build/HcjPkg/DEBUG_GCC5/X64/StdLib/PosixLib/Gen/LibGen/OUTPUT/LibGen.lib(closedir.obj)
                              (--whole-archive)
/home/hcj/UEFIWorkspace/Build/HcjPkg/DEBUG_GCC5/X64/StdLib/PosixLib/Gen/LibGen/OUTPUT/LibGen.lib(readdir.obj)
                              (--whole-archive)
/home/hcj/UEFIWorkspace/Build/HcjPkg/DEBUG_GCC5/X64/StdLib/PosixLib/Gen/LibGen/OUTPUT/LibGen.lib(access.obj)
                              (--whole-archive)
[...]
Memory Configuration

Name             Origin             Length             Attributes
*default*        0x0000000000000000 0xffffffffffffffff

Linker script and memory map

LOAD /tmp/ccLYzVfD.ltrans0.ltrans.o
LOAD /tmp/ccLYzVfD.ltrans1.ltrans.o
LOAD /tmp/ccLYzVfD.ltrans2.ltrans.o
LOAD /tmp/ccLYzVfD.ltrans3.ltrans.o
LOAD /tmp/ccLYzVfD.ltrans4.ltrans.o
LOAD /tmp/ccLYzVfD.ltrans5.ltrans.o
LOAD /tmp/ccLYzVfD.ltrans6.ltrans.o
LOAD /tmp/ccLYzVfD.ltrans7.ltrans.o
LOAD /tmp/ccLYzVfD.ltrans8.ltrans.o
LOAD /tmp/ccLYzVfD.ltrans9.ltrans.o
LOAD /tmp/ccLYzVfD.ltrans10.ltrans.o
START GROUP
LOAD /home/hcj/UEFIWorkspace/Build/HcjPkg/DEBUG_GCC5/X64/MdePkg/Library/RegisterFilterLibNull/RegisterFilterLibNull/OUTPUT/FilterLibNull.lib
LOAD /home/hcj/UEFIWorkspace/Build/HcjPkg/DEBUG_GCC5/X64/StdLib/LibC/Signal/Signal/OUTPUT/LibSignal.lib
LOAD /home/hcj/UEFIWorkspace/Build/HcjPkg/DEBUG_GCC5/X64/StdLib/LibC/gdtoa/gdtoa/OUTPUT/LibGdtoa.lib
LOAD /home/hcj/UEFIWorkspace/Build/HcjPkg/DEBUG_GCC5/X64/MdePkg/Library/BasePcdLibNull/BasePcdLibNull/OUTPUT/BasePcdLibNull.lib
LOAD /home/hcj/UEFIWorkspace/Build/HcjPkg/DEBUG_GCC5/X64/MdePkg/Library/BasePrintLib/BasePrintLib/OUTPUT/BasePrintLib.lib
LOAD /home/hcj/UEFIWorkspace/Build/HcjPkg/DEBUG_GCC5/X64/StdLib/LibC/Ctype/Ctype/OUTPUT/LibCtype.lib
LOAD /home/hcj/UEFIWorkspace/Build/HcjPkg/DEBUG_GCC5/X64/MdePkg/Library/BaseDebugLibNull/BaseDebugLibNull/OUTPUT/BaseDebugLibNull.lib
LOAD /home/hcj/UEFIWorkspace/Build/HcjPkg/DEBUG_GCC5/X64/StdLib/PosixLib/Gen/LibGen/OUTPUT/LibGen.lib
LOAD /home/hcj/UEFIWorkspace/Build/HcjPkg/DEBUG_GCC5/X64/StdLib/LibC/Time/Time/OUTPUT/LibTime.lib
LOAD /home/hcj/UEFIWorkspace/Build/HcjPkg/DEBUG_GCC5/X64/StdLib/LibC/Locale/Locale/OUTPUT/LibLocale.lib
LOAD /home/hcj/UEFIWorkspace/Build/HcjPkg/DEBUG_GCC5/X64/StdLib/LibC/Uefi/Devices/daUtility/OUTPUT/DevUtility.lib
LOAD /home/hcj/UEFIWorkspace/Build/HcjPkg/DEBUG_GCC5/X64/StdLib/LibC/Uefi/Uefi/OUTPUT/LibUefi.lib
LOAD /home/hcj/UEFIWorkspace/Build/HcjPkg/DEBUG_GCC5/X64/StdLib/LibC/String/String/OUTPUT/LibString.lib
LOAD /home/hcj/UEFIWorkspace/Build/HcjPkg/DEBUG_GCC5/X64/StdLib/LibC/Stdio/Stdio/OUTPUT/LibStdio.lib
LOAD /home/hcj/UEFIWorkspace/Build/HcjPkg/DEBUG_GCC5/X64/StdLib/LibC/StdLib/StdLib/OUTPUT/LibStdLib.lib
LOAD /home/hcj/UEFIWorkspace/Build/HcjPkg/DEBUG_GCC5/X64/MdePkg/Library/UefiMemoryAllocationLib/UefiMemoryAllocationLib/OUTPUT/UefiMemoryAllocationLib.lib
LOAD /home/hcj/UEFIWorkspace/Build/HcjPkg/DEBUG_GCC5/X64/MdePkg/Library/BaseMemoryLib/BaseMemoryLib/OUTPUT/BaseMemoryLib.lib
LOAD /home/hcj/UEFIWorkspace/Build/HcjPkg/DEBUG_GCC5/X64/MdePkg/Library/BaseLib/BaseLib/OUTPUT/BaseLib.lib
LOAD /home/hcj/UEFIWorkspace/Build/HcjPkg/DEBUG_GCC5/X64/ShellPkg/Library/UefiShellCEntryLib/UefiShellCEntryLib/OUTPUT/UefiShellCEntryLib.lib
LOAD /home/hcj/UEFIWorkspace/Build/HcjPkg/DEBUG_GCC5/X64/StdLib/LibC/LibC/OUTPUT/LibC.lib
LOAD /home/hcj/UEFIWorkspace/Build/HcjPkg/DEBUG_GCC5/X64/MdePkg/Library/UefiApplicationEntryPoint/UefiApplicationEntryPoint/OUTPUT/UefiApplicationEntryPoint.lib
LOAD /home/hcj/UEFIWorkspace/Build/HcjPkg/DEBUG_GCC5/X64/MdePkg/Library/UefiDevicePathLib/UefiDevicePathLib/OUTPUT/UefiDevicePathLib.lib
LOAD /home/hcj/UEFIWorkspace/Build/HcjPkg/DEBUG_GCC5/X64/MdePkg/Library/UefiRuntimeServicesTableLib/UefiRuntimeServicesTableLib/OUTPUT/UefiRuntimeServicesTableLib.lib
LOAD /home/hcj/UEFIWorkspace/Build/HcjPkg/DEBUG_GCC5/X64/MdePkg/Library/UefiBootServicesTableLib/UefiBootServicesTableLib/OUTPUT/UefiBootServicesTableLib.lib
LOAD /home/hcj/UEFIWorkspace/Build/HcjPkg/DEBUG_GCC5/X64/MdeModulePkg/Library/UefiSortLib/UefiSortLib/OUTPUT/UefiSortLib.lib
LOAD /home/hcj/UEFIWorkspace/Build/HcjPkg/DEBUG_GCC5/X64/MdeModulePkg/Library/UefiHiiLib/UefiHiiLib/OUTPUT/UefiHiiLib.lib
LOAD /home/hcj/UEFIWorkspace/Build/HcjPkg/DEBUG_GCC5/X64/MdePkg/Library/UefiFileHandleLib/UefiFileHandleLib/OUTPUT/UefiFileHandleLib.lib
LOAD /home/hcj/UEFIWorkspace/Build/HcjPkg/DEBUG_GCC5/X64/MdePkg/Library/UefiLib/UefiLib/OUTPUT/UefiLib.lib
LOAD /home/hcj/UEFIWorkspace/Build/HcjPkg/DEBUG_GCC5/X64/ShellPkg/Library/UefiShellLib/UefiShellLib/OUTPUT/UefiShellLib.lib
LOAD /home/hcj/UEFIWorkspace/Build/HcjPkg/DEBUG_GCC5/X64/StdLib/LibC/Wchar/Wchar/OUTPUT/LibWchar.lib
LOAD /home/hcj/UEFIWorkspace/Build/HcjPkg/DEBUG_GCC5/X64/MdeModulePkg/Library/UefiHiiServicesLib/UefiHiiServicesLib/OUTPUT/UefiHiiServicesLib.lib
LOAD /home/hcj/UEFIWorkspace/Build/HcjPkg/DEBUG_GCC5/X64/StdLib/LibC/Containers/ContainerLib/OUTPUT/LibContainer.lib
LOAD /home/hcj/UEFIWorkspace/Build/HcjPkg/DEBUG_GCC5/X64/StdLib/LibC/Uefi/InteractiveIO/IIO/OUTPUT/LibIIO.lib
LOAD /home/hcj/UEFIWorkspace/Build/HcjPkg/DEBUG_GCC5/X64/StdLib/LibC/Uefi/Devices/daConsole/OUTPUT/DevConsole.lib
LOAD /home/hcj/UEFIWorkspace/Build/HcjPkg/DEBUG_GCC5/X64/HcjPkg/Applications/OSApp/OSApp/OUTPUT/OSApp.lib
END GROUP
                0x0000000000000228                PECOFF_HEADER_SIZE = 0x228
                0x0000000000000228                . = PECOFF_HEADER_SIZE

.text           0x0000000000000240     0xa404
 *(.text .text.* .stub .gnu.linkonce.t.*)
 .text.__vfprintf_unlocked
                0x0000000000000240     0x3187 /tmp/ccLYzVfD.ltrans0.ltrans.o
                0x0000000000000240                __vfprintf_unlocked
 .text._ModuleEntryPoint
                0x00000000000033c7      0x863 /tmp/ccLYzVfD.ltrans1.ltrans.o
                0x00000000000033c7                _ModuleEntryPoint
 .text.__find_arguments.lto_priv.59
                0x0000000000003c2a      0xa71 /tmp/ccLYzVfD.ltrans2.ltrans.o
                0x0000000000003c2a                __find_arguments.lto_priv.59
 .text.BasePrintLibSPrintMarker.constprop.26
                0x000000000000469b      0xef6 /tmp/ccLYzVfD.ltrans3.ltrans.o
                0x000000000000469b                BasePrintLibSPrintMarker.constprop.26
 .text.InternalAllocatePool.constprop.24
                0x0000000000005591       0x37 /tmp/ccLYzVfD.ltrans3.ltrans.o
                0x0000000000005591                InternalAllocatePool.constprop.24
 .text.Print.constprop.22
                0x00000000000055c8      0x142 /tmp/ccLYzVfD.ltrans3.ltrans.o
                0x00000000000055c8                Print.constprop.22
 .text._fwalk.constprop.16
                0x000000000000570a       0x4c /tmp/ccLYzVfD.ltrans3.ltrans.o
                0x000000000000570a                _fwalk.constprop.16
 .text.ValidateFD.constprop.14
                0x0000000000005756       0x17 /tmp/ccLYzVfD.ltrans3.ltrans.o
                0x0000000000005756                ValidateFD.constprop.14
 .text.__multadd_D2A.constprop.13
                0x000000000000576d       0xa6 /tmp/ccLYzVfD.ltrans3.ltrans.o
                0x000000000000576d                __multadd_D2A.constprop.13
 .text.__sflush
                0x0000000000005813       0x76 /tmp/ccLYzVfD.ltrans4.ltrans.o
                0x0000000000005813                __sflush
 .text.fbadop_delete
                0x0000000000005889        0xe /tmp/ccLYzVfD.ltrans4.ltrans.o
                0x0000000000005889                fbadop_delete
 .text.fbadop_rmdir
                0x0000000000005897        0xe /tmp/ccLYzVfD.ltrans4.ltrans.o
                0x0000000000005897                fbadop_rmdir
 .text.fbadop_rename
                0x00000000000058a5        0xe /tmp/ccLYzVfD.ltrans4.ltrans.o
                0x00000000000058a5                fbadop_rename
 .text.fbadop_mkdir
                0x00000000000058b3        0xe /tmp/ccLYzVfD.ltrans4.ltrans.o
                0x00000000000058b3                fbadop_mkdir
 .text.fnullop_fcntl
                0x00000000000058c1        0x3 /tmp/ccLYzVfD.ltrans4.ltrans.o
                0x00000000000058c1                fnullop_fcntl
 .text.__ultoa.lto_priv.58
                0x00000000000058c4      0x115 /tmp/ccLYzVfD.ltrans4.ltrans.o
                0x00000000000058c4                __ultoa.lto_priv.58
 .text.printf   0x00000000000059d9       0x9e /tmp/ccLYzVfD.ltrans4.ltrans.o
                0x00000000000059d9                printf
 .text.fflush   0x0000000000005a77       0x23 /tmp/ccLYzVfD.ltrans4.ltrans.o
                0x0000000000005a77                fflush
 .text.memcpy   0x0000000000005a9a       0x17 /tmp/ccLYzVfD.ltrans4.ltrans.o
                0x0000000000005a9a                memcpy
 .text.__sprint.lto_priv.57
                0x0000000000005ab1      0x390 /tmp/ccLYzVfD.ltrans4.ltrans.o
                0x0000000000005ab1                __sprint.lto_priv.57
 .text.lseek    0x0000000000005e41       0x80 /tmp/ccLYzVfD.ltrans4.ltrans.o
                0x0000000000005e41                lseek
 .text.isatty   0x0000000000005ec1       0x31 /tmp/ccLYzVfD.ltrans4.ltrans.o
                0x0000000000005ec1                isatty
 .text.EncodeUtf8
                0x0000000000005ef2       0xa4 /tmp/ccLYzVfD.ltrans4.ltrans.o
                0x0000000000005ef2                EncodeUtf8
 .text.EstimateWtoM
                0x0000000000005f96       0x62 /tmp/ccLYzVfD.ltrans4.ltrans.o
                0x0000000000005f96                EstimateWtoM
 .text.wcsrtombs
                0x0000000000005ff8       0xe9 /tmp/ccLYzVfD.ltrans4.ltrans.o
                0x0000000000005ff8                wcsrtombs
 .text.localeconv
                0x00000000000060e1       0xef /tmp/ccLYzVfD.ltrans4.ltrans.o
                0x00000000000060e1                localeconv
 .text.BasePrintLibFillBuffer
                0x00000000000061d0       0x2e /tmp/ccLYzVfD.ltrans4.ltrans.o
                0x00000000000061d0                BasePrintLibFillBuffer
 .text.__cmp_D2A
                0x00000000000061fe       0x3c /tmp/ccLYzVfD.ltrans4.ltrans.o
                0x00000000000061fe                __cmp_D2A
 .text.__hi0bits_D2A
                0x000000000000623a       0x53 /tmp/ccLYzVfD.ltrans4.ltrans.o
                0x000000000000623a                __hi0bits_D2A
 .text.__lo0bits_D2A
                0x000000000000628d       0x6c /tmp/ccLYzVfD.ltrans4.ltrans.o
                0x000000000000628d                __lo0bits_D2A
 .text.__Bfree_D2A
                0x00000000000062f9       0x1c /tmp/ccLYzVfD.ltrans4.ltrans.o
                0x00000000000062f9                __Bfree_D2A
 .text.__Balloc_D2A
                0x0000000000006315       0xa4 /tmp/ccLYzVfD.ltrans4.ltrans.o
                0x0000000000006315                __Balloc_D2A
 .text.__lshift_D2A
                0x00000000000063b9       0xe9 /tmp/ccLYzVfD.ltrans4.ltrans.o
                0x00000000000063b9                __lshift_D2A
 .text.__mult_D2A
                0x00000000000064a2       0xeb /tmp/ccLYzVfD.ltrans4.ltrans.o
                0x00000000000064a2                __mult_D2A
 .text.__i2b_D2A
                0x000000000000658d       0x1e /tmp/ccLYzVfD.ltrans4.ltrans.o
                0x000000000000658d                __i2b_D2A
 .text.__pow5mult_D2A
                0x00000000000065ab       0xb4 /tmp/ccLYzVfD.ltrans4.ltrans.o
                0x00000000000065ab                __pow5mult_D2A
 .text.__quorem_D2A
                0x000000000000665f      0x15d /tmp/ccLYzVfD.ltrans4.ltrans.o
                0x000000000000665f                __quorem_D2A
 .text.__freedtoa
                0x00000000000067bc       0x31 /tmp/ccLYzVfD.ltrans4.ltrans.o
                0x00000000000067bc                __freedtoa
 .text.__rv_alloc_D2A
                0x00000000000067ed       0x38 /tmp/ccLYzVfD.ltrans4.ltrans.o
                0x00000000000067ed                __rv_alloc_D2A
 .text.__nrv_alloc_D2A
                0x0000000000006825       0x3f /tmp/ccLYzVfD.ltrans4.ltrans.o
                0x0000000000006825                __nrv_alloc_D2A
 .text.da_ConOpen
                0x0000000000006864       0x70 /tmp/ccLYzVfD.ltrans5.ltrans.o
                0x0000000000006864                da_ConOpen
 .text.da_ConIoctl.lto_priv.47
                0x00000000000068d4        0xe /tmp/ccLYzVfD.ltrans5.ltrans.o
                0x00000000000068d4                da_ConIoctl.lto_priv.47
 .text.da_ConStat.lto_priv.45
                0x00000000000068e2       0xd0 /tmp/ccLYzVfD.ltrans5.ltrans.o
                0x00000000000068e2                da_ConStat.lto_priv.45
 .text.da_ConRawRead
                0x00000000000069b2       0x96 /tmp/ccLYzVfD.ltrans5.ltrans.o
 .text.da_ConPoll.lto_priv.48
                0x0000000000006a48      0x123 /tmp/ccLYzVfD.ltrans5.ltrans.o
                0x0000000000006a48                da_ConPoll.lto_priv.48
 .text.da_ConRead.lto_priv.43
                0x0000000000006b6b      0x18c /tmp/ccLYzVfD.ltrans5.ltrans.o
                0x0000000000006b6b                da_ConRead.lto_priv.43
 .text.da_ConWrite.lto_priv.44
                0x0000000000006cf7       0x8e /tmp/ccLYzVfD.ltrans5.ltrans.o
                0x0000000000006cf7                da_ConWrite.lto_priv.44
 .text.da_ConFlush.lto_priv.49
                0x0000000000006d85       0x9a /tmp/ccLYzVfD.ltrans5.ltrans.o
                0x0000000000006d85                da_ConFlush.lto_priv.49
 .text.da_ConClose.lto_priv.42
                0x0000000000006e1f       0x62 /tmp/ccLYzVfD.ltrans5.ltrans.o
                0x0000000000006e1f                da_ConClose.lto_priv.42
 .text.da_ConSeek.lto_priv.46
                0x0000000000006e81       0x6b /tmp/ccLYzVfD.ltrans5.ltrans.o
                0x0000000000006e81                da_ConSeek.lto_priv.46
 .text.IIO_GetDeviceProto
                0x0000000000006eec       0xc7 /tmp/ccLYzVfD.ltrans5.ltrans.o
 .text.IIO_Delete.lto_priv.50
                0x0000000000006fb3       0xde /tmp/ccLYzVfD.ltrans5.ltrans.o
                0x0000000000006fb3                IIO_Delete.lto_priv.50
 .text.InternalAllocateZeroPool.constprop.7
                0x0000000000007091       0xa9 /tmp/ccLYzVfD.ltrans5.ltrans.o
                0x0000000000007091                InternalAllocateZeroPool.constprop.7
 .text.CompareGuid.constprop.2
                0x000000000000713a       0x1e /tmp/ccLYzVfD.ltrans5.ltrans.o
                0x000000000000713a                CompareGuid.constprop.2
 .text.New_cFIFO.constprop.1
                0x0000000000007158      0x17c /tmp/ccLYzVfD.ltrans5.ltrans.o
                0x0000000000007158                New_cFIFO.constprop.1
 .text.hcj_puts
                0x00000000000072d4       0x1d /tmp/ccLYzVfD.ltrans5.ltrans.o
                0x00000000000072d4                hcj_puts
 .text.hcj_putc
                0x00000000000072f1       0x2f /tmp/ccLYzVfD.ltrans5.ltrans.o
                0x00000000000072f1                hcj_putc
 .text.IIO_WriteOne
                0x0000000000007320      0x230 /tmp/ccLYzVfD.ltrans5.ltrans.o
                0x0000000000007320                IIO_WriteOne
 .text.IIO_EchoOne
                0x0000000000007550      0x223 /tmp/ccLYzVfD.ltrans5.ltrans.o
                0x0000000000007550                IIO_EchoOne
 .text.IIO_GetOutputSize
                0x0000000000007773       0x8c /tmp/ccLYzVfD.ltrans5.ltrans.o
                0x0000000000007773                IIO_GetOutputSize
 .text.IIO_SetCursorPosition
                0x00000000000077ff       0x58 /tmp/ccLYzVfD.ltrans5.ltrans.o
                0x00000000000077ff                IIO_SetCursorPosition
 .text.IIO_GetCursorPosition
                0x0000000000007857       0x5d /tmp/ccLYzVfD.ltrans5.ltrans.o
                0x0000000000007857                IIO_GetCursorPosition
 .text.IIO_Echo.lto_priv.53
                0x00000000000078b4      0x233 /tmp/ccLYzVfD.ltrans6.ltrans.o
                0x00000000000078b4                IIO_Echo.lto_priv.53
 .text.IIO_Read.lto_priv.51
                0x0000000000007ae7      0x3fb /tmp/ccLYzVfD.ltrans6.ltrans.o
                0x0000000000007ae7                IIO_Read.lto_priv.51
 .text.IIO_Write.lto_priv.52
                0x0000000000007ee2      0x4ce /tmp/ccLYzVfD.ltrans6.ltrans.o
                0x0000000000007ee2                IIO_Write.lto_priv.52
 .text.FIFO_GetWDex.lto_priv.39
                0x00000000000083b0       0x70 /tmp/ccLYzVfD.ltrans6.ltrans.o
                0x00000000000083b0                FIFO_GetWDex.lto_priv.39
 .text.FIFO_GetRDex.lto_priv.38
                0x0000000000008420       0x70 /tmp/ccLYzVfD.ltrans6.ltrans.o
                0x0000000000008420                FIFO_GetRDex.lto_priv.38
 .text.FIFO_Truncate.lto_priv.36
                0x0000000000008490       0xf3 /tmp/ccLYzVfD.ltrans6.ltrans.o
                0x0000000000008490                FIFO_Truncate.lto_priv.36
 .text.FIFO_Flush.lto_priv.35
                0x0000000000008583      0x109 /tmp/ccLYzVfD.ltrans6.ltrans.o
                0x0000000000008583                FIFO_Flush.lto_priv.35
 .text.FIFO_Delete.lto_priv.37
                0x000000000000868c       0xe5 /tmp/ccLYzVfD.ltrans6.ltrans.o
                0x000000000000868c                FIFO_Delete.lto_priv.37
 .text.FIFO_Dequeue
                0x0000000000008771      0x17b /tmp/ccLYzVfD.ltrans6.ltrans.o
 .text.FIFO_Copy.lto_priv.30
                0x00000000000088ec        0x8 /tmp/ccLYzVfD.ltrans6.ltrans.o
                0x00000000000088ec                FIFO_Copy.lto_priv.30
 .text.FIFO_Read.lto_priv.29
                0x00000000000088f4        0xb /tmp/ccLYzVfD.ltrans6.ltrans.o
                0x00000000000088f4                FIFO_Read.lto_priv.29
 .text.FIFO_Enqueue.lto_priv.28
                0x00000000000088ff      0x171 /tmp/ccLYzVfD.ltrans6.ltrans.o
                0x00000000000088ff                FIFO_Enqueue.lto_priv.28
 .text.FifoDelete.lto_priv.40
                0x0000000000008a70       0x14 /tmp/ccLYzVfD.ltrans6.ltrans.o
                0x0000000000008a70                FifoDelete.lto_priv.40
 .text.__assert
                0x0000000000008a84       0x3b /tmp/ccLYzVfD.ltrans7.ltrans.o
                0x0000000000008a84                __assert
 .text.AsciiStrLen
                0x0000000000008abf        0xe /tmp/ccLYzVfD.ltrans7.ltrans.o
                0x0000000000008abf                AsciiStrLen
 .text.AsciiStrnLenS
                0x0000000000008acd       0x26 /tmp/ccLYzVfD.ltrans7.ltrans.o
                0x0000000000008acd                AsciiStrnLenS
 .text.StrnLenS
                0x0000000000008af3       0x27 /tmp/ccLYzVfD.ltrans7.ltrans.o
                0x0000000000008af3                StrnLenS
 .text.InsertTailList
                0x0000000000008b1a       0x16 /tmp/ccLYzVfD.ltrans7.ltrans.o
                0x0000000000008b1a                InsertTailList
 .text.CopyMem  0x0000000000008b30      0x201 /tmp/ccLYzVfD.ltrans7.ltrans.o
                0x0000000000008b30                CopyMem
 .text.ScanMem8
                0x0000000000008d31       0x20 /tmp/ccLYzVfD.ltrans7.ltrans.o
                0x0000000000008d31                ScanMem8
 .text.FreePool
                0x0000000000008d51        0xa /tmp/ccLYzVfD.ltrans7.ltrans.o
                0x0000000000008d51                FreePool
 .text.free     0x0000000000008d5b       0x6e /tmp/ccLYzVfD.ltrans7.ltrans.o
                0x0000000000008d5b                free
 .text.realloc  0x0000000000008dc9       0xc6 /tmp/ccLYzVfD.ltrans7.ltrans.o
                0x0000000000008dc9                realloc
 .text.__sseek  0x0000000000008e8f       0x3e /tmp/ccLYzVfD.ltrans8.ltrans.o
                0x0000000000008e8f                __sseek
 .text.__sclose
                0x0000000000008ecd       0xff /tmp/ccLYzVfD.ltrans8.ltrans.o
                0x0000000000008ecd                __sclose
 .text.__swrite
                0x0000000000008fcc       0xe1 /tmp/ccLYzVfD.ltrans8.ltrans.o
                0x0000000000008fcc                __swrite
 .text.__sread  0x00000000000090ad       0xe2 /tmp/ccLYzVfD.ltrans8.ltrans.o
                0x00000000000090ad                __sread
 .text._cleanup
                0x000000000000918f        0x5 /tmp/ccLYzVfD.ltrans8.ltrans.o
 .text.malloc   0x0000000000009194       0xb3 /tmp/ccLYzVfD.ltrans8.ltrans.o
                0x0000000000009194                malloc
 .text.__swsetup
                0x0000000000009247      0x22d /tmp/ccLYzVfD.ltrans8.ltrans.o
                0x0000000000009247                __swsetup
 .text.__grow_type_table.lto_priv.55
                0x0000000000009474       0xa9 /tmp/ccLYzVfD.ltrans8.ltrans.o
                0x0000000000009474                __grow_type_table.lto_priv.55
 .text.abort    0x000000000000951d       0x79 /tmp/ccLYzVfD.ltrans8.ltrans.o
                0x000000000000951d                abort
 .text.FIFO_FreeSpace.lto_priv.34
                0x0000000000009596       0x20 /tmp/ccLYzVfD.ltrans9.ltrans.o
                0x0000000000009596                FIFO_FreeSpace.lto_priv.34
 .text.FIFO_NumInQueue.lto_priv.33
                0x00000000000095b6       0x1e /tmp/ccLYzVfD.ltrans9.ltrans.o
                0x00000000000095b6                FIFO_NumInQueue.lto_priv.33
 .text.FIFO_IsFull.lto_priv.32
                0x00000000000095d4       0x90 /tmp/ccLYzVfD.ltrans9.ltrans.o
                0x00000000000095d4                FIFO_IsFull.lto_priv.32
 .text.FIFO_IsEmpty.lto_priv.31
                0x0000000000009664       0x76 /tmp/ccLYzVfD.ltrans9.ltrans.o
                0x0000000000009664                FIFO_IsEmpty.lto_priv.31
 .text.BasePrintLibSPrint.constprop.27
                0x00000000000096da       0xb8 /tmp/ccLYzVfD.ltrans10.ltrans.o
                0x00000000000096da                BasePrintLibSPrint.constprop.27
 *fill*         0x0000000000009792        0xe 
 .text          0x00000000000097a0       0xac /home/hcj/UEFIWorkspace/Build/HcjPkg/DEBUG_GCC5/X64/MdePkg/Library/BaseLib/BaseLib/OUTPUT/BaseLib.lib(LongJump.obj)
                0x00000000000097a0                InternalLongJump
 *(.rodata .rodata.* .gnu.linkonce.r.*)
 .rodata.str1.1
                0x000000000000984c       0x24 /tmp/ccLYzVfD.ltrans0.ltrans.o
                                         0x26 (size before relaxing)
 .rodata.__vfprintf_unlocked
                0x0000000000009870      0x16c /tmp/ccLYzVfD.ltrans0.ltrans.o
 *fill*         0x00000000000099dc        0x4 
 .rodata.__bigtens_D2A
                0x00000000000099e0       0x28 /tmp/ccLYzVfD.ltrans0.ltrans.o
 *fill*         0x0000000000009a08       0x18 
 .rodata.__tens_D2A
                0x0000000000009a20       0xb8 /tmp/ccLYzVfD.ltrans0.ltrans.o
 *fill*         0x0000000000009ad8        0x8 
 .rodata.xdigs_lower.9204
                0x0000000000009ae0       0x11 /tmp/ccLYzVfD.ltrans0.ltrans.o
 *fill*         0x0000000000009af1        0xf 
 .rodata.xdigs_upper.9205
                0x0000000000009b00       0x11 /tmp/ccLYzVfD.ltrans0.ltrans.o
 *fill*         0x0000000000009b11        0x7 
 .rodata.cst8   0x0000000000009b18       0x50 /tmp/ccLYzVfD.ltrans0.ltrans.o
 *fill*         0x0000000000009b68        0x8 
 .rodata.cst16  0x0000000000009b70       0x10 /tmp/ccLYzVfD.ltrans0.ltrans.o
 .rodata.str1.1
                0x0000000000009b80        0x6 /tmp/ccLYzVfD.ltrans1.ltrans.o
 .rodata.str2.2
                0x0000000000009b86       0x78 /tmp/ccLYzVfD.ltrans1.ltrans.o
 *fill*         0x0000000000009bfe        0x2 
 .rodata.stdioFlags
                0x0000000000009c00        0xc /tmp/ccLYzVfD.ltrans1.ltrans.o
 .rodata._gUefiDriverRevision
                0x0000000000009c0c        0x4 /tmp/ccLYzVfD.ltrans1.ltrans.o
                0x0000000000009c0c                _gPcd_FixedAtBuild_PcdControlFlowEnforcementPropertyMask
 .rodata.__find_arguments.lto_priv.59
                0x0000000000009c10      0x1d0 /tmp/ccLYzVfD.ltrans2.ltrans.o
 .rodata.str1.1
                0x0000000000009de0       0x7b /tmp/ccLYzVfD.ltrans3.ltrans.o
 *fill*         0x0000000000009e5b        0x1 
 .rodata.str2.2
                0x0000000000009e5c       0x28 /tmp/ccLYzVfD.ltrans3.ltrans.o
 *fill*         0x0000000000009e84        0xc 
 .rodata.mHexStr
                0x0000000000009e90       0x10 /tmp/ccLYzVfD.ltrans3.ltrans.o
 .rodata.mWarningString
                0x0000000000009ea0       0x96 /tmp/ccLYzVfD.ltrans3.ltrans.o
 *fill*         0x0000000000009f36        0xa 
 .rodata.mErrorString
                0x0000000000009f40      0x2b5 /tmp/ccLYzVfD.ltrans3.ltrans.o
 .rodata.str1.1
                0x000000000000a1f5        0x2 /tmp/ccLYzVfD.ltrans4.ltrans.o
                                          0x3 (size before relaxing)
 *fill*         0x000000000000a1f7        0x1 
 .rodata.p05.8340
                0x000000000000a1f8        0xc /tmp/ccLYzVfD.ltrans4.ltrans.o
 .rodata.IIO_WriteOne
                0x000000000000a204       0x28 /tmp/ccLYzVfD.ltrans5.ltrans.o
 .rodata.str1.1
                0x000000000000a22c       0x5e /tmp/ccLYzVfD.ltrans5.ltrans.o
 *fill*         0x000000000000a28a        0x6 
 .rodata.__func__.10270
                0x000000000000a290       0x10 /tmp/ccLYzVfD.ltrans5.ltrans.o
 .rodata.str1.1
                0x000000000000a2a0      0x125 /tmp/ccLYzVfD.ltrans6.ltrans.o
 *fill*         0x000000000000a3c5        0x3 
 .rodata.__func__.9742
                0x000000000000a3c8        0xd /tmp/ccLYzVfD.ltrans6.ltrans.o
 *fill*         0x000000000000a3d5        0x3 
 .rodata.__func__.9756
                0x000000000000a3d8        0xd /tmp/ccLYzVfD.ltrans6.ltrans.o
 *fill*         0x000000000000a3e5        0x3 
 .rodata.__func__.9773
                0x000000000000a3e8        0xd /tmp/ccLYzVfD.ltrans6.ltrans.o
 *fill*         0x000000000000a3f5        0x3 
 .rodata.__func__.9777
                0x000000000000a3f8        0xd /tmp/ccLYzVfD.ltrans6.ltrans.o
 *fill*         0x000000000000a405        0x3 
 .rodata.__func__.9781
                0x000000000000a408        0xc /tmp/ccLYzVfD.ltrans6.ltrans.o
 *fill*         0x000000000000a414        0x4 
 .rodata.__func__.9788
                0x000000000000a418        0xb /tmp/ccLYzVfD.ltrans6.ltrans.o
 *fill*         0x000000000000a423        0x5 
 .rodata.__func__.9793
                0x000000000000a428        0xe /tmp/ccLYzVfD.ltrans6.ltrans.o
 *fill*         0x000000000000a436        0x2 
 .rodata.__func__.8559
                0x000000000000a438        0xf /tmp/ccLYzVfD.ltrans6.ltrans.o
 *fill*         0x000000000000a447       0x19 
 .rodata.utf8_code_length
                0x000000000000a460      0x100 /tmp/ccLYzVfD.ltrans6.ltrans.o
 .rodata.str1.1
                0x000000000000a560       0xae /tmp/ccLYzVfD.ltrans7.ltrans.o
 .rodata.__func__.8877
                0x000000000000a60e        0x5 /tmp/ccLYzVfD.ltrans7.ltrans.o
 *fill*         0x000000000000a613        0x5 
 .rodata.__func__.8887
                0x000000000000a618        0x8 /tmp/ccLYzVfD.ltrans7.ltrans.o
 .rodata.str1.1
                0x000000000000a620       0x4b /tmp/ccLYzVfD.ltrans8.ltrans.o
 .rodata.str2.2
                0x000000000000a620       0x28 /tmp/ccLYzVfD.ltrans8.ltrans.o
 .rodata.__func__.8866
                0x000000000000a620        0x7 /tmp/ccLYzVfD.ltrans8.ltrans.o
 .rodata.str1.1
                0x000000000000a627       0x54 /tmp/ccLYzVfD.ltrans9.ltrans.o
 *fill*         0x000000000000a627        0x1 
 .rodata.__func__.9727
                0x000000000000a628        0xd /tmp/ccLYzVfD.ltrans9.ltrans.o
 *fill*         0x000000000000a635        0x3 
 .rodata.__func__.9731
                0x000000000000a638        0xc /tmp/ccLYzVfD.ltrans9.ltrans.o
 *(.got .got.*)
 .got           0x000000000000a644        0x0 RegisterFilterLibNull.obj (symbol from plugin)
 .got.plt       0x000000000000a644        0x0 RegisterFilterLibNull.obj (symbol from plugin)
 *:AutoGen.obj(.data.g*Guid)

.plt            0x000000000000a650        0x0
 .plt           0x000000000000a650        0x0 RegisterFilterLibNull.obj (symbol from plugin)

.plt.got        0x000000000000a648        0x0
 .plt.got       0x000000000000a648        0x0 RegisterFilterLibNull.obj (symbol from plugin)

.data           0x000000000000a680    0x10544
 *(.data .data.* .gnu.linkonce.d.*)
 .data.zeroes.9203
                0x000000000000a680       0x10 /tmp/ccLYzVfD.ltrans0.ltrans.o
 .data.blanks.9202
                0x000000000000a690       0x10 /tmp/ccLYzVfD.ltrans0.ltrans.o
 .data.gEfiShellEnvironment2Guid
                0x000000000000a6a0       0x10 /tmp/ccLYzVfD.ltrans1.ltrans.o
 .data.gEfiShellInterfaceGuid
                0x000000000000a6b0       0x10 /tmp/ccLYzVfD.ltrans1.ltrans.o
 .data.gEfiShellParametersProtocolGuid
                0x000000000000a6c0       0x10 /tmp/ccLYzVfD.ltrans1.ltrans.o
 .data.gEfiShellProtocolGuid
                0x000000000000a6d0       0x10 /tmp/ccLYzVfD.ltrans1.ltrans.o
 .data.gEfiHiiImageProtocolGuid
                0x000000000000a6e0       0x10 /tmp/ccLYzVfD.ltrans1.ltrans.o
 .data.gEfiHiiFontProtocolGuid
                0x000000000000a6f0       0x10 /tmp/ccLYzVfD.ltrans1.ltrans.o
 .data.gEfiHiiConfigRoutingProtocolGuid
                0x000000000000a700       0x10 /tmp/ccLYzVfD.ltrans1.ltrans.o
 .data.gEfiHiiDatabaseProtocolGuid
                0x000000000000a710       0x10 /tmp/ccLYzVfD.ltrans1.ltrans.o
 .data.gEfiHiiStringProtocolGuid
                0x000000000000a720       0x10 /tmp/ccLYzVfD.ltrans1.ltrans.o
 .data.rel.local.daDeviceList
                0x000000000000a730       0x10 /tmp/ccLYzVfD.ltrans1.ltrans.o
 .data.rel.ro.local.stdioNames
                0x000000000000a740       0x18 /tmp/ccLYzVfD.ltrans1.ltrans.o
 *fill*         0x000000000000a758        0x8 
 .data.rel.local.__sF
                0x000000000000a760      0x1f8 /tmp/ccLYzVfD.ltrans3.ltrans.o
                0x000000000000a760                __sF
 *fill*         0x000000000000a958        0x8 
 .data.rel.local.uglue
                0x000000000000a960       0x18 /tmp/ccLYzVfD.ltrans3.ltrans.o
 *fill*         0x000000000000a978        0x8 
 .data.rel.local.__sglue
                0x000000000000a980       0x18 /tmp/ccLYzVfD.ltrans3.ltrans.o
 .data.rel.local.pmem_next
                0x000000000000a998        0x8 /tmp/ccLYzVfD.ltrans4.ltrans.o
 .data.__nlocale_changed
                0x000000000000a9a0        0x4 /tmp/ccLYzVfD.ltrans4.ltrans.o
 .data.__mlocale_changed
                0x000000000000a9a4        0x4 /tmp/ccLYzVfD.ltrans4.ltrans.o
 *fill*         0x000000000000a9a8       0x18 
 .data.Spaces   0x000000000000a9c0       0x22 /tmp/ccLYzVfD.ltrans5.ltrans.o
 *fill*         0x000000000000a9e2        0xe 
 .data.gEfiShellEnvironment2ExtGuid
                0x000000000000a9f0       0x10 /tmp/ccLYzVfD.ltrans5.ltrans.o
                0x000000000000a9f0                gEfiShellEnvironment2ExtGuid
 .data.rel.local.MemPoolHead
                0x000000000000aa00       0x10 /tmp/ccLYzVfD.ltrans8.ltrans.o
 .data.rel.ro   0x000000000000aa10        0x0 RegisterFilterLibNull.obj (symbol from plugin)
 *(.bss .bss.*)
 .bss.__dtoa_result_D2A
                0x000000000000aa10        0x8 /tmp/ccLYzVfD.ltrans0.ltrans.o
                0x000000000000aa10                __dtoa_result_D2A
 .bss.gRT       0x000000000000aa18        0x8 /tmp/ccLYzVfD.ltrans1.ltrans.o
 .bss.gImageHandle
                0x000000000000aa20        0x8 /tmp/ccLYzVfD.ltrans1.ltrans.o
 .bss.mEfiShellEnvironment2Handle
                0x000000000000aa28        0x8 /tmp/ccLYzVfD.ltrans1.ltrans.o
 .bss.mEfiShellInterface
                0x000000000000aa30        0x8 /tmp/ccLYzVfD.ltrans1.ltrans.o
 .bss.gEfiShellParametersProtocol
                0x000000000000aa38        0x8 /tmp/ccLYzVfD.ltrans1.ltrans.o
 .bss.gEfiShellProtocol
                0x000000000000aa40        0x8 /tmp/ccLYzVfD.ltrans1.ltrans.o
 .bss.mEfiShellEnvironment2
                0x000000000000aa48        0x8 /tmp/ccLYzVfD.ltrans1.ltrans.o
 .bss.__wchar_bitmap
                0x000000000000aa50        0x8 /tmp/ccLYzVfD.ltrans1.ltrans.o
 .bss.gHiiImage
                0x000000000000aa58        0x8 /tmp/ccLYzVfD.ltrans1.ltrans.o
 .bss.gHiiFont  0x000000000000aa60        0x8 /tmp/ccLYzVfD.ltrans1.ltrans.o
 .bss.gHiiConfigRouting
                0x000000000000aa68        0x8 /tmp/ccLYzVfD.ltrans1.ltrans.o
 .bss.gHiiDatabase
                0x000000000000aa70        0x8 /tmp/ccLYzVfD.ltrans1.ltrans.o
 .bss.gHiiString
                0x000000000000aa78        0x8 /tmp/ccLYzVfD.ltrans1.ltrans.o
 .bss.daDefaultDevice
                0x000000000000aa80        0x8 /tmp/ccLYzVfD.ltrans1.ltrans.o
 *fill*         0x000000000000aa88        0x8 
 .bss.ConNode   0x000000000000aa90       0x18 /tmp/ccLYzVfD.ltrans1.ltrans.o
 .bss.ConInstanceList
                0x000000000000aaa8        0x8 /tmp/ccLYzVfD.ltrans1.ltrans.o
 *fill*         0x000000000000aab0       0x10 
 .bss.__sFext   0x000000000000aac0       0xf0 /tmp/ccLYzVfD.ltrans3.ltrans.o
 *fill*         0x000000000000abb0       0x10 
 .bss.usual.lto_priv.54
                0x000000000000abc0     0xa560 /tmp/ccLYzVfD.ltrans3.ltrans.o
                0x000000000000abc0                usual.lto_priv.54
 .bss.gMD       0x0000000000015120        0x8 /tmp/ccLYzVfD.ltrans3.ltrans.o
                0x0000000000015120                gMD
 .bss.gST       0x0000000000015128        0x8 /tmp/ccLYzVfD.ltrans3.ltrans.o
                0x0000000000015128                gST
 .bss.gBS       0x0000000000015130        0x8 /tmp/ccLYzVfD.ltrans3.ltrans.o
                0x0000000000015130                gBS
 *fill*         0x0000000000015138        0x8 
 .bss.private_mem
                0x0000000000015140      0x900 /tmp/ccLYzVfD.ltrans4.ltrans.o
 .bss.freelist  0x0000000000015a40      0x208 /tmp/ccLYzVfD.ltrans4.ltrans.o
 .bss.p5s       0x0000000000015c48        0x8 /tmp/ccLYzVfD.ltrans4.ltrans.o
 *fill*         0x0000000000015c50       0x10 
 .bss.ret.7488  0x0000000000015c60       0x60 /tmp/ccLYzVfD.ltrans4.ltrans.o
 .bss.IIO.lto_priv.41
                0x0000000000015cc0        0x8 /tmp/ccLYzVfD.ltrans5.ltrans.o
                0x0000000000015cc0                IIO.lto_priv.41
 .bss.EFIerrno  0x0000000000015cc8        0x8 /tmp/ccLYzVfD.ltrans5.ltrans.o
                0x0000000000015cc8                EFIerrno
 .bss.errno     0x0000000000015cd0        0x4 /tmp/ccLYzVfD.ltrans5.ltrans.o
                0x0000000000015cd0                errno
 *fill*         0x0000000000015cd4        0x4 
 .bss.BufCnt.10234
                0x0000000000015cd8        0x8 /tmp/ccLYzVfD.ltrans6.ltrans.o
 .bss.LocalConvState.lto_priv.56
                0x0000000000015ce0       0x14 /tmp/ccLYzVfD.ltrans6.ltrans.o
                0x0000000000015ce0                LocalConvState.lto_priv.56
 *fill*         0x0000000000015cf4        0xc 
 .bss.usualext  0x0000000000015d00     0x4ec0 /tmp/ccLYzVfD.ltrans8.ltrans.o
 .bss.__sdidinit
                0x000000000001abc0        0x4 /tmp/ccLYzVfD.ltrans8.ltrans.o

.eh_frame       0x000000000001ac00        0x0
 *(.eh_frame)
 .eh_frame      0x000000000001ac00        0x0 RegisterFilterLibNull.obj (symbol from plugin)
 .eh_frame      0x000000000001ac00        0x0 RegisterFilterLibNull.obj (symbol from plugin)

.dynbss         0x000000000001ac00        0x0
 .dynbss        0x000000000001ac00        0x0 RegisterFilterLibNull.obj (symbol from plugin)

.gnu.version_d  0x000000000001ac00        0x0
 .gnu.version_d
                0x000000000001ac00        0x0 RegisterFilterLibNull.obj (symbol from plugin)

.gnu.version    0x000000000001ac00        0x0
 .gnu.version   0x000000000001ac00        0x0 RegisterFilterLibNull.obj (symbol from plugin)

.gnu.version_r  0x000000000001ac00        0x0
 .gnu.version_r
                0x000000000001ac00        0x0 RegisterFilterLibNull.obj (symbol from plugin)

.rela           0x000000000001ac00      0x2b8
 *(.rela .rela.*)
 .rela.plt      0x000000000001ac00        0x0 RegisterFilterLibNull.obj (symbol from plugin)
 .rela.got      0x000000000001ac00        0x0 RegisterFilterLibNull.obj (symbol from plugin)
 .rela.bss      0x000000000001ac00        0x0 RegisterFilterLibNull.obj (symbol from plugin)
 .rela.data.rel.ro
                0x000000000001ac00        0x0 RegisterFilterLibNull.obj (symbol from plugin)
 .rela.ifunc    0x000000000001ac00        0x0 RegisterFilterLibNull.obj (symbol from plugin)
 .rela.data.rel.local.daDeviceList
                0x000000000001ac00       0x30 RegisterFilterLibNull.obj (symbol from plugin)
 .rela.data.rel.ro.local.stdioNames
                0x000000000001ac30       0x48 RegisterFilterLibNull.obj (symbol from plugin)
 .rela.data.rel.local.__sF
                0x000000000001ac78      0x1b0 RegisterFilterLibNull.obj (symbol from plugin)
 .rela.data.rel.local.uglue
                0x000000000001ae28       0x18 RegisterFilterLibNull.obj (symbol from plugin)
 .rela.data.rel.local.__sglue
                0x000000000001ae40       0x30 RegisterFilterLibNull.obj (symbol from plugin)
 .rela.data.rel.local.pmem_next
                0x000000000001ae70       0x18 RegisterFilterLibNull.obj (symbol from plugin)
 .rela.data.rel.local.MemPoolHead
                0x000000000001ae88       0x30 RegisterFilterLibNull.obj (symbol from plugin)

.hii
 *(.hii)

.build-id       0x000000000001aeb8       0x24
 *(.note.gnu.build-id)
 .note.gnu.build-id
                0x000000000001aeb8       0x24 RegisterFilterLibNull.obj (symbol from plugin)

/DISCARD/
 *(.note.GNU-stack)
 *(.gnu_debuglink)
 *(.interp)
 *(.dynsym)
 *(.dynstr)
 *(.dynamic)
 *(.hash .gnu.hash)
 *(.comment)
OUTPUT(/home/hcj/UEFIWorkspace/Build/HcjPkg/DEBUG_GCC5/X64/HcjPkg/Applications/OSApp/OSApp/DEBUG/OSApp.dll elf64-x86-64)

.debug_info     0x0000000000000000    0x15a75
 .debug_info    0x0000000000000000     0x21f4 /tmp/ccLYzVfD.ltrans0.ltrans.o
 .debug_info    0x00000000000021f4     0x5961 /tmp/ccLYzVfD.ltrans1.ltrans.o
 .debug_info    0x0000000000007b55      0x8a2 /tmp/ccLYzVfD.ltrans2.ltrans.o
 .debug_info    0x00000000000083f7     0x319c /tmp/ccLYzVfD.ltrans3.ltrans.o
 .debug_info    0x000000000000b593     0x2162 /tmp/ccLYzVfD.ltrans4.ltrans.o
 .debug_info    0x000000000000d6f5     0x24f6 /tmp/ccLYzVfD.ltrans5.ltrans.o
 .debug_info    0x000000000000fbeb     0x2218 /tmp/ccLYzVfD.ltrans6.ltrans.o
 .debug_info    0x0000000000011e03      0xc90 /tmp/ccLYzVfD.ltrans7.ltrans.o
 .debug_info    0x0000000000012a93     0x1bb0 /tmp/ccLYzVfD.ltrans8.ltrans.o
 .debug_info    0x0000000000014643     0x12d6 /tmp/ccLYzVfD.ltrans9.ltrans.o
 .debug_info    0x0000000000015919      0x15c /tmp/ccLYzVfD.ltrans10.ltrans.o

.debug_abbrev   0x0000000000000000     0x2458
 .debug_abbrev  0x0000000000000000      0x381 /tmp/ccLYzVfD.ltrans0.ltrans.o
 .debug_abbrev  0x0000000000000381      0x3f3 /tmp/ccLYzVfD.ltrans1.ltrans.o
 .debug_abbrev  0x0000000000000774      0x169 /tmp/ccLYzVfD.ltrans2.ltrans.o
 .debug_abbrev  0x00000000000008dd      0x356 /tmp/ccLYzVfD.ltrans3.ltrans.o
 .debug_abbrev  0x0000000000000c33      0x478 /tmp/ccLYzVfD.ltrans4.ltrans.o
 .debug_abbrev  0x00000000000010ab      0x480 /tmp/ccLYzVfD.ltrans5.ltrans.o
 .debug_abbrev  0x000000000000152b      0x3ed /tmp/ccLYzVfD.ltrans6.ltrans.o
 .debug_abbrev  0x0000000000001918      0x3a4 /tmp/ccLYzVfD.ltrans7.ltrans.o
 .debug_abbrev  0x0000000000001cbc      0x3fc /tmp/ccLYzVfD.ltrans8.ltrans.o
 .debug_abbrev  0x00000000000020b8      0x2da /tmp/ccLYzVfD.ltrans9.ltrans.o
 .debug_abbrev  0x0000000000002392       0xc6 /tmp/ccLYzVfD.ltrans10.ltrans.o

.debug_loc      0x0000000000000000    0x13f8c
 .debug_loc     0x0000000000000000     0x5135 /tmp/ccLYzVfD.ltrans0.ltrans.o
 .debug_loc     0x0000000000005135      0xa63 /tmp/ccLYzVfD.ltrans1.ltrans.o
 .debug_loc     0x0000000000005b98     0x104c /tmp/ccLYzVfD.ltrans2.ltrans.o
 .debug_loc     0x0000000000006be4     0x1d23 /tmp/ccLYzVfD.ltrans3.ltrans.o
 .debug_loc     0x0000000000008907     0x3005 /tmp/ccLYzVfD.ltrans4.ltrans.o
 .debug_loc     0x000000000000b90c     0x2b27 /tmp/ccLYzVfD.ltrans5.ltrans.o
 .debug_loc     0x000000000000e433     0x251d /tmp/ccLYzVfD.ltrans6.ltrans.o
 .debug_loc     0x0000000000010950     0x174b /tmp/ccLYzVfD.ltrans7.ltrans.o
 .debug_loc     0x000000000001209b     0x11a0 /tmp/ccLYzVfD.ltrans8.ltrans.o
 .debug_loc     0x000000000001323b      0xc5a /tmp/ccLYzVfD.ltrans9.ltrans.o
 .debug_loc     0x0000000000013e95       0xf7 /tmp/ccLYzVfD.ltrans10.ltrans.o

.debug_aranges  0x0000000000000000      0x840
 .debug_aranges
                0x0000000000000000       0x30 /tmp/ccLYzVfD.ltrans0.ltrans.o
 .debug_aranges
                0x0000000000000030       0x30 /tmp/ccLYzVfD.ltrans1.ltrans.o
 .debug_aranges
                0x0000000000000060       0x30 /tmp/ccLYzVfD.ltrans2.ltrans.o
 .debug_aranges
                0x0000000000000090       0x80 /tmp/ccLYzVfD.ltrans3.ltrans.o
 .debug_aranges
                0x0000000000000110      0x200 /tmp/ccLYzVfD.ltrans4.ltrans.o
 .debug_aranges
                0x0000000000000310      0x180 /tmp/ccLYzVfD.ltrans5.ltrans.o
 .debug_aranges
                0x0000000000000490       0xf0 /tmp/ccLYzVfD.ltrans6.ltrans.o
 .debug_aranges
                0x0000000000000580       0xe0 /tmp/ccLYzVfD.ltrans7.ltrans.o
 .debug_aranges
                0x0000000000000660       0xb0 /tmp/ccLYzVfD.ltrans8.ltrans.o
 .debug_aranges
                0x0000000000000710      0x100 /tmp/ccLYzVfD.ltrans9.ltrans.o
 .debug_aranges
                0x0000000000000810       0x30 /tmp/ccLYzVfD.ltrans10.ltrans.o

.debug_ranges   0x0000000000000000     0x2340
 .debug_ranges  0x0000000000000000      0xbd0 /tmp/ccLYzVfD.ltrans0.ltrans.o
 .debug_ranges  0x0000000000000bd0      0x680 /tmp/ccLYzVfD.ltrans1.ltrans.o
 .debug_ranges  0x0000000000001250       0x20 /tmp/ccLYzVfD.ltrans2.ltrans.o
 .debug_ranges  0x0000000000001270      0x130 /tmp/ccLYzVfD.ltrans3.ltrans.o
 .debug_ranges  0x00000000000013a0      0x460 /tmp/ccLYzVfD.ltrans4.ltrans.o
 .debug_ranges  0x0000000000001800      0x210 /tmp/ccLYzVfD.ltrans5.ltrans.o
 .debug_ranges  0x0000000000001a10      0x3f0 /tmp/ccLYzVfD.ltrans6.ltrans.o
 .debug_ranges  0x0000000000001e00      0x190 /tmp/ccLYzVfD.ltrans7.ltrans.o
 .debug_ranges  0x0000000000001f90      0x240 /tmp/ccLYzVfD.ltrans8.ltrans.o
 .debug_ranges  0x00000000000021d0      0x150 /tmp/ccLYzVfD.ltrans9.ltrans.o
 .debug_ranges  0x0000000000002320       0x20 /tmp/ccLYzVfD.ltrans10.ltrans.o

.debug_line     0x0000000000000000     0x54ff
 .debug_line    0x0000000000000000      0x95a /tmp/ccLYzVfD.ltrans0.ltrans.o
 .debug_line    0x000000000000095a      0xc69 /tmp/ccLYzVfD.ltrans1.ltrans.o
 .debug_line    0x00000000000015c3      0x272 /tmp/ccLYzVfD.ltrans2.ltrans.o
 .debug_line    0x0000000000001835      0xae8 /tmp/ccLYzVfD.ltrans3.ltrans.o
 .debug_line    0x000000000000231d      0xa37 /tmp/ccLYzVfD.ltrans4.ltrans.o
 .debug_line    0x0000000000002d54      0xc40 /tmp/ccLYzVfD.ltrans5.ltrans.o
 .debug_line    0x0000000000003994      0x7c2 /tmp/ccLYzVfD.ltrans6.ltrans.o
 .debug_line    0x0000000000004156      0x56a /tmp/ccLYzVfD.ltrans7.ltrans.o
 .debug_line    0x00000000000046c0      0x7c5 /tmp/ccLYzVfD.ltrans8.ltrans.o
 .debug_line    0x0000000000004e85      0x569 /tmp/ccLYzVfD.ltrans9.ltrans.o
 .debug_line    0x00000000000053ee      0x111 /tmp/ccLYzVfD.ltrans10.ltrans.o

.debug_str      0x0000000000000000     0x530b
 .debug_str     0x0000000000000000      0x849 /tmp/ccLYzVfD.ltrans0.ltrans.o
                                        0x9a3 (size before relaxing)
 .debug_str     0x0000000000000849     0x32ad /tmp/ccLYzVfD.ltrans1.ltrans.o
                                       0x3a24 (size before relaxing)
 .debug_str     0x0000000000003af6      0x138 /tmp/ccLYzVfD.ltrans2.ltrans.o
                                        0x5ad (size before relaxing)
 .debug_str     0x0000000000003c2e      0x552 /tmp/ccLYzVfD.ltrans3.ltrans.o
                                       0x1d9a (size before relaxing)
 .debug_str     0x0000000000004180      0x39b /tmp/ccLYzVfD.ltrans4.ltrans.o
                                        0xa86 (size before relaxing)
 .debug_str     0x000000000000451b      0x4f9 /tmp/ccLYzVfD.ltrans5.ltrans.o
                                       0x123b (size before relaxing)
 .debug_str     0x0000000000004a14      0x30d /tmp/ccLYzVfD.ltrans6.ltrans.o
                                        0xb85 (size before relaxing)
 .debug_str     0x0000000000004d21      0x1fa /tmp/ccLYzVfD.ltrans7.ltrans.o
                                        0x5db (size before relaxing)
 .debug_str     0x0000000000004f1b      0x17a /tmp/ccLYzVfD.ltrans8.ltrans.o
                                        0xc2c (size before relaxing)
 .debug_str     0x0000000000005095      0x233 /tmp/ccLYzVfD.ltrans9.ltrans.o
                                        0x959 (size before relaxing)
 .debug_str     0x00000000000052c8       0x43 /tmp/ccLYzVfD.ltrans10.ltrans.o
                                        0x290 (size before relaxing)

.debug_frame    0x0000000000000000     0x1aa0
 .debug_frame   0x0000000000000000       0xa8 /tmp/ccLYzVfD.ltrans0.ltrans.o
 .debug_frame   0x00000000000000a8       0x78 /tmp/ccLYzVfD.ltrans1.ltrans.o
 .debug_frame   0x0000000000000120       0x70 /tmp/ccLYzVfD.ltrans2.ltrans.o
 .debug_frame   0x0000000000000190      0x230 /tmp/ccLYzVfD.ltrans3.ltrans.o
 .debug_frame   0x00000000000003c0      0x548 /tmp/ccLYzVfD.ltrans4.ltrans.o
 .debug_frame   0x0000000000000908      0x5a0 /tmp/ccLYzVfD.ltrans5.ltrans.o
 .debug_frame   0x0000000000000ea8      0x4f8 /tmp/ccLYzVfD.ltrans6.ltrans.o
 .debug_frame   0x00000000000013a0      0x1b0 /tmp/ccLYzVfD.ltrans7.ltrans.o
 .debug_frame   0x0000000000001550      0x298 /tmp/ccLYzVfD.ltrans8.ltrans.o
 .debug_frame   0x00000000000017e8      0x248 /tmp/ccLYzVfD.ltrans9.ltrans.o
 .debug_frame   0x0000000000001a30       0x70 /tmp/ccLYzVfD.ltrans10.ltrans.o
