Archive member included to satisfy reference by file (symbol)

/home/hcj/UEFIWorkspace/Build/OvmfX64/DEBUG_GCC5/X64/MdeModulePkg/Universal/DevicePathDxe/DevicePathDxe/OUTPUT/DevicePathDxe.lib(DevicePath.obj)
                              (--whole-archive)
/home/hcj/UEFIWorkspace/Build/OvmfX64/DEBUG_GCC5/X64/MdeModulePkg/Universal/DevicePathDxe/DevicePathDxe/OUTPUT/DevicePathDxe.lib(AutoGen.obj)
                              (--whole-archive)
/home/hcj/UEFIWorkspace/Build/OvmfX64/DEBUG_GCC5/X64/MdePkg/Library/RegisterFilterLibNull/RegisterFilterLibNull/OUTPUT/FilterLibNull.lib(RegisterFilterLibNull.obj)
                              (--whole-archive)
/home/hcj/UEFIWorkspace/Build/OvmfX64/DEBUG_GCC5/X64/MdePkg/Library/BaseMemoryLibRepStr/BaseMemoryLibRepStr/OUTPUT/BaseMemoryLibRepStr.lib(ScanMem64Wrapper.obj)
                              (--whole-archive)
/home/hcj/UEFIWorkspace/Build/OvmfX64/DEBUG_GCC5/X64/MdePkg/Library/BaseMemoryLibRepStr/BaseMemoryLibRepStr/OUTPUT/BaseMemoryLibRepStr.lib(ScanMem32Wrapper.obj)
                              (--whole-archive)
/home/hcj/UEFIWorkspace/Build/OvmfX64/DEBUG_GCC5/X64/MdePkg/Library/BaseMemoryLibRepStr/BaseMemoryLibRepStr/OUTPUT/BaseMemoryLibRepStr.lib(ScanMem16Wrapper.obj)
                              (--whole-archive)
/home/hcj/UEFIWorkspace/Build/OvmfX64/DEBUG_GCC5/X64/MdePkg/Library/BaseMemoryLibRepStr/BaseMemoryLibRepStr/OUTPUT/BaseMemoryLibRepStr.lib(ScanMem8Wrapper.obj)
                              (--whole-archive)
/home/hcj/UEFIWorkspace/Build/OvmfX64/DEBUG_GCC5/X64/MdePkg/Library/BaseMemoryLibRepStr/BaseMemoryLibRepStr/OUTPUT/BaseMemoryLibRepStr.lib(ZeroMemWrapper.obj)
                              (--whole-archive)
/home/hcj/UEFIWorkspace/Build/OvmfX64/DEBUG_GCC5/X64/MdePkg/Library/BaseMemoryLibRepStr/BaseMemoryLibRepStr/OUTPUT/BaseMemoryLibRepStr.lib(CompareMemWrapper.obj)
                              (--whole-archive)
/home/hcj/UEFIWorkspace/Build/OvmfX64/DEBUG_GCC5/X64/MdePkg/Library/BaseMemoryLibRepStr/BaseMemoryLibRepStr/OUTPUT/BaseMemoryLibRepStr.lib(SetMem64Wrapper.obj)
                              (--whole-archive)
/home/hcj/UEFIWorkspace/Build/OvmfX64/DEBUG_GCC5/X64/MdePkg/Library/BaseMemoryLibRepStr/BaseMemoryLibRepStr/OUTPUT/BaseMemoryLibRepStr.lib(SetMem32Wrapper.obj)
                              (--whole-archive)
/home/hcj/UEFIWorkspace/Build/OvmfX64/DEBUG_GCC5/X64/MdePkg/Library/BaseMemoryLibRepStr/BaseMemoryLibRepStr/OUTPUT/BaseMemoryLibRepStr.lib(SetMem16Wrapper.obj)
                              (--whole-archive)
/home/hcj/UEFIWorkspace/Build/OvmfX64/DEBUG_GCC5/X64/MdePkg/Library/BaseMemoryLibRepStr/BaseMemoryLibRepStr/OUTPUT/BaseMemoryLibRepStr.lib(SetMemWrapper.obj)
                              (--whole-archive)
/home/hcj/UEFIWorkspace/Build/OvmfX64/DEBUG_GCC5/X64/MdePkg/Library/BaseMemoryLibRepStr/BaseMemoryLibRepStr/OUTPUT/BaseMemoryLibRepStr.lib(CopyMemWrapper.obj)
                              (--whole-archive)
/home/hcj/UEFIWorkspace/Build/OvmfX64/DEBUG_GCC5/X64/MdePkg/Library/BaseMemoryLibRepStr/BaseMemoryLibRepStr/OUTPUT/BaseMemoryLibRepStr.lib(IsZeroBufferWrapper.obj)
                              (--whole-archive)
/home/hcj/UEFIWorkspace/Build/OvmfX64/DEBUG_GCC5/X64/MdePkg/Library/BaseMemoryLibRepStr/BaseMemoryLibRepStr/OUTPUT/BaseMemoryLibRepStr.lib(MemLibGuid.obj)
                              (--whole-archive)
/home/hcj/UEFIWorkspace/Build/OvmfX64/DEBUG_GCC5/X64/MdePkg/Library/BaseMemoryLibRepStr/BaseMemoryLibRepStr/OUTPUT/BaseMemoryLibRepStr.lib(ScanMem64.obj)
                              (--whole-archive)
/home/hcj/UEFIWorkspace/Build/OvmfX64/DEBUG_GCC5/X64/MdePkg/Library/BaseMemoryLibRepStr/BaseMemoryLibRepStr/OUTPUT/BaseMemoryLibRepStr.lib(ScanMem32.obj)
                              (--whole-archive)
/home/hcj/UEFIWorkspace/Build/OvmfX64/DEBUG_GCC5/X64/MdePkg/Library/BaseMemoryLibRepStr/BaseMemoryLibRepStr/OUTPUT/BaseMemoryLibRepStr.lib(ScanMem16.obj)
                              (--whole-archive)
/home/hcj/UEFIWorkspace/Build/OvmfX64/DEBUG_GCC5/X64/MdePkg/Library/BaseMemoryLibRepStr/BaseMemoryLibRepStr/OUTPUT/BaseMemoryLibRepStr.lib(ScanMem8.obj)
                              (--whole-archive)
/home/hcj/UEFIWorkspace/Build/OvmfX64/DEBUG_GCC5/X64/MdePkg/Library/BaseMemoryLibRepStr/BaseMemoryLibRepStr/OUTPUT/BaseMemoryLibRepStr.lib(CompareMem.obj)
                              (--whole-archive)
/home/hcj/UEFIWorkspace/Build/OvmfX64/DEBUG_GCC5/X64/MdePkg/Library/BaseMemoryLibRepStr/BaseMemoryLibRepStr/OUTPUT/BaseMemoryLibRepStr.lib(ZeroMem.obj)
                              (--whole-archive)
/home/hcj/UEFIWorkspace/Build/OvmfX64/DEBUG_GCC5/X64/MdePkg/Library/BaseMemoryLibRepStr/BaseMemoryLibRepStr/OUTPUT/BaseMemoryLibRepStr.lib(SetMem64.obj)
                              (--whole-archive)
/home/hcj/UEFIWorkspace/Build/OvmfX64/DEBUG_GCC5/X64/MdePkg/Library/BaseMemoryLibRepStr/BaseMemoryLibRepStr/OUTPUT/BaseMemoryLibRepStr.lib(SetMem32.obj)
                              (--whole-archive)
[...]
Memory Configuration

Name             Origin             Length             Attributes
*default*        0x0000000000000000 0xffffffffffffffff

Linker script and memory map

LOAD /tmp/ccwvPmL1.ltrans0.ltrans.o
LOAD /tmp/ccwvPmL1.ltrans1.ltrans.o
LOAD /tmp/ccwvPmL1.ltrans2.ltrans.o
LOAD /tmp/ccwvPmL1.ltrans3.ltrans.o
LOAD /tmp/ccwvPmL1.ltrans4.ltrans.o
LOAD /tmp/ccwvPmL1.ltrans5.ltrans.o
LOAD /tmp/ccwvPmL1.ltrans6.ltrans.o
LOAD /tmp/ccwvPmL1.ltrans7.ltrans.o
LOAD /tmp/ccwvPmL1.ltrans8.ltrans.o
START GROUP
LOAD /home/hcj/UEFIWorkspace/Build/OvmfX64/DEBUG_GCC5/X64/MdeModulePkg/Universal/DevicePathDxe/DevicePathDxe/OUTPUT/DevicePathDxe.lib
LOAD /home/hcj/UEFIWorkspace/Build/OvmfX64/DEBUG_GCC5/X64/MdePkg/Library/RegisterFilterLibNull/RegisterFilterLibNull/OUTPUT/FilterLibNull.lib
LOAD /home/hcj/UEFIWorkspace/Build/OvmfX64/DEBUG_GCC5/X64/MdePkg/Library/BaseMemoryLibRepStr/BaseMemoryLibRepStr/OUTPUT/BaseMemoryLibRepStr.lib
LOAD /home/hcj/UEFIWorkspace/Build/OvmfX64/DEBUG_GCC5/X64/MdePkg/Library/BasePcdLibNull/BasePcdLibNull/OUTPUT/BasePcdLibNull.lib
LOAD /home/hcj/UEFIWorkspace/Build/OvmfX64/DEBUG_GCC5/X64/MdePkg/Library/BaseLib/BaseLib/OUTPUT/BaseLib.lib
LOAD /home/hcj/UEFIWorkspace/Build/OvmfX64/DEBUG_GCC5/X64/MdePkg/Library/BaseDebugPrintErrorLevelLib/BaseDebugPrintErrorLevelLib/OUTPUT/BaseDebugPrintErrorLevelLib.lib
LOAD /home/hcj/UEFIWorkspace/Build/OvmfX64/DEBUG_GCC5/X64/MdePkg/Library/BasePrintLib/BasePrintLib/OUTPUT/BasePrintLib.lib
LOAD /home/hcj/UEFIWorkspace/Build/OvmfX64/DEBUG_GCC5/X64/MdePkg/Library/BaseIoLibIntrinsic/BaseIoLibIntrinsicSev/OUTPUT/BaseIoLibIntrinsicSev.lib
LOAD /home/hcj/UEFIWorkspace/Build/OvmfX64/DEBUG_GCC5/X64/OvmfPkg/Library/PlatformDebugLibIoPort/PlatformDebugLibIoPort/OUTPUT/PlatformDebugLibIoPort.lib
LOAD /home/hcj/UEFIWorkspace/Build/OvmfX64/DEBUG_GCC5/X64/MdePkg/Library/UefiBootServicesTableLib/UefiBootServicesTableLib/OUTPUT/UefiBootServicesTableLib.lib
LOAD /home/hcj/UEFIWorkspace/Build/OvmfX64/DEBUG_GCC5/X64/MdePkg/Library/UefiMemoryAllocationLib/UefiMemoryAllocationLib/OUTPUT/UefiMemoryAllocationLib.lib
LOAD /home/hcj/UEFIWorkspace/Build/OvmfX64/DEBUG_GCC5/X64/MdePkg/Library/UefiDevicePathLib/UefiDevicePathLib/OUTPUT/UefiDevicePathLib.lib
LOAD /home/hcj/UEFIWorkspace/Build/OvmfX64/DEBUG_GCC5/X64/MdePkg/Library/UefiDriverEntryPoint/UefiDriverEntryPoint/OUTPUT/UefiDriverEntryPoint.lib
END GROUP
                0x0000000000000228                PECOFF_HEADER_SIZE = 0x228
                0x0000000000000228                . = PECOFF_HEADER_SIZE

.text           0x0000000000000240     0xab3c
 *(.text .text.* .stub .gnu.linkonce.t.*)
 .text.PlatformDebugLibIoPortFound
                0x0000000000000240       0x26 /tmp/ccwvPmL1.ltrans0.ltrans.o
 .text.SwapBytes32
                0x0000000000000266       0x12 /tmp/ccwvPmL1.ltrans0.ltrans.o
 .text.DebugPrintEnabled
                0x0000000000000278        0x3 /tmp/ccwvPmL1.ltrans0.ltrans.o
                0x0000000000000278                DebugPrintEnabled
 .text.DebugAssertEnabled
                0x000000000000027b        0x3 /tmp/ccwvPmL1.ltrans0.ltrans.o
                0x000000000000027b                DebugAssertEnabled
 .text.DebugAssert
                0x000000000000027e       0x6a /tmp/ccwvPmL1.ltrans0.ltrans.o
                0x000000000000027e                DebugAssert
 .text.SetDevicePathNodeLength
                0x00000000000002e8       0x87 /tmp/ccwvPmL1.ltrans0.ltrans.o
                0x00000000000002e8                SetDevicePathNodeLength
 .text.UefiDevicePathLibCreateDeviceNode
                0x000000000000036f       0x53 /tmp/ccwvPmL1.ltrans0.ltrans.o
                0x000000000000036f                UefiDevicePathLibCreateDeviceNode
 .text.DevicePathSubType
                0x00000000000003c2       0x37 /tmp/ccwvPmL1.ltrans0.ltrans.o
                0x00000000000003c2                DevicePathSubType
 .text.DevicePathType
                0x00000000000003f9       0x36 /tmp/ccwvPmL1.ltrans0.ltrans.o
                0x00000000000003f9                DevicePathType
 .text.IsDevicePathEndType
                0x000000000000042f       0x41 /tmp/ccwvPmL1.ltrans0.ltrans.o
                0x000000000000042f                IsDevicePathEndType
 .text.IsDevicePathEnd
                0x0000000000000470       0x53 /tmp/ccwvPmL1.ltrans0.ltrans.o
                0x0000000000000470                IsDevicePathEnd
 .text.DebugPrint
                0x00000000000004c3       0x65 /tmp/ccwvPmL1.ltrans0.ltrans.o
                0x00000000000004c3                DebugPrint
 .text.FreePool
                0x0000000000000528       0x5a /tmp/ccwvPmL1.ltrans0.ltrans.o
                0x0000000000000528                FreePool
 .text.UnicodeVSPrint
                0x0000000000000582       0x56 /tmp/ccwvPmL1.ltrans0.ltrans.o
                0x0000000000000582                UnicodeVSPrint
 .text.UefiDevicePathLibCatPrint
                0x00000000000005d8       0xd5 /tmp/ccwvPmL1.ltrans0.ltrans.o
                0x00000000000005d8                UefiDevicePathLibCatPrint
 .text.BasePrintLibFillBuffer
                0x00000000000006ad       0x2e /tmp/ccwvPmL1.ltrans0.ltrans.o
                0x00000000000006ad                BasePrintLibFillBuffer
 .text.WriteUnaligned64
                0x00000000000006db       0x3f /tmp/ccwvPmL1.ltrans0.ltrans.o
                0x00000000000006db                WriteUnaligned64
 .text.ReadUnaligned64
                0x000000000000071a       0x37 /tmp/ccwvPmL1.ltrans0.ltrans.o
                0x000000000000071a                ReadUnaligned64
 .text.ReadUnaligned16
                0x0000000000000751       0x37 /tmp/ccwvPmL1.ltrans0.ltrans.o
                0x0000000000000751                ReadUnaligned16
 .text.DevicePathNodeLength
                0x0000000000000788       0x40 /tmp/ccwvPmL1.ltrans0.ltrans.o
                0x0000000000000788                DevicePathNodeLength
 .text.NextDevicePathNode
                0x00000000000007c8       0x3f /tmp/ccwvPmL1.ltrans0.ltrans.o
                0x00000000000007c8                NextDevicePathNode
 .text.UefiDevicePathLibGetDevicePathSize
                0x0000000000000807       0x4e /tmp/ccwvPmL1.ltrans0.ltrans.o
                0x0000000000000807                UefiDevicePathLibGetDevicePathSize
 .text.UefiDevicePathLibDuplicateDevicePath
                0x0000000000000855       0x24 /tmp/ccwvPmL1.ltrans0.ltrans.o
                0x0000000000000855                UefiDevicePathLibDuplicateDevicePath
 .text.InternalMathSwapBytes64
                0x0000000000000879       0x2f /tmp/ccwvPmL1.ltrans0.ltrans.o
                0x0000000000000879                InternalMathSwapBytes64
 .text.AsciiStrLen
                0x00000000000008a8       0x85 /tmp/ccwvPmL1.ltrans0.ltrans.o
                0x00000000000008a8                AsciiStrLen
 .text.InternalIsHexaDecimalDigitCharacter
                0x000000000000092d       0x1e /tmp/ccwvPmL1.ltrans0.ltrans.o
                0x000000000000092d                InternalIsHexaDecimalDigitCharacter
 .text.InternalHexCharToUintn
                0x000000000000094b       0x27 /tmp/ccwvPmL1.ltrans0.ltrans.o
                0x000000000000094b                InternalHexCharToUintn
 .text.StrLen   0x0000000000000972       0x90 /tmp/ccwvPmL1.ltrans0.ltrans.o
                0x0000000000000972                StrLen
 .text.StrSize  0x0000000000000a02       0x13 /tmp/ccwvPmL1.ltrans0.ltrans.o
                0x0000000000000a02                StrSize
 .text.StrCmp   0x0000000000000a15       0x81 /tmp/ccwvPmL1.ltrans0.ltrans.o
                0x0000000000000a15                StrCmp
 .text.AsciiStrnLenS
                0x0000000000000a96       0x26 /tmp/ccwvPmL1.ltrans0.ltrans.o
                0x0000000000000a96                AsciiStrnLenS
 .text.StrHexToBytes
                0x0000000000000abc      0x21d /tmp/ccwvPmL1.ltrans0.ltrans.o
                0x0000000000000abc                StrHexToBytes
 .text.StrnLenS
                0x0000000000000cd9       0x5d /tmp/ccwvPmL1.ltrans0.ltrans.o
                0x0000000000000cd9                StrnLenS
 .text.StrHexToUintnS
                0x0000000000000d36      0x1e2 /tmp/ccwvPmL1.ltrans0.ltrans.o
                0x0000000000000d36                StrHexToUintnS
 .text.StrDecimalToUintnS
                0x0000000000000f18      0x1c2 /tmp/ccwvPmL1.ltrans0.ltrans.o
                0x0000000000000f18                StrDecimalToUintnS
 .text.CompareGuid
                0x00000000000010da       0x4d /tmp/ccwvPmL1.ltrans0.ltrans.o
                0x00000000000010da                CompareGuid
 .text.CopyGuid
                0x0000000000001127       0x3e /tmp/ccwvPmL1.ltrans0.ltrans.o
                0x0000000000001127                CopyGuid
 .text.StrToGuid
                0x0000000000001165      0x1cc /tmp/ccwvPmL1.ltrans0.ltrans.o
                0x0000000000001165                StrToGuid
 .text.CopyMem  0x0000000000001331       0x90 /tmp/ccwvPmL1.ltrans0.ltrans.o
                0x0000000000001331                CopyMem
 .text.UefiDevicePathLibAppendDevicePath
                0x00000000000013c1       0xa4 /tmp/ccwvPmL1.ltrans0.ltrans.o
                0x00000000000013c1                UefiDevicePathLibAppendDevicePath
 .text.SetDevicePathEndNode
                0x0000000000001465       0x48 /tmp/ccwvPmL1.ltrans0.ltrans.o
                0x0000000000001465                SetDevicePathEndNode
 .text.UefiDevicePathLibAppendDevicePathNode
                0x00000000000014ad       0x88 /tmp/ccwvPmL1.ltrans0.ltrans.o
                0x00000000000014ad                UefiDevicePathLibAppendDevicePathNode
 .text.ZeroMem  0x0000000000001535       0x6f /tmp/ccwvPmL1.ltrans0.ltrans.o
                0x0000000000001535                ZeroMem
 .text.IsHexStr
                0x00000000000015a4       0x26 /tmp/ccwvPmL1.ltrans1.ltrans.o
 .text.DevPathToTextEndInstance
                0x00000000000015ca       0x18 /tmp/ccwvPmL1.ltrans1.ltrans.o
                0x00000000000015ca                DevPathToTextEndInstance
 .text.DevPathToTextBBS
                0x00000000000015e2       0xce /tmp/ccwvPmL1.ltrans1.ltrans.o
                0x00000000000015e2                DevPathToTextBBS
 .text.DevPathRelativeOffsetRange
                0x00000000000016b0       0x20 /tmp/ccwvPmL1.ltrans1.ltrans.o
                0x00000000000016b0                DevPathRelativeOffsetRange
 .text.DevPathToTextFvFile
                0x00000000000016d0       0x1c /tmp/ccwvPmL1.ltrans1.ltrans.o
                0x00000000000016d0                DevPathToTextFvFile
 .text.DevPathToTextFv
                0x00000000000016ec       0x1c /tmp/ccwvPmL1.ltrans1.ltrans.o
                0x00000000000016ec                DevPathToTextFv
 .text.DevPathToTextMediaProtocol
                0x0000000000001708       0x1c /tmp/ccwvPmL1.ltrans1.ltrans.o
                0x0000000000001708                DevPathToTextMediaProtocol
 .text.DevPathToTextFilePath
                0x0000000000001724       0x1c /tmp/ccwvPmL1.ltrans1.ltrans.o
                0x0000000000001724                DevPathToTextFilePath
 .text.DevPathToTextCDROM
                0x0000000000001740       0x40 /tmp/ccwvPmL1.ltrans1.ltrans.o
                0x0000000000001740                DevPathToTextCDROM
 .text.DevPathToTextHardDrive
                0x0000000000001780       0x96 /tmp/ccwvPmL1.ltrans1.ltrans.o
                0x0000000000001780                DevPathToTextHardDrive
 .text.DevPathToTextBluetoothLE
                0x0000000000001816       0x3f /tmp/ccwvPmL1.ltrans1.ltrans.o
                0x0000000000001816                DevPathToTextBluetoothLE
 .text.DevPathToTextBluetooth
                0x0000000000001855       0x37 /tmp/ccwvPmL1.ltrans1.ltrans.o
                0x0000000000001855                DevPathToTextBluetooth
 .text.DevPathToTextVlan
                0x000000000000188c       0x1d /tmp/ccwvPmL1.ltrans1.ltrans.o
                0x000000000000188c                DevPathToTextVlan
 .text.DevPathToTextiSCSI
                0x00000000000018a9      0x124 /tmp/ccwvPmL1.ltrans1.ltrans.o
                0x00000000000018a9                DevPathToTextiSCSI
 .text.DevPathToTextUart
                0x00000000000019cd      0x107 /tmp/ccwvPmL1.ltrans1.ltrans.o
                0x00000000000019cd                DevPathToTextUart
 .text.DevPathToTextInfiniBand
                0x0000000000001ad4       0x2d /tmp/ccwvPmL1.ltrans1.ltrans.o
                0x0000000000001ad4                DevPathToTextInfiniBand
 .text.DevPathToTextNodeGeneric
                0x0000000000001b01      0x117 /tmp/ccwvPmL1.ltrans1.ltrans.o
                0x0000000000001b01                DevPathToTextNodeGeneric
 .text.DevPathToTextRamDisk
                0x0000000000001c18      0x108 /tmp/ccwvPmL1.ltrans1.ltrans.o
                0x0000000000001c18                DevPathToTextRamDisk
 .text.DevPathToTextWiFi
                0x0000000000001d20       0x42 /tmp/ccwvPmL1.ltrans1.ltrans.o
                0x0000000000001d20                DevPathToTextWiFi
 .text.DevPathToTextUri
                0x0000000000001d62       0xa7 /tmp/ccwvPmL1.ltrans1.ltrans.o
                0x0000000000001d62                DevPathToTextUri
 .text.DevPathToTextDns
                0x0000000000001e09       0xa5 /tmp/ccwvPmL1.ltrans1.ltrans.o
                0x0000000000001e09                DevPathToTextDns
 .text.StrToAscii
                0x0000000000001eae       0x22 /tmp/ccwvPmL1.ltrans1.ltrans.o
                0x0000000000001eae                StrToAscii
 .text.Strtoi64
                0x0000000000001ed0      0x193 /tmp/ccwvPmL1.ltrans1.ltrans.o
                0x0000000000001ed0                Strtoi64
 .text.Strtoi   0x0000000000002063       0x3b /tmp/ccwvPmL1.ltrans1.ltrans.o
                0x0000000000002063                Strtoi
 .text.SplitStr
                0x000000000000209e       0x37 /tmp/ccwvPmL1.ltrans1.ltrans.o
                0x000000000000209e                SplitStr
 .text.GetNextParamStr
                0x00000000000020d5        0xa /tmp/ccwvPmL1.ltrans1.ltrans.o
                0x00000000000020d5                GetNextParamStr
 .text.DevPathFromTextPcCard
                0x00000000000020df       0x4d /tmp/ccwvPmL1.ltrans1.ltrans.o
                0x00000000000020df                DevPathFromTextPcCard
 .text.DevPathFromTextPci
                0x000000000000212c       0x6a /tmp/ccwvPmL1.ltrans1.ltrans.o
                0x000000000000212c                DevPathFromTextPci
 .text.DevPathFromTextGenericPath
                0x0000000000002196       0x8e /tmp/ccwvPmL1.ltrans1.ltrans.o
                0x0000000000002196                DevPathFromTextGenericPath
 .text.DevPathFromTextHardwarePath
                0x0000000000002224        0xd /tmp/ccwvPmL1.ltrans1.ltrans.o
                0x0000000000002224                DevPathFromTextHardwarePath
 .text.DevPathFromTextPath
                0x0000000000002231       0x32 /tmp/ccwvPmL1.ltrans1.ltrans.o
                0x0000000000002231                DevPathFromTextPath
 .text.UefiDevicePathLibStrDuplicate
                0x0000000000002263       0x20 /tmp/ccwvPmL1.ltrans1.ltrans.o
                0x0000000000002263                UefiDevicePathLibStrDuplicate
 .text.EisaIdFromText
                0x0000000000002283       0x42 /tmp/ccwvPmL1.ltrans2.ltrans.o
 .text.DevPathFromTextNVMe
                0x00000000000022c5       0xb2 /tmp/ccwvPmL1.ltrans2.ltrans.o
                0x00000000000022c5                DevPathFromTextNVMe
 .text.DevPathFromTextI2O
                0x0000000000002377       0x4d /tmp/ccwvPmL1.ltrans2.ltrans.o
                0x0000000000002377                DevPathFromTextI2O
 .text.DevPathFromTextUsb
                0x00000000000023c4       0x6a /tmp/ccwvPmL1.ltrans2.ltrans.o
                0x00000000000023c4                DevPathFromTextUsb
 .text.DevPathFromTextScsi
                0x000000000000242e       0x6c /tmp/ccwvPmL1.ltrans2.ltrans.o
                0x000000000000242e                DevPathFromTextScsi
 .text.ConvertFromTextAcpi
                0x000000000000249a       0x5f /tmp/ccwvPmL1.ltrans2.ltrans.o
 .text.DevPathFromTextParallelPort
                0x00000000000024f9        0xa /tmp/ccwvPmL1.ltrans2.ltrans.o
                0x00000000000024f9                DevPathFromTextParallelPort
 .text.DevPathFromTextSerial
                0x0000000000002503        0xa /tmp/ccwvPmL1.ltrans2.ltrans.o
                0x0000000000002503                DevPathFromTextSerial
 .text.DevPathFromTextKeyboard
                0x000000000000250d        0xa /tmp/ccwvPmL1.ltrans2.ltrans.o
                0x000000000000250d                DevPathFromTextKeyboard
 .text.DevPathFromTextFloppy
                0x0000000000002517        0xa /tmp/ccwvPmL1.ltrans2.ltrans.o
                0x0000000000002517                DevPathFromTextFloppy
 .text.DevPathFromTextPcieRoot
                0x0000000000002521        0xa /tmp/ccwvPmL1.ltrans2.ltrans.o
                0x0000000000002521                DevPathFromTextPcieRoot
 .text.DevPathFromTextPciRoot
                0x000000000000252b        0xa /tmp/ccwvPmL1.ltrans2.ltrans.o
                0x000000000000252b                DevPathFromTextPciRoot
 .text.DevPathFromTextAcpi
                0x0000000000002535       0x6a /tmp/ccwvPmL1.ltrans2.ltrans.o
                0x0000000000002535                DevPathFromTextAcpi
 .text.DevPathFromTextCtrl
                0x000000000000259f       0x4d /tmp/ccwvPmL1.ltrans2.ltrans.o
                0x000000000000259f                DevPathFromTextCtrl
 .text.DevPathFromTextAta
                0x00000000000025ec      0x109 /tmp/ccwvPmL1.ltrans2.ltrans.o
                0x00000000000025ec                DevPathFromTextAta
 .text.DevPathFromTextFibre
                0x00000000000026f5       0x73 /tmp/ccwvPmL1.ltrans2.ltrans.o
                0x00000000000026f5                DevPathFromTextFibre
 .text.DevPathFromTextMemoryMapped
                0x0000000000002768       0x86 /tmp/ccwvPmL1.ltrans2.ltrans.o
                0x0000000000002768                DevPathFromTextMemoryMapped
 .text.DevPathFromTextSasEx
                0x00000000000027ee      0x250 /tmp/ccwvPmL1.ltrans2.ltrans.o
                0x00000000000027ee                DevPathFromTextSasEx
 .text.DevPathFromTextFibreEx
                0x0000000000002a3e       0x91 /tmp/ccwvPmL1.ltrans2.ltrans.o
                0x0000000000002a3e                DevPathFromTextFibreEx
 .text.DevPathFromTextSAS
                0x0000000000002acf      0x23f /tmp/ccwvPmL1.ltrans2.ltrans.o
                0x0000000000002acf                DevPathFromTextSAS
 .text.DevPathFromTextUartFlowCtrl
                0x0000000000002d0e       0x92 /tmp/ccwvPmL1.ltrans2.ltrans.o
                0x0000000000002d0e                DevPathFromTextUartFlowCtrl
 .text.DevPathFromTextVenUtf8
                0x0000000000002da0       0x36 /tmp/ccwvPmL1.ltrans2.ltrans.o
                0x0000000000002da0                DevPathFromTextVenUtf8
 .text.DevPathFromTextVenVt100Plus
                0x0000000000002dd6       0x36 /tmp/ccwvPmL1.ltrans2.ltrans.o
                0x0000000000002dd6                DevPathFromTextVenVt100Plus
 .text.DevPathFromTextVenVt100
                0x0000000000002e0c       0x36 /tmp/ccwvPmL1.ltrans2.ltrans.o
                0x0000000000002e0c                DevPathFromTextVenVt100
 .text.DevPathFromTextVenPcAnsi
                0x0000000000002e42       0x36 /tmp/ccwvPmL1.ltrans2.ltrans.o
                0x0000000000002e42                DevPathFromTextVenPcAnsi
 .text.DevPathFromTextInfiniband
                0x0000000000002e78       0xc4 /tmp/ccwvPmL1.ltrans2.ltrans.o
                0x0000000000002e78                DevPathFromTextInfiniband
 .text.DevPathFromText1394
                0x0000000000002f3c       0x5d /tmp/ccwvPmL1.ltrans2.ltrans.o
                0x0000000000002f3c                DevPathFromText1394
 .text.DevPathFromTextBmc
                0x0000000000002f99       0x80 /tmp/ccwvPmL1.ltrans2.ltrans.o
                0x0000000000002f99                DevPathFromTextBmc
 .text.DevPathFromTextMsg
                0x0000000000003019        0xd /tmp/ccwvPmL1.ltrans2.ltrans.o
                0x0000000000003019                DevPathFromTextMsg
 .text.DevPathFromTextAcpiPath
                0x0000000000003026        0xd /tmp/ccwvPmL1.ltrans2.ltrans.o
                0x0000000000003026                DevPathFromTextAcpiPath
 .text.DevPathFromTextAcpiAdr
                0x0000000000003033      0x10d /tmp/ccwvPmL1.ltrans2.ltrans.o
                0x0000000000003033                DevPathFromTextAcpiAdr
 .text.DevPathFromTextAcpiExp
                0x0000000000003140       0xc5 /tmp/ccwvPmL1.ltrans2.ltrans.o
                0x0000000000003140                DevPathFromTextAcpiExp
 .text.DevPathFromTextAcpiEx
                0x0000000000003205       0xfe /tmp/ccwvPmL1.ltrans2.ltrans.o
                0x0000000000003205                DevPathFromTextAcpiEx
 .text.ConvertFromTextVendor
                0x0000000000003303       0x8d /tmp/ccwvPmL1.ltrans2.ltrans.o
                0x0000000000003303                ConvertFromTextVendor
 .text.DevPathFromTextVenMsg
                0x0000000000003390        0xf /tmp/ccwvPmL1.ltrans2.ltrans.o
                0x0000000000003390                DevPathFromTextVenMsg
 .text.DevPathFromTextVenHw
                0x000000000000339f        0xf /tmp/ccwvPmL1.ltrans2.ltrans.o
                0x000000000000339f                DevPathFromTextVenHw
 .text.DevPathFromTextBluetoothLE
                0x00000000000033ae       0x7a /tmp/ccwvPmL1.ltrans3.ltrans.o
                0x00000000000033ae                DevPathFromTextBluetoothLE
 .text.DevPathFromTextBluetooth
                0x0000000000003428       0x55 /tmp/ccwvPmL1.ltrans3.ltrans.o
                0x0000000000003428                DevPathFromTextBluetooth
 .text.DevPathFromTextVlan
                0x000000000000347d       0x4e /tmp/ccwvPmL1.ltrans3.ltrans.o
                0x000000000000347d                DevPathFromTextVlan
 .text.DevPathFromTextUnit
                0x00000000000034cb       0x4d /tmp/ccwvPmL1.ltrans3.ltrans.o
                0x00000000000034cb                DevPathFromTextUnit
 .text.ConvertFromTextUsbClass
                0x0000000000003518      0x110 /tmp/ccwvPmL1.ltrans3.ltrans.o
 .text.DevPathFromTextUsbTestAndMeasurement
                0x0000000000003628       0x27 /tmp/ccwvPmL1.ltrans3.ltrans.o
                0x0000000000003628                DevPathFromTextUsbTestAndMeasurement
 .text.DevPathFromTextUsbIrdaBridge
                0x000000000000364f       0x27 /tmp/ccwvPmL1.ltrans3.ltrans.o
                0x000000000000364f                DevPathFromTextUsbIrdaBridge
 .text.DevPathFromTextUsbDeviceFirmwareUpdate
                0x0000000000003676       0x27 /tmp/ccwvPmL1.ltrans3.ltrans.o
                0x0000000000003676                DevPathFromTextUsbDeviceFirmwareUpdate
 .text.DevPathFromTextUsbWireless
                0x000000000000369d       0x22 /tmp/ccwvPmL1.ltrans3.ltrans.o
                0x000000000000369d                DevPathFromTextUsbWireless
 .text.DevPathFromTextUsbDiagnostic
                0x00000000000036bf       0x22 /tmp/ccwvPmL1.ltrans3.ltrans.o
                0x00000000000036bf                DevPathFromTextUsbDiagnostic
 .text.DevPathFromTextUsbVideo
                0x00000000000036e1       0x22 /tmp/ccwvPmL1.ltrans3.ltrans.o
                0x00000000000036e1                DevPathFromTextUsbVideo
 .text.DevPathFromTextUsbSmartCard
                0x0000000000003703       0x22 /tmp/ccwvPmL1.ltrans3.ltrans.o
                0x0000000000003703                DevPathFromTextUsbSmartCard
 .text.DevPathFromTextUsbCDCData
                0x0000000000003725       0x22 /tmp/ccwvPmL1.ltrans3.ltrans.o
                0x0000000000003725                DevPathFromTextUsbCDCData
 .text.DevPathFromTextUsbHub
                0x0000000000003747       0x22 /tmp/ccwvPmL1.ltrans3.ltrans.o
                0x0000000000003747                DevPathFromTextUsbHub
 .text.DevPathFromTextUsbMassStorage
                0x0000000000003769       0x22 /tmp/ccwvPmL1.ltrans3.ltrans.o
                0x0000000000003769                DevPathFromTextUsbMassStorage
 .text.DevPathFromTextUsbPrinter
                0x000000000000378b       0x22 /tmp/ccwvPmL1.ltrans3.ltrans.o
                0x000000000000378b                DevPathFromTextUsbPrinter
 .text.DevPathFromTextUsbImage
                0x00000000000037ad       0x22 /tmp/ccwvPmL1.ltrans3.ltrans.o
                0x00000000000037ad                DevPathFromTextUsbImage
 .text.DevPathFromTextUsbHID
                0x00000000000037cf       0x22 /tmp/ccwvPmL1.ltrans3.ltrans.o
                0x00000000000037cf                DevPathFromTextUsbHID
 .text.DevPathFromTextUsbCDCControl
                0x00000000000037f1       0x22 /tmp/ccwvPmL1.ltrans3.ltrans.o
                0x00000000000037f1                DevPathFromTextUsbCDCControl
 .text.DevPathFromTextUsbAudio
                0x0000000000003813       0x22 /tmp/ccwvPmL1.ltrans3.ltrans.o
                0x0000000000003813                DevPathFromTextUsbAudio
 .text.DevPathFromTextUsbClass
                0x0000000000003835       0x1d /tmp/ccwvPmL1.ltrans3.ltrans.o
                0x0000000000003835                DevPathFromTextUsbClass
 .text.DevPathFromTextMAC
                0x0000000000003852       0x80 /tmp/ccwvPmL1.ltrans3.ltrans.o
                0x0000000000003852                DevPathFromTextMAC
 .text.DevPathFromTextEmmc
                0x00000000000038d2       0x4d /tmp/ccwvPmL1.ltrans3.ltrans.o
                0x00000000000038d2                DevPathFromTextEmmc
 .text.DevPathFromTextSd
                0x000000000000391f       0x4d /tmp/ccwvPmL1.ltrans3.ltrans.o
                0x000000000000391f                DevPathFromTextSd
 .text.DevPathFromTextUfs
                0x000000000000396c       0x6a /tmp/ccwvPmL1.ltrans3.ltrans.o
                0x000000000000396c                DevPathFromTextUfs
 .text.DevPathFromTextUsbWwid
                0x00000000000039d6       0xf6 /tmp/ccwvPmL1.ltrans3.ltrans.o
                0x00000000000039d6                DevPathFromTextUsbWwid
 .text.DevPathFromTextWiFi
                0x0000000000003acc      0x24b /tmp/ccwvPmL1.ltrans3.ltrans.o
                0x0000000000003acc                DevPathFromTextWiFi
 .text.DevPathFromTextUart
                0x0000000000003d17      0x1aa /tmp/ccwvPmL1.ltrans3.ltrans.o
                0x0000000000003d17                DevPathFromTextUart
 .text.DevPathFromTextiSCSI
                0x0000000000003ec1      0x19b /tmp/ccwvPmL1.ltrans3.ltrans.o
                0x0000000000003ec1                DevPathFromTextiSCSI
 .text.DevPathFromTextIPv6
                0x000000000000405c      0x1a2 /tmp/ccwvPmL1.ltrans3.ltrans.o
                0x000000000000405c                DevPathFromTextIPv6
 .text.DevPathFromTextIPv4
                0x00000000000041fe      0x181 /tmp/ccwvPmL1.ltrans3.ltrans.o
                0x00000000000041fe                DevPathFromTextIPv4
 .text.DevPathFromTextDebugPort
                0x000000000000437f       0x36 /tmp/ccwvPmL1.ltrans3.ltrans.o
                0x000000000000437f                DevPathFromTextDebugPort
 .text.GetDevicePathSize
                0x00000000000043b5        0x5 /tmp/ccwvPmL1.ltrans4.ltrans.o
                0x00000000000043b5                GetDevicePathSize
 .text.DuplicateDevicePath
                0x00000000000043ba        0x5 /tmp/ccwvPmL1.ltrans4.ltrans.o
                0x00000000000043ba                DuplicateDevicePath
 .text.AppendDevicePathInstance
                0x00000000000043bf       0xc0 /tmp/ccwvPmL1.ltrans4.ltrans.o
                0x00000000000043bf                AppendDevicePathInstance
 .text.AppendDevicePathNode
                0x000000000000447f        0x5 /tmp/ccwvPmL1.ltrans4.ltrans.o
                0x000000000000447f                AppendDevicePathNode
 .text.AppendDevicePath
                0x0000000000004484        0x5 /tmp/ccwvPmL1.ltrans4.ltrans.o
                0x0000000000004484                AppendDevicePath
 .text.DevPathFromTextSata
                0x0000000000004489       0x96 /tmp/ccwvPmL1.ltrans4.ltrans.o
 .text.DevPathFromTextUri
                0x000000000000451f       0x62 /tmp/ccwvPmL1.ltrans4.ltrans.o
 .text.DevPathFromTextBBS
                0x0000000000004581      0x171 /tmp/ccwvPmL1.ltrans4.ltrans.o
 .text.DevPathFromTextBbsPath
                0x00000000000046f2        0xd /tmp/ccwvPmL1.ltrans4.ltrans.o
 .text.DevPathFromTextMediaPath
                0x00000000000046ff        0xd /tmp/ccwvPmL1.ltrans4.ltrans.o
 .text.DevPathFromTextPersistentVirtualCd
                0x000000000000470c       0xc9 /tmp/ccwvPmL1.ltrans4.ltrans.o
 .text.DevPathFromTextPersistentVirtualDisk
                0x00000000000047d5       0xc9 /tmp/ccwvPmL1.ltrans4.ltrans.o
 .text.DevPathFromTextVirtualCd
                0x000000000000489e       0xc9 /tmp/ccwvPmL1.ltrans4.ltrans.o
 .text.DevPathFromTextVirtualDisk
                0x0000000000004967       0xc9 /tmp/ccwvPmL1.ltrans4.ltrans.o
 .text.DevPathFromTextRelativeOffsetRange
                0x0000000000004a30       0x6c /tmp/ccwvPmL1.ltrans4.ltrans.o
 .text.DevPathFromTextCDROM
                0x0000000000004a9c       0x86 /tmp/ccwvPmL1.ltrans4.ltrans.o
 .text.DevPathFromTextRamDisk
                0x0000000000004b22       0xd4 /tmp/ccwvPmL1.ltrans4.ltrans.o
 .text.DevPathFromTextFvFile
                0x0000000000004bf6       0x4a /tmp/ccwvPmL1.ltrans4.ltrans.o
 .text.DevPathFromTextFv
                0x0000000000004c40       0x4a /tmp/ccwvPmL1.ltrans4.ltrans.o
 .text.DevPathFromTextMedia
                0x0000000000004c8a       0x4a /tmp/ccwvPmL1.ltrans4.ltrans.o
 .text.DevPathFromTextVenMedia
                0x0000000000004cd4        0xf /tmp/ccwvPmL1.ltrans4.ltrans.o
 .text.DevPathFromTextHD
                0x0000000000004ce3      0x146 /tmp/ccwvPmL1.ltrans4.ltrans.o
 .text.DevPathFromTextDns
                0x0000000000004e29      0x127 /tmp/ccwvPmL1.ltrans4.ltrans.o
 .text.UefiDevicePathLibConvertTextToDeviceNode
                0x0000000000004f50      0x433 /tmp/ccwvPmL1.ltrans4.ltrans.o
                0x0000000000004f50                UefiDevicePathLibConvertTextToDeviceNode
 .text.ConvertDeviceNodeToText
                0x0000000000005383       0xb1 /tmp/ccwvPmL1.ltrans5.ltrans.o
 .text.ConvertTextToDeviceNode
                0x0000000000005434        0x5 /tmp/ccwvPmL1.ltrans5.ltrans.o
 .text.CreateDeviceNode
                0x0000000000005439        0xf /tmp/ccwvPmL1.ltrans5.ltrans.o
                0x0000000000005439                CreateDeviceNode
 .text.StrToIpv6Address.constprop.9
                0x0000000000005448      0x2a8 /tmp/ccwvPmL1.ltrans5.ltrans.o
                0x0000000000005448                StrToIpv6Address.constprop.9
 .text.StrToIpv4Address.constprop.8
                0x00000000000056f0      0x192 /tmp/ccwvPmL1.ltrans5.ltrans.o
                0x00000000000056f0                StrToIpv4Address.constprop.8
 .text.UnicodeSPrint.constprop.6
                0x0000000000005882       0x29 /tmp/ccwvPmL1.ltrans5.ltrans.o
                0x0000000000005882                UnicodeSPrint.constprop.6
 .text.InternalAllocatePool.constprop.5
                0x00000000000058ab       0x37 /tmp/ccwvPmL1.ltrans5.ltrans.o
                0x00000000000058ab                InternalAllocatePool.constprop.5
 .text.ConvertTextToDevicePath
                0x00000000000058e2      0x1c2 /tmp/ccwvPmL1.ltrans5.ltrans.o
 .text.InternalAllocateZeroPool.constprop.4
                0x0000000000005aa4       0x23 /tmp/ccwvPmL1.ltrans5.ltrans.o
                0x0000000000005aa4                InternalAllocateZeroPool.constprop.4
 .text.InternalAllocateCopyPool.constprop.3
                0x0000000000005ac7       0x90 /tmp/ccwvPmL1.ltrans5.ltrans.o
                0x0000000000005ac7                InternalAllocateCopyPool.constprop.3
 .text.ConvertDevicePathToText
                0x0000000000005b57      0x118 /tmp/ccwvPmL1.ltrans5.ltrans.o
 .text.InternalReallocatePool.constprop.2
                0x0000000000005c6f       0x55 /tmp/ccwvPmL1.ltrans5.ltrans.o
                0x0000000000005c6f                InternalReallocatePool.constprop.2
 .text.IsDevicePathValid.constprop.0
                0x0000000000005cc4       0x90 /tmp/ccwvPmL1.ltrans5.ltrans.o
                0x0000000000005cc4                IsDevicePathValid.constprop.0
 .text.IsDevicePathMultiInstance
                0x0000000000005d54       0x7e /tmp/ccwvPmL1.ltrans5.ltrans.o
 .text.GetNextDevicePathInstance
                0x0000000000005dd2       0xc7 /tmp/ccwvPmL1.ltrans5.ltrans.o
 .text._ModuleEntryPoint
                0x0000000000005e99       0xf8 /tmp/ccwvPmL1.ltrans5.ltrans.o
                0x0000000000005e99                _ModuleEntryPoint
 .text.CatNetworkProtocol
                0x0000000000005f91       0x49 /tmp/ccwvPmL1.ltrans6.ltrans.o
 .text.DevPathToTextMacAddr
                0x0000000000005fda       0x80 /tmp/ccwvPmL1.ltrans6.ltrans.o
                0x0000000000005fda                DevPathToTextMacAddr
 .text.DevPathToTextI2O
                0x000000000000605a       0x1c /tmp/ccwvPmL1.ltrans6.ltrans.o
                0x000000000000605a                DevPathToTextI2O
 .text.DevPathToTextSata
                0x0000000000006076       0x2b /tmp/ccwvPmL1.ltrans6.ltrans.o
                0x0000000000006076                DevPathToTextSata
 .text.DevPathToTextUsbClass
                0x00000000000060a1      0x1ad /tmp/ccwvPmL1.ltrans6.ltrans.o
                0x00000000000060a1                DevPathToTextUsbClass
 .text.DevPathToTextLogicalUnit
                0x000000000000624e       0x1d /tmp/ccwvPmL1.ltrans6.ltrans.o
                0x000000000000624e                DevPathToTextLogicalUnit
 .text.DevPathToTextUsb
                0x000000000000626b       0x22 /tmp/ccwvPmL1.ltrans6.ltrans.o
                0x000000000000626b                DevPathToTextUsb
 .text.DevPathToText1394
                0x000000000000628d       0x1c /tmp/ccwvPmL1.ltrans6.ltrans.o
                0x000000000000628d                DevPathToText1394
 .text.DevPathToTextEmmc
                0x00000000000062a9       0x1d /tmp/ccwvPmL1.ltrans6.ltrans.o
                0x00000000000062a9                DevPathToTextEmmc
 .text.DevPathToTextSd
                0x00000000000062c6       0x1d /tmp/ccwvPmL1.ltrans6.ltrans.o
                0x00000000000062c6                DevPathToTextSd
 .text.DevPathToTextUfs
                0x00000000000062e3       0x22 /tmp/ccwvPmL1.ltrans6.ltrans.o
                0x00000000000062e3                DevPathToTextUfs
 .text.DevPathToTextNVMe
                0x0000000000006305       0x48 /tmp/ccwvPmL1.ltrans6.ltrans.o
                0x0000000000006305                DevPathToTextNVMe
 .text.DevPathToTextSasEx
                0x000000000000634d      0x1a0 /tmp/ccwvPmL1.ltrans6.ltrans.o
                0x000000000000634d                DevPathToTextSasEx
 .text.DevPathToTextFibreEx
                0x00000000000064ed       0xa4 /tmp/ccwvPmL1.ltrans6.ltrans.o
                0x00000000000064ed                DevPathToTextFibreEx
 .text.DevPathToTextFibre
                0x0000000000006591       0x20 /tmp/ccwvPmL1.ltrans6.ltrans.o
                0x0000000000006591                DevPathToTextFibre
 .text.DevPathToTextScsi
                0x00000000000065b1       0x22 /tmp/ccwvPmL1.ltrans6.ltrans.o
                0x00000000000065b1                DevPathToTextScsi
 .text.DevPathToTextAtapi
                0x00000000000065d3       0x6b /tmp/ccwvPmL1.ltrans6.ltrans.o
                0x00000000000065d3                DevPathToTextAtapi
 .text.DevPathToTextAcpi
                0x000000000000663e       0xc6 /tmp/ccwvPmL1.ltrans6.ltrans.o
                0x000000000000663e                DevPathToTextAcpi
 .text.DevPathToTextController
                0x0000000000006704       0x1c /tmp/ccwvPmL1.ltrans6.ltrans.o
                0x0000000000006704                DevPathToTextController
 .text.DevPathToTextMemMap
                0x0000000000006720       0x27 /tmp/ccwvPmL1.ltrans6.ltrans.o
                0x0000000000006720                DevPathToTextMemMap
 .text.DevPathToTextPccard
                0x0000000000006747       0x1d /tmp/ccwvPmL1.ltrans6.ltrans.o
                0x0000000000006747                DevPathToTextPccard
 .text.DevPathToTextPci
                0x0000000000006764       0x22 /tmp/ccwvPmL1.ltrans6.ltrans.o
                0x0000000000006764                DevPathToTextPci
 .text.DevPathToTextAcpiAdr
                0x0000000000006786       0x88 /tmp/ccwvPmL1.ltrans6.ltrans.o
                0x0000000000006786                DevPathToTextAcpiAdr
 .text.DevPathToTextUsbWWID
                0x000000000000680e       0xbb /tmp/ccwvPmL1.ltrans6.ltrans.o
                0x000000000000680e                DevPathToTextUsbWWID
 .text.DevPathToTextAcpiEx
                0x00000000000068c9      0x2ba /tmp/ccwvPmL1.ltrans6.ltrans.o
                0x00000000000068c9                DevPathToTextAcpiEx
 .text.DevPathToTextBmc
                0x0000000000006b83       0x33 /tmp/ccwvPmL1.ltrans6.ltrans.o
                0x0000000000006b83                DevPathToTextBmc
 .text.DevPathToTextVendor
                0x0000000000006bb6      0x37b /tmp/ccwvPmL1.ltrans6.ltrans.o
                0x0000000000006bb6                DevPathToTextVendor
 .text.CatIPv6Address
                0x0000000000006f31       0x6b /tmp/ccwvPmL1.ltrans6.ltrans.o
                0x0000000000006f31                CatIPv6Address
 .text.DevPathToTextIPv6
                0x0000000000006f9c      0x103 /tmp/ccwvPmL1.ltrans6.ltrans.o
                0x0000000000006f9c                DevPathToTextIPv6
 .text.CatIPv4Address
                0x000000000000709f       0x2c /tmp/ccwvPmL1.ltrans6.ltrans.o
                0x000000000000709f                CatIPv4Address
 .text.DevPathToTextIPv4
                0x00000000000070cb      0x112 /tmp/ccwvPmL1.ltrans6.ltrans.o
                0x00000000000070cb                DevPathToTextIPv4
 .text.BasePrintLibSPrintMarker.constprop.23
                0x00000000000071dd     0x10bd /tmp/ccwvPmL1.ltrans7.ltrans.o
                0x00000000000071dd                BasePrintLibSPrintMarker.constprop.23
 .text.AsciiSPrint.constprop.21
                0x000000000000829a       0x32 /tmp/ccwvPmL1.ltrans7.ltrans.o
                0x000000000000829a                AsciiSPrint.constprop.21
 .text.DebugPrintMarker.part.0.constprop.19
                0x00000000000082cc       0x3d /tmp/ccwvPmL1.ltrans7.ltrans.o
                0x00000000000082cc                DebugPrintMarker.part.0.constprop.19
 .text.StrHexToUint64S.constprop.10
                0x0000000000008309      0x1d2 /tmp/ccwvPmL1.ltrans7.ltrans.o
                0x0000000000008309                StrHexToUint64S.constprop.10
 .text.BasePrintLibSPrint.constprop.24
                0x00000000000084db       0x29 /tmp/ccwvPmL1.ltrans8.ltrans.o
                0x00000000000084db                BasePrintLibSPrint.constprop.24
 *fill*         0x0000000000008504        0xc 
 .text          0x0000000000008510       0x1d /home/hcj/UEFIWorkspace/Build/OvmfX64/DEBUG_GCC5/X64/MdePkg/Library/BaseMemoryLibRepStr/BaseMemoryLibRepStr/OUTPUT/BaseMemoryLibRepStr.lib(ZeroMem.obj)
                0x0000000000008510                InternalMemZeroMem
 *fill*         0x000000000000852d        0x3 
 .text          0x0000000000008530       0x3c /home/hcj/UEFIWorkspace/Build/OvmfX64/DEBUG_GCC5/X64/MdePkg/Library/BaseMemoryLibRepStr/BaseMemoryLibRepStr/OUTPUT/BaseMemoryLibRepStr.lib(CopyMem.obj)
                0x0000000000008530                InternalMemCopyMem
 *fill*         0x000000000000856c        0x4 
 .text          0x0000000000008570      0x116 /home/hcj/UEFIWorkspace/Build/OvmfX64/DEBUG_GCC5/X64/MdePkg/Library/BaseIoLibIntrinsic/BaseIoLibIntrinsicSev/OUTPUT/BaseIoLibIntrinsicSev.lib(IoFifoSev.obj)
                0x0000000000008570                SevNoRepIo
                0x00000000000085b0                IoReadFifo8
                0x00000000000085d2                IoReadFifo16
                0x00000000000085f8                IoReadFifo32
                0x000000000000861b                IoWriteFifo8
                0x000000000000863d                IoWriteFifo16
                0x0000000000008663                IoWriteFifo32
 *(.rodata .rodata.* .gnu.linkonce.r.*)
 .rodata.str1.1
                0x0000000000008686      0x79e /tmp/ccwvPmL1.ltrans0.ltrans.o
                                        0x7ca (size before relaxing)
 *fill*         0x0000000000008e24        0xc 
 .rodata.__FUNCTION__.2563
                0x0000000000008e30       0x13 /tmp/ccwvPmL1.ltrans0.ltrans.o
 *fill*         0x0000000000008e43        0x5 
 .rodata.__FUNCTION__.2593
                0x0000000000008e48        0xf /tmp/ccwvPmL1.ltrans0.ltrans.o
 *fill*         0x0000000000008e57        0x1 
 .rodata.__FUNCTION__.2659
                0x0000000000008e58        0xa /tmp/ccwvPmL1.ltrans0.ltrans.o
 *fill*         0x0000000000008e62        0x6 
 .rodata.__FUNCTION__.2667
                0x0000000000008e68        0xe /tmp/ccwvPmL1.ltrans0.ltrans.o
 .rodata.mUefiDevicePathLibEndDevicePath
                0x0000000000008e76        0x4 /tmp/ccwvPmL1.ltrans0.ltrans.o
 .rodata.str2.2
                0x0000000000008e7a      0x4c0 /tmp/ccwvPmL1.ltrans1.ltrans.o
                                        0x5a0 (size before relaxing)
 *fill*         0x000000000000933a        0x2 
 .rodata.DevPathToTextBBS
                0x000000000000933c       0x18 /tmp/ccwvPmL1.ltrans1.ltrans.o
 .rodata.str1.1
                0x0000000000009354       0x17 /tmp/ccwvPmL1.ltrans1.ltrans.o
                                        0x1a6 (size before relaxing)
 .rodata.CSWTCH.43
                0x000000000000936b        0x6 /tmp/ccwvPmL1.ltrans1.ltrans.o
 *fill*         0x0000000000009371        0xf 
 .rodata.__FUNCTION__.2578
                0x0000000000009380       0x14 /tmp/ccwvPmL1.ltrans1.ltrans.o
 .rodata.str2.2
                0x0000000000009394       0xcc /tmp/ccwvPmL1.ltrans2.ltrans.o
 .rodata.str1.1
                0x0000000000009460       0x6b /tmp/ccwvPmL1.ltrans2.ltrans.o
 .rodata.str1.1
                0x00000000000094cb       0xed /tmp/ccwvPmL1.ltrans3.ltrans.o
                                        0x16e (size before relaxing)
 .rodata.str2.2
                0x00000000000095b8       0x64 /tmp/ccwvPmL1.ltrans3.ltrans.o
                                         0x9a (size before relaxing)
 .rodata.DevPathFromTextUart
                0x000000000000961c       0x40 /tmp/ccwvPmL1.ltrans3.ltrans.o
 *fill*         0x000000000000965c        0x4 
 .rodata.__FUNCTION__.2798
                0x0000000000009660       0x16 /tmp/ccwvPmL1.ltrans3.ltrans.o
 .rodata.str2.2
                0x0000000000009676      0x4c2 /tmp/ccwvPmL1.ltrans4.ltrans.o
                                        0x5c4 (size before relaxing)
 .rodata.str1.1
                0x0000000000009b38      0x15d /tmp/ccwvPmL1.ltrans4.ltrans.o
                                        0x2dd (size before relaxing)
 *fill*         0x0000000000009c95        0x3 
 .rodata.__FUNCTION__.2518
                0x0000000000009c98        0x8 /tmp/ccwvPmL1.ltrans4.ltrans.o
 .rodata.str1.1
                0x0000000000009ca0      0x1aa /tmp/ccwvPmL1.ltrans5.ltrans.o
                                        0x3e4 (size before relaxing)
 .rodata.str2.2
                0x0000000000009e4a       0x1a /tmp/ccwvPmL1.ltrans5.ltrans.o
 *fill*         0x0000000000009e64        0xc 
 .rodata.__FUNCTION__.2649
                0x0000000000009e70       0x11 /tmp/ccwvPmL1.ltrans5.ltrans.o
 *fill*         0x0000000000009e81        0xf 
 .rodata.__FUNCTION__.2633
                0x0000000000009e90       0x11 /tmp/ccwvPmL1.ltrans5.ltrans.o
 *fill*         0x0000000000009ea1        0x1 
 .rodata.str2.2
                0x0000000000009ea2      0x8b6 /tmp/ccwvPmL1.ltrans6.ltrans.o
                                        0xb4e (size before relaxing)
 .rodata.str1.1
                0x000000000000a758       0x17 /tmp/ccwvPmL1.ltrans6.ltrans.o
                                         0x68 (size before relaxing)
 .rodata.str1.1
                0x000000000000a76f      0x273 /tmp/ccwvPmL1.ltrans7.ltrans.o
                                        0x40c (size before relaxing)
 *fill*         0x000000000000a9e2        0xe 
 .rodata.__FUNCTION__.2608
                0x000000000000a9f0       0x10 /tmp/ccwvPmL1.ltrans7.ltrans.o
 .rodata.mHexStr
                0x000000000000aa00       0x10 /tmp/ccwvPmL1.ltrans7.ltrans.o
 *fill*         0x000000000000aa10       0x10 
 .rodata.mWarningString
                0x000000000000aa20       0x96 /tmp/ccwvPmL1.ltrans7.ltrans.o
 *fill*         0x000000000000aab6        0xa 
 .rodata.mErrorString
                0x000000000000aac0      0x2b5 /tmp/ccwvPmL1.ltrans7.ltrans.o
 *fill*         0x000000000000ad75        0x3 
 .rodata._gPcd_FixedAtBuild_PcdMaximumUnicodeStringLength
                0x000000000000ad78        0x4 /tmp/ccwvPmL1.ltrans7.ltrans.o
                0x000000000000ad78                _gPcd_FixedAtBuild_PcdMaximumAsciiStringLength
                0x000000000000ad78                _gPcd_FixedAtBuild_PcdMaximumUnicodeStringLength
 *(.got .got.*)
 .got           0x000000000000ad7c        0x0 DevicePath.obj (symbol from plugin)
 .got.plt       0x000000000000ad7c        0x0 DevicePath.obj (symbol from plugin)
 *:AutoGen.obj(.data.g*Guid)

.plt            0x000000000000ad80        0x0
 .plt           0x000000000000ad80        0x0 DevicePath.obj (symbol from plugin)

.plt.got        0x000000000000ad80        0x0
 .plt.got       0x000000000000ad80        0x0 DevicePath.obj (symbol from plugin)

.data           0x000000000000ad80      0xa70
 *(.data .data.* .gnu.linkonce.d.*)
 .data.rel.ro.local.mUefiDevicePathLibToTextTableGeneric
                0x000000000000ad80       0x60 /tmp/ccwvPmL1.ltrans1.ltrans.o
 .data.gEfiPcAnsiGuid
                0x000000000000ade0       0x10 /tmp/ccwvPmL1.ltrans2.ltrans.o
                0x000000000000ade0                gEfiPcAnsiGuid
 .data.gEfiVT100Guid
                0x000000000000adf0       0x10 /tmp/ccwvPmL1.ltrans2.ltrans.o
                0x000000000000adf0                gEfiVT100Guid
 .data.gEfiVT100PlusGuid
                0x000000000000ae00       0x10 /tmp/ccwvPmL1.ltrans2.ltrans.o
                0x000000000000ae00                gEfiVT100PlusGuid
 .data.gEfiVTUTF8Guid
                0x000000000000ae10       0x10 /tmp/ccwvPmL1.ltrans2.ltrans.o
                0x000000000000ae10                gEfiVTUTF8Guid
 .data.gEfiUartDevicePathGuid
                0x000000000000ae20       0x10 /tmp/ccwvPmL1.ltrans2.ltrans.o
                0x000000000000ae20                gEfiUartDevicePathGuid
 .data.gEfiSasDevicePathGuid
                0x000000000000ae30       0x10 /tmp/ccwvPmL1.ltrans2.ltrans.o
                0x000000000000ae30                gEfiSasDevicePathGuid
 .data.gEfiDebugPortProtocolGuid
                0x000000000000ae40       0x10 /tmp/ccwvPmL1.ltrans3.ltrans.o
                0x000000000000ae40                gEfiDebugPortProtocolGuid
 .data.gEfiVirtualDiskGuid
                0x000000000000ae50       0x10 /tmp/ccwvPmL1.ltrans4.ltrans.o
                0x000000000000ae50                gEfiVirtualDiskGuid
 .data.gEfiVirtualCdGuid
                0x000000000000ae60       0x10 /tmp/ccwvPmL1.ltrans4.ltrans.o
                0x000000000000ae60                gEfiVirtualCdGuid
 .data.gEfiPersistentVirtualDiskGuid
                0x000000000000ae70       0x10 /tmp/ccwvPmL1.ltrans4.ltrans.o
                0x000000000000ae70                gEfiPersistentVirtualDiskGuid
 .data.gEfiPersistentVirtualCdGuid
                0x000000000000ae80       0x10 /tmp/ccwvPmL1.ltrans4.ltrans.o
                0x000000000000ae80                gEfiPersistentVirtualCdGuid
 *fill*         0x000000000000ae90       0x10 
 .data.rel.ro.local.mUefiDevicePathLibDevPathFromTextTable
                0x000000000000aea0      0x570 /tmp/ccwvPmL1.ltrans4.ltrans.o
 *fill*         0x000000000000b410       0x10 
 .data.rel.ro.local.mUefiDevicePathLibToTextTable
                0x000000000000b420      0x320 /tmp/ccwvPmL1.ltrans5.ltrans.o
 .data.rel.ro.local.mDevicePathFromText
                0x000000000000b740       0x10 /tmp/ccwvPmL1.ltrans5.ltrans.o
 .data.gEfiDevicePathFromTextProtocolGuid
                0x000000000000b750       0x10 /tmp/ccwvPmL1.ltrans5.ltrans.o
 .data.rel.ro.local.mDevicePathToText
                0x000000000000b760       0x10 /tmp/ccwvPmL1.ltrans5.ltrans.o
 .data.gEfiDevicePathToTextProtocolGuid
                0x000000000000b770       0x10 /tmp/ccwvPmL1.ltrans5.ltrans.o
 .data.rel.ro.local.mDevicePathUtilities
                0x000000000000b780       0x40 /tmp/ccwvPmL1.ltrans5.ltrans.o
 .data.gEfiDevicePathUtilitiesProtocolGuid
                0x000000000000b7c0       0x10 /tmp/ccwvPmL1.ltrans5.ltrans.o
 .data.rel.ro   0x000000000000b7d0        0x0 DevicePath.obj (symbol from plugin)
 *(.bss .bss.*)
 .bss.mDebugIoPortFound
                0x000000000000b7d0        0x1 /tmp/ccwvPmL1.ltrans0.ltrans.o
 .bss.mDebugIoPortChecked
                0x000000000000b7d1        0x1 /tmp/ccwvPmL1.ltrans0.ltrans.o
 *fill*         0x000000000000b7d2        0x6 
 .bss.gST       0x000000000000b7d8        0x8 /tmp/ccwvPmL1.ltrans5.ltrans.o
 .bss.gImageHandle
                0x000000000000b7e0        0x8 /tmp/ccwvPmL1.ltrans5.ltrans.o
 .bss.gBS       0x000000000000b7e8        0x8 /tmp/ccwvPmL1.ltrans5.ltrans.o
                0x000000000000b7e8                gBS

.eh_frame       0x000000000000b800        0x0
 *(.eh_frame)
 .eh_frame      0x000000000000b800        0x0 DevicePath.obj (symbol from plugin)
 .eh_frame      0x000000000000b800        0x0 DevicePath.obj (symbol from plugin)

.dynbss         0x000000000000b800        0x0
 .dynbss        0x000000000000b800        0x0 DevicePath.obj (symbol from plugin)

.gnu.version_d  0x000000000000b800        0x0
 .gnu.version_d
                0x000000000000b800        0x0 DevicePath.obj (symbol from plugin)

.gnu.version    0x000000000000b800        0x0
 .gnu.version   0x000000000000b800        0x0 DevicePath.obj (symbol from plugin)

.gnu.version_r  0x000000000000b800        0x0
 .gnu.version_r
                0x000000000000b800        0x0 DevicePath.obj (symbol from plugin)

.rela           0x000000000000b800     0x1650
 *(.rela .rela.*)
 .rela.plt      0x000000000000b800        0x0 DevicePath.obj (symbol from plugin)
 .rela.got      0x000000000000b800        0x0 DevicePath.obj (symbol from plugin)
 .rela.bss      0x000000000000b800        0x0 DevicePath.obj (symbol from plugin)
 .rela.data.rel.ro
                0x000000000000b800        0x0 DevicePath.obj (symbol from plugin)
 .rela.ifunc    0x000000000000b800        0x0 DevicePath.obj (symbol from plugin)
 .rela.data.rel.ro.local.mUefiDevicePathLibToTextTableGeneric
                0x000000000000b800       0x78 DevicePath.obj (symbol from plugin)
 .rela.data.rel.ro.local.mUefiDevicePathLibDevPathFromTextTable
                0x000000000000b878     0x1020 DevicePath.obj (symbol from plugin)
 .rela.data.rel.ro.local.mUefiDevicePathLibToTextTable
                0x000000000000c898      0x498 DevicePath.obj (symbol from plugin)
 .rela.data.rel.ro.local.mDevicePathFromText
                0x000000000000cd30       0x30 DevicePath.obj (symbol from plugin)
 .rela.data.rel.ro.local.mDevicePathToText
                0x000000000000cd60       0x30 DevicePath.obj (symbol from plugin)
 .rela.data.rel.ro.local.mDevicePathUtilities
                0x000000000000cd90       0xc0 DevicePath.obj (symbol from plugin)

.hii
 *(.hii)

.build-id       0x000000000000ce50       0x24
 *(.note.gnu.build-id)
 .note.gnu.build-id
                0x000000000000ce50       0x24 DevicePath.obj (symbol from plugin)

/DISCARD/
 *(.note.GNU-stack)
 *(.gnu_debuglink)
 *(.interp)
 *(.dynsym)
 *(.dynstr)
 *(.dynamic)
 *(.hash .gnu.hash)
 *(.comment)
OUTPUT(/home/hcj/UEFIWorkspace/Build/OvmfX64/DEBUG_GCC5/X64/MdeModulePkg/Universal/DevicePathDxe/DevicePathDxe/DEBUG/DevicePathDxe.dll elf64-x86-64)

.debug_info     0x0000000000000000    0x1408c
 .debug_info    0x0000000000000000     0x2c5b /tmp/ccwvPmL1.ltrans0.ltrans.o
 .debug_info    0x0000000000002c5b     0x2733 /tmp/ccwvPmL1.ltrans1.ltrans.o
 .debug_info    0x000000000000538e     0x2dbd /tmp/ccwvPmL1.ltrans2.ltrans.o
 .debug_info    0x000000000000814b     0x26e2 /tmp/ccwvPmL1.ltrans3.ltrans.o
 .debug_info    0x000000000000a82d     0x282d /tmp/ccwvPmL1.ltrans4.ltrans.o
 .debug_info    0x000000000000d05a     0x3745 /tmp/ccwvPmL1.ltrans5.ltrans.o
 .debug_info    0x000000000001079f     0x26e1 /tmp/ccwvPmL1.ltrans6.ltrans.o
 .debug_info    0x0000000000012e80     0x10b1 /tmp/ccwvPmL1.ltrans7.ltrans.o
 .debug_info    0x0000000000013f31      0x15b /tmp/ccwvPmL1.ltrans8.ltrans.o

.debug_abbrev   0x0000000000000000     0x191c
 .debug_abbrev  0x0000000000000000      0x43e /tmp/ccwvPmL1.ltrans0.ltrans.o
 .debug_abbrev  0x000000000000043e      0x3d3 /tmp/ccwvPmL1.ltrans1.ltrans.o
 .debug_abbrev  0x0000000000000811      0x24d /tmp/ccwvPmL1.ltrans2.ltrans.o
 .debug_abbrev  0x0000000000000a5e      0x247 /tmp/ccwvPmL1.ltrans3.ltrans.o
 .debug_abbrev  0x0000000000000ca5      0x30d /tmp/ccwvPmL1.ltrans4.ltrans.o
 .debug_abbrev  0x0000000000000fb2      0x3f8 /tmp/ccwvPmL1.ltrans5.ltrans.o
 .debug_abbrev  0x00000000000013aa      0x2b2 /tmp/ccwvPmL1.ltrans6.ltrans.o
 .debug_abbrev  0x000000000000165c      0x1fa /tmp/ccwvPmL1.ltrans7.ltrans.o
 .debug_abbrev  0x0000000000001856       0xc6 /tmp/ccwvPmL1.ltrans8.ltrans.o

.debug_loc      0x0000000000000000    0x11437
 .debug_loc     0x0000000000000000     0x2302 /tmp/ccwvPmL1.ltrans0.ltrans.o
 .debug_loc     0x0000000000002302     0x260f /tmp/ccwvPmL1.ltrans1.ltrans.o
 .debug_loc     0x0000000000004911     0x277f /tmp/ccwvPmL1.ltrans2.ltrans.o
 .debug_loc     0x0000000000007090     0x1e44 /tmp/ccwvPmL1.ltrans3.ltrans.o
 .debug_loc     0x0000000000008ed4     0x2114 /tmp/ccwvPmL1.ltrans4.ltrans.o
 .debug_loc     0x000000000000afe8     0x1955 /tmp/ccwvPmL1.ltrans5.ltrans.o
 .debug_loc     0x000000000000c93d     0x2eb6 /tmp/ccwvPmL1.ltrans6.ltrans.o
 .debug_loc     0x000000000000f7f3     0x1b4d /tmp/ccwvPmL1.ltrans7.ltrans.o
 .debug_loc     0x0000000000011340       0xf7 /tmp/ccwvPmL1.ltrans8.ltrans.o

.debug_aranges  0x0000000000000000      0xef0
 .debug_aranges
                0x0000000000000000      0x2e0 /tmp/ccwvPmL1.ltrans0.ltrans.o
 .debug_aranges
                0x00000000000002e0      0x220 /tmp/ccwvPmL1.ltrans1.ltrans.o
 .debug_aranges
                0x0000000000000500      0x260 /tmp/ccwvPmL1.ltrans2.ltrans.o
 .debug_aranges
                0x0000000000000760      0x220 /tmp/ccwvPmL1.ltrans3.ltrans.o
 .debug_aranges
                0x0000000000000980      0x1a0 /tmp/ccwvPmL1.ltrans4.ltrans.o
 .debug_aranges
                0x0000000000000b20      0x130 /tmp/ccwvPmL1.ltrans5.ltrans.o
 .debug_aranges
                0x0000000000000c50      0x210 /tmp/ccwvPmL1.ltrans6.ltrans.o
 .debug_aranges
                0x0000000000000e60       0x60 /tmp/ccwvPmL1.ltrans7.ltrans.o
 .debug_aranges
                0x0000000000000ec0       0x30 /tmp/ccwvPmL1.ltrans8.ltrans.o

.debug_ranges   0x0000000000000000     0x2a20
 .debug_ranges  0x0000000000000000      0x5c0 /tmp/ccwvPmL1.ltrans0.ltrans.o
 .debug_ranges  0x00000000000005c0      0x330 /tmp/ccwvPmL1.ltrans1.ltrans.o
 .debug_ranges  0x00000000000008f0      0x990 /tmp/ccwvPmL1.ltrans2.ltrans.o
 .debug_ranges  0x0000000000001280      0x6e0 /tmp/ccwvPmL1.ltrans3.ltrans.o
 .debug_ranges  0x0000000000001960      0x870 /tmp/ccwvPmL1.ltrans4.ltrans.o
 .debug_ranges  0x00000000000021d0      0x4b0 /tmp/ccwvPmL1.ltrans5.ltrans.o
 .debug_ranges  0x0000000000002680      0x2a0 /tmp/ccwvPmL1.ltrans6.ltrans.o
 .debug_ranges  0x0000000000002920       0xe0 /tmp/ccwvPmL1.ltrans7.ltrans.o
 .debug_ranges  0x0000000000002a00       0x20 /tmp/ccwvPmL1.ltrans8.ltrans.o

.debug_line     0x0000000000000000     0x4bcc
 .debug_line    0x0000000000000000      0xcb4 /tmp/ccwvPmL1.ltrans0.ltrans.o
 .debug_line    0x0000000000000cb4      0x84d /tmp/ccwvPmL1.ltrans1.ltrans.o
 .debug_line    0x0000000000001501      0xb87 /tmp/ccwvPmL1.ltrans2.ltrans.o
 .debug_line    0x0000000000002088      0x9d0 /tmp/ccwvPmL1.ltrans3.ltrans.o
 .debug_line    0x0000000000002a58      0x9ee /tmp/ccwvPmL1.ltrans4.ltrans.o
 .debug_line    0x0000000000003446      0x9cd /tmp/ccwvPmL1.ltrans5.ltrans.o
 .debug_line    0x0000000000003e13      0x6a8 /tmp/ccwvPmL1.ltrans6.ltrans.o
 .debug_line    0x00000000000044bb      0x60d /tmp/ccwvPmL1.ltrans7.ltrans.o
 .debug_line    0x0000000000004ac8      0x104 /tmp/ccwvPmL1.ltrans8.ltrans.o

.debug_str      0x0000000000000000     0x4518
 .debug_str     0x0000000000000000      0xaa2 /tmp/ccwvPmL1.ltrans0.ltrans.o
                                        0xc41 (size before relaxing)
 .debug_str     0x0000000000000aa2      0x84a /tmp/ccwvPmL1.ltrans1.ltrans.o
                                        0xce9 (size before relaxing)
 .debug_str     0x00000000000012ec      0x7b2 /tmp/ccwvPmL1.ltrans2.ltrans.o
                                        0xc02 (size before relaxing)
 .debug_str     0x0000000000001a9e      0x71b /tmp/ccwvPmL1.ltrans3.ltrans.o
                                        0xcb6 (size before relaxing)
 .debug_str     0x00000000000021b9      0x4d6 /tmp/ccwvPmL1.ltrans4.ltrans.o
                                        0xca8 (size before relaxing)
 .debug_str     0x000000000000268f     0x184b /tmp/ccwvPmL1.ltrans5.ltrans.o
                                       0x1f46 (size before relaxing)
 .debug_str     0x0000000000003eda      0x2fb /tmp/ccwvPmL1.ltrans6.ltrans.o
                                        0xb97 (size before relaxing)
 .debug_str     0x00000000000041d5      0x310 /tmp/ccwvPmL1.ltrans7.ltrans.o
                                        0x79d (size before relaxing)
 .debug_str     0x00000000000044e5       0x33 /tmp/ccwvPmL1.ltrans8.ltrans.o
                                        0x28d (size before relaxing)

.debug_frame    0x0000000000000000     0x3650
 .debug_frame   0x0000000000000000      0x8e0 /tmp/ccwvPmL1.ltrans0.ltrans.o
 .debug_frame   0x00000000000008e0      0x780 /tmp/ccwvPmL1.ltrans1.ltrans.o
 .debug_frame   0x0000000000001060      0x880 /tmp/ccwvPmL1.ltrans2.ltrans.o
 .debug_frame   0x00000000000018e0      0x7a8 /tmp/ccwvPmL1.ltrans3.ltrans.o
 .debug_frame   0x0000000000002088      0x658 /tmp/ccwvPmL1.ltrans4.ltrans.o
 .debug_frame   0x00000000000026e0      0x440 /tmp/ccwvPmL1.ltrans5.ltrans.o
 .debug_frame   0x0000000000002b20      0x8d0 /tmp/ccwvPmL1.ltrans6.ltrans.o
 .debug_frame   0x00000000000033f0      0x218 /tmp/ccwvPmL1.ltrans7.ltrans.o
 .debug_frame   0x0000000000003608       0x48 /tmp/ccwvPmL1.ltrans8.ltrans.o
