Archive member included to satisfy reference by file (symbol)

/home/hcj/UEFIWorkspace/Build/NetworkPkg/DEBUG_GCC5/X64/NetworkPkg/TcpDxe/TcpDxe/OUTPUT/TcpDxe.lib(TcpDriver.obj)
                              (--whole-archive)
/home/hcj/UEFIWorkspace/Build/NetworkPkg/DEBUG_GCC5/X64/NetworkPkg/TcpDxe/TcpDxe/OUTPUT/TcpDxe.lib(SockImpl.obj)
                              (--whole-archive)
/home/hcj/UEFIWorkspace/Build/NetworkPkg/DEBUG_GCC5/X64/NetworkPkg/TcpDxe/TcpDxe/OUTPUT/TcpDxe.lib(SockInterface.obj)
                              (--whole-archive)
/home/hcj/UEFIWorkspace/Build/NetworkPkg/DEBUG_GCC5/X64/NetworkPkg/TcpDxe/TcpDxe/OUTPUT/TcpDxe.lib(TcpDispatcher.obj)
                              (--whole-archive)
/home/hcj/UEFIWorkspace/Build/NetworkPkg/DEBUG_GCC5/X64/NetworkPkg/TcpDxe/TcpDxe/OUTPUT/TcpDxe.lib(TcpOutput.obj)
                              (--whole-archive)
/home/hcj/UEFIWorkspace/Build/NetworkPkg/DEBUG_GCC5/X64/NetworkPkg/TcpDxe/TcpDxe/OUTPUT/TcpDxe.lib(TcpMain.obj)
                              (--whole-archive)
/home/hcj/UEFIWorkspace/Build/NetworkPkg/DEBUG_GCC5/X64/NetworkPkg/TcpDxe/TcpDxe/OUTPUT/TcpDxe.lib(TcpMisc.obj)
                              (--whole-archive)
/home/hcj/UEFIWorkspace/Build/NetworkPkg/DEBUG_GCC5/X64/NetworkPkg/TcpDxe/TcpDxe/OUTPUT/TcpDxe.lib(TcpOption.obj)
                              (--whole-archive)
/home/hcj/UEFIWorkspace/Build/NetworkPkg/DEBUG_GCC5/X64/NetworkPkg/TcpDxe/TcpDxe/OUTPUT/TcpDxe.lib(TcpInput.obj)
                              (--whole-archive)
/home/hcj/UEFIWorkspace/Build/NetworkPkg/DEBUG_GCC5/X64/NetworkPkg/TcpDxe/TcpDxe/OUTPUT/TcpDxe.lib(TcpTimer.obj)
                              (--whole-archive)
/home/hcj/UEFIWorkspace/Build/NetworkPkg/DEBUG_GCC5/X64/NetworkPkg/TcpDxe/TcpDxe/OUTPUT/TcpDxe.lib(ComponentName.obj)
                              (--whole-archive)
/home/hcj/UEFIWorkspace/Build/NetworkPkg/DEBUG_GCC5/X64/NetworkPkg/TcpDxe/TcpDxe/OUTPUT/TcpDxe.lib(TcpIo.obj)
                              (--whole-archive)
/home/hcj/UEFIWorkspace/Build/NetworkPkg/DEBUG_GCC5/X64/NetworkPkg/TcpDxe/TcpDxe/OUTPUT/TcpDxe.lib(AutoGen.obj)
                              (--whole-archive)
/home/hcj/UEFIWorkspace/Build/NetworkPkg/DEBUG_GCC5/X64/MdePkg/Library/RegisterFilterLibNull/RegisterFilterLibNull/OUTPUT/FilterLibNull.lib(RegisterFilterLibNull.obj)
                              (--whole-archive)
/home/hcj/UEFIWorkspace/Build/NetworkPkg/DEBUG_GCC5/X64/MdePkg/Library/BasePcdLibNull/BasePcdLibNull/OUTPUT/BasePcdLibNull.lib(PcdLib.obj)
                              (--whole-archive)
/home/hcj/UEFIWorkspace/Build/NetworkPkg/DEBUG_GCC5/X64/MdePkg/Library/BaseMemoryLib/BaseMemoryLib/OUTPUT/BaseMemoryLib.lib(SetMem.obj)
                              (--whole-archive)
/home/hcj/UEFIWorkspace/Build/NetworkPkg/DEBUG_GCC5/X64/MdePkg/Library/BaseMemoryLib/BaseMemoryLib/OUTPUT/BaseMemoryLib.lib(ScanMem64Wrapper.obj)
                              (--whole-archive)
/home/hcj/UEFIWorkspace/Build/NetworkPkg/DEBUG_GCC5/X64/MdePkg/Library/BaseMemoryLib/BaseMemoryLib/OUTPUT/BaseMemoryLib.lib(ScanMem32Wrapper.obj)
                              (--whole-archive)
/home/hcj/UEFIWorkspace/Build/NetworkPkg/DEBUG_GCC5/X64/MdePkg/Library/BaseMemoryLib/BaseMemoryLib/OUTPUT/BaseMemoryLib.lib(ScanMem16Wrapper.obj)
                              (--whole-archive)
/home/hcj/UEFIWorkspace/Build/NetworkPkg/DEBUG_GCC5/X64/MdePkg/Library/BaseMemoryLib/BaseMemoryLib/OUTPUT/BaseMemoryLib.lib(ScanMem8Wrapper.obj)
                              (--whole-archive)
/home/hcj/UEFIWorkspace/Build/NetworkPkg/DEBUG_GCC5/X64/MdePkg/Library/BaseMemoryLib/BaseMemoryLib/OUTPUT/BaseMemoryLib.lib(ZeroMemWrapper.obj)
                              (--whole-archive)
/home/hcj/UEFIWorkspace/Build/NetworkPkg/DEBUG_GCC5/X64/MdePkg/Library/BaseMemoryLib/BaseMemoryLib/OUTPUT/BaseMemoryLib.lib(CompareMemWrapper.obj)
                              (--whole-archive)
/home/hcj/UEFIWorkspace/Build/NetworkPkg/DEBUG_GCC5/X64/MdePkg/Library/BaseMemoryLib/BaseMemoryLib/OUTPUT/BaseMemoryLib.lib(SetMem64Wrapper.obj)
                              (--whole-archive)
/home/hcj/UEFIWorkspace/Build/NetworkPkg/DEBUG_GCC5/X64/MdePkg/Library/BaseMemoryLib/BaseMemoryLib/OUTPUT/BaseMemoryLib.lib(SetMem32Wrapper.obj)
                              (--whole-archive)
/home/hcj/UEFIWorkspace/Build/NetworkPkg/DEBUG_GCC5/X64/MdePkg/Library/BaseMemoryLib/BaseMemoryLib/OUTPUT/BaseMemoryLib.lib(SetMem16Wrapper.obj)
                              (--whole-archive)
/home/hcj/UEFIWorkspace/Build/NetworkPkg/DEBUG_GCC5/X64/MdePkg/Library/BaseMemoryLib/BaseMemoryLib/OUTPUT/BaseMemoryLib.lib(SetMemWrapper.obj)
                              (--whole-archive)
/home/hcj/UEFIWorkspace/Build/NetworkPkg/DEBUG_GCC5/X64/MdePkg/Library/BaseMemoryLib/BaseMemoryLib/OUTPUT/BaseMemoryLib.lib(CopyMemWrapper.obj)
                              (--whole-archive)
[...]
Memory Configuration

Name             Origin             Length             Attributes
*default*        0x0000000000000000 0xffffffffffffffff

Linker script and memory map

LOAD /tmp/ccUOXOeT.ltrans0.ltrans.o
LOAD /tmp/ccUOXOeT.ltrans1.ltrans.o
LOAD /tmp/ccUOXOeT.ltrans2.ltrans.o
LOAD /tmp/ccUOXOeT.ltrans3.ltrans.o
LOAD /tmp/ccUOXOeT.ltrans4.ltrans.o
LOAD /tmp/ccUOXOeT.ltrans5.ltrans.o
LOAD /tmp/ccUOXOeT.ltrans6.ltrans.o
LOAD /tmp/ccUOXOeT.ltrans7.ltrans.o
LOAD /tmp/ccUOXOeT.ltrans8.ltrans.o
LOAD /tmp/ccUOXOeT.ltrans9.ltrans.o
LOAD /tmp/ccUOXOeT.ltrans10.ltrans.o
LOAD /tmp/ccUOXOeT.ltrans11.ltrans.o
LOAD /tmp/ccUOXOeT.ltrans12.ltrans.o
LOAD /tmp/ccUOXOeT.ltrans13.ltrans.o
LOAD /tmp/ccUOXOeT.ltrans14.ltrans.o
LOAD /tmp/ccUOXOeT.ltrans15.ltrans.o
LOAD /tmp/ccUOXOeT.ltrans16.ltrans.o
START GROUP
LOAD /home/hcj/UEFIWorkspace/Build/NetworkPkg/DEBUG_GCC5/X64/NetworkPkg/TcpDxe/TcpDxe/OUTPUT/TcpDxe.lib
LOAD /home/hcj/UEFIWorkspace/Build/NetworkPkg/DEBUG_GCC5/X64/MdePkg/Library/RegisterFilterLibNull/RegisterFilterLibNull/OUTPUT/FilterLibNull.lib
LOAD /home/hcj/UEFIWorkspace/Build/NetworkPkg/DEBUG_GCC5/X64/MdePkg/Library/BasePcdLibNull/BasePcdLibNull/OUTPUT/BasePcdLibNull.lib
LOAD /home/hcj/UEFIWorkspace/Build/NetworkPkg/DEBUG_GCC5/X64/MdePkg/Library/BaseMemoryLib/BaseMemoryLib/OUTPUT/BaseMemoryLib.lib
LOAD /home/hcj/UEFIWorkspace/Build/NetworkPkg/DEBUG_GCC5/X64/MdePkg/Library/BaseLib/BaseLib/OUTPUT/BaseLib.lib
LOAD /home/hcj/UEFIWorkspace/Build/NetworkPkg/DEBUG_GCC5/X64/MdePkg/Library/BaseDebugPrintErrorLevelLib/BaseDebugPrintErrorLevelLib/OUTPUT/BaseDebugPrintErrorLevelLib.lib
LOAD /home/hcj/UEFIWorkspace/Build/NetworkPkg/DEBUG_GCC5/X64/MdePkg/Library/BasePrintLib/BasePrintLib/OUTPUT/BasePrintLib.lib
LOAD /home/hcj/UEFIWorkspace/Build/NetworkPkg/DEBUG_GCC5/X64/MdePkg/Library/UefiDebugLibConOut/UefiDebugLibConOut/OUTPUT/UefiDebugLibConOut.lib
LOAD /home/hcj/UEFIWorkspace/Build/NetworkPkg/DEBUG_GCC5/X64/MdePkg/Library/UefiBootServicesTableLib/UefiBootServicesTableLib/OUTPUT/UefiBootServicesTableLib.lib
LOAD /home/hcj/UEFIWorkspace/Build/NetworkPkg/DEBUG_GCC5/X64/MdePkg/Library/UefiMemoryAllocationLib/UefiMemoryAllocationLib/OUTPUT/UefiMemoryAllocationLib.lib
LOAD /home/hcj/UEFIWorkspace/Build/NetworkPkg/DEBUG_GCC5/X64/MdePkg/Library/UefiRuntimeServicesTableLib/UefiRuntimeServicesTableLib/OUTPUT/UefiRuntimeServicesTableLib.lib
LOAD /home/hcj/UEFIWorkspace/Build/NetworkPkg/DEBUG_GCC5/X64/MdePkg/Library/UefiDevicePathLib/UefiDevicePathLib/OUTPUT/UefiDevicePathLib.lib
LOAD /home/hcj/UEFIWorkspace/Build/NetworkPkg/DEBUG_GCC5/X64/MdePkg/Library/UefiLib/UefiLib/OUTPUT/UefiLib.lib
LOAD /home/hcj/UEFIWorkspace/Build/NetworkPkg/DEBUG_GCC5/X64/NetworkPkg/Library/DxeDpcLib/DxeDpcLib/OUTPUT/DxeDpcLib.lib
LOAD /home/hcj/UEFIWorkspace/Build/NetworkPkg/DEBUG_GCC5/X64/MdePkg/Library/UefiDriverEntryPoint/UefiDriverEntryPoint/OUTPUT/UefiDriverEntryPoint.lib
LOAD /home/hcj/UEFIWorkspace/Build/NetworkPkg/DEBUG_GCC5/X64/NetworkPkg/Library/DxeNetLib/DxeNetLib/OUTPUT/DxeNetLib.lib
LOAD /home/hcj/UEFIWorkspace/Build/NetworkPkg/DEBUG_GCC5/X64/NetworkPkg/Library/DxeIpIoLib/DxeIpIoLib/OUTPUT/DxeIpIoLib.lib
END GROUP
                0x0000000000000228                PECOFF_HEADER_SIZE = 0x228
                0x0000000000000228                . = PECOFF_HEADER_SIZE

.text           0x0000000000000240    0x147ad
 *(.text .text.* .stub .gnu.linkonce.t.*)
 .text.TcpRxCallback
                0x0000000000000240     0x19ac /tmp/ccUOXOeT.ltrans0.ltrans.o
                0x0000000000000240                TcpRxCallback
 .text.SockFreeFoo
                0x0000000000001bec        0x1 /tmp/ccUOXOeT.ltrans1.ltrans.o
 .text.Tcp6DriverBindingSupported
                0x0000000000001bed       0x7b /tmp/ccUOXOeT.ltrans1.ltrans.o
                0x0000000000001bed                Tcp6DriverBindingSupported
 .text.Tcp4DriverBindingSupported
                0x0000000000001c68       0x7b /tmp/ccUOXOeT.ltrans1.ltrans.o
                0x0000000000001c68                Tcp4DriverBindingSupported
 .text.TcpCreateSocketCallback
                0x0000000000001ce3       0xe1 /tmp/ccUOXOeT.ltrans1.ltrans.o
 .text.TcpDestroyChildEntryInHandleBuffer
                0x0000000000001dc4       0x9f /tmp/ccUOXOeT.ltrans1.ltrans.o
 .text.TcpDestroyTimer
                0x0000000000001e63       0x8d /tmp/ccUOXOeT.ltrans1.ltrans.o
 .text.TcpDestroySocketCallback
                0x0000000000001ef0       0x5f /tmp/ccUOXOeT.ltrans1.ltrans.o
 .text.TcpServiceBindingDestroyChild
                0x0000000000001f4f      0x192 /tmp/ccUOXOeT.ltrans1.ltrans.o
 .text.TcpDestroyService
                0x00000000000020e1      0x39b /tmp/ccUOXOeT.ltrans1.ltrans.o
 .text.Tcp6DriverBindingStop
                0x000000000000247c       0xa9 /tmp/ccUOXOeT.ltrans1.ltrans.o
                0x000000000000247c                Tcp6DriverBindingStop
 .text.Tcp4DriverBindingStop
                0x0000000000002525       0xa9 /tmp/ccUOXOeT.ltrans1.ltrans.o
                0x0000000000002525                Tcp4DriverBindingStop
 .text.TcpCreateService
                0x00000000000025ce      0x5ae /tmp/ccUOXOeT.ltrans1.ltrans.o
 .text.Tcp6DriverBindingStart
                0x0000000000002b7c       0xc2 /tmp/ccUOXOeT.ltrans1.ltrans.o
                0x0000000000002b7c                Tcp6DriverBindingStart
 .text.Tcp4DriverBindingStart
                0x0000000000002c3e       0xc2 /tmp/ccUOXOeT.ltrans1.ltrans.o
                0x0000000000002c3e                Tcp4DriverBindingStart
 .text.SockCreate
                0x0000000000002d00      0x4d5 /tmp/ccUOXOeT.ltrans1.ltrans.o
                0x0000000000002d00                SockCreate
 .text.TcpServiceBindingCreateChild
                0x00000000000031d5      0x2f5 /tmp/ccUOXOeT.ltrans1.ltrans.o
 .text.SockCancelToken
                0x00000000000034ca      0x136 /tmp/ccUOXOeT.ltrans1.ltrans.o
                0x00000000000034ca                SockCancelToken
 .text.SockFlushPendingToken
                0x0000000000003600       0x94 /tmp/ccUOXOeT.ltrans1.ltrans.o
                0x0000000000003600                SockFlushPendingToken
 .text.SockProcessTcpSndData
                0x0000000000003694       0xea /tmp/ccUOXOeT.ltrans1.ltrans.o
                0x0000000000003694                SockProcessTcpSndData
 .text.SockProcessRcvToken
                0x000000000000377e      0x2d7 /tmp/ccUOXOeT.ltrans1.ltrans.o
                0x000000000000377e                SockProcessRcvToken
 .text.SockProcessSndToken
                0x0000000000003a55      0x126 /tmp/ccUOXOeT.ltrans1.ltrans.o
                0x0000000000003a55                SockProcessSndToken
 .text.TcpDispatcher
                0x0000000000003b7b     0x11fa /tmp/ccUOXOeT.ltrans2.ltrans.o
                0x0000000000003b7b                TcpDispatcher
 .text.TcpComponentNameGetDriverName
                0x0000000000004d75       0x36 /tmp/ccUOXOeT.ltrans3.ltrans.o
                0x0000000000004d75                TcpComponentNameGetDriverName
 .text.TcpComponentNameGetControllerName
                0x0000000000004dab      0x3ad /tmp/ccUOXOeT.ltrans3.ltrans.o
                0x0000000000004dab                TcpComponentNameGetControllerName
 .text.TcpTicking
                0x0000000000005158       0x14 /tmp/ccUOXOeT.ltrans3.ltrans.o
                0x0000000000005158                TcpTicking
 .text.TcpUpdateTimer
                0x000000000000516c       0x54 /tmp/ccUOXOeT.ltrans3.ltrans.o
                0x000000000000516c                TcpUpdateTimer
 .text.TcpTickingDpc
                0x00000000000051c0      0x19b /tmp/ccUOXOeT.ltrans3.ltrans.o
 .text.TcpSetTimer
                0x000000000000535b       0x23 /tmp/ccUOXOeT.ltrans3.ltrans.o
                0x000000000000535b                TcpSetTimer
 .text.TcpSetKeepaliveTimer
                0x000000000000537e       0x46 /tmp/ccUOXOeT.ltrans3.ltrans.o
                0x000000000000537e                TcpSetKeepaliveTimer
 .text.TcpSetProbeTimer
                0x00000000000053c4       0x5c /tmp/ccUOXOeT.ltrans3.ltrans.o
                0x00000000000053c4                TcpSetProbeTimer
 .text.TcpProbeTimeout
                0x0000000000005420       0x78 /tmp/ccUOXOeT.ltrans3.ltrans.o
 .text.TcpClose
                0x0000000000005498       0x29 /tmp/ccUOXOeT.ltrans3.ltrans.o
                0x0000000000005498                TcpClose
 .text.Tcp2MSLTimeout
                0x00000000000054c1       0x3a /tmp/ccUOXOeT.ltrans3.ltrans.o
 .text.TcpFinwait2Timeout
                0x00000000000054fb       0x3a /tmp/ccUOXOeT.ltrans3.ltrans.o
 .text.TcpKeepaliveTimeout
                0x0000000000005535       0x55 /tmp/ccUOXOeT.ltrans3.ltrans.o
 .text.TcpRexmitTimeout
                0x000000000000558a      0x155 /tmp/ccUOXOeT.ltrans3.ltrans.o
 .text.TcpConnectTimeout
                0x00000000000056df       0xa2 /tmp/ccUOXOeT.ltrans3.ltrans.o
 .text.TcpDeliverData
                0x0000000000005781      0x4a8 /tmp/ccUOXOeT.ltrans3.ltrans.o
                0x0000000000005781                TcpDeliverData
 .text.TcpTrimSegment
                0x0000000000005c29       0xe3 /tmp/ccUOXOeT.ltrans3.ltrans.o
                0x0000000000005c29                TcpTrimSegment
 .text.unlikely.TcpAdjustSndQue
                0x0000000000005d0c       0x70 /tmp/ccUOXOeT.ltrans3.ltrans.o
                0x0000000000005d0c                TcpAdjustSndQue
 .text.TcpTrimInWnd
                0x0000000000005d7c       0x1d /tmp/ccUOXOeT.ltrans3.ltrans.o
                0x0000000000005d7c                TcpTrimInWnd
 .text.TcpComputeRtt
                0x0000000000005d99       0xf5 /tmp/ccUOXOeT.ltrans3.ltrans.o
                0x0000000000005d99                TcpComputeRtt
 .text.TcpComputeScale
                0x0000000000005e8e       0x64 /tmp/ccUOXOeT.ltrans3.ltrans.o
                0x0000000000005e8e                TcpComputeScale
 .text.TcpPutUint32
                0x0000000000005ef2       0x34 /tmp/ccUOXOeT.ltrans3.ltrans.o
                0x0000000000005ef2                TcpPutUint32
 .text._DriverUnloadHandler
                0x0000000000005f26      0x1a5 /tmp/ccUOXOeT.ltrans4.ltrans.o
 .text._ModuleEntryPoint
                0x00000000000060cb      0x416 /tmp/ccUOXOeT.ltrans4.ltrans.o
                0x00000000000060cb                _ModuleEntryPoint
 .text.IsLanguageSupported
                0x00000000000064e1       0x69 /tmp/ccUOXOeT.ltrans4.ltrans.o
                0x00000000000064e1                IsLanguageSupported
 .text.LookupUnicodeString2
                0x000000000000654a       0xe1 /tmp/ccUOXOeT.ltrans4.ltrans.o
                0x000000000000654a                LookupUnicodeString2
 .text.EfiReleaseLock
                0x000000000000662b       0x69 /tmp/ccUOXOeT.ltrans4.ltrans.o
                0x000000000000662b                EfiReleaseLock
 .text.EfiAcquireLockOrFail
                0x0000000000006694       0x7c /tmp/ccUOXOeT.ltrans4.ltrans.o
                0x0000000000006694                EfiAcquireLockOrFail
 .text.SetDevicePathNodeLength
                0x0000000000006710       0x87 /tmp/ccUOXOeT.ltrans4.ltrans.o
                0x0000000000006710                SetDevicePathNodeLength
 .text.DevicePathNodeLength
                0x0000000000006797       0x40 /tmp/ccUOXOeT.ltrans4.ltrans.o
                0x0000000000006797                DevicePathNodeLength
 .text.NextDevicePathNode
                0x00000000000067d7       0x3f /tmp/ccUOXOeT.ltrans4.ltrans.o
                0x00000000000067d7                NextDevicePathNode
 .text.DevicePathSubType
                0x0000000000006816       0x37 /tmp/ccUOXOeT.ltrans4.ltrans.o
                0x0000000000006816                DevicePathSubType
 .text.DevicePathType
                0x000000000000684d       0x36 /tmp/ccUOXOeT.ltrans4.ltrans.o
                0x000000000000684d                DevicePathType
 .text.IsDevicePathEnd
                0x0000000000006883       0x6b /tmp/ccUOXOeT.ltrans4.ltrans.o
                0x0000000000006883                IsDevicePathEnd
 .text.UefiDevicePathLibGetDevicePathSize
                0x00000000000068ee       0x4e /tmp/ccUOXOeT.ltrans4.ltrans.o
                0x00000000000068ee                UefiDevicePathLibGetDevicePathSize
 .text.UefiDevicePathLibDuplicateDevicePath
                0x000000000000693c       0xb6 /tmp/ccUOXOeT.ltrans4.ltrans.o
                0x000000000000693c                UefiDevicePathLibDuplicateDevicePath
 .text.FreePool
                0x00000000000069f2       0x60 /tmp/ccUOXOeT.ltrans4.ltrans.o
                0x00000000000069f2                FreePool
 .text.FreeUnicodeStringTable
                0x0000000000006a52       0x46 /tmp/ccUOXOeT.ltrans4.ltrans.o
                0x0000000000006a52                FreeUnicodeStringTable
 .text.EfiTestChildHandle
                0x0000000000006a98       0xa9 /tmp/ccUOXOeT.ltrans4.ltrans.o
                0x0000000000006a98                EfiTestChildHandle
 .text.TcpGetUint32
                0x0000000000006b41       0x29 /tmp/ccUOXOeT.ltrans5.ltrans.o
                0x0000000000006b41                TcpGetUint32
 .text.TcpInstallDevicePath
                0x0000000000006b6a      0x44f /tmp/ccUOXOeT.ltrans5.ltrans.o
                0x0000000000006b6a                TcpInstallDevicePath
 .text.TcpChecksum
                0x0000000000006fb9      0x102 /tmp/ccUOXOeT.ltrans5.ltrans.o
                0x0000000000006fb9                TcpChecksum
 .text.TcpResetConnection
                0x00000000000070bb       0xff /tmp/ccUOXOeT.ltrans5.ltrans.o
                0x00000000000070bb                TcpResetConnection
 .text.TcpSetState
                0x00000000000071ba      0x2d1 /tmp/ccUOXOeT.ltrans5.ltrans.o
                0x00000000000071ba                TcpSetState
 .text.TcpGetRcvMss
                0x000000000000748b      0x1db /tmp/ccUOXOeT.ltrans5.ltrans.o
                0x000000000000748b                TcpGetRcvMss
 .text.TcpInsertTcb
                0x0000000000007666       0xe6 /tmp/ccUOXOeT.ltrans5.ltrans.o
                0x0000000000007666                TcpInsertTcb
 .text.TcpLocateTcb
                0x000000000000774c      0x228 /tmp/ccUOXOeT.ltrans5.ltrans.o
                0x000000000000774c                TcpLocateTcb
 .text.TcpFindTcbByPeer
                0x0000000000007974       0xe9 /tmp/ccUOXOeT.ltrans5.ltrans.o
                0x0000000000007974                TcpFindTcbByPeer
 .text.BasePrintLibSPrintMarker.constprop.40
                0x0000000000007a5d     0x10bd /tmp/ccUOXOeT.ltrans6.ltrans.o
                0x0000000000007a5d                BasePrintLibSPrintMarker.constprop.40
 .text.UnicodeVSPrintAsciiFormat.constprop.39
                0x0000000000008b1a       0xe6 /tmp/ccUOXOeT.ltrans6.ltrans.o
 .text.UnicodeSPrintAsciiFormat.constprop.38
                0x0000000000008c00       0x29 /tmp/ccUOXOeT.ltrans6.ltrans.o
                0x0000000000008c00                UnicodeSPrintAsciiFormat.constprop.38
 .text.DebugPrintMarker.constprop.36
                0x0000000000008c29       0xac /tmp/ccUOXOeT.ltrans6.ltrans.o
                0x0000000000008c29                DebugPrintMarker.constprop.36
 .text.InternalAllocatePool.constprop.35
                0x0000000000008cd5       0x37 /tmp/ccUOXOeT.ltrans6.ltrans.o
                0x0000000000008cd5                InternalAllocatePool.constprop.35
 .text.EfiLibInstallDriverBindingComponentName2.constprop.28
                0x0000000000008d0c       0xc7 /tmp/ccUOXOeT.ltrans6.ltrans.o
                0x0000000000008d0c                EfiLibInstallDriverBindingComponentName2.constprop.28
 .text.NetbufFromExt.constprop.23
                0x0000000000008dd3      0x15d /tmp/ccUOXOeT.ltrans6.ltrans.o
                0x0000000000008dd3                NetbufFromExt.constprop.23
 .text.IsDevicePathValid.part.0.constprop.21
                0x0000000000008f30       0x89 /tmp/ccUOXOeT.ltrans6.ltrans.o
                0x0000000000008f30                IsDevicePathValid.part.0.constprop.21
 .text.SockTokenExistedInList
                0x0000000000008fb9       0x1c /tmp/ccUOXOeT.ltrans7.ltrans.o
 .text.SockTokenExisted
                0x0000000000008fd5       0x74 /tmp/ccUOXOeT.ltrans7.ltrans.o
 .text.SockBufferToken
                0x0000000000009049       0x81 /tmp/ccUOXOeT.ltrans7.ltrans.o
 .text.TcpFlushPcb
                0x00000000000090ca       0x9a /tmp/ccUOXOeT.ltrans7.ltrans.o
                0x00000000000090ca                TcpFlushPcb
 .text.SockCancel
                0x0000000000009164      0x1ad /tmp/ccUOXOeT.ltrans7.ltrans.o
                0x0000000000009164                SockCancel
 .text.SockClose
                0x0000000000009311      0x12b /tmp/ccUOXOeT.ltrans7.ltrans.o
                0x0000000000009311                SockClose
 .text.SockRcv  0x000000000000943c      0x1c3 /tmp/ccUOXOeT.ltrans7.ltrans.o
                0x000000000000943c                SockRcv
 .text.SockAccept
                0x00000000000095ff      0x21d /tmp/ccUOXOeT.ltrans7.ltrans.o
                0x00000000000095ff                SockAccept
 .text.SockConnect
                0x000000000000981c       0xf0 /tmp/ccUOXOeT.ltrans7.ltrans.o
                0x000000000000981c                SockConnect
 .text.SockConfigure
                0x000000000000990c       0xe1 /tmp/ccUOXOeT.ltrans7.ltrans.o
                0x000000000000990c                SockConfigure
 .text.SockGetFreeSpace
                0x00000000000099ed       0x6b /tmp/ccUOXOeT.ltrans7.ltrans.o
                0x00000000000099ed                SockGetFreeSpace
 .text.SockSend
                0x0000000000009a58      0x20b /tmp/ccUOXOeT.ltrans7.ltrans.o
                0x0000000000009a58                SockSend
 .text.SockDestroy
                0x0000000000009c63       0xe3 /tmp/ccUOXOeT.ltrans7.ltrans.o
                0x0000000000009c63                SockDestroy
 .text.SockDestroyChild
                0x0000000000009d46      0x284 /tmp/ccUOXOeT.ltrans7.ltrans.o
                0x0000000000009d46                SockDestroyChild
 .text.SockConnFlush
                0x0000000000009fca      0x157 /tmp/ccUOXOeT.ltrans7.ltrans.o
                0x0000000000009fca                SockConnFlush
 .text.SockFlush
                0x000000000000a121      0x131 /tmp/ccUOXOeT.ltrans7.ltrans.o
                0x000000000000a121                SockFlush
 .text.IpIoExtFree
                0x000000000000a252        0xa /tmp/ccUOXOeT.ltrans8.ltrans.o
 .text.IpIoDummyHandlerDpc
                0x000000000000a25c       0x9b /tmp/ccUOXOeT.ltrans8.ltrans.o
 .text.IpIoListenHandler
                0x000000000000a2f7       0x14 /tmp/ccUOXOeT.ltrans8.ltrans.o
                0x000000000000a2f7                IpIoListenHandler
 .text.IpIoDummyHandler
                0x000000000000a30b       0x14 /tmp/ccUOXOeT.ltrans8.ltrans.o
                0x000000000000a30b                IpIoDummyHandler
 .text.IpIoTransmitHandler
                0x000000000000a31f       0x14 /tmp/ccUOXOeT.ltrans8.ltrans.o
                0x000000000000a31f                IpIoTransmitHandler
 .text.IpIoListenHandlerDpc
                0x000000000000a333      0x4cb /tmp/ccUOXOeT.ltrans8.ltrans.o
 .text.IpIoDestroySndEntry
                0x000000000000a7fe       0x88 /tmp/ccUOXOeT.ltrans8.ltrans.o
                0x000000000000a7fe                IpIoDestroySndEntry
 .text.IpIoTransmitHandlerDpc
                0x000000000000a886       0xde /tmp/ccUOXOeT.ltrans8.ltrans.o
 .text.IpIoCloseProtocolDestroyIpChild
                0x000000000000a964       0x87 /tmp/ccUOXOeT.ltrans8.ltrans.o
                0x000000000000a964                IpIoCloseProtocolDestroyIpChild
 .text.IpIoDestroy
                0x000000000000a9eb      0x1ac /tmp/ccUOXOeT.ltrans8.ltrans.o
                0x000000000000a9eb                IpIoDestroy
 .text.IpIoCreateIpChildOpenProtocol
                0x000000000000ab97      0x12e /tmp/ccUOXOeT.ltrans8.ltrans.o
                0x000000000000ab97                IpIoCreateIpChildOpenProtocol
 .text.NetblockChecksum
                0x000000000000acc5       0x32 /tmp/ccUOXOeT.ltrans8.ltrans.o
                0x000000000000acc5                NetblockChecksum
 .text.NetbufQueFlush
                0x000000000000acf7       0x53 /tmp/ccUOXOeT.ltrans8.ltrans.o
                0x000000000000acf7                NetbufQueFlush
 .text.NetbufQueTrim
                0x000000000000ad4a       0xb3 /tmp/ccUOXOeT.ltrans8.ltrans.o
                0x000000000000ad4a                NetbufQueTrim
 .text.NetbufQueCopy
                0x000000000000adfd      0x180 /tmp/ccUOXOeT.ltrans8.ltrans.o
                0x000000000000adfd                NetbufQueCopy
 .text.NetbufQueAppend
                0x000000000000af7d       0x81 /tmp/ccUOXOeT.ltrans8.ltrans.o
                0x000000000000af7d                NetbufQueAppend
 .text.NetbufQueFree
                0x000000000000affe       0x71 /tmp/ccUOXOeT.ltrans8.ltrans.o
                0x000000000000affe                NetbufQueFree
 .text.NetbufQueAlloc
                0x000000000000b06f       0x4e /tmp/ccUOXOeT.ltrans8.ltrans.o
                0x000000000000b06f                NetbufQueAlloc
 .text.TcpChkDataBuf
                0x000000000000b0bd       0x3a /tmp/ccUOXOeT.ltrans9.ltrans.o
 .text.Tcp6Poll
                0x000000000000b0f7       0xfe /tmp/ccUOXOeT.ltrans9.ltrans.o
                0x000000000000b0f7                Tcp6Poll
 .text.Tcp6GetModeData
                0x000000000000b1f5      0x147 /tmp/ccUOXOeT.ltrans9.ltrans.o
                0x000000000000b1f5                Tcp6GetModeData
 .text.Tcp4Poll
                0x000000000000b33c       0xfe /tmp/ccUOXOeT.ltrans9.ltrans.o
                0x000000000000b33c                Tcp4Poll
 .text.Tcp4GetModeData
                0x000000000000b43a      0x147 /tmp/ccUOXOeT.ltrans9.ltrans.o
                0x000000000000b43a                Tcp4GetModeData
 .text.Tcp6Cancel
                0x000000000000b581       0xf4 /tmp/ccUOXOeT.ltrans9.ltrans.o
                0x000000000000b581                Tcp6Cancel
 .text.Tcp4Cancel
                0x000000000000b675       0xf4 /tmp/ccUOXOeT.ltrans9.ltrans.o
                0x000000000000b675                Tcp4Cancel
 .text.Tcp6Close
                0x000000000000b769      0x10d /tmp/ccUOXOeT.ltrans9.ltrans.o
                0x000000000000b769                Tcp6Close
 .text.Tcp4Close
                0x000000000000b876      0x10d /tmp/ccUOXOeT.ltrans9.ltrans.o
                0x000000000000b876                Tcp4Close
 .text.Tcp6Receive
                0x000000000000b983      0x138 /tmp/ccUOXOeT.ltrans9.ltrans.o
                0x000000000000b983                Tcp6Receive
 .text.Tcp4Receive
                0x000000000000babb      0x138 /tmp/ccUOXOeT.ltrans9.ltrans.o
                0x000000000000babb                Tcp4Receive
 .text.Tcp6Transmit
                0x000000000000bbf3      0x138 /tmp/ccUOXOeT.ltrans9.ltrans.o
                0x000000000000bbf3                Tcp6Transmit
 .text.Tcp4Transmit
                0x000000000000bd2b      0x138 /tmp/ccUOXOeT.ltrans9.ltrans.o
                0x000000000000bd2b                Tcp4Transmit
 .text.Tcp6Accept
                0x000000000000be63      0x109 /tmp/ccUOXOeT.ltrans9.ltrans.o
                0x000000000000be63                Tcp6Accept
 .text.Tcp4Accept
                0x000000000000bf6c      0x109 /tmp/ccUOXOeT.ltrans9.ltrans.o
                0x000000000000bf6c                Tcp4Accept
 .text.Tcp6Connect
                0x000000000000c075      0x109 /tmp/ccUOXOeT.ltrans9.ltrans.o
                0x000000000000c075                Tcp6Connect
 .text.Tcp4Connect
                0x000000000000c17e      0x109 /tmp/ccUOXOeT.ltrans9.ltrans.o
                0x000000000000c17e                Tcp4Connect
 .text.Tcp6Configure
                0x000000000000c287      0x1ac /tmp/ccUOXOeT.ltrans9.ltrans.o
                0x000000000000c287                Tcp6Configure
 .text.Tcp4Routes
                0x000000000000c433      0x1ab /tmp/ccUOXOeT.ltrans9.ltrans.o
                0x000000000000c433                Tcp4Routes
 .text.Tcp4Configure
                0x000000000000c5de      0x224 /tmp/ccUOXOeT.ltrans9.ltrans.o
                0x000000000000c5de                Tcp4Configure
 .text.TcpIsIpZero
                0x000000000000c802       0x72 /tmp/ccUOXOeT.ltrans9.ltrans.o
                0x000000000000c802                TcpIsIpZero
 .text.TcpIsIpEqual
                0x000000000000c874       0x82 /tmp/ccUOXOeT.ltrans9.ltrans.o
                0x000000000000c874                TcpIsIpEqual
 .text.TcpInitTcbPeer
                0x000000000000c8f6      0x16e /tmp/ccUOXOeT.ltrans9.ltrans.o
                0x000000000000c8f6                TcpInitTcbPeer
 .text.TcpInitTcbLocal
                0x000000000000ca64       0x9e /tmp/ccUOXOeT.ltrans9.ltrans.o
                0x000000000000ca64                TcpInitTcbLocal
 .text.TcpVerifySegment
                0x000000000000cb02       0x97 /tmp/ccUOXOeT.ltrans9.ltrans.o
                0x000000000000cb02                TcpVerifySegment
 .text.TcpGetSegmentSndQue
                0x000000000000cb99      0x26a /tmp/ccUOXOeT.ltrans10.ltrans.o
 .text.TcpSendReset
                0x000000000000ce03      0x1c7 /tmp/ccUOXOeT.ltrans10.ltrans.o
                0x000000000000ce03                TcpSendReset
 .text.TcpSendZeroProbe
                0x000000000000cfca       0x71 /tmp/ccUOXOeT.ltrans10.ltrans.o
                0x000000000000cfca                TcpSendZeroProbe
 .text.TcpSendAck
                0x000000000000d03b       0x73 /tmp/ccUOXOeT.ltrans10.ltrans.o
                0x000000000000d03b                TcpSendAck
 .text.TcpToSendData
                0x000000000000d0ae      0x6c3 /tmp/ccUOXOeT.ltrans10.ltrans.o
                0x000000000000d0ae                TcpToSendData
 .text.TcpRetransmit
                0x000000000000d771      0x1aa /tmp/ccUOXOeT.ltrans10.ltrans.o
                0x000000000000d771                TcpRetransmit
 .text.InternalAllocateCopyPool.constprop.19
                0x000000000000d91b       0x90 /tmp/ccUOXOeT.ltrans11.ltrans.o
                0x000000000000d91b                InternalAllocateCopyPool.constprop.19
 .text.NetbufReserve.constprop.14
                0x000000000000d9ab      0x112 /tmp/ccUOXOeT.ltrans11.ltrans.o
                0x000000000000d9ab                NetbufReserve.constprop.14
 .text.IpIoFindSender.constprop.10
                0x000000000000dabd       0xce /tmp/ccUOXOeT.ltrans11.ltrans.o
                0x000000000000dabd                IpIoFindSender.constprop.10
 .text.NetIp6PseudoHeadChecksum.constprop.9
                0x000000000000db8b       0x67 /tmp/ccUOXOeT.ltrans11.ltrans.o
                0x000000000000db8b                NetIp6PseudoHeadChecksum.constprop.9
 .text.NetPseudoHeadChecksum.constprop.8
                0x000000000000dbf2       0x46 /tmp/ccUOXOeT.ltrans11.ltrans.o
                0x000000000000dbf2                NetPseudoHeadChecksum.constprop.8
 .text.QueueDpc.constprop.4
                0x000000000000dc38       0x17 /tmp/ccUOXOeT.ltrans11.ltrans.o
                0x000000000000dc38                QueueDpc.constprop.4
 .text.UnicodeSPrint.constprop.2
                0x000000000000dc4f       0xc3 /tmp/ccUOXOeT.ltrans11.ltrans.o
                0x000000000000dc4f                UnicodeSPrint.constprop.2
 .text.AddUnicodeString2.constprop.0
                0x000000000000dd12      0x2a7 /tmp/ccUOXOeT.ltrans11.ltrans.o
                0x000000000000dd12                AddUnicodeString2.constprop.0
 .text.IpIoRemoveIp
                0x000000000000dfb9      0x1d7 /tmp/ccUOXOeT.ltrans11.ltrans.o
                0x000000000000dfb9                IpIoRemoveIp
 .text.IpIoConfigIp
                0x000000000000e190      0x22a /tmp/ccUOXOeT.ltrans11.ltrans.o
                0x000000000000e190                IpIoConfigIp
 .text.ExitBootServicesCallback
                0x000000000000e3ba        0x8 /tmp/ccUOXOeT.ltrans12.ltrans.o
                0x000000000000e3ba                ExitBootServicesCallback
 .text.DebugAssert.part.0
                0x000000000000e3c2       0x75 /tmp/ccUOXOeT.ltrans12.ltrans.o
 .text.AllocateZeroPool
                0x000000000000e437       0xf9 /tmp/ccUOXOeT.ltrans12.ltrans.o
                0x000000000000e437                AllocateZeroPool
 .text.AllocatePool
                0x000000000000e530       0x99 /tmp/ccUOXOeT.ltrans12.ltrans.o
                0x000000000000e530                AllocatePool
 .text.DebugPrintEnabled
                0x000000000000e5c9        0x3 /tmp/ccUOXOeT.ltrans12.ltrans.o
                0x000000000000e5c9                DebugPrintEnabled
 .text.DebugAssertEnabled
                0x000000000000e5cc        0x3 /tmp/ccUOXOeT.ltrans12.ltrans.o
                0x000000000000e5cc                DebugAssertEnabled
 .text.DebugAssert
                0x000000000000e5cf        0xf /tmp/ccUOXOeT.ltrans12.ltrans.o
                0x000000000000e5cf                DebugAssert
 .text.DebugPrint
                0x000000000000e5de       0xc1 /tmp/ccUOXOeT.ltrans12.ltrans.o
                0x000000000000e5de                DebugPrint
 .text.BasePrintLibFillBuffer
                0x000000000000e69f       0x2e /tmp/ccUOXOeT.ltrans12.ltrans.o
                0x000000000000e69f                BasePrintLibFillBuffer
 .text.ReadUnaligned24
                0x000000000000e6cd       0x3b /tmp/ccUOXOeT.ltrans12.ltrans.o
                0x000000000000e6cd                ReadUnaligned24
 .text.ReadUnaligned16
                0x000000000000e708       0x37 /tmp/ccUOXOeT.ltrans12.ltrans.o
                0x000000000000e708                ReadUnaligned16
 .text.AsciiStrLen
                0x000000000000e73f       0x85 /tmp/ccUOXOeT.ltrans12.ltrans.o
                0x000000000000e73f                AsciiStrLen
 .text.AsciiStrnCmp.part.4.lto_priv.43
                0x000000000000e7c4       0xd3 /tmp/ccUOXOeT.ltrans12.ltrans.o
                0x000000000000e7c4                AsciiStrnCmp.part.4.lto_priv.43
 .text.AsciiStrnLenS
                0x000000000000e897       0x26 /tmp/ccUOXOeT.ltrans12.ltrans.o
                0x000000000000e897                AsciiStrnLenS
 .text.StrnLenS
                0x000000000000e8bd       0x5d /tmp/ccUOXOeT.ltrans12.ltrans.o
                0x000000000000e8bd                StrnLenS
 .text.InitializeListHead
                0x000000000000e91a       0x3e /tmp/ccUOXOeT.ltrans12.ltrans.o
                0x000000000000e91a                InitializeListHead
 .text.InternalBaseLibIsListValid
                0x000000000000e958       0x9e /tmp/ccUOXOeT.ltrans12.ltrans.o
                0x000000000000e958                InternalBaseLibIsListValid
 .text.IsListEmpty
                0x000000000000e9f6       0x3e /tmp/ccUOXOeT.ltrans12.ltrans.o
                0x000000000000e9f6                IsListEmpty
 .text.RemoveEntryList
                0x000000000000ea34       0x50 /tmp/ccUOXOeT.ltrans12.ltrans.o
                0x000000000000ea34                RemoveEntryList
 .text.GetFirstNode
                0x000000000000ea84       0x3b /tmp/ccUOXOeT.ltrans12.ltrans.o
                0x000000000000ea84                GetFirstNode
 .text.IsNodeInList
                0x000000000000eabf       0x90 /tmp/ccUOXOeT.ltrans12.ltrans.o
                0x000000000000eabf                IsNodeInList
 .text.InsertTailList
                0x000000000000eb4f       0x76 /tmp/ccUOXOeT.ltrans12.ltrans.o
                0x000000000000eb4f                InsertTailList
 .text.InsertHeadList
                0x000000000000ebc5       0x75 /tmp/ccUOXOeT.ltrans12.ltrans.o
                0x000000000000ebc5                InsertHeadList
 .text.SwapBytes32
                0x000000000000ec3a       0x12 /tmp/ccUOXOeT.ltrans12.ltrans.o
                0x000000000000ec3a                SwapBytes32
 .text.CopyMem  0x000000000000ec4c      0x260 /tmp/ccUOXOeT.ltrans12.ltrans.o
                0x000000000000ec4c                CopyMem
 .text.NetblockTrim
                0x000000000000eeac       0x5e /tmp/ccUOXOeT.ltrans13.ltrans.o
 .text.NetbufCopy
                0x000000000000ef0a      0x158 /tmp/ccUOXOeT.ltrans13.ltrans.o
                0x000000000000ef0a                NetbufCopy
 .text.NetbufTrim
                0x000000000000f062      0x176 /tmp/ccUOXOeT.ltrans13.ltrans.o
                0x000000000000f062                NetbufTrim
 .text.NetbufSetBlock
                0x000000000000f1d8       0xfd /tmp/ccUOXOeT.ltrans13.ltrans.o
                0x000000000000f1d8                NetbufSetBlock
 .text.NetbufGetByte
                0x000000000000f2d5       0x8d /tmp/ccUOXOeT.ltrans13.ltrans.o
                0x000000000000f2d5                NetbufGetByte
 .text.NetbufAllocSpace
                0x000000000000f362      0x1d2 /tmp/ccUOXOeT.ltrans13.ltrans.o
                0x000000000000f362                NetbufAllocSpace
 .text.NetbufFree
                0x000000000000f534      0x15c /tmp/ccUOXOeT.ltrans13.ltrans.o
                0x000000000000f534                NetbufFree
 .text.NetbufFreeList
                0x000000000000f690       0x9f /tmp/ccUOXOeT.ltrans13.ltrans.o
                0x000000000000f690                NetbufFreeList
 .text.NetbufAllocStruct
                0x000000000000f72f       0xea /tmp/ccUOXOeT.ltrans13.ltrans.o
                0x000000000000f72f                NetbufAllocStruct
 .text.NetbufAlloc
                0x000000000000f819      0x138 /tmp/ccUOXOeT.ltrans13.ltrans.o
                0x000000000000f819                NetbufAlloc
 .text.NetLibDestroyServiceChild
                0x000000000000f951       0x7e /tmp/ccUOXOeT.ltrans13.ltrans.o
                0x000000000000f951                NetLibDestroyServiceChild
 .text.NetIp6IsUnspecifiedAddr
                0x000000000000f9cf       0x4b /tmp/ccUOXOeT.ltrans13.ltrans.o
                0x000000000000f9cf                NetIp6IsUnspecifiedAddr
 .text.NetIp6IsValidUnicast
                0x000000000000fa1a       0x57 /tmp/ccUOXOeT.ltrans13.ltrans.o
                0x000000000000fa1a                NetIp6IsValidUnicast
 .text.NetIp4IsUnicast
                0x000000000000fa71       0x76 /tmp/ccUOXOeT.ltrans13.ltrans.o
                0x000000000000fa71                NetIp4IsUnicast
 .text.TcpGetMaxSndNxt
                0x000000000000fae7       0x65 /tmp/ccUOXOeT.ltrans14.ltrans.o
                0x000000000000fae7                TcpGetMaxSndNxt
 .text.TcpDataToSend
                0x000000000000fb4c      0x127 /tmp/ccUOXOeT.ltrans14.ltrans.o
                0x000000000000fb4c                TcpDataToSend
 .text.TcpRcvWinOld
                0x000000000000fc73       0x21 /tmp/ccUOXOeT.ltrans14.ltrans.o
                0x000000000000fc73                TcpRcvWinOld
 .text.TcpRcvWinNow
                0x000000000000fc94       0x80 /tmp/ccUOXOeT.ltrans14.ltrans.o
                0x000000000000fc94                TcpRcvWinNow
 .text.TcpTransmitSegment
                0x000000000000fd14      0x4d2 /tmp/ccUOXOeT.ltrans14.ltrans.o
                0x000000000000fd14                TcpTransmitSegment
 .text.CompareMem.part.0.lto_priv.42
                0x00000000000101e6       0xd9 /tmp/ccUOXOeT.ltrans15.ltrans.o
                0x00000000000101e6                CompareMem.part.0.lto_priv.42
 .text.ZeroMem  0x00000000000102bf       0xf8 /tmp/ccUOXOeT.ltrans15.ltrans.o
                0x00000000000102bf                ZeroMem
 .text.ProcessLibraryDestructorList
                0x00000000000103b7       0x14 /tmp/ccUOXOeT.ltrans15.ltrans.o
                0x00000000000103b7                ProcessLibraryDestructorList
 .text.TcpSendIpPacket
                0x00000000000103cb      0x49e /tmp/ccUOXOeT.ltrans15.ltrans.o
                0x00000000000103cb                TcpSendIpPacket
 .text.BasePrintLibSPrint.constprop.41
                0x0000000000010869       0xb8 /tmp/ccUOXOeT.ltrans16.ltrans.o
                0x0000000000010869                BasePrintLibSPrint.constprop.41
 *(.rodata .rodata.* .gnu.linkonce.r.*)
 .rodata.str1.1
                0x0000000000010921      0xb32 /tmp/ccUOXOeT.ltrans0.ltrans.o
                                        0xb47 (size before relaxing)
 *fill*         0x0000000000011453        0x1 
 .rodata.TcpRxCallback
                0x0000000000011454       0x74 /tmp/ccUOXOeT.ltrans0.ltrans.o
 *fill*         0x00000000000114c8        0x8 
 .rodata.mIcmp6ErrMap
                0x00000000000114d0       0x14 /tmp/ccUOXOeT.ltrans0.ltrans.o
 *fill*         0x00000000000114e4        0xc 
 .rodata.mIcmpErrMap
                0x00000000000114f0       0x14 /tmp/ccUOXOeT.ltrans0.ltrans.o
 .rodata.str1.1
                0x0000000000011504      0x660 /tmp/ccUOXOeT.ltrans1.ltrans.o
                                        0x6c1 (size before relaxing)
 .rodata.str1.1
                0x0000000000011b64      0x38a /tmp/ccUOXOeT.ltrans2.ltrans.o
                                        0x40b (size before relaxing)
 *fill*         0x0000000000011eee        0x2 
 .rodata.TcpDispatcher
                0x0000000000011ef0       0x60 /tmp/ccUOXOeT.ltrans2.ltrans.o
 .rodata.str2.2
                0x0000000000011f50      0x154 /tmp/ccUOXOeT.ltrans3.ltrans.o
 .rodata.str1.1
                0x00000000000120a4      0x44b /tmp/ccUOXOeT.ltrans3.ltrans.o
                                        0x540 (size before relaxing)
 *fill*         0x00000000000124ef        0x1 
 .rodata.TcpDeliverData
                0x00000000000124f0       0x20 /tmp/ccUOXOeT.ltrans3.ltrans.o
 .rodata.str1.1
                0x0000000000012510      0x48c /tmp/ccUOXOeT.ltrans4.ltrans.o
                                        0x4a3 (size before relaxing)
 .rodata.str1.1
                0x000000000001299c      0x294 /tmp/ccUOXOeT.ltrans5.ltrans.o
                                        0x439 (size before relaxing)
 .rodata.str2.2
                0x0000000000012c30      0x128 /tmp/ccUOXOeT.ltrans5.ltrans.o
 .rodata.mUefiDevicePathLibEndDevicePath
                0x0000000000012d58        0x4 /tmp/ccUOXOeT.ltrans5.ltrans.o
 .rodata.str1.1
                0x0000000000012d5c      0x3da /tmp/ccUOXOeT.ltrans6.ltrans.o
                                        0x4cc (size before relaxing)
 .rodata._gDriverUnloadImageCount
                0x0000000000013136        0x1 /tmp/ccUOXOeT.ltrans6.ltrans.o
                0x0000000000013136                _gDriverUnloadImageCount
                0x0000000000013136                _gPcd_FixedAtBuild_PcdComponentName2Disable
 .rodata._gPcd_FixedAtBuild_PcdComponentNameDisable
                0x0000000000013137        0x1 /tmp/ccUOXOeT.ltrans6.ltrans.o
                0x0000000000013137                _gPcd_FixedAtBuild_PcdVerifyNodeInList
                0x0000000000013137                _gPcd_FixedAtBuild_PcdComponentNameDisable
 *fill*         0x0000000000013138        0x8 
 .rodata.mHexStr
                0x0000000000013140       0x10 /tmp/ccUOXOeT.ltrans6.ltrans.o
 *fill*         0x0000000000013150       0x10 
 .rodata.mWarningString
                0x0000000000013160       0x96 /tmp/ccUOXOeT.ltrans6.ltrans.o
 *fill*         0x00000000000131f6        0xa 
 .rodata.mErrorString
                0x0000000000013200      0x2b5 /tmp/ccUOXOeT.ltrans6.ltrans.o
 *fill*         0x00000000000134b5        0x3 
 .rodata._gPcd_FixedAtBuild_PcdMaximumUnicodeStringLength
                0x00000000000134b8        0x4 /tmp/ccUOXOeT.ltrans6.ltrans.o
                0x00000000000134b8                _gPcd_FixedAtBuild_PcdMaximumLinkedListLength
                0x00000000000134b8                _gPcd_FixedAtBuild_PcdMaximumAsciiStringLength
                0x00000000000134b8                _gPcd_FixedAtBuild_PcdMaximumUnicodeStringLength
 .rodata.str1.1
                0x00000000000134bc      0x49a /tmp/ccUOXOeT.ltrans7.ltrans.o
                                        0x516 (size before relaxing)
 .rodata.str1.1
                0x0000000000013956      0x233 /tmp/ccUOXOeT.ltrans8.ltrans.o
                                        0x351 (size before relaxing)
 *fill*         0x0000000000013b89        0x3 
 .rodata.IpIoListenHandlerDpc
                0x0000000000013b8c       0x34 /tmp/ccUOXOeT.ltrans8.ltrans.o
 .rodata.str1.1
                0x0000000000013bc0      0x11a /tmp/ccUOXOeT.ltrans9.ltrans.o
                                        0x1f4 (size before relaxing)
 .rodata.str1.1
                0x0000000000013cda      0x34d /tmp/ccUOXOeT.ltrans10.ltrans.o
                                        0x454 (size before relaxing)
 *fill*         0x0000000000014027        0x1 
 .rodata.mTcpOutFlag
                0x0000000000014028        0xb /tmp/ccUOXOeT.ltrans10.ltrans.o
 .rodata.str1.1
                0x0000000000014033      0x203 /tmp/ccUOXOeT.ltrans11.ltrans.o
                                        0x392 (size before relaxing)
 .rodata.str1.1
                0x0000000000014236      0x397 /tmp/ccUOXOeT.ltrans12.ltrans.o
                                        0x4a6 (size before relaxing)
 .rodata.str1.1
                0x00000000000145cd      0x157 /tmp/ccUOXOeT.ltrans13.ltrans.o
                                        0x2f2 (size before relaxing)
 *fill*         0x0000000000014724       0x1c 
 .rodata.gIp4AllMasks
                0x0000000000014740       0x84 /tmp/ccUOXOeT.ltrans13.ltrans.o
                0x0000000000014740                gIp4AllMasks
 .rodata.str1.1
                0x00000000000147c4       0x7c /tmp/ccUOXOeT.ltrans14.ltrans.o
                                        0x1b4 (size before relaxing)
 .rodata.str1.1
                0x0000000000014840      0x1ad /tmp/ccUOXOeT.ltrans15.ltrans.o
                                        0x245 (size before relaxing)
 *(.got .got.*)
 .got           0x00000000000149ed        0x0 TcpDriver.obj (symbol from plugin)
 .got.plt       0x00000000000149ed        0x0 TcpDriver.obj (symbol from plugin)
 *:AutoGen.obj(.data.g*Guid)

.plt            0x00000000000149f0        0x0
 .plt           0x00000000000149f0        0x0 TcpDriver.obj (symbol from plugin)

.plt.got        0x00000000000149f0        0x0
 .plt.got       0x00000000000149f0        0x0 TcpDriver.obj (symbol from plugin)

.data           0x0000000000014a00      0x4b0
 *(.data .data.* .gnu.linkonce.d.*)
 .data.mTcpTick
                0x0000000000014a00        0x4 /tmp/ccUOXOeT.ltrans0.ltrans.o
                0x0000000000014a00                mTcpTick
 *fill*         0x0000000000014a04        0xc 
 .data.rel.local.gTcpServiceBinding
                0x0000000000014a10       0x10 /tmp/ccUOXOeT.ltrans1.ltrans.o
 .data.gEfiTcp4ServiceBindingProtocolGuid
                0x0000000000014a20       0x10 /tmp/ccUOXOeT.ltrans1.ltrans.o
 .data.gEfiTcp6ServiceBindingProtocolGuid
                0x0000000000014a30       0x10 /tmp/ccUOXOeT.ltrans1.ltrans.o
 .data.rel.local.gTcp6ProtocolTemplate
                0x0000000000014a40       0x48 /tmp/ccUOXOeT.ltrans1.ltrans.o
 *fill*         0x0000000000014a88       0x18 
 .data.rel.local.gTcp4ProtocolTemplate
                0x0000000000014aa0       0x50 /tmp/ccUOXOeT.ltrans1.ltrans.o
 *fill*         0x0000000000014af0       0x10 
 .data.rel.local.mTcpDefaultSockData
                0x0000000000014b00       0x60 /tmp/ccUOXOeT.ltrans1.ltrans.o
 .data.mIp6IoDefaultIpConfigData
                0x0000000000014b60       0x34 /tmp/ccUOXOeT.ltrans2.ltrans.o
                0x0000000000014b60                mIp6IoDefaultIpConfigData
 *fill*         0x0000000000014b94        0xc 
 .data.mIp4IoDefaultIpConfigData
                0x0000000000014ba0       0x1c /tmp/ccUOXOeT.ltrans2.ltrans.o
                0x0000000000014ba0                mIp4IoDefaultIpConfigData
 *fill*         0x0000000000014bbc        0x4 
 .data.rel.ro.local.mTcpTimerHandler
                0x0000000000014bc0       0x30 /tmp/ccUOXOeT.ltrans3.ltrans.o
 .data.rel.local.mTcpRunQue
                0x0000000000014bf0       0x10 /tmp/ccUOXOeT.ltrans3.ltrans.o
                0x0000000000014bf0                mTcpRunQue
 .data.rel.local.mTcpDriverNameTable
                0x0000000000014c00       0x20 /tmp/ccUOXOeT.ltrans3.ltrans.o
 .data.gEfiTcp4ProtocolGuid
                0x0000000000014c20       0x10 /tmp/ccUOXOeT.ltrans3.ltrans.o
                0x0000000000014c20                gEfiTcp4ProtocolGuid
 .data.gEfiTcp6ProtocolGuid
                0x0000000000014c30       0x10 /tmp/ccUOXOeT.ltrans3.ltrans.o
                0x0000000000014c30                gEfiTcp6ProtocolGuid
 .data.mTcpGlobalIss
                0x0000000000014c40        0x4 /tmp/ccUOXOeT.ltrans4.ltrans.o
                0x0000000000014c40                mTcpGlobalIss
 *fill*         0x0000000000014c44       0x1c 
 .data.rel.local.gTcp6DriverBinding
                0x0000000000014c60       0x30 /tmp/ccUOXOeT.ltrans4.ltrans.o
                0x0000000000014c60                gTcp6DriverBinding
 *fill*         0x0000000000014c90       0x10 
 .data.rel.local.gTcp4DriverBinding
                0x0000000000014ca0       0x30 /tmp/ccUOXOeT.ltrans4.ltrans.o
                0x0000000000014ca0                gTcp4DriverBinding
 .data.gEfiDpcProtocolGuid
                0x0000000000014cd0       0x10 /tmp/ccUOXOeT.ltrans4.ltrans.o
 .data.gEfiLoadedImageProtocolGuid
                0x0000000000014ce0       0x10 /tmp/ccUOXOeT.ltrans4.ltrans.o
 .data.rel.local.mTcpListenQue
                0x0000000000014cf0       0x10 /tmp/ccUOXOeT.ltrans5.ltrans.o
 .data.rel.ro.local.mTcpStateName
                0x0000000000014d00       0x58 /tmp/ccUOXOeT.ltrans5.ltrans.o
                0x0000000000014d00                mTcpStateName
 *fill*         0x0000000000014d58        0x8 
 .data.gEfiIp4Config2ProtocolGuid
                0x0000000000014d60       0x10 /tmp/ccUOXOeT.ltrans5.ltrans.o
 .data.gEfiDevicePathProtocolGuid
                0x0000000000014d70       0x10 /tmp/ccUOXOeT.ltrans5.ltrans.o
                0x0000000000014d70                gEfiDevicePathProtocolGuid
 .data.rel.local.gTcpComponentName2
                0x0000000000014d80       0x18 /tmp/ccUOXOeT.ltrans6.ltrans.o
                0x0000000000014d80                gTcpComponentName2
 *fill*         0x0000000000014d98        0x8 
 .data.rel.local.gTcpComponentName
                0x0000000000014da0       0x18 /tmp/ccUOXOeT.ltrans6.ltrans.o
                0x0000000000014da0                gTcpComponentName
 *fill*         0x0000000000014db8        0x8 
 .data.gEfiComponentNameProtocolGuid
                0x0000000000014dc0       0x10 /tmp/ccUOXOeT.ltrans6.ltrans.o
                0x0000000000014dc0                gEfiComponentNameProtocolGuid
 .data.gEfiComponentName2ProtocolGuid
                0x0000000000014dd0       0x10 /tmp/ccUOXOeT.ltrans6.ltrans.o
                0x0000000000014dd0                gEfiComponentName2ProtocolGuid
 .data.gEfiDriverBindingProtocolGuid
                0x0000000000014de0       0x10 /tmp/ccUOXOeT.ltrans6.ltrans.o
                0x0000000000014de0                gEfiDriverBindingProtocolGuid
 .data.gEfiIp6ProtocolGuid
                0x0000000000014df0       0x10 /tmp/ccUOXOeT.ltrans8.ltrans.o
                0x0000000000014df0                gEfiIp6ProtocolGuid
 .data.gEfiIp4ProtocolGuid
                0x0000000000014e00       0x10 /tmp/ccUOXOeT.ltrans8.ltrans.o
                0x0000000000014e00                gEfiIp4ProtocolGuid
 .data.gEfiIp6ServiceBindingProtocolGuid
                0x0000000000014e10       0x10 /tmp/ccUOXOeT.ltrans8.ltrans.o
                0x0000000000014e10                gEfiIp6ServiceBindingProtocolGuid
 .data.gEfiIp4ServiceBindingProtocolGuid
                0x0000000000014e20       0x10 /tmp/ccUOXOeT.ltrans8.ltrans.o
                0x0000000000014e20                gEfiIp4ServiceBindingProtocolGuid
 .data.rel.local.mActiveIpIoList
                0x0000000000014e30       0x10 /tmp/ccUOXOeT.ltrans11.ltrans.o
                0x0000000000014e30                mActiveIpIoList
 .data.rel.ro   0x0000000000014e40        0x0 TcpDriver.obj (symbol from plugin)
 *(.bss .bss.*)
 .bss.mZeroIp4Addr
                0x0000000000014e40        0x4 /tmp/ccUOXOeT.ltrans1.ltrans.o
 *fill*         0x0000000000014e44        0xc 
 .bss.mTcpTimer
                0x0000000000014e50       0x10 /tmp/ccUOXOeT.ltrans1.ltrans.o
 .bss.mTcp6RandomPort
                0x0000000000014e60        0x2 /tmp/ccUOXOeT.ltrans4.ltrans.o
                0x0000000000014e60                mTcp6RandomPort
 .bss.mTcp4RandomPort
                0x0000000000014e62        0x2 /tmp/ccUOXOeT.ltrans4.ltrans.o
                0x0000000000014e62                mTcp4RandomPort
 *fill*         0x0000000000014e64        0x4 
 .bss.mExitBootServicesEvent.lto_priv.44
                0x0000000000014e68        0x8 /tmp/ccUOXOeT.ltrans4.ltrans.o
                0x0000000000014e68                mExitBootServicesEvent.lto_priv.44
 .bss.gST       0x0000000000014e70        0x8 /tmp/ccUOXOeT.ltrans4.ltrans.o
 .bss.gImageHandle
                0x0000000000014e78        0x8 /tmp/ccUOXOeT.ltrans4.ltrans.o
 .bss.gRT       0x0000000000014e80        0x8 /tmp/ccUOXOeT.ltrans4.ltrans.o
 .bss.gBS       0x0000000000014e88        0x8 /tmp/ccUOXOeT.ltrans6.ltrans.o
                0x0000000000014e88                gBS
 .bss.mDebugST  0x0000000000014e90        0x8 /tmp/ccUOXOeT.ltrans6.ltrans.o
                0x0000000000014e90                mDebugST
 .bss.mPostEBS  0x0000000000014e98        0x1 /tmp/ccUOXOeT.ltrans6.ltrans.o
                0x0000000000014e98                mPostEBS
 *fill*         0x0000000000014e99        0x7 
 .bss.gTcpControllerNameTable
                0x0000000000014ea0        0x8 /tmp/ccUOXOeT.ltrans11.ltrans.o
                0x0000000000014ea0                gTcpControllerNameTable
 .bss.mDpc      0x0000000000014ea8        0x8 /tmp/ccUOXOeT.ltrans11.ltrans.o
                0x0000000000014ea8                mDpc

.eh_frame       0x0000000000014ec0        0x0
 *(.eh_frame)
 .eh_frame      0x0000000000014ec0        0x0 TcpDriver.obj (symbol from plugin)
 .eh_frame      0x0000000000014ec0        0x0 TcpDriver.obj (symbol from plugin)

.dynbss         0x0000000000014ec0        0x0
 .dynbss        0x0000000000014ec0        0x0 TcpDriver.obj (symbol from plugin)

.gnu.version_d  0x0000000000014ec0        0x0
 .gnu.version_d
                0x0000000000014ec0        0x0 TcpDriver.obj (symbol from plugin)

.gnu.version    0x0000000000014ec0        0x0
 .gnu.version   0x0000000000014ec0        0x0 TcpDriver.obj (symbol from plugin)

.gnu.version_r  0x0000000000014ec0        0x0
 .gnu.version_r
                0x0000000000014ec0        0x0 TcpDriver.obj (symbol from plugin)

.rela           0x0000000000014ec0      0x5b8
 *(.rela .rela.*)
 .rela.plt      0x0000000000014ec0        0x0 TcpDriver.obj (symbol from plugin)
 .rela.got      0x0000000000014ec0        0x0 TcpDriver.obj (symbol from plugin)
 .rela.bss      0x0000000000014ec0        0x0 TcpDriver.obj (symbol from plugin)
 .rela.data.rel.ro
                0x0000000000014ec0        0x0 TcpDriver.obj (symbol from plugin)
 .rela.ifunc    0x0000000000014ec0        0x0 TcpDriver.obj (symbol from plugin)
 .rela.data.rel.local.gTcpServiceBinding
                0x0000000000014ec0       0x30 TcpDriver.obj (symbol from plugin)
 .rela.data.rel.local.gTcp6ProtocolTemplate
                0x0000000000014ef0       0xd8 TcpDriver.obj (symbol from plugin)
 .rela.data.rel.local.gTcp4ProtocolTemplate
                0x0000000000014fc8       0xf0 TcpDriver.obj (symbol from plugin)
 .rela.data.rel.local.mTcpDefaultSockData
                0x00000000000150b8       0x48 TcpDriver.obj (symbol from plugin)
 .rela.data.rel.ro.local.mTcpTimerHandler
                0x0000000000015100       0x90 TcpDriver.obj (symbol from plugin)
 .rela.data.rel.local.mTcpRunQue
                0x0000000000015190       0x30 TcpDriver.obj (symbol from plugin)
 .rela.data.rel.local.mTcpDriverNameTable
                0x00000000000151c0       0x30 TcpDriver.obj (symbol from plugin)
 .rela.data.rel.local.gTcp6DriverBinding
                0x00000000000151f0       0x48 TcpDriver.obj (symbol from plugin)
 .rela.data.rel.local.gTcp4DriverBinding
                0x0000000000015238       0x48 TcpDriver.obj (symbol from plugin)
 .rela.data.rel.local.mTcpListenQue
                0x0000000000015280       0x30 TcpDriver.obj (symbol from plugin)
 .rela.data.rel.ro.local.mTcpStateName
                0x00000000000152b0      0x108 TcpDriver.obj (symbol from plugin)
 .rela.data.rel.local.gTcpComponentName2
                0x00000000000153b8       0x48 TcpDriver.obj (symbol from plugin)
 .rela.data.rel.local.gTcpComponentName
                0x0000000000015400       0x48 TcpDriver.obj (symbol from plugin)
 .rela.data.rel.local.mActiveIpIoList
                0x0000000000015448       0x30 TcpDriver.obj (symbol from plugin)

.hii
 *(.hii)

.build-id       0x0000000000015478       0x24
 *(.note.gnu.build-id)
 .note.gnu.build-id
                0x0000000000015478       0x24 TcpDriver.obj (symbol from plugin)

/DISCARD/
 *(.note.GNU-stack)
 *(.gnu_debuglink)
 *(.interp)
 *(.dynsym)
 *(.dynstr)
 *(.dynamic)
 *(.hash .gnu.hash)
 *(.comment)
OUTPUT(/home/hcj/UEFIWorkspace/Build/NetworkPkg/DEBUG_GCC5/X64/NetworkPkg/TcpDxe/TcpDxe/DEBUG/TcpDxe.dll elf64-x86-64)

.debug_info     0x0000000000000000    0x3b727
 .debug_info    0x0000000000000000     0x4c87 /tmp/ccUOXOeT.ltrans0.ltrans.o
 .debug_info    0x0000000000004c87     0x597d /tmp/ccUOXOeT.ltrans1.ltrans.o
 .debug_info    0x000000000000a604     0x4170 /tmp/ccUOXOeT.ltrans2.ltrans.o
 .debug_info    0x000000000000e774     0x436e /tmp/ccUOXOeT.ltrans3.ltrans.o
 .debug_info    0x0000000000012ae2     0x35d2 /tmp/ccUOXOeT.ltrans4.ltrans.o
 .debug_info    0x00000000000160b4     0x4ba6 /tmp/ccUOXOeT.ltrans5.ltrans.o
 .debug_info    0x000000000001ac5a     0x313e /tmp/ccUOXOeT.ltrans6.ltrans.o
 .debug_info    0x000000000001dd98     0x4358 /tmp/ccUOXOeT.ltrans7.ltrans.o
 .debug_info    0x00000000000220f0     0x3200 /tmp/ccUOXOeT.ltrans8.ltrans.o
 .debug_info    0x00000000000252f0     0x4bde /tmp/ccUOXOeT.ltrans9.ltrans.o
 .debug_info    0x0000000000029ece     0x3c01 /tmp/ccUOXOeT.ltrans10.ltrans.o
 .debug_info    0x000000000002dacf     0x2d5e /tmp/ccUOXOeT.ltrans11.ltrans.o
 .debug_info    0x000000000003082d     0x14e7 /tmp/ccUOXOeT.ltrans12.ltrans.o
 .debug_info    0x0000000000031d14     0x1811 /tmp/ccUOXOeT.ltrans13.ltrans.o
 .debug_info    0x0000000000033525     0x329b /tmp/ccUOXOeT.ltrans14.ltrans.o
 .debug_info    0x00000000000367c0     0x4e0b /tmp/ccUOXOeT.ltrans15.ltrans.o
 .debug_info    0x000000000003b5cb      0x15c /tmp/ccUOXOeT.ltrans16.ltrans.o

.debug_abbrev   0x0000000000000000     0x4639
 .debug_abbrev  0x0000000000000000      0x41f /tmp/ccUOXOeT.ltrans0.ltrans.o
 .debug_abbrev  0x000000000000041f      0x586 /tmp/ccUOXOeT.ltrans1.ltrans.o
 .debug_abbrev  0x00000000000009a5      0x3cb /tmp/ccUOXOeT.ltrans2.ltrans.o
 .debug_abbrev  0x0000000000000d70      0x573 /tmp/ccUOXOeT.ltrans3.ltrans.o
 .debug_abbrev  0x00000000000012e3      0x42b /tmp/ccUOXOeT.ltrans4.ltrans.o
 .debug_abbrev  0x000000000000170e      0x4a5 /tmp/ccUOXOeT.ltrans5.ltrans.o
 .debug_abbrev  0x0000000000001bb3      0x380 /tmp/ccUOXOeT.ltrans6.ltrans.o
 .debug_abbrev  0x0000000000001f33      0x47f /tmp/ccUOXOeT.ltrans7.ltrans.o
 .debug_abbrev  0x00000000000023b2      0x48c /tmp/ccUOXOeT.ltrans8.ltrans.o
 .debug_abbrev  0x000000000000283e      0x4d5 /tmp/ccUOXOeT.ltrans9.ltrans.o
 .debug_abbrev  0x0000000000002d13      0x437 /tmp/ccUOXOeT.ltrans10.ltrans.o
 .debug_abbrev  0x000000000000314a      0x3c3 /tmp/ccUOXOeT.ltrans11.ltrans.o
 .debug_abbrev  0x000000000000350d      0x3e4 /tmp/ccUOXOeT.ltrans12.ltrans.o
 .debug_abbrev  0x00000000000038f1      0x3ed /tmp/ccUOXOeT.ltrans13.ltrans.o
 .debug_abbrev  0x0000000000003cde      0x420 /tmp/ccUOXOeT.ltrans14.ltrans.o
 .debug_abbrev  0x00000000000040fe      0x475 /tmp/ccUOXOeT.ltrans15.ltrans.o
 .debug_abbrev  0x0000000000004573       0xc6 /tmp/ccUOXOeT.ltrans16.ltrans.o

.debug_loc      0x0000000000000000    0x19bf1
 .debug_loc     0x0000000000000000     0x22b9 /tmp/ccUOXOeT.ltrans0.ltrans.o
 .debug_loc     0x00000000000022b9     0x2a7a /tmp/ccUOXOeT.ltrans1.ltrans.o
 .debug_loc     0x0000000000004d33     0x120d /tmp/ccUOXOeT.ltrans2.ltrans.o
 .debug_loc     0x0000000000005f40     0x17a9 /tmp/ccUOXOeT.ltrans3.ltrans.o
 .debug_loc     0x00000000000076e9     0x15c6 /tmp/ccUOXOeT.ltrans4.ltrans.o
 .debug_loc     0x0000000000008caf     0x174f /tmp/ccUOXOeT.ltrans5.ltrans.o
 .debug_loc     0x000000000000a3fe     0x1fd8 /tmp/ccUOXOeT.ltrans6.ltrans.o
 .debug_loc     0x000000000000c3d6     0x160d /tmp/ccUOXOeT.ltrans7.ltrans.o
 .debug_loc     0x000000000000d9e3     0x1ed6 /tmp/ccUOXOeT.ltrans8.ltrans.o
 .debug_loc     0x000000000000f8b9     0x25ba /tmp/ccUOXOeT.ltrans9.ltrans.o
 .debug_loc     0x0000000000011e73     0x10bb /tmp/ccUOXOeT.ltrans10.ltrans.o
 .debug_loc     0x0000000000012f2e     0x14f4 /tmp/ccUOXOeT.ltrans11.ltrans.o
 .debug_loc     0x0000000000014422     0x1de2 /tmp/ccUOXOeT.ltrans12.ltrans.o
 .debug_loc     0x0000000000016204     0x1501 /tmp/ccUOXOeT.ltrans13.ltrans.o
 .debug_loc     0x0000000000017705      0x920 /tmp/ccUOXOeT.ltrans14.ltrans.o
 .debug_loc     0x0000000000018025     0x1ad5 /tmp/ccUOXOeT.ltrans15.ltrans.o
 .debug_loc     0x0000000000019afa       0xf7 /tmp/ccUOXOeT.ltrans16.ltrans.o

.debug_aranges  0x0000000000000000      0xee0
 .debug_aranges
                0x0000000000000000       0x30 /tmp/ccUOXOeT.ltrans0.ltrans.o
 .debug_aranges
                0x0000000000000030      0x170 /tmp/ccUOXOeT.ltrans1.ltrans.o
 .debug_aranges
                0x00000000000001a0       0x30 /tmp/ccUOXOeT.ltrans2.ltrans.o
 .debug_aranges
                0x00000000000001d0      0x180 /tmp/ccUOXOeT.ltrans3.ltrans.o
 .debug_aranges
                0x0000000000000350      0x130 /tmp/ccUOXOeT.ltrans4.ltrans.o
 .debug_aranges
                0x0000000000000480       0xb0 /tmp/ccUOXOeT.ltrans5.ltrans.o
 .debug_aranges
                0x0000000000000530       0xa0 /tmp/ccUOXOeT.ltrans6.ltrans.o
 .debug_aranges
                0x00000000000005d0      0x120 /tmp/ccUOXOeT.ltrans7.ltrans.o
 .debug_aranges
                0x00000000000006f0      0x140 /tmp/ccUOXOeT.ltrans8.ltrans.o
 .debug_aranges
                0x0000000000000830      0x1b0 /tmp/ccUOXOeT.ltrans9.ltrans.o
 .debug_aranges
                0x00000000000009e0       0x80 /tmp/ccUOXOeT.ltrans10.ltrans.o
 .debug_aranges
                0x0000000000000a60       0xc0 /tmp/ccUOXOeT.ltrans11.ltrans.o
 .debug_aranges
                0x0000000000000b20      0x1c0 /tmp/ccUOXOeT.ltrans12.ltrans.o
 .debug_aranges
                0x0000000000000ce0      0x100 /tmp/ccUOXOeT.ltrans13.ltrans.o
 .debug_aranges
                0x0000000000000de0       0x70 /tmp/ccUOXOeT.ltrans14.ltrans.o
 .debug_aranges
                0x0000000000000e50       0x60 /tmp/ccUOXOeT.ltrans15.ltrans.o
 .debug_aranges
                0x0000000000000eb0       0x30 /tmp/ccUOXOeT.ltrans16.ltrans.o

.debug_ranges   0x0000000000000000     0x2d20
 .debug_ranges  0x0000000000000000      0x540 /tmp/ccUOXOeT.ltrans0.ltrans.o
 .debug_ranges  0x0000000000000540      0x640 /tmp/ccUOXOeT.ltrans1.ltrans.o
 .debug_ranges  0x0000000000000b80      0x2c0 /tmp/ccUOXOeT.ltrans2.ltrans.o
 .debug_ranges  0x0000000000000e40      0x310 /tmp/ccUOXOeT.ltrans3.ltrans.o
 .debug_ranges  0x0000000000001150      0x400 /tmp/ccUOXOeT.ltrans4.ltrans.o
 .debug_ranges  0x0000000000001550      0x3b0 /tmp/ccUOXOeT.ltrans5.ltrans.o
 .debug_ranges  0x0000000000001900       0xc0 /tmp/ccUOXOeT.ltrans6.ltrans.o
 .debug_ranges  0x00000000000019c0      0x160 /tmp/ccUOXOeT.ltrans7.ltrans.o
 .debug_ranges  0x0000000000001b20      0x380 /tmp/ccUOXOeT.ltrans8.ltrans.o
 .debug_ranges  0x0000000000001ea0      0x350 /tmp/ccUOXOeT.ltrans9.ltrans.o
 .debug_ranges  0x00000000000021f0      0x210 /tmp/ccUOXOeT.ltrans10.ltrans.o
 .debug_ranges  0x0000000000002400      0x240 /tmp/ccUOXOeT.ltrans11.ltrans.o
 .debug_ranges  0x0000000000002640      0x2c0 /tmp/ccUOXOeT.ltrans12.ltrans.o
 .debug_ranges  0x0000000000002900      0x1c0 /tmp/ccUOXOeT.ltrans13.ltrans.o
 .debug_ranges  0x0000000000002ac0      0x110 /tmp/ccUOXOeT.ltrans14.ltrans.o
 .debug_ranges  0x0000000000002bd0      0x130 /tmp/ccUOXOeT.ltrans15.ltrans.o
 .debug_ranges  0x0000000000002d00       0x20 /tmp/ccUOXOeT.ltrans16.ltrans.o

.debug_line     0x0000000000000000     0x777c
 .debug_line    0x0000000000000000      0x894 /tmp/ccUOXOeT.ltrans0.ltrans.o
 .debug_line    0x0000000000000894      0xb20 /tmp/ccUOXOeT.ltrans1.ltrans.o
 .debug_line    0x00000000000013b4      0x605 /tmp/ccUOXOeT.ltrans2.ltrans.o
 .debug_line    0x00000000000019b9      0x7ce /tmp/ccUOXOeT.ltrans3.ltrans.o
 .debug_line    0x0000000000002187      0xa0c /tmp/ccUOXOeT.ltrans4.ltrans.o
 .debug_line    0x0000000000002b93      0x845 /tmp/ccUOXOeT.ltrans5.ltrans.o
 .debug_line    0x00000000000033d8      0x9bd /tmp/ccUOXOeT.ltrans6.ltrans.o
 .debug_line    0x0000000000003d95      0x690 /tmp/ccUOXOeT.ltrans7.ltrans.o
 .debug_line    0x0000000000004425      0x64c /tmp/ccUOXOeT.ltrans8.ltrans.o
 .debug_line    0x0000000000004a71      0x888 /tmp/ccUOXOeT.ltrans9.ltrans.o
 .debug_line    0x00000000000052f9      0x566 /tmp/ccUOXOeT.ltrans10.ltrans.o
 .debug_line    0x000000000000585f      0x761 /tmp/ccUOXOeT.ltrans11.ltrans.o
 .debug_line    0x0000000000005fc0      0x75c /tmp/ccUOXOeT.ltrans12.ltrans.o
 .debug_line    0x000000000000671c      0x44b /tmp/ccUOXOeT.ltrans13.ltrans.o
 .debug_line    0x0000000000006b67      0x460 /tmp/ccUOXOeT.ltrans14.ltrans.o
 .debug_line    0x0000000000006fc7      0x6a4 /tmp/ccUOXOeT.ltrans15.ltrans.o
 .debug_line    0x000000000000766b      0x111 /tmp/ccUOXOeT.ltrans16.ltrans.o

.debug_str      0x0000000000000000     0x5f82
 .debug_str     0x0000000000000000     0x1cc2 /tmp/ccUOXOeT.ltrans0.ltrans.o
                                       0x2122 (size before relaxing)
 .debug_str     0x0000000000001cc2      0x7dc /tmp/ccUOXOeT.ltrans1.ltrans.o
                                       0x2714 (size before relaxing)
 .debug_str     0x000000000000249e      0x261 /tmp/ccUOXOeT.ltrans2.ltrans.o
                                       0x20ed (size before relaxing)
 .debug_str     0x00000000000026ff      0x3d2 /tmp/ccUOXOeT.ltrans3.ltrans.o
                                       0x20f7 (size before relaxing)
 .debug_str     0x0000000000002ad1     0x1519 /tmp/ccUOXOeT.ltrans4.ltrans.o
                                       0x1cdc (size before relaxing)
 .debug_str     0x0000000000003fea      0x625 /tmp/ccUOXOeT.ltrans5.ltrans.o
                                       0x2560 (size before relaxing)
 .debug_str     0x000000000000460f      0x685 /tmp/ccUOXOeT.ltrans6.ltrans.o
                                       0x1ec2 (size before relaxing)
 .debug_str     0x0000000000004c94      0x144 /tmp/ccUOXOeT.ltrans7.ltrans.o
                                       0x2006 (size before relaxing)
 .debug_str     0x0000000000004dd8      0x3d6 /tmp/ccUOXOeT.ltrans8.ltrans.o
                                       0x15e0 (size before relaxing)
 .debug_str     0x00000000000051ae      0x301 /tmp/ccUOXOeT.ltrans9.ltrans.o
                                       0x1fdc (size before relaxing)
 .debug_str     0x00000000000054af      0x10f /tmp/ccUOXOeT.ltrans10.ltrans.o
                                       0x1d3a (size before relaxing)
 .debug_str     0x00000000000055be      0x32a /tmp/ccUOXOeT.ltrans11.ltrans.o
                                       0x1719 (size before relaxing)
 .debug_str     0x00000000000058e8      0x311 /tmp/ccUOXOeT.ltrans12.ltrans.o
                                        0x841 (size before relaxing)
 .debug_str     0x0000000000005bf9      0x174 /tmp/ccUOXOeT.ltrans13.ltrans.o
                                        0x787 (size before relaxing)
 .debug_str     0x0000000000005d6d       0xc7 /tmp/ccUOXOeT.ltrans14.ltrans.o
                                       0x1c87 (size before relaxing)
 .debug_str     0x0000000000005e34      0x11b /tmp/ccUOXOeT.ltrans15.ltrans.o
                                       0x3045 (size before relaxing)
 .debug_str     0x0000000000005f4f       0x33 /tmp/ccUOXOeT.ltrans16.ltrans.o
                                        0x27b (size before relaxing)

.debug_frame    0x0000000000000000     0x4588
 .debug_frame   0x0000000000000000       0xa8 /tmp/ccUOXOeT.ltrans0.ltrans.o
 .debug_frame   0x00000000000000a8      0x948 /tmp/ccUOXOeT.ltrans1.ltrans.o
 .debug_frame   0x00000000000009f0      0x2a8 /tmp/ccUOXOeT.ltrans2.ltrans.o
 .debug_frame   0x0000000000000c98      0x550 /tmp/ccUOXOeT.ltrans3.ltrans.o
 .debug_frame   0x00000000000011e8      0x3e0 /tmp/ccUOXOeT.ltrans4.ltrans.o
 .debug_frame   0x00000000000015c8      0x4a0 /tmp/ccUOXOeT.ltrans5.ltrans.o
 .debug_frame   0x0000000000001a68      0x388 /tmp/ccUOXOeT.ltrans6.ltrans.o
 .debug_frame   0x0000000000001df0      0x618 /tmp/ccUOXOeT.ltrans7.ltrans.o
 .debug_frame   0x0000000000002408      0x4b0 /tmp/ccUOXOeT.ltrans8.ltrans.o
 .debug_frame   0x00000000000028b8      0x888 /tmp/ccUOXOeT.ltrans9.ltrans.o
 .debug_frame   0x0000000000003140      0x390 /tmp/ccUOXOeT.ltrans10.ltrans.o
 .debug_frame   0x00000000000034d0      0x340 /tmp/ccUOXOeT.ltrans11.ltrans.o
 .debug_frame   0x0000000000003810      0x520 /tmp/ccUOXOeT.ltrans12.ltrans.o
 .debug_frame   0x0000000000003d30      0x478 /tmp/ccUOXOeT.ltrans13.ltrans.o
 .debug_frame   0x00000000000041a8      0x1d8 /tmp/ccUOXOeT.ltrans14.ltrans.o
 .debug_frame   0x0000000000004380      0x198 /tmp/ccUOXOeT.ltrans15.ltrans.o
 .debug_frame   0x0000000000004518       0x70 /tmp/ccUOXOeT.ltrans16.ltrans.o
