Archive member included to satisfy reference by file (symbol)

/home/hcj/UEFIWorkspace/Build/Mde/DEBUG_GCC5/X64/MdePkg/Test/UnitTest/Library/BaseSafeIntLib/TestBaseSafeIntLibUefiShell/OUTPUT/TestBaseSafeIntLibUefiShell.lib(TestBaseSafeIntLib.obj)
                              (--whole-archive)
/home/hcj/UEFIWorkspace/Build/Mde/DEBUG_GCC5/X64/MdePkg/Test/UnitTest/Library/BaseSafeIntLib/TestBaseSafeIntLibUefiShell/OUTPUT/TestBaseSafeIntLibUefiShell.lib(SafeIntLibUintnIntnUnitTests64.obj)
                              (--whole-archive)
/home/hcj/UEFIWorkspace/Build/Mde/DEBUG_GCC5/X64/MdePkg/Test/UnitTest/Library/BaseSafeIntLib/TestBaseSafeIntLibUefiShell/OUTPUT/TestBaseSafeIntLibUefiShell.lib(AutoGen.obj)
                              (--whole-archive)
/home/hcj/UEFIWorkspace/Build/Mde/DEBUG_GCC5/X64/MdePkg/Library/RegisterFilterLibNull/RegisterFilterLibNull/OUTPUT/FilterLibNull.lib(RegisterFilterLibNull.obj)
                              (--whole-archive)
/home/hcj/UEFIWorkspace/Build/Mde/DEBUG_GCC5/X64/MdePkg/Library/BaseDebugPrintErrorLevelLib/BaseDebugPrintErrorLevelLib/OUTPUT/BaseDebugPrintErrorLevelLib.lib(BaseDebugPrintErrorLevelLib.obj)
                              (--whole-archive)
/home/hcj/UEFIWorkspace/Build/Mde/DEBUG_GCC5/X64/MdePkg/Library/BaseReportStatusCodeLibNull/BaseReportStatusCodeLibNull/OUTPUT/BaseReportStatusCodeLibNull.lib(BaseReportStatusCodeLib.obj)
                              (--whole-archive)
/home/hcj/UEFIWorkspace/Build/Mde/DEBUG_GCC5/X64/MdePkg/Library/BasePrintLib/BasePrintLib/OUTPUT/BasePrintLib.lib(PrintLibInternal.obj)
                              (--whole-archive)
/home/hcj/UEFIWorkspace/Build/Mde/DEBUG_GCC5/X64/MdePkg/Library/BasePrintLib/BasePrintLib/OUTPUT/BasePrintLib.lib(PrintLib.obj)
                              (--whole-archive)
/home/hcj/UEFIWorkspace/Build/Mde/DEBUG_GCC5/X64/UnitTestFrameworkPkg/Library/UnitTestResultReportLib/UnitTestResultReportLibConOut/OUTPUT/UnitTestResultReportLibConOut.lib(UnitTestResultReportLib.obj)
                              (--whole-archive)
/home/hcj/UEFIWorkspace/Build/Mde/DEBUG_GCC5/X64/UnitTestFrameworkPkg/Library/UnitTestResultReportLib/UnitTestResultReportLibConOut/OUTPUT/UnitTestResultReportLibConOut.lib(UnitTestResultReportLibConOut.obj)
                              (--whole-archive)
/home/hcj/UEFIWorkspace/Build/Mde/DEBUG_GCC5/X64/UnitTestFrameworkPkg/Library/UnitTestPersistenceLibNull/UnitTestPersistenceLibNull/OUTPUT/UnitTestPersistenceLibNull.lib(UnitTestPersistenceLibNull.obj)
                              (--whole-archive)
/home/hcj/UEFIWorkspace/Build/Mde/DEBUG_GCC5/X64/MdePkg/Library/UefiMemoryAllocationLib/UefiMemoryAllocationLib/OUTPUT/UefiMemoryAllocationLib.lib(MemoryAllocationLib.obj)
                              (--whole-archive)
/home/hcj/UEFIWorkspace/Build/Mde/DEBUG_GCC5/X64/MdePkg/Library/BasePcdLibNull/BasePcdLibNull/OUTPUT/BasePcdLibNull.lib(PcdLib.obj)
                              (--whole-archive)
/home/hcj/UEFIWorkspace/Build/Mde/DEBUG_GCC5/X64/MdePkg/Library/BaseMemoryLib/BaseMemoryLib/OUTPUT/BaseMemoryLib.lib(SetMem.obj)
                              (--whole-archive)
/home/hcj/UEFIWorkspace/Build/Mde/DEBUG_GCC5/X64/MdePkg/Library/BaseMemoryLib/BaseMemoryLib/OUTPUT/BaseMemoryLib.lib(ScanMem64Wrapper.obj)
                              (--whole-archive)
/home/hcj/UEFIWorkspace/Build/Mde/DEBUG_GCC5/X64/MdePkg/Library/BaseMemoryLib/BaseMemoryLib/OUTPUT/BaseMemoryLib.lib(ScanMem32Wrapper.obj)
                              (--whole-archive)
/home/hcj/UEFIWorkspace/Build/Mde/DEBUG_GCC5/X64/MdePkg/Library/BaseMemoryLib/BaseMemoryLib/OUTPUT/BaseMemoryLib.lib(ScanMem16Wrapper.obj)
                              (--whole-archive)
/home/hcj/UEFIWorkspace/Build/Mde/DEBUG_GCC5/X64/MdePkg/Library/BaseMemoryLib/BaseMemoryLib/OUTPUT/BaseMemoryLib.lib(ScanMem8Wrapper.obj)
                              (--whole-archive)
/home/hcj/UEFIWorkspace/Build/Mde/DEBUG_GCC5/X64/MdePkg/Library/BaseMemoryLib/BaseMemoryLib/OUTPUT/BaseMemoryLib.lib(ZeroMemWrapper.obj)
                              (--whole-archive)
/home/hcj/UEFIWorkspace/Build/Mde/DEBUG_GCC5/X64/MdePkg/Library/BaseMemoryLib/BaseMemoryLib/OUTPUT/BaseMemoryLib.lib(CompareMemWrapper.obj)
                              (--whole-archive)
/home/hcj/UEFIWorkspace/Build/Mde/DEBUG_GCC5/X64/MdePkg/Library/BaseMemoryLib/BaseMemoryLib/OUTPUT/BaseMemoryLib.lib(SetMem64Wrapper.obj)
                              (--whole-archive)
/home/hcj/UEFIWorkspace/Build/Mde/DEBUG_GCC5/X64/MdePkg/Library/BaseMemoryLib/BaseMemoryLib/OUTPUT/BaseMemoryLib.lib(SetMem32Wrapper.obj)
                              (--whole-archive)
/home/hcj/UEFIWorkspace/Build/Mde/DEBUG_GCC5/X64/MdePkg/Library/BaseMemoryLib/BaseMemoryLib/OUTPUT/BaseMemoryLib.lib(SetMem16Wrapper.obj)
                              (--whole-archive)
/home/hcj/UEFIWorkspace/Build/Mde/DEBUG_GCC5/X64/MdePkg/Library/BaseMemoryLib/BaseMemoryLib/OUTPUT/BaseMemoryLib.lib(SetMemWrapper.obj)
                              (--whole-archive)
[...]
Memory Configuration

Name             Origin             Length             Attributes
*default*        0x0000000000000000 0xffffffffffffffff

Linker script and memory map

LOAD /tmp/cc2XY9ZB.ltrans0.ltrans.o
LOAD /tmp/cc2XY9ZB.ltrans1.ltrans.o
LOAD /tmp/cc2XY9ZB.ltrans2.ltrans.o
LOAD /tmp/cc2XY9ZB.ltrans3.ltrans.o
LOAD /tmp/cc2XY9ZB.ltrans4.ltrans.o
LOAD /tmp/cc2XY9ZB.ltrans5.ltrans.o
LOAD /tmp/cc2XY9ZB.ltrans6.ltrans.o
LOAD /tmp/cc2XY9ZB.ltrans7.ltrans.o
LOAD /tmp/cc2XY9ZB.ltrans8.ltrans.o
LOAD /tmp/cc2XY9ZB.ltrans9.ltrans.o
LOAD /tmp/cc2XY9ZB.ltrans10.ltrans.o
LOAD /tmp/cc2XY9ZB.ltrans11.ltrans.o
LOAD /tmp/cc2XY9ZB.ltrans12.ltrans.o
START GROUP
LOAD /home/hcj/UEFIWorkspace/Build/Mde/DEBUG_GCC5/X64/MdePkg/Test/UnitTest/Library/BaseSafeIntLib/TestBaseSafeIntLibUefiShell/OUTPUT/TestBaseSafeIntLibUefiShell.lib
LOAD /home/hcj/UEFIWorkspace/Build/Mde/DEBUG_GCC5/X64/MdePkg/Library/RegisterFilterLibNull/RegisterFilterLibNull/OUTPUT/FilterLibNull.lib
LOAD /home/hcj/UEFIWorkspace/Build/Mde/DEBUG_GCC5/X64/MdePkg/Library/BaseDebugPrintErrorLevelLib/BaseDebugPrintErrorLevelLib/OUTPUT/BaseDebugPrintErrorLevelLib.lib
LOAD /home/hcj/UEFIWorkspace/Build/Mde/DEBUG_GCC5/X64/MdePkg/Library/BaseReportStatusCodeLibNull/BaseReportStatusCodeLibNull/OUTPUT/BaseReportStatusCodeLibNull.lib
LOAD /home/hcj/UEFIWorkspace/Build/Mde/DEBUG_GCC5/X64/MdePkg/Library/BasePrintLib/BasePrintLib/OUTPUT/BasePrintLib.lib
LOAD /home/hcj/UEFIWorkspace/Build/Mde/DEBUG_GCC5/X64/UnitTestFrameworkPkg/Library/UnitTestResultReportLib/UnitTestResultReportLibConOut/OUTPUT/UnitTestResultReportLibConOut.lib
LOAD /home/hcj/UEFIWorkspace/Build/Mde/DEBUG_GCC5/X64/UnitTestFrameworkPkg/Library/UnitTestPersistenceLibNull/UnitTestPersistenceLibNull/OUTPUT/UnitTestPersistenceLibNull.lib
LOAD /home/hcj/UEFIWorkspace/Build/Mde/DEBUG_GCC5/X64/MdePkg/Library/UefiMemoryAllocationLib/UefiMemoryAllocationLib/OUTPUT/UefiMemoryAllocationLib.lib
LOAD /home/hcj/UEFIWorkspace/Build/Mde/DEBUG_GCC5/X64/MdePkg/Library/BasePcdLibNull/BasePcdLibNull/OUTPUT/BasePcdLibNull.lib
LOAD /home/hcj/UEFIWorkspace/Build/Mde/DEBUG_GCC5/X64/MdePkg/Library/BaseMemoryLib/BaseMemoryLib/OUTPUT/BaseMemoryLib.lib
LOAD /home/hcj/UEFIWorkspace/Build/Mde/DEBUG_GCC5/X64/UnitTestFrameworkPkg/Library/UnitTestDebugAssertLib/UnitTestDebugAssertLib/OUTPUT/UnitTestDebugAssertLib.lib
LOAD /home/hcj/UEFIWorkspace/Build/Mde/DEBUG_GCC5/X64/UnitTestFrameworkPkg/Library/UnitTestLib/UnitTestLib/OUTPUT/UnitTestLib.lib
LOAD /home/hcj/UEFIWorkspace/Build/Mde/DEBUG_GCC5/X64/MdeModulePkg/Library/PeiDxeDebugLibReportStatusCode/PeiDxeDebugLibReportStatusCode/OUTPUT/PeiDxeDebugLibReportStatusCode.lib
LOAD /home/hcj/UEFIWorkspace/Build/Mde/DEBUG_GCC5/X64/MdePkg/Library/BaseLib/BaseLib/OUTPUT/BaseLib.lib
LOAD /home/hcj/UEFIWorkspace/Build/Mde/DEBUG_GCC5/X64/MdePkg/Library/UefiBootServicesTableLib/UefiBootServicesTableLib/OUTPUT/UefiBootServicesTableLib.lib
LOAD /home/hcj/UEFIWorkspace/Build/Mde/DEBUG_GCC5/X64/MdePkg/Library/UefiApplicationEntryPoint/UefiApplicationEntryPoint/OUTPUT/UefiApplicationEntryPoint.lib
LOAD /home/hcj/UEFIWorkspace/Build/Mde/DEBUG_GCC5/X64/MdePkg/Library/BaseSafeIntLib/BaseSafeIntLib/OUTPUT/BaseSafeIntLib.lib
END GROUP
                0x0000000000000228                PECOFF_HEADER_SIZE = 0x228
                0x0000000000000228                . = PECOFF_HEADER_SIZE

.text           0x0000000000000240    0x101ab
 *(.text .text.* .stub .gnu.linkonce.t.*)
 .text._ModuleEntryPoint
                0x0000000000000240     0x2263 /tmp/cc2XY9ZB.ltrans0.ltrans.o
                0x0000000000000240                _ModuleEntryPoint
 .text.TestSafeInt32ToInt16
                0x00000000000024a3      0x18d /tmp/cc2XY9ZB.ltrans1.ltrans.o
                0x00000000000024a3                TestSafeInt32ToInt16
 .text.TestSafeInt32ToUint8
                0x0000000000002630      0x165 /tmp/cc2XY9ZB.ltrans1.ltrans.o
                0x0000000000002630                TestSafeInt32ToUint8
 .text.TestSafeInt32ToChar8
                0x0000000000002795      0x249 /tmp/cc2XY9ZB.ltrans1.ltrans.o
                0x0000000000002795                TestSafeInt32ToChar8
 .text.TestSafeInt32ToInt8
                0x00000000000029de      0x18d /tmp/cc2XY9ZB.ltrans1.ltrans.o
                0x00000000000029de                TestSafeInt32ToInt8
 .text.TestSafeUint16ToInt16
                0x0000000000002b6b       0xcf /tmp/cc2XY9ZB.ltrans1.ltrans.o
                0x0000000000002b6b                TestSafeUint16ToInt16
 .text.TestSafeUint16ToUint8
                0x0000000000002c3a       0xcf /tmp/cc2XY9ZB.ltrans1.ltrans.o
                0x0000000000002c3a                TestSafeUint16ToUint8
 .text.TestSafeUint16ToChar8
                0x0000000000002d09       0xcf /tmp/cc2XY9ZB.ltrans1.ltrans.o
                0x0000000000002d09                TestSafeUint16ToChar8
 .text.TestSafeUint16ToInt8
                0x0000000000002dd8       0xcf /tmp/cc2XY9ZB.ltrans1.ltrans.o
                0x0000000000002dd8                TestSafeUint16ToInt8
 .text.TestSafeInt16ToUint64
                0x0000000000002ea7       0xcf /tmp/cc2XY9ZB.ltrans1.ltrans.o
                0x0000000000002ea7                TestSafeInt16ToUint64
 .text.TestSafeInt16ToUintn
                0x0000000000002f76       0xcf /tmp/cc2XY9ZB.ltrans1.ltrans.o
                0x0000000000002f76                TestSafeInt16ToUintn
 .text.TestSafeInt16ToUint32
                0x0000000000003045       0xcf /tmp/cc2XY9ZB.ltrans1.ltrans.o
                0x0000000000003045                TestSafeInt16ToUint32
 .text.TestSafeInt16ToUint16
                0x0000000000003114       0xcf /tmp/cc2XY9ZB.ltrans1.ltrans.o
                0x0000000000003114                TestSafeInt16ToUint16
 .text.TestSafeInt16ToUint8
                0x00000000000031e3      0x11a /tmp/cc2XY9ZB.ltrans1.ltrans.o
                0x00000000000031e3                TestSafeInt16ToUint8
 .text.TestSafeInt16ToChar8
                0x00000000000032fd      0x249 /tmp/cc2XY9ZB.ltrans1.ltrans.o
                0x00000000000032fd                TestSafeInt16ToChar8
 .text.TestSafeInt16ToInt8
                0x0000000000003546      0x18d /tmp/cc2XY9ZB.ltrans1.ltrans.o
                0x0000000000003546                TestSafeInt16ToInt8
 .text.TestSafeUint8ToChar8
                0x00000000000036d3       0xcf /tmp/cc2XY9ZB.ltrans1.ltrans.o
                0x00000000000036d3                TestSafeUint8ToChar8
 .text.TestSafeUint8ToInt8
                0x00000000000037a2       0xcf /tmp/cc2XY9ZB.ltrans1.ltrans.o
                0x00000000000037a2                TestSafeUint8ToInt8
 .text.TestSafeInt8ToUint64
                0x0000000000003871       0xcf /tmp/cc2XY9ZB.ltrans1.ltrans.o
                0x0000000000003871                TestSafeInt8ToUint64
 .text.TestSafeInt8ToUintn
                0x0000000000003940       0xcf /tmp/cc2XY9ZB.ltrans1.ltrans.o
                0x0000000000003940                TestSafeInt8ToUintn
 .text.TestSafeInt8ToUint32
                0x0000000000003a0f       0xcf /tmp/cc2XY9ZB.ltrans1.ltrans.o
                0x0000000000003a0f                TestSafeInt8ToUint32
 .text.TestSafeInt8ToUint16
                0x0000000000003ade       0xcf /tmp/cc2XY9ZB.ltrans1.ltrans.o
                0x0000000000003ade                TestSafeInt8ToUint16
 .text.TestSafeInt8ToUint8
                0x0000000000003bad       0xcf /tmp/cc2XY9ZB.ltrans1.ltrans.o
                0x0000000000003bad                TestSafeInt8ToUint8
 .text.TestSafeInt16Add
                0x0000000000003c7c      0x18d /tmp/cc2XY9ZB.ltrans2.ltrans.o
                0x0000000000003c7c                TestSafeInt16Add
 .text.TestSafeInt8Add
                0x0000000000003e09      0x18d /tmp/cc2XY9ZB.ltrans2.ltrans.o
                0x0000000000003e09                TestSafeInt8Add
 .text.TestSafeUint64Add
                0x0000000000003f96       0xd2 /tmp/cc2XY9ZB.ltrans2.ltrans.o
                0x0000000000003f96                TestSafeUint64Add
 .text.TestSafeUint32Add
                0x0000000000004068       0xcf /tmp/cc2XY9ZB.ltrans2.ltrans.o
                0x0000000000004068                TestSafeUint32Add
 .text.TestSafeUint16Add
                0x0000000000004137       0xcf /tmp/cc2XY9ZB.ltrans2.ltrans.o
                0x0000000000004137                TestSafeUint16Add
 .text.TestSafeUint8Add
                0x0000000000004206       0xcf /tmp/cc2XY9ZB.ltrans2.ltrans.o
                0x0000000000004206                TestSafeUint8Add
 .text.TestSafeUint64ToInt64
                0x00000000000042d5       0xd2 /tmp/cc2XY9ZB.ltrans2.ltrans.o
                0x00000000000042d5                TestSafeUint64ToInt64
 .text.TestSafeUint64ToUint32
                0x00000000000043a7       0xcd /tmp/cc2XY9ZB.ltrans2.ltrans.o
                0x00000000000043a7                TestSafeUint64ToUint32
 .text.TestSafeUint64ToInt32
                0x0000000000004474       0xcf /tmp/cc2XY9ZB.ltrans2.ltrans.o
                0x0000000000004474                TestSafeUint64ToInt32
 .text.TestSafeUint64ToUint16
                0x0000000000004543       0xcf /tmp/cc2XY9ZB.ltrans2.ltrans.o
                0x0000000000004543                TestSafeUint64ToUint16
 .text.TestSafeUint64ToInt16
                0x0000000000004612       0xcf /tmp/cc2XY9ZB.ltrans2.ltrans.o
                0x0000000000004612                TestSafeUint64ToInt16
 .text.TestSafeUint64ToUint8
                0x00000000000046e1       0xcf /tmp/cc2XY9ZB.ltrans2.ltrans.o
                0x00000000000046e1                TestSafeUint64ToUint8
 .text.TestSafeUint64ToChar8
                0x00000000000047b0       0xcf /tmp/cc2XY9ZB.ltrans2.ltrans.o
                0x00000000000047b0                TestSafeUint64ToChar8
 .text.TestSafeUint64ToInt8
                0x000000000000487f       0xcf /tmp/cc2XY9ZB.ltrans2.ltrans.o
                0x000000000000487f                TestSafeUint64ToInt8
 .text.TestSafeInt64ToUint64
                0x000000000000494e       0xd2 /tmp/cc2XY9ZB.ltrans2.ltrans.o
                0x000000000000494e                TestSafeInt64ToUint64
 .text.TestSafeInt64ToUint32
                0x0000000000004a20      0x118 /tmp/cc2XY9ZB.ltrans2.ltrans.o
                0x0000000000004a20                TestSafeInt64ToUint32
 .text.TestSafeInt64Sub
                0x0000000000004b38      0x193 /tmp/cc2XY9ZB.ltrans3.ltrans.o
                0x0000000000004b38                TestSafeInt64Sub
 .text.TestSafeInt32Sub
                0x0000000000004ccb      0x18d /tmp/cc2XY9ZB.ltrans3.ltrans.o
                0x0000000000004ccb                TestSafeInt32Sub
 .text.TestSafeInt16Sub
                0x0000000000004e58      0x18d /tmp/cc2XY9ZB.ltrans3.ltrans.o
                0x0000000000004e58                TestSafeInt16Sub
 .text.TestSafeInt8Sub
                0x0000000000004fe5      0x18d /tmp/cc2XY9ZB.ltrans3.ltrans.o
                0x0000000000004fe5                TestSafeInt8Sub
 .text.TestSafeUint64Sub
                0x0000000000005172       0xd2 /tmp/cc2XY9ZB.ltrans3.ltrans.o
                0x0000000000005172                TestSafeUint64Sub
 .text.TestSafeUint32Sub
                0x0000000000005244       0xcf /tmp/cc2XY9ZB.ltrans3.ltrans.o
                0x0000000000005244                TestSafeUint32Sub
 .text.TestSafeUint16Sub
                0x0000000000005313       0xcf /tmp/cc2XY9ZB.ltrans3.ltrans.o
                0x0000000000005313                TestSafeUint16Sub
 .text.TestSafeUint8Sub
                0x00000000000053e2       0xcf /tmp/cc2XY9ZB.ltrans3.ltrans.o
                0x00000000000053e2                TestSafeUint8Sub
 .text.TestSafeInt64Add
                0x00000000000054b1      0x193 /tmp/cc2XY9ZB.ltrans3.ltrans.o
                0x00000000000054b1                TestSafeInt64Add
 .text.TestSafeInt32Add
                0x0000000000005644      0x18d /tmp/cc2XY9ZB.ltrans3.ltrans.o
                0x0000000000005644                TestSafeInt32Add
 .text.TestSafeInt64ToInt32
                0x00000000000057d1      0x18d /tmp/cc2XY9ZB.ltrans4.ltrans.o
                0x00000000000057d1                TestSafeInt64ToInt32
 .text.TestSafeInt64ToUint16
                0x000000000000595e      0x11a /tmp/cc2XY9ZB.ltrans4.ltrans.o
                0x000000000000595e                TestSafeInt64ToUint16
 .text.TestSafeInt64ToInt16
                0x0000000000005a78      0x18d /tmp/cc2XY9ZB.ltrans4.ltrans.o
                0x0000000000005a78                TestSafeInt64ToInt16
 .text.TestSafeInt64ToUint8
                0x0000000000005c05      0x11a /tmp/cc2XY9ZB.ltrans4.ltrans.o
                0x0000000000005c05                TestSafeInt64ToUint8
 .text.TestSafeInt64ToChar8
                0x0000000000005d1f      0x249 /tmp/cc2XY9ZB.ltrans4.ltrans.o
                0x0000000000005d1f                TestSafeInt64ToChar8
 .text.TestSafeInt64ToInt8
                0x0000000000005f68      0x18d /tmp/cc2XY9ZB.ltrans4.ltrans.o
                0x0000000000005f68                TestSafeInt64ToInt8
 .text.TestSafeUintnToInt32
                0x00000000000060f5       0xcf /tmp/cc2XY9ZB.ltrans4.ltrans.o
                0x00000000000060f5                TestSafeUintnToInt32
 .text.TestSafeUintnToUint16
                0x00000000000061c4       0xcf /tmp/cc2XY9ZB.ltrans4.ltrans.o
                0x00000000000061c4                TestSafeUintnToUint16
 .text.TestSafeUintnToInt16
                0x0000000000006293       0xcf /tmp/cc2XY9ZB.ltrans4.ltrans.o
                0x0000000000006293                TestSafeUintnToInt16
 .text.TestSafeUintnToUint8
                0x0000000000006362       0xcf /tmp/cc2XY9ZB.ltrans4.ltrans.o
                0x0000000000006362                TestSafeUintnToUint8
 .text.TestSafeUintnToChar8
                0x0000000000006431       0xcf /tmp/cc2XY9ZB.ltrans4.ltrans.o
                0x0000000000006431                TestSafeUintnToChar8
 .text.TestSafeUintnToInt8
                0x0000000000006500       0xcf /tmp/cc2XY9ZB.ltrans4.ltrans.o
                0x0000000000006500                TestSafeUintnToInt8
 .text.TestSafeIntnToUint64
                0x00000000000065cf       0xcf /tmp/cc2XY9ZB.ltrans4.ltrans.o
                0x00000000000065cf                TestSafeIntnToUint64
 .text.TestSafeIntnToUintn
                0x000000000000669e       0xcf /tmp/cc2XY9ZB.ltrans4.ltrans.o
                0x000000000000669e                TestSafeIntnToUintn
 .text.TestSafeIntnSub
                0x000000000000676d      0x193 /tmp/cc2XY9ZB.ltrans5.ltrans.o
                0x000000000000676d                TestSafeIntnSub
 .text.TestSafeUintnSub
                0x0000000000006900       0xd2 /tmp/cc2XY9ZB.ltrans5.ltrans.o
                0x0000000000006900                TestSafeUintnSub
 .text.TestSafeIntnAdd
                0x00000000000069d2      0x193 /tmp/cc2XY9ZB.ltrans5.ltrans.o
                0x00000000000069d2                TestSafeIntnAdd
 .text.TestSafeUintnAdd
                0x0000000000006b65       0xd2 /tmp/cc2XY9ZB.ltrans5.ltrans.o
                0x0000000000006b65                TestSafeUintnAdd
 .text.TestSafeUint64ToUintn
                0x0000000000006c37       0x84 /tmp/cc2XY9ZB.ltrans5.ltrans.o
                0x0000000000006c37                TestSafeUint64ToUintn
 .text.TestSafeUint64ToIntn
                0x0000000000006cbb       0xd2 /tmp/cc2XY9ZB.ltrans5.ltrans.o
                0x0000000000006cbb                TestSafeUint64ToIntn
 .text.TestSafeInt64ToUintn
                0x0000000000006d8d       0xd2 /tmp/cc2XY9ZB.ltrans5.ltrans.o
                0x0000000000006d8d                TestSafeInt64ToUintn
 .text.TestSafeInt64ToIntn
                0x0000000000006e5f       0x84 /tmp/cc2XY9ZB.ltrans5.ltrans.o
                0x0000000000006e5f                TestSafeInt64ToIntn
 .text.TestSafeUintnToInt64
                0x0000000000006ee3       0xd2 /tmp/cc2XY9ZB.ltrans5.ltrans.o
                0x0000000000006ee3                TestSafeUintnToInt64
 .text.TestSafeIntnMult
                0x0000000000006fb5      0x113 /tmp/cc2XY9ZB.ltrans5.ltrans.o
                0x0000000000006fb5                TestSafeIntnMult
 .text.TestSafeUintnMult
                0x00000000000070c8      0x113 /tmp/cc2XY9ZB.ltrans5.ltrans.o
                0x00000000000070c8                TestSafeUintnMult
 .text.CopyMem  0x00000000000071db      0x260 /tmp/cc2XY9ZB.ltrans5.ltrans.o
                0x00000000000071db                CopyMem
 .text.ReportPrint
                0x000000000000743b      0x13d /tmp/cc2XY9ZB.ltrans5.ltrans.o
                0x000000000000743b                ReportPrint
 .text.BasePrintLibFillBuffer
                0x0000000000007578       0x2e /tmp/cc2XY9ZB.ltrans5.ltrans.o
                0x0000000000007578                BasePrintLibFillBuffer
 .text.TestSafeIntnToUint16
                0x00000000000075a6      0x11a /tmp/cc2XY9ZB.ltrans6.ltrans.o
                0x00000000000075a6                TestSafeIntnToUint16
 .text.TestSafeIntnToInt16
                0x00000000000076c0      0x18d /tmp/cc2XY9ZB.ltrans6.ltrans.o
                0x00000000000076c0                TestSafeIntnToInt16
 .text.TestSafeIntnToUint8
                0x000000000000784d      0x11a /tmp/cc2XY9ZB.ltrans6.ltrans.o
                0x000000000000784d                TestSafeIntnToUint8
 .text.TestSafeIntnToChar8
                0x0000000000007967      0x249 /tmp/cc2XY9ZB.ltrans6.ltrans.o
                0x0000000000007967                TestSafeIntnToChar8
 .text.TestSafeIntnToInt8
                0x0000000000007bb0      0x18d /tmp/cc2XY9ZB.ltrans6.ltrans.o
                0x0000000000007bb0                TestSafeIntnToInt8
 .text.TestSafeUint32ToInt32
                0x0000000000007d3d       0xcf /tmp/cc2XY9ZB.ltrans6.ltrans.o
                0x0000000000007d3d                TestSafeUint32ToInt32
 .text.TestSafeUint32ToUint16
                0x0000000000007e0c       0xcf /tmp/cc2XY9ZB.ltrans6.ltrans.o
                0x0000000000007e0c                TestSafeUint32ToUint16
 .text.TestSafeUint32ToInt16
                0x0000000000007edb       0xcf /tmp/cc2XY9ZB.ltrans6.ltrans.o
                0x0000000000007edb                TestSafeUint32ToInt16
 .text.TestSafeUint32ToUint8
                0x0000000000007faa       0xcf /tmp/cc2XY9ZB.ltrans6.ltrans.o
                0x0000000000007faa                TestSafeUint32ToUint8
 .text.TestSafeUint32ToChar8
                0x0000000000008079       0xcf /tmp/cc2XY9ZB.ltrans6.ltrans.o
                0x0000000000008079                TestSafeUint32ToChar8
 .text.TestSafeUint32ToInt8
                0x0000000000008148       0xcf /tmp/cc2XY9ZB.ltrans6.ltrans.o
                0x0000000000008148                TestSafeUint32ToInt8
 .text.TestSafeInt32ToUint64
                0x0000000000008217       0xcf /tmp/cc2XY9ZB.ltrans6.ltrans.o
                0x0000000000008217                TestSafeInt32ToUint64
 .text.TestSafeInt32ToUint32
                0x00000000000082e6       0xcf /tmp/cc2XY9ZB.ltrans6.ltrans.o
                0x00000000000082e6                TestSafeInt32ToUint32
 .text.TestSafeInt32ToUint16
                0x00000000000083b5      0x165 /tmp/cc2XY9ZB.ltrans6.ltrans.o
                0x00000000000083b5                TestSafeInt32ToUint16
 .text.BasePrintLibSPrintMarker.constprop.41
                0x000000000000851a     0x10bd /tmp/cc2XY9ZB.ltrans7.ltrans.o
                0x000000000000851a                BasePrintLibSPrintMarker.constprop.41
 .text.InternalAllocateZeroPool.constprop.38
                0x00000000000095d7       0xf3 /tmp/cc2XY9ZB.ltrans7.ltrans.o
                0x00000000000095d7                InternalAllocateZeroPool.constprop.38
 .text.AsciiStrCatS.constprop.34
                0x00000000000096ca      0x269 /tmp/cc2XY9ZB.ltrans7.ltrans.o
                0x00000000000096ca                AsciiStrCatS.constprop.34
 .text.UnitTestAssertNotEfiError.constprop.31
                0x0000000000009933       0x77 /tmp/cc2XY9ZB.ltrans7.ltrans.o
                0x0000000000009933                UnitTestAssertNotEfiError.constprop.31
 .text.SafeInt64Mult.constprop.18
                0x00000000000099aa       0x8f /tmp/cc2XY9ZB.ltrans7.ltrans.o
                0x00000000000099aa                SafeInt64Mult.constprop.18
 .text.DebugAssertEnabled
                0x0000000000009a39        0x3 /tmp/cc2XY9ZB.ltrans8.ltrans.o
                0x0000000000009a39                DebugAssertEnabled
 .text.AllocateAndCopyString.lto_priv.49
                0x0000000000009a3c       0x52 /tmp/cc2XY9ZB.ltrans8.ltrans.o
                0x0000000000009a3c                AllocateAndCopyString.lto_priv.49
 .text.UnitTestLogFailure.lto_priv.47
                0x0000000000009a8e      0x14b /tmp/cc2XY9ZB.ltrans8.ltrans.o
                0x0000000000009a8e                UnitTestLogFailure.lto_priv.47
 .text.UnitTestDebugAssert
                0x0000000000009bd9       0x95 /tmp/cc2XY9ZB.ltrans8.ltrans.o
                0x0000000000009bd9                UnitTestDebugAssert
 .text.DebugPrint
                0x0000000000009c6e      0x1be /tmp/cc2XY9ZB.ltrans8.ltrans.o
                0x0000000000009c6e                DebugPrint
 .text.UnitTestLogInit
                0x0000000000009e2c      0x233 /tmp/cc2XY9ZB.ltrans8.ltrans.o
                0x0000000000009e2c                UnitTestLogInit
 .text.RunTestSuite.lto_priv.50
                0x000000000000a05f      0x334 /tmp/cc2XY9ZB.ltrans8.ltrans.o
                0x000000000000a05f                RunTestSuite.lto_priv.50
 .text.GetActiveFrameworkHandle
                0x000000000000a393       0x44 /tmp/cc2XY9ZB.ltrans8.ltrans.o
                0x000000000000a393                GetActiveFrameworkHandle
 .text.UnitTestLog
                0x000000000000a3d7      0x3d2 /tmp/cc2XY9ZB.ltrans8.ltrans.o
                0x000000000000a3d7                UnitTestLog
 .text.UnitTestAssertEqual
                0x000000000000a7a9       0x96 /tmp/cc2XY9ZB.ltrans8.ltrans.o
                0x000000000000a7a9                UnitTestAssertEqual
 .text.TestSafeUintnToIntn
                0x000000000000a83f       0xd2 /tmp/cc2XY9ZB.ltrans9.ltrans.o
                0x000000000000a83f                TestSafeUintnToIntn
 .text.TestSafeUintnToUint32
                0x000000000000a911       0xcd /tmp/cc2XY9ZB.ltrans9.ltrans.o
                0x000000000000a911                TestSafeUintnToUint32
 .text.TestSafeIntnToUint32
                0x000000000000a9de      0x118 /tmp/cc2XY9ZB.ltrans9.ltrans.o
                0x000000000000a9de                TestSafeIntnToUint32
 .text.TestSafeIntnToInt32
                0x000000000000aaf6      0x18d /tmp/cc2XY9ZB.ltrans9.ltrans.o
                0x000000000000aaf6                TestSafeIntnToInt32
 .text.TestSafeUint32ToIntn
                0x000000000000ac83       0x7f /tmp/cc2XY9ZB.ltrans9.ltrans.o
                0x000000000000ac83                TestSafeUint32ToIntn
 .text.TestSafeInt32ToUintn
                0x000000000000ad02       0xcf /tmp/cc2XY9ZB.ltrans9.ltrans.o
                0x000000000000ad02                TestSafeInt32ToUintn
 .text.TestSafeInt32Mult
                0x000000000000add1       0xcf /tmp/cc2XY9ZB.ltrans9.ltrans.o
                0x000000000000add1                TestSafeInt32Mult
 .text.TestSafeInt16Mult
                0x000000000000aea0       0xcf /tmp/cc2XY9ZB.ltrans9.ltrans.o
                0x000000000000aea0                TestSafeInt16Mult
 .text.TestSafeInt8Mult
                0x000000000000af6f       0xcf /tmp/cc2XY9ZB.ltrans9.ltrans.o
                0x000000000000af6f                TestSafeInt8Mult
 .text.TestSafeUint32Mult
                0x000000000000b03e       0xcd /tmp/cc2XY9ZB.ltrans9.ltrans.o
                0x000000000000b03e                TestSafeUint32Mult
 .text.TestSafeUint16Mult
                0x000000000000b10b       0xcf /tmp/cc2XY9ZB.ltrans9.ltrans.o
                0x000000000000b10b                TestSafeUint16Mult
 .text.TestSafeUint8Mult
                0x000000000000b1da       0xcf /tmp/cc2XY9ZB.ltrans9.ltrans.o
                0x000000000000b1da                TestSafeUint8Mult
 .text.TestSafeInt64Mult
                0x000000000000b2a9      0x113 /tmp/cc2XY9ZB.ltrans9.ltrans.o
                0x000000000000b2a9                TestSafeInt64Mult
 .text.TestSafeUint64Mult
                0x000000000000b3bc      0x113 /tmp/cc2XY9ZB.ltrans9.ltrans.o
                0x000000000000b3bc                TestSafeUint64Mult
 .text.InternalBaseLibIsListValid
                0x000000000000b4cf       0x92 /tmp/cc2XY9ZB.ltrans10.ltrans.o
 .text.ReadUnaligned16
                0x000000000000b561       0x37 /tmp/cc2XY9ZB.ltrans10.ltrans.o
                0x000000000000b561                ReadUnaligned16
 .text.AsciiStrLen
                0x000000000000b598       0x85 /tmp/cc2XY9ZB.ltrans10.ltrans.o
                0x000000000000b598                AsciiStrLen
 .text.AsciiStrnLenS
                0x000000000000b61d       0x26 /tmp/cc2XY9ZB.ltrans10.ltrans.o
                0x000000000000b61d                AsciiStrnLenS
 .text.StrnLenS
                0x000000000000b643       0x5e /tmp/cc2XY9ZB.ltrans10.ltrans.o
                0x000000000000b643                StrnLenS
 .text.InternalSafeStringNoAsciiStrOverlap
                0x000000000000b6a1       0x23 /tmp/cc2XY9ZB.ltrans10.ltrans.o
                0x000000000000b6a1                InternalSafeStringNoAsciiStrOverlap
 .text.GetNextNode
                0x000000000000b6c4       0x45 /tmp/cc2XY9ZB.ltrans10.ltrans.o
                0x000000000000b6c4                GetNextNode
 .text.GetFirstNode
                0x000000000000b709       0x3e /tmp/cc2XY9ZB.ltrans10.ltrans.o
                0x000000000000b709                GetFirstNode
 .text.InsertTailList
                0x000000000000b747       0x55 /tmp/cc2XY9ZB.ltrans10.ltrans.o
                0x000000000000b747                InsertTailList
 .text.InitializeListHead
                0x000000000000b79c       0x3e /tmp/cc2XY9ZB.ltrans10.ltrans.o
                0x000000000000b79c                InitializeListHead
 .text.InternalAssertJumpBuffer
                0x000000000000b7da       0x56 /tmp/cc2XY9ZB.ltrans10.ltrans.o
                0x000000000000b7da                InternalAssertJumpBuffer
 .text.CalculateCrc32
                0x000000000000b830       0x88 /tmp/cc2XY9ZB.ltrans10.ltrans.o
                0x000000000000b830                CalculateCrc32
 .text.DebugPrintEnabled
                0x000000000000b8b8        0x3 /tmp/cc2XY9ZB.ltrans10.ltrans.o
                0x000000000000b8b8                DebugPrintEnabled
 .text.AsciiStrnCpyS
                0x000000000000b8bb      0x2fe /tmp/cc2XY9ZB.ltrans10.ltrans.o
                0x000000000000b8bb                AsciiStrnCpyS
 .text.AsciiStrCpyS
                0x000000000000bbb9      0x29b /tmp/cc2XY9ZB.ltrans10.ltrans.o
                0x000000000000bbb9                AsciiStrCpyS
 .text.CompareMem.part.0.constprop.13
                0x000000000000be54       0xbc /tmp/cc2XY9ZB.ltrans11.ltrans.o
 .text.AddTestCase.constprop.10
                0x000000000000bf10      0x30e /tmp/cc2XY9ZB.ltrans11.ltrans.o
                0x000000000000bf10                AddTestCase.constprop.10
 .text.CreateUnitTestSuite.part.4.constprop.9
                0x000000000000c21e      0x1c9 /tmp/cc2XY9ZB.ltrans11.ltrans.o
                0x000000000000c21e                CreateUnitTestSuite.part.4.constprop.9
 .text.SafeUint64Mult.part.0.lto_priv.48
                0x000000000000c3e7       0x92 /tmp/cc2XY9ZB.ltrans11.ltrans.o
                0x000000000000c3e7                SafeUint64Mult.part.0.lto_priv.48
 .text.InternalAllocatePool.constprop.44
                0x000000000000c479       0x37 /tmp/cc2XY9ZB.ltrans12.ltrans.o
                0x000000000000c479                InternalAllocatePool.constprop.44
 .text.AsciiSPrint.constprop.43
                0x000000000000c4b0       0xc4 /tmp/cc2XY9ZB.ltrans12.ltrans.o
                0x000000000000c4b0                AsciiSPrint.constprop.43
 .text.BasePrintLibSPrint.constprop.42
                0x000000000000c574       0xb8 /tmp/cc2XY9ZB.ltrans12.ltrans.o
                0x000000000000c574                BasePrintLibSPrint.constprop.42
 *fill*         0x000000000000c62c        0x4 
 .text          0x000000000000c630       0xac /home/hcj/UEFIWorkspace/Build/Mde/DEBUG_GCC5/X64/MdePkg/Library/BaseLib/BaseLib/OUTPUT/BaseLib.lib(LongJump.obj)
                0x000000000000c630                InternalLongJump
 *fill*         0x000000000000c6dc        0x4 
 .text          0x000000000000c6e0       0xc2 /home/hcj/UEFIWorkspace/Build/Mde/DEBUG_GCC5/X64/MdePkg/Library/BaseLib/BaseLib/OUTPUT/BaseLib.lib(SetJump.obj)
                0x000000000000c6e0                SetJump
 *(.rodata .rodata.* .gnu.linkonce.r.*)
 .rodata.str1.1
                0x000000000000c7a2     0x17e5 /tmp/cc2XY9ZB.ltrans0.ltrans.o
                                       0x182a (size before relaxing)
 *fill*         0x000000000000df87        0x9 
 .rodata.__FUNCTION__.8682
                0x000000000000df90       0x18 /tmp/cc2XY9ZB.ltrans0.ltrans.o
 *fill*         0x000000000000dfa8        0x8 
 .rodata.__FUNCTION__.9058
                0x000000000000dfb0       0x13 /tmp/cc2XY9ZB.ltrans0.ltrans.o
 *fill*         0x000000000000dfc3        0x1 
 .rodata._gUefiDriverRevision
                0x000000000000dfc4        0x4 /tmp/cc2XY9ZB.ltrans0.ltrans.o
                0x000000000000dfc4                _gPcd_FixedAtBuild_PcdControlFlowEnforcementPropertyMask
 .rodata.str1.1
                0x000000000000dfc8       0xb3 /tmp/cc2XY9ZB.ltrans1.ltrans.o
                                         0xb5 (size before relaxing)
 *fill*         0x000000000000e07b        0x5 
 .rodata.__FUNCTION__.15585
                0x000000000000e080       0x14 /tmp/cc2XY9ZB.ltrans1.ltrans.o
 *fill*         0x000000000000e094        0xc 
 .rodata.__FUNCTION__.15592
                0x000000000000e0a0       0x15 /tmp/cc2XY9ZB.ltrans1.ltrans.o
 *fill*         0x000000000000e0b5        0xb 
 .rodata.__FUNCTION__.15599
                0x000000000000e0c0       0x15 /tmp/cc2XY9ZB.ltrans1.ltrans.o
 *fill*         0x000000000000e0d5        0xb 
 .rodata.__FUNCTION__.15606
                0x000000000000e0e0       0x14 /tmp/cc2XY9ZB.ltrans1.ltrans.o
 *fill*         0x000000000000e0f4        0xc 
 .rodata.__FUNCTION__.15613
                0x000000000000e100       0x15 /tmp/cc2XY9ZB.ltrans1.ltrans.o
 *fill*         0x000000000000e115        0xb 
 .rodata.__FUNCTION__.15620
                0x000000000000e120       0x14 /tmp/cc2XY9ZB.ltrans1.ltrans.o
 *fill*         0x000000000000e134        0xc 
 .rodata.__FUNCTION__.15627
                0x000000000000e140       0x15 /tmp/cc2XY9ZB.ltrans1.ltrans.o
 *fill*         0x000000000000e155        0xb 
 .rodata.__FUNCTION__.15634
                0x000000000000e160       0x14 /tmp/cc2XY9ZB.ltrans1.ltrans.o
 *fill*         0x000000000000e174        0xc 
 .rodata.__FUNCTION__.15641
                0x000000000000e180       0x15 /tmp/cc2XY9ZB.ltrans1.ltrans.o
 *fill*         0x000000000000e195        0xb 
 .rodata.__FUNCTION__.15648
                0x000000000000e1a0       0x15 /tmp/cc2XY9ZB.ltrans1.ltrans.o
 *fill*         0x000000000000e1b5        0xb 
 .rodata.__FUNCTION__.15655
                0x000000000000e1c0       0x16 /tmp/cc2XY9ZB.ltrans1.ltrans.o
 *fill*         0x000000000000e1d6        0xa 
 .rodata.__FUNCTION__.15662
                0x000000000000e1e0       0x16 /tmp/cc2XY9ZB.ltrans1.ltrans.o
 *fill*         0x000000000000e1f6        0xa 
 .rodata.__FUNCTION__.15669
                0x000000000000e200       0x15 /tmp/cc2XY9ZB.ltrans1.ltrans.o
 *fill*         0x000000000000e215        0xb 
 .rodata.__FUNCTION__.15676
                0x000000000000e220       0x16 /tmp/cc2XY9ZB.ltrans1.ltrans.o
 *fill*         0x000000000000e236        0xa 
 .rodata.__FUNCTION__.15683
                0x000000000000e240       0x15 /tmp/cc2XY9ZB.ltrans1.ltrans.o
 *fill*         0x000000000000e255        0xb 
 .rodata.__FUNCTION__.15690
                0x000000000000e260       0x16 /tmp/cc2XY9ZB.ltrans1.ltrans.o
 *fill*         0x000000000000e276        0xa 
 .rodata.__FUNCTION__.15697
                0x000000000000e280       0x16 /tmp/cc2XY9ZB.ltrans1.ltrans.o
 *fill*         0x000000000000e296        0xa 
 .rodata.__FUNCTION__.15704
                0x000000000000e2a0       0x16 /tmp/cc2XY9ZB.ltrans1.ltrans.o
 *fill*         0x000000000000e2b6        0xa 
 .rodata.__FUNCTION__.15711
                0x000000000000e2c0       0x14 /tmp/cc2XY9ZB.ltrans1.ltrans.o
 *fill*         0x000000000000e2d4        0xc 
 .rodata.__FUNCTION__.15718
                0x000000000000e2e0       0x15 /tmp/cc2XY9ZB.ltrans1.ltrans.o
 *fill*         0x000000000000e2f5        0xb 
 .rodata.__FUNCTION__.15725
                0x000000000000e300       0x15 /tmp/cc2XY9ZB.ltrans1.ltrans.o
 *fill*         0x000000000000e315        0xb 
 .rodata.__FUNCTION__.15732
                0x000000000000e320       0x15 /tmp/cc2XY9ZB.ltrans1.ltrans.o
 .rodata.str1.1
                0x000000000000e335       0x71 /tmp/cc2XY9ZB.ltrans2.ltrans.o
                                         0xff (size before relaxing)
 *fill*         0x000000000000e3a6        0xa 
 .rodata.__FUNCTION__.15935
                0x000000000000e3b0       0x16 /tmp/cc2XY9ZB.ltrans2.ltrans.o
 *fill*         0x000000000000e3c6        0xa 
 .rodata.__FUNCTION__.15942
                0x000000000000e3d0       0x16 /tmp/cc2XY9ZB.ltrans2.ltrans.o
 *fill*         0x000000000000e3e6        0xa 
 .rodata.__FUNCTION__.15949
                0x000000000000e3f0       0x15 /tmp/cc2XY9ZB.ltrans2.ltrans.o
 *fill*         0x000000000000e405        0xb 
 .rodata.__FUNCTION__.15956
                0x000000000000e410       0x16 /tmp/cc2XY9ZB.ltrans2.ltrans.o
 *fill*         0x000000000000e426        0xa 
 .rodata.__FUNCTION__.15963
                0x000000000000e430       0x16 /tmp/cc2XY9ZB.ltrans2.ltrans.o
 *fill*         0x000000000000e446        0xa 
 .rodata.__FUNCTION__.15970
                0x000000000000e450       0x16 /tmp/cc2XY9ZB.ltrans2.ltrans.o
 *fill*         0x000000000000e466        0xa 
 .rodata.__FUNCTION__.15977
                0x000000000000e470       0x17 /tmp/cc2XY9ZB.ltrans2.ltrans.o
 *fill*         0x000000000000e487        0x9 
 .rodata.__FUNCTION__.15984
                0x000000000000e490       0x16 /tmp/cc2XY9ZB.ltrans2.ltrans.o
 *fill*         0x000000000000e4a6        0xa 
 .rodata.__FUNCTION__.15991
                0x000000000000e4b0       0x17 /tmp/cc2XY9ZB.ltrans2.ltrans.o
 *fill*         0x000000000000e4c7        0x9 
 .rodata.__FUNCTION__.15998
                0x000000000000e4d0       0x16 /tmp/cc2XY9ZB.ltrans2.ltrans.o
 *fill*         0x000000000000e4e6        0xa 
 .rodata.__FUNCTION__.16006
                0x000000000000e4f0       0x11 /tmp/cc2XY9ZB.ltrans2.ltrans.o
 *fill*         0x000000000000e501        0xf 
 .rodata.__FUNCTION__.16014
                0x000000000000e510       0x12 /tmp/cc2XY9ZB.ltrans2.ltrans.o
 *fill*         0x000000000000e522        0xe 
 .rodata.__FUNCTION__.16022
                0x000000000000e530       0x12 /tmp/cc2XY9ZB.ltrans2.ltrans.o
 *fill*         0x000000000000e542        0xe 
 .rodata.__FUNCTION__.16030
                0x000000000000e550       0x12 /tmp/cc2XY9ZB.ltrans2.ltrans.o
 *fill*         0x000000000000e562        0xe 
 .rodata.__FUNCTION__.16038
                0x000000000000e570       0x10 /tmp/cc2XY9ZB.ltrans2.ltrans.o
 .rodata.__FUNCTION__.16046
                0x000000000000e580       0x11 /tmp/cc2XY9ZB.ltrans2.ltrans.o
 .rodata.str1.1
                0x000000000000e591       0xbe /tmp/cc2XY9ZB.ltrans3.ltrans.o
                                        0x14d (size before relaxing)
 *fill*         0x000000000000e64f        0x1 
 .rodata.__FUNCTION__.16054
                0x000000000000e650       0x11 /tmp/cc2XY9ZB.ltrans3.ltrans.o
 *fill*         0x000000000000e661        0xf 
 .rodata.__FUNCTION__.16062
                0x000000000000e670       0x11 /tmp/cc2XY9ZB.ltrans3.ltrans.o
 *fill*         0x000000000000e681        0xf 
 .rodata.__FUNCTION__.16070
                0x000000000000e690       0x11 /tmp/cc2XY9ZB.ltrans3.ltrans.o
 *fill*         0x000000000000e6a1        0xf 
 .rodata.__FUNCTION__.16078
                0x000000000000e6b0       0x12 /tmp/cc2XY9ZB.ltrans3.ltrans.o
 *fill*         0x000000000000e6c2        0xe 
 .rodata.__FUNCTION__.16086
                0x000000000000e6d0       0x12 /tmp/cc2XY9ZB.ltrans3.ltrans.o
 *fill*         0x000000000000e6e2        0xe 
 .rodata.__FUNCTION__.16094
                0x000000000000e6f0       0x12 /tmp/cc2XY9ZB.ltrans3.ltrans.o
 *fill*         0x000000000000e702        0xe 
 .rodata.__FUNCTION__.16102
                0x000000000000e710       0x10 /tmp/cc2XY9ZB.ltrans3.ltrans.o
 .rodata.__FUNCTION__.16110
                0x000000000000e720       0x11 /tmp/cc2XY9ZB.ltrans3.ltrans.o
 *fill*         0x000000000000e731        0xf 
 .rodata.__FUNCTION__.16118
                0x000000000000e740       0x11 /tmp/cc2XY9ZB.ltrans3.ltrans.o
 *fill*         0x000000000000e751        0xf 
 .rodata.__FUNCTION__.16126
                0x000000000000e760       0x11 /tmp/cc2XY9ZB.ltrans3.ltrans.o
 .rodata.str1.1
                0x000000000000e771       0x1d /tmp/cc2XY9ZB.ltrans4.ltrans.o
                                         0xcf (size before relaxing)
 *fill*         0x000000000000e78e        0x2 
 .rodata.__FUNCTION__.15837
                0x000000000000e790       0x14 /tmp/cc2XY9ZB.ltrans4.ltrans.o
 *fill*         0x000000000000e7a4        0xc 
 .rodata.__FUNCTION__.15844
                0x000000000000e7b0       0x15 /tmp/cc2XY9ZB.ltrans4.ltrans.o
 *fill*         0x000000000000e7c5        0xb 
 .rodata.__FUNCTION__.15851
                0x000000000000e7d0       0x14 /tmp/cc2XY9ZB.ltrans4.ltrans.o
 *fill*         0x000000000000e7e4        0xc 
 .rodata.__FUNCTION__.15858
                0x000000000000e7f0       0x15 /tmp/cc2XY9ZB.ltrans4.ltrans.o
 *fill*         0x000000000000e805        0xb 
 .rodata.__FUNCTION__.15865
                0x000000000000e810       0x15 /tmp/cc2XY9ZB.ltrans4.ltrans.o
 *fill*         0x000000000000e825        0xb 
 .rodata.__FUNCTION__.15872
                0x000000000000e830       0x15 /tmp/cc2XY9ZB.ltrans4.ltrans.o
 *fill*         0x000000000000e845        0xb 
 .rodata.__FUNCTION__.15879
                0x000000000000e850       0x16 /tmp/cc2XY9ZB.ltrans4.ltrans.o
 *fill*         0x000000000000e866        0xa 
 .rodata.__FUNCTION__.15886
                0x000000000000e870       0x15 /tmp/cc2XY9ZB.ltrans4.ltrans.o
 *fill*         0x000000000000e885        0xb 
 .rodata.__FUNCTION__.15893
                0x000000000000e890       0x14 /tmp/cc2XY9ZB.ltrans4.ltrans.o
 *fill*         0x000000000000e8a4        0xc 
 .rodata.__FUNCTION__.15900
                0x000000000000e8b0       0x15 /tmp/cc2XY9ZB.ltrans4.ltrans.o
 *fill*         0x000000000000e8c5        0xb 
 .rodata.__FUNCTION__.15907
                0x000000000000e8d0       0x15 /tmp/cc2XY9ZB.ltrans4.ltrans.o
 *fill*         0x000000000000e8e5        0xb 
 .rodata.__FUNCTION__.15914
                0x000000000000e8f0       0x15 /tmp/cc2XY9ZB.ltrans4.ltrans.o
 *fill*         0x000000000000e905        0xb 
 .rodata.__FUNCTION__.15921
                0x000000000000e910       0x16 /tmp/cc2XY9ZB.ltrans4.ltrans.o
 *fill*         0x000000000000e926        0xa 
 .rodata.__FUNCTION__.15928
                0x000000000000e930       0x15 /tmp/cc2XY9ZB.ltrans4.ltrans.o
 .rodata.str1.1
                0x000000000000e945      0x190 /tmp/cc2XY9ZB.ltrans5.ltrans.o
                                        0x243 (size before relaxing)
 *fill*         0x000000000000ead5        0xb 
 .rodata.__FUNCTION__.15627
                0x000000000000eae0       0x15 /tmp/cc2XY9ZB.ltrans5.ltrans.o
 *fill*         0x000000000000eaf5        0xb 
 .rodata.__FUNCTION__.15634
                0x000000000000eb00       0x14 /tmp/cc2XY9ZB.ltrans5.ltrans.o
 *fill*         0x000000000000eb14        0xc 
 .rodata.__FUNCTION__.15641
                0x000000000000eb20       0x15 /tmp/cc2XY9ZB.ltrans5.ltrans.o
 *fill*         0x000000000000eb35        0xb 
 .rodata.__FUNCTION__.15648
                0x000000000000eb40       0x15 /tmp/cc2XY9ZB.ltrans5.ltrans.o
 *fill*         0x000000000000eb55        0xb 
 .rodata.__FUNCTION__.15655
                0x000000000000eb60       0x16 /tmp/cc2XY9ZB.ltrans5.ltrans.o
 *fill*         0x000000000000eb76        0xa 
 .rodata.__FUNCTION__.15663
                0x000000000000eb80       0x11 /tmp/cc2XY9ZB.ltrans5.ltrans.o
 *fill*         0x000000000000eb91        0xf 
 .rodata.__FUNCTION__.15671
                0x000000000000eba0       0x10 /tmp/cc2XY9ZB.ltrans5.ltrans.o
 .rodata.__FUNCTION__.15679
                0x000000000000ebb0       0x11 /tmp/cc2XY9ZB.ltrans5.ltrans.o
 *fill*         0x000000000000ebc1        0xf 
 .rodata.__FUNCTION__.15687
                0x000000000000ebd0       0x10 /tmp/cc2XY9ZB.ltrans5.ltrans.o
 .rodata.__FUNCTION__.15695
                0x000000000000ebe0       0x12 /tmp/cc2XY9ZB.ltrans5.ltrans.o
 *fill*         0x000000000000ebf2        0xe 
 .rodata.__FUNCTION__.15703
                0x000000000000ec00       0x11 /tmp/cc2XY9ZB.ltrans5.ltrans.o
 *fill*         0x000000000000ec11        0x7 
 .rodata.__FUNCTION__.8553
                0x000000000000ec18        0xc /tmp/cc2XY9ZB.ltrans5.ltrans.o
 .rodata.str1.1
                0x000000000000ec24        0x6 /tmp/cc2XY9ZB.ltrans6.ltrans.o
                                         0xc1 (size before relaxing)
 *fill*         0x000000000000ec2a        0x6 
 .rodata.__FUNCTION__.15739
                0x000000000000ec30       0x16 /tmp/cc2XY9ZB.ltrans6.ltrans.o
 *fill*         0x000000000000ec46        0xa 
 .rodata.__FUNCTION__.15746
                0x000000000000ec50       0x16 /tmp/cc2XY9ZB.ltrans6.ltrans.o
 *fill*         0x000000000000ec66        0xa 
 .rodata.__FUNCTION__.15753
                0x000000000000ec70       0x16 /tmp/cc2XY9ZB.ltrans6.ltrans.o
 *fill*         0x000000000000ec86        0xa 
 .rodata.__FUNCTION__.15760
                0x000000000000ec90       0x15 /tmp/cc2XY9ZB.ltrans6.ltrans.o
 *fill*         0x000000000000eca5        0xb 
 .rodata.__FUNCTION__.15767
                0x000000000000ecb0       0x16 /tmp/cc2XY9ZB.ltrans6.ltrans.o
 *fill*         0x000000000000ecc6        0xa 
 .rodata.__FUNCTION__.15774
                0x000000000000ecd0       0x16 /tmp/cc2XY9ZB.ltrans6.ltrans.o
 *fill*         0x000000000000ece6        0xa 
 .rodata.__FUNCTION__.15781
                0x000000000000ecf0       0x16 /tmp/cc2XY9ZB.ltrans6.ltrans.o
 *fill*         0x000000000000ed06        0xa 
 .rodata.__FUNCTION__.15788
                0x000000000000ed10       0x17 /tmp/cc2XY9ZB.ltrans6.ltrans.o
 *fill*         0x000000000000ed27        0x9 
 .rodata.__FUNCTION__.15795
                0x000000000000ed30       0x16 /tmp/cc2XY9ZB.ltrans6.ltrans.o
 *fill*         0x000000000000ed46        0xa 
 .rodata.__FUNCTION__.15802
                0x000000000000ed50       0x13 /tmp/cc2XY9ZB.ltrans6.ltrans.o
 *fill*         0x000000000000ed63        0xd 
 .rodata.__FUNCTION__.15809
                0x000000000000ed70       0x14 /tmp/cc2XY9ZB.ltrans6.ltrans.o
 *fill*         0x000000000000ed84        0xc 
 .rodata.__FUNCTION__.15816
                0x000000000000ed90       0x14 /tmp/cc2XY9ZB.ltrans6.ltrans.o
 *fill*         0x000000000000eda4        0xc 
 .rodata.__FUNCTION__.15823
                0x000000000000edb0       0x14 /tmp/cc2XY9ZB.ltrans6.ltrans.o
 *fill*         0x000000000000edc4        0xc 
 .rodata.__FUNCTION__.15830
                0x000000000000edd0       0x15 /tmp/cc2XY9ZB.ltrans6.ltrans.o
 .rodata.str1.1
                0x000000000000ede5      0x47a /tmp/cc2XY9ZB.ltrans7.ltrans.o
                                        0x4bf (size before relaxing)
 *fill*         0x000000000000f25f        0x1 
 .rodata._gPcd_FixedAtBuild_PcdMaximumLinkedListLength
                0x000000000000f260        0x4 /tmp/cc2XY9ZB.ltrans7.ltrans.o
                0x000000000000f260                _gPcd_FixedAtBuild_PcdMaximumLinkedListLength
                0x000000000000f260                _gPcd_FixedAtBuild_PcdMaximumAsciiStringLength
 .rodata._gPcd_FixedAtBuild_PcdFixedDebugPrintErrorLevel
                0x000000000000f264        0x4 /tmp/cc2XY9ZB.ltrans7.ltrans.o
                0x000000000000f264                _gPcd_FixedAtBuild_PcdUnitTestLogLevel
                0x000000000000f264                _gPcd_FixedAtBuild_PcdFixedDebugPrintErrorLevel
 .rodata.__FUNCTION__.3046
                0x000000000000f268        0xd /tmp/cc2XY9ZB.ltrans7.ltrans.o
 *fill*         0x000000000000f275        0xb 
 .rodata.mHexStr
                0x000000000000f280       0x10 /tmp/cc2XY9ZB.ltrans7.ltrans.o
 *fill*         0x000000000000f290       0x10 
 .rodata.mWarningString
                0x000000000000f2a0       0x96 /tmp/cc2XY9ZB.ltrans7.ltrans.o
 *fill*         0x000000000000f336        0xa 
 .rodata.mErrorString
                0x000000000000f340      0x2b5 /tmp/cc2XY9ZB.ltrans7.ltrans.o
 .rodata.str1.1
                0x000000000000f5f5      0x3a8 /tmp/cc2XY9ZB.ltrans8.ltrans.o
                                        0x5a5 (size before relaxing)
 *fill*         0x000000000000f99d        0x3 
 .rodata.__FUNCTION__.10175
                0x000000000000f9a0       0x10 /tmp/cc2XY9ZB.ltrans8.ltrans.o
 .rodata.__FUNCTION__.3059
                0x000000000000f9b0        0xe /tmp/cc2XY9ZB.ltrans8.ltrans.o
 .rodata.str1.1
                0x000000000000f9be       0x2e /tmp/cc2XY9ZB.ltrans9.ltrans.o
                                        0x179 (size before relaxing)
 *fill*         0x000000000000f9ec        0x4 
 .rodata.__FUNCTION__.16134
                0x000000000000f9f0       0x12 /tmp/cc2XY9ZB.ltrans9.ltrans.o
 *fill*         0x000000000000fa02        0xe 
 .rodata.__FUNCTION__.16142
                0x000000000000fa10       0x13 /tmp/cc2XY9ZB.ltrans9.ltrans.o
 *fill*         0x000000000000fa23        0xd 
 .rodata.__FUNCTION__.16150
                0x000000000000fa30       0x13 /tmp/cc2XY9ZB.ltrans9.ltrans.o
 *fill*         0x000000000000fa43        0xd 
 .rodata.__FUNCTION__.16158
                0x000000000000fa50       0x13 /tmp/cc2XY9ZB.ltrans9.ltrans.o
 *fill*         0x000000000000fa63        0xd 
 .rodata.__FUNCTION__.16166
                0x000000000000fa70       0x11 /tmp/cc2XY9ZB.ltrans9.ltrans.o
 *fill*         0x000000000000fa81        0xf 
 .rodata.__FUNCTION__.16174
                0x000000000000fa90       0x12 /tmp/cc2XY9ZB.ltrans9.ltrans.o
 *fill*         0x000000000000faa2        0xe 
 .rodata.__FUNCTION__.16182
                0x000000000000fab0       0x12 /tmp/cc2XY9ZB.ltrans9.ltrans.o
 *fill*         0x000000000000fac2        0xe 
 .rodata.__FUNCTION__.16190
                0x000000000000fad0       0x12 /tmp/cc2XY9ZB.ltrans9.ltrans.o
 *fill*         0x000000000000fae2        0xe 
 .rodata.__FUNCTION__.15585
                0x000000000000faf0       0x15 /tmp/cc2XY9ZB.ltrans9.ltrans.o
 *fill*         0x000000000000fb05        0xb 
 .rodata.__FUNCTION__.15592
                0x000000000000fb10       0x15 /tmp/cc2XY9ZB.ltrans9.ltrans.o
 *fill*         0x000000000000fb25        0xb 
 .rodata.__FUNCTION__.15599
                0x000000000000fb30       0x14 /tmp/cc2XY9ZB.ltrans9.ltrans.o
 *fill*         0x000000000000fb44        0xc 
 .rodata.__FUNCTION__.15606
                0x000000000000fb50       0x15 /tmp/cc2XY9ZB.ltrans9.ltrans.o
 *fill*         0x000000000000fb65        0xb 
 .rodata.__FUNCTION__.15613
                0x000000000000fb70       0x16 /tmp/cc2XY9ZB.ltrans9.ltrans.o
 *fill*         0x000000000000fb86        0xa 
 .rodata.__FUNCTION__.15620
                0x000000000000fb90       0x14 /tmp/cc2XY9ZB.ltrans9.ltrans.o
 .rodata.str1.1
                0x000000000000fba4      0x37f /tmp/cc2XY9ZB.ltrans10.ltrans.o
                                        0x4e7 (size before relaxing)
 *fill*         0x000000000000ff23       0x1d 
 .rodata.mCrcTable
                0x000000000000ff40      0x400 /tmp/cc2XY9ZB.ltrans10.ltrans.o
 .rodata.__FUNCTION__.3023
                0x0000000000010340        0xd /tmp/cc2XY9ZB.ltrans10.ltrans.o
 *fill*         0x000000000001034d        0x3 
 .rodata.__FUNCTION__.3034
                0x0000000000010350        0xe /tmp/cc2XY9ZB.ltrans10.ltrans.o
 .rodata.str1.1
                0x000000000001035e       0x8d /tmp/cc2XY9ZB.ltrans11.ltrans.o
                                        0x10e (size before relaxing)
 .rodata.str1.1
                0x00000000000103eb        0x5 /tmp/cc2XY9ZB.ltrans12.ltrans.o
 *(.got .got.*)
 .got           0x00000000000103eb        0x0 TestBaseSafeIntLib.obj (symbol from plugin)
 .got.plt       0x00000000000103eb        0x0 TestBaseSafeIntLib.obj (symbol from plugin)
 *:AutoGen.obj(.data.g*Guid)

.plt            0x00000000000103f0        0x0
 .plt           0x00000000000103f0        0x0 TestBaseSafeIntLib.obj (symbol from plugin)

.plt.got        0x00000000000103f0        0x0
 .plt.got       0x00000000000103f0        0x0 TestBaseSafeIntLib.obj (symbol from plugin)

.data           0x0000000000010400      0x288
 *(.data .data.* .gnu.linkonce.d.*)
 .data.rel.ro.local.mFailureTypeStrings
                0x0000000000010400       0xb0 /tmp/cc2XY9ZB.ltrans0.ltrans.o
 *fill*         0x00000000000104b0       0x10 
 .data.rel.ro.local.mStatusStrings
                0x00000000000104c0       0x60 /tmp/cc2XY9ZB.ltrans0.ltrans.o
 .data.rel.ro.local.mLogPrefixStrings
                0x0000000000010520       0x40 /tmp/cc2XY9ZB.ltrans8.ltrans.o
 .data.rel.ro   0x0000000000010560        0x0 TestBaseSafeIntLib.obj (symbol from plugin)
 *(.bss .bss.*)
 .bss.mFrameworkHandle.lto_priv.51
                0x0000000000010560        0x8 /tmp/cc2XY9ZB.ltrans0.ltrans.o
                0x0000000000010560                mFrameworkHandle.lto_priv.51
 .bss.gST       0x0000000000010568        0x8 /tmp/cc2XY9ZB.ltrans0.ltrans.o
                0x0000000000010568                gST
 .bss.gImageHandle
                0x0000000000010570        0x8 /tmp/cc2XY9ZB.ltrans0.ltrans.o
 *fill*         0x0000000000010578        0x8 
 .bss.gUnitTestJumpBuffer
                0x0000000000010580      0x100 /tmp/cc2XY9ZB.ltrans8.ltrans.o
 .bss.gBS       0x0000000000010680        0x8 /tmp/cc2XY9ZB.ltrans12.ltrans.o
                0x0000000000010680                gBS

.eh_frame       0x00000000000106c0        0x0
 *(.eh_frame)
 .eh_frame      0x00000000000106c0        0x0 TestBaseSafeIntLib.obj (symbol from plugin)
 .eh_frame      0x00000000000106c0        0x0 TestBaseSafeIntLib.obj (symbol from plugin)

.dynbss         0x00000000000106c0        0x0
 .dynbss        0x00000000000106c0        0x0 TestBaseSafeIntLib.obj (symbol from plugin)

.gnu.version_d  0x00000000000106c0        0x0
 .gnu.version_d
                0x00000000000106c0        0x0 TestBaseSafeIntLib.obj (symbol from plugin)

.gnu.version    0x00000000000106c0        0x0
 .gnu.version   0x00000000000106c0        0x0 TestBaseSafeIntLib.obj (symbol from plugin)

.gnu.version_r  0x00000000000106c0        0x0
 .gnu.version_r
                0x00000000000106c0        0x0 TestBaseSafeIntLib.obj (symbol from plugin)

.rela           0x00000000000106c0      0x1f8
 *(.rela .rela.*)
 .rela.plt      0x00000000000106c0        0x0 TestBaseSafeIntLib.obj (symbol from plugin)
 .rela.got      0x00000000000106c0        0x0 TestBaseSafeIntLib.obj (symbol from plugin)
 .rela.bss      0x00000000000106c0        0x0 TestBaseSafeIntLib.obj (symbol from plugin)
 .rela.data.rel.ro
                0x00000000000106c0        0x0 TestBaseSafeIntLib.obj (symbol from plugin)
 .rela.ifunc    0x00000000000106c0        0x0 TestBaseSafeIntLib.obj (symbol from plugin)
 .rela.data.rel.ro.local.mFailureTypeStrings
                0x00000000000106c0      0x108 TestBaseSafeIntLib.obj (symbol from plugin)
 .rela.data.rel.ro.local.mStatusStrings
                0x00000000000107c8       0x90 TestBaseSafeIntLib.obj (symbol from plugin)
 .rela.data.rel.ro.local.mLogPrefixStrings
                0x0000000000010858       0x60 TestBaseSafeIntLib.obj (symbol from plugin)

.hii
 *(.hii)

.build-id       0x00000000000108b8       0x24
 *(.note.gnu.build-id)
 .note.gnu.build-id
                0x00000000000108b8       0x24 TestBaseSafeIntLib.obj (symbol from plugin)

/DISCARD/
 *(.note.GNU-stack)
 *(.gnu_debuglink)
 *(.interp)
 *(.dynsym)
 *(.dynstr)
 *(.dynamic)
 *(.hash .gnu.hash)
 *(.comment)
OUTPUT(/home/hcj/UEFIWorkspace/Build/Mde/DEBUG_GCC5/X64/MdePkg/Test/UnitTest/Library/BaseSafeIntLib/TestBaseSafeIntLibUefiShell/DEBUG/TestBaseSafeIntLibUefiShell.dll elf64-x86-64)

.debug_info     0x0000000000000000    0x191bb
 .debug_info    0x0000000000000000     0x4dae /tmp/cc2XY9ZB.ltrans0.ltrans.o
 .debug_info    0x0000000000004dae     0x2dda /tmp/cc2XY9ZB.ltrans1.ltrans.o
 .debug_info    0x0000000000007b88     0x2045 /tmp/cc2XY9ZB.ltrans2.ltrans.o
 .debug_info    0x0000000000009bcd     0x1a3e /tmp/cc2XY9ZB.ltrans3.ltrans.o
 .debug_info    0x000000000000b60b     0x1ec3 /tmp/cc2XY9ZB.ltrans4.ltrans.o
 .debug_info    0x000000000000d4ce     0x1eec /tmp/cc2XY9ZB.ltrans5.ltrans.o
 .debug_info    0x000000000000f3ba     0x1ee3 /tmp/cc2XY9ZB.ltrans6.ltrans.o
 .debug_info    0x000000000001129d     0x1309 /tmp/cc2XY9ZB.ltrans7.ltrans.o
 .debug_info    0x00000000000125a6     0x1a3f /tmp/cc2XY9ZB.ltrans8.ltrans.o
 .debug_info    0x0000000000013fe5     0x1e35 /tmp/cc2XY9ZB.ltrans9.ltrans.o
 .debug_info    0x0000000000015e1a      0xe38 /tmp/cc2XY9ZB.ltrans10.ltrans.o
 .debug_info    0x0000000000016c52     0x1492 /tmp/cc2XY9ZB.ltrans11.ltrans.o
 .debug_info    0x00000000000180e4     0x10d7 /tmp/cc2XY9ZB.ltrans12.ltrans.o

.debug_abbrev   0x0000000000000000     0x1bb5
 .debug_abbrev  0x0000000000000000      0x373 /tmp/cc2XY9ZB.ltrans0.ltrans.o
 .debug_abbrev  0x0000000000000373      0x166 /tmp/cc2XY9ZB.ltrans1.ltrans.o
 .debug_abbrev  0x00000000000004d9       0xff /tmp/cc2XY9ZB.ltrans2.ltrans.o
 .debug_abbrev  0x00000000000005d8      0x13b /tmp/cc2XY9ZB.ltrans3.ltrans.o
 .debug_abbrev  0x0000000000000713       0xff /tmp/cc2XY9ZB.ltrans4.ltrans.o
 .debug_abbrev  0x0000000000000812      0x2ae /tmp/cc2XY9ZB.ltrans5.ltrans.o
 .debug_abbrev  0x0000000000000ac0       0xff /tmp/cc2XY9ZB.ltrans6.ltrans.o
 .debug_abbrev  0x0000000000000bbf      0x24e /tmp/cc2XY9ZB.ltrans7.ltrans.o
 .debug_abbrev  0x0000000000000e0d      0x3ed /tmp/cc2XY9ZB.ltrans8.ltrans.o
 .debug_abbrev  0x00000000000011fa      0x1e8 /tmp/cc2XY9ZB.ltrans9.ltrans.o
 .debug_abbrev  0x00000000000013e2      0x31d /tmp/cc2XY9ZB.ltrans10.ltrans.o
 .debug_abbrev  0x00000000000016ff      0x2e9 /tmp/cc2XY9ZB.ltrans11.ltrans.o
 .debug_abbrev  0x00000000000019e8      0x1cd /tmp/cc2XY9ZB.ltrans12.ltrans.o

.debug_loc      0x0000000000000000     0xeb54
 .debug_loc     0x0000000000000000     0x163b /tmp/cc2XY9ZB.ltrans0.ltrans.o
 .debug_loc     0x000000000000163b     0x1484 /tmp/cc2XY9ZB.ltrans1.ltrans.o
 .debug_loc     0x0000000000002abf     0x1050 /tmp/cc2XY9ZB.ltrans2.ltrans.o
 .debug_loc     0x0000000000003b0f      0xcd8 /tmp/cc2XY9ZB.ltrans3.ltrans.o
 .debug_loc     0x00000000000047e7      0xdbf /tmp/cc2XY9ZB.ltrans4.ltrans.o
 .debug_loc     0x00000000000055a6     0x1c69 /tmp/cc2XY9ZB.ltrans5.ltrans.o
 .debug_loc     0x000000000000720f      0xd77 /tmp/cc2XY9ZB.ltrans6.ltrans.o
 .debug_loc     0x0000000000007f86     0x2287 /tmp/cc2XY9ZB.ltrans7.ltrans.o
 .debug_loc     0x000000000000a20d     0x169c /tmp/cc2XY9ZB.ltrans8.ltrans.o
 .debug_loc     0x000000000000b8a9      0xd40 /tmp/cc2XY9ZB.ltrans9.ltrans.o
 .debug_loc     0x000000000000c5e9     0x11ea /tmp/cc2XY9ZB.ltrans10.ltrans.o
 .debug_loc     0x000000000000d7d3     0x10c3 /tmp/cc2XY9ZB.ltrans11.ltrans.o
 .debug_loc     0x000000000000e896      0x2be /tmp/cc2XY9ZB.ltrans12.ltrans.o

.debug_aranges  0x0000000000000000      0xa90
 .debug_aranges
                0x0000000000000000       0x30 /tmp/cc2XY9ZB.ltrans0.ltrans.o
 .debug_aranges
                0x0000000000000030      0x180 /tmp/cc2XY9ZB.ltrans1.ltrans.o
 .debug_aranges
                0x00000000000001b0      0x120 /tmp/cc2XY9ZB.ltrans2.ltrans.o
 .debug_aranges
                0x00000000000002d0       0xc0 /tmp/cc2XY9ZB.ltrans3.ltrans.o
 .debug_aranges
                0x0000000000000390      0x100 /tmp/cc2XY9ZB.ltrans4.ltrans.o
 .debug_aranges
                0x0000000000000490      0x100 /tmp/cc2XY9ZB.ltrans5.ltrans.o
 .debug_aranges
                0x0000000000000590      0x100 /tmp/cc2XY9ZB.ltrans6.ltrans.o
 .debug_aranges
                0x0000000000000690       0x70 /tmp/cc2XY9ZB.ltrans7.ltrans.o
 .debug_aranges
                0x0000000000000700       0xc0 /tmp/cc2XY9ZB.ltrans8.ltrans.o
 .debug_aranges
                0x00000000000007c0      0x100 /tmp/cc2XY9ZB.ltrans9.ltrans.o
 .debug_aranges
                0x00000000000008c0      0x120 /tmp/cc2XY9ZB.ltrans10.ltrans.o
 .debug_aranges
                0x00000000000009e0       0x60 /tmp/cc2XY9ZB.ltrans11.ltrans.o
 .debug_aranges
                0x0000000000000a40       0x50 /tmp/cc2XY9ZB.ltrans12.ltrans.o

.debug_ranges   0x0000000000000000     0x1810
 .debug_ranges  0x0000000000000000      0x600 /tmp/cc2XY9ZB.ltrans0.ltrans.o
 .debug_ranges  0x0000000000000600      0x170 /tmp/cc2XY9ZB.ltrans1.ltrans.o
 .debug_ranges  0x0000000000000770      0x110 /tmp/cc2XY9ZB.ltrans2.ltrans.o
 .debug_ranges  0x0000000000000880       0xb0 /tmp/cc2XY9ZB.ltrans3.ltrans.o
 .debug_ranges  0x0000000000000930       0xf0 /tmp/cc2XY9ZB.ltrans4.ltrans.o
 .debug_ranges  0x0000000000000a20      0x230 /tmp/cc2XY9ZB.ltrans5.ltrans.o
 .debug_ranges  0x0000000000000c50       0xf0 /tmp/cc2XY9ZB.ltrans6.ltrans.o
 .debug_ranges  0x0000000000000d40      0x100 /tmp/cc2XY9ZB.ltrans7.ltrans.o
 .debug_ranges  0x0000000000000e40      0x360 /tmp/cc2XY9ZB.ltrans8.ltrans.o
 .debug_ranges  0x00000000000011a0      0x160 /tmp/cc2XY9ZB.ltrans9.ltrans.o
 .debug_ranges  0x0000000000001300      0x1e0 /tmp/cc2XY9ZB.ltrans10.ltrans.o
 .debug_ranges  0x00000000000014e0      0x2c0 /tmp/cc2XY9ZB.ltrans11.ltrans.o
 .debug_ranges  0x00000000000017a0       0x70 /tmp/cc2XY9ZB.ltrans12.ltrans.o

.debug_line     0x0000000000000000     0x45d1
 .debug_line    0x0000000000000000      0x927 /tmp/cc2XY9ZB.ltrans0.ltrans.o
 .debug_line    0x0000000000000927      0x56a /tmp/cc2XY9ZB.ltrans1.ltrans.o
 .debug_line    0x0000000000000e91      0x44f /tmp/cc2XY9ZB.ltrans2.ltrans.o
 .debug_line    0x00000000000012e0      0x386 /tmp/cc2XY9ZB.ltrans3.ltrans.o
 .debug_line    0x0000000000001666      0x41f /tmp/cc2XY9ZB.ltrans4.ltrans.o
 .debug_line    0x0000000000001a85      0x642 /tmp/cc2XY9ZB.ltrans5.ltrans.o
 .debug_line    0x00000000000020c7      0x41c /tmp/cc2XY9ZB.ltrans6.ltrans.o
 .debug_line    0x00000000000024e3      0x7bf /tmp/cc2XY9ZB.ltrans7.ltrans.o
 .debug_line    0x0000000000002ca2      0x80c /tmp/cc2XY9ZB.ltrans8.ltrans.o
 .debug_line    0x00000000000034ae      0x49d /tmp/cc2XY9ZB.ltrans9.ltrans.o
 .debug_line    0x000000000000394b      0x49f /tmp/cc2XY9ZB.ltrans10.ltrans.o
 .debug_line    0x0000000000003dea      0x50c /tmp/cc2XY9ZB.ltrans11.ltrans.o
 .debug_line    0x00000000000042f6      0x2db /tmp/cc2XY9ZB.ltrans12.ltrans.o

.debug_str      0x0000000000000000     0x2f58
 .debug_str     0x0000000000000000     0x19a3 /tmp/cc2XY9ZB.ltrans0.ltrans.o
                                       0x1b75 (size before relaxing)
 .debug_str     0x00000000000019a3      0x1d7 /tmp/cc2XY9ZB.ltrans1.ltrans.o
                                        0x5e4 (size before relaxing)
 .debug_str     0x0000000000001b7a      0x153 /tmp/cc2XY9ZB.ltrans2.ltrans.o
                                        0x549 (size before relaxing)
 .debug_str     0x0000000000001ccd       0xbf /tmp/cc2XY9ZB.ltrans3.ltrans.o
                                        0x452 (size before relaxing)
 .debug_str     0x0000000000001d8c      0x125 /tmp/cc2XY9ZB.ltrans4.ltrans.o
                                        0x4d6 (size before relaxing)
 .debug_str     0x0000000000001eb1      0x22c /tmp/cc2XY9ZB.ltrans5.ltrans.o
                                        0x68a (size before relaxing)
 .debug_str     0x00000000000020dd      0x12a /tmp/cc2XY9ZB.ltrans6.ltrans.o
                                        0x4f6 (size before relaxing)
 .debug_str     0x0000000000002207      0x463 /tmp/cc2XY9ZB.ltrans7.ltrans.o
                                        0x9dd (size before relaxing)
 .debug_str     0x000000000000266a      0x3c5 /tmp/cc2XY9ZB.ltrans8.ltrans.o
                                        0xad0 (size before relaxing)
 .debug_str     0x0000000000002a2f      0x144 /tmp/cc2XY9ZB.ltrans9.ltrans.o
                                        0x5db (size before relaxing)
 .debug_str     0x0000000000002b73      0x1cb /tmp/cc2XY9ZB.ltrans10.ltrans.o
                                        0x521 (size before relaxing)
 .debug_str     0x0000000000002d3e      0x17b /tmp/cc2XY9ZB.ltrans11.ltrans.o
                                        0x8fc (size before relaxing)
 .debug_str     0x0000000000002eb9       0x9f /tmp/cc2XY9ZB.ltrans12.ltrans.o
                                        0xd82 (size before relaxing)

.debug_frame    0x0000000000000000     0x1b28
 .debug_frame   0x0000000000000000       0xa8 /tmp/cc2XY9ZB.ltrans0.ltrans.o
 .debug_frame   0x00000000000000a8      0x2d8 /tmp/cc2XY9ZB.ltrans1.ltrans.o
 .debug_frame   0x0000000000000380      0x218 /tmp/cc2XY9ZB.ltrans2.ltrans.o
 .debug_frame   0x0000000000000598      0x158 /tmp/cc2XY9ZB.ltrans3.ltrans.o
 .debug_frame   0x00000000000006f0      0x1d8 /tmp/cc2XY9ZB.ltrans4.ltrans.o
 .debug_frame   0x00000000000008c8      0x248 /tmp/cc2XY9ZB.ltrans5.ltrans.o
 .debug_frame   0x0000000000000b10      0x1d8 /tmp/cc2XY9ZB.ltrans6.ltrans.o
 .debug_frame   0x0000000000000ce8      0x298 /tmp/cc2XY9ZB.ltrans7.ltrans.o
 .debug_frame   0x0000000000000f80      0x3c8 /tmp/cc2XY9ZB.ltrans8.ltrans.o
 .debug_frame   0x0000000000001348      0x1e8 /tmp/cc2XY9ZB.ltrans9.ltrans.o
 .debug_frame   0x0000000000001530      0x350 /tmp/cc2XY9ZB.ltrans10.ltrans.o
 .debug_frame   0x0000000000001880      0x1b8 /tmp/cc2XY9ZB.ltrans11.ltrans.o
 .debug_frame   0x0000000000001a38       0xf0 /tmp/cc2XY9ZB.ltrans12.ltrans.o
