Archive member included to satisfy reference by file (symbol)

/home/hcj/UEFIWorkspace/Build/MdeModule/DEBUG_GCC5/X64/MdeModulePkg/Universal/DisplayEngineDxe/DisplayEngineDxe/OUTPUT/DisplayEngine.lib(FormDisplay.obj)
                              (--whole-archive)
/home/hcj/UEFIWorkspace/Build/MdeModule/DEBUG_GCC5/X64/MdeModulePkg/Universal/DisplayEngineDxe/DisplayEngineDxe/OUTPUT/DisplayEngine.lib(ProcessOptions.obj)
                              (--whole-archive)
/home/hcj/UEFIWorkspace/Build/MdeModule/DEBUG_GCC5/X64/MdeModulePkg/Universal/DisplayEngineDxe/DisplayEngineDxe/OUTPUT/DisplayEngine.lib(InputHandler.obj)
                              (--whole-archive)
/home/hcj/UEFIWorkspace/Build/MdeModule/DEBUG_GCC5/X64/MdeModulePkg/Universal/DisplayEngineDxe/DisplayEngineDxe/OUTPUT/DisplayEngine.lib(Popup.obj)
                              (--whole-archive)
/home/hcj/UEFIWorkspace/Build/MdeModule/DEBUG_GCC5/X64/MdeModulePkg/Universal/DisplayEngineDxe/DisplayEngineDxe/OUTPUT/DisplayEngine.lib(AutoGen.obj)
                              (--whole-archive)
/home/hcj/UEFIWorkspace/Build/MdeModule/DEBUG_GCC5/X64/MdePkg/Library/RegisterFilterLibNull/RegisterFilterLibNull/OUTPUT/FilterLibNull.lib(RegisterFilterLibNull.obj)
                              (--whole-archive)
/home/hcj/UEFIWorkspace/Build/MdeModule/DEBUG_GCC5/X64/MdePkg/Library/BasePcdLibNull/BasePcdLibNull/OUTPUT/BasePcdLibNull.lib(PcdLib.obj)
                              (--whole-archive)
/home/hcj/UEFIWorkspace/Build/MdeModule/DEBUG_GCC5/X64/MdePkg/Library/BaseLib/BaseLib/OUTPUT/BaseLib.lib(CheckSum.obj)
                              (--whole-archive)
/home/hcj/UEFIWorkspace/Build/MdeModule/DEBUG_GCC5/X64/MdePkg/Library/BaseLib/BaseLib/OUTPUT/BaseLib.lib(SwitchStack.obj)
                              (--whole-archive)
/home/hcj/UEFIWorkspace/Build/MdeModule/DEBUG_GCC5/X64/MdePkg/Library/BaseLib/BaseLib/OUTPUT/BaseLib.lib(SwapBytes64.obj)
                              (--whole-archive)
/home/hcj/UEFIWorkspace/Build/MdeModule/DEBUG_GCC5/X64/MdePkg/Library/BaseLib/BaseLib/OUTPUT/BaseLib.lib(SwapBytes32.obj)
                              (--whole-archive)
/home/hcj/UEFIWorkspace/Build/MdeModule/DEBUG_GCC5/X64/MdePkg/Library/BaseLib/BaseLib/OUTPUT/BaseLib.lib(SwapBytes16.obj)
                              (--whole-archive)
/home/hcj/UEFIWorkspace/Build/MdeModule/DEBUG_GCC5/X64/MdePkg/Library/BaseLib/BaseLib/OUTPUT/BaseLib.lib(LongJump.obj)
                              (--whole-archive)
/home/hcj/UEFIWorkspace/Build/MdeModule/DEBUG_GCC5/X64/MdePkg/Library/BaseLib/BaseLib/OUTPUT/BaseLib.lib(SetJump.obj)
                              (--whole-archive)
/home/hcj/UEFIWorkspace/Build/MdeModule/DEBUG_GCC5/X64/MdePkg/Library/BaseLib/BaseLib/OUTPUT/BaseLib.lib(QuickSort.obj)
                              (--whole-archive)
/home/hcj/UEFIWorkspace/Build/MdeModule/DEBUG_GCC5/X64/MdePkg/Library/BaseLib/BaseLib/OUTPUT/BaseLib.lib(RShiftU64.obj)
                              (--whole-archive)
/home/hcj/UEFIWorkspace/Build/MdeModule/DEBUG_GCC5/X64/MdePkg/Library/BaseLib/BaseLib/OUTPUT/BaseLib.lib(RRotU64.obj)
                              (--whole-archive)
/home/hcj/UEFIWorkspace/Build/MdeModule/DEBUG_GCC5/X64/MdePkg/Library/BaseLib/BaseLib/OUTPUT/BaseLib.lib(RRotU32.obj)
                              (--whole-archive)
/home/hcj/UEFIWorkspace/Build/MdeModule/DEBUG_GCC5/X64/MdePkg/Library/BaseLib/BaseLib/OUTPUT/BaseLib.lib(MultU64x64.obj)
                              (--whole-archive)
/home/hcj/UEFIWorkspace/Build/MdeModule/DEBUG_GCC5/X64/MdePkg/Library/BaseLib/BaseLib/OUTPUT/BaseLib.lib(MultU64x32.obj)
                              (--whole-archive)
/home/hcj/UEFIWorkspace/Build/MdeModule/DEBUG_GCC5/X64/MdePkg/Library/BaseLib/BaseLib/OUTPUT/BaseLib.lib(MultS64x64.obj)
                              (--whole-archive)
/home/hcj/UEFIWorkspace/Build/MdeModule/DEBUG_GCC5/X64/MdePkg/Library/BaseLib/BaseLib/OUTPUT/BaseLib.lib(ModU64x32.obj)
                              (--whole-archive)
/home/hcj/UEFIWorkspace/Build/MdeModule/DEBUG_GCC5/X64/MdePkg/Library/BaseLib/BaseLib/OUTPUT/BaseLib.lib(LShiftU64.obj)
                              (--whole-archive)
/home/hcj/UEFIWorkspace/Build/MdeModule/DEBUG_GCC5/X64/MdePkg/Library/BaseLib/BaseLib/OUTPUT/BaseLib.lib(LRotU64.obj)
                              (--whole-archive)
/home/hcj/UEFIWorkspace/Build/MdeModule/DEBUG_GCC5/X64/MdePkg/Library/BaseLib/BaseLib/OUTPUT/BaseLib.lib(LRotU32.obj)
                              (--whole-archive)
/home/hcj/UEFIWorkspace/Build/MdeModule/DEBUG_GCC5/X64/MdePkg/Library/BaseLib/BaseLib/OUTPUT/BaseLib.lib(LowBitSet64.obj)
                              (--whole-archive)
/home/hcj/UEFIWorkspace/Build/MdeModule/DEBUG_GCC5/X64/MdePkg/Library/BaseLib/BaseLib/OUTPUT/BaseLib.lib(LowBitSet32.obj)
                              (--whole-archive)
/home/hcj/UEFIWorkspace/Build/MdeModule/DEBUG_GCC5/X64/MdePkg/Library/BaseLib/BaseLib/OUTPUT/BaseLib.lib(HighBitSet64.obj)
[...]
Memory Configuration

Name             Origin             Length             Attributes
*default*        0x0000000000000000 0xffffffffffffffff

Linker script and memory map

LOAD /tmp/ccY4CtUD.ltrans0.ltrans.o
LOAD /tmp/ccY4CtUD.ltrans1.ltrans.o
LOAD /tmp/ccY4CtUD.ltrans2.ltrans.o
LOAD /tmp/ccY4CtUD.ltrans3.ltrans.o
LOAD /tmp/ccY4CtUD.ltrans4.ltrans.o
LOAD /tmp/ccY4CtUD.ltrans5.ltrans.o
LOAD /tmp/ccY4CtUD.ltrans6.ltrans.o
LOAD /tmp/ccY4CtUD.ltrans7.ltrans.o
LOAD /tmp/ccY4CtUD.ltrans8.ltrans.o
LOAD /tmp/ccY4CtUD.ltrans9.ltrans.o
LOAD /tmp/ccY4CtUD.ltrans10.ltrans.o
LOAD /tmp/ccY4CtUD.ltrans11.ltrans.o
LOAD /tmp/ccY4CtUD.ltrans12.ltrans.o
LOAD /tmp/ccY4CtUD.ltrans13.ltrans.o
LOAD /tmp/ccY4CtUD.ltrans14.ltrans.o
LOAD /tmp/ccY4CtUD.ltrans15.ltrans.o
LOAD /tmp/ccY4CtUD.ltrans16.ltrans.o
START GROUP
LOAD /home/hcj/UEFIWorkspace/Build/MdeModule/DEBUG_GCC5/X64/MdeModulePkg/Universal/DisplayEngineDxe/DisplayEngineDxe/OUTPUT/DisplayEngine.lib
LOAD /home/hcj/UEFIWorkspace/Build/MdeModule/DEBUG_GCC5/X64/MdePkg/Library/RegisterFilterLibNull/RegisterFilterLibNull/OUTPUT/FilterLibNull.lib
LOAD /home/hcj/UEFIWorkspace/Build/MdeModule/DEBUG_GCC5/X64/MdePkg/Library/BasePcdLibNull/BasePcdLibNull/OUTPUT/BasePcdLibNull.lib
LOAD /home/hcj/UEFIWorkspace/Build/MdeModule/DEBUG_GCC5/X64/MdePkg/Library/BaseLib/BaseLib/OUTPUT/BaseLib.lib
LOAD /home/hcj/UEFIWorkspace/Build/MdeModule/DEBUG_GCC5/X64/MdePkg/Library/BaseMemoryLib/BaseMemoryLib/OUTPUT/BaseMemoryLib.lib
LOAD /home/hcj/UEFIWorkspace/Build/MdeModule/DEBUG_GCC5/X64/MdePkg/Library/BaseDebugLibNull/BaseDebugLibNull/OUTPUT/BaseDebugLibNull.lib
LOAD /home/hcj/UEFIWorkspace/Build/MdeModule/DEBUG_GCC5/X64/MdePkg/Library/UefiBootServicesTableLib/UefiBootServicesTableLib/OUTPUT/UefiBootServicesTableLib.lib
LOAD /home/hcj/UEFIWorkspace/Build/MdeModule/DEBUG_GCC5/X64/MdePkg/Library/UefiMemoryAllocationLib/UefiMemoryAllocationLib/OUTPUT/UefiMemoryAllocationLib.lib
LOAD /home/hcj/UEFIWorkspace/Build/MdeModule/DEBUG_GCC5/X64/MdePkg/Library/BasePrintLib/BasePrintLib/OUTPUT/BasePrintLib.lib
LOAD /home/hcj/UEFIWorkspace/Build/MdeModule/DEBUG_GCC5/X64/MdePkg/Library/UefiDevicePathLib/UefiDevicePathLib/OUTPUT/UefiDevicePathLib.lib
LOAD /home/hcj/UEFIWorkspace/Build/MdeModule/DEBUG_GCC5/X64/MdePkg/Library/UefiRuntimeServicesTableLib/UefiRuntimeServicesTableLib/OUTPUT/UefiRuntimeServicesTableLib.lib
LOAD /home/hcj/UEFIWorkspace/Build/MdeModule/DEBUG_GCC5/X64/MdeModulePkg/Library/UefiHiiServicesLib/UefiHiiServicesLib/OUTPUT/UefiHiiServicesLib.lib
LOAD /home/hcj/UEFIWorkspace/Build/MdeModule/DEBUG_GCC5/X64/MdePkg/Library/UefiLib/UefiLib/OUTPUT/UefiLib.lib
LOAD /home/hcj/UEFIWorkspace/Build/MdeModule/DEBUG_GCC5/X64/MdeModulePkg/Library/UefiHiiLib/UefiHiiLib/OUTPUT/UefiHiiLib.lib
LOAD /home/hcj/UEFIWorkspace/Build/MdeModule/DEBUG_GCC5/X64/MdePkg/Library/UefiDriverEntryPoint/UefiDriverEntryPoint/OUTPUT/UefiDriverEntryPoint.lib
LOAD /home/hcj/UEFIWorkspace/Build/MdeModule/DEBUG_GCC5/X64/MdeModulePkg/Library/CustomizedDisplayLib/CustomizedDisplayLib/OUTPUT/CustomizedDisplayLib.lib
END GROUP
                0x0000000000000228                PECOFF_HEADER_SIZE = 0x228
                0x0000000000000228                . = PECOFF_HEADER_SIZE

.text           0x0000000000000240     0xd4ba
 *(.text .text.* .stub .gnu.linkonce.t.*)
 .text.FormDisplay
                0x0000000000000240     0x2cda /tmp/ccY4CtUD.ltrans0.ltrans.o
                0x0000000000000240                FormDisplay
 .text.SetDisplayAttribute
                0x0000000000002f1a       0x66 /tmp/ccY4CtUD.ltrans1.ltrans.o
 .text.DisplayMenuString
                0x0000000000002f80       0x82 /tmp/ccY4CtUD.ltrans1.ltrans.o
 .text.GetIndexInfoForOpcode
                0x0000000000003002       0x62 /tmp/ccY4CtUD.ltrans1.ltrans.o
                0x0000000000003002                GetIndexInfoForOpcode
 .text.UpdateHighlightMenuInfo
                0x0000000000003064      0x1ba /tmp/ccY4CtUD.ltrans1.ltrans.o
                0x0000000000003064                UpdateHighlightMenuInfo
 .text.FindHighLightMenuOption
                0x000000000000321e      0x104 /tmp/ccY4CtUD.ltrans1.ltrans.o
                0x000000000000321e                FindHighLightMenuOption
 .text.AdjustDateAndTimePosition
                0x0000000000003322       0x5e /tmp/ccY4CtUD.ltrans1.ltrans.o
                0x0000000000003322                AdjustDateAndTimePosition
 .text.GetStringWidth
                0x0000000000003380       0x51 /tmp/ccY4CtUD.ltrans1.ltrans.o
                0x0000000000003380                GetStringWidth
 .text.GetLineByWidth
                0x00000000000033d1      0x1c3 /tmp/ccY4CtUD.ltrans1.ltrans.o
                0x00000000000033d1                GetLineByWidth
 .text.UpdateSkipInfoForMenu
                0x0000000000003594       0xba /tmp/ccY4CtUD.ltrans1.ltrans.o
 .text.GetToken
                0x000000000000364e       0x49 /tmp/ccY4CtUD.ltrans1.ltrans.o
                0x000000000000364e                GetToken
 .text.IsSelectable
                0x0000000000003697       0xc1 /tmp/ccY4CtUD.ltrans1.ltrans.o
                0x0000000000003697                IsSelectable
 .text.UpdateOptionSkipLines
                0x0000000000003758       0x99 /tmp/ccY4CtUD.ltrans1.ltrans.o
                0x0000000000003758                UpdateOptionSkipLines
 .text.FindTopOfScreenMenuOption
                0x00000000000037f1      0x10c /tmp/ccY4CtUD.ltrans1.ltrans.o
                0x00000000000037f1                FindTopOfScreenMenuOption
 .text.FindTopOfScreenMenu
                0x00000000000038fd       0x96 /tmp/ccY4CtUD.ltrans1.ltrans.o
                0x00000000000038fd                FindTopOfScreenMenu
 .text.MoveToNextStatement
                0x0000000000003993       0xbb /tmp/ccY4CtUD.ltrans1.ltrans.o
                0x0000000000003993                MoveToNextStatement
 .text.GetWidth
                0x0000000000003a4e       0xe6 /tmp/ccY4CtUD.ltrans1.ltrans.o
 .text.DisplayOneMenu
                0x0000000000003b34      0x6bb /tmp/ccY4CtUD.ltrans1.ltrans.o
                0x0000000000003b34                DisplayOneMenu
 .text.UiAddMenuOption
                0x00000000000041ef      0x228 /tmp/ccY4CtUD.ltrans1.ltrans.o
                0x00000000000041ef                UiAddMenuOption
 .text.ProcessOptions
                0x0000000000004417      0xf2b /tmp/ccY4CtUD.ltrans2.ltrans.o
                0x0000000000004417                ProcessOptions
 .text._ModuleEntryPoint
                0x0000000000005342      0x99c /tmp/ccY4CtUD.ltrans3.ltrans.o
                0x0000000000005342                _ModuleEntryPoint
 .text.ReadUnaligned64
                0x0000000000005cde        0x4 /tmp/ccY4CtUD.ltrans4.ltrans.o
 .text.HiiRemovePackages
                0x0000000000005ce2        0xd /tmp/ccY4CtUD.ltrans4.ltrans.o
                0x0000000000005ce2                HiiRemovePackages
 .text.UnicodeVSPrint
                0x0000000000005cef       0xaa /tmp/ccY4CtUD.ltrans4.ltrans.o
                0x0000000000005cef                UnicodeVSPrint
 .text.UnicodeSPrint
                0x0000000000005d99       0x1d /tmp/ccY4CtUD.ltrans4.ltrans.o
                0x0000000000005d99                UnicodeSPrint
 .text.BasePrintLibFillBuffer
                0x0000000000005db6       0x2e /tmp/ccY4CtUD.ltrans4.ltrans.o
                0x0000000000005db6                BasePrintLibFillBuffer
 .text.FreePool
                0x0000000000005de4        0xa /tmp/ccY4CtUD.ltrans4.ltrans.o
                0x0000000000005de4                FreePool
 .text._DriverUnloadHandler
                0x0000000000005dee      0x2b1 /tmp/ccY4CtUD.ltrans4.ltrans.o
                0x0000000000005dee                _DriverUnloadHandler
 .text.CompareGuid
                0x000000000000609f       0x42 /tmp/ccY4CtUD.ltrans4.ltrans.o
                0x000000000000609f                CompareGuid
 .text.CopyGuid
                0x00000000000060e1       0x27 /tmp/ccY4CtUD.ltrans4.ltrans.o
                0x00000000000060e1                CopyGuid
 .text.CopyMem  0x0000000000006108      0x201 /tmp/ccY4CtUD.ltrans4.ltrans.o
                0x0000000000006108                CopyMem
 .text.CompareMem
                0x0000000000006309       0x31 /tmp/ccY4CtUD.ltrans4.ltrans.o
                0x0000000000006309                CompareMem
 .text.ZeroMem  0x000000000000633a       0x9a /tmp/ccY4CtUD.ltrans4.ltrans.o
                0x000000000000633a                ZeroMem
 .text.AllocateZeroPool
                0x00000000000063d4       0xf9 /tmp/ccY4CtUD.ltrans4.ltrans.o
                0x00000000000063d4                AllocateZeroPool
 .text.HiiGetSupportedLanguages
                0x00000000000064cd       0x81 /tmp/ccY4CtUD.ltrans4.ltrans.o
                0x00000000000064cd                HiiGetSupportedLanguages
 .text.HiiAddPackages
                0x000000000000654e       0xf8 /tmp/ccY4CtUD.ltrans4.ltrans.o
                0x000000000000654e                HiiAddPackages
 .text.AsciiStrLen
                0x0000000000006646        0xe /tmp/ccY4CtUD.ltrans4.ltrans.o
                0x0000000000006646                AsciiStrLen
 .text.AsciiStrnCmp.part.4.lto_priv.27
                0x0000000000006654       0x47 /tmp/ccY4CtUD.ltrans4.ltrans.o
                0x0000000000006654                AsciiStrnCmp.part.4.lto_priv.27
 .text.BasePrintLibSPrintMarker.constprop.16
                0x000000000000669b      0xef6 /tmp/ccY4CtUD.ltrans5.ltrans.o
                0x000000000000669b                BasePrintLibSPrintMarker.constprop.16
 .text.SetUnicodeMem.constprop.15
                0x0000000000007591       0x13 /tmp/ccY4CtUD.ltrans5.ltrans.o
                0x0000000000007591                SetUnicodeMem.constprop.15
 .text.HiiSetString.constprop.14
                0x00000000000075a4      0x11f /tmp/ccY4CtUD.ltrans5.ltrans.o
                0x00000000000075a4                HiiSetString.constprop.14
 .text.CreateMultiStringPopUp.constprop.12
                0x00000000000076c3      0x2fe /tmp/ccY4CtUD.ltrans5.ltrans.o
                0x00000000000076c3                CreateMultiStringPopUp.constprop.12
 .text.InternalSafeStringNoStrOverlap
                0x00000000000079c1       0x29 /tmp/ccY4CtUD.ltrans6.ltrans.o
 .text.StrLen   0x00000000000079ea        0xf /tmp/ccY4CtUD.ltrans6.ltrans.o
                0x00000000000079ea                StrLen
 .text.StrCmp   0x00000000000079f9       0x1f /tmp/ccY4CtUD.ltrans6.ltrans.o
                0x00000000000079f9                StrCmp
 .text.AsciiStrnLenS
                0x0000000000007a18       0x26 /tmp/ccY4CtUD.ltrans6.ltrans.o
                0x0000000000007a18                AsciiStrnLenS
 .text.StrnLenS
                0x0000000000007a3e       0x27 /tmp/ccY4CtUD.ltrans6.ltrans.o
                0x0000000000007a3e                StrnLenS
 .text.StrCatS  0x0000000000007a65      0x14c /tmp/ccY4CtUD.ltrans6.ltrans.o
                0x0000000000007a65                StrCatS
 .text.StrnCpyS
                0x0000000000007bb1      0x150 /tmp/ccY4CtUD.ltrans6.ltrans.o
                0x0000000000007bb1                StrnCpyS
 .text.StrCpyS  0x0000000000007d01      0x12a /tmp/ccY4CtUD.ltrans6.ltrans.o
                0x0000000000007d01                StrCpyS
 .text.IsNull   0x0000000000007e2b        0x7 /tmp/ccY4CtUD.ltrans6.ltrans.o
                0x0000000000007e2b                IsNull
 .text.IsListEmpty
                0x0000000000007e32        0x7 /tmp/ccY4CtUD.ltrans6.ltrans.o
                0x0000000000007e32                IsListEmpty
 .text.RemoveEntryList
                0x0000000000007e39       0x19 /tmp/ccY4CtUD.ltrans6.ltrans.o
                0x0000000000007e39                RemoveEntryList
 .text.SwapListEntries
                0x0000000000007e52       0x61 /tmp/ccY4CtUD.ltrans6.ltrans.o
                0x0000000000007e52                SwapListEntries
 .text.GetNextNode
                0x0000000000007eb3        0x4 /tmp/ccY4CtUD.ltrans6.ltrans.o
                0x0000000000007eb3                GetNextNode
 .text.GetFirstNode
                0x0000000000007eb7        0x4 /tmp/ccY4CtUD.ltrans6.ltrans.o
                0x0000000000007eb7                GetFirstNode
 .text.SetValuesByType
                0x0000000000007ebb       0x30 /tmp/ccY4CtUD.ltrans7.ltrans.o
                0x0000000000007ebb                SetValuesByType
 .text.GetNumericInput
                0x0000000000007eeb      0xc78 /tmp/ccY4CtUD.ltrans7.ltrans.o
                0x0000000000007eeb                GetNumericInput
 .text.AddOneSelectableOption
                0x0000000000008b63       0xe7 /tmp/ccY4CtUD.ltrans8.ltrans.o
 .text.CreatePopup
                0x0000000000008c4a      0xbdd /tmp/ccY4CtUD.ltrans8.ltrans.o
                0x0000000000008c4a                CreatePopup
 .text.EmptyEventProcess
                0x0000000000009827        0x1 /tmp/ccY4CtUD.ltrans9.ltrans.o
                0x0000000000009827                EmptyEventProcess
 .text.DriverClearDisplayPage
                0x0000000000009828       0x3e /tmp/ccY4CtUD.ltrans9.ltrans.o
                0x0000000000009828                DriverClearDisplayPage
 .text.RefreshTimeOutProcess
                0x0000000000009866       0x81 /tmp/ccY4CtUD.ltrans9.ltrans.o
                0x0000000000009866                RefreshTimeOutProcess
 .text.SetArrayData
                0x00000000000098e7       0x27 /tmp/ccY4CtUD.ltrans9.ltrans.o
                0x00000000000098e7                SetArrayData
 .text.GetArrayData
                0x000000000000990e       0x2a /tmp/ccY4CtUD.ltrans9.ltrans.o
                0x000000000000990e                GetArrayData
 .text.PrintMismatchMenuInfo
                0x0000000000009938      0x2b7 /tmp/ccY4CtUD.ltrans9.ltrans.o
                0x0000000000009938                PrintMismatchMenuInfo
 .text.ValueToOption
                0x0000000000009bef       0xca /tmp/ccY4CtUD.ltrans9.ltrans.o
                0x0000000000009bef                ValueToOption
 .text.HiiValueToUINT64
                0x0000000000009cb9       0x35 /tmp/ccY4CtUD.ltrans9.ltrans.o
                0x0000000000009cb9                HiiValueToUINT64
 .text.NewStrCat
                0x0000000000009cee       0x3b /tmp/ccY4CtUD.ltrans9.ltrans.o
                0x0000000000009cee                NewStrCat
 .text.PrintFormattedNumber.constprop.8
                0x0000000000009d29       0x89 /tmp/ccY4CtUD.ltrans10.ltrans.o
                0x0000000000009d29                PrintFormattedNumber.constprop.8
 .text.CompareHiiValue.constprop.6
                0x0000000000009db2      0x267 /tmp/ccY4CtUD.ltrans10.ltrans.o
                0x0000000000009db2                CompareHiiValue.constprop.6
 .text.PrintAt  0x000000000000a019      0x1b7 /tmp/ccY4CtUD.ltrans10.ltrans.o
                0x000000000000a019                PrintAt
 .text.WaitForKeyStroke
                0x000000000000a1d0       0x70 /tmp/ccY4CtUD.ltrans10.ltrans.o
                0x000000000000a1d0                WaitForKeyStroke
 .text.GetFieldFromNum
                0x000000000000a240       0x25 /tmp/ccY4CtUD.ltrans10.ltrans.o
                0x000000000000a240                LibGetFieldFromNum
                0x000000000000a240                GetFieldFromNum
 .text.PrintHotKeyHelpString
                0x000000000000a265      0x245 /tmp/ccY4CtUD.ltrans10.ltrans.o
                0x000000000000a265                PrintHotKeyHelpString
 .text.LibGetStringWidth
                0x000000000000a4aa       0x51 /tmp/ccY4CtUD.ltrans10.ltrans.o
                0x000000000000a4aa                LibGetStringWidth
 .text.LibGetToken
                0x000000000000a4fb       0x49 /tmp/ccY4CtUD.ltrans10.ltrans.o
                0x000000000000a4fb                LibGetToken
 .text.ProcessUserOpcode
                0x000000000000a544      0x115 /tmp/ccY4CtUD.ltrans10.ltrans.o
                0x000000000000a544                ProcessUserOpcode
 .text.ClearLines
                0x000000000000a659      0x128 /tmp/ccY4CtUD.ltrans10.ltrans.o
                0x000000000000a659                ClearLines
 .text.PrintCharAt
                0x000000000000a781       0x26 /tmp/ccY4CtUD.ltrans10.ltrans.o
                0x000000000000a781                PrintCharAt
 .text.GetSelectionInputPopUp
                0x000000000000a7a7      0xb92 /tmp/ccY4CtUD.ltrans11.ltrans.o
                0x000000000000a7a7                GetSelectionInputPopUp
 .text.ReadString
                0x000000000000b339      0x7a9 /tmp/ccY4CtUD.ltrans12.ltrans.o
                0x000000000000b339                ReadString
 .text.ProcessHelpString
                0x000000000000bae2      0x12a /tmp/ccY4CtUD.ltrans12.ltrans.o
                0x000000000000bae2                ProcessHelpString
 .text.InsertTailList
                0x000000000000bc0c       0x16 /tmp/ccY4CtUD.ltrans13.ltrans.o
                0x000000000000bc0c                InsertTailList
 .text.InsertHeadList
                0x000000000000bc22       0x15 /tmp/ccY4CtUD.ltrans13.ltrans.o
                0x000000000000bc22                InsertHeadList
 .text.ProcessLibraryDestructorList
                0x000000000000bc37       0xf8 /tmp/ccY4CtUD.ltrans13.ltrans.o
                0x000000000000bc37                ProcessLibraryDestructorList
 .text.ParseMessageString.part.0.lto_priv.28
                0x000000000000bd2f      0x11c /tmp/ccY4CtUD.ltrans13.ltrans.o
                0x000000000000bd2f                ParseMessageString.part.0.lto_priv.28
 .text.PrintStringAtWithWidth
                0x000000000000be4b       0x26 /tmp/ccY4CtUD.ltrans14.ltrans.o
                0x000000000000be4b                PrintStringAtWithWidth
 .text.PrintStringAt
                0x000000000000be71       0x22 /tmp/ccY4CtUD.ltrans14.ltrans.o
                0x000000000000be71                PrintStringAt
 .text.CreateDialog
                0x000000000000be93      0x449 /tmp/ccY4CtUD.ltrans14.ltrans.o
                0x000000000000be93                CreateDialog
 .text.ConfirmDataChange
                0x000000000000c2dc       0xa8 /tmp/ccY4CtUD.ltrans14.ltrans.o
                0x000000000000c2dc                ConfirmDataChange
 .text.UpdateStatusBar
                0x000000000000c384      0x249 /tmp/ccY4CtUD.ltrans14.ltrans.o
                0x000000000000c384                UpdateStatusBar
 .text.GetBestLanguage.constprop.22
                0x000000000000c5cd       0xeb /tmp/ccY4CtUD.ltrans15.ltrans.o
 .text.InternalAllocatePool.constprop.26
                0x000000000000c6b8       0x37 /tmp/ccY4CtUD.ltrans15.ltrans.o
                0x000000000000c6b8                InternalAllocatePool.constprop.26
 .text.InternalAllocateCopyPool.constprop.25
                0x000000000000c6ef       0x35 /tmp/ccY4CtUD.ltrans15.ltrans.o
                0x000000000000c6ef                InternalAllocateCopyPool.constprop.25
 .text.HiiGetStringEx.constprop.19
                0x000000000000c724      0x252 /tmp/ccY4CtUD.ltrans15.ltrans.o
                0x000000000000c724                HiiGetStringEx.constprop.19
 .text.BasePrintLibSPrint.constprop.17
                0x000000000000c976       0xb8 /tmp/ccY4CtUD.ltrans15.ltrans.o
                0x000000000000c976                BasePrintLibSPrint.constprop.17
 .text.RefreshKeyHelp
                0x000000000000ca2e      0x6c9 /tmp/ccY4CtUD.ltrans16.ltrans.o
                0x000000000000ca2e                RefreshKeyHelp
 *(.rodata .rodata.* .gnu.linkonce.r.*)
 .rodata.str2.2
                0x000000000000d0f7        0x0 /tmp/ccY4CtUD.ltrans0.ltrans.o
                                          0x2 (size before relaxing)
 *fill*         0x000000000000d0f7        0x1 
 .rodata.FormDisplay
                0x000000000000d0f8       0x78 /tmp/ccY4CtUD.ltrans0.ltrans.o
 *fill*         0x000000000000d170       0x10 
 .rodata.gScreenOperationToControlFlag
                0x000000000000d180       0x50 /tmp/ccY4CtUD.ltrans0.ltrans.o
 *fill*         0x000000000000d1d0       0x10 
 .rodata.gScanCodeToOperation
                0x000000000000d1e0       0x38 /tmp/ccY4CtUD.ltrans0.ltrans.o
 .rodata.str2.2
                0x000000000000d218        0x2 /tmp/ccY4CtUD.ltrans1.ltrans.o
 .rodata.str2.2
                0x000000000000d218       0x1e /tmp/ccY4CtUD.ltrans2.ltrans.o
                                         0x24 (size before relaxing)
 .rodata.str2.2
                0x000000000000d236        0x4 /tmp/ccY4CtUD.ltrans3.ltrans.o
 .rodata._gDriverUnloadImageCount
                0x000000000000d23a        0x1 /tmp/ccY4CtUD.ltrans3.ltrans.o
                0x000000000000d23a                _gPcd_FixedAtBuild_PcdBrowserSubtitleTextColor
                0x000000000000d23a                _gDriverUnloadImageCount
 .rodata.mEndOfPakageList
                0x000000000000d23b        0x4 /tmp/ccY4CtUD.ltrans4.ltrans.o
 .rodata.str1.1
                0x000000000000d23f       0x82 /tmp/ccY4CtUD.ltrans5.ltrans.o
 *fill*         0x000000000000d2c1        0xf 
 .rodata.mHexStr
                0x000000000000d2d0       0x10 /tmp/ccY4CtUD.ltrans5.ltrans.o
 .rodata.mWarningString
                0x000000000000d2e0       0x96 /tmp/ccY4CtUD.ltrans5.ltrans.o
 *fill*         0x000000000000d376        0xa 
 .rodata.mErrorString
                0x000000000000d380      0x2b5 /tmp/ccY4CtUD.ltrans5.ltrans.o
 .rodata._gPcd_FixedAtBuild_PcdBrowserFieldBackgroundHighlightColor
                0x000000000000d635        0x1 /tmp/ccY4CtUD.ltrans6.ltrans.o
                0x000000000000d635                _gPcd_FixedAtBuild_PcdBrowerGrayOutReadOnlyMenu
                0x000000000000d635                _gPcd_FixedAtBuild_PcdVerifyNodeInList
                0x000000000000d635                _gPcd_FixedAtBuild_PcdBrowserGrayOutTextStatement
                0x000000000000d635                _gPcd_FixedAtBuild_PcdBrowserFieldTextColor
                0x000000000000d635                _gPcd_FixedAtBuild_PcdBrowserFieldBackgroundHighlightColor
 *fill*         0x000000000000d636        0x2 
 .rodata.SetValuesByType
                0x000000000000d638       0x14 /tmp/ccY4CtUD.ltrans7.ltrans.o
 .rodata.str2.2
                0x000000000000d64c        0x4 /tmp/ccY4CtUD.ltrans7.ltrans.o
                                         0x18 (size before relaxing)
 *fill*         0x000000000000d64c        0x4 
 .rodata.CSWTCH.56
                0x000000000000d650        0x8 /tmp/ccY4CtUD.ltrans7.ltrans.o
 .rodata.str2.2
                0x000000000000d658        0xe /tmp/ccY4CtUD.ltrans8.ltrans.o
                                         0x16 (size before relaxing)
 .rodata.str2.2
                0x000000000000d666        0x6 /tmp/ccY4CtUD.ltrans9.ltrans.o
 .rodata.HiiValueToUINT64
                0x000000000000d66c       0x1c /tmp/ccY4CtUD.ltrans9.ltrans.o
 .rodata.str2.2
                0x000000000000d688       0x18 /tmp/ccY4CtUD.ltrans10.ltrans.o
                                         0x20 (size before relaxing)
 .rodata._gPcd_FixedAtBuild_PcdFrontPageFormSetGuid
                0x000000000000d6a0       0x10 /tmp/ccY4CtUD.ltrans10.ltrans.o
 .rodata.str2.2
                0x000000000000d6b0        0x8 /tmp/ccY4CtUD.ltrans11.ltrans.o
 .rodata.GetSelectionInputPopUp
                0x000000000000d6b0       0x14 /tmp/ccY4CtUD.ltrans11.ltrans.o
 .rodata.str2.2
                0x000000000000d6c4        0x6 /tmp/ccY4CtUD.ltrans14.ltrans.o
                                          0xc (size before relaxing)
 .rodata.str1.1
                0x000000000000d6ca       0x82 /tmp/ccY4CtUD.ltrans15.ltrans.o
                                          0x1 (size before relaxing)
 .rodata.str2.2
                0x000000000000d6ca       0x1a /tmp/ccY4CtUD.ltrans15.ltrans.o
 .rodata.str2.2
                0x000000000000d6e4       0x16 /tmp/ccY4CtUD.ltrans16.ltrans.o
                                         0x24 (size before relaxing)
 *(.got .got.*)
 .got           0x000000000000d6fa        0x0 FormDisplay.obj (symbol from plugin)
 .got.plt       0x000000000000d6fa        0x0 FormDisplay.obj (symbol from plugin)
 *:AutoGen.obj(.data.g*Guid)

.plt            0x000000000000d700        0x0
 .plt           0x000000000000d700        0x0 FormDisplay.obj (symbol from plugin)

.plt.got        0x000000000000d700        0x0
 .plt.got       0x000000000000d700        0x0 FormDisplay.obj (symbol from plugin)

.data           0x000000000000d700     0x2230
 *(.data .data.* .gnu.linkonce.d.*)
 .data.gEdkiiFormBrowserEx2ProtocolGuid
                0x000000000000d700       0x10 /tmp/ccY4CtUD.ltrans3.ltrans.o
 .data.gEfiHiiPopupProtocolGuid
                0x000000000000d710       0x10 /tmp/ccY4CtUD.ltrans3.ltrans.o
 .data.gEdkiiFormDisplayEngineProtocolGuid
                0x000000000000d720       0x10 /tmp/ccY4CtUD.ltrans3.ltrans.o
 *fill*         0x000000000000d730       0x10 
 .data.rel.local.mPrivateData
                0x000000000000d740       0x38 /tmp/ccY4CtUD.ltrans3.ltrans.o
 *fill*         0x000000000000d778        0x8 
 .data.DisplayEngineStrings
                0x000000000000d780     0x15c6 /tmp/ccY4CtUD.ltrans3.ltrans.o
 *fill*         0x000000000000ed46        0xa 
 .data.gDisplayEngineGuid
                0x000000000000ed50       0x10 /tmp/ccY4CtUD.ltrans3.ltrans.o
 .data.gEfiHiiImageProtocolGuid
                0x000000000000ed60       0x10 /tmp/ccY4CtUD.ltrans3.ltrans.o
 .data.gEfiHiiFontProtocolGuid
                0x000000000000ed70       0x10 /tmp/ccY4CtUD.ltrans3.ltrans.o
 .data.gEfiHiiConfigRoutingProtocolGuid
                0x000000000000ed80       0x10 /tmp/ccY4CtUD.ltrans3.ltrans.o
 .data.gEfiHiiDatabaseProtocolGuid
                0x000000000000ed90       0x10 /tmp/ccY4CtUD.ltrans3.ltrans.o
 .data.gEfiHiiStringProtocolGuid
                0x000000000000eda0       0x10 /tmp/ccY4CtUD.ltrans3.ltrans.o
 *fill*         0x000000000000edb0       0x10 
 .data.CustomizedDisplayLibStrings
                0x000000000000edc0      0x6ea /tmp/ccY4CtUD.ltrans3.ltrans.o
 *fill*         0x000000000000f4aa        0x6 
 .data.gCustomizedDisplayLibGuid
                0x000000000000f4b0       0x10 /tmp/ccY4CtUD.ltrans3.ltrans.o
 .data.gEfiLoadedImageProtocolGuid
                0x000000000000f4c0       0x10 /tmp/ccY4CtUD.ltrans3.ltrans.o
 .data.gLibIsFirstForm
                0x000000000000f4d0        0x1 /tmp/ccY4CtUD.ltrans9.ltrans.o
                0x000000000000f4d0                gLibIsFirstForm
 .data.mIsFirstForm
                0x000000000000f4d1        0x1 /tmp/ccY4CtUD.ltrans9.ltrans.o
                0x000000000000f4d1                mIsFirstForm
 *fill*         0x000000000000f4d2        0xe 
 .data.gEfiIfrTianoGuid
                0x000000000000f4e0       0x10 /tmp/ccY4CtUD.ltrans10.ltrans.o
 .data.gEfiGlobalVariableGuid
                0x000000000000f4f0       0x10 /tmp/ccY4CtUD.ltrans15.ltrans.o
 .data.rel.ro   0x000000000000f500        0x0 FormDisplay.obj (symbol from plugin)
 *(.bss .bss.*)
 .bss.gModalSkipColumn
                0x000000000000f500        0x2 /tmp/ccY4CtUD.ltrans0.ltrans.o
                0x000000000000f500                gModalSkipColumn
 *fill*         0x000000000000f502        0xe 
 .bss.gMenuOption
                0x000000000000f510       0x10 /tmp/ccY4CtUD.ltrans0.ltrans.o
                0x000000000000f510                gMenuOption
 .bss.gPromptBlockWidth
                0x000000000000f520        0x2 /tmp/ccY4CtUD.ltrans0.ltrans.o
                0x000000000000f520                gPromptBlockWidth
 .bss.gMisMatch
                0x000000000000f522        0x1 /tmp/ccY4CtUD.ltrans2.ltrans.o
                0x000000000000f522                gMisMatch
 *fill*         0x000000000000f523        0x5 
 .bss.gPasswordUnsupported
                0x000000000000f528        0x8 /tmp/ccY4CtUD.ltrans3.ltrans.o
                0x000000000000f528                gPasswordUnsupported
 .bss.gConfirmMsgEnd
                0x000000000000f530        0x8 /tmp/ccY4CtUD.ltrans3.ltrans.o
                0x000000000000f530                gConfirmMsgEnd
 .bss.gConfirmMsgConnect
                0x000000000000f538        0x8 /tmp/ccY4CtUD.ltrans3.ltrans.o
                0x000000000000f538                gConfirmMsgConnect
 .bss.gInfoPopup
                0x000000000000f540        0x8 /tmp/ccY4CtUD.ltrans3.ltrans.o
                0x000000000000f540                gInfoPopup
 .bss.gWarningPopup
                0x000000000000f548        0x8 /tmp/ccY4CtUD.ltrans3.ltrans.o
                0x000000000000f548                gWarningPopup
 .bss.gErrorPopup
                0x000000000000f550        0x8 /tmp/ccY4CtUD.ltrans3.ltrans.o
                0x000000000000f550                gErrorPopup
 .bss.gCancelOption
                0x000000000000f558        0x8 /tmp/ccY4CtUD.ltrans3.ltrans.o
                0x000000000000f558                gCancelOption
 .bss.gOkOption
                0x000000000000f560        0x8 /tmp/ccY4CtUD.ltrans3.ltrans.o
                0x000000000000f560                gOkOption
 .bss.gNoOption
                0x000000000000f568        0x8 /tmp/ccY4CtUD.ltrans3.ltrans.o
                0x000000000000f568                gNoOption
 .bss.gYesOption
                0x000000000000f570        0x8 /tmp/ccY4CtUD.ltrans3.ltrans.o
                0x000000000000f570                gYesOption
 .bss.gConfirmOptCancel
                0x000000000000f578        0x8 /tmp/ccY4CtUD.ltrans3.ltrans.o
                0x000000000000f578                gConfirmOptCancel
 .bss.gConfirmOptOk
                0x000000000000f580        0x8 /tmp/ccY4CtUD.ltrans3.ltrans.o
                0x000000000000f580                gConfirmOptOk
 .bss.gConfirmOptNo
                0x000000000000f588        0x8 /tmp/ccY4CtUD.ltrans3.ltrans.o
                0x000000000000f588                gConfirmOptNo
 .bss.gConfirmOptYes
                0x000000000000f590        0x8 /tmp/ccY4CtUD.ltrans3.ltrans.o
                0x000000000000f590                gConfirmOptYes
 .bss.gConfirmOpt
                0x000000000000f598        0x8 /tmp/ccY4CtUD.ltrans3.ltrans.o
                0x000000000000f598                gConfirmOpt
 .bss.gConfirmExitMsg2nd
                0x000000000000f5a0        0x8 /tmp/ccY4CtUD.ltrans3.ltrans.o
                0x000000000000f5a0                gConfirmExitMsg2nd
 .bss.gConfirmResetMsg2nd
                0x000000000000f5a8        0x8 /tmp/ccY4CtUD.ltrans3.ltrans.o
                0x000000000000f5a8                gConfirmResetMsg2nd
 .bss.gConfirmSubmitMsg2nd
                0x000000000000f5b0        0x8 /tmp/ccY4CtUD.ltrans3.ltrans.o
                0x000000000000f5b0                gConfirmSubmitMsg2nd
 .bss.gConfirmDefaultMsg2nd
                0x000000000000f5b8        0x8 /tmp/ccY4CtUD.ltrans3.ltrans.o
                0x000000000000f5b8                gConfirmDefaultMsg2nd
 .bss.gConfirmExitMsg
                0x000000000000f5c0        0x8 /tmp/ccY4CtUD.ltrans3.ltrans.o
                0x000000000000f5c0                gConfirmExitMsg
 .bss.gConfirmResetMsg
                0x000000000000f5c8        0x8 /tmp/ccY4CtUD.ltrans3.ltrans.o
                0x000000000000f5c8                gConfirmResetMsg
 .bss.gConfirmSubmitMsg
                0x000000000000f5d0        0x8 /tmp/ccY4CtUD.ltrans3.ltrans.o
                0x000000000000f5d0                gConfirmSubmitMsg
 .bss.gConfirmDiscardMsg
                0x000000000000f5d8        0x8 /tmp/ccY4CtUD.ltrans3.ltrans.o
                0x000000000000f5d8                gConfirmDiscardMsg
 .bss.gConfirmDefaultMsg
                0x000000000000f5e0        0x8 /tmp/ccY4CtUD.ltrans3.ltrans.o
                0x000000000000f5e0                gConfirmDefaultMsg
 .bss.gBrowserError
                0x000000000000f5e8        0x8 /tmp/ccY4CtUD.ltrans3.ltrans.o
                0x000000000000f5e8                gBrowserError
 .bss.gNoSubmitIf
                0x000000000000f5f0        0x8 /tmp/ccY4CtUD.ltrans3.ltrans.o
                0x000000000000f5f0                gNoSubmitIf
 .bss.gFormNotFound
                0x000000000000f5f8        0x8 /tmp/ccY4CtUD.ltrans3.ltrans.o
                0x000000000000f5f8                gFormNotFound
 .bss.gProtocolNotFound
                0x000000000000f600        0x8 /tmp/ccY4CtUD.ltrans3.ltrans.o
                0x000000000000f600                gProtocolNotFound
 .bss.gFormSuppress
                0x000000000000f608        0x8 /tmp/ccY4CtUD.ltrans3.ltrans.o
                0x000000000000f608                gFormSuppress
 .bss.gOptionMismatch
                0x000000000000f610        0x8 /tmp/ccY4CtUD.ltrans3.ltrans.o
                0x000000000000f610                gOptionMismatch
 .bss.gMiniString
                0x000000000000f618        0x8 /tmp/ccY4CtUD.ltrans3.ltrans.o
                0x000000000000f618                gMiniString
 .bss.gEmptyString
                0x000000000000f620        0x8 /tmp/ccY4CtUD.ltrans3.ltrans.o
                0x000000000000f620                gEmptyString
 .bss.gPressEnter
                0x000000000000f628        0x8 /tmp/ccY4CtUD.ltrans3.ltrans.o
                0x000000000000f628                gPressEnter
 .bss.gPassowordInvalid
                0x000000000000f630        0x8 /tmp/ccY4CtUD.ltrans3.ltrans.o
                0x000000000000f630                gPassowordInvalid
 .bss.gConfirmError
                0x000000000000f638        0x8 /tmp/ccY4CtUD.ltrans3.ltrans.o
                0x000000000000f638                gConfirmError
 .bss.gConfirmPassword
                0x000000000000f640        0x8 /tmp/ccY4CtUD.ltrans3.ltrans.o
                0x000000000000f640                gConfirmPassword
 .bss.gPromptForNewPassword
                0x000000000000f648        0x8 /tmp/ccY4CtUD.ltrans3.ltrans.o
                0x000000000000f648                gPromptForNewPassword
 .bss.gPromptForPassword
                0x000000000000f650        0x8 /tmp/ccY4CtUD.ltrans3.ltrans.o
                0x000000000000f650                gPromptForPassword
 .bss.gPromptForData
                0x000000000000f658        0x8 /tmp/ccY4CtUD.ltrans3.ltrans.o
                0x000000000000f658                gPromptForData
 .bss.gCheckError
                0x000000000000f660        0x8 /tmp/ccY4CtUD.ltrans3.ltrans.o
                0x000000000000f660                gCheckError
 .bss.gJumpToFormSet
                0x000000000000f668        0x8 /tmp/ccY4CtUD.ltrans3.ltrans.o
                0x000000000000f668                gJumpToFormSet
 .bss.gDiscardChange
                0x000000000000f670        0x8 /tmp/ccY4CtUD.ltrans3.ltrans.o
                0x000000000000f670                gDiscardChange
 .bss.gSaveNoSubmitProcess
                0x000000000000f678        0x8 /tmp/ccY4CtUD.ltrans3.ltrans.o
                0x000000000000f678                gSaveNoSubmitProcess
 .bss.gSaveProcess
                0x000000000000f680        0x8 /tmp/ccY4CtUD.ltrans3.ltrans.o
                0x000000000000f680                gSaveProcess
 .bss.gChangesOpt
                0x000000000000f688        0x8 /tmp/ccY4CtUD.ltrans3.ltrans.o
                0x000000000000f688                gChangesOpt
 .bss.gReconnectRequired
                0x000000000000f690        0x8 /tmp/ccY4CtUD.ltrans3.ltrans.o
                0x000000000000f690                gReconnectRequired
 .bss.gReconnectFail
                0x000000000000f698        0x8 /tmp/ccY4CtUD.ltrans3.ltrans.o
                0x000000000000f698                gReconnectFail
 .bss.gNoSubmitIfFailed
                0x000000000000f6a0        0x8 /tmp/ccY4CtUD.ltrans3.ltrans.o
                0x000000000000f6a0                gNoSubmitIfFailed
 .bss.gSaveFailed
                0x000000000000f6a8        0x8 /tmp/ccY4CtUD.ltrans3.ltrans.o
                0x000000000000f6a8                gSaveFailed
 .bss.mUnknownString
                0x000000000000f6b0        0x8 /tmp/ccY4CtUD.ltrans3.ltrans.o
                0x000000000000f6b0                mUnknownString
 .bss.gReconnectConfirmChanges
                0x000000000000f6b8        0x8 /tmp/ccY4CtUD.ltrans3.ltrans.o
                0x000000000000f6b8                gReconnectConfirmChanges
 .bss.gOldFormEntry
                0x000000000000f6c0       0x38 /tmp/ccY4CtUD.ltrans3.ltrans.o
                0x000000000000f6c0                gOldFormEntry
 *fill*         0x000000000000f6f8        0x8 
 .bss.gHighligthMenuInfo
                0x000000000000f700       0x48 /tmp/ccY4CtUD.ltrans3.ltrans.o
                0x000000000000f700                gHighligthMenuInfo
 .bss.gHiiHandle
                0x000000000000f748        0x8 /tmp/ccY4CtUD.ltrans3.ltrans.o
                0x000000000000f748                gHiiHandle
 .bss.gImageHandle
                0x000000000000f750        0x8 /tmp/ccY4CtUD.ltrans3.ltrans.o
 .bss.gHiiImage
                0x000000000000f758        0x8 /tmp/ccY4CtUD.ltrans3.ltrans.o
 .bss.gHiiFont  0x000000000000f760        0x8 /tmp/ccY4CtUD.ltrans3.ltrans.o
 .bss.gHiiConfigRouting
                0x000000000000f768        0x8 /tmp/ccY4CtUD.ltrans3.ltrans.o
 .bss.gHiiDatabase
                0x000000000000f770        0x8 /tmp/ccY4CtUD.ltrans3.ltrans.o
                0x000000000000f770                gHiiDatabase
 .bss.mCDLStringPackHandle
                0x000000000000f778        0x8 /tmp/ccY4CtUD.ltrans3.ltrans.o
                0x000000000000f778                mCDLStringPackHandle
 .bss.gST       0x000000000000f780        0x8 /tmp/ccY4CtUD.ltrans5.ltrans.o
                0x000000000000f780                gST
 *fill*         0x000000000000f788       0x18 
 .bss.gStatementDimensions
                0x000000000000f7a0       0x20 /tmp/ccY4CtUD.ltrans5.ltrans.o
                0x000000000000f7a0                gStatementDimensions
 .bss.gOptionBlockWidth
                0x000000000000f7c0        0x2 /tmp/ccY4CtUD.ltrans7.ltrans.o
                0x000000000000f7c0                gOptionBlockWidth
 *fill*         0x000000000000f7c2        0xe 
 .bss.gUserSelectableOptions
                0x000000000000f7d0       0x10 /tmp/ccY4CtUD.ltrans8.ltrans.o
 .bss.gPopupDimensions
                0x000000000000f7e0       0x20 /tmp/ccY4CtUD.ltrans8.ltrans.o
 .bss.gMesStrLineNum
                0x000000000000f800        0x8 /tmp/ccY4CtUD.ltrans8.ltrans.o
 .bss.gMaxRowWidth
                0x000000000000f808        0x8 /tmp/ccY4CtUD.ltrans8.ltrans.o
 .bss.gMessageString
                0x000000000000f810        0x8 /tmp/ccY4CtUD.ltrans8.ltrans.o
 .bss.gBannerData
                0x000000000000f818        0x8 /tmp/ccY4CtUD.ltrans10.ltrans.o
                0x000000000000f818                gBannerData
 .bss.gClassOfVfr
                0x000000000000f820        0x2 /tmp/ccY4CtUD.ltrans10.ltrans.o
                0x000000000000f820                gClassOfVfr
 *fill*         0x000000000000f822        0x6 
 .bss.mLibUnknownString
                0x000000000000f828        0x8 /tmp/ccY4CtUD.ltrans10.ltrans.o
                0x000000000000f828                mLibUnknownString
 .bss.gLibEmptyString
                0x000000000000f830        0x8 /tmp/ccY4CtUD.ltrans10.ltrans.o
                0x000000000000f830                gLibEmptyString
 *fill*         0x000000000000f838        0x8 
 .bss.gScreenDimensions
                0x000000000000f840       0x20 /tmp/ccY4CtUD.ltrans10.ltrans.o
                0x000000000000f840                gScreenDimensions
 .bss.mSpaceBuffer
                0x000000000000f860        0x8 /tmp/ccY4CtUD.ltrans10.ltrans.o
                0x000000000000f860                mSpaceBuffer
 .bss.gUserInput
                0x000000000000f868        0x8 /tmp/ccY4CtUD.ltrans11.ltrans.o
                0x000000000000f868                gUserInput
 .bss.gDirection
                0x000000000000f870        0x2 /tmp/ccY4CtUD.ltrans11.ltrans.o
                0x000000000000f870                gDirection
 *fill*         0x000000000000f872        0x6 
 .bss.gFormData
                0x000000000000f878        0x8 /tmp/ccY4CtUD.ltrans11.ltrans.o
                0x000000000000f878                gFormData
 .bss.gHelpBlockWidth
                0x000000000000f880        0x2 /tmp/ccY4CtUD.ltrans12.ltrans.o
                0x000000000000f880                gHelpBlockWidth
 *fill*         0x000000000000f882        0x6 
 .bss.gNvUpdateMessage
                0x000000000000f888        0x8 /tmp/ccY4CtUD.ltrans14.ltrans.o
                0x000000000000f888                gNvUpdateMessage
 .bss.gInputErrorMessage
                0x000000000000f890        0x8 /tmp/ccY4CtUD.ltrans14.ltrans.o
                0x000000000000f890                gInputErrorMessage
 .bss.gSaveChanges
                0x000000000000f898        0x8 /tmp/ccY4CtUD.ltrans14.ltrans.o
                0x000000000000f898                gSaveChanges
 .bss.gAreYouSure
                0x000000000000f8a0        0x8 /tmp/ccY4CtUD.ltrans14.ltrans.o
                0x000000000000f8a0                gAreYouSure
 .bss.gNoResponse
                0x000000000000f8a8        0x8 /tmp/ccY4CtUD.ltrans14.ltrans.o
                0x000000000000f8a8                gNoResponse
 .bss.gYesResponse
                0x000000000000f8b0        0x8 /tmp/ccY4CtUD.ltrans14.ltrans.o
                0x000000000000f8b0                gYesResponse
 .bss.gRT       0x000000000000f8b8        0x8 /tmp/ccY4CtUD.ltrans15.ltrans.o
                0x000000000000f8b8                gRT
 .bss.gHiiString
                0x000000000000f8c0        0x8 /tmp/ccY4CtUD.ltrans15.ltrans.o
                0x000000000000f8c0                gHiiString
 .bss.gBS       0x000000000000f8c8        0x8 /tmp/ccY4CtUD.ltrans15.ltrans.o
                0x000000000000f8c8                gBS
 .bss.gToggleCheckBox
                0x000000000000f8d0        0x8 /tmp/ccY4CtUD.ltrans16.ltrans.o
                0x000000000000f8d0                gToggleCheckBox
 .bss.gEnterEscapeString
                0x000000000000f8d8        0x8 /tmp/ccY4CtUD.ltrans16.ltrans.o
                0x000000000000f8d8                gEnterEscapeString
 .bss.gMinusString
                0x000000000000f8e0        0x8 /tmp/ccY4CtUD.ltrans16.ltrans.o
                0x000000000000f8e0                gMinusString
 .bss.gPlusString
                0x000000000000f8e8        0x8 /tmp/ccY4CtUD.ltrans16.ltrans.o
                0x000000000000f8e8                gPlusString
 .bss.gDecNumericInput
                0x000000000000f8f0        0x8 /tmp/ccY4CtUD.ltrans16.ltrans.o
                0x000000000000f8f0                gDecNumericInput
 .bss.gHexNumericInput
                0x000000000000f8f8        0x8 /tmp/ccY4CtUD.ltrans16.ltrans.o
                0x000000000000f8f8                gHexNumericInput
 .bss.gEnterCommitString
                0x000000000000f900        0x8 /tmp/ccY4CtUD.ltrans16.ltrans.o
                0x000000000000f900                gEnterCommitString
 .bss.gAdjustNumber
                0x000000000000f908        0x8 /tmp/ccY4CtUD.ltrans16.ltrans.o
                0x000000000000f908                gAdjustNumber
 .bss.gEnterString
                0x000000000000f910        0x8 /tmp/ccY4CtUD.ltrans16.ltrans.o
                0x000000000000f910                gEnterString
 .bss.gMoveHighlight
                0x000000000000f918        0x8 /tmp/ccY4CtUD.ltrans16.ltrans.o
                0x000000000000f918                gMoveHighlight
 .bss.gEscapeString
                0x000000000000f920        0x8 /tmp/ccY4CtUD.ltrans16.ltrans.o
                0x000000000000f920                gEscapeString
 .bss.gFooterHeight
                0x000000000000f928        0x8 /tmp/ccY4CtUD.ltrans16.ltrans.o
                0x000000000000f928                gFooterHeight

.eh_frame       0x000000000000f940        0x0
 *(.eh_frame)
 .eh_frame      0x000000000000f940        0x0 FormDisplay.obj (symbol from plugin)
 .eh_frame      0x000000000000f940        0x0 FormDisplay.obj (symbol from plugin)

.dynbss         0x000000000000f940        0x0
 .dynbss        0x000000000000f940        0x0 FormDisplay.obj (symbol from plugin)

.gnu.version_d  0x000000000000f940        0x0
 .gnu.version_d
                0x000000000000f940        0x0 FormDisplay.obj (symbol from plugin)

.gnu.version    0x000000000000f940        0x0
 .gnu.version   0x000000000000f940        0x0 FormDisplay.obj (symbol from plugin)

.gnu.version_r  0x000000000000f940        0x0
 .gnu.version_r
                0x000000000000f940        0x0 FormDisplay.obj (symbol from plugin)

.rela           0x000000000000f940       0x60
 *(.rela .rela.*)
 .rela.plt      0x000000000000f940        0x0 FormDisplay.obj (symbol from plugin)
 .rela.got      0x000000000000f940        0x0 FormDisplay.obj (symbol from plugin)
 .rela.bss      0x000000000000f940        0x0 FormDisplay.obj (symbol from plugin)
 .rela.data.rel.ro
                0x000000000000f940        0x0 FormDisplay.obj (symbol from plugin)
 .rela.ifunc    0x000000000000f940        0x0 FormDisplay.obj (symbol from plugin)
 .rela.data.rel.local.mPrivateData
                0x000000000000f940       0x60 FormDisplay.obj (symbol from plugin)

.hii
 *(.hii)

.build-id       0x000000000000f9a0       0x24
 *(.note.gnu.build-id)
 .note.gnu.build-id
                0x000000000000f9a0       0x24 FormDisplay.obj (symbol from plugin)

/DISCARD/
 *(.note.GNU-stack)
 *(.gnu_debuglink)
 *(.interp)
 *(.dynsym)
 *(.dynstr)
 *(.dynamic)
 *(.hash .gnu.hash)
 *(.comment)
OUTPUT(/home/hcj/UEFIWorkspace/Build/MdeModule/DEBUG_GCC5/X64/MdeModulePkg/Universal/DisplayEngineDxe/DisplayEngineDxe/DEBUG/DisplayEngine.dll elf64-x86-64)

.debug_info     0x0000000000000000    0x1cb80
 .debug_info    0x0000000000000000     0x311f /tmp/ccY4CtUD.ltrans0.ltrans.o
 .debug_info    0x000000000000311f     0x237c /tmp/ccY4CtUD.ltrans1.ltrans.o
 .debug_info    0x000000000000549b     0x17a3 /tmp/ccY4CtUD.ltrans2.ltrans.o
 .debug_info    0x0000000000006c3e     0x4428 /tmp/ccY4CtUD.ltrans3.ltrans.o
 .debug_info    0x000000000000b066     0x14ce /tmp/ccY4CtUD.ltrans4.ltrans.o
 .debug_info    0x000000000000c534     0x2562 /tmp/ccY4CtUD.ltrans5.ltrans.o
 .debug_info    0x000000000000ea96      0x95d /tmp/ccY4CtUD.ltrans6.ltrans.o
 .debug_info    0x000000000000f3f3     0x1356 /tmp/ccY4CtUD.ltrans7.ltrans.o
 .debug_info    0x0000000000010749     0x17c6 /tmp/ccY4CtUD.ltrans8.ltrans.o
 .debug_info    0x0000000000011f0f     0x15b8 /tmp/ccY4CtUD.ltrans9.ltrans.o
 .debug_info    0x00000000000134c7     0x1cce /tmp/ccY4CtUD.ltrans10.ltrans.o
 .debug_info    0x0000000000015195     0x13e3 /tmp/ccY4CtUD.ltrans11.ltrans.o
 .debug_info    0x0000000000016578     0x11e8 /tmp/ccY4CtUD.ltrans12.ltrans.o
 .debug_info    0x0000000000017760     0x1bce /tmp/ccY4CtUD.ltrans13.ltrans.o
 .debug_info    0x000000000001932e      0x87b /tmp/ccY4CtUD.ltrans14.ltrans.o
 .debug_info    0x0000000000019ba9     0x1d93 /tmp/ccY4CtUD.ltrans15.ltrans.o
 .debug_info    0x000000000001b93c     0x1244 /tmp/ccY4CtUD.ltrans16.ltrans.o

.debug_abbrev   0x0000000000000000     0x3302
 .debug_abbrev  0x0000000000000000      0x32f /tmp/ccY4CtUD.ltrans0.ltrans.o
 .debug_abbrev  0x000000000000032f      0x437 /tmp/ccY4CtUD.ltrans1.ltrans.o
 .debug_abbrev  0x0000000000000766      0x287 /tmp/ccY4CtUD.ltrans2.ltrans.o
 .debug_abbrev  0x00000000000009ed      0x37d /tmp/ccY4CtUD.ltrans3.ltrans.o
 .debug_abbrev  0x0000000000000d6a      0x390 /tmp/ccY4CtUD.ltrans4.ltrans.o
 .debug_abbrev  0x00000000000010fa      0x2e0 /tmp/ccY4CtUD.ltrans5.ltrans.o
 .debug_abbrev  0x00000000000013da      0x2a7 /tmp/ccY4CtUD.ltrans6.ltrans.o
 .debug_abbrev  0x0000000000001681      0x313 /tmp/ccY4CtUD.ltrans7.ltrans.o
 .debug_abbrev  0x0000000000001994      0x2f3 /tmp/ccY4CtUD.ltrans8.ltrans.o
 .debug_abbrev  0x0000000000001c87      0x3d7 /tmp/ccY4CtUD.ltrans9.ltrans.o
 .debug_abbrev  0x000000000000205e      0x3b7 /tmp/ccY4CtUD.ltrans10.ltrans.o
 .debug_abbrev  0x0000000000002415      0x29d /tmp/ccY4CtUD.ltrans11.ltrans.o
 .debug_abbrev  0x00000000000026b2      0x295 /tmp/ccY4CtUD.ltrans12.ltrans.o
 .debug_abbrev  0x0000000000002947      0x348 /tmp/ccY4CtUD.ltrans13.ltrans.o
 .debug_abbrev  0x0000000000002c8f      0x1c6 /tmp/ccY4CtUD.ltrans14.ltrans.o
 .debug_abbrev  0x0000000000002e55      0x2ad /tmp/ccY4CtUD.ltrans15.ltrans.o
 .debug_abbrev  0x0000000000003102      0x200 /tmp/ccY4CtUD.ltrans16.ltrans.o

.debug_loc      0x0000000000000000    0x15309
 .debug_loc     0x0000000000000000     0x2ad2 /tmp/ccY4CtUD.ltrans0.ltrans.o
 .debug_loc     0x0000000000002ad2     0x2aa5 /tmp/ccY4CtUD.ltrans1.ltrans.o
 .debug_loc     0x0000000000005577     0x1de1 /tmp/ccY4CtUD.ltrans2.ltrans.o
 .debug_loc     0x0000000000007358      0x464 /tmp/ccY4CtUD.ltrans3.ltrans.o
 .debug_loc     0x00000000000077bc     0x1f63 /tmp/ccY4CtUD.ltrans4.ltrans.o
 .debug_loc     0x000000000000971f     0x1f4b /tmp/ccY4CtUD.ltrans5.ltrans.o
 .debug_loc     0x000000000000b66a      0x95d /tmp/ccY4CtUD.ltrans6.ltrans.o
 .debug_loc     0x000000000000bfc7     0x19d4 /tmp/ccY4CtUD.ltrans7.ltrans.o
 .debug_loc     0x000000000000d99b     0x12d4 /tmp/ccY4CtUD.ltrans8.ltrans.o
 .debug_loc     0x000000000000ec6f      0xaff /tmp/ccY4CtUD.ltrans9.ltrans.o
 .debug_loc     0x000000000000f76e     0x1bc8 /tmp/ccY4CtUD.ltrans10.ltrans.o
 .debug_loc     0x0000000000011336     0x12fd /tmp/ccY4CtUD.ltrans11.ltrans.o
 .debug_loc     0x0000000000012633      0xed5 /tmp/ccY4CtUD.ltrans12.ltrans.o
 .debug_loc     0x0000000000013508      0x45e /tmp/ccY4CtUD.ltrans13.ltrans.o
 .debug_loc     0x0000000000013966      0x7c6 /tmp/ccY4CtUD.ltrans14.ltrans.o
 .debug_loc     0x000000000001412c      0x7a9 /tmp/ccY4CtUD.ltrans15.ltrans.o
 .debug_loc     0x00000000000148d5      0xa34 /tmp/ccY4CtUD.ltrans16.ltrans.o

.debug_aranges  0x0000000000000000      0x870
 .debug_aranges
                0x0000000000000000       0x30 /tmp/ccY4CtUD.ltrans0.ltrans.o
 .debug_aranges
                0x0000000000000030      0x140 /tmp/ccY4CtUD.ltrans1.ltrans.o
 .debug_aranges
                0x0000000000000170       0x30 /tmp/ccY4CtUD.ltrans2.ltrans.o
 .debug_aranges
                0x00000000000001a0       0x30 /tmp/ccY4CtUD.ltrans3.ltrans.o
 .debug_aranges
                0x00000000000001d0      0x130 /tmp/ccY4CtUD.ltrans4.ltrans.o
 .debug_aranges
                0x0000000000000300       0x60 /tmp/ccY4CtUD.ltrans5.ltrans.o
 .debug_aranges
                0x0000000000000360      0x100 /tmp/ccY4CtUD.ltrans6.ltrans.o
 .debug_aranges
                0x0000000000000460       0x40 /tmp/ccY4CtUD.ltrans7.ltrans.o
 .debug_aranges
                0x00000000000004a0       0x40 /tmp/ccY4CtUD.ltrans8.ltrans.o
 .debug_aranges
                0x00000000000004e0       0xb0 /tmp/ccY4CtUD.ltrans9.ltrans.o
 .debug_aranges
                0x0000000000000590       0xd0 /tmp/ccY4CtUD.ltrans10.ltrans.o
 .debug_aranges
                0x0000000000000660       0x30 /tmp/ccY4CtUD.ltrans11.ltrans.o
 .debug_aranges
                0x0000000000000690       0x40 /tmp/ccY4CtUD.ltrans12.ltrans.o
 .debug_aranges
                0x00000000000006d0       0x90 /tmp/ccY4CtUD.ltrans13.ltrans.o
 .debug_aranges
                0x0000000000000760       0x70 /tmp/ccY4CtUD.ltrans14.ltrans.o
 .debug_aranges
                0x00000000000007d0       0x70 /tmp/ccY4CtUD.ltrans15.ltrans.o
 .debug_aranges
                0x0000000000000840       0x30 /tmp/ccY4CtUD.ltrans16.ltrans.o

.debug_ranges   0x0000000000000000     0x2510
 .debug_ranges  0x0000000000000000      0xc00 /tmp/ccY4CtUD.ltrans0.ltrans.o
 .debug_ranges  0x0000000000000c00      0x420 /tmp/ccY4CtUD.ltrans1.ltrans.o
 .debug_ranges  0x0000000000001020      0x150 /tmp/ccY4CtUD.ltrans2.ltrans.o
 .debug_ranges  0x0000000000001170      0x350 /tmp/ccY4CtUD.ltrans3.ltrans.o
 .debug_ranges  0x00000000000014c0      0x1d0 /tmp/ccY4CtUD.ltrans4.ltrans.o
 .debug_ranges  0x0000000000001690       0xf0 /tmp/ccY4CtUD.ltrans5.ltrans.o
 .debug_ranges  0x0000000000001780      0x190 /tmp/ccY4CtUD.ltrans6.ltrans.o
 .debug_ranges  0x0000000000001910       0x90 /tmp/ccY4CtUD.ltrans7.ltrans.o
 .debug_ranges  0x00000000000019a0      0x2f0 /tmp/ccY4CtUD.ltrans8.ltrans.o
 .debug_ranges  0x0000000000001c90      0x1f0 /tmp/ccY4CtUD.ltrans9.ltrans.o
 .debug_ranges  0x0000000000001e80      0x320 /tmp/ccY4CtUD.ltrans10.ltrans.o
 .debug_ranges  0x00000000000021a0       0x60 /tmp/ccY4CtUD.ltrans11.ltrans.o
 .debug_ranges  0x0000000000002200       0x60 /tmp/ccY4CtUD.ltrans12.ltrans.o
 .debug_ranges  0x0000000000002260       0xe0 /tmp/ccY4CtUD.ltrans13.ltrans.o
 .debug_ranges  0x0000000000002340       0x60 /tmp/ccY4CtUD.ltrans14.ltrans.o
 .debug_ranges  0x00000000000023a0       0xd0 /tmp/ccY4CtUD.ltrans15.ltrans.o
 .debug_ranges  0x0000000000002470       0xa0 /tmp/ccY4CtUD.ltrans16.ltrans.o

.debug_line     0x0000000000000000     0x675d
 .debug_line    0x0000000000000000      0xa4a /tmp/ccY4CtUD.ltrans0.ltrans.o
 .debug_line    0x0000000000000a4a      0x8d0 /tmp/ccY4CtUD.ltrans1.ltrans.o
 .debug_line    0x000000000000131a      0x54a /tmp/ccY4CtUD.ltrans2.ltrans.o
 .debug_line    0x0000000000001864      0x926 /tmp/ccY4CtUD.ltrans3.ltrans.o
 .debug_line    0x000000000000218a      0x7c0 /tmp/ccY4CtUD.ltrans4.ltrans.o
 .debug_line    0x000000000000294a      0x831 /tmp/ccY4CtUD.ltrans5.ltrans.o
 .debug_line    0x000000000000317b      0x3aa /tmp/ccY4CtUD.ltrans6.ltrans.o
 .debug_line    0x0000000000003525      0x5a4 /tmp/ccY4CtUD.ltrans7.ltrans.o
 .debug_line    0x0000000000003ac9      0x59e /tmp/ccY4CtUD.ltrans8.ltrans.o
 .debug_line    0x0000000000004067      0x5a7 /tmp/ccY4CtUD.ltrans9.ltrans.o
 .debug_line    0x000000000000460e      0x769 /tmp/ccY4CtUD.ltrans10.ltrans.o
 .debug_line    0x0000000000004d77      0x4c2 /tmp/ccY4CtUD.ltrans11.ltrans.o
 .debug_line    0x0000000000005239      0x3ce /tmp/ccY4CtUD.ltrans12.ltrans.o
 .debug_line    0x0000000000005607      0x4b1 /tmp/ccY4CtUD.ltrans13.ltrans.o
 .debug_line    0x0000000000005ab8      0x328 /tmp/ccY4CtUD.ltrans14.ltrans.o
 .debug_line    0x0000000000005de0      0x624 /tmp/ccY4CtUD.ltrans15.ltrans.o
 .debug_line    0x0000000000006404      0x359 /tmp/ccY4CtUD.ltrans16.ltrans.o

.debug_str      0x0000000000000000     0x53db
 .debug_str     0x0000000000000000      0xd6d /tmp/ccY4CtUD.ltrans0.ltrans.o
                                       0x1004 (size before relaxing)
 .debug_str     0x0000000000000d6d      0x557 /tmp/ccY4CtUD.ltrans1.ltrans.o
                                        0xdf6 (size before relaxing)
 .debug_str     0x00000000000012c4      0x13f /tmp/ccY4CtUD.ltrans2.ltrans.o
                                        0xa10 (size before relaxing)
 .debug_str     0x0000000000001403     0x245f /tmp/ccY4CtUD.ltrans3.ltrans.o
                                       0x2df7 (size before relaxing)
 .debug_str     0x0000000000003862      0x3f0 /tmp/ccY4CtUD.ltrans4.ltrans.o
                                        0x9b6 (size before relaxing)
 .debug_str     0x0000000000003c52      0x3ae /tmp/ccY4CtUD.ltrans5.ltrans.o
                                       0x184f (size before relaxing)
 .debug_str     0x0000000000004000      0x23b /tmp/ccY4CtUD.ltrans6.ltrans.o
                                        0x59f (size before relaxing)
 .debug_str     0x000000000000423b      0x1ad /tmp/ccY4CtUD.ltrans7.ltrans.o
                                        0xa2e (size before relaxing)
 .debug_str     0x00000000000043e8      0x2a0 /tmp/ccY4CtUD.ltrans8.ltrans.o
                                        0xac4 (size before relaxing)
 .debug_str     0x0000000000004688      0x238 /tmp/ccY4CtUD.ltrans9.ltrans.o
                                        0xdba (size before relaxing)
 .debug_str     0x00000000000048c0      0x32a /tmp/ccY4CtUD.ltrans10.ltrans.o
                                        0xdff (size before relaxing)
 .debug_str     0x0000000000004bea      0x13d /tmp/ccY4CtUD.ltrans11.ltrans.o
                                        0xa98 (size before relaxing)
 .debug_str     0x0000000000004d27       0xdc /tmp/ccY4CtUD.ltrans12.ltrans.o
                                        0x9f2 (size before relaxing)
 .debug_str     0x0000000000004e03      0x157 /tmp/ccY4CtUD.ltrans13.ltrans.o
                                       0x1551 (size before relaxing)
 .debug_str     0x0000000000004f5a       0xcf /tmp/ccY4CtUD.ltrans14.ltrans.o
                                        0x4a0 (size before relaxing)
 .debug_str     0x0000000000005029      0x226 /tmp/ccY4CtUD.ltrans15.ltrans.o
                                       0x13da (size before relaxing)
 .debug_str     0x000000000000524f      0x18c /tmp/ccY4CtUD.ltrans16.ltrans.o
                                        0x973 (size before relaxing)

.debug_frame    0x0000000000000000     0x20e8
 .debug_frame   0x0000000000000000       0xa8 /tmp/ccY4CtUD.ltrans0.ltrans.o
 .debug_frame   0x00000000000000a8      0x5c8 /tmp/ccY4CtUD.ltrans1.ltrans.o
 .debug_frame   0x0000000000000670      0x280 /tmp/ccY4CtUD.ltrans2.ltrans.o
 .debug_frame   0x00000000000008f0       0x78 /tmp/ccY4CtUD.ltrans3.ltrans.o
 .debug_frame   0x0000000000000968      0x310 /tmp/ccY4CtUD.ltrans4.ltrans.o
 .debug_frame   0x0000000000000c78      0x1f0 /tmp/ccY4CtUD.ltrans5.ltrans.o
 .debug_frame   0x0000000000000e68      0x268 /tmp/ccY4CtUD.ltrans6.ltrans.o
 .debug_frame   0x00000000000010d0      0x138 /tmp/ccY4CtUD.ltrans7.ltrans.o
 .debug_frame   0x0000000000001208       0xf8 /tmp/ccY4CtUD.ltrans8.ltrans.o
 .debug_frame   0x0000000000001300      0x200 /tmp/ccY4CtUD.ltrans9.ltrans.o
 .debug_frame   0x0000000000001500      0x348 /tmp/ccY4CtUD.ltrans10.ltrans.o
 .debug_frame   0x0000000000001848      0x1a8 /tmp/ccY4CtUD.ltrans11.ltrans.o
 .debug_frame   0x00000000000019f0      0x1b0 /tmp/ccY4CtUD.ltrans12.ltrans.o
 .debug_frame   0x0000000000001ba0      0x118 /tmp/ccY4CtUD.ltrans13.ltrans.o
 .debug_frame   0x0000000000001cb8      0x1b8 /tmp/ccY4CtUD.ltrans14.ltrans.o
 .debug_frame   0x0000000000001e70      0x1a0 /tmp/ccY4CtUD.ltrans15.ltrans.o
 .debug_frame   0x0000000000002010       0xd8 /tmp/ccY4CtUD.ltrans16.ltrans.o
