Archive member included to satisfy reference by file (symbol)

/home/hcj/UEFIWorkspace/Build/OvmfX64/DEBUG_GCC5/X64/MdeModulePkg/Application/UiApp/UiApp/OUTPUT/UiApp.lib(FrontPageVfr.obj)
                              (--whole-archive)
/home/hcj/UEFIWorkspace/Build/OvmfX64/DEBUG_GCC5/X64/MdeModulePkg/Application/UiApp/UiApp/OUTPUT/UiApp.lib(FrontPage.obj)
                              (--whole-archive)
/home/hcj/UEFIWorkspace/Build/OvmfX64/DEBUG_GCC5/X64/MdeModulePkg/Application/UiApp/UiApp/OUTPUT/UiApp.lib(String.obj)
                              (--whole-archive)
/home/hcj/UEFIWorkspace/Build/OvmfX64/DEBUG_GCC5/X64/MdeModulePkg/Application/UiApp/UiApp/OUTPUT/UiApp.lib(FrontPageCustomizedUi.obj)
                              (--whole-archive)
/home/hcj/UEFIWorkspace/Build/OvmfX64/DEBUG_GCC5/X64/MdeModulePkg/Application/UiApp/UiApp/OUTPUT/UiApp.lib(FrontPageCustomizedUiSupport.obj)
                              (--whole-archive)
/home/hcj/UEFIWorkspace/Build/OvmfX64/DEBUG_GCC5/X64/MdeModulePkg/Application/UiApp/UiApp/OUTPUT/UiApp.lib(AutoGen.obj)
                              (--whole-archive)
/home/hcj/UEFIWorkspace/Build/OvmfX64/DEBUG_GCC5/X64/MdePkg/Library/RegisterFilterLibNull/RegisterFilterLibNull/OUTPUT/FilterLibNull.lib(RegisterFilterLibNull.obj)
                              (--whole-archive)
/home/hcj/UEFIWorkspace/Build/OvmfX64/DEBUG_GCC5/X64/MdePkg/Library/DxePcdLib/DxePcdLib/OUTPUT/DxePcdLib.lib(DxePcdLib.obj)
                              (--whole-archive)
/home/hcj/UEFIWorkspace/Build/OvmfX64/DEBUG_GCC5/X64/MdePkg/Library/BaseMemoryLibRepStr/BaseMemoryLibRepStr/OUTPUT/BaseMemoryLibRepStr.lib(ScanMem64Wrapper.obj)
                              (--whole-archive)
/home/hcj/UEFIWorkspace/Build/OvmfX64/DEBUG_GCC5/X64/MdePkg/Library/BaseMemoryLibRepStr/BaseMemoryLibRepStr/OUTPUT/BaseMemoryLibRepStr.lib(ScanMem32Wrapper.obj)
                              (--whole-archive)
/home/hcj/UEFIWorkspace/Build/OvmfX64/DEBUG_GCC5/X64/MdePkg/Library/BaseMemoryLibRepStr/BaseMemoryLibRepStr/OUTPUT/BaseMemoryLibRepStr.lib(ScanMem16Wrapper.obj)
                              (--whole-archive)
/home/hcj/UEFIWorkspace/Build/OvmfX64/DEBUG_GCC5/X64/MdePkg/Library/BaseMemoryLibRepStr/BaseMemoryLibRepStr/OUTPUT/BaseMemoryLibRepStr.lib(ScanMem8Wrapper.obj)
                              (--whole-archive)
/home/hcj/UEFIWorkspace/Build/OvmfX64/DEBUG_GCC5/X64/MdePkg/Library/BaseMemoryLibRepStr/BaseMemoryLibRepStr/OUTPUT/BaseMemoryLibRepStr.lib(ZeroMemWrapper.obj)
                              (--whole-archive)
/home/hcj/UEFIWorkspace/Build/OvmfX64/DEBUG_GCC5/X64/MdePkg/Library/BaseMemoryLibRepStr/BaseMemoryLibRepStr/OUTPUT/BaseMemoryLibRepStr.lib(CompareMemWrapper.obj)
                              (--whole-archive)
/home/hcj/UEFIWorkspace/Build/OvmfX64/DEBUG_GCC5/X64/MdePkg/Library/BaseMemoryLibRepStr/BaseMemoryLibRepStr/OUTPUT/BaseMemoryLibRepStr.lib(SetMem64Wrapper.obj)
                              (--whole-archive)
/home/hcj/UEFIWorkspace/Build/OvmfX64/DEBUG_GCC5/X64/MdePkg/Library/BaseMemoryLibRepStr/BaseMemoryLibRepStr/OUTPUT/BaseMemoryLibRepStr.lib(SetMem32Wrapper.obj)
                              (--whole-archive)
/home/hcj/UEFIWorkspace/Build/OvmfX64/DEBUG_GCC5/X64/MdePkg/Library/BaseMemoryLibRepStr/BaseMemoryLibRepStr/OUTPUT/BaseMemoryLibRepStr.lib(SetMem16Wrapper.obj)
                              (--whole-archive)
/home/hcj/UEFIWorkspace/Build/OvmfX64/DEBUG_GCC5/X64/MdePkg/Library/BaseMemoryLibRepStr/BaseMemoryLibRepStr/OUTPUT/BaseMemoryLibRepStr.lib(SetMemWrapper.obj)
                              (--whole-archive)
/home/hcj/UEFIWorkspace/Build/OvmfX64/DEBUG_GCC5/X64/MdePkg/Library/BaseMemoryLibRepStr/BaseMemoryLibRepStr/OUTPUT/BaseMemoryLibRepStr.lib(CopyMemWrapper.obj)
                              (--whole-archive)
/home/hcj/UEFIWorkspace/Build/OvmfX64/DEBUG_GCC5/X64/MdePkg/Library/BaseMemoryLibRepStr/BaseMemoryLibRepStr/OUTPUT/BaseMemoryLibRepStr.lib(IsZeroBufferWrapper.obj)
                              (--whole-archive)
/home/hcj/UEFIWorkspace/Build/OvmfX64/DEBUG_GCC5/X64/MdePkg/Library/BaseMemoryLibRepStr/BaseMemoryLibRepStr/OUTPUT/BaseMemoryLibRepStr.lib(MemLibGuid.obj)
                              (--whole-archive)
/home/hcj/UEFIWorkspace/Build/OvmfX64/DEBUG_GCC5/X64/MdePkg/Library/BaseMemoryLibRepStr/BaseMemoryLibRepStr/OUTPUT/BaseMemoryLibRepStr.lib(ScanMem64.obj)
                              (--whole-archive)
/home/hcj/UEFIWorkspace/Build/OvmfX64/DEBUG_GCC5/X64/MdePkg/Library/BaseMemoryLibRepStr/BaseMemoryLibRepStr/OUTPUT/BaseMemoryLibRepStr.lib(ScanMem32.obj)
                              (--whole-archive)
/home/hcj/UEFIWorkspace/Build/OvmfX64/DEBUG_GCC5/X64/MdePkg/Library/BaseMemoryLibRepStr/BaseMemoryLibRepStr/OUTPUT/BaseMemoryLibRepStr.lib(ScanMem16.obj)
                              (--whole-archive)
/home/hcj/UEFIWorkspace/Build/OvmfX64/DEBUG_GCC5/X64/MdePkg/Library/BaseMemoryLibRepStr/BaseMemoryLibRepStr/OUTPUT/BaseMemoryLibRepStr.lib(ScanMem8.obj)
[...]
Memory Configuration

Name             Origin             Length             Attributes
*default*        0x0000000000000000 0xffffffffffffffff

Linker script and memory map

LOAD /tmp/ccpQv0sW.ltrans0.ltrans.o
LOAD /tmp/ccpQv0sW.ltrans1.ltrans.o
LOAD /tmp/ccpQv0sW.ltrans2.ltrans.o
LOAD /tmp/ccpQv0sW.ltrans3.ltrans.o
LOAD /tmp/ccpQv0sW.ltrans4.ltrans.o
LOAD /tmp/ccpQv0sW.ltrans5.ltrans.o
LOAD /tmp/ccpQv0sW.ltrans6.ltrans.o
LOAD /tmp/ccpQv0sW.ltrans7.ltrans.o
LOAD /tmp/ccpQv0sW.ltrans8.ltrans.o
LOAD /tmp/ccpQv0sW.ltrans9.ltrans.o
LOAD /tmp/ccpQv0sW.ltrans10.ltrans.o
LOAD /tmp/ccpQv0sW.ltrans11.ltrans.o
LOAD /tmp/ccpQv0sW.ltrans12.ltrans.o
LOAD /tmp/ccpQv0sW.ltrans13.ltrans.o
LOAD /tmp/ccpQv0sW.ltrans14.ltrans.o
LOAD /tmp/ccpQv0sW.ltrans15.ltrans.o
LOAD /tmp/ccpQv0sW.ltrans16.ltrans.o
LOAD /tmp/ccpQv0sW.ltrans17.ltrans.o
LOAD /tmp/ccpQv0sW.ltrans18.ltrans.o
LOAD /tmp/ccpQv0sW.ltrans19.ltrans.o
LOAD /tmp/ccpQv0sW.ltrans20.ltrans.o
LOAD /tmp/ccpQv0sW.ltrans21.ltrans.o
LOAD /tmp/ccpQv0sW.ltrans22.ltrans.o
LOAD /tmp/ccpQv0sW.ltrans23.ltrans.o
LOAD /tmp/ccpQv0sW.ltrans24.ltrans.o
LOAD /tmp/ccpQv0sW.ltrans25.ltrans.o
LOAD /tmp/ccpQv0sW.ltrans26.ltrans.o
LOAD /tmp/ccpQv0sW.ltrans27.ltrans.o
LOAD /tmp/ccpQv0sW.ltrans28.ltrans.o
LOAD /tmp/ccpQv0sW.ltrans29.ltrans.o
START GROUP
LOAD /home/hcj/UEFIWorkspace/Build/OvmfX64/DEBUG_GCC5/X64/MdeModulePkg/Application/UiApp/UiApp/OUTPUT/UiApp.lib
LOAD /home/hcj/UEFIWorkspace/Build/OvmfX64/DEBUG_GCC5/X64/MdePkg/Library/RegisterFilterLibNull/RegisterFilterLibNull/OUTPUT/FilterLibNull.lib
LOAD /home/hcj/UEFIWorkspace/Build/OvmfX64/DEBUG_GCC5/X64/MdePkg/Library/DxePcdLib/DxePcdLib/OUTPUT/DxePcdLib.lib
LOAD /home/hcj/UEFIWorkspace/Build/OvmfX64/DEBUG_GCC5/X64/MdePkg/Library/BaseMemoryLibRepStr/BaseMemoryLibRepStr/OUTPUT/BaseMemoryLibRepStr.lib
LOAD /home/hcj/UEFIWorkspace/Build/OvmfX64/DEBUG_GCC5/X64/MdePkg/Library/BaseLib/BaseLib/OUTPUT/BaseLib.lib
LOAD /home/hcj/UEFIWorkspace/Build/OvmfX64/DEBUG_GCC5/X64/MdePkg/Library/BaseDebugPrintErrorLevelLib/BaseDebugPrintErrorLevelLib/OUTPUT/BaseDebugPrintErrorLevelLib.lib
LOAD /home/hcj/UEFIWorkspace/Build/OvmfX64/DEBUG_GCC5/X64/MdePkg/Library/BaseIoLibIntrinsic/BaseIoLibIntrinsicSev/OUTPUT/BaseIoLibIntrinsicSev.lib
LOAD /home/hcj/UEFIWorkspace/Build/OvmfX64/DEBUG_GCC5/X64/MdePkg/Library/BasePrintLib/BasePrintLib/OUTPUT/BasePrintLib.lib
LOAD /home/hcj/UEFIWorkspace/Build/OvmfX64/DEBUG_GCC5/X64/OvmfPkg/Library/PlatformDebugLibIoPort/PlatformDebugLibIoPort/OUTPUT/PlatformDebugLibIoPort.lib
LOAD /home/hcj/UEFIWorkspace/Build/OvmfX64/DEBUG_GCC5/X64/MdePkg/Library/UefiBootServicesTableLib/UefiBootServicesTableLib/OUTPUT/UefiBootServicesTableLib.lib
LOAD /home/hcj/UEFIWorkspace/Build/OvmfX64/DEBUG_GCC5/X64/MdePkg/Library/UefiMemoryAllocationLib/UefiMemoryAllocationLib/OUTPUT/UefiMemoryAllocationLib.lib
LOAD /home/hcj/UEFIWorkspace/Build/OvmfX64/DEBUG_GCC5/X64/MdePkg/Library/UefiRuntimeServicesTableLib/UefiRuntimeServicesTableLib/OUTPUT/UefiRuntimeServicesTableLib.lib
LOAD /home/hcj/UEFIWorkspace/Build/OvmfX64/DEBUG_GCC5/X64/MdePkg/Library/UefiDevicePathLibDevicePathProtocol/UefiDevicePathLibDevicePathProtocol/OUTPUT/UefiDevicePathLibDevicePathProtocol.lib
LOAD /home/hcj/UEFIWorkspace/Build/OvmfX64/DEBUG_GCC5/X64/MdePkg/Library/UefiLib/UefiLib/OUTPUT/UefiLib.lib
LOAD /home/hcj/UEFIWorkspace/Build/OvmfX64/DEBUG_GCC5/X64/MdePkg/Library/DxeHobLib/DxeHobLib/OUTPUT/DxeHobLib.lib
LOAD /home/hcj/UEFIWorkspace/Build/OvmfX64/DEBUG_GCC5/X64/MdeModulePkg/Library/UefiHiiServicesLib/UefiHiiServicesLib/OUTPUT/UefiHiiServicesLib.lib
LOAD /home/hcj/UEFIWorkspace/Build/OvmfX64/DEBUG_GCC5/X64/MdeModulePkg/Library/UefiSortLib/UefiSortLib/OUTPUT/UefiSortLib.lib
LOAD /home/hcj/UEFIWorkspace/Build/OvmfX64/DEBUG_GCC5/X64/MdePkg/Library/DxeServicesLib/DxeServicesLib/OUTPUT/DxeServicesLib.lib
LOAD /home/hcj/UEFIWorkspace/Build/OvmfX64/DEBUG_GCC5/X64/MdePkg/Library/DxeServicesTableLib/DxeServicesTableLib/OUTPUT/DxeServicesTableLib.lib
LOAD /home/hcj/UEFIWorkspace/Build/OvmfX64/DEBUG_GCC5/X64/MdePkg/Library/BasePeCoffGetEntryPointLib/BasePeCoffGetEntryPointLib/OUTPUT/BasePeCoffGetEntryPointLib.lib
LOAD /home/hcj/UEFIWorkspace/Build/OvmfX64/DEBUG_GCC5/X64/MdePkg/Library/BasePerformanceLibNull/BasePerformanceLibNull/OUTPUT/BasePerformanceLibNull.lib
LOAD /home/hcj/UEFIWorkspace/Build/OvmfX64/DEBUG_GCC5/X64/MdeModulePkg/Library/UefiHiiLib/UefiHiiLib/OUTPUT/UefiHiiLib.lib
LOAD /home/hcj/UEFIWorkspace/Build/OvmfX64/DEBUG_GCC5/X64/MdeModulePkg/Library/DxeReportStatusCodeLib/DxeReportStatusCodeLib/OUTPUT/DxeReportStatusCodeLib.lib
LOAD /home/hcj/UEFIWorkspace/Build/OvmfX64/DEBUG_GCC5/X64/MdeModulePkg/Library/UefiBootManagerLib/UefiBootManagerLib/OUTPUT/UefiBootManagerLib.lib
LOAD /home/hcj/UEFIWorkspace/Build/OvmfX64/DEBUG_GCC5/X64/MdeModulePkg/Library/FileExplorerLib/FileExplorerLib/OUTPUT/FileExplorerLib.lib
LOAD /home/hcj/UEFIWorkspace/Build/OvmfX64/DEBUG_GCC5/X64/MdePkg/Library/UefiApplicationEntryPoint/UefiApplicationEntryPoint/OUTPUT/UefiApplicationEntryPoint.lib
LOAD /home/hcj/UEFIWorkspace/Build/OvmfX64/DEBUG_GCC5/X64/MdeModulePkg/Library/DeviceManagerUiLib/DeviceManagerUiLib/OUTPUT/DeviceManagerUiLib.lib
LOAD /home/hcj/UEFIWorkspace/Build/OvmfX64/DEBUG_GCC5/X64/MdeModulePkg/Library/BootManagerUiLib/BootManagerUiLib/OUTPUT/BootManagerUiLib.lib
LOAD /home/hcj/UEFIWorkspace/Build/OvmfX64/DEBUG_GCC5/X64/MdeModulePkg/Library/BootMaintenanceManagerUiLib/BootMaintenanceManagerUiLib/OUTPUT/BootMaintenanceManagerUiLib.lib
END GROUP
                0x0000000000000228                PECOFF_HEADER_SIZE = 0x228
                0x0000000000000228                . = PECOFF_HEADER_SIZE

.text           0x0000000000000240    0x1e850
 *(.text .text.* .stub .gnu.linkonce.t.*)
 .text.BootMaintCallback
                0x0000000000000240     0x1e70 /tmp/ccpQv0sW.ltrans0.ltrans.o
                0x0000000000000240                BootMaintCallback
 .text._ModuleEntryPoint
                0x00000000000020b0     0x1985 /tmp/ccpQv0sW.ltrans1.ltrans.o
                0x00000000000020b0                _ModuleEntryPoint
 .text.ProcessLibraryConstructorList
                0x0000000000003a35     0x16a3 /tmp/ccpQv0sW.ltrans2.ltrans.o
                0x0000000000003a35                ProcessLibraryConstructorList
 .text.EfiBootManagerBoot
                0x00000000000050d8     0x1307 /tmp/ccpQv0sW.ltrans3.ltrans.o
                0x00000000000050d8                EfiBootManagerBoot
 .text.ReportStatusCode.constprop.57
                0x00000000000063df       0x5d /tmp/ccpQv0sW.ltrans4.ltrans.o
                0x00000000000063df                ReportStatusCode.constprop.57
 .text.EfiBootManagerAddLoadOptionVariable.constprop.50
                0x000000000000643c      0x1d0 /tmp/ccpQv0sW.ltrans4.ltrans.o
                0x000000000000643c                EfiBootManagerAddLoadOptionVariable.constprop.50
 .text.EfiBootManagerGetLoadOptions.part.7.constprop.48
                0x000000000000660c      0x1ab /tmp/ccpQv0sW.ltrans4.ltrans.o
                0x000000000000660c                EfiBootManagerGetLoadOptions.part.7.constprop.48
 .text.IsZeroBuffer.constprop.37
                0x00000000000067b7       0x52 /tmp/ccpQv0sW.ltrans4.ltrans.o
                0x00000000000067b7                IsZeroBuffer.constprop.37
 .text.EfiAcquireLock.constprop.27
                0x0000000000006809       0x55 /tmp/ccpQv0sW.ltrans4.ltrans.o
                0x0000000000006809                EfiAcquireLock.constprop.27
 .text.EfiReleaseLock.constprop.26
                0x000000000000685e       0x50 /tmp/ccpQv0sW.ltrans4.ltrans.o
                0x000000000000685e                EfiReleaseLock.constprop.26
 .text.InternalHiiBrowserCallback.constprop.20
                0x00000000000068ae      0x114 /tmp/ccpQv0sW.ltrans4.ltrans.o
                0x00000000000068ae                InternalHiiBrowserCallback.constprop.20
 .text.HiiConstructConfigHdr.constprop.19
                0x00000000000069c2      0x220 /tmp/ccpQv0sW.ltrans4.ltrans.o
                0x00000000000069c2                HiiConstructConfigHdr.constprop.19
 .text.HiiIsConfigHdrMatch.constprop.18
                0x0000000000006be2       0x9c /tmp/ccpQv0sW.ltrans4.ltrans.o
                0x0000000000006be2                HiiIsConfigHdrMatch.constprop.18
 .text.HiiCreateCheckBoxOpCode.constprop.15
                0x0000000000006c7e       0xc1 /tmp/ccpQv0sW.ltrans4.ltrans.o
                0x0000000000006c7e                HiiCreateCheckBoxOpCode.constprop.15
 .text.ReportStatusCodeEx.constprop.10
                0x0000000000006d3f      0x20f /tmp/ccpQv0sW.ltrans4.ltrans.o
                0x0000000000006d3f                ReportStatusCodeEx.constprop.10
 .text.ChooseFile.part.1.constprop.4
                0x0000000000006f4e      0x43b /tmp/ccpQv0sW.ltrans4.ltrans.o
                0x0000000000006f4e                ChooseFile.part.1.constprop.4
 .text.EfiEventEmptyFunction
                0x0000000000007389        0x1 /tmp/ccpQv0sW.ltrans5.ltrans.o
                0x0000000000007389                EfiEventEmptyFunction
 .text.InternalHiiCompareSubString
                0x000000000000738a      0x113 /tmp/ccpQv0sW.ltrans5.ltrans.o
                0x000000000000738a                InternalHiiCompareSubString
 .text.HiiRemovePackages
                0x000000000000749d       0x93 /tmp/ccpQv0sW.ltrans5.ltrans.o
                0x000000000000749d                HiiRemovePackages
 .text.EfiGetSystemConfigurationTable
                0x0000000000007530       0xaa /tmp/ccpQv0sW.ltrans5.ltrans.o
                0x0000000000007530                EfiGetSystemConfigurationTable
 .text.GetHobList
                0x00000000000075da       0xa3 /tmp/ccpQv0sW.ltrans5.ltrans.o
                0x00000000000075da                GetHobList
 .text.UefiLibGetStringWidth
                0x000000000000767d       0x71 /tmp/ccpQv0sW.ltrans5.ltrans.o
                0x000000000000767d                UefiLibGetStringWidth
 .text.DevicePathFromHandle
                0x00000000000076ee       0x35 /tmp/ccpQv0sW.ltrans5.ltrans.o
                0x00000000000076ee                DevicePathFromHandle
 .text.GetNextDevicePathInstance
                0x0000000000007723       0x4b /tmp/ccpQv0sW.ltrans5.ltrans.o
                0x0000000000007723                GetNextDevicePathInstance
 .text.AppendDevicePathInstance
                0x000000000000776e        0xd /tmp/ccpQv0sW.ltrans5.ltrans.o
                0x000000000000776e                AppendDevicePathInstance
 .text.AppendDevicePathNode
                0x000000000000777b        0xd /tmp/ccpQv0sW.ltrans5.ltrans.o
                0x000000000000777b                AppendDevicePathNode
 .text.AppendDevicePath
                0x0000000000007788        0xd /tmp/ccpQv0sW.ltrans5.ltrans.o
                0x0000000000007788                AppendDevicePath
 .text.DuplicateDevicePath
                0x0000000000007795        0xd /tmp/ccpQv0sW.ltrans5.ltrans.o
                0x0000000000007795                DuplicateDevicePath
 .text.GetDevicePathSize
                0x00000000000077a2        0xc /tmp/ccpQv0sW.ltrans5.ltrans.o
                0x00000000000077a2                GetDevicePathSize
 .text.SetDevicePathEndNode
                0x00000000000077ae       0x48 /tmp/ccpQv0sW.ltrans5.ltrans.o
                0x00000000000077ae                SetDevicePathEndNode
 .text.SetDevicePathNodeLength
                0x00000000000077f6       0x68 /tmp/ccpQv0sW.ltrans5.ltrans.o
                0x00000000000077f6                SetDevicePathNodeLength
 .text.DevicePathNodeLength
                0x000000000000785e       0x40 /tmp/ccpQv0sW.ltrans5.ltrans.o
                0x000000000000785e                DevicePathNodeLength
 .text.NextDevicePathNode
                0x000000000000789e       0x3f /tmp/ccpQv0sW.ltrans5.ltrans.o
                0x000000000000789e                NextDevicePathNode
 .text.DevicePathSubType
                0x00000000000078dd       0x37 /tmp/ccpQv0sW.ltrans5.ltrans.o
                0x00000000000078dd                DevicePathSubType
 .text.DevicePathType
                0x0000000000007914       0x36 /tmp/ccpQv0sW.ltrans5.ltrans.o
                0x0000000000007914                DevicePathType
 .text.EfiGetNameGuidFromFwVolDevicePathNode
                0x000000000000794a       0x54 /tmp/ccpQv0sW.ltrans5.ltrans.o
                0x000000000000794a                EfiGetNameGuidFromFwVolDevicePathNode
 .text.IsDevicePathEndType
                0x000000000000799e       0x41 /tmp/ccpQv0sW.ltrans5.ltrans.o
                0x000000000000799e                IsDevicePathEndType
 .text.IsDevicePathEnd
                0x00000000000079df       0x53 /tmp/ccpQv0sW.ltrans5.ltrans.o
                0x00000000000079df                IsDevicePathEnd
 .text.FreePool
                0x0000000000007a32       0x60 /tmp/ccpQv0sW.ltrans5.ltrans.o
                0x0000000000007a32                FreePool
 .text.ReallocatePool
                0x0000000000007a92       0x6a /tmp/ccpQv0sW.ltrans5.ltrans.o
                0x0000000000007a92                ReallocatePool
 .text.AllocateCopyPool
                0x0000000000007afc       0x85 /tmp/ccpQv0sW.ltrans5.ltrans.o
                0x0000000000007afc                AllocateCopyPool
 .text.AllocateZeroPool
                0x0000000000007b81       0x27 /tmp/ccpQv0sW.ltrans5.ltrans.o
                0x0000000000007b81                AllocateZeroPool
 .text.HiiAddPackages
                0x0000000000007ba8      0x12a /tmp/ccpQv0sW.ltrans5.ltrans.o
                0x0000000000007ba8                HiiAddPackages
 .text.GetBestLanguage
                0x0000000000007cd2      0x13e /tmp/ccpQv0sW.ltrans5.ltrans.o
                0x0000000000007cd2                GetBestLanguage
 .text.AllocatePool
                0x0000000000007e10        0xf /tmp/ccpQv0sW.ltrans5.ltrans.o
                0x0000000000007e10                AllocatePool
 .text.HiiGetFormSetFromHiiHandle
                0x0000000000007e1f      0x1fc /tmp/ccpQv0sW.ltrans5.ltrans.o
                0x0000000000007e1f                HiiGetFormSetFromHiiHandle
 .text.GetVariable2
                0x000000000000801b      0x136 /tmp/ccpQv0sW.ltrans5.ltrans.o
                0x000000000000801b                GetVariable2
 .text.GetEfiGlobalVariable2
                0x0000000000008151       0x12 /tmp/ccpQv0sW.ltrans5.ltrans.o
                0x0000000000008151                GetEfiGlobalVariable2
 .text.Print    0x0000000000008163       0xfa /tmp/ccpQv0sW.ltrans5.ltrans.o
                0x0000000000008163                Print
 .text.FileDevicePath
                0x000000000000825d       0x95 /tmp/ccpQv0sW.ltrans5.ltrans.o
                0x000000000000825d                FileDevicePath
 .text.FreePages
                0x00000000000082f2       0x99 /tmp/ccpQv0sW.ltrans5.ltrans.o
                0x00000000000082f2                FreePages
 .text.BmUpdateSystemTableConsole
                0x000000000000838b      0x2a4 /tmp/ccpQv0sW.ltrans6.ltrans.o
 .text.EfiBootManagerConnectAllDefaultConsoles
                0x000000000000862f      0x103 /tmp/ccpQv0sW.ltrans6.ltrans.o
 .text.InternalHiiGrowOpCodeHandle
                0x0000000000008732       0xad /tmp/ccpQv0sW.ltrans6.ltrans.o
 .text.BmPrintDp
                0x00000000000087df       0x55 /tmp/ccpQv0sW.ltrans6.ltrans.o
                0x00000000000087df                BmPrintDp
 .text.BmDelPartMatchInstance
                0x0000000000008834       0xff /tmp/ccpQv0sW.ltrans6.ltrans.o
                0x0000000000008834                BmDelPartMatchInstance
 .text.EfiBootManagerConnectDevicePath.part.0.lto_priv.91
                0x0000000000008933      0x14d /tmp/ccpQv0sW.ltrans6.ltrans.o
                0x0000000000008933                EfiBootManagerConnectDevicePath.part.0.lto_priv.91
 .text.BmConnectUsbShortFormDevicePath
                0x0000000000008a80      0x197 /tmp/ccpQv0sW.ltrans6.ltrans.o
                0x0000000000008a80                BmConnectUsbShortFormDevicePath
 .text.EfiBootManagerConnectAll
                0x0000000000008c17       0x8a /tmp/ccpQv0sW.ltrans6.ltrans.o
                0x0000000000008c17                EfiBootManagerConnectAll
 .text.InternalGetReportStatusCode.part.0.lto_priv.88
                0x0000000000008ca1       0x44 /tmp/ccpQv0sW.ltrans6.ltrans.o
                0x0000000000008ca1                InternalGetReportStatusCode.part.0.lto_priv.88
 .text.ReportDebugCodeEnabled
                0x0000000000008ce5        0x3 /tmp/ccpQv0sW.ltrans6.ltrans.o
                0x0000000000008ce5                ReportDebugCodeEnabled
 .text.ReportErrorCodeEnabled
                0x0000000000008ce8        0x3 /tmp/ccpQv0sW.ltrans6.ltrans.o
                0x0000000000008ce8                ReportErrorCodeEnabled
 .text.ReportProgressCodeEnabled
                0x0000000000008ceb        0x3 /tmp/ccpQv0sW.ltrans6.ltrans.o
                0x0000000000008ceb                ReportProgressCodeEnabled
 .text.BmSetVariableAndReportStatusCodeOnError
                0x0000000000008cee      0x121 /tmp/ccpQv0sW.ltrans6.ltrans.o
                0x0000000000008cee                BmSetVariableAndReportStatusCodeOnError
 .text.HiiGetSupportedLanguages
                0x0000000000008e0f       0xa7 /tmp/ccpQv0sW.ltrans6.ltrans.o
                0x0000000000008e0f                HiiGetSupportedLanguages
 .text.HiiUpdateForm
                0x0000000000008eb6      0x519 /tmp/ccpQv0sW.ltrans6.ltrans.o
                0x0000000000008eb6                HiiUpdateForm
 .text.InternalHiiAppendOpCodes
                0x00000000000093cf       0x85 /tmp/ccpQv0sW.ltrans6.ltrans.o
                0x00000000000093cf                InternalHiiAppendOpCodes
 .text.InternalHiiCreateOpCodeExtended
                0x0000000000009454       0xa8 /tmp/ccpQv0sW.ltrans6.ltrans.o
                0x0000000000009454                InternalHiiCreateOpCodeExtended
 .text.InternalHiiCreateOpCode
                0x00000000000094fc       0x23 /tmp/ccpQv0sW.ltrans6.ltrans.o
                0x00000000000094fc                InternalHiiCreateOpCode
 .text.HiiCreateGotoOpCode
                0x000000000000951f       0xa3 /tmp/ccpQv0sW.ltrans6.ltrans.o
                0x000000000000951f                HiiCreateGotoOpCode
 .text.HiiCreateOneOfOptionOpCode
                0x00000000000095c2       0xa2 /tmp/ccpQv0sW.ltrans6.ltrans.o
                0x00000000000095c2                HiiCreateOneOfOptionOpCode
 .text.HiiCreateEndOpCode
                0x0000000000009664       0x1f /tmp/ccpQv0sW.ltrans6.ltrans.o
                0x0000000000009664                HiiCreateEndOpCode
 .text.HiiFreeOpCodeHandle
                0x0000000000009683       0x48 /tmp/ccpQv0sW.ltrans6.ltrans.o
                0x0000000000009683                HiiFreeOpCodeHandle
 .text.HiiAllocateOpCodeHandle
                0x00000000000096cb       0x58 /tmp/ccpQv0sW.ltrans6.ltrans.o
                0x00000000000096cb                HiiAllocateOpCodeHandle
 .text.AsciiSPrint.constprop.80
                0x0000000000009723       0x32 /tmp/ccpQv0sW.ltrans7.ltrans.o
                0x0000000000009723                AsciiSPrint.constprop.80
 .text.DebugPrintMarker.part.0.constprop.78
                0x0000000000009755       0x3d /tmp/ccpQv0sW.ltrans7.ltrans.o
                0x0000000000009755                DebugPrintMarker.part.0.constprop.78
 .text.InternalAllocatePool.constprop.76
                0x0000000000009792       0x37 /tmp/ccpQv0sW.ltrans7.ltrans.o
                0x0000000000009792                InternalAllocatePool.constprop.76
 .text.CreatePopUp.constprop.74
                0x00000000000097c9      0x706 /tmp/ccpQv0sW.ltrans7.ltrans.o
                0x00000000000097c9                CreatePopUp.constprop.74
 .text.HiiCreateActionOpCode.constprop.72
                0x0000000000009ecf       0x6e /tmp/ccpQv0sW.ltrans7.ltrans.o
                0x0000000000009ecf                HiiCreateActionOpCode.constprop.72
 .text.HiiCreateSubTitleOpCode.constprop.71
                0x0000000000009f3d       0x8d /tmp/ccpQv0sW.ltrans7.ltrans.o
                0x0000000000009f3d                HiiCreateSubTitleOpCode.constprop.71
 .text.HiiCreateGotoExOpCode.constprop.70
                0x0000000000009fca       0xc1 /tmp/ccpQv0sW.ltrans7.ltrans.o
                0x0000000000009fca                HiiCreateGotoExOpCode.constprop.70
 .text.HiiSetString.constprop.68
                0x000000000000a08b      0x165 /tmp/ccpQv0sW.ltrans7.ltrans.o
                0x000000000000a08b                HiiSetString.constprop.68
 .text.ConvertDevicePathToText.constprop.66
                0x000000000000a1f0       0x60 /tmp/ccpQv0sW.ltrans7.ltrans.o
                0x000000000000a1f0                ConvertDevicePathToText.constprop.66
 .text.HiiGetString.constprop.64
                0x000000000000a250      0x194 /tmp/ccpQv0sW.ltrans7.ltrans.o
                0x000000000000a250                HiiGetString.constprop.64
 .text.HiiGetHiiHandles.constprop.63
                0x000000000000a3e4       0x8b /tmp/ccpQv0sW.ltrans7.ltrans.o
                0x000000000000a3e4                HiiGetHiiHandles.constprop.63
 .text.HiiCreateOneOfOpCode.constprop.61
                0x000000000000a46f      0x12f /tmp/ccpQv0sW.ltrans7.ltrans.o
                0x000000000000a46f                HiiCreateOneOfOpCode.constprop.61
 .text.HiiCreateGuidOpCode.constprop.60
                0x000000000000a59e       0x5a /tmp/ccpQv0sW.ltrans7.ltrans.o
                0x000000000000a59e                HiiCreateGuidOpCode.constprop.60
 .text.BmGetNextLoadOptionDevicePath
                0x000000000000a5f8     0x1367 /tmp/ccpQv0sW.ltrans8.ltrans.o
                0x000000000000a5f8                BmGetNextLoadOptionDevicePath
 .text.InternalBaseLibIsListValid
                0x000000000000b95f       0x9e /tmp/ccpQv0sW.ltrans9.ltrans.o
 .text.IsNodeInList
                0x000000000000b9fd       0x93 /tmp/ccpQv0sW.ltrans9.ltrans.o
 .text.StrLen   0x000000000000ba90       0x90 /tmp/ccpQv0sW.ltrans9.ltrans.o
                0x000000000000ba90                StrLen
 .text.AsciiStrnLenS
                0x000000000000bb20       0x26 /tmp/ccpQv0sW.ltrans9.ltrans.o
                0x000000000000bb20                AsciiStrnLenS
 .text.AsciiStrToUnicodeStrS
                0x000000000000bb46      0x299 /tmp/ccpQv0sW.ltrans9.ltrans.o
                0x000000000000bb46                AsciiStrToUnicodeStrS
 .text.StrnLenS
                0x000000000000bddf       0x5e /tmp/ccpQv0sW.ltrans9.ltrans.o
                0x000000000000bddf                StrnLenS
 .text.InternalSafeStringNoStrOverlap
                0x000000000000be3d       0x29 /tmp/ccpQv0sW.ltrans9.ltrans.o
                0x000000000000be3d                InternalSafeStringNoStrOverlap
 .text.StrCatS  0x000000000000be66      0x2a3 /tmp/ccpQv0sW.ltrans9.ltrans.o
                0x000000000000be66                StrCatS
 .text.StrCpyS  0x000000000000c109      0x242 /tmp/ccpQv0sW.ltrans9.ltrans.o
                0x000000000000c109                StrCpyS
 .text.IsNull   0x000000000000c34b       0x70 /tmp/ccpQv0sW.ltrans9.ltrans.o
                0x000000000000c34b                IsNull
 .text.IsListEmpty
                0x000000000000c3bb       0x41 /tmp/ccpQv0sW.ltrans9.ltrans.o
                0x000000000000c3bb                IsListEmpty
 .text.RemoveEntryList
                0x000000000000c3fc       0x53 /tmp/ccpQv0sW.ltrans9.ltrans.o
                0x000000000000c3fc                RemoveEntryList
 .text.GetNextNode
                0x000000000000c44f       0x71 /tmp/ccpQv0sW.ltrans9.ltrans.o
                0x000000000000c44f                GetNextNode
 .text.GetFirstNode
                0x000000000000c4c0       0x3e /tmp/ccpQv0sW.ltrans9.ltrans.o
                0x000000000000c4c0                GetFirstNode
 .text.InsertTailList
                0x000000000000c4fe       0x7f /tmp/ccpQv0sW.ltrans9.ltrans.o
                0x000000000000c4fe                InsertTailList
 .text.InitializeListHead
                0x000000000000c57d       0x3e /tmp/ccpQv0sW.ltrans9.ltrans.o
                0x000000000000c57d                InitializeListHead
 .text.CompareGuid
                0x000000000000c5bb       0x4d /tmp/ccpQv0sW.ltrans9.ltrans.o
                0x000000000000c5bb                CompareGuid
 .text.CopyGuid
                0x000000000000c608       0x3e /tmp/ccpQv0sW.ltrans9.ltrans.o
                0x000000000000c608                CopyGuid
 .text.CopyMem  0x000000000000c646       0x90 /tmp/ccpQv0sW.ltrans9.ltrans.o
                0x000000000000c646                CopyMem
 .text.SetMem16.part.0.lto_priv.86
                0x000000000000c6d6       0xb1 /tmp/ccpQv0sW.ltrans9.ltrans.o
                0x000000000000c6d6                SetMem16.part.0.lto_priv.86
 .text.BootMaintRouteConfig
                0x000000000000c787     0x1385 /tmp/ccpQv0sW.ltrans10.ltrans.o
                0x000000000000c787                BootMaintRouteConfig
 .text.EfiBootManagerIsValidLoadOptionVariableName
                0x000000000000db0c       0xd1 /tmp/ccpQv0sW.ltrans11.ltrans.o
 .text.BmGetMiscDescription
                0x000000000000dbdd      0x28b /tmp/ccpQv0sW.ltrans11.ltrans.o
 .text.EfiBootManagerFreeLoadOption
                0x000000000000de68       0x4b /tmp/ccpQv0sW.ltrans11.ltrans.o
                0x000000000000de68                EfiBootManagerFreeLoadOption
 .text.EfiBootManagerFreeLoadOptions
                0x000000000000deb3       0x4c /tmp/ccpQv0sW.ltrans11.ltrans.o
                0x000000000000deb3                EfiBootManagerFreeLoadOptions
 .text.EfiBootManagerDeleteLoadOptionVariable
                0x000000000000deff      0x168 /tmp/ccpQv0sW.ltrans11.ltrans.o
                0x000000000000deff                EfiBootManagerDeleteLoadOptionVariable
 .text.EfiBootManagerFindLoadOption
                0x000000000000e067       0x89 /tmp/ccpQv0sW.ltrans11.ltrans.o
                0x000000000000e067                EfiBootManagerFindLoadOption
 .text.EfiBootManagerInitializeLoadOption
                0x000000000000e0f0       0xd7 /tmp/ccpQv0sW.ltrans11.ltrans.o
                0x000000000000e0f0                EfiBootManagerInitializeLoadOption
 .text.EfiBootManagerVariableToLoadOptionEx.part.5.lto_priv.89
                0x000000000000e1c7      0x24c /tmp/ccpQv0sW.ltrans11.ltrans.o
                0x000000000000e1c7                EfiBootManagerVariableToLoadOptionEx.part.5.lto_priv.89
 .text.EfiBootManagerLoadOptionToVariable
                0x000000000000e413      0x21a /tmp/ccpQv0sW.ltrans11.ltrans.o
                0x000000000000e413                EfiBootManagerLoadOptionToVariable
 .text.BmGetFreeOptionNumber
                0x000000000000e62d      0x1ff /tmp/ccpQv0sW.ltrans11.ltrans.o
                0x000000000000e62d                BmGetFreeOptionNumber
 .text.BmGetBootDescription
                0x000000000000e82c      0x1be /tmp/ccpQv0sW.ltrans11.ltrans.o
                0x000000000000e82c                BmGetBootDescription
 .text.BmDestroyRamDisk
                0x000000000000e9ea      0x2ed /tmp/ccpQv0sW.ltrans12.ltrans.o
                0x000000000000e9ea                BmDestroyRamDisk
 .text.BmGetRamDiskDevicePath
                0x000000000000ecd7       0xde /tmp/ccpQv0sW.ltrans12.ltrans.o
                0x000000000000ecd7                BmGetRamDiskDevicePath
 .text.BmExpandMediaDevicePath
                0x000000000000edb5      0x376 /tmp/ccpQv0sW.ltrans12.ltrans.o
                0x000000000000edb5                BmExpandMediaDevicePath
 .text.BmExpandLoadFile
                0x000000000000f12b      0x3c7 /tmp/ccpQv0sW.ltrans12.ltrans.o
                0x000000000000f12b                BmExpandLoadFile
 .text.BmCachePartitionDevicePath
                0x000000000000f4f2       0xcb /tmp/ccpQv0sW.ltrans12.ltrans.o
                0x000000000000f4f2                BmCachePartitionDevicePath
 .text.BmAdjustFvFilePath
                0x000000000000f5bd      0x1bb /tmp/ccpQv0sW.ltrans12.ltrans.o
                0x000000000000f5bd                BmAdjustFvFilePath
 .text.EfiBootManagerConnectConsoleVariable.part.1.lto_priv.93
                0x000000000000f778      0x2b7 /tmp/ccpQv0sW.ltrans12.ltrans.o
                0x000000000000f778                EfiBootManagerConnectConsoleVariable.part.1.lto_priv.93
 .text.BootManagerExtractConfig
                0x000000000000fa2f       0x23 /tmp/ccpQv0sW.ltrans13.ltrans.o
 .text.BootManagerRouteConfig
                0x000000000000fa52        0x5 /tmp/ccpQv0sW.ltrans13.ltrans.o
 .text.DeviceManagerRouteConfig
                0x000000000000fa57        0x5 /tmp/ccpQv0sW.ltrans13.ltrans.o
 .text.BmSetConsoleMode
                0x000000000000fa5c      0x565 /tmp/ccpQv0sW.ltrans13.ltrans.o
 .text.BootManagerCallback
                0x000000000000ffc1      0x884 /tmp/ccpQv0sW.ltrans13.ltrans.o
 .text.DeviceManagerCallback
                0x0000000000010845       0xad /tmp/ccpQv0sW.ltrans13.ltrans.o
 .text.EfiBootManagerFreeDriverHealthInfo
                0x00000000000108f2       0x43 /tmp/ccpQv0sW.ltrans14.ltrans.o
 .text.BmRepairNotify
                0x0000000000010935       0x47 /tmp/ccpQv0sW.ltrans14.ltrans.o
 .text.BmGetSingleControllerHealthStatus
                0x000000000001097c      0x2b9 /tmp/ccpQv0sW.ltrans14.ltrans.o
 .text.EfiBootManagerGetDriverHealthInfo
                0x0000000000010c35      0x278 /tmp/ccpQv0sW.ltrans14.ltrans.o
 .text.BmGetControllerName
                0x0000000000010ead      0x184 /tmp/ccpQv0sW.ltrans14.ltrans.o
 .text.BmDisplayMessages
                0x0000000000011031      0x117 /tmp/ccpQv0sW.ltrans14.ltrans.o
 .text.BmHotkeyCallback
                0x0000000000011148      0x21a /tmp/ccpQv0sW.ltrans14.ltrans.o
                0x0000000000011148                BmHotkeyCallback
 .text.BmRepairAllControllers
                0x0000000000011362      0x42f /tmp/ccpQv0sW.ltrans14.ltrans.o
                0x0000000000011362                BmRepairAllControllers
 .text.EfiLibDeleteVariable.constprop.2
                0x0000000000011791       0x29 /tmp/ccpQv0sW.ltrans15.ltrans.o
                0x0000000000011791                EfiLibDeleteVariable.constprop.2
 .text.RequiredDriver
                0x00000000000117ba      0x102 /tmp/ccpQv0sW.ltrans15.ltrans.o
                0x00000000000117ba                IsRequiredDriver
                0x00000000000117ba                RequiredDriver
 .text.UpdatePageEnd
                0x00000000000118bc       0xaa /tmp/ccpQv0sW.ltrans15.ltrans.o
                0x00000000000118bc                UpdatePageEnd
 .text.RefreshUpdateData
                0x0000000000011966       0x52 /tmp/ccpQv0sW.ltrans15.ltrans.o
                0x0000000000011966                RefreshUpdateData
 .text.CleanUpPage
                0x00000000000119b8       0x45 /tmp/ccpQv0sW.ltrans15.ltrans.o
                0x00000000000119b8                CleanUpPage
 .text.UpdatePageStart
                0x00000000000119fd       0x4c /tmp/ccpQv0sW.ltrans15.ltrans.o
                0x00000000000119fd                UpdatePageStart
 .text.UpdateOrderPage
                0x0000000000011a49      0x284 /tmp/ccpQv0sW.ltrans15.ltrans.o
 .text.UpdateConsolePage
                0x0000000000011ccd      0x289 /tmp/ccpQv0sW.ltrans15.ltrans.o
 .text.UpdatePageBody
                0x0000000000011f56       0x84 /tmp/ccpQv0sW.ltrans15.ltrans.o
                0x0000000000011f56                UpdatePageBody
 .text.GetConsoleOutMode
                0x0000000000011fda       0x95 /tmp/ccpQv0sW.ltrans15.ltrans.o
                0x0000000000011fda                GetConsoleOutMode
 .text.UpdateComAttributeFromVariable
                0x000000000001206f      0x21c /tmp/ccpQv0sW.ltrans15.ltrans.o
                0x000000000001206f                UpdateComAttributeFromVariable
 .text.RetrieveUartUid
                0x000000000001228b       0xd0 /tmp/ccpQv0sW.ltrans15.ltrans.o
                0x000000000001228b                RetrieveUartUid
 .text.ChangeTerminalDevicePath
                0x000000000001235b      0x1f8 /tmp/ccpQv0sW.ltrans15.ltrans.o
                0x000000000001235b                ChangeTerminalDevicePath
 .text.Var_UpdateConsoleOption
                0x0000000000012553      0x226 /tmp/ccpQv0sW.ltrans15.ltrans.o
                0x0000000000012553                Var_UpdateConsoleOption
 .text.GetConsoleMenu
                0x0000000000012779      0x441 /tmp/ccpQv0sW.ltrans15.ltrans.o
                0x0000000000012779                GetConsoleMenu
 .text.LibExtractConfig
                0x0000000000012bba       0x23 /tmp/ccpQv0sW.ltrans16.ltrans.o
                0x0000000000012bba                LibExtractConfig
 .text.LibGetMenuEntry
                0x0000000000012bdd       0x94 /tmp/ccpQv0sW.ltrans16.ltrans.o
 .text.LibGetDevicePath
                0x0000000000012c71       0x55 /tmp/ccpQv0sW.ltrans16.ltrans.o
 .text.LibAppendFileName
                0x0000000000012cc6      0x1ec /tmp/ccpQv0sW.ltrans16.ltrans.o
 .text.LibCreateNewFile
                0x0000000000012eb2      0x32c /tmp/ccpQv0sW.ltrans16.ltrans.o
 .text.LibRouteConfig
                0x00000000000131de        0x5 /tmp/ccpQv0sW.ltrans16.ltrans.o
                0x00000000000131de                LibRouteConfig
 .text.LibUpdateFileExplorePage
                0x00000000000131e3      0x244 /tmp/ccpQv0sW.ltrans16.ltrans.o
                0x00000000000131e3                LibUpdateFileExplorePage
 .text.LibToLowerString
                0x0000000000013427       0x1e /tmp/ccpQv0sW.ltrans16.ltrans.o
                0x0000000000013427                LibToLowerString
 .text.LibStrDuplicate
                0x0000000000013445       0x78 /tmp/ccpQv0sW.ltrans16.ltrans.o
                0x0000000000013445                LibStrDuplicate
 .text.LibDestroyMenuEntry
                0x00000000000134bd       0xa0 /tmp/ccpQv0sW.ltrans16.ltrans.o
                0x00000000000134bd                LibDestroyMenuEntry
 .text.LibFreeMenu
                0x000000000001355d       0x90 /tmp/ccpQv0sW.ltrans16.ltrans.o
                0x000000000001355d                LibFreeMenu
 .text.LibCreateMenuEntry
                0x00000000000135ed       0x58 /tmp/ccpQv0sW.ltrans16.ltrans.o
                0x00000000000135ed                LibCreateMenuEntry
 .text.LibCallback
                0x0000000000013645      0x539 /tmp/ccpQv0sW.ltrans16.ltrans.o
                0x0000000000013645                LibCallback
 .text.ReSendForm
                0x0000000000013b7e      0x1e8 /tmp/ccpQv0sW.ltrans17.ltrans.o
 .text.CreateDriverOptionFromFile
                0x0000000000013d66       0x14 /tmp/ccpQv0sW.ltrans17.ltrans.o
                0x0000000000013d66                CreateDriverOptionFromFile
 .text.CreateBootOptionFromFile
                0x0000000000013d7a       0x14 /tmp/ccpQv0sW.ltrans17.ltrans.o
                0x0000000000013d7a                CreateBootOptionFromFile
 .text.BootFromFile
                0x0000000000013d8e      0x1b6 /tmp/ccpQv0sW.ltrans17.ltrans.o
                0x0000000000013d8e                BootFromFile
 .text.IsIsaSerialNode
                0x0000000000013f44       0x4e /tmp/ccpQv0sW.ltrans17.ltrans.o
                0x0000000000013f44                IsIsaSerialNode
 .text.BmMatchDevicePaths
                0x0000000000013f92       0x8f /tmp/ccpQv0sW.ltrans17.ltrans.o
                0x0000000000013f92                BmMatchDevicePaths
                0x0000000000013f92                MatchDevicePaths
 .text.BOpt_GetOptionNumber
                0x0000000000014021      0x11c /tmp/ccpQv0sW.ltrans17.ltrans.o
                0x0000000000014021                BOpt_GetOptionNumber
 .text.BOpt_FreeMenu
                0x000000000001413d       0x90 /tmp/ccpQv0sW.ltrans17.ltrans.o
                0x000000000001413d                BOpt_FreeMenu
 .text.BOpt_GetDriverOptions
                0x00000000000141cd      0x35a /tmp/ccpQv0sW.ltrans17.ltrans.o
                0x00000000000141cd                BOpt_GetDriverOptions
 .text.BOpt_GetBootOptions
                0x0000000000014527      0x509 /tmp/ccpQv0sW.ltrans17.ltrans.o
                0x0000000000014527                BOpt_GetBootOptions
 .text.BOpt_GetMenuEntry
                0x0000000000014a30       0x94 /tmp/ccpQv0sW.ltrans17.ltrans.o
                0x0000000000014a30                BOpt_GetMenuEntry
 .text.GetDriverOrder
                0x0000000000014ac4       0xc0 /tmp/ccpQv0sW.ltrans17.ltrans.o
                0x0000000000014ac4                GetDriverOrder
 .text.GetBootOrder
                0x0000000000014b84       0xc0 /tmp/ccpQv0sW.ltrans17.ltrans.o
                0x0000000000014b84                GetBootOrder
 .text.PlatformDebugLibIoPortFound
                0x0000000000014c44       0x26 /tmp/ccpQv0sW.ltrans18.ltrans.o
 .text.DebugPrintEnabled
                0x0000000000014c6a        0x3 /tmp/ccpQv0sW.ltrans18.ltrans.o
                0x0000000000014c6a                DebugPrintEnabled
 .text.DebugAssertEnabled
                0x0000000000014c6d        0x3 /tmp/ccpQv0sW.ltrans18.ltrans.o
                0x0000000000014c6d                DebugAssertEnabled
 .text.DebugAssert
                0x0000000000014c70       0x6a /tmp/ccpQv0sW.ltrans18.ltrans.o
                0x0000000000014c70                DebugAssert
 .text.DebugPrint
                0x0000000000014cda       0x65 /tmp/ccpQv0sW.ltrans18.ltrans.o
                0x0000000000014cda                DebugPrint
 .text.UnicodeVSPrint
                0x0000000000014d3f       0x56 /tmp/ccpQv0sW.ltrans18.ltrans.o
                0x0000000000014d3f                UnicodeVSPrint
 .text.UnicodeSPrint
                0x0000000000014d95       0x1d /tmp/ccpQv0sW.ltrans18.ltrans.o
                0x0000000000014d95                UnicodeSPrint
 .text.BasePrintLibValueToString
                0x0000000000014db2       0x7b /tmp/ccpQv0sW.ltrans18.ltrans.o
                0x0000000000014db2                BasePrintLibValueToString
 .text.BasePrintLibFillBuffer
                0x0000000000014e2d       0x2e /tmp/ccpQv0sW.ltrans18.ltrans.o
                0x0000000000014e2d                BasePrintLibFillBuffer
 .text.UnicodeValueToStringS
                0x0000000000014e5b      0x37a /tmp/ccpQv0sW.ltrans18.ltrans.o
                0x0000000000014e5b                UnicodeValueToStringS
 .text.WriteUnaligned64
                0x00000000000151d5       0x3f /tmp/ccpQv0sW.ltrans18.ltrans.o
                0x00000000000151d5                WriteUnaligned64
 .text.ReadUnaligned64
                0x0000000000015214       0x37 /tmp/ccpQv0sW.ltrans18.ltrans.o
                0x0000000000015214                ReadUnaligned64
 .text.WriteUnaligned32
                0x000000000001524b       0x3c /tmp/ccpQv0sW.ltrans18.ltrans.o
                0x000000000001524b                WriteUnaligned32
 .text.ReadUnaligned32
                0x0000000000015287       0x36 /tmp/ccpQv0sW.ltrans18.ltrans.o
                0x0000000000015287                ReadUnaligned32
 .text.WriteUnaligned16
                0x00000000000152bd       0x3d /tmp/ccpQv0sW.ltrans18.ltrans.o
                0x00000000000152bd                WriteUnaligned16
 .text.ReadUnaligned16
                0x00000000000152fa       0x37 /tmp/ccpQv0sW.ltrans18.ltrans.o
                0x00000000000152fa                ReadUnaligned16
 .text.AsciiStrLen
                0x0000000000015331       0x85 /tmp/ccpQv0sW.ltrans18.ltrans.o
                0x0000000000015331                AsciiStrLen
 .text.AsciiStrSize
                0x00000000000153b6       0x11 /tmp/ccpQv0sW.ltrans18.ltrans.o
                0x00000000000153b6                AsciiStrSize
 .text.AsciiStrnCmp.part.4.lto_priv.87
                0x00000000000153c7       0xd3 /tmp/ccpQv0sW.ltrans18.ltrans.o
                0x00000000000153c7                AsciiStrnCmp.part.4.lto_priv.87
 .text.StrSize  0x000000000001549a       0x13 /tmp/ccpQv0sW.ltrans18.ltrans.o
                0x000000000001549a                StrSize
 .text.StrnCmp.part.0.lto_priv.90
                0x00000000000154ad       0xbe /tmp/ccpQv0sW.ltrans18.ltrans.o
                0x00000000000154ad                StrnCmp.part.0.lto_priv.90
 .text.StrStr   0x000000000001556b       0xa3 /tmp/ccpQv0sW.ltrans18.ltrans.o
                0x000000000001556b                StrStr
 .text.StrCmp   0x000000000001560e       0x81 /tmp/ccpQv0sW.ltrans18.ltrans.o
                0x000000000001560e                StrCmp
 .text.BmEliminateExtraSpaces
                0x000000000001568f       0x34 /tmp/ccpQv0sW.ltrans19.ltrans.o
 .text.BmGetNvmeDescription
                0x00000000000156c3      0x278 /tmp/ccpQv0sW.ltrans19.ltrans.o
                0x00000000000156c3                BmGetNvmeDescription
 .text.BmGetLoadFileDescription
                0x000000000001593b       0xbe /tmp/ccpQv0sW.ltrans19.ltrans.o
                0x000000000001593b                BmGetLoadFileDescription
 .text.BmGetNetworkDescription
                0x00000000000159f9      0x3a0 /tmp/ccpQv0sW.ltrans19.ltrans.o
                0x00000000000159f9                BmGetNetworkDescription
 .text.BmGetUsbDescription
                0x0000000000015d99      0x21b /tmp/ccpQv0sW.ltrans19.ltrans.o
                0x0000000000015d99                BmGetUsbDescription
 .text.BmGetDescriptionFromDiskInfo
                0x0000000000015fb4      0x32b /tmp/ccpQv0sW.ltrans19.ltrans.o
                0x0000000000015fb4                BmGetDescriptionFromDiskInfo
 .text.BmMatchPartitionDevicePathNode.part.6.lto_priv.92
                0x00000000000162df       0xac /tmp/ccpQv0sW.ltrans19.ltrans.o
                0x00000000000162df                BmMatchPartitionDevicePathNode.part.6.lto_priv.92
 .text.BasePrintLibSPrintMarker.constprop.82
                0x000000000001638b     0x1074 /tmp/ccpQv0sW.ltrans20.ltrans.o
                0x000000000001638b                BasePrintLibSPrintMarker.constprop.82
 .text.BootMaintExtractConfig
                0x00000000000173ff      0x1c0 /tmp/ccpQv0sW.ltrans21.ltrans.o
                0x00000000000173ff                BootMaintExtractConfig
 .text.UpdateConsoleContent
                0x00000000000175bf      0x334 /tmp/ccpQv0sW.ltrans21.ltrans.o
                0x00000000000175bf                UpdateConsoleContent
 .text.UiDevicePathToStr
                0x00000000000178f3       0xea /tmp/ccpQv0sW.ltrans21.ltrans.o
                0x00000000000178f3                UiDevicePathToStr
 .text.ExtractFileNameFromDevicePath
                0x00000000000179dd       0xb9 /tmp/ccpQv0sW.ltrans21.ltrans.o
                0x00000000000179dd                ExtractFileNameFromDevicePath
 .text.BmmSetConsoleMode
                0x0000000000017a96      0x565 /tmp/ccpQv0sW.ltrans21.ltrans.o
                0x0000000000017a96                BmmSetConsoleMode
 .text.DeviceManagerExtractConfig
                0x0000000000017ffb       0x23 /tmp/ccpQv0sW.ltrans22.ltrans.o
                0x0000000000017ffb                DeviceManagerExtractConfig
 .text.IsMacAddressDevicePath
                0x000000000001801e      0x411 /tmp/ccpQv0sW.ltrans22.ltrans.o
 .text.CreateDeviceManagerForm
                0x000000000001842f      0x7ee /tmp/ccpQv0sW.ltrans22.ltrans.o
                0x000000000001842f                CreateDeviceManagerForm
 .text.FakeRouteConfig
                0x0000000000018c1d       0x23 /tmp/ccpQv0sW.ltrans23.ltrans.o
                0x0000000000018c1d                FakeRouteConfig
 .text.FakeExtractConfig
                0x0000000000018c40       0x23 /tmp/ccpQv0sW.ltrans23.ltrans.o
                0x0000000000018c40                FakeExtractConfig
 .text.GetNextLanguage
                0x0000000000018c63       0xe6 /tmp/ccpQv0sW.ltrans23.ltrans.o
                0x0000000000018c63                GetNextLanguage
 .text.FrontPageCallback
                0x0000000000018d49      0x1c5 /tmp/ccpQv0sW.ltrans23.ltrans.o
                0x0000000000018d49                FrontPageCallback
 .text.UiCustomizeFrontPageBanner
                0x0000000000018f0e       0x5e /tmp/ccpQv0sW.ltrans23.ltrans.o
                0x0000000000018f0e                UiCustomizeFrontPageBanner
 .text.UiSetConsoleMode
                0x0000000000018f6c      0x565 /tmp/ccpQv0sW.ltrans23.ltrans.o
                0x0000000000018f6c                UiSetConsoleMode
 .text.GetOptionalStringByIndex
                0x00000000000194d1       0xaa /tmp/ccpQv0sW.ltrans23.ltrans.o
                0x00000000000194d1                GetOptionalStringByIndex
 .text.EfiBootManagerRefreshAllBootOption
                0x000000000001957b      0x753 /tmp/ccpQv0sW.ltrans24.ltrans.o
                0x000000000001957b                EfiBootManagerRefreshAllBootOption
 .text.CompareMem
                0x0000000000019cce       0xd4 /tmp/ccpQv0sW.ltrans25.ltrans.o
                0x0000000000019cce                CompareMem
 .text.ZeroMem  0x0000000000019da2       0x6f /tmp/ccpQv0sW.ltrans25.ltrans.o
                0x0000000000019da2                ZeroMem
 .text.GetPcdProtocol
                0x0000000000019e11       0xad /tmp/ccpQv0sW.ltrans25.ltrans.o
                0x0000000000019e11                GetPcdProtocol
 .text.LibPcdSet32S
                0x0000000000019ebe       0x28 /tmp/ccpQv0sW.ltrans25.ltrans.o
                0x0000000000019ebe                LibPcdSet32S
 .text.LibPcdGet32
                0x0000000000019ee6       0x1d /tmp/ccpQv0sW.ltrans25.ltrans.o
                0x0000000000019ee6                LibPcdGet32
 .text.BOpt_DestroyMenuEntry
                0x0000000000019f03      0x10d /tmp/ccpQv0sW.ltrans26.ltrans.o
                0x0000000000019f03                BOpt_DestroyMenuEntry
 .text.BOpt_CreateMenuEntry
                0x000000000001a010       0x7b /tmp/ccpQv0sW.ltrans26.ltrans.o
                0x000000000001a010                BOpt_CreateMenuEntry
 .text.CleanUselessBeforeSubmit
                0x000000000001a08b       0x8f /tmp/ccpQv0sW.ltrans26.ltrans.o
                0x000000000001a08b                CleanUselessBeforeSubmit
 .text.BmReportLoadFailure
                0x000000000001a11a       0xa9 /tmp/ccpQv0sW.ltrans27.ltrans.o
                0x000000000001a11a                BmReportLoadFailure
 .text.BmIsBootManagerMenuFilePath
                0x000000000001a1c3       0x6b /tmp/ccpQv0sW.ltrans27.ltrans.o
                0x000000000001a1c3                BmIsBootManagerMenuFilePath
 .text.DmExtractDevicePathFromHiiHandle
                0x000000000001a22e       0x8c /tmp/ccpQv0sW.ltrans28.ltrans.o
                0x000000000001a22e                DmExtractDevicePathFromHiiHandle
 .text.BasePrintLibSPrint.constprop.83
                0x000000000001a2ba       0x29 /tmp/ccpQv0sW.ltrans29.ltrans.o
                0x000000000001a2ba                BasePrintLibSPrint.constprop.83
 *fill*         0x000000000001a2e3        0xd 
 .text          0x000000000001a2f0       0x1d /home/hcj/UEFIWorkspace/Build/OvmfX64/DEBUG_GCC5/X64/MdePkg/Library/BaseMemoryLibRepStr/BaseMemoryLibRepStr/OUTPUT/BaseMemoryLibRepStr.lib(CompareMem.obj)
                0x000000000001a2f0                InternalMemCompareMem
 *fill*         0x000000000001a30d        0x3 
 .text          0x000000000001a310       0x1d /home/hcj/UEFIWorkspace/Build/OvmfX64/DEBUG_GCC5/X64/MdePkg/Library/BaseMemoryLibRepStr/BaseMemoryLibRepStr/OUTPUT/BaseMemoryLibRepStr.lib(ZeroMem.obj)
                0x000000000001a310                InternalMemZeroMem
 *fill*         0x000000000001a32d        0x3 
 .text          0x000000000001a330       0x12 /home/hcj/UEFIWorkspace/Build/OvmfX64/DEBUG_GCC5/X64/MdePkg/Library/BaseMemoryLibRepStr/BaseMemoryLibRepStr/OUTPUT/BaseMemoryLibRepStr.lib(SetMem16.obj)
                0x000000000001a330                InternalMemSetMem16
 *fill*         0x000000000001a342        0xe 
 .text          0x000000000001a350       0x11 /home/hcj/UEFIWorkspace/Build/OvmfX64/DEBUG_GCC5/X64/MdePkg/Library/BaseMemoryLibRepStr/BaseMemoryLibRepStr/OUTPUT/BaseMemoryLibRepStr.lib(SetMem.obj)
                0x000000000001a350                InternalMemSetMem
 *fill*         0x000000000001a361        0xf 
 .text          0x000000000001a370       0x3c /home/hcj/UEFIWorkspace/Build/OvmfX64/DEBUG_GCC5/X64/MdePkg/Library/BaseMemoryLibRepStr/BaseMemoryLibRepStr/OUTPUT/BaseMemoryLibRepStr.lib(CopyMem.obj)
                0x000000000001a370                InternalMemCopyMem
 *fill*         0x000000000001a3ac        0x4 
 .text          0x000000000001a3b0       0x2a /home/hcj/UEFIWorkspace/Build/OvmfX64/DEBUG_GCC5/X64/MdePkg/Library/BaseMemoryLibRepStr/BaseMemoryLibRepStr/OUTPUT/BaseMemoryLibRepStr.lib(IsZeroBuffer.obj)
                0x000000000001a3b0                InternalMemIsZeroBuffer
 *fill*         0x000000000001a3da        0x6 
 .text          0x000000000001a3e0      0x116 /home/hcj/UEFIWorkspace/Build/OvmfX64/DEBUG_GCC5/X64/MdePkg/Library/BaseIoLibIntrinsic/BaseIoLibIntrinsicSev/OUTPUT/BaseIoLibIntrinsicSev.lib(IoFifoSev.obj)
                0x000000000001a3e0                SevNoRepIo
                0x000000000001a420                IoReadFifo8
                0x000000000001a442                IoReadFifo16
                0x000000000001a468                IoReadFifo32
                0x000000000001a48b                IoWriteFifo8
                0x000000000001a4ad                IoWriteFifo16
                0x000000000001a4d3                IoWriteFifo32
 *(.rodata .rodata.* .gnu.linkonce.r.*)
 .rodata.str1.1
                0x000000000001a4f6      0x6ef /tmp/ccpQv0sW.ltrans0.ltrans.o
                                        0x776 (size before relaxing)
 *fill*         0x000000000001abe5        0x1 
 .rodata.str2.2
                0x000000000001abe6       0x78 /tmp/ccpQv0sW.ltrans0.ltrans.o
 *fill*         0x000000000001ac5e        0x2 
 .rodata.BootMaintCallback
                0x000000000001ac60       0xc0 /tmp/ccpQv0sW.ltrans0.ltrans.o
 .rodata.TerminalType
                0x000000000001ad20       0x12 /tmp/ccpQv0sW.ltrans0.ltrans.o
 *fill*         0x000000000001ad32        0xe 
 .rodata.StopBitsList
                0x000000000001ad40       0x30 /tmp/ccpQv0sW.ltrans0.ltrans.o
                0x000000000001ad40                StopBitsList
 *fill*         0x000000000001ad70       0x10 
 .rodata.ParityList
                0x000000000001ad80       0x50 /tmp/ccpQv0sW.ltrans0.ltrans.o
                0x000000000001ad80                ParityList
 *fill*         0x000000000001add0       0x10 
 .rodata.DataBitsList
                0x000000000001ade0       0x40 /tmp/ccpQv0sW.ltrans0.ltrans.o
                0x000000000001ade0                DataBitsList
 .rodata.BaudRateList
                0x000000000001ae20      0x130 /tmp/ccpQv0sW.ltrans0.ltrans.o
                0x000000000001ae20                BaudRateList
 .rodata.__FUNCTION__.2554
                0x000000000001af50        0x9 /tmp/ccpQv0sW.ltrans0.ltrans.o
 *fill*         0x000000000001af59        0x7 
 .rodata.mConfigHdrTemplate
                0x000000000001af60       0x70 /tmp/ccpQv0sW.ltrans0.ltrans.o
 .rodata.str1.1
                0x000000000001afd0      0x3bb /tmp/ccpQv0sW.ltrans1.ltrans.o
                                        0x4c1 (size before relaxing)
 *fill*         0x000000000001b38b        0x1 
 .rodata.str2.2
                0x000000000001b38c       0xde /tmp/ccpQv0sW.ltrans1.ltrans.o
                                         0xe2 (size before relaxing)
 *fill*         0x000000000001b46a        0x6 
 .rodata._gPcd_FixedAtBuild_PcdUefiVariableDefaultPlatformLangCodes
                0x000000000001b470       0x12 /tmp/ccpQv0sW.ltrans1.ltrans.o
 *fill*         0x000000000001b482        0x2 
 .rodata._gUefiDriverRevision
                0x000000000001b484        0x4 /tmp/ccpQv0sW.ltrans1.ltrans.o
                0x000000000001b484                _gPcd_FixedAtBuild_PcdMaximumLinkedListLength
                0x000000000001b484                _gPcd_FixedAtBuild_PcdMaximumDevicePathNodeCount
                0x000000000001b484                _gUefiDriverRevision
                0x000000000001b484                _gPcd_FixedAtBuild_PcdControlFlowEnforcementPropertyMask
                0x000000000001b484                _gPcd_FixedAtBuild_PcdMaxRepairCount
 .rodata.str1.1
                0x000000000001b488      0x4bb /tmp/ccpQv0sW.ltrans2.ltrans.o
                                        0x6ee (size before relaxing)
 .rodata.str2.2
                0x000000000001b943       0x28 /tmp/ccpQv0sW.ltrans2.ltrans.o
 *fill*         0x000000000001b943        0x1 
 .rodata.str2.2
                0x000000000001b944       0x5c /tmp/ccpQv0sW.ltrans3.ltrans.o
 .rodata.str1.1
                0x000000000001b9a0      0x3f2 /tmp/ccpQv0sW.ltrans3.ltrans.o
                                        0x451 (size before relaxing)
 .rodata.str1.1
                0x000000000001bd92      0x428 /tmp/ccpQv0sW.ltrans4.ltrans.o
                                        0x536 (size before relaxing)
 .rodata.str2.2
                0x000000000001c1ba      0x10c /tmp/ccpQv0sW.ltrans4.ltrans.o
                                        0x12e (size before relaxing)
 .rodata._gPcd_FixedAtBuild_PcdResetOnMemoryTypeInformationChange
                0x000000000001c2c6        0x1 /tmp/ccpQv0sW.ltrans4.ltrans.o
                0x000000000001c2c6                _gPcd_FixedAtBuild_PcdVerifyNodeInList
                0x000000000001c2c6                _gPcd_FixedAtBuild_PcdPerformanceLibraryPropertyMask
                0x000000000001c2c6                _gPcd_FixedAtBuild_PcdResetOnMemoryTypeInformationChange
 .rodata.str1.1
                0x000000000001c2c7      0x2f7 /tmp/ccpQv0sW.ltrans5.ltrans.o
                                        0x4ef (size before relaxing)
 .rodata.mUefiDevicePathLibEndDevicePath
                0x000000000001c5be        0x4 /tmp/ccpQv0sW.ltrans5.ltrans.o
 .rodata.mEndOfPakageList
                0x000000000001c5c2        0x4 /tmp/ccpQv0sW.ltrans5.ltrans.o
 .rodata.str1.1
                0x000000000001c5c6      0x29e /tmp/ccpQv0sW.ltrans6.ltrans.o
                                        0x354 (size before relaxing)
 .rodata.str2.2
                0x000000000001c864       0x28 /tmp/ccpQv0sW.ltrans6.ltrans.o
 *fill*         0x000000000001c864        0x4 
 .rodata.mHiiDefaultTypeToWidth
                0x000000000001c868        0x8 /tmp/ccpQv0sW.ltrans6.ltrans.o
 .rodata.str1.1
                0x000000000001c870      0x215 /tmp/ccpQv0sW.ltrans7.ltrans.o
                                        0x3c8 (size before relaxing)
 *fill*         0x000000000001ca85        0x1 
 .rodata.str2.2
                0x000000000001ca86        0x8 /tmp/ccpQv0sW.ltrans7.ltrans.o
                                         0x22 (size before relaxing)
 *fill*         0x000000000001ca8e        0x2 
 .rodata.__FUNCTION__.2529
                0x000000000001ca90        0x9 /tmp/ccpQv0sW.ltrans7.ltrans.o
 .rodata.str1.1
                0x000000000001ca99       0x19 /tmp/ccpQv0sW.ltrans8.ltrans.o
                                         0xaf (size before relaxing)
 .rodata.str2.2
                0x000000000001cab2        0xa /tmp/ccpQv0sW.ltrans8.ltrans.o
 .rodata.str1.1
                0x000000000001cabc      0x4b2 /tmp/ccpQv0sW.ltrans9.ltrans.o
                                        0x733 (size before relaxing)
 *fill*         0x000000000001cf6e        0x2 
 .rodata.__FUNCTION__.2518
                0x000000000001cf70        0x8 /tmp/ccpQv0sW.ltrans9.ltrans.o
 .rodata.__FUNCTION__.2541
                0x000000000001cf78        0x8 /tmp/ccpQv0sW.ltrans9.ltrans.o
 .rodata.__FUNCTION__.2820
                0x000000000001cf80       0x16 /tmp/ccpQv0sW.ltrans9.ltrans.o
 .rodata.str1.1
                0x000000000001cf96      0x21e /tmp/ccpQv0sW.ltrans10.ltrans.o
                                        0x2f8 (size before relaxing)
 .rodata.str2.2
                0x000000000001d1b4       0x76 /tmp/ccpQv0sW.ltrans10.ltrans.o
                                         0xe2 (size before relaxing)
 .rodata.str2.2
                0x000000000001d22a       0xa4 /tmp/ccpQv0sW.ltrans11.ltrans.o
                                         0xe8 (size before relaxing)
 .rodata.str1.1
                0x000000000001d2ce      0x17c /tmp/ccpQv0sW.ltrans11.ltrans.o
                                        0x2d9 (size before relaxing)
 .rodata.str1.1
                0x000000000001d44a       0xff /tmp/ccpQv0sW.ltrans12.ltrans.o
                                        0x195 (size before relaxing)
 *fill*         0x000000000001d549        0x1 
 .rodata.str2.2
                0x000000000001d54a       0x66 /tmp/ccpQv0sW.ltrans12.ltrans.o
                                         0x8e (size before relaxing)
 .rodata.__FUNCTION__.18980
                0x000000000001d5b0       0x11 /tmp/ccpQv0sW.ltrans12.ltrans.o
 .rodata.str1.1
                0x000000000001d5c1      0x153 /tmp/ccpQv0sW.ltrans13.ltrans.o
                                        0x2b9 (size before relaxing)
 .rodata.str2.2
                0x000000000001d714      0x11e /tmp/ccpQv0sW.ltrans13.ltrans.o
                                        0x1ca (size before relaxing)
 .rodata.str1.1
                0x000000000001d832      0x21c /tmp/ccpQv0sW.ltrans14.ltrans.o
                                        0x2ca (size before relaxing)
 .rodata.str2.2
                0x000000000001da4e      0x112 /tmp/ccpQv0sW.ltrans14.ltrans.o
                                        0x14e (size before relaxing)
 .rodata.__FUNCTION__.18834
                0x000000000001db60       0x17 /tmp/ccpQv0sW.ltrans14.ltrans.o
 *fill*         0x000000000001db77        0x9 
 .rodata._gPcd_FixedAtBuild_PcdDriverHealthConfigureForm
                0x000000000001db80       0x10 /tmp/ccpQv0sW.ltrans14.ltrans.o
 .rodata.str1.1
                0x000000000001db90       0xdc /tmp/ccpQv0sW.ltrans15.ltrans.o
                                        0x274 (size before relaxing)
 .rodata.UpdatePageBody
                0x000000000001dc6c       0x20 /tmp/ccpQv0sW.ltrans15.ltrans.o
 .rodata.str2.2
                0x000000000001dc8c       0x62 /tmp/ccpQv0sW.ltrans15.ltrans.o
 .rodata.str1.1
                0x000000000001dc8c       0x50 /tmp/ccpQv0sW.ltrans16.ltrans.o
                                         0xca (size before relaxing)
 .rodata.str2.2
                0x000000000001dcdc        0xa /tmp/ccpQv0sW.ltrans16.ltrans.o
                                          0xe (size before relaxing)
 .rodata.str1.1
                0x000000000001dce6       0x85 /tmp/ccpQv0sW.ltrans17.ltrans.o
                                        0x20f (size before relaxing)
 *fill*         0x000000000001dd6b        0x1 
 .rodata.str2.2
                0x000000000001dd6c       0x10 /tmp/ccpQv0sW.ltrans17.ltrans.o
                                        0x10a (size before relaxing)
 .rodata.str1.1
                0x000000000001dd7c      0x3d9 /tmp/ccpQv0sW.ltrans18.ltrans.o
                                        0x4a6 (size before relaxing)
 *fill*         0x000000000001e155        0xb 
 .rodata.mHexStr
                0x000000000001e160       0x10 /tmp/ccpQv0sW.ltrans18.ltrans.o
 .rodata.str1.1
                0x000000000001e170      0x3d9 /tmp/ccpQv0sW.ltrans19.ltrans.o
                                         0xbd (size before relaxing)
 .rodata.str2.2
                0x000000000001e170       0xe0 /tmp/ccpQv0sW.ltrans19.ltrans.o
                                         0xe4 (size before relaxing)
 .rodata.str1.1
                0x000000000001e250      0x227 /tmp/ccpQv0sW.ltrans20.ltrans.o
                                        0x2a3 (size before relaxing)
 *fill*         0x000000000001e477        0x9 
 .rodata.mWarningString
                0x000000000001e480       0x96 /tmp/ccpQv0sW.ltrans20.ltrans.o
 *fill*         0x000000000001e516        0xa 
 .rodata.mErrorString
                0x000000000001e520      0x2b5 /tmp/ccpQv0sW.ltrans20.ltrans.o
 *fill*         0x000000000001e7d5        0x3 
 .rodata._gPcd_FixedAtBuild_PcdMaximumUnicodeStringLength
                0x000000000001e7d8        0x4 /tmp/ccpQv0sW.ltrans20.ltrans.o
                0x000000000001e7d8                _gPcd_FixedAtBuild_PcdMaximumAsciiStringLength
                0x000000000001e7d8                _gPcd_FixedAtBuild_PcdMaximumUnicodeStringLength
 .rodata.str1.1
                0x000000000001e7dc       0x1e /tmp/ccpQv0sW.ltrans21.ltrans.o
                                        0x191 (size before relaxing)
 .rodata.str2.2
                0x000000000001e7fa        0xe /tmp/ccpQv0sW.ltrans21.ltrans.o
                                         0x6c (size before relaxing)
 .rodata.str1.1
                0x000000000001e808       0x1f /tmp/ccpQv0sW.ltrans22.ltrans.o
                                         0xfd (size before relaxing)
 *fill*         0x000000000001e827        0x1 
 .rodata.str2.2
                0x000000000001e828       0x16 /tmp/ccpQv0sW.ltrans22.ltrans.o
 .rodata.str1.1
                0x000000000001e83e       0x1a /tmp/ccpQv0sW.ltrans23.ltrans.o
                                        0x145 (size before relaxing)
 .rodata.str2.2
                0x000000000001e858       0x1a /tmp/ccpQv0sW.ltrans23.ltrans.o
 .rodata.str1.1
                0x000000000001e858       0x34 /tmp/ccpQv0sW.ltrans24.ltrans.o
                                        0x123 (size before relaxing)
 .rodata.str2.2
                0x000000000001e88c        0xc /tmp/ccpQv0sW.ltrans24.ltrans.o
 .rodata.str1.1
                0x000000000001e898      0x171 /tmp/ccpQv0sW.ltrans25.ltrans.o
                                        0x251 (size before relaxing)
 *fill*         0x000000000001ea09        0x3 
 .rodata.BOpt_DestroyMenuEntry
                0x000000000001ea0c       0x18 /tmp/ccpQv0sW.ltrans26.ltrans.o
 .rodata.CSWTCH.33
                0x000000000001ea24        0x6 /tmp/ccpQv0sW.ltrans26.ltrans.o
 .rodata.str1.1
                0x000000000001ea2a       0x4d /tmp/ccpQv0sW.ltrans27.ltrans.o
                                         0x9b (size before relaxing)
 *fill*         0x000000000001ea77        0x9 
 .rodata._gPcd_FixedAtBuild_PcdBootManagerMenuFile
                0x000000000001ea80       0x10 /tmp/ccpQv0sW.ltrans27.ltrans.o
 .rodata.str1.1
                0x000000000001ea90       0x6c /tmp/ccpQv0sW.ltrans28.ltrans.o
 *(.got .got.*)
 .got           0x000000000001ea90        0x0 FrontPageVfr.obj (symbol from plugin)
 .got.plt       0x000000000001ea90        0x0 FrontPageVfr.obj (symbol from plugin)
 *:AutoGen.obj(.data.g*Guid)

.plt            0x000000000001ea90        0x0
 .plt           0x000000000001ea90        0x0 FrontPageVfr.obj (symbol from plugin)

.plt.got        0x000000000001ea90        0x0
 .plt.got       0x000000000001ea90        0x0 FrontPageVfr.obj (symbol from plugin)

.data           0x000000000001eac0     0x70e8
 *(.data .data.* .gnu.linkonce.d.*)
 .data.gEfiIfrBootMaintenanceGuid
                0x000000000001eac0       0x10 /tmp/ccpQv0sW.ltrans0.ltrans.o
 *fill*         0x000000000001ead0       0x10 
 .data.DriverMenu
                0x000000000001eae0       0x20 /tmp/ccpQv0sW.ltrans0.ltrans.o
                0x000000000001eae0                DriverMenu
 .data.mBmmHiiVendorDevicePath
                0x000000000001eb00       0x18 /tmp/ccpQv0sW.ltrans1.ltrans.o
                0x000000000001eb00                mBmmHiiVendorDevicePath
 *fill*         0x000000000001eb18        0x8 
 .data.mBootManagerHiiVendorDevicePath
                0x000000000001eb20       0x18 /tmp/ccpQv0sW.ltrans1.ltrans.o
                0x000000000001eb20                mBootManagerHiiVendorDevicePath
 *fill*         0x000000000001eb38        0x8 
 .data.mDeviceManagerHiiVendorDevicePath
                0x000000000001eb40       0x18 /tmp/ccpQv0sW.ltrans1.ltrans.o
                0x000000000001eb40                mDeviceManagerHiiVendorDevicePath
 *fill*         0x000000000001eb58        0x8 
 .data.mFontBin
                0x000000000001eb60      0xda0 /tmp/ccpQv0sW.ltrans1.ltrans.o
 .data.mFontPackageGuid
                0x000000000001f900       0x10 /tmp/ccpQv0sW.ltrans1.ltrans.o
 .data.mUiStringPackGuid
                0x000000000001f910       0x10 /tmp/ccpQv0sW.ltrans1.ltrans.o
 .data.gEfiHiiStringProtocolGuid
                0x000000000001f920       0x10 /tmp/ccpQv0sW.ltrans1.ltrans.o
                0x000000000001f920                gEfiHiiStringProtocolGuid
 .data.gEfiIfrFrontPageGuid
                0x000000000001f930       0x10 /tmp/ccpQv0sW.ltrans1.ltrans.o
 .data.gEfiSmbiosProtocolGuid
                0x000000000001f940       0x10 /tmp/ccpQv0sW.ltrans1.ltrans.o
 *fill*         0x000000000001f950       0x10 
 .data.UiAppStrings
                0x000000000001f960      0x426 /tmp/ccpQv0sW.ltrans1.ltrans.o
 *fill*         0x000000000001fd86       0x1a 
 .data.FrontPageVfrBin
                0x000000000001fda0      0x147 /tmp/ccpQv0sW.ltrans1.ltrans.o
 *fill*         0x000000000001fee7        0x9 
 .data.mFrontPageGuid
                0x000000000001fef0       0x10 /tmp/ccpQv0sW.ltrans1.ltrans.o
 .data.gEfiHiiConfigAccessProtocolGuid
                0x000000000001ff00       0x10 /tmp/ccpQv0sW.ltrans1.ltrans.o
                0x000000000001ff00                gEfiHiiConfigAccessProtocolGuid
 .data.mFrontPageHiiVendorDevicePath
                0x000000000001ff10       0x18 /tmp/ccpQv0sW.ltrans1.ltrans.o
 *fill*         0x000000000001ff28       0x18 
 .data.rel.local.gFrontPagePrivate
                0x000000000001ff40       0x38 /tmp/ccpQv0sW.ltrans1.ltrans.o
                0x000000000001ff40                gFrontPagePrivate
 *fill*         0x000000000001ff78        0x8 
 .data.gEfiBootLogoProtocolGuid
                0x000000000001ff80       0x10 /tmp/ccpQv0sW.ltrans1.ltrans.o
                0x000000000001ff80                gEfiBootLogoProtocolGuid
 .data.gEfiDevicePathUtilitiesProtocolGuid
                0x000000000001ff90       0x10 /tmp/ccpQv0sW.ltrans2.ltrans.o
 .data.gEfiHiiImageProtocolGuid
                0x000000000001ffa0       0x10 /tmp/ccpQv0sW.ltrans2.ltrans.o
 .data.gEfiHiiFontProtocolGuid
                0x000000000001ffb0       0x10 /tmp/ccpQv0sW.ltrans2.ltrans.o
 .data.gEfiHiiDatabaseProtocolGuid
                0x000000000001ffc0       0x10 /tmp/ccpQv0sW.ltrans2.ltrans.o
 .data.gEfiDxeServicesTableGuid
                0x000000000001ffd0       0x10 /tmp/ccpQv0sW.ltrans2.ltrans.o
 .data.FileExplorerLibStrings
                0x000000000001ffe0      0x81a /tmp/ccpQv0sW.ltrans2.ltrans.o
 *fill*         0x00000000000207fa        0x6 
 .data.FileExplorerVfrBin
                0x0000000000020800       0xf9 /tmp/ccpQv0sW.ltrans2.ltrans.o
 *fill*         0x00000000000208f9        0x7 
 .data.FeHiiVendorDevicePath
                0x0000000000020900       0x18 /tmp/ccpQv0sW.ltrans2.ltrans.o
 *fill*         0x0000000000020918        0x8 
 .data.DeviceManagerUiLibStrings
                0x0000000000020920      0x4b8 /tmp/ccpQv0sW.ltrans2.ltrans.o
 *fill*         0x0000000000020dd8        0x8 
 .data.DeviceManagerVfrBin
                0x0000000000020de0      0x12d /tmp/ccpQv0sW.ltrans2.ltrans.o
 *fill*         0x0000000000020f0d       0x13 
 .data.BootManagerUiLibStrings
                0x0000000000020f20      0x434 /tmp/ccpQv0sW.ltrans2.ltrans.o
 *fill*         0x0000000000021354        0xc 
 .data.BootManagerVfrBin
                0x0000000000021360       0xb3 /tmp/ccpQv0sW.ltrans2.ltrans.o
 *fill*         0x0000000000021413        0xd 
 .data.gEfiSerialIoProtocolGuid
                0x0000000000021420       0x10 /tmp/ccpQv0sW.ltrans2.ltrans.o
 *fill*         0x0000000000021430       0x10 
 .data.BootMaintenanceManagerUiLibStrings
                0x0000000000021440     0x1bbe /tmp/ccpQv0sW.ltrans2.ltrans.o
 *fill*         0x0000000000022ffe        0x2 
 .data.BootMaintenanceManagerBin
                0x0000000000023000      0x594 /tmp/ccpQv0sW.ltrans2.ltrans.o
 *fill*         0x0000000000023594        0xc 
 .data.gEfiSimpleTextInputExProtocolGuid
                0x00000000000235a0       0x10 /tmp/ccpQv0sW.ltrans3.ltrans.o
 .data.gEfiEventReadyToBootGuid
                0x00000000000235b0       0x10 /tmp/ccpQv0sW.ltrans3.ltrans.o
 .data.gEfiMemoryTypeInformationGuid
                0x00000000000235c0       0x10 /tmp/ccpQv0sW.ltrans3.ltrans.o
 .data.gEfiFileInfoGuid
                0x00000000000235d0       0x10 /tmp/ccpQv0sW.ltrans3.ltrans.o
 .data.gEfiFirmwareVolume2ProtocolGuid
                0x00000000000235e0       0x10 /tmp/ccpQv0sW.ltrans3.ltrans.o
                0x00000000000235e0                gEfiFirmwareVolume2ProtocolGuid
 .data.gEfiLoadedImageProtocolGuid
                0x00000000000235f0       0x10 /tmp/ccpQv0sW.ltrans3.ltrans.o
                0x00000000000235f0                gEfiLoadedImageProtocolGuid
 .data.mFsOptionMenu
                0x0000000000023600       0x28 /tmp/ccpQv0sW.ltrans4.ltrans.o
 *fill*         0x0000000000023628        0x8 
 .data.gEfiFileSystemVolumeLabelInfoIdGuid
                0x0000000000023630       0x10 /tmp/ccpQv0sW.ltrans4.ltrans.o
 .data.gEfiSimpleFileSystemProtocolGuid
                0x0000000000023640       0x10 /tmp/ccpQv0sW.ltrans4.ltrans.o
                0x0000000000023640                gEfiSimpleFileSystemProtocolGuid
 .data.FileExplorerGuid
                0x0000000000023650       0x10 /tmp/ccpQv0sW.ltrans4.ltrans.o
                0x0000000000023650                FileExplorerGuid
 .data.rel.local.gFileExplorerPrivate
                0x0000000000023660       0x58 /tmp/ccpQv0sW.ltrans4.ltrans.o
                0x0000000000023660                gFileExplorerPrivate
 *fill*         0x00000000000236b8        0x8 
 .data.gEfiStatusCodeSpecificDataGuid
                0x00000000000236c0       0x10 /tmp/ccpQv0sW.ltrans4.ltrans.o
 .data.mBootMaintStorageName
                0x00000000000236d0       0x10 /tmp/ccpQv0sW.ltrans4.ltrans.o
                0x00000000000236d0                mBootMaintStorageName
 .data.mBootMaintGuid
                0x00000000000236e0       0x10 /tmp/ccpQv0sW.ltrans4.ltrans.o
                0x00000000000236e0                mBootMaintGuid
 .data.gEfiFormBrowser2ProtocolGuid
                0x00000000000236f0       0x10 /tmp/ccpQv0sW.ltrans4.ltrans.o
                0x00000000000236f0                gEfiFormBrowser2ProtocolGuid
 .data.mBmHotkeyLock
                0x0000000000023700       0x18 /tmp/ccpQv0sW.ltrans4.ltrans.o
                0x0000000000023700                mBmHotkeyLock
 *fill*         0x0000000000023718        0x8 
 .data.rel.ro.local.mBmLoadOptionName
                0x0000000000023720       0x20 /tmp/ccpQv0sW.ltrans4.ltrans.o
                0x0000000000023720                mBmLoadOptionName
 .data.gEfiGlobalVariableGuid
                0x0000000000023740       0x10 /tmp/ccpQv0sW.ltrans4.ltrans.o
                0x0000000000023740                gEfiGlobalVariableGuid
 *fill*         0x0000000000023750       0x10 
 .data.rel.ro.local.mBmLoadOptionOrderName
                0x0000000000023760       0x20 /tmp/ccpQv0sW.ltrans4.ltrans.o
                0x0000000000023760                mBmLoadOptionOrderName
 .data.gEfiCallerIdGuid
                0x0000000000023780       0x10 /tmp/ccpQv0sW.ltrans4.ltrans.o
                0x0000000000023780                gEfiCallerIdGuid
 .data.gEfiHobListGuid
                0x0000000000023790       0x10 /tmp/ccpQv0sW.ltrans5.ltrans.o
 .data.gEfiStatusCodeRuntimeProtocolGuid
                0x00000000000237a0       0x10 /tmp/ccpQv0sW.ltrans6.ltrans.o
 .data.gEdkiiStatusCodeDataTypeVariableGuid
                0x00000000000237b0       0x10 /tmp/ccpQv0sW.ltrans6.ltrans.o
 .data.gEfiSimpleTextInProtocolGuid
                0x00000000000237c0       0x10 /tmp/ccpQv0sW.ltrans6.ltrans.o
 .data.gEfiIfrTianoGuid
                0x00000000000237d0       0x10 /tmp/ccpQv0sW.ltrans7.ltrans.o
                0x00000000000237d0                gEfiIfrTianoGuid
 .data.gEfiDevicePathToTextProtocolGuid
                0x00000000000237e0       0x10 /tmp/ccpQv0sW.ltrans7.ltrans.o
                0x00000000000237e0                gEfiDevicePathToTextProtocolGuid
 .data.mBmHardDriveBootVariableGuid
                0x00000000000237f0       0x10 /tmp/ccpQv0sW.ltrans8.ltrans.o
 .data.gEfiHiiConfigRoutingProtocolGuid
                0x0000000000023800       0x10 /tmp/ccpQv0sW.ltrans10.ltrans.o
                0x0000000000023800                gEfiHiiConfigRoutingProtocolGuid
 .data.gEfiBlockIoProtocolGuid
                0x0000000000023810       0x10 /tmp/ccpQv0sW.ltrans11.ltrans.o
                0x0000000000023810                gEfiBlockIoProtocolGuid
 .data.rel.local.mPlatformBootDescriptionHandlers
                0x0000000000023820       0x10 /tmp/ccpQv0sW.ltrans11.ltrans.o
 .data.mBmUefiPrefix
                0x0000000000023830        0xc /tmp/ccpQv0sW.ltrans11.ltrans.o
 *fill*         0x000000000002383c        0x4 
 .data.rel.ro.local.mBmBootDescriptionHandlers
                0x0000000000023840       0x30 /tmp/ccpQv0sW.ltrans11.ltrans.o
 .data.gEdkiiVariableLockProtocolGuid
                0x0000000000023870       0x10 /tmp/ccpQv0sW.ltrans11.ltrans.o
 .data.rel.ro.local.mConVarName
                0x0000000000023880       0x30 /tmp/ccpQv0sW.ltrans12.ltrans.o
 .data.gEfiRamDiskProtocolGuid
                0x00000000000238b0       0x10 /tmp/ccpQv0sW.ltrans12.ltrans.o
 .data.rel.local.gDeviceManagerPrivate
                0x00000000000238c0       0x38 /tmp/ccpQv0sW.ltrans13.ltrans.o
                0x00000000000238c0                gDeviceManagerPrivate
 *fill*         0x00000000000238f8        0x8 
 .data.mBootManagerGuid
                0x0000000000023900       0x10 /tmp/ccpQv0sW.ltrans13.ltrans.o
                0x0000000000023900                mBootManagerGuid
 *fill*         0x0000000000023910       0x10 
 .data.rel.ro.local.mDeviceTypeStr
                0x0000000000023920       0x40 /tmp/ccpQv0sW.ltrans13.ltrans.o
 .data.rel.local.gBootManagerPrivate
                0x0000000000023960       0x30 /tmp/ccpQv0sW.ltrans13.ltrans.o
                0x0000000000023960                gBootManagerPrivate
 .data.rel.local.mBmHotkeyList
                0x0000000000023990       0x10 /tmp/ccpQv0sW.ltrans14.ltrans.o
                0x0000000000023990                mBmHotkeyList
 .data.mBmHotkeyBootOption
                0x00000000000239a0       0x58 /tmp/ccpQv0sW.ltrans14.ltrans.o
 *fill*         0x00000000000239f8        0x8 
 .data.gEfiComponentNameProtocolGuid
                0x0000000000023a00       0x10 /tmp/ccpQv0sW.ltrans14.ltrans.o
 .data.gEfiComponentName2ProtocolGuid
                0x0000000000023a10       0x10 /tmp/ccpQv0sW.ltrans14.ltrans.o
 .data.gEfiDriverHealthProtocolGuid
                0x0000000000023a20       0x10 /tmp/ccpQv0sW.ltrans14.ltrans.o
 *fill*         0x0000000000023a30       0x10 
 .data.rel.ro.local.mBmHealthStatusText
                0x0000000000023a40       0x30 /tmp/ccpQv0sW.ltrans14.ltrans.o
 *fill*         0x0000000000023a70       0x10 
 .data.rel.local.gBootMaintenancePrivate
                0x0000000000023a80     0x1c60 /tmp/ccpQv0sW.ltrans15.ltrans.o
                0x0000000000023a80                gBootMaintenancePrivate
 .data.gEfiDevicePathProtocolGuid
                0x00000000000256e0       0x10 /tmp/ccpQv0sW.ltrans15.ltrans.o
                0x00000000000256e0                gEfiDevicePathProtocolGuid
 .data._gPcd_BinaryPatch_PcdSetupConOutRow
                0x00000000000256f0        0x4 /tmp/ccpQv0sW.ltrans15.ltrans.o
                0x00000000000256f0                _gPcd_BinaryPatch_PcdSetupConOutRow
 .data._gPcd_BinaryPatch_PcdSetupConOutColumn
                0x00000000000256f4        0x4 /tmp/ccpQv0sW.ltrans15.ltrans.o
                0x00000000000256f4                _gPcd_BinaryPatch_PcdSetupConOutColumn
 *fill*         0x00000000000256f8        0x8 
 .data.TerminalTypeGuid
                0x0000000000025700       0x90 /tmp/ccpQv0sW.ltrans15.ltrans.o
                0x0000000000025700                TerminalTypeGuid
 *fill*         0x0000000000025790       0x10 
 .data.TerminalMenu
                0x00000000000257a0       0x20 /tmp/ccpQv0sW.ltrans15.ltrans.o
                0x00000000000257a0                TerminalMenu
 .data.DriverOptionMenu
                0x00000000000257c0       0x20 /tmp/ccpQv0sW.ltrans15.ltrans.o
                0x00000000000257c0                DriverOptionMenu
 .data.BootOptionMenu
                0x00000000000257e0       0x20 /tmp/ccpQv0sW.ltrans15.ltrans.o
                0x00000000000257e0                BootOptionMenu
 .data.ConsoleErrMenu
                0x0000000000025800       0x20 /tmp/ccpQv0sW.ltrans15.ltrans.o
                0x0000000000025800                ConsoleErrMenu
 .data.ConsoleOutMenu
                0x0000000000025820       0x20 /tmp/ccpQv0sW.ltrans15.ltrans.o
                0x0000000000025820                ConsoleOutMenu
 .data.ConsoleInpMenu
                0x0000000000025840       0x20 /tmp/ccpQv0sW.ltrans15.ltrans.o
                0x0000000000025840                ConsoleInpMenu
 .data.mNewFolderQuestionId
                0x0000000000025860        0x8 /tmp/ccpQv0sW.ltrans16.ltrans.o
 .data.mNewFileQuestionId
                0x0000000000025868        0x8 /tmp/ccpQv0sW.ltrans16.ltrans.o
 .data.gEdkiiFormBrowserEx2ProtocolGuid
                0x0000000000025870       0x10 /tmp/ccpQv0sW.ltrans17.ltrans.o
                0x0000000000025870                gEdkiiFormBrowserEx2ProtocolGuid
 .data.gEfiDiskInfoSdMmcInterfaceGuid
                0x0000000000025880       0x10 /tmp/ccpQv0sW.ltrans19.ltrans.o
 .data.gEfiDiskInfoScsiInterfaceGuid
                0x0000000000025890       0x10 /tmp/ccpQv0sW.ltrans19.ltrans.o
 .data.gEfiDiskInfoIdeInterfaceGuid
                0x00000000000258a0       0x10 /tmp/ccpQv0sW.ltrans19.ltrans.o
 .data.gEfiDiskInfoAhciInterfaceGuid
                0x00000000000258b0       0x10 /tmp/ccpQv0sW.ltrans19.ltrans.o
 .data.gEfiDiskInfoProtocolGuid
                0x00000000000258c0       0x10 /tmp/ccpQv0sW.ltrans19.ltrans.o
 .data.gEfiUsbIoProtocolGuid
                0x00000000000258d0       0x10 /tmp/ccpQv0sW.ltrans19.ltrans.o
                0x00000000000258d0                gEfiUsbIoProtocolGuid
 .data.gEfiLoadFileProtocolGuid
                0x00000000000258e0       0x10 /tmp/ccpQv0sW.ltrans19.ltrans.o
                0x00000000000258e0                gEfiLoadFileProtocolGuid
 .data.gEfiNvmExpressPassThruProtocolGuid
                0x00000000000258f0       0x10 /tmp/ccpQv0sW.ltrans19.ltrans.o
 .data._gPcd_BinaryPatch_PcdConOutRow
                0x0000000000025900        0x4 /tmp/ccpQv0sW.ltrans21.ltrans.o
                0x0000000000025900                _gPcd_BinaryPatch_PcdConOutRow
 .data._gPcd_BinaryPatch_PcdConOutColumn
                0x0000000000025904        0x4 /tmp/ccpQv0sW.ltrans21.ltrans.o
                0x0000000000025904                _gPcd_BinaryPatch_PcdConOutColumn
 *fill*         0x0000000000025908        0x8 
 .data.gEfiSimpleTextOutProtocolGuid
                0x0000000000025910       0x10 /tmp/ccpQv0sW.ltrans21.ltrans.o
                0x0000000000025910                gEfiSimpleTextOutProtocolGuid
 .data.gEfiGraphicsOutputProtocolGuid
                0x0000000000025920       0x10 /tmp/ccpQv0sW.ltrans21.ltrans.o
                0x0000000000025920                gEfiGraphicsOutputProtocolGuid
 .data.gEfiPciIoProtocolGuid
                0x0000000000025930       0x10 /tmp/ccpQv0sW.ltrans22.ltrans.o
                0x0000000000025930                gEfiPciIoProtocolGuid
 .data.mDeviceManagerGuid
                0x0000000000025940       0x10 /tmp/ccpQv0sW.ltrans22.ltrans.o
                0x0000000000025940                mDeviceManagerGuid
 .data.gEfiHiiPlatformSetupFormsetGuid
                0x0000000000025950       0x10 /tmp/ccpQv0sW.ltrans22.ltrans.o
 .data.gEdkiiPlatformBootManagerProtocolGuid
                0x0000000000025960       0x10 /tmp/ccpQv0sW.ltrans24.ltrans.o
 .data.mBmAutoCreateBootOptionGuid
                0x0000000000025970       0x10 /tmp/ccpQv0sW.ltrans24.ltrans.o
                0x0000000000025970                mBmAutoCreateBootOptionGuid
 .data.gPcdProtocolGuid
                0x0000000000025980       0x10 /tmp/ccpQv0sW.ltrans25.ltrans.o
 .data.rel.ro   0x0000000000025990        0x0 FrontPageVfr.obj (symbol from plugin)
 *(.bss .bss.*)
 .bss.gHiiConfigRouting
                0x0000000000025990        0x8 /tmp/ccpQv0sW.ltrans0.ltrans.o
                0x0000000000025990                gHiiConfigRouting
 .bss.gHiiDriverList
                0x0000000000025998        0x8 /tmp/ccpQv0sW.ltrans0.ltrans.o
 .bss.mFirstEnterBMMForm
                0x00000000000259a0        0x1 /tmp/ccpQv0sW.ltrans0.ltrans.o
 .bss.mAllMenuInit
                0x00000000000259a1        0x1 /tmp/ccpQv0sW.ltrans1.ltrans.o
                0x00000000000259a1                mAllMenuInit
 *fill*         0x00000000000259a2        0x6 
 .bss.gHiiVendorDevicePath
                0x00000000000259a8        0x8 /tmp/ccpQv0sW.ltrans1.ltrans.o
                0x00000000000259a8                gHiiVendorDevicePath
 .bss.gImageHandle
                0x00000000000259b0        0x8 /tmp/ccpQv0sW.ltrans1.ltrans.o
                0x00000000000259b0                gImageHandle
 .bss.mResetRequired
                0x00000000000259b8        0x1 /tmp/ccpQv0sW.ltrans1.ltrans.o
 .bss.gCurrentLanguageIndex
                0x00000000000259b9        0x1 /tmp/ccpQv0sW.ltrans1.ltrans.o
                0x00000000000259b9                gCurrentLanguageIndex
 *fill*         0x00000000000259ba        0x6 
 .bss.gLanguageToken
                0x00000000000259c0        0x8 /tmp/ccpQv0sW.ltrans1.ltrans.o
 .bss.gLanguageString
                0x00000000000259c8        0x8 /tmp/ccpQv0sW.ltrans1.ltrans.o
                0x00000000000259c8                gLanguageString
 .bss.gHiiDriverList
                0x00000000000259d0        0x8 /tmp/ccpQv0sW.ltrans1.ltrans.o
 .bss.gFormBrowser2
                0x00000000000259d8        0x8 /tmp/ccpQv0sW.ltrans1.ltrans.o
 .bss.mLanguageString
                0x00000000000259e0        0x8 /tmp/ccpQv0sW.ltrans1.ltrans.o
 .bss.gStringPackHandle
                0x00000000000259e8        0x8 /tmp/ccpQv0sW.ltrans1.ltrans.o
                0x00000000000259e8                gStringPackHandle
 .bss.mSetupTextModeRow
                0x00000000000259f0        0x4 /tmp/ccpQv0sW.ltrans1.ltrans.o
                0x00000000000259f0                mSetupTextModeRow
 .bss.mSetupTextModeColumn
                0x00000000000259f4        0x4 /tmp/ccpQv0sW.ltrans1.ltrans.o
                0x00000000000259f4                mSetupTextModeColumn
 .bss.mSetupVerticalResolution
                0x00000000000259f8        0x4 /tmp/ccpQv0sW.ltrans1.ltrans.o
                0x00000000000259f8                mSetupVerticalResolution
 .bss.mSetupHorizontalResolution
                0x00000000000259fc        0x4 /tmp/ccpQv0sW.ltrans1.ltrans.o
                0x00000000000259fc                mSetupHorizontalResolution
 .bss.mBootTextModeRow
                0x0000000000025a00        0x4 /tmp/ccpQv0sW.ltrans1.ltrans.o
                0x0000000000025a00                mBootTextModeRow
 .bss.mBootTextModeColumn
                0x0000000000025a04        0x4 /tmp/ccpQv0sW.ltrans1.ltrans.o
                0x0000000000025a04                mBootTextModeColumn
 .bss.mBootVerticalResolution
                0x0000000000025a08        0x4 /tmp/ccpQv0sW.ltrans1.ltrans.o
                0x0000000000025a08                mBootVerticalResolution
 .bss.mBootHorizontalResolution
                0x0000000000025a0c        0x4 /tmp/ccpQv0sW.ltrans1.ltrans.o
                0x0000000000025a0c                mBootHorizontalResolution
 .bss.mModeInitialized
                0x0000000000025a10        0x1 /tmp/ccpQv0sW.ltrans1.ltrans.o
 *fill*         0x0000000000025a11        0x7 
 .bss.gHiiImage
                0x0000000000025a18        0x8 /tmp/ccpQv0sW.ltrans2.ltrans.o
 .bss.gHiiFont  0x0000000000025a20        0x8 /tmp/ccpQv0sW.ltrans2.ltrans.o
 .bss.mBmModeInitialized
                0x0000000000025a28        0x1 /tmp/ccpQv0sW.ltrans2.ltrans.o
 .bss.mBmmModeInitialized
                0x0000000000025a29        0x1 /tmp/ccpQv0sW.ltrans2.ltrans.o
 .bss.mQuestionIdUpdate
                0x0000000000025a2a        0x2 /tmp/ccpQv0sW.ltrans4.ltrans.o
                0x0000000000025a2a                mQuestionIdUpdate
 *fill*         0x0000000000025a2c        0x4 
 .bss.mUefiFormBrowser2
                0x0000000000025a30        0x8 /tmp/ccpQv0sW.ltrans4.ltrans.o
 .bss.gRT       0x0000000000025a38        0x8 /tmp/ccpQv0sW.ltrans4.ltrans.o
                0x0000000000025a38                gRT
 .bss.mReportStatusCodeLibStatusCodeProtocol
                0x0000000000025a40        0x8 /tmp/ccpQv0sW.ltrans4.ltrans.o
                0x0000000000025a40                mReportStatusCodeLibStatusCodeProtocol
 .bss.mDevicePathLibDevicePathUtilities
                0x0000000000025a48        0x8 /tmp/ccpQv0sW.ltrans5.ltrans.o
                0x0000000000025a48                mDevicePathLibDevicePathUtilities
 .bss.mHobList  0x0000000000025a50        0x8 /tmp/ccpQv0sW.ltrans5.ltrans.o
 .bss.gDS       0x0000000000025a58        0x8 /tmp/ccpQv0sW.ltrans6.ltrans.o
                0x0000000000025a58                gDS
 .bss.gHiiDatabase
                0x0000000000025a60        0x8 /tmp/ccpQv0sW.ltrans7.ltrans.o
                0x0000000000025a60                gHiiDatabase
 .bss.mDevicePathLibDevicePathToText
                0x0000000000025a68        0x8 /tmp/ccpQv0sW.ltrans7.ltrans.o
 .bss.gHiiString
                0x0000000000025a70        0x8 /tmp/ccpQv0sW.ltrans7.ltrans.o
                0x0000000000025a70                gHiiString
 .bss.gST       0x0000000000025a78        0x8 /tmp/ccpQv0sW.ltrans7.ltrans.o
                0x0000000000025a78                gST
 .bss.gBS       0x0000000000025a80        0x8 /tmp/ccpQv0sW.ltrans7.ltrans.o
                0x0000000000025a80                gBS
 .bss.mRamDisk  0x0000000000025a88        0x8 /tmp/ccpQv0sW.ltrans12.ltrans.o
 .bss.mSelectedMacAddrString
                0x0000000000025a90        0x8 /tmp/ccpQv0sW.ltrans13.ltrans.o
                0x0000000000025a90                mSelectedMacAddrString
 *fill*         0x0000000000025a98        0x8 
 .bss.mMacDeviceList
                0x0000000000025aa0       0x18 /tmp/ccpQv0sW.ltrans13.ltrans.o
                0x0000000000025aa0                mMacDeviceList
 .bss.mBmBootTextModeRow
                0x0000000000025ab8        0x4 /tmp/ccpQv0sW.ltrans13.ltrans.o
                0x0000000000025ab8                mBmBootTextModeRow
 .bss.mBmBootTextModeColumn
                0x0000000000025abc        0x4 /tmp/ccpQv0sW.ltrans13.ltrans.o
                0x0000000000025abc                mBmBootTextModeColumn
 .bss.mBmBootVerticalResolution
                0x0000000000025ac0        0x4 /tmp/ccpQv0sW.ltrans13.ltrans.o
                0x0000000000025ac0                mBmBootVerticalResolution
 .bss.mBmBootHorizontalResolution
                0x0000000000025ac4        0x4 /tmp/ccpQv0sW.ltrans13.ltrans.o
                0x0000000000025ac4                mBmBootHorizontalResolution
 .bss.mBmSetupTextModeRow
                0x0000000000025ac8        0x4 /tmp/ccpQv0sW.ltrans13.ltrans.o
                0x0000000000025ac8                mBmSetupTextModeRow
 .bss.mBmSetupTextModeColumn
                0x0000000000025acc        0x4 /tmp/ccpQv0sW.ltrans13.ltrans.o
                0x0000000000025acc                mBmSetupTextModeColumn
 .bss.mBmSetupVerticalResolution
                0x0000000000025ad0        0x4 /tmp/ccpQv0sW.ltrans13.ltrans.o
                0x0000000000025ad0                mBmSetupVerticalResolution
 .bss.mBmSetupHorizontalResolution
                0x0000000000025ad4        0x4 /tmp/ccpQv0sW.ltrans13.ltrans.o
                0x0000000000025ad4                mBmSetupHorizontalResolution
 .bss.mKeyInput
                0x0000000000025ad8        0x2 /tmp/ccpQv0sW.ltrans13.ltrans.o
 *fill*         0x0000000000025ada        0x6 
 .bss.mEndOpCodeHandle
                0x0000000000025ae0        0x8 /tmp/ccpQv0sW.ltrans15.ltrans.o
                0x0000000000025ae0                mEndOpCodeHandle
 .bss.mStartLabel
                0x0000000000025ae8        0x8 /tmp/ccpQv0sW.ltrans15.ltrans.o
                0x0000000000025ae8                mStartLabel
 .bss.mStartOpCodeHandle
                0x0000000000025af0        0x8 /tmp/ccpQv0sW.ltrans15.ltrans.o
                0x0000000000025af0                mStartOpCodeHandle
 *fill*         0x0000000000025af8        0x8 
 .bss.mNewFolderName
                0x0000000000025b00       0x28 /tmp/ccpQv0sW.ltrans16.ltrans.o
 *fill*         0x0000000000025b28       0x18 
 .bss.mNewFileName
                0x0000000000025b40       0x28 /tmp/ccpQv0sW.ltrans16.ltrans.o
 .bss.mLibEndOpCodeHandle
                0x0000000000025b68        0x8 /tmp/ccpQv0sW.ltrans16.ltrans.o
 .bss.mLibStartOpCodeHandle
                0x0000000000025b70        0x8 /tmp/ccpQv0sW.ltrans16.ltrans.o
 .bss.mDebugIoPortFound
                0x0000000000025b78        0x1 /tmp/ccpQv0sW.ltrans18.ltrans.o
 .bss.mDebugIoPortChecked
                0x0000000000025b79        0x1 /tmp/ccpQv0sW.ltrans18.ltrans.o
 *fill*         0x0000000000025b7a        0x2 
 .bss.mBmmBootTextModeRow
                0x0000000000025b7c        0x4 /tmp/ccpQv0sW.ltrans21.ltrans.o
                0x0000000000025b7c                mBmmBootTextModeRow
 .bss.mBmmBootTextModeColumn
                0x0000000000025b80        0x4 /tmp/ccpQv0sW.ltrans21.ltrans.o
                0x0000000000025b80                mBmmBootTextModeColumn
 .bss.mBmmBootVerticalResolution
                0x0000000000025b84        0x4 /tmp/ccpQv0sW.ltrans21.ltrans.o
                0x0000000000025b84                mBmmBootVerticalResolution
 .bss.mBmmBootHorizontalResolution
                0x0000000000025b88        0x4 /tmp/ccpQv0sW.ltrans21.ltrans.o
                0x0000000000025b88                mBmmBootHorizontalResolution
 .bss.mBmmSetupTextModeRow
                0x0000000000025b8c        0x4 /tmp/ccpQv0sW.ltrans21.ltrans.o
                0x0000000000025b8c                mBmmSetupTextModeRow
 .bss.mBmmSetupTextModeColumn
                0x0000000000025b90        0x4 /tmp/ccpQv0sW.ltrans21.ltrans.o
                0x0000000000025b90                mBmmSetupTextModeColumn
 .bss.mBmmSetupVerticalResolution
                0x0000000000025b94        0x4 /tmp/ccpQv0sW.ltrans21.ltrans.o
                0x0000000000025b94                mBmmSetupVerticalResolution
 .bss.mBmmSetupHorizontalResolution
                0x0000000000025b98        0x4 /tmp/ccpQv0sW.ltrans21.ltrans.o
                0x0000000000025b98                mBmmSetupHorizontalResolution
 *fill*         0x0000000000025b9c        0x4 
 .bss.mPcd      0x0000000000025ba0        0x8 /tmp/ccpQv0sW.ltrans25.ltrans.o

.eh_frame       0x0000000000025bc0        0x0
 *(.eh_frame)
 .eh_frame      0x0000000000025bc0        0x0 FrontPageVfr.obj (symbol from plugin)
 .eh_frame      0x0000000000025bc0        0x0 FrontPageVfr.obj (symbol from plugin)

.dynbss         0x0000000000025bc0        0x0
 .dynbss        0x0000000000025bc0        0x0 FrontPageVfr.obj (symbol from plugin)

.gnu.version_d  0x0000000000025bc0        0x0
 .gnu.version_d
                0x0000000000025bc0        0x0 FrontPageVfr.obj (symbol from plugin)

.gnu.version    0x0000000000025bc0        0x0
 .gnu.version   0x0000000000025bc0        0x0 FrontPageVfr.obj (symbol from plugin)

.gnu.version_r  0x0000000000025bc0        0x0
 .gnu.version_r
                0x0000000000025bc0        0x0 FrontPageVfr.obj (symbol from plugin)

.rela           0x0000000000025bc0      0x4f8
 *(.rela .rela.*)
 .rela.plt      0x0000000000025bc0        0x0 FrontPageVfr.obj (symbol from plugin)
 .rela.got      0x0000000000025bc0        0x0 FrontPageVfr.obj (symbol from plugin)
 .rela.bss      0x0000000000025bc0        0x0 FrontPageVfr.obj (symbol from plugin)
 .rela.data.rel.ro
                0x0000000000025bc0        0x0 FrontPageVfr.obj (symbol from plugin)
 .rela.ifunc    0x0000000000025bc0        0x0 FrontPageVfr.obj (symbol from plugin)
 .rela.data.rel.local.gFrontPagePrivate
                0x0000000000025bc0       0x48 FrontPageVfr.obj (symbol from plugin)
 .rela.data.rel.local.gFileExplorerPrivate
                0x0000000000025c08       0x60 FrontPageVfr.obj (symbol from plugin)
 .rela.data.rel.ro.local.mBmLoadOptionName
                0x0000000000025c68       0x60 FrontPageVfr.obj (symbol from plugin)
 .rela.data.rel.ro.local.mBmLoadOptionOrderName
                0x0000000000025cc8       0x48 FrontPageVfr.obj (symbol from plugin)
 .rela.data.rel.local.mPlatformBootDescriptionHandlers
                0x0000000000025d10       0x30 FrontPageVfr.obj (symbol from plugin)
 .rela.data.rel.ro.local.mBmBootDescriptionHandlers
                0x0000000000025d40       0x90 FrontPageVfr.obj (symbol from plugin)
 .rela.data.rel.ro.local.mConVarName
                0x0000000000025dd0       0x90 FrontPageVfr.obj (symbol from plugin)
 .rela.data.rel.local.gDeviceManagerPrivate
                0x0000000000025e60       0x48 FrontPageVfr.obj (symbol from plugin)
 .rela.data.rel.ro.local.mDeviceTypeStr
                0x0000000000025ea8       0xc0 FrontPageVfr.obj (symbol from plugin)
 .rela.data.rel.local.gBootManagerPrivate
                0x0000000000025f68       0x48 FrontPageVfr.obj (symbol from plugin)
 .rela.data.rel.local.mBmHotkeyList
                0x0000000000025fb0       0x30 FrontPageVfr.obj (symbol from plugin)
 .rela.data.rel.ro.local.mBmHealthStatusText
                0x0000000000025fe0       0x90 FrontPageVfr.obj (symbol from plugin)
 .rela.data.rel.local.gBootMaintenancePrivate
                0x0000000000026070       0x48 FrontPageVfr.obj (symbol from plugin)

.hii
 *(.hii)

.build-id       0x00000000000260b8       0x24
 *(.note.gnu.build-id)
 .note.gnu.build-id
                0x00000000000260b8       0x24 FrontPageVfr.obj (symbol from plugin)

/DISCARD/
 *(.note.GNU-stack)
 *(.gnu_debuglink)
 *(.interp)
 *(.dynsym)
 *(.dynstr)
 *(.dynamic)
 *(.hash .gnu.hash)
 *(.comment)
OUTPUT(/home/hcj/UEFIWorkspace/Build/OvmfX64/DEBUG_GCC5/X64/MdeModulePkg/Application/UiApp/UiApp/DEBUG/UiApp.dll elf64-x86-64)

.debug_info     0x0000000000000000    0x470b1
 .debug_info    0x0000000000000000     0x4838 /tmp/ccpQv0sW.ltrans0.ltrans.o
 .debug_info    0x0000000000004838     0x5a42 /tmp/ccpQv0sW.ltrans1.ltrans.o
 .debug_info    0x000000000000a27a     0x5517 /tmp/ccpQv0sW.ltrans2.ltrans.o
 .debug_info    0x000000000000f791     0x4f36 /tmp/ccpQv0sW.ltrans3.ltrans.o
 .debug_info    0x00000000000146c7     0x3535 /tmp/ccpQv0sW.ltrans4.ltrans.o
 .debug_info    0x0000000000017bfc     0x3877 /tmp/ccpQv0sW.ltrans5.ltrans.o
 .debug_info    0x000000000001b473     0x3105 /tmp/ccpQv0sW.ltrans6.ltrans.o
 .debug_info    0x000000000001e578     0x3c48 /tmp/ccpQv0sW.ltrans7.ltrans.o
 .debug_info    0x00000000000221c0     0x2401 /tmp/ccpQv0sW.ltrans8.ltrans.o
 .debug_info    0x00000000000245c1     0x1549 /tmp/ccpQv0sW.ltrans9.ltrans.o
 .debug_info    0x0000000000025b0a     0x2cd0 /tmp/ccpQv0sW.ltrans10.ltrans.o