Archive member included to satisfy reference by file (symbol)

/home/hcj/UEFIWorkspace/Build/Shell/RELEASE_GCC5/IA32/ShellPkg/DynamicCommand/DpDynamicCommand/DpApp/OUTPUT/dp.lib(Dp.obj)
                              (--whole-archive)
/home/hcj/UEFIWorkspace/Build/Shell/RELEASE_GCC5/IA32/ShellPkg/DynamicCommand/DpDynamicCommand/DpApp/OUTPUT/dp.lib(Literals.obj)
                              (--whole-archive)
/home/hcj/UEFIWorkspace/Build/Shell/RELEASE_GCC5/IA32/ShellPkg/DynamicCommand/DpDynamicCommand/DpApp/OUTPUT/dp.lib(DpUtilities.obj)
                              (--whole-archive)
/home/hcj/UEFIWorkspace/Build/Shell/RELEASE_GCC5/IA32/ShellPkg/DynamicCommand/DpDynamicCommand/DpApp/OUTPUT/dp.lib(DpTrace.obj)
                              (--whole-archive)
/home/hcj/UEFIWorkspace/Build/Shell/RELEASE_GCC5/IA32/ShellPkg/DynamicCommand/DpDynamicCommand/DpApp/OUTPUT/dp.lib(DpApp.obj)
                              (--whole-archive)
/home/hcj/UEFIWorkspace/Build/Shell/RELEASE_GCC5/IA32/ShellPkg/DynamicCommand/DpDynamicCommand/DpApp/OUTPUT/dp.lib(AutoGen.obj)
                              (--whole-archive)
/home/hcj/UEFIWorkspace/Build/Shell/RELEASE_GCC5/IA32/MdePkg/Library/RegisterFilterLibNull/RegisterFilterLibNull/OUTPUT/FilterLibNull.lib(RegisterFilterLibNull.obj)
                              (--whole-archive)
/home/hcj/UEFIWorkspace/Build/Shell/RELEASE_GCC5/IA32/MdePkg/Library/BasePcdLibNull/BasePcdLibNull/OUTPUT/BasePcdLibNull.lib(PcdLib.obj)
                              (--whole-archive)
/home/hcj/UEFIWorkspace/Build/Shell/RELEASE_GCC5/IA32/MdePkg/Library/BaseDebugLibNull/BaseDebugLibNull/OUTPUT/BaseDebugLibNull.lib(DebugLib.obj)
                              (--whole-archive)
/home/hcj/UEFIWorkspace/Build/Shell/RELEASE_GCC5/IA32/MdePkg/Library/BaseMemoryLib/BaseMemoryLib/OUTPUT/BaseMemoryLib.lib(SetMem.obj)
                              (--whole-archive)
/home/hcj/UEFIWorkspace/Build/Shell/RELEASE_GCC5/IA32/MdePkg/Library/BaseMemoryLib/BaseMemoryLib/OUTPUT/BaseMemoryLib.lib(ScanMem64Wrapper.obj)
                              (--whole-archive)
/home/hcj/UEFIWorkspace/Build/Shell/RELEASE_GCC5/IA32/MdePkg/Library/BaseMemoryLib/BaseMemoryLib/OUTPUT/BaseMemoryLib.lib(ScanMem32Wrapper.obj)
                              (--whole-archive)
/home/hcj/UEFIWorkspace/Build/Shell/RELEASE_GCC5/IA32/MdePkg/Library/BaseMemoryLib/BaseMemoryLib/OUTPUT/BaseMemoryLib.lib(ScanMem16Wrapper.obj)
                              (--whole-archive)
/home/hcj/UEFIWorkspace/Build/Shell/RELEASE_GCC5/IA32/MdePkg/Library/BaseMemoryLib/BaseMemoryLib/OUTPUT/BaseMemoryLib.lib(ScanMem8Wrapper.obj)
                              (--whole-archive)
/home/hcj/UEFIWorkspace/Build/Shell/RELEASE_GCC5/IA32/MdePkg/Library/BaseMemoryLib/BaseMemoryLib/OUTPUT/BaseMemoryLib.lib(ZeroMemWrapper.obj)
                              (--whole-archive)
/home/hcj/UEFIWorkspace/Build/Shell/RELEASE_GCC5/IA32/MdePkg/Library/BaseMemoryLib/BaseMemoryLib/OUTPUT/BaseMemoryLib.lib(CompareMemWrapper.obj)
                              (--whole-archive)
/home/hcj/UEFIWorkspace/Build/Shell/RELEASE_GCC5/IA32/MdePkg/Library/BaseMemoryLib/BaseMemoryLib/OUTPUT/BaseMemoryLib.lib(SetMem64Wrapper.obj)
                              (--whole-archive)
/home/hcj/UEFIWorkspace/Build/Shell/RELEASE_GCC5/IA32/MdePkg/Library/BaseMemoryLib/BaseMemoryLib/OUTPUT/BaseMemoryLib.lib(SetMem32Wrapper.obj)
                              (--whole-archive)
/home/hcj/UEFIWorkspace/Build/Shell/RELEASE_GCC5/IA32/MdePkg/Library/BaseMemoryLib/BaseMemoryLib/OUTPUT/BaseMemoryLib.lib(SetMem16Wrapper.obj)
                              (--whole-archive)
/home/hcj/UEFIWorkspace/Build/Shell/RELEASE_GCC5/IA32/MdePkg/Library/BaseMemoryLib/BaseMemoryLib/OUTPUT/BaseMemoryLib.lib(SetMemWrapper.obj)
                              (--whole-archive)
/home/hcj/UEFIWorkspace/Build/Shell/RELEASE_GCC5/IA32/MdePkg/Library/BaseMemoryLib/BaseMemoryLib/OUTPUT/BaseMemoryLib.lib(CopyMemWrapper.obj)
                              (--whole-archive)
/home/hcj/UEFIWorkspace/Build/Shell/RELEASE_GCC5/IA32/MdePkg/Library/BaseMemoryLib/BaseMemoryLib/OUTPUT/BaseMemoryLib.lib(IsZeroBufferWrapper.obj)
                              (--whole-archive)
/home/hcj/UEFIWorkspace/Build/Shell/RELEASE_GCC5/IA32/MdePkg/Library/BaseMemoryLib/BaseMemoryLib/OUTPUT/BaseMemoryLib.lib(MemLibGeneric.obj)
                              (--whole-archive)
/home/hcj/UEFIWorkspace/Build/Shell/RELEASE_GCC5/IA32/MdePkg/Library/BaseMemoryLib/BaseMemoryLib/OUTPUT/BaseMemoryLib.lib(MemLibGuid.obj)
                              (--whole-archive)
/home/hcj/UEFIWorkspace/Build/Shell/RELEASE_GCC5/IA32/MdePkg/Library/BaseMemoryLib/BaseMemoryLib/OUTPUT/BaseMemoryLib.lib(CopyMem.obj)
                              (--whole-archive)
/home/hcj/UEFIWorkspace/Build/Shell/RELEASE_GCC5/IA32/MdePkg/Library/BaseLib/BaseLib/OUTPUT/BaseLib.lib(CheckSum.obj)
                              (--whole-archive)
[...]
Memory Configuration

Name             Origin             Length             Attributes
*default*        0x0000000000000000 0xffffffffffffffff

Linker script and memory map

LOAD /tmp/ccfc07zw.ltrans0.ltrans.o
LOAD /tmp/ccfc07zw.ltrans1.ltrans.o
LOAD /tmp/ccfc07zw.ltrans2.ltrans.o
LOAD /tmp/ccfc07zw.ltrans3.ltrans.o
LOAD /tmp/ccfc07zw.ltrans4.ltrans.o
LOAD /tmp/ccfc07zw.ltrans5.ltrans.o
LOAD /tmp/ccfc07zw.ltrans6.ltrans.o
LOAD /tmp/ccfc07zw.ltrans7.ltrans.o
LOAD /tmp/ccfc07zw.ltrans8.ltrans.o
LOAD /tmp/ccfc07zw.ltrans9.ltrans.o
LOAD /tmp/ccfc07zw.ltrans10.ltrans.o
START GROUP
LOAD /home/hcj/UEFIWorkspace/Build/Shell/RELEASE_GCC5/IA32/ShellPkg/DynamicCommand/DpDynamicCommand/DpApp/OUTPUT/dp.lib
LOAD /home/hcj/UEFIWorkspace/Build/Shell/RELEASE_GCC5/IA32/MdePkg/Library/RegisterFilterLibNull/RegisterFilterLibNull/OUTPUT/FilterLibNull.lib
LOAD /home/hcj/UEFIWorkspace/Build/Shell/RELEASE_GCC5/IA32/MdePkg/Library/BasePcdLibNull/BasePcdLibNull/OUTPUT/BasePcdLibNull.lib
LOAD /home/hcj/UEFIWorkspace/Build/Shell/RELEASE_GCC5/IA32/MdePkg/Library/BaseDebugLibNull/BaseDebugLibNull/OUTPUT/BaseDebugLibNull.lib
LOAD /home/hcj/UEFIWorkspace/Build/Shell/RELEASE_GCC5/IA32/MdePkg/Library/BaseMemoryLib/BaseMemoryLib/OUTPUT/BaseMemoryLib.lib
LOAD /home/hcj/UEFIWorkspace/Build/Shell/RELEASE_GCC5/IA32/MdePkg/Library/BaseLib/BaseLib/OUTPUT/BaseLib.lib
LOAD /home/hcj/UEFIWorkspace/Build/Shell/RELEASE_GCC5/IA32/MdePkg/Library/UefiBootServicesTableLib/UefiBootServicesTableLib/OUTPUT/UefiBootServicesTableLib.lib
LOAD /home/hcj/UEFIWorkspace/Build/Shell/RELEASE_GCC5/IA32/MdePkg/Library/BasePrintLib/BasePrintLib/OUTPUT/BasePrintLib.lib
LOAD /home/hcj/UEFIWorkspace/Build/Shell/RELEASE_GCC5/IA32/MdePkg/Library/UefiMemoryAllocationLib/UefiMemoryAllocationLib/OUTPUT/UefiMemoryAllocationLib.lib
LOAD /home/hcj/UEFIWorkspace/Build/Shell/RELEASE_GCC5/IA32/MdePkg/Library/UefiDevicePathLib/UefiDevicePathLibOptionalDevicePathProtocol/OUTPUT/UefiDevicePathLibOptionalDevicePathProtocol.lib
LOAD /home/hcj/UEFIWorkspace/Build/Shell/RELEASE_GCC5/IA32/MdePkg/Library/UefiRuntimeServicesTableLib/UefiRuntimeServicesTableLib/OUTPUT/UefiRuntimeServicesTableLib.lib
LOAD /home/hcj/UEFIWorkspace/Build/Shell/RELEASE_GCC5/IA32/MdeModulePkg/Library/UefiHiiServicesLib/UefiHiiServicesLib/OUTPUT/UefiHiiServicesLib.lib
LOAD /home/hcj/UEFIWorkspace/Build/Shell/RELEASE_GCC5/IA32/MdePkg/Library/UefiLib/UefiLib/OUTPUT/UefiLib.lib
LOAD /home/hcj/UEFIWorkspace/Build/Shell/RELEASE_GCC5/IA32/MdeModulePkg/Library/UefiHiiLib/UefiHiiLib/OUTPUT/UefiHiiLib.lib
LOAD /home/hcj/UEFIWorkspace/Build/Shell/RELEASE_GCC5/IA32/MdePkg/Library/UefiFileHandleLib/UefiFileHandleLib/OUTPUT/UefiFileHandleLib.lib
LOAD /home/hcj/UEFIWorkspace/Build/Shell/RELEASE_GCC5/IA32/MdeModulePkg/Library/UefiSortLib/UefiSortLib/OUTPUT/UefiSortLib.lib
LOAD /home/hcj/UEFIWorkspace/Build/Shell/RELEASE_GCC5/IA32/ShellPkg/Library/UefiShellLib/UefiShellLib/OUTPUT/UefiShellLib.lib
LOAD /home/hcj/UEFIWorkspace/Build/Shell/RELEASE_GCC5/IA32/MdePkg/Library/UefiApplicationEntryPoint/UefiApplicationEntryPoint/OUTPUT/UefiApplicationEntryPoint.lib
LOAD /home/hcj/UEFIWorkspace/Build/Shell/RELEASE_GCC5/IA32/MdePkg/Library/BasePerformanceLibNull/BasePerformanceLibNull/OUTPUT/BasePerformanceLibNull.lib
LOAD /home/hcj/UEFIWorkspace/Build/Shell/RELEASE_GCC5/IA32/MdePkg/Library/DxeServicesLib/DxeServicesLib/OUTPUT/DxeServicesLib.lib
LOAD /home/hcj/UEFIWorkspace/Build/Shell/RELEASE_GCC5/IA32/MdePkg/Library/BasePeCoffGetEntryPointLib/BasePeCoffGetEntryPointLib/OUTPUT/BasePeCoffGetEntryPointLib.lib
LOAD /home/hcj/UEFIWorkspace/Build/Shell/RELEASE_GCC5/IA32/ShellPkg/DynamicCommand/DpDynamicCommand/DpApp/OUTPUT/dphii.lib
END GROUP
                0x0000000000000220                PECOFF_HEADER_SIZE = 0x220
                0x0000000000000220                . = PECOFF_HEADER_SIZE

.text           0x0000000000000240     0x8770
 *(.text .text.* .stub .gnu.linkonce.t.*)
 .text._ModuleEntryPoint
                0x0000000000000240     0x1bee /tmp/ccfc07zw.ltrans0.ltrans.o
                0x0000000000000240                _ModuleEntryPoint
 .text.IsZeroGuid
                0x0000000000001e2e       0x18 /tmp/ccfc07zw.ltrans1.ltrans.o
 .text.CompareGuid
                0x0000000000001e46       0x2f /tmp/ccfc07zw.ltrans1.ltrans.o
                0x0000000000001e46                CompareGuid
 .text.GetHandleFormModuleGuid
                0x0000000000001e75       0x7a /tmp/ccfc07zw.ltrans1.ltrans.o
 .text.CopyMem  0x0000000000001eef      0x1f7 /tmp/ccfc07zw.ltrans1.ltrans.o
                0x0000000000001eef                CopyMem
 .text.ZeroMem.part.0.lto_priv.35
                0x00000000000020e6       0xa3 /tmp/ccfc07zw.ltrans1.ltrans.o
                0x00000000000020e6                ZeroMem.part.0.lto_priv.35
 .text.unlikely.GetPerformanceMeasurementRecord
                0x0000000000002189       0x7b /tmp/ccfc07zw.ltrans1.ltrans.o
                0x0000000000002189                GetPerformanceMeasurementRecord
 .text.unlikely.GetCumulativeItem
                0x0000000000002204       0x3d /tmp/ccfc07zw.ltrans1.ltrans.o
                0x0000000000002204                GetCumulativeItem
 .text.unlikely.DurationInMicroSeconds
                0x0000000000002241       0x14 /tmp/ccfc07zw.ltrans1.ltrans.o
                0x0000000000002241                DurationInMicroSeconds
 .text.unlikely.ProcessCumulative
                0x0000000000002255      0x1e2 /tmp/ccfc07zw.ltrans1.ltrans.o
                0x0000000000002255                ProcessCumulative
 .text.unlikely.DpGetNameFromHandle
                0x0000000000002437      0x5ce /tmp/ccfc07zw.ltrans1.ltrans.o
                0x0000000000002437                DpGetNameFromHandle
 .text.unlikely.IsPhase
                0x0000000000002a05       0x71 /tmp/ccfc07zw.ltrans1.ltrans.o
                0x0000000000002a05                IsPhase
 .text.unlikely.GetDuration
                0x0000000000002a76       0x39 /tmp/ccfc07zw.ltrans1.ltrans.o
                0x0000000000002a76                GetDuration
 .text.GetMeasurementInfo
                0x0000000000002aaf      0x2c6 /tmp/ccfc07zw.ltrans1.ltrans.o
                0x0000000000002aaf                GetMeasurementInfo
 .text.DevPathRelativeOffsetRange
                0x0000000000002d75       0x27 /tmp/ccfc07zw.ltrans2.ltrans.o
                0x0000000000002d75                DevPathRelativeOffsetRange
 .text.DevPathToTextFvFile
                0x0000000000002d9c       0x19 /tmp/ccfc07zw.ltrans2.ltrans.o
                0x0000000000002d9c                DevPathToTextFvFile
 .text.DevPathToTextFv
                0x0000000000002db5       0x19 /tmp/ccfc07zw.ltrans2.ltrans.o
                0x0000000000002db5                DevPathToTextFv
 .text.DevPathToTextMediaProtocol
                0x0000000000002dce       0x19 /tmp/ccfc07zw.ltrans2.ltrans.o
                0x0000000000002dce                DevPathToTextMediaProtocol
 .text.DevPathToTextFilePath
                0x0000000000002de7       0x19 /tmp/ccfc07zw.ltrans2.ltrans.o
                0x0000000000002de7                DevPathToTextFilePath
 .text.DevPathToTextCDROM
                0x0000000000002e00       0x45 /tmp/ccfc07zw.ltrans2.ltrans.o
                0x0000000000002e00                DevPathToTextCDROM
 .text.DevPathToTextHardDrive
                0x0000000000002e45       0x80 /tmp/ccfc07zw.ltrans2.ltrans.o
                0x0000000000002e45                DevPathToTextHardDrive
 .text.DevPathToTextBluetoothLE
                0x0000000000002ec5       0x3e /tmp/ccfc07zw.ltrans2.ltrans.o
                0x0000000000002ec5                DevPathToTextBluetoothLE
 .text.DevPathToTextBluetooth
                0x0000000000002f03       0x39 /tmp/ccfc07zw.ltrans2.ltrans.o
                0x0000000000002f03                DevPathToTextBluetooth
 .text.DevPathToTextVlan
                0x0000000000002f3c       0x1a /tmp/ccfc07zw.ltrans2.ltrans.o
                0x0000000000002f3c                DevPathToTextVlan
 .text.DevPathToTextiSCSI
                0x0000000000002f56       0xeb /tmp/ccfc07zw.ltrans2.ltrans.o
                0x0000000000002f56                DevPathToTextiSCSI
 .text.DevPathToTextUart
                0x0000000000003041       0xc9 /tmp/ccfc07zw.ltrans2.ltrans.o
                0x0000000000003041                DevPathToTextUart
 .text.DevPathToTextInfiniBand
                0x000000000000310a       0x34 /tmp/ccfc07zw.ltrans2.ltrans.o
                0x000000000000310a                DevPathToTextInfiniBand
 .text.CatIPv6Address
                0x000000000000313e       0x65 /tmp/ccfc07zw.ltrans2.ltrans.o
 .text.CatIPv4Address
                0x00000000000031a3       0x29 /tmp/ccfc07zw.ltrans2.ltrans.o
 .text.CatNetworkProtocol
                0x00000000000031cc       0x39 /tmp/ccfc07zw.ltrans2.ltrans.o
 .text.DevPathToTextMacAddr
                0x0000000000003205       0x69 /tmp/ccfc07zw.ltrans2.ltrans.o
                0x0000000000003205                DevPathToTextMacAddr
 .text.DevPathToTextI2O
                0x000000000000326e       0x19 /tmp/ccfc07zw.ltrans2.ltrans.o
                0x000000000000326e                DevPathToTextI2O
 .text.DevPathToTextSata
                0x0000000000003287       0x2a /tmp/ccfc07zw.ltrans2.ltrans.o
                0x0000000000003287                DevPathToTextSata
 .text.DevPathToTextUsbClass
                0x00000000000032b1      0x160 /tmp/ccfc07zw.ltrans2.ltrans.o
                0x00000000000032b1                DevPathToTextUsbClass
 .text.DevPathToTextLogicalUnit
                0x0000000000003411       0x1a /tmp/ccfc07zw.ltrans2.ltrans.o
                0x0000000000003411                DevPathToTextLogicalUnit
 .text.DevPathToTextUsb
                0x000000000000342b       0x21 /tmp/ccfc07zw.ltrans2.ltrans.o
                0x000000000000342b                DevPathToTextUsb
 .text.DevPathToText1394
                0x000000000000344c       0x1f /tmp/ccfc07zw.ltrans2.ltrans.o
                0x000000000000344c                DevPathToText1394
 .text.DevPathToTextEmmc
                0x000000000000346b       0x1a /tmp/ccfc07zw.ltrans2.ltrans.o
                0x000000000000346b                DevPathToTextEmmc
 .text.DevPathToTextSd
                0x0000000000003485       0x1a /tmp/ccfc07zw.ltrans2.ltrans.o
                0x0000000000003485                DevPathToTextSd
 .text.DevPathToTextUfs
                0x000000000000349f       0x21 /tmp/ccfc07zw.ltrans2.ltrans.o
                0x000000000000349f                DevPathToTextUfs
 .text.DevPathToTextNVMe
                0x00000000000034c0       0x46 /tmp/ccfc07zw.ltrans2.ltrans.o
                0x00000000000034c0                DevPathToTextNVMe
 .text.DevPathToTextSasEx
                0x0000000000003506      0x122 /tmp/ccfc07zw.ltrans2.ltrans.o
                0x0000000000003506                DevPathToTextSasEx
 .text.DevPathToTextFibreEx
                0x0000000000003628       0x7d /tmp/ccfc07zw.ltrans2.ltrans.o
                0x0000000000003628                DevPathToTextFibreEx
 .text.DevPathToTextFibre
                0x00000000000036a5       0x27 /tmp/ccfc07zw.ltrans2.ltrans.o
                0x00000000000036a5                DevPathToTextFibre
 .text.DevPathToTextScsi
                0x00000000000036cc       0x21 /tmp/ccfc07zw.ltrans2.ltrans.o
                0x00000000000036cc                DevPathToTextScsi
 .text.DevPathToTextAtapi
                0x00000000000036ed       0x65 /tmp/ccfc07zw.ltrans2.ltrans.o
                0x00000000000036ed                DevPathToTextAtapi
 .text.DevPathToTextRamDisk
                0x0000000000003752      0x1a5 /tmp/ccfc07zw.ltrans2.ltrans.o
                0x0000000000003752                DevPathToTextRamDisk
 .text.DevPathToTextWiFi
                0x00000000000038f7       0x36 /tmp/ccfc07zw.ltrans2.ltrans.o
                0x00000000000038f7                DevPathToTextWiFi
 .text.DevPathToTextDns
                0x000000000000392d       0x93 /tmp/ccfc07zw.ltrans2.ltrans.o
                0x000000000000392d                DevPathToTextDns
 .text.DevPathToTextIPv6
                0x00000000000039c0       0xcc /tmp/ccfc07zw.ltrans2.ltrans.o
                0x00000000000039c0                DevPathToTextIPv6
 .text.DevPathToTextIPv4
                0x0000000000003a8c       0xce /tmp/ccfc07zw.ltrans2.ltrans.o
                0x0000000000003a8c                DevPathToTextIPv4
 .text.DevPathToTextAcpiAdr
                0x0000000000003b5a       0x6e /tmp/ccfc07zw.ltrans2.ltrans.o
                0x0000000000003b5a                DevPathToTextAcpiAdr
 .text.DevPathToTextUri
                0x0000000000003bc8       0x65 /tmp/ccfc07zw.ltrans2.ltrans.o
                0x0000000000003bc8                DevPathToTextUri
 .text.DevPathToTextUsbWWID
                0x0000000000003c2d       0x6f /tmp/ccfc07zw.ltrans2.ltrans.o
                0x0000000000003c2d                DevPathToTextUsbWWID
 .text.AsciiStrnLenS
                0x0000000000003c9c       0x2d /tmp/ccfc07zw.ltrans3.ltrans.o
                0x0000000000003c9c                AsciiStrnLenS
 .text.unlikely.AsciiStrToUnicodeStrS
                0x0000000000003cc9       0x95 /tmp/ccfc07zw.ltrans3.ltrans.o
                0x0000000000003cc9                AsciiStrToUnicodeStrS
 .text.StrnLenS
                0x0000000000003d5e       0x2e /tmp/ccfc07zw.ltrans3.ltrans.o
                0x0000000000003d5e                StrnLenS
 .text.InternalSafeStringNoStrOverlap
                0x0000000000003d8c       0x33 /tmp/ccfc07zw.ltrans3.ltrans.o
                0x0000000000003d8c                InternalSafeStringNoStrOverlap
 .text.StrnCatS
                0x0000000000003dbf       0xc6 /tmp/ccfc07zw.ltrans3.ltrans.o
                0x0000000000003dbf                StrnCatS
 .text.StrCatS  0x0000000000003e85       0xa0 /tmp/ccfc07zw.ltrans3.ltrans.o
                0x0000000000003e85                StrCatS
 .text.GetFirstNode
                0x0000000000003f25        0xa /tmp/ccfc07zw.ltrans3.ltrans.o
                0x0000000000003f25                GetFirstNode
 .text.IsNull   0x0000000000003f2f        0xe /tmp/ccfc07zw.ltrans3.ltrans.o
                0x0000000000003f2f                IsNull
 .text.GetNextNode
                0x0000000000003f3d        0xa /tmp/ccfc07zw.ltrans3.ltrans.o
                0x0000000000003f3d                GetNextNode
 .text.InsertHeadList
                0x0000000000003f47       0x17 /tmp/ccfc07zw.ltrans3.ltrans.o
                0x0000000000003f47                InsertHeadList
 .text.unlikely.DivU64x32
                0x0000000000003f5e        0x9 /tmp/ccfc07zw.ltrans3.ltrans.o
                0x0000000000003f5e                DivU64x32
 .text.LShiftU64
                0x0000000000003f67        0x9 /tmp/ccfc07zw.ltrans3.ltrans.o
                0x0000000000003f67                LShiftU64
 .text.DevPathToTextEndInstance
                0x0000000000003f70       0x10 /tmp/ccfc07zw.ltrans4.ltrans.o
                0x0000000000003f70                DevPathToTextEndInstance
 .text.DevPathToTextBBS
                0x0000000000003f80       0x82 /tmp/ccfc07zw.ltrans4.ltrans.o
                0x0000000000003f80                DevPathToTextBBS
 .text.DevPathToTextNodeGeneric
                0x0000000000004002       0xde /tmp/ccfc07zw.ltrans4.ltrans.o
                0x0000000000004002                DevPathToTextNodeGeneric
 .text.InternalPrintTo
                0x00000000000040e0       0x6a /tmp/ccfc07zw.ltrans4.ltrans.o
                0x00000000000040e0                InternalPrintTo
 .text.ShellCommandLineFreeVarList
                0x000000000000414a       0x76 /tmp/ccfc07zw.ltrans4.ltrans.o
                0x000000000000414a                ShellCommandLineFreeVarList
 .text.unlikely.ShellGetExecutionBreakFlag
                0x00000000000041c0       0x38 /tmp/ccfc07zw.ltrans4.ltrans.o
                0x00000000000041c0                ShellGetExecutionBreakFlag
 .text.ShellLibDestructor
                0x00000000000041f8       0xde /tmp/ccfc07zw.ltrans4.ltrans.o
                0x00000000000041f8                ShellLibDestructor
 .text.ShellLibConstructorWorker
                0x00000000000042d6      0x24b /tmp/ccfc07zw.ltrans4.ltrans.o
                0x00000000000042d6                ShellLibConstructorWorker
 .text.ShellIsHexaDecimalDigitCharacter
                0x0000000000004521       0x2e /tmp/ccfc07zw.ltrans4.ltrans.o
                0x0000000000004521                ShellIsHexaDecimalDigitCharacter
 .text.InternalShellIsHexOrDecimalNumber
                0x000000000000454f       0xb9 /tmp/ccfc07zw.ltrans4.ltrans.o
                0x000000000000454f                InternalShellIsHexOrDecimalNumber
 .text.InternalIsFlag
                0x0000000000004608       0x5c /tmp/ccfc07zw.ltrans4.ltrans.o
                0x0000000000004608                InternalIsFlag
 .text.StringNoCaseCompare
                0x0000000000004664       0x3f /tmp/ccfc07zw.ltrans4.ltrans.o
                0x0000000000004664                StringNoCaseCompare
 .text.ShellCommandLineGetValue
                0x00000000000046a3      0x129 /tmp/ccfc07zw.ltrans4.ltrans.o
                0x00000000000046a3                ShellCommandLineGetValue
 .text.ShellCommandLineGetFlag
                0x00000000000047cc      0x106 /tmp/ccfc07zw.ltrans4.ltrans.o
                0x00000000000047cc                ShellCommandLineGetFlag
 .text.EfiGetSystemConfigurationTable
                0x00000000000048d2       0x5b /tmp/ccfc07zw.ltrans4.ltrans.o
                0x00000000000048d2                EfiGetSystemConfigurationTable
 .text.BasePrintLibSPrintMarker.constprop.33
                0x000000000000492d      0xda0 /tmp/ccfc07zw.ltrans5.ltrans.o
                0x000000000000492d                BasePrintLibSPrintMarker.constprop.33
 .text.InternalAllocatePool.constprop.31
                0x00000000000056cd       0x28 /tmp/ccfc07zw.ltrans5.ltrans.o
                0x00000000000056cd                InternalAllocatePool.constprop.31
 .text.InternalAllocateZeroPool.constprop.30
                0x00000000000056f5       0x25 /tmp/ccfc07zw.ltrans5.ltrans.o
                0x00000000000056f5                InternalAllocateZeroPool.constprop.30
 .text.StrnCatGrow.constprop.28
                0x000000000000571a       0x72 /tmp/ccfc07zw.ltrans5.ltrans.o
                0x000000000000571a                StrnCatGrow.constprop.28
 .text.ShellCopySearchAndReplace.constprop.27
                0x000000000000578c      0x18c /tmp/ccfc07zw.ltrans5.ltrans.o
                0x000000000000578c                ShellCopySearchAndReplace.constprop.27
 .text.DevicePathNodeLength
                0x0000000000005918        0xc /tmp/ccfc07zw.ltrans6.ltrans.o
                0x0000000000005918                DevicePathNodeLength
 .text.DevicePathSubType
                0x0000000000005924        0xb /tmp/ccfc07zw.ltrans6.ltrans.o
                0x0000000000005924                DevicePathSubType
 .text.DevicePathType
                0x000000000000592f        0xa /tmp/ccfc07zw.ltrans6.ltrans.o
                0x000000000000592f                DevicePathType
 .text.FreePool
                0x0000000000005939        0xe /tmp/ccfc07zw.ltrans6.ltrans.o
                0x0000000000005939                FreePool
 .text.ReallocatePool
                0x0000000000005947       0x47 /tmp/ccfc07zw.ltrans6.ltrans.o
                0x0000000000005947                ReallocatePool
 .text.AllocateZeroPool
                0x000000000000598e        0xc /tmp/ccfc07zw.ltrans6.ltrans.o
                0x000000000000598e                AllocateZeroPool
 .text.UnicodeVSPrint
                0x000000000000599a       0x22 /tmp/ccfc07zw.ltrans6.ltrans.o
                0x000000000000599a                UnicodeVSPrint
 .text.UefiDevicePathLibCatPrint
                0x00000000000059bc       0x78 /tmp/ccfc07zw.ltrans6.ltrans.o
                0x00000000000059bc                UefiDevicePathLibCatPrint
 .text.DevPathToTextAcpi
                0x0000000000005a34       0xbc /tmp/ccfc07zw.ltrans6.ltrans.o
                0x0000000000005a34                DevPathToTextAcpi
 .text.DevPathToTextBmc
                0x0000000000005af0       0x26 /tmp/ccfc07zw.ltrans6.ltrans.o
                0x0000000000005af0                DevPathToTextBmc
 .text.DevPathToTextController
                0x0000000000005b16       0x19 /tmp/ccfc07zw.ltrans6.ltrans.o
                0x0000000000005b16                DevPathToTextController
 .text.DevPathToTextVendor
                0x0000000000005b2f      0x2a3 /tmp/ccfc07zw.ltrans6.ltrans.o
                0x0000000000005b2f                DevPathToTextVendor
 .text.DevPathToTextMemMap
                0x0000000000005dd2       0x2a /tmp/ccfc07zw.ltrans6.ltrans.o
                0x0000000000005dd2                DevPathToTextMemMap
 .text.DevPathToTextPccard
                0x0000000000005dfc       0x1a /tmp/ccfc07zw.ltrans6.ltrans.o
                0x0000000000005dfc                DevPathToTextPccard
 .text.DevPathToTextPci
                0x0000000000005e16       0x21 /tmp/ccfc07zw.ltrans6.ltrans.o
                0x0000000000005e16                DevPathToTextPci
 .text.UnicodeSPrint
                0x0000000000005e37       0x1d /tmp/ccfc07zw.ltrans6.ltrans.o
                0x0000000000005e37                UnicodeSPrint
 .text.BasePrintLibFillBuffer
                0x0000000000005e54       0x33 /tmp/ccfc07zw.ltrans6.ltrans.o
                0x0000000000005e54                BasePrintLibFillBuffer
 .text.AsciiStrLen
                0x0000000000005e87       0x13 /tmp/ccfc07zw.ltrans6.ltrans.o
                0x0000000000005e87                AsciiStrLen
 .text.DevPathToTextAcpiEx
                0x0000000000005e9a      0x1fd /tmp/ccfc07zw.ltrans6.ltrans.o
                0x0000000000005e9a                DevPathToTextAcpiEx
 .text.AsciiStrCmp
                0x0000000000006097       0x1f /tmp/ccfc07zw.ltrans6.ltrans.o
                0x0000000000006097                AsciiStrCmp
 .text.StrLen   0x00000000000060b6       0x14 /tmp/ccfc07zw.ltrans6.ltrans.o
                0x00000000000060b6                StrLen
 .text.StrSize  0x00000000000060ca       0x12 /tmp/ccfc07zw.ltrans6.ltrans.o
                0x00000000000060ca                StrSize
 .text.StrnCmp.part.0.lto_priv.36
                0x00000000000060dc       0x42 /tmp/ccfc07zw.ltrans6.ltrans.o
                0x00000000000060dc                StrnCmp.part.0.lto_priv.36
 .text.StrStr   0x000000000000611e       0x49 /tmp/ccfc07zw.ltrans6.ltrans.o
                0x000000000000611e                StrStr
 .text.StrCmp   0x0000000000006167       0x25 /tmp/ccfc07zw.ltrans6.ltrans.o
                0x0000000000006167                StrCmp
 .text.GetBestLanguage.constprop.25
                0x000000000000618c       0xf1 /tmp/ccfc07zw.ltrans7.ltrans.o
                0x000000000000618c                GetBestLanguage.constprop.25
 .text.GetVariable2.constprop.24
                0x000000000000627d       0x91 /tmp/ccfc07zw.ltrans7.ltrans.o
                0x000000000000627d                GetVariable2.constprop.24
 .text.HiiGetString.constprop.21
                0x000000000000630e      0x17a /tmp/ccfc07zw.ltrans7.ltrans.o
                0x000000000000630e                HiiGetString.constprop.21
 .text.ShellPrintHiiEx.constprop.20
                0x0000000000006488      0x2c2 /tmp/ccfc07zw.ltrans7.ltrans.o
                0x0000000000006488                ShellPrintHiiEx.constprop.20
 .text.ScanTableInSDT.constprop.19
                0x000000000000674a       0x77 /tmp/ccfc07zw.ltrans7.ltrans.o
                0x000000000000674a                ScanTableInSDT.constprop.19
 .text.LocateAcpiTableInAcpiConfigurationTable.constprop.18
                0x00000000000067c1       0x86 /tmp/ccfc07zw.ltrans8.ltrans.o
                0x00000000000067c1                LocateAcpiTableInAcpiConfigurationTable.constprop.18
 .text.unlikely.StrnCpyS.constprop.15
                0x0000000000006847       0xaa /tmp/ccfc07zw.ltrans8.ltrans.o
                0x0000000000006847                StrnCpyS.constprop.15
 .text.InternalAllocateCopyPool.constprop.14
                0x00000000000068f1       0x25 /tmp/ccfc07zw.ltrans8.ltrans.o
                0x00000000000068f1                InternalAllocateCopyPool.constprop.14
 .text.unlikely.InternalGetSectionFromFv.constprop.11
                0x0000000000006916       0x98 /tmp/ccfc07zw.ltrans8.ltrans.o
                0x0000000000006916                InternalGetSectionFromFv.constprop.11
 .text.ShellConvertStringToUint64.constprop.5
                0x00000000000069ae      0x302 /tmp/ccfc07zw.ltrans8.ltrans.o
                0x00000000000069ae                ShellConvertStringToUint64.constprop.5
 .text.InternalCommandLineParse.part.11.constprop.2
                0x0000000000006cb0      0x4f1 /tmp/ccfc07zw.ltrans9.ltrans.o
                0x0000000000006cb0                InternalCommandLineParse.part.11.constprop.2
 .text.BasePrintLibSPrint.constprop.34
                0x00000000000071a1       0x21 /tmp/ccfc07zw.ltrans10.ltrans.o
                0x00000000000071a1                BasePrintLibSPrint.constprop.34
 *fill*         0x00000000000071c2        0xe 
 .text          0x00000000000071d0       0x1d /home/hcj/UEFIWorkspace/Build/Shell/RELEASE_GCC5/IA32/MdePkg/Library/BaseLib/BaseLib/OUTPUT/BaseLib.lib(DivU64x32Remainder.obj)
                0x00000000000071d0                InternalMathDivRemU64x32
 *fill*         0x00000000000071ed        0x3 
 .text          0x00000000000071f0       0x15 /home/hcj/UEFIWorkspace/Build/Shell/RELEASE_GCC5/IA32/MdePkg/Library/BaseLib/BaseLib/OUTPUT/BaseLib.lib(DivU64x32.obj)
                0x00000000000071f0                InternalMathDivU64x32
 *fill*         0x0000000000007205        0xb 
 .text          0x0000000000007210       0x12 /home/hcj/UEFIWorkspace/Build/Shell/RELEASE_GCC5/IA32/MdePkg/Library/BaseLib/BaseLib/OUTPUT/BaseLib.lib(MultU64x32.obj)
                0x0000000000007210                InternalMathMultU64x32
 *fill*         0x0000000000007222        0xe 
 .text          0x0000000000007230       0x1b /home/hcj/UEFIWorkspace/Build/Shell/RELEASE_GCC5/IA32/MdePkg/Library/BaseLib/BaseLib/OUTPUT/BaseLib.lib(RShiftU64.obj)
                0x0000000000007230                InternalMathRShiftU64
 *fill*         0x000000000000724b        0x5 
 .text          0x0000000000007250       0x1b /home/hcj/UEFIWorkspace/Build/Shell/RELEASE_GCC5/IA32/MdePkg/Library/BaseLib/BaseLib/OUTPUT/BaseLib.lib(LShiftU64.obj)
                0x0000000000007250                InternalMathLShiftU64
 *(.rodata .rodata.* .gnu.linkonce.r.*)
 *fill*         0x000000000000726b        0x1 
 .rodata.str2.2
                0x000000000000726c       0x3c /tmp/ccfc07zw.ltrans0.ltrans.o
                                         0x42 (size before relaxing)
 .rodata.str1.1
                0x00000000000072a8       0x36 /tmp/ccfc07zw.ltrans0.ltrans.o
 *fill*         0x00000000000072de        0x2 
 .rodata.ALit_BDS
                0x00000000000072e0        0x4 /tmp/ccfc07zw.ltrans0.ltrans.o
                0x00000000000072e0                ALit_BDS
 .rodata.ALit_DXE
                0x00000000000072e4        0x4 /tmp/ccfc07zw.ltrans0.ltrans.o
                0x00000000000072e4                ALit_DXE
 .rodata.ALit_PEI
                0x00000000000072e8        0x4 /tmp/ccfc07zw.ltrans0.ltrans.o
                0x00000000000072e8                ALit_PEI
 .rodata.ALit_SEC
                0x00000000000072ec        0x4 /tmp/ccfc07zw.ltrans0.ltrans.o
                0x00000000000072ec                ALit_SEC
 .rodata.ALit_BdsTO
                0x00000000000072f0        0xb /tmp/ccfc07zw.ltrans0.ltrans.o
 *fill*         0x00000000000072fb        0x1 
 .rodata.ALit_PEIM
                0x00000000000072fc        0x5 /tmp/ccfc07zw.ltrans0.ltrans.o
                0x00000000000072fc                ALit_PEIM
 .rodata.str1.1
                0x0000000000007301        0x6 /tmp/ccfc07zw.ltrans1.ltrans.o
                                          0x7 (size before relaxing)
 *fill*         0x0000000000007307        0x1 
 .rodata.str2.2
                0x0000000000007308       0x1e /tmp/ccfc07zw.ltrans1.ltrans.o
                                         0x24 (size before relaxing)
 *fill*         0x0000000000007326        0x2 
 .rodata.GetMeasurementInfo
                0x0000000000007328       0x5c /tmp/ccfc07zw.ltrans1.ltrans.o
 .rodata.ALit_DB_STOP
                0x0000000000007384        0x9 /tmp/ccfc07zw.ltrans1.ltrans.o
 *fill*         0x000000000000738d        0x3 
 .rodata.ALit_DB_SUPPORT
                0x0000000000007390        0xc /tmp/ccfc07zw.ltrans1.ltrans.o
 .rodata.ALit_DB_START
                0x000000000000739c        0xa /tmp/ccfc07zw.ltrans1.ltrans.o
 *fill*         0x00000000000073a6        0x2 
 .rodata.ALit_LOAD_IMAGE
                0x00000000000073a8        0xb /tmp/ccfc07zw.ltrans1.ltrans.o
 *fill*         0x00000000000073b3        0x1 
 .rodata.ALit_START_IMAGE
                0x00000000000073b4        0xc /tmp/ccfc07zw.ltrans1.ltrans.o
 .rodata.mUefiDevicePathLibToTextTable
                0x00000000000073c0      0x190 /tmp/ccfc07zw.ltrans1.ltrans.o
 .rodata.str2.2
                0x0000000000007550      0xaa6 /tmp/ccfc07zw.ltrans2.ltrans.o
                                        0xba2 (size before relaxing)
 *fill*         0x0000000000007ff6        0x2 
 .rodata.CSWTCH.43
                0x0000000000007ff8        0x6 /tmp/ccfc07zw.ltrans2.ltrans.o
 .rodata.str2.2
                0x0000000000007ffe       0xec /tmp/ccfc07zw.ltrans4.ltrans.o
                                        0x10c (size before relaxing)
 *fill*         0x00000000000080ea        0x2 
 .rodata.CSWTCH.59
                0x00000000000080ec       0x18 /tmp/ccfc07zw.ltrans4.ltrans.o
 *fill*         0x0000000000008104       0x1c 
 .rodata.mUefiDevicePathLibToTextTableGeneric
                0x0000000000008120       0x30 /tmp/ccfc07zw.ltrans4.ltrans.o
 .rodata.str1.1
                0x0000000000008150       0x7b /tmp/ccfc07zw.ltrans5.ltrans.o
 *fill*         0x00000000000081cb        0x1 
 .rodata.str2.2
                0x00000000000081cc        0x4 /tmp/ccfc07zw.ltrans5.ltrans.o
 .rodata.mHexStr
                0x00000000000081d0       0x10 /tmp/ccfc07zw.ltrans5.ltrans.o
 .rodata.mWarningString
                0x00000000000081e0       0x96 /tmp/ccfc07zw.ltrans5.ltrans.o
 *fill*         0x0000000000008276        0xa 
 .rodata.mErrorString
                0x0000000000008280      0x2b5 /tmp/ccfc07zw.ltrans5.ltrans.o
 *fill*         0x0000000000008535        0x3 
 .rodata._gPcd_FixedAtBuild_PcdMaximumUnicodeStringLength
                0x0000000000008538        0x4 /tmp/ccfc07zw.ltrans5.ltrans.o
                0x0000000000008538                _gPcd_FixedAtBuild_PcdMaximumLinkedListLength
                0x0000000000008538                _gPcd_FixedAtBuild_PcdMaximumAsciiStringLength
                0x0000000000008538                _gPcd_FixedAtBuild_PcdMaximumUnicodeStringLength
 .rodata.str2.2
                0x000000000000853c      0x3e2 /tmp/ccfc07zw.ltrans6.ltrans.o
                                        0x4aa (size before relaxing)
 .rodata.str2.2
                0x000000000000891e       0x2c /tmp/ccfc07zw.ltrans7.ltrans.o
                                         0x64 (size before relaxing)
 .rodata.str1.1
                0x000000000000894a        0x1 /tmp/ccfc07zw.ltrans7.ltrans.o
 .rodata.str2.2
                0x000000000000894a        0x6 /tmp/ccfc07zw.ltrans8.ltrans.o
                                          0xc (size before relaxing)
 .rodata.str2.2
                0x0000000000008950        0xc /tmp/ccfc07zw.ltrans9.ltrans.o
                                         0x46 (size before relaxing)
 *fill*         0x000000000000895c        0x4 
 .rodata.ParamList.lto_priv.37
                0x0000000000008960       0x50 /tmp/ccfc07zw.ltrans9.ltrans.o
                0x0000000000008960                ParamList.lto_priv.37
 *(.got .got.*)
 .got           0x00000000000089b0        0x0 /home/hcj/UEFIWorkspace/Build/Shell/RELEASE_GCC5/IA32/MdePkg/Library/BaseLib/BaseLib/OUTPUT/BaseLib.lib(WriteTr.obj)
 .got.plt       0x00000000000089b0        0x0 /home/hcj/UEFIWorkspace/Build/Shell/RELEASE_GCC5/IA32/MdePkg/Library/BaseLib/BaseLib/OUTPUT/BaseLib.lib(WriteTr.obj)
 *:AutoGen.obj(.data.g*Guid)

.iplt           0x00000000000089b0        0x0
 .iplt          0x00000000000089b0        0x0 /home/hcj/UEFIWorkspace/Build/Shell/RELEASE_GCC5/IA32/MdePkg/Library/BaseLib/BaseLib/OUTPUT/BaseLib.lib(WriteTr.obj)

.data           0x00000000000089c0      0x3f4
 *(.data .data.* .gnu.linkonce.d.*)
 .data.gEfiHiiPackageListProtocolGuid
                0x00000000000089c0       0x10 /tmp/ccfc07zw.ltrans0.ltrans.o
 .data.gEfiAcpi10TableGuid
                0x00000000000089d0       0x10 /tmp/ccfc07zw.ltrans0.ltrans.o
 .data.gEfiAcpi20TableGuid
                0x00000000000089e0       0x10 /tmp/ccfc07zw.ltrans0.ltrans.o
 .data.gEfiDriverBindingProtocolGuid
                0x00000000000089f0       0x10 /tmp/ccfc07zw.ltrans0.ltrans.o
                0x00000000000089f0                gEfiDriverBindingProtocolGuid
 .data.gEfiLoadedImageProtocolGuid
                0x0000000000008a00       0x10 /tmp/ccfc07zw.ltrans0.ltrans.o
                0x0000000000008a00                gEfiLoadedImageProtocolGuid
 *fill*         0x0000000000008a10       0x10 
 .data.CumData  0x0000000000008a20       0xa0 /tmp/ccfc07zw.ltrans0.ltrans.o
                0x0000000000008a20                CumData
 .data.gPerformanceProtocolGuid
                0x0000000000008ac0       0x10 /tmp/ccfc07zw.ltrans0.ltrans.o
 .data.gEfiDevicePathUtilitiesProtocolGuid
                0x0000000000008ad0       0x10 /tmp/ccfc07zw.ltrans0.ltrans.o
 .data.gEfiHiiImageProtocolGuid
                0x0000000000008ae0       0x10 /tmp/ccfc07zw.ltrans0.ltrans.o
 .data.gEfiHiiFontProtocolGuid
                0x0000000000008af0       0x10 /tmp/ccfc07zw.ltrans0.ltrans.o
 .data.gEfiHiiConfigRoutingProtocolGuid
                0x0000000000008b00       0x10 /tmp/ccfc07zw.ltrans0.ltrans.o
 .data.gEfiHiiDatabaseProtocolGuid
                0x0000000000008b10       0x10 /tmp/ccfc07zw.ltrans0.ltrans.o
 .data.gEfiHiiStringProtocolGuid
                0x0000000000008b20       0x10 /tmp/ccfc07zw.ltrans0.ltrans.o
 .data.gEfiDevicePathToTextProtocolGuid
                0x0000000000008b30       0x10 /tmp/ccfc07zw.ltrans1.ltrans.o
 .data.gEfiLoadedImageDevicePathProtocolGuid
                0x0000000000008b40       0x10 /tmp/ccfc07zw.ltrans1.ltrans.o
 .data.gEfiComponentName2ProtocolGuid
                0x0000000000008b50       0x10 /tmp/ccfc07zw.ltrans1.ltrans.o
 .data.gEfiPersistentVirtualCdGuid
                0x0000000000008b60       0x10 /tmp/ccfc07zw.ltrans2.ltrans.o
 .data.gEfiPersistentVirtualDiskGuid
                0x0000000000008b70       0x10 /tmp/ccfc07zw.ltrans2.ltrans.o
 .data.gEfiVirtualCdGuid
                0x0000000000008b80       0x10 /tmp/ccfc07zw.ltrans2.ltrans.o
 .data.gEfiVirtualDiskGuid
                0x0000000000008b90       0x10 /tmp/ccfc07zw.ltrans2.ltrans.o
 .data.gEfiUnicodeCollation2ProtocolGuid
                0x0000000000008ba0       0x10 /tmp/ccfc07zw.ltrans4.ltrans.o
 .data.gEfiShellEnvironment2ExtGuid
                0x0000000000008bb0       0x10 /tmp/ccfc07zw.ltrans4.ltrans.o
 .data.gEfiShellParametersProtocolGuid
                0x0000000000008bc0       0x10 /tmp/ccfc07zw.ltrans4.ltrans.o
 .data.gEfiShellProtocolGuid
                0x0000000000008bd0       0x10 /tmp/ccfc07zw.ltrans4.ltrans.o
 .data.gEfiShellInterfaceGuid
                0x0000000000008be0       0x10 /tmp/ccfc07zw.ltrans4.ltrans.o
 .data.gEfiShellEnvironment2Guid
                0x0000000000008bf0       0x10 /tmp/ccfc07zw.ltrans4.ltrans.o
 .data.gEfiDebugPortProtocolGuid
                0x0000000000008c00       0x10 /tmp/ccfc07zw.ltrans6.ltrans.o
 .data.gEfiSasDevicePathGuid
                0x0000000000008c10       0x10 /tmp/ccfc07zw.ltrans6.ltrans.o
 .data.gEfiUartDevicePathGuid
                0x0000000000008c20       0x10 /tmp/ccfc07zw.ltrans6.ltrans.o
 .data.gEfiVTUTF8Guid
                0x0000000000008c30       0x10 /tmp/ccfc07zw.ltrans6.ltrans.o
 .data.gEfiVT100PlusGuid
                0x0000000000008c40       0x10 /tmp/ccfc07zw.ltrans6.ltrans.o
 .data.gEfiVT100Guid
                0x0000000000008c50       0x10 /tmp/ccfc07zw.ltrans6.ltrans.o
 .data.gEfiPcAnsiGuid
                0x0000000000008c60       0x10 /tmp/ccfc07zw.ltrans6.ltrans.o
 .data.gEfiGlobalVariableGuid
                0x0000000000008c70       0x10 /tmp/ccfc07zw.ltrans7.ltrans.o
                0x0000000000008c70                gEfiGlobalVariableGuid
 .data.gEfiFirmwareVolume2ProtocolGuid
                0x0000000000008c80       0x10 /tmp/ccfc07zw.ltrans8.ltrans.o
                0x0000000000008c80                gEfiFirmwareVolume2ProtocolGuid
 *(.bss .bss.*)
 .bss.mDxePhase
                0x0000000000008c90        0x1 /tmp/ccfc07zw.ltrans0.ltrans.o
                0x0000000000008c90                mDxePhase
 .bss.mPeiPhase
                0x0000000000008c91        0x1 /tmp/ccfc07zw.ltrans0.ltrans.o
                0x0000000000008c91                mPeiPhase
 *fill*         0x0000000000008c92        0x2 
 .bss.mBootPerformanceTable
                0x0000000000008c94        0x4 /tmp/ccfc07zw.ltrans0.ltrans.o
 .bss.mBootPerformanceTableSize
                0x0000000000008c98        0x4 /tmp/ccfc07zw.ltrans0.ltrans.o
 *fill*         0x0000000000008c9c        0x4 
 .bss.mUnicodeToken
                0x0000000000008ca0       0x40 /tmp/ccfc07zw.ltrans0.ltrans.o
 .bss.SummaryData
                0x0000000000008ce0       0x18 /tmp/ccfc07zw.ltrans0.ltrans.o
 .bss.mCachePairCount
                0x0000000000008cf8        0x4 /tmp/ccfc07zw.ltrans0.ltrans.o
                0x0000000000008cf8                mCachePairCount
 .bss.mMeasurementNum
                0x0000000000008cfc        0x4 /tmp/ccfc07zw.ltrans0.ltrans.o
                0x0000000000008cfc                mMeasurementNum
 .bss.mCacheHandleGuidTable
                0x0000000000008d00        0x4 /tmp/ccfc07zw.ltrans0.ltrans.o
                0x0000000000008d00                mCacheHandleGuidTable
 .bss.mMeasurementList
                0x0000000000008d04        0x4 /tmp/ccfc07zw.ltrans0.ltrans.o
                0x0000000000008d04                mMeasurementList
 .bss.mInterestThreshold
                0x0000000000008d08        0x8 /tmp/ccfc07zw.ltrans0.ltrans.o
 .bss.mShowId   0x0000000000008d10        0x1 /tmp/ccfc07zw.ltrans0.ltrans.o
 *fill*         0x0000000000008d11        0x3 
 .bss.mDpHiiHandle
                0x0000000000008d14        0x4 /tmp/ccfc07zw.ltrans0.ltrans.o
                0x0000000000008d14                mDpHiiHandle
 .bss.gImageHandle
                0x0000000000008d18        0x4 /tmp/ccfc07zw.ltrans0.ltrans.o
                0x0000000000008d18                gImageHandle
 .bss.mDevicePathLibDevicePathUtilities
                0x0000000000008d1c        0x4 /tmp/ccfc07zw.ltrans0.ltrans.o
 .bss.gHiiImage
                0x0000000000008d20        0x4 /tmp/ccfc07zw.ltrans0.ltrans.o
 .bss.gHiiFont  0x0000000000008d24        0x4 /tmp/ccfc07zw.ltrans0.ltrans.o
 .bss.gHiiConfigRouting
                0x0000000000008d28        0x4 /tmp/ccfc07zw.ltrans0.ltrans.o
 .bss.gHiiDatabase
                0x0000000000008d2c        0x4 /tmp/ccfc07zw.ltrans0.ltrans.o
 .bss.mEfiShellEnvironment2Handle
                0x0000000000008d30        0x4 /tmp/ccfc07zw.ltrans0.ltrans.o
                0x0000000000008d30                mEfiShellEnvironment2Handle
 .bss.mEfiShellInterface
                0x0000000000008d34        0x4 /tmp/ccfc07zw.ltrans0.ltrans.o
                0x0000000000008d34                mEfiShellInterface
 .bss.gEfiShellParametersProtocol
                0x0000000000008d38        0x4 /tmp/ccfc07zw.ltrans0.ltrans.o
                0x0000000000008d38                gEfiShellParametersProtocol
 .bss.mDevicePathLibDevicePathToText
                0x0000000000008d3c        0x4 /tmp/ccfc07zw.ltrans1.ltrans.o
 .bss.mUnicodeCollation
                0x0000000000008d40        0x4 /tmp/ccfc07zw.ltrans4.ltrans.o
 .bss.gBS       0x0000000000008d44        0x4 /tmp/ccfc07zw.ltrans5.ltrans.o
                0x0000000000008d44                gBS
 .bss.gST       0x0000000000008d48        0x4 /tmp/ccfc07zw.ltrans7.ltrans.o
                0x0000000000008d48                gST
 .bss.gHiiString
                0x0000000000008d4c        0x4 /tmp/ccfc07zw.ltrans7.ltrans.o
                0x0000000000008d4c                gHiiString
 .bss.gRT       0x0000000000008d50        0x4 /tmp/ccfc07zw.ltrans7.ltrans.o
                0x0000000000008d50                gRT
 *fill*         0x0000000000008d54        0xc 
 .bss.mGaugeString
                0x0000000000008d60       0x4a /tmp/ccfc07zw.ltrans8.ltrans.o
                0x0000000000008d60                mGaugeString
 *fill*         0x0000000000008daa        0x2 
 .bss.mEfiShellEnvironment2
                0x0000000000008dac        0x4 /tmp/ccfc07zw.ltrans9.ltrans.o
                0x0000000000008dac                mEfiShellEnvironment2
 .bss.gEfiShellProtocol
                0x0000000000008db0        0x4 /tmp/ccfc07zw.ltrans9.ltrans.o
                0x0000000000008db0                gEfiShellProtocol

.igot.plt       0x0000000000008db4        0x0
 .igot.plt      0x0000000000008db4        0x0 /home/hcj/UEFIWorkspace/Build/Shell/RELEASE_GCC5/IA32/MdePkg/Library/BaseLib/BaseLib/OUTPUT/BaseLib.lib(WriteTr.obj)

.rel.dyn        0x0000000000008db4        0x0
 .rel.got       0x0000000000008db4        0x0 /home/hcj/UEFIWorkspace/Build/Shell/RELEASE_GCC5/IA32/MdePkg/Library/BaseLib/BaseLib/OUTPUT/BaseLib.lib(WriteTr.obj)
 .rel.iplt      0x0000000000008db4        0x0 /home/hcj/UEFIWorkspace/Build/Shell/RELEASE_GCC5/IA32/MdePkg/Library/BaseLib/BaseLib/OUTPUT/BaseLib.lib(WriteTr.obj)

.eh_frame
 *(.eh_frame)

.rela
 *(.rela .rela.*)

.hii            0x0000000000008dc0     0x2457
 *(.hii)
 .hii           0x0000000000008dc0     0x2457 /home/hcj/UEFIWorkspace/Build/Shell/RELEASE_GCC5/IA32/ShellPkg/DynamicCommand/DpDynamicCommand/DpApp/OUTPUT/dphii.lib
                0x0000000000008dc0                _binary__home_hcj_UEFIWorkspace_Build_Shell_RELEASE_GCC5_IA32_ShellPkg_DynamicCommand_DpDynamicCommand_DpApp_OUTPUT_dphii_rc_start
                0x000000000000b217                _binary__home_hcj_UEFIWorkspace_Build_Shell_RELEASE_GCC5_IA32_ShellPkg_DynamicCommand_DpDynamicCommand_DpApp_OUTPUT_dphii_rc_end

.build-id       0x000000000000b218       0x24
 *(.note.gnu.build-id)
 .note.gnu.build-id
                0x000000000000b218       0x24 Dp.obj (symbol from plugin)

/DISCARD/
 *(.note.GNU-stack)
 *(.gnu_debuglink)
 *(.interp)
 *(.dynsym)
 *(.dynstr)
 *(.dynamic)
 *(.hash .gnu.hash)
 *(.comment)
OUTPUT(/home/hcj/UEFIWorkspace/Build/Shell/RELEASE_GCC5/IA32/ShellPkg/DynamicCommand/DpDynamicCommand/DpApp/DEBUG/dp.dll elf32-i386)

.debug_info     0x0000000000000000    0x1778f
 .debug_info    0x0000000000000000     0x51f2 /tmp/ccfc07zw.ltrans0.ltrans.o
 .debug_info    0x00000000000051f2     0x350a /tmp/ccfc07zw.ltrans1.ltrans.o
 .debug_info    0x00000000000086fc     0x2681 /tmp/ccfc07zw.ltrans2.ltrans.o
 .debug_info    0x000000000000ad7d      0x843 /tmp/ccfc07zw.ltrans3.ltrans.o
 .debug_info    0x000000000000b5c0     0x2ca1 /tmp/ccfc07zw.ltrans4.ltrans.o
 .debug_info    0x000000000000e261     0x1a04 /tmp/ccfc07zw.ltrans5.ltrans.o
 .debug_info    0x000000000000fc65     0x1152 /tmp/ccfc07zw.ltrans6.ltrans.o
 .debug_info    0x0000000000010db7     0x2320 /tmp/ccfc07zw.ltrans7.ltrans.o
 .debug_info    0x00000000000130d7     0x12df /tmp/ccfc07zw.ltrans8.ltrans.o
 .debug_info    0x00000000000143b6     0x329b /tmp/ccfc07zw.ltrans9.ltrans.o
 .debug_info    0x0000000000017651      0x13e /tmp/ccfc07zw.ltrans10.ltrans.o

.debug_abbrev   0x0000000000000000     0x2152
 .debug_abbrev  0x0000000000000000      0x3bd /tmp/ccfc07zw.ltrans0.ltrans.o
 .debug_abbrev  0x00000000000003bd      0x48b /tmp/ccfc07zw.ltrans1.ltrans.o
 .debug_abbrev  0x0000000000000848      0x317 /tmp/ccfc07zw.ltrans2.ltrans.o
 .debug_abbrev  0x0000000000000b5f      0x2a4 /tmp/ccfc07zw.ltrans3.ltrans.o
 .debug_abbrev  0x0000000000000e03      0x443 /tmp/ccfc07zw.ltrans4.ltrans.o
 .debug_abbrev  0x0000000000001246      0x29f /tmp/ccfc07zw.ltrans5.ltrans.o
 .debug_abbrev  0x00000000000014e5      0x38c /tmp/ccfc07zw.ltrans6.ltrans.o
 .debug_abbrev  0x0000000000001871      0x2d5 /tmp/ccfc07zw.ltrans7.ltrans.o
 .debug_abbrev  0x0000000000001b46      0x295 /tmp/ccfc07zw.ltrans8.ltrans.o
 .debug_abbrev  0x0000000000001ddb      0x2bc /tmp/ccfc07zw.ltrans9.ltrans.o
 .debug_abbrev  0x0000000000002097       0xbb /tmp/ccfc07zw.ltrans10.ltrans.o

.debug_loc      0x0000000000000000     0x7019
 .debug_loc     0x0000000000000000     0x141b /tmp/ccfc07zw.ltrans0.ltrans.o
 .debug_loc     0x000000000000141b     0x154f /tmp/ccfc07zw.ltrans1.ltrans.o
 .debug_loc     0x000000000000296a      0xc85 /tmp/ccfc07zw.ltrans2.ltrans.o
 .debug_loc     0x00000000000035ef      0x4a0 /tmp/ccfc07zw.ltrans3.ltrans.o
 .debug_loc     0x0000000000003a8f      0x8d8 /tmp/ccfc07zw.ltrans4.ltrans.o
 .debug_loc     0x0000000000004367     0x114b /tmp/ccfc07zw.ltrans5.ltrans.o
 .debug_loc     0x00000000000054b2      0x856 /tmp/ccfc07zw.ltrans6.ltrans.o
 .debug_loc     0x0000000000005d08      0x759 /tmp/ccfc07zw.ltrans7.ltrans.o
 .debug_loc     0x0000000000006461      0x6c6 /tmp/ccfc07zw.ltrans8.ltrans.o
 .debug_loc     0x0000000000006b27      0x4f2 /tmp/ccfc07zw.ltrans9.ltrans.o

.debug_aranges  0x0000000000000000      0x548
 .debug_aranges
                0x0000000000000000       0x20 /tmp/ccfc07zw.ltrans0.ltrans.o
 .debug_aranges
                0x0000000000000020       0x88 /tmp/ccfc07zw.ltrans1.ltrans.o
 .debug_aranges
                0x00000000000000a8      0x158 /tmp/ccfc07zw.ltrans2.ltrans.o
 .debug_aranges
                0x0000000000000200       0x88 /tmp/ccfc07zw.ltrans3.ltrans.o
 .debug_aranges
                0x0000000000000288       0xe0 /tmp/ccfc07zw.ltrans4.ltrans.o
 .debug_aranges
                0x0000000000000368       0x40 /tmp/ccfc07zw.ltrans5.ltrans.o
 .debug_aranges
                0x00000000000003a8       0xe0 /tmp/ccfc07zw.ltrans6.ltrans.o
 .debug_aranges
                0x0000000000000488       0x40 /tmp/ccfc07zw.ltrans7.ltrans.o
 .debug_aranges
                0x00000000000004c8       0x40 /tmp/ccfc07zw.ltrans8.ltrans.o
 .debug_aranges
                0x0000000000000508       0x20 /tmp/ccfc07zw.ltrans9.ltrans.o
 .debug_aranges
                0x0000000000000528       0x20 /tmp/ccfc07zw.ltrans10.ltrans.o

.debug_ranges   0x0000000000000000     0x1130
 .debug_ranges  0x0000000000000000      0x7e8 /tmp/ccfc07zw.ltrans0.ltrans.o
 .debug_ranges  0x00000000000007e8      0x190 /tmp/ccfc07zw.ltrans1.ltrans.o
 .debug_ranges  0x0000000000000978      0x1b8 /tmp/ccfc07zw.ltrans2.ltrans.o
 .debug_ranges  0x0000000000000b30       0xc0 /tmp/ccfc07zw.ltrans3.ltrans.o
 .debug_ranges  0x0000000000000bf0      0x1e0 /tmp/ccfc07zw.ltrans4.ltrans.o
 .debug_ranges  0x0000000000000dd0       0x78 /tmp/ccfc07zw.ltrans5.ltrans.o
 .debug_ranges  0x0000000000000e48       0xf8 /tmp/ccfc07zw.ltrans6.ltrans.o
 .debug_ranges  0x0000000000000f40       0xe8 /tmp/ccfc07zw.ltrans7.ltrans.o
 .debug_ranges  0x0000000000001028       0xb8 /tmp/ccfc07zw.ltrans8.ltrans.o
 .debug_ranges  0x00000000000010e0       0x40 /tmp/ccfc07zw.ltrans9.ltrans.o
 .debug_ranges  0x0000000000001120       0x10 /tmp/ccfc07zw.ltrans10.ltrans.o

.debug_line     0x0000000000000000     0x4c8d
 .debug_line    0x0000000000000000      0xcfe /tmp/ccfc07zw.ltrans0.ltrans.o
 .debug_line    0x0000000000000cfe      0xaa7 /tmp/ccfc07zw.ltrans1.ltrans.o
 .debug_line    0x00000000000017a5      0x7a1 /tmp/ccfc07zw.ltrans2.ltrans.o
 .debug_line    0x0000000000001f46      0x33e /tmp/ccfc07zw.ltrans3.ltrans.o
 .debug_line    0x0000000000002284      0x814 /tmp/ccfc07zw.ltrans4.ltrans.o
 .debug_line    0x0000000000002a98      0x79f /tmp/ccfc07zw.ltrans5.ltrans.o
 .debug_line    0x0000000000003237      0x6bd /tmp/ccfc07zw.ltrans6.ltrans.o
 .debug_line    0x00000000000038f4      0x738 /tmp/ccfc07zw.ltrans7.ltrans.o
 .debug_line    0x000000000000402c      0x62d /tmp/ccfc07zw.ltrans8.ltrans.o
 .debug_line    0x0000000000004659      0x530 /tmp/ccfc07zw.ltrans9.ltrans.o
 .debug_line    0x0000000000004b89      0x104 /tmp/ccfc07zw.ltrans10.ltrans.o

.debug_str      0x0000000000000000     0x6de2
 .debug_str     0x0000000000000000     0x3080 /tmp/ccfc07zw.ltrans0.ltrans.o
                                       0x346c (size before relaxing)
 .debug_str     0x0000000000003080      0xbb7 /tmp/ccfc07zw.ltrans1.ltrans.o
                                       0x22aa (size before relaxing)
 .debug_str     0x0000000000003c37      0xac9 /tmp/ccfc07zw.ltrans2.ltrans.o
                                        0xef2 (size before relaxing)
 .debug_str     0x0000000000004700      0x136 /tmp/ccfc07zw.ltrans3.ltrans.o
                                        0x44f (size before relaxing)
 .debug_str     0x0000000000004836      0x697 /tmp/ccfc07zw.ltrans4.ltrans.o
                                       0x1c6f (size before relaxing)
 .debug_str     0x0000000000004ecd      0x3f8 /tmp/ccfc07zw.ltrans5.ltrans.o
                                       0x118f (size before relaxing)
 .debug_str     0x00000000000052c5      0x3ef /tmp/ccfc07zw.ltrans6.ltrans.o
                                        0x98f (size before relaxing)
 .debug_str     0x00000000000056b4      0x330 /tmp/ccfc07zw.ltrans7.ltrans.o
                                       0x183c (size before relaxing)
 .debug_str     0x00000000000059e4      0x699 /tmp/ccfc07zw.ltrans8.ltrans.o
                                        0xd08 (size before relaxing)
 .debug_str     0x000000000000607d      0xd32 /tmp/ccfc07zw.ltrans9.ltrans.o
                                       0x261c (size before relaxing)
 .debug_str     0x0000000000006daf       0x33 /tmp/ccfc07zw.ltrans10.ltrans.o
                                        0x1f7 (size before relaxing)

.debug_frame    0x0000000000000000     0x155c
 .debug_frame   0x0000000000000000       0x40 /tmp/ccfc07zw.ltrans0.ltrans.o
 .debug_frame   0x0000000000000040      0x248 /tmp/ccfc07zw.ltrans1.ltrans.o
 .debug_frame   0x0000000000000288      0x5e4 /tmp/ccfc07zw.ltrans2.ltrans.o
 .debug_frame   0x000000000000086c      0x210 /tmp/ccfc07zw.ltrans3.ltrans.o
 .debug_frame   0x0000000000000a7c      0x410 /tmp/ccfc07zw.ltrans4.ltrans.o
 .debug_frame   0x0000000000000e8c       0xdc /tmp/ccfc07zw.ltrans5.ltrans.o
 .debug_frame   0x0000000000000f68      0x3ac /tmp/ccfc07zw.ltrans6.ltrans.o
 .debug_frame   0x0000000000001314       0xf0 /tmp/ccfc07zw.ltrans7.ltrans.o
 .debug_frame   0x0000000000001404       0xe4 /tmp/ccfc07zw.ltrans8.ltrans.o
 .debug_frame   0x00000000000014e8       0x40 /tmp/ccfc07zw.ltrans9.ltrans.o
 .debug_frame   0x0000000000001528       0x34 /tmp/ccfc07zw.ltrans10.ltrans.o
