Archive member included to satisfy reference by file (symbol)

/home/hcj/UEFIWorkspace/Build/NetworkPkg/DEBUG_GCC5/X64/NetworkPkg/Ip6Dxe/Ip6Dxe/OUTPUT/Ip6Dxe.lib(Ip6Impl.obj)
                              (--whole-archive)
/home/hcj/UEFIWorkspace/Build/NetworkPkg/DEBUG_GCC5/X64/NetworkPkg/Ip6Dxe/Ip6Dxe/OUTPUT/Ip6Dxe.lib(Ip6Driver.obj)
                              (--whole-archive)
/home/hcj/UEFIWorkspace/Build/NetworkPkg/DEBUG_GCC5/X64/NetworkPkg/Ip6Dxe/Ip6Dxe/OUTPUT/Ip6Dxe.lib(ComponentName.obj)
                              (--whole-archive)
/home/hcj/UEFIWorkspace/Build/NetworkPkg/DEBUG_GCC5/X64/NetworkPkg/Ip6Dxe/Ip6Dxe/OUTPUT/Ip6Dxe.lib(Ip6Nd.obj)
                              (--whole-archive)
/home/hcj/UEFIWorkspace/Build/NetworkPkg/DEBUG_GCC5/X64/NetworkPkg/Ip6Dxe/Ip6Dxe/OUTPUT/Ip6Dxe.lib(Ip6Input.obj)
                              (--whole-archive)
/home/hcj/UEFIWorkspace/Build/NetworkPkg/DEBUG_GCC5/X64/NetworkPkg/Ip6Dxe/Ip6Dxe/OUTPUT/Ip6Dxe.lib(Ip6ConfigImpl.obj)
                              (--whole-archive)
/home/hcj/UEFIWorkspace/Build/NetworkPkg/DEBUG_GCC5/X64/NetworkPkg/Ip6Dxe/Ip6Dxe/OUTPUT/Ip6Dxe.lib(Ip6Option.obj)
                              (--whole-archive)
/home/hcj/UEFIWorkspace/Build/NetworkPkg/DEBUG_GCC5/X64/NetworkPkg/Ip6Dxe/Ip6Dxe/OUTPUT/Ip6Dxe.lib(Ip6Mld.obj)
                              (--whole-archive)
/home/hcj/UEFIWorkspace/Build/NetworkPkg/DEBUG_GCC5/X64/NetworkPkg/Ip6Dxe/Ip6Dxe/OUTPUT/Ip6Dxe.lib(Ip6Common.obj)
                              (--whole-archive)
/home/hcj/UEFIWorkspace/Build/NetworkPkg/DEBUG_GCC5/X64/NetworkPkg/Ip6Dxe/Ip6Dxe/OUTPUT/Ip6Dxe.lib(Ip6Route.obj)
                              (--whole-archive)
/home/hcj/UEFIWorkspace/Build/NetworkPkg/DEBUG_GCC5/X64/NetworkPkg/Ip6Dxe/Ip6Dxe/OUTPUT/Ip6Dxe.lib(Ip6If.obj)
                              (--whole-archive)
/home/hcj/UEFIWorkspace/Build/NetworkPkg/DEBUG_GCC5/X64/NetworkPkg/Ip6Dxe/Ip6Dxe/OUTPUT/Ip6Dxe.lib(Ip6Output.obj)
                              (--whole-archive)
/home/hcj/UEFIWorkspace/Build/NetworkPkg/DEBUG_GCC5/X64/NetworkPkg/Ip6Dxe/Ip6Dxe/OUTPUT/Ip6Dxe.lib(Ip6Icmp.obj)
                              (--whole-archive)
/home/hcj/UEFIWorkspace/Build/NetworkPkg/DEBUG_GCC5/X64/NetworkPkg/Ip6Dxe/Ip6Dxe/OUTPUT/Ip6Dxe.lib(Ip6ConfigNv.obj)
                              (--whole-archive)
/home/hcj/UEFIWorkspace/Build/NetworkPkg/DEBUG_GCC5/X64/NetworkPkg/Ip6Dxe/Ip6Dxe/OUTPUT/Ip6Dxe.lib(Ip6Config.obj)
                              (--whole-archive)
/home/hcj/UEFIWorkspace/Build/NetworkPkg/DEBUG_GCC5/X64/NetworkPkg/Ip6Dxe/Ip6Dxe/OUTPUT/Ip6Dxe.lib(AutoGen.obj)
                              (--whole-archive)
/home/hcj/UEFIWorkspace/Build/NetworkPkg/DEBUG_GCC5/X64/MdePkg/Library/RegisterFilterLibNull/RegisterFilterLibNull/OUTPUT/FilterLibNull.lib(RegisterFilterLibNull.obj)
                              (--whole-archive)
/home/hcj/UEFIWorkspace/Build/NetworkPkg/DEBUG_GCC5/X64/MdePkg/Library/BasePcdLibNull/BasePcdLibNull/OUTPUT/BasePcdLibNull.lib(PcdLib.obj)
                              (--whole-archive)
/home/hcj/UEFIWorkspace/Build/NetworkPkg/DEBUG_GCC5/X64/MdePkg/Library/BaseMemoryLib/BaseMemoryLib/OUTPUT/BaseMemoryLib.lib(SetMem.obj)
                              (--whole-archive)
/home/hcj/UEFIWorkspace/Build/NetworkPkg/DEBUG_GCC5/X64/MdePkg/Library/BaseMemoryLib/BaseMemoryLib/OUTPUT/BaseMemoryLib.lib(ScanMem64Wrapper.obj)
                              (--whole-archive)
/home/hcj/UEFIWorkspace/Build/NetworkPkg/DEBUG_GCC5/X64/MdePkg/Library/BaseMemoryLib/BaseMemoryLib/OUTPUT/BaseMemoryLib.lib(ScanMem32Wrapper.obj)
                              (--whole-archive)
/home/hcj/UEFIWorkspace/Build/NetworkPkg/DEBUG_GCC5/X64/MdePkg/Library/BaseMemoryLib/BaseMemoryLib/OUTPUT/BaseMemoryLib.lib(ScanMem16Wrapper.obj)
                              (--whole-archive)
/home/hcj/UEFIWorkspace/Build/NetworkPkg/DEBUG_GCC5/X64/MdePkg/Library/BaseMemoryLib/BaseMemoryLib/OUTPUT/BaseMemoryLib.lib(ScanMem8Wrapper.obj)
                              (--whole-archive)
/home/hcj/UEFIWorkspace/Build/NetworkPkg/DEBUG_GCC5/X64/MdePkg/Library/BaseMemoryLib/BaseMemoryLib/OUTPUT/BaseMemoryLib.lib(ZeroMemWrapper.obj)
                              (--whole-archive)
/home/hcj/UEFIWorkspace/Build/NetworkPkg/DEBUG_GCC5/X64/MdePkg/Library/BaseMemoryLib/BaseMemoryLib/OUTPUT/BaseMemoryLib.lib(CompareMemWrapper.obj)
                              (--whole-archive)
/home/hcj/UEFIWorkspace/Build/NetworkPkg/DEBUG_GCC5/X64/MdePkg/Library/BaseMemoryLib/BaseMemoryLib/OUTPUT/BaseMemoryLib.lib(SetMem64Wrapper.obj)
                              (--whole-archive)
/home/hcj/UEFIWorkspace/Build/NetworkPkg/DEBUG_GCC5/X64/MdePkg/Library/BaseMemoryLib/BaseMemoryLib/OUTPUT/BaseMemoryLib.lib(SetMem32Wrapper.obj)
                              (--whole-archive)
/home/hcj/UEFIWorkspace/Build/NetworkPkg/DEBUG_GCC5/X64/MdePkg/Library/BaseMemoryLib/BaseMemoryLib/OUTPUT/BaseMemoryLib.lib(SetMem16Wrapper.obj)
                              (--whole-archive)
[...]
Memory Configuration

Name             Origin             Length             Attributes
*default*        0x0000000000000000 0xffffffffffffffff

Linker script and memory map

LOAD /tmp/ccRF03OU.ltrans0.ltrans.o
LOAD /tmp/ccRF03OU.ltrans1.ltrans.o
LOAD /tmp/ccRF03OU.ltrans2.ltrans.o
LOAD /tmp/ccRF03OU.ltrans3.ltrans.o
LOAD /tmp/ccRF03OU.ltrans4.ltrans.o
LOAD /tmp/ccRF03OU.ltrans5.ltrans.o
LOAD /tmp/ccRF03OU.ltrans6.ltrans.o
LOAD /tmp/ccRF03OU.ltrans7.ltrans.o
LOAD /tmp/ccRF03OU.ltrans8.ltrans.o
LOAD /tmp/ccRF03OU.ltrans9.ltrans.o
LOAD /tmp/ccRF03OU.ltrans10.ltrans.o
LOAD /tmp/ccRF03OU.ltrans11.ltrans.o
LOAD /tmp/ccRF03OU.ltrans12.ltrans.o
LOAD /tmp/ccRF03OU.ltrans13.ltrans.o
LOAD /tmp/ccRF03OU.ltrans14.ltrans.o
LOAD /tmp/ccRF03OU.ltrans15.ltrans.o
LOAD /tmp/ccRF03OU.ltrans16.ltrans.o
LOAD /tmp/ccRF03OU.ltrans17.ltrans.o
LOAD /tmp/ccRF03OU.ltrans18.ltrans.o
LOAD /tmp/ccRF03OU.ltrans19.ltrans.o
LOAD /tmp/ccRF03OU.ltrans20.ltrans.o
LOAD /tmp/ccRF03OU.ltrans21.ltrans.o
LOAD /tmp/ccRF03OU.ltrans22.ltrans.o
LOAD /tmp/ccRF03OU.ltrans23.ltrans.o
LOAD /tmp/ccRF03OU.ltrans24.ltrans.o
START GROUP
LOAD /home/hcj/UEFIWorkspace/Build/NetworkPkg/DEBUG_GCC5/X64/NetworkPkg/Ip6Dxe/Ip6Dxe/OUTPUT/Ip6Dxe.lib
LOAD /home/hcj/UEFIWorkspace/Build/NetworkPkg/DEBUG_GCC5/X64/MdePkg/Library/RegisterFilterLibNull/RegisterFilterLibNull/OUTPUT/FilterLibNull.lib
LOAD /home/hcj/UEFIWorkspace/Build/NetworkPkg/DEBUG_GCC5/X64/MdePkg/Library/BasePcdLibNull/BasePcdLibNull/OUTPUT/BasePcdLibNull.lib
LOAD /home/hcj/UEFIWorkspace/Build/NetworkPkg/DEBUG_GCC5/X64/MdePkg/Library/BaseMemoryLib/BaseMemoryLib/OUTPUT/BaseMemoryLib.lib
LOAD /home/hcj/UEFIWorkspace/Build/NetworkPkg/DEBUG_GCC5/X64/MdePkg/Library/BaseLib/BaseLib/OUTPUT/BaseLib.lib
LOAD /home/hcj/UEFIWorkspace/Build/NetworkPkg/DEBUG_GCC5/X64/MdePkg/Library/BaseDebugPrintErrorLevelLib/BaseDebugPrintErrorLevelLib/OUTPUT/BaseDebugPrintErrorLevelLib.lib
LOAD /home/hcj/UEFIWorkspace/Build/NetworkPkg/DEBUG_GCC5/X64/MdePkg/Library/BasePrintLib/BasePrintLib/OUTPUT/BasePrintLib.lib
LOAD /home/hcj/UEFIWorkspace/Build/NetworkPkg/DEBUG_GCC5/X64/MdePkg/Library/UefiDebugLibConOut/UefiDebugLibConOut/OUTPUT/UefiDebugLibConOut.lib
LOAD /home/hcj/UEFIWorkspace/Build/NetworkPkg/DEBUG_GCC5/X64/MdePkg/Library/UefiBootServicesTableLib/UefiBootServicesTableLib/OUTPUT/UefiBootServicesTableLib.lib
LOAD /home/hcj/UEFIWorkspace/Build/NetworkPkg/DEBUG_GCC5/X64/MdePkg/Library/UefiMemoryAllocationLib/UefiMemoryAllocationLib/OUTPUT/UefiMemoryAllocationLib.lib
LOAD /home/hcj/UEFIWorkspace/Build/NetworkPkg/DEBUG_GCC5/X64/MdePkg/Library/UefiRuntimeServicesTableLib/UefiRuntimeServicesTableLib/OUTPUT/UefiRuntimeServicesTableLib.lib
LOAD /home/hcj/UEFIWorkspace/Build/NetworkPkg/DEBUG_GCC5/X64/MdePkg/Library/UefiDevicePathLib/UefiDevicePathLib/OUTPUT/UefiDevicePathLib.lib
LOAD /home/hcj/UEFIWorkspace/Build/NetworkPkg/DEBUG_GCC5/X64/MdePkg/Library/UefiLib/UefiLib/OUTPUT/UefiLib.lib
LOAD /home/hcj/UEFIWorkspace/Build/NetworkPkg/DEBUG_GCC5/X64/MdeModulePkg/Library/UefiHiiServicesLib/UefiHiiServicesLib/OUTPUT/UefiHiiServicesLib.lib
LOAD /home/hcj/UEFIWorkspace/Build/NetworkPkg/DEBUG_GCC5/X64/MdeModulePkg/Library/UefiHiiLib/UefiHiiLib/OUTPUT/UefiHiiLib.lib
LOAD /home/hcj/UEFIWorkspace/Build/NetworkPkg/DEBUG_GCC5/X64/MdePkg/Library/UefiDriverEntryPoint/UefiDriverEntryPoint/OUTPUT/UefiDriverEntryPoint.lib
LOAD /home/hcj/UEFIWorkspace/Build/NetworkPkg/DEBUG_GCC5/X64/NetworkPkg/Library/DxeNetLib/DxeNetLib/OUTPUT/DxeNetLib.lib
LOAD /home/hcj/UEFIWorkspace/Build/NetworkPkg/DEBUG_GCC5/X64/NetworkPkg/Library/DxeDpcLib/DxeDpcLib/OUTPUT/DxeDpcLib.lib
END GROUP
                0x0000000000000228                PECOFF_HEADER_SIZE = 0x228
                0x0000000000000228                . = PECOFF_HEADER_SIZE

.text           0x0000000000000240    0x1db0f
 *(.text .text.* .stub .gnu.linkonce.t.*)
 .text.Ip6AcceptFrame
                0x0000000000000240     0x1c15 /tmp/ccRF03OU.ltrans0.ltrans.o
                0x0000000000000240                Ip6AcceptFrame
 .text.IpSec2InstalledCallback
                0x0000000000001e55       0x4e /tmp/ccRF03OU.ltrans1.ltrans.o
                0x0000000000001e55                IpSec2InstalledCallback
 .text.Ip6TokenExist
                0x0000000000001ea3       0x23 /tmp/ccRF03OU.ltrans1.ltrans.o
 .text.EfiIp6Poll
                0x0000000000001ec6       0x88 /tmp/ccRF03OU.ltrans1.ltrans.o
                0x0000000000001ec6                EfiIp6Poll
 .text.Ip6Cancel
                0x0000000000001f4e       0xe6 /tmp/ccRF03OU.ltrans1.ltrans.o
 .text.EfiIp6Cancel
                0x0000000000002034      0x128 /tmp/ccRF03OU.ltrans1.ltrans.o
                0x0000000000002034                EfiIp6Cancel
 .text.Ip6CancelRxTokens
                0x000000000000215c       0x5a /tmp/ccRF03OU.ltrans1.ltrans.o
 .text.Ip6CancelTxTokens
                0x00000000000021b6      0x110 /tmp/ccRF03OU.ltrans1.ltrans.o
 .text.EfiIp6Receive
                0x00000000000022c6      0x1a3 /tmp/ccRF03OU.ltrans1.ltrans.o
                0x00000000000022c6                EfiIp6Receive
 .text.Ip6OnPacketSent
                0x0000000000002469       0x1a /tmp/ccRF03OU.ltrans1.ltrans.o
 .text.EfiIp6Transmit
                0x0000000000002483      0x521 /tmp/ccRF03OU.ltrans1.ltrans.o
                0x0000000000002483                EfiIp6Transmit
 .text.Ip6FreeTxToken
                0x00000000000029a4       0x71 /tmp/ccRF03OU.ltrans1.ltrans.o
                0x00000000000029a4                Ip6FreeTxToken
 .text.EfiIp6Groups
                0x0000000000002a15      0x170 /tmp/ccRF03OU.ltrans1.ltrans.o
                0x0000000000002a15                EfiIp6Groups
 .text.Ip6IsValidAddress
                0x0000000000002b85       0x57 /tmp/ccRF03OU.ltrans1.ltrans.o
 .text.EfiIp6Neighbors
                0x0000000000002bdc      0x296 /tmp/ccRF03OU.ltrans1.ltrans.o
                0x0000000000002bdc                EfiIp6Neighbors
 .text.EfiIp6Routes
                0x0000000000002e72      0x290 /tmp/ccRF03OU.ltrans1.ltrans.o
                0x0000000000002e72                EfiIp6Routes
 .text.EfiIp6GetModeData
                0x0000000000003102      0x4e7 /tmp/ccRF03OU.ltrans1.ltrans.o
                0x0000000000003102                EfiIp6GetModeData
 .text.Ip6ServiceConfigMnp
                0x00000000000035e9       0xa4 /tmp/ccRF03OU.ltrans1.ltrans.o
                0x00000000000035e9                Ip6ServiceConfigMnp
 .text.Ip6CleanProtocol
                0x000000000000368d       0xce /tmp/ccRF03OU.ltrans1.ltrans.o
                0x000000000000368d                Ip6CleanProtocol
 .text.EfiIp6Configure
                0x000000000000375b      0x3a5 /tmp/ccRF03OU.ltrans1.ltrans.o
                0x000000000000375b                EfiIp6Configure
 .text.UnicodeSPrint
                0x0000000000003b00      0x101 /tmp/ccRF03OU.ltrans2.ltrans.o
                0x0000000000003b00                UnicodeSPrint
 .text.BasePrintLibValueToString
                0x0000000000003c01       0x7e /tmp/ccRF03OU.ltrans2.ltrans.o
                0x0000000000003c01                BasePrintLibValueToString
 .text.BasePrintLibFillBuffer
                0x0000000000003c7f       0x2e /tmp/ccRF03OU.ltrans2.ltrans.o
                0x0000000000003c7f                BasePrintLibFillBuffer
 .text.WriteUnaligned64
                0x0000000000003cad       0x3f /tmp/ccRF03OU.ltrans2.ltrans.o
                0x0000000000003cad                WriteUnaligned64
 .text.ReadUnaligned64
                0x0000000000003cec       0x37 /tmp/ccRF03OU.ltrans2.ltrans.o
                0x0000000000003cec                ReadUnaligned64
 .text.ReadUnaligned32
                0x0000000000003d23       0x36 /tmp/ccRF03OU.ltrans2.ltrans.o
                0x0000000000003d23                ReadUnaligned32
 .text.ReadUnaligned24
                0x0000000000003d59       0x3b /tmp/ccRF03OU.ltrans2.ltrans.o
                0x0000000000003d59                ReadUnaligned24
 .text.ReadUnaligned16
                0x0000000000003d94       0x37 /tmp/ccRF03OU.ltrans2.ltrans.o
                0x0000000000003d94                ReadUnaligned16
 .text.AsciiStrLen
                0x0000000000003dcb       0x85 /tmp/ccRF03OU.ltrans2.ltrans.o
                0x0000000000003dcb                AsciiStrLen
 .text.AsciiStrnCmp.part.4.lto_priv.75
                0x0000000000003e50       0xd6 /tmp/ccRF03OU.ltrans2.ltrans.o
                0x0000000000003e50                AsciiStrnCmp.part.4.lto_priv.75
 .text.unlikely.InternalIsHexaDecimalDigitCharacter
                0x0000000000003f26       0x1e /tmp/ccRF03OU.ltrans2.ltrans.o
                0x0000000000003f26                InternalIsHexaDecimalDigitCharacter
 .text.StrLen   0x0000000000003f44       0x90 /tmp/ccRF03OU.ltrans2.ltrans.o
                0x0000000000003f44                StrLen
 .text.StrSize  0x0000000000003fd4       0x13 /tmp/ccRF03OU.ltrans2.ltrans.o
                0x0000000000003fd4                StrSize
 .text.StrStr   0x0000000000003fe7       0xa6 /tmp/ccRF03OU.ltrans2.ltrans.o
                0x0000000000003fe7                StrStr
 .text.AsciiStrnLenS
                0x000000000000408d       0x26 /tmp/ccRF03OU.ltrans2.ltrans.o
                0x000000000000408d                AsciiStrnLenS
 .text.StrnLenS
                0x00000000000040b3       0x5e /tmp/ccRF03OU.ltrans2.ltrans.o
                0x00000000000040b3                StrnLenS
 .text.unlikely.StrHexToUintnS
                0x0000000000004111      0x22f /tmp/ccRF03OU.ltrans2.ltrans.o
                0x0000000000004111                StrHexToUintnS
 .text.InternalSafeStringNoStrOverlap
                0x0000000000004340       0x29 /tmp/ccRF03OU.ltrans2.ltrans.o
                0x0000000000004340                InternalSafeStringNoStrOverlap
 .text.StrCatS  0x0000000000004369      0x323 /tmp/ccRF03OU.ltrans2.ltrans.o
                0x0000000000004369                StrCatS
 .text.StrCpyS  0x000000000000468c      0x2c2 /tmp/ccRF03OU.ltrans2.ltrans.o
                0x000000000000468c                StrCpyS
 .text.IsListEmpty
                0x000000000000494e       0x41 /tmp/ccRF03OU.ltrans2.ltrans.o
                0x000000000000494e                IsListEmpty
 .text.RemoveEntryList
                0x000000000000498f       0x53 /tmp/ccRF03OU.ltrans2.ltrans.o
                0x000000000000498f                RemoveEntryList
 .text.GetFirstNode
                0x00000000000049e2       0x3e /tmp/ccRF03OU.ltrans2.ltrans.o
                0x00000000000049e2                GetFirstNode
 .text.InsertTailList
                0x0000000000004a20       0x7f /tmp/ccRF03OU.ltrans2.ltrans.o
                0x0000000000004a20                InsertTailList
 .text.InsertHeadList
                0x0000000000004a9f       0x7e /tmp/ccRF03OU.ltrans2.ltrans.o
                0x0000000000004a9f                InsertHeadList
 .text.AddUnicodeString2.constprop.22
                0x0000000000004b1d      0x1d9 /tmp/ccRF03OU.ltrans3.ltrans.o
                0x0000000000004b1d                AddUnicodeString2.constprop.22
 .text.HiiConstructConfigHdr.constprop.16
                0x0000000000004cf6      0x220 /tmp/ccRF03OU.ltrans3.ltrans.o
                0x0000000000004cf6                HiiConstructConfigHdr.constprop.16
 .text.HiiIsConfigHdrMatch.constprop.15
                0x0000000000004f16       0x9c /tmp/ccRF03OU.ltrans3.ltrans.o
                0x0000000000004f16                HiiIsConfigHdrMatch.constprop.15
 .text.Ip6ConfigNvGetData.part.1.constprop.14
                0x0000000000004fb2       0xc2 /tmp/ccRF03OU.ltrans3.ltrans.o
                0x0000000000004fb2                Ip6ConfigNvGetData.part.1.constprop.14
 .text.InternalHiiCreateOpCodeExtended.constprop.12
                0x0000000000005074      0x239 /tmp/ccRF03OU.ltrans3.ltrans.o
                0x0000000000005074                InternalHiiCreateOpCodeExtended.constprop.12
 .text.HiiCreateGuidOpCode.constprop.11
                0x00000000000052ad       0x5a /tmp/ccRF03OU.ltrans3.ltrans.o
                0x00000000000052ad                HiiCreateGuidOpCode.constprop.11
 .text.InternalHiiBrowserCallback.constprop.4
                0x0000000000005307      0x108 /tmp/ccRF03OU.ltrans3.ltrans.o
                0x0000000000005307                InternalHiiBrowserCallback.constprop.4
 .text.unlikely.CreatePopUp.constprop.2
                0x000000000000540f      0x7b6 /tmp/ccRF03OU.ltrans3.ltrans.o
                0x000000000000540f                CreatePopUp.constprop.2
 .text.DispatchDpc
                0x0000000000005bc5        0xd /tmp/ccRF03OU.ltrans3.ltrans.o
                0x0000000000005bc5                DispatchDpc
 .text.NetIp6PseudoHeadChecksum
                0x0000000000005bd2       0x77 /tmp/ccRF03OU.ltrans3.ltrans.o
                0x0000000000005bd2                NetIp6PseudoHeadChecksum
 .text.Ip6DestroyChildEntryByAddr
                0x0000000000005c49       0x80 /tmp/ccRF03OU.ltrans4.ltrans.o
 .text.Ip6FreeRouteCacheEntry
                0x0000000000005cc9       0x54 /tmp/ccRF03OU.ltrans4.ltrans.o
                0x0000000000005cc9                Ip6FreeRouteCacheEntry
 .text.unlikely.Ip6CreateRouteCacheEntry
                0x0000000000005d1d       0x84 /tmp/ccRF03OU.ltrans4.ltrans.o
                0x0000000000005d1d                Ip6CreateRouteCacheEntry
 .text.Ip6FreeRouteEntry
                0x0000000000005da1       0x59 /tmp/ccRF03OU.ltrans4.ltrans.o
                0x0000000000005da1                Ip6FreeRouteEntry
 .text.Ip6CreateRouteEntry
                0x0000000000005dfa       0x8a /tmp/ccRF03OU.ltrans4.ltrans.o
                0x0000000000005dfa                Ip6CreateRouteEntry
 .text.Ip6NtohHead
                0x0000000000005e84        0xe /tmp/ccRF03OU.ltrans4.ltrans.o
                0x0000000000005e84                Ip6NtohHead
 .text.Ip6GetMulticastMac
                0x0000000000005e92       0x42 /tmp/ccRF03OU.ltrans4.ltrans.o
                0x0000000000005e92                Ip6GetMulticastMac
 .text.Ip6IsOneOfSetAddress
                0x0000000000005ed4      0x17f /tmp/ccRF03OU.ltrans4.ltrans.o
                0x0000000000005ed4                Ip6IsOneOfSetAddress
 .text.Ip6CreateSNMulticastAddr
                0x0000000000006053       0x7d /tmp/ccRF03OU.ltrans4.ltrans.o
                0x0000000000006053                Ip6CreateSNMulticastAddr
 .text.Ip6IsSNMulticastAddr
                0x00000000000060d0       0x36 /tmp/ccRF03OU.ltrans4.ltrans.o
                0x00000000000060d0                Ip6IsSNMulticastAddr
 .text.Ip6BuildEfiAddressList
                0x0000000000006106      0x185 /tmp/ccRF03OU.ltrans4.ltrans.o
                0x0000000000006106                Ip6BuildEfiAddressList
 .text.Ip6LeaveGroup
                0x000000000000628b      0x3ab /tmp/ccRF03OU.ltrans4.ltrans.o
                0x000000000000628b                Ip6LeaveGroup
 .text.Ip6RemoveAddr
                0x0000000000006636      0x24f /tmp/ccRF03OU.ltrans4.ltrans.o
                0x0000000000006636                Ip6RemoveAddr
 .text.Ip6SendMldReport
                0x0000000000006885      0x287 /tmp/ccRF03OU.ltrans4.ltrans.o
                0x0000000000006885                Ip6SendMldReport
 .text.Ip6UpdateDelayTimer
                0x0000000000006b0c       0x4a /tmp/ccRF03OU.ltrans4.ltrans.o
                0x0000000000006b0c                Ip6UpdateDelayTimer
 .text.Ip6JoinGroup
                0x0000000000006b56       0xf6 /tmp/ccRF03OU.ltrans4.ltrans.o
                0x0000000000006b56                Ip6JoinGroup
 .text.Ip6Groups
                0x0000000000006c4c      0x3ad /tmp/ccRF03OU.ltrans4.ltrans.o
                0x0000000000006c4c                Ip6Groups
 .text.NetblockTrim
                0x0000000000006ff9       0x5e /tmp/ccRF03OU.ltrans5.ltrans.o
 .text.NetbufSetBlockOp
                0x0000000000007057       0xb4 /tmp/ccRF03OU.ltrans5.ltrans.o
 .text.NetbufFreeVector
                0x000000000000710b      0x110 /tmp/ccRF03OU.ltrans5.ltrans.o
 .text.NetbufGetFragmentFree
                0x000000000000721b       0x99 /tmp/ccRF03OU.ltrans5.ltrans.o
 .text.unlikely.NetLibGetMacAddress
                0x00000000000072b4      0x1f7 /tmp/ccRF03OU.ltrans5.ltrans.o
 .text.NetAddChecksum
                0x00000000000074ab       0x15 /tmp/ccRF03OU.ltrans5.ltrans.o
                0x00000000000074ab                NetAddChecksum
 .text.NetblockChecksum
                0x00000000000074c0       0x32 /tmp/ccRF03OU.ltrans5.ltrans.o
                0x00000000000074c0                NetblockChecksum
 .text.NetbufChecksum
                0x00000000000074f2       0x94 /tmp/ccRF03OU.ltrans5.ltrans.o
                0x00000000000074f2                NetbufChecksum
 .text.NetbufCopy
                0x0000000000007586      0x158 /tmp/ccRF03OU.ltrans5.ltrans.o
                0x0000000000007586                NetbufCopy
 .text.NetbufTrim
                0x00000000000076de      0x176 /tmp/ccRF03OU.ltrans5.ltrans.o
                0x00000000000076de                NetbufTrim
 .text.NetbufReserve
                0x0000000000007854      0x107 /tmp/ccRF03OU.ltrans5.ltrans.o
                0x0000000000007854                NetbufReserve
 .text.NetbufBuildExt
                0x000000000000795b       0x61 /tmp/ccRF03OU.ltrans5.ltrans.o
                0x000000000000795b                NetbufBuildExt
 .text.NetbufSetBlock
                0x00000000000079bc       0xfd /tmp/ccRF03OU.ltrans5.ltrans.o
                0x00000000000079bc                NetbufSetBlock
 .text.NetbufGetByte
                0x0000000000007ab9       0x8d /tmp/ccRF03OU.ltrans5.ltrans.o
                0x0000000000007ab9                NetbufGetByte
 .text.NetbufAllocSpace
                0x0000000000007b46      0x1d2 /tmp/ccRF03OU.ltrans5.ltrans.o
                0x0000000000007b46                NetbufAllocSpace
 .text.NetbufFree
                0x0000000000007d18      0x172 /tmp/ccRF03OU.ltrans5.ltrans.o
                0x0000000000007d18                NetbufFree
 .text.NetbufAllocStruct
                0x0000000000007e8a       0xea /tmp/ccRF03OU.ltrans5.ltrans.o
                0x0000000000007e8a                NetbufAllocStruct
 .text.NetbufGetFragment
                0x0000000000007f74      0x341 /tmp/ccRF03OU.ltrans5.ltrans.o
                0x0000000000007f74                NetbufGetFragment
 .text.NetbufAlloc
                0x00000000000082b5      0x138 /tmp/ccRF03OU.ltrans5.ltrans.o
                0x00000000000082b5                NetbufAlloc
 .text.NetLibGetNicHandle
                0x00000000000083ed       0x99 /tmp/ccRF03OU.ltrans5.ltrans.o
                0x00000000000083ed                NetLibGetNicHandle
 .text.unlikely.NetLibGetMacString
                0x0000000000008486      0x146 /tmp/ccRF03OU.ltrans5.ltrans.o
                0x0000000000008486                NetLibGetMacString
 .text.NetLibGetVlanId
                0x00000000000085cc       0x41 /tmp/ccRF03OU.ltrans6.ltrans.o
                0x00000000000085cc                NetLibGetVlanId
 .text.NetLibDestroyServiceChild
                0x000000000000860d       0x7e /tmp/ccRF03OU.ltrans6.ltrans.o
                0x000000000000860d                NetLibDestroyServiceChild
 .text.NetLibCreateServiceChild
                0x000000000000868b       0x82 /tmp/ccRF03OU.ltrans6.ltrans.o
                0x000000000000868b                NetLibCreateServiceChild
 .text.NetMapIterate
                0x000000000000870d       0x75 /tmp/ccRF03OU.ltrans6.ltrans.o
                0x000000000000870d                NetMapIterate
 .text.NetMapFindKey
                0x0000000000008782       0x53 /tmp/ccRF03OU.ltrans6.ltrans.o
                0x0000000000008782                NetMapFindKey
 .text.NetMapGetCount
                0x00000000000087d5       0x38 /tmp/ccRF03OU.ltrans6.ltrans.o
                0x00000000000087d5                NetMapGetCount
 .text.NetMapIsEmpty
                0x000000000000880d       0x3c /tmp/ccRF03OU.ltrans6.ltrans.o
                0x000000000000880d                NetMapIsEmpty
 .text.NetMapClean
                0x0000000000008849       0xfb /tmp/ccRF03OU.ltrans6.ltrans.o
                0x0000000000008849                NetMapClean
 .text.NetMapInit
                0x0000000000008944       0x4d /tmp/ccRF03OU.ltrans6.ltrans.o
                0x0000000000008944                NetMapInit
 .text.NetListInsertBefore
                0x0000000000008991       0x54 /tmp/ccRF03OU.ltrans6.ltrans.o
                0x0000000000008991                NetListInsertBefore
 .text.NetListRemoveHead
                0x00000000000089e5       0x63 /tmp/ccRF03OU.ltrans6.ltrans.o
                0x00000000000089e5                NetListRemoveHead
 .text.NetMapInsertTail
                0x0000000000008a48       0xd8 /tmp/ccRF03OU.ltrans6.ltrans.o
                0x0000000000008a48                NetMapInsertTail
 .text.NetRandomInitSeed
                0x0000000000008b20       0x67 /tmp/ccRF03OU.ltrans6.ltrans.o
                0x0000000000008b20                NetRandomInitSeed
 .text.NetIp6IsNetEqual
                0x0000000000008b87       0xd0 /tmp/ccRF03OU.ltrans6.ltrans.o
                0x0000000000008b87                NetIp6IsNetEqual
 .text.NetIp6IsLinkLocalAddr
                0x0000000000008c57       0x59 /tmp/ccRF03OU.ltrans6.ltrans.o
                0x0000000000008c57                NetIp6IsLinkLocalAddr
 .text.NetIp6IsUnspecifiedAddr
                0x0000000000008cb0       0x4b /tmp/ccRF03OU.ltrans6.ltrans.o
                0x0000000000008cb0                NetIp6IsUnspecifiedAddr
 .text.NetIp6IsValidUnicast
                0x0000000000008cfb       0x57 /tmp/ccRF03OU.ltrans6.ltrans.o
                0x0000000000008cfb                NetIp6IsValidUnicast
 .text._ModuleEntryPoint
                0x0000000000008d52      0x43e /tmp/ccRF03OU.ltrans6.ltrans.o
                0x0000000000008d52                _ModuleEntryPoint
 .text.Ip6DriverBindingSupported
                0x0000000000009190       0x37 /tmp/ccRF03OU.ltrans7.ltrans.o
                0x0000000000009190                Ip6DriverBindingSupported
 .text.Ip6CleanService
                0x00000000000091c7      0x41a /tmp/ccRF03OU.ltrans7.ltrans.o
                0x00000000000091c7                Ip6CleanService
 .text.Ip6DriverBindingStart
                0x00000000000095e1      0xf34 /tmp/ccRF03OU.ltrans7.ltrans.o
                0x00000000000095e1                Ip6DriverBindingStart
 .text.Ip6ConfigManualAddressNotify
                0x000000000000a515        0x4 /tmp/ccRF03OU.ltrans8.ltrans.o
                0x000000000000a515                Ip6ConfigManualAddressNotify
 .text.Ip6ToStr
                0x000000000000a519      0x15f /tmp/ccRF03OU.ltrans8.ltrans.o
 .text.unlikely.Ip6BuildNvAddressInfo
                0x000000000000a678      0x164 /tmp/ccRF03OU.ltrans8.ltrans.o
                0x000000000000a678                Ip6BuildNvAddressInfo
 .text.Ip6ConvertAddressListToString
                0x000000000000a7dc      0x96f /tmp/ccRF03OU.ltrans8.ltrans.o
                0x000000000000a7dc                Ip6ConvertAddressListToString
 .text.Ip6FreeAddressInfoList
                0x000000000000b14b       0x38 /tmp/ccRF03OU.ltrans8.ltrans.o
                0x000000000000b14b                Ip6FreeAddressInfoList
 .text.unlikely.Ip6ParseAddressListFromString
                0x000000000000b183      0x532 /tmp/ccRF03OU.ltrans8.ltrans.o
                0x000000000000b183                Ip6ParseAddressListFromString
 .text.Ip6IsAnycast
                0x000000000000b6b5      0x176 /tmp/ccRF03OU.ltrans8.ltrans.o
                0x000000000000b6b5                Ip6IsAnycast
 .text.Ip6OnArpResolved
                0x000000000000b82b      0x188 /tmp/ccRF03OU.ltrans9.ltrans.o
                0x000000000000b82b                Ip6OnArpResolved
 .text.Ip6FindDADEntry
                0x000000000000b9b3       0xd8 /tmp/ccRF03OU.ltrans9.ltrans.o
                0x000000000000b9b3                Ip6FindDADEntry
 .text.Ip6OnDADFinished
                0x000000000000ba8b      0x2c5 /tmp/ccRF03OU.ltrans9.ltrans.o
                0x000000000000ba8b                Ip6OnDADFinished
 .text.Ip6FindDefaultRouter
                0x000000000000bd50       0xb1 /tmp/ccRF03OU.ltrans9.ltrans.o
                0x000000000000bd50                Ip6FindDefaultRouter
 .text.Ip6DestroyDefaultRouter
                0x000000000000be01       0x53 /tmp/ccRF03OU.ltrans9.ltrans.o
                0x000000000000be01                Ip6DestroyDefaultRouter
 .text.Ip6CleanDefaultRouterList
                0x000000000000be54       0x36 /tmp/ccRF03OU.ltrans9.ltrans.o
                0x000000000000be54                Ip6CleanDefaultRouterList
 .text.Ip6FindNeighborEntry
                0x000000000000be8a       0xd8 /tmp/ccRF03OU.ltrans9.ltrans.o
                0x000000000000be8a                Ip6FindNeighborEntry
 .text.Ip6SendNeighborSolicit
                0x000000000000bf62      0x335 /tmp/ccRF03OU.ltrans9.ltrans.o
                0x000000000000bf62                Ip6SendNeighborSolicit
 .text.Ip6NdFasterTimerTicking
                0x000000000000c297      0x7c3 /tmp/ccRF03OU.ltrans9.ltrans.o
                0x000000000000c297                Ip6NdFasterTimerTicking
 .text.Ip6CreateDefaultRouter
                0x000000000000ca5a      0x126 /tmp/ccRF03OU.ltrans9.ltrans.o
                0x000000000000ca5a                Ip6CreateDefaultRouter
 .text.Ip6CleanPrefixListTable
                0x000000000000cb80       0x49 /tmp/ccRF03OU.ltrans9.ltrans.o
                0x000000000000cb80                Ip6CleanPrefixListTable
 .text.Ip6ConfigSignalEvent
                0x000000000000cbc9       0x19 /tmp/ccRF03OU.ltrans10.ltrans.o
                0x000000000000cbc9                Ip6ConfigSignalEvent
 .text.Ip6ConfigSetPolicy
                0x000000000000cbe2      0x515 /tmp/ccRF03OU.ltrans10.ltrans.o
                0x000000000000cbe2                Ip6ConfigSetPolicy
 .text.Ip6ConfigSetAltIfId
                0x000000000000d0f7       0x3e /tmp/ccRF03OU.ltrans10.ltrans.o
                0x000000000000d0f7                Ip6ConfigSetAltIfId
 .text.Ip6ConfigGetIfInfo
                0x000000000000d135      0x136 /tmp/ccRF03OU.ltrans10.ltrans.o
                0x000000000000d135                Ip6ConfigGetIfInfo
 .text.Ip6SentPacketTicking
                0x000000000000d26b      0x106 /tmp/ccRF03OU.ltrans10.ltrans.o
                0x000000000000d26b                Ip6SentPacketTicking
 .text.Ip6ConfigWriteConfigData
                0x000000000000d371      0x145 /tmp/ccRF03OU.ltrans10.ltrans.o
                0x000000000000d371                Ip6ConfigWriteConfigData
 .text.Ip6ConfigReadConfigData
                0x000000000000d4b6      0x218 /tmp/ccRF03OU.ltrans10.ltrans.o
                0x000000000000d4b6                Ip6ConfigReadConfigData
 .text.Ip6IpSecProcessPacket.part.0.lto_priv.81
                0x000000000000d6ce      0x513 /tmp/ccRF03OU.ltrans10.ltrans.o
                0x000000000000d6ce                Ip6IpSecProcessPacket.part.0.lto_priv.81
 .text.Ip6InstanceDeliverPacket
                0x000000000000dbe1      0x1fb /tmp/ccRF03OU.ltrans10.ltrans.o
                0x000000000000dbe1                Ip6InstanceDeliverPacket
 .text.Ip6Demultiplex
                0x000000000000dddc      0x42f /tmp/ccRF03OU.ltrans10.ltrans.o
                0x000000000000dddc                Ip6Demultiplex
 .text.Ip6GetCurrentSetting
                0x000000000000e20b      0x250 /tmp/ccRF03OU.ltrans11.ltrans.o
 .text.Ip6FormCallback
                0x000000000000e45b      0x8fd /tmp/ccRF03OU.ltrans11.ltrans.o
                0x000000000000e45b                Ip6FormCallback
 .text.Ip6FormRouteConfig
                0x000000000000ed58       0x73 /tmp/ccRF03OU.ltrans11.ltrans.o
                0x000000000000ed58                Ip6FormRouteConfig
 .text.Ip6FormExtractConfig
                0x000000000000edcb      0x51b /tmp/ccRF03OU.ltrans11.ltrans.o
                0x000000000000edcb                Ip6FormExtractConfig
 .text.Ip6IsValidProtocol
                0x000000000000f2e6       0xa7 /tmp/ccRF03OU.ltrans12.ltrans.o
 .text.EfiIp6ConfigGetData
                0x000000000000f38d      0x1b2 /tmp/ccRF03OU.ltrans12.ltrans.o
                0x000000000000f38d                EfiIp6ConfigGetData
 .text.Ip6ConfigOnDhcp6Reply
                0x000000000000f53f       0x9f /tmp/ccRF03OU.ltrans12.ltrans.o
                0x000000000000f53f                Ip6ConfigOnDhcp6Reply
 .text.EfiIp6ConfigUnregisterDataNotify
                0x000000000000f5de       0xe1 /tmp/ccRF03OU.ltrans12.ltrans.o
                0x000000000000f5de                EfiIp6ConfigUnregisterDataNotify
 .text.EfiIp6ConfigRegisterDataNotify
                0x000000000000f6bf       0xf3 /tmp/ccRF03OU.ltrans12.ltrans.o
                0x000000000000f6bf                EfiIp6ConfigRegisterDataNotify
 .text.EfiIp6ConfigSetData
                0x000000000000f7b2      0x275 /tmp/ccRF03OU.ltrans12.ltrans.o
                0x000000000000f7b2                EfiIp6ConfigSetData
 .text.Ip6FindMldEntry
                0x000000000000fa27       0xbc /tmp/ccRF03OU.ltrans12.ltrans.o
                0x000000000000fa27                Ip6FindMldEntry
 .text.Ip6CreateMldEntry
                0x000000000000fae3       0xdc /tmp/ccRF03OU.ltrans12.ltrans.o
                0x000000000000fae3                Ip6CreateMldEntry
 .text.Ip6FillFragmentHeader.part.4.lto_priv.80
                0x000000000000fbbf      0x22f /tmp/ccRF03OU.ltrans12.ltrans.o
                0x000000000000fbbf                Ip6FillFragmentHeader.part.4.lto_priv.80
 .text.Ip6IsExtsValid
                0x000000000000fdee      0x454 /tmp/ccRF03OU.ltrans12.ltrans.o
                0x000000000000fdee                Ip6IsExtsValid
 .text.Ip6IsNDOptionValid
                0x0000000000010242       0x97 /tmp/ccRF03OU.ltrans12.ltrans.o
                0x0000000000010242                Ip6IsNDOptionValid
 .text.Ip6ConfigStartStatefulAutoConfig.part.7.lto_priv.82
                0x00000000000102d9      0x2e2 /tmp/ccRF03OU.ltrans12.ltrans.o
                0x00000000000102d9                Ip6ConfigStartStatefulAutoConfig.part.7.lto_priv.82
 .text.Ip6ConfigOnDhcp6SbInstalled
                0x00000000000105bb       0xbb /tmp/ccRF03OU.ltrans12.ltrans.o
 .text.Ip6ConfigDestroyDhcp6
                0x0000000000010676      0x11d /tmp/ccRF03OU.ltrans12.ltrans.o
                0x0000000000010676                Ip6ConfigDestroyDhcp6
 .text.Ip6OnFrameSent
                0x0000000000010793       0x1b /tmp/ccRF03OU.ltrans13.ltrans.o
 .text.Ip6OnFrameReceived
                0x00000000000107ae       0x1b /tmp/ccRF03OU.ltrans13.ltrans.o
                0x00000000000107ae                Ip6OnFrameReceived
 .text.Ip6RecycleFrame
                0x00000000000107c9        0xe /tmp/ccRF03OU.ltrans13.ltrans.o
 .text.Ip6CancelInstanceFrame
                0x00000000000107d7        0x8 /tmp/ccRF03OU.ltrans13.ltrans.o
 .text.Ip6TimerTicking
                0x00000000000107df      0x37f /tmp/ccRF03OU.ltrans13.ltrans.o
                0x00000000000107df                Ip6TimerTicking
 .text.Ip6OnFrameReceivedDpc
                0x0000000000010b5e      0x1c7 /tmp/ccRF03OU.ltrans13.ltrans.o
 .text.Ip6CommonPrefixLen
                0x0000000000010d25       0x2d /tmp/ccRF03OU.ltrans13.ltrans.o
                0x0000000000010d25                Ip6CommonPrefixLen
 .text.Ip6FreeLinkTxToken
                0x0000000000010d52       0x62 /tmp/ccRF03OU.ltrans13.ltrans.o
                0x0000000000010d52                Ip6FreeLinkTxToken
 .text.Ip6SendFrame
                0x0000000000010db4      0x3ab /tmp/ccRF03OU.ltrans13.ltrans.o
                0x0000000000010db4                Ip6SendFrame
 .text.Ip6OnFrameSentDpc
                0x000000000001115f       0xf7 /tmp/ccRF03OU.ltrans13.ltrans.o
 .text.Ip6CleanInterface
                0x0000000000011256      0x212 /tmp/ccRF03OU.ltrans13.ltrans.o
                0x0000000000011256                Ip6CleanInterface
 .text.Ip6SetAddress
                0x0000000000011468      0x2b5 /tmp/ccRF03OU.ltrans13.ltrans.o
                0x0000000000011468                Ip6SetAddress
 .text.Ip6DelRoute
                0x000000000001171d      0x189 /tmp/ccRF03OU.ltrans13.ltrans.o
                0x000000000001171d                Ip6DelRoute
 .text.Ip6BuildEfiRouteTable
                0x00000000000118a6      0x267 /tmp/ccRF03OU.ltrans13.ltrans.o
                0x00000000000118a6                Ip6BuildEfiRouteTable
 .text.unlikely.Ip6FindRouteCache
                0x0000000000011b0d       0x8b /tmp/ccRF03OU.ltrans13.ltrans.o
                0x0000000000011b0d                Ip6FindRouteCache
 .text.NetbufFromExt.constprop.57
                0x0000000000011b98      0x1f1 /tmp/ccRF03OU.ltrans14.ltrans.o
                0x0000000000011b98                NetbufFromExt.constprop.57
 .text.Ip6SetToAllNodeMulticast.constprop.55
                0x0000000000011d89       0x47 /tmp/ccRF03OU.ltrans14.ltrans.o
                0x0000000000011d89                Ip6SetToAllNodeMulticast.constprop.55
 .text.Ip6SendIcmpError.constprop.53
                0x0000000000011dd0      0x22a /tmp/ccRF03OU.ltrans14.ltrans.o
                0x0000000000011dd0                Ip6SendIcmpError.constprop.53
 .text.NetMapRemoveHead.constprop.51
                0x0000000000011ffa       0x63 /tmp/ccRF03OU.ltrans14.ltrans.o
                0x0000000000011ffa                NetMapRemoveHead.constprop.51
 .text.NetbufDuplicate.constprop.50
                0x000000000001205d       0x9d /tmp/ccRF03OU.ltrans14.ltrans.o
                0x000000000001205d                NetbufDuplicate.constprop.50
 .text.EfiCreateProtocolNotifyEvent.constprop.47
                0x00000000000120fa      0x199 /tmp/ccRF03OU.ltrans14.ltrans.o
                0x00000000000120fa                EfiCreateProtocolNotifyEvent.constprop.47
 .text.HiiSetString.constprop.39
                0x0000000000012293      0x165 /tmp/ccRF03OU.ltrans14.ltrans.o
                0x0000000000012293                HiiSetString.constprop.39
 .text.unlikely.GetBestLanguage.constprop.38
                0x00000000000123f8      0x11f /tmp/ccRF03OU.ltrans14.ltrans.o
                0x00000000000123f8                GetBestLanguage.constprop.38
 .text.UnicodeValueToStringS.constprop.32
                0x0000000000012517      0x2af /tmp/ccRF03OU.ltrans14.ltrans.o
                0x0000000000012517                UnicodeValueToStringS.constprop.32
 .text.unlikely.HiiAddPackages.constprop.30
                0x00000000000127c6      0x105 /tmp/ccRF03OU.ltrans14.ltrans.o
                0x00000000000127c6                HiiAddPackages.constprop.30
 .text.IsDevicePathValid.part.0.constprop.29
                0x00000000000128cb       0x89 /tmp/ccRF03OU.ltrans14.ltrans.o
                0x00000000000128cb                IsDevicePathValid.part.0.constprop.29
 .text.Ip6ReceiveFrame.constprop.26
                0x0000000000012954       0x78 /tmp/ccRF03OU.ltrans14.ltrans.o
                0x0000000000012954                Ip6ReceiveFrame.constprop.26
 .text.NetLibIp6ToStr.part.7.constprop.25
                0x00000000000129cc      0x185 /tmp/ccRF03OU.ltrans14.ltrans.o
                0x00000000000129cc                NetLibIp6ToStr.part.7.constprop.25
 .text.BasePrintLibSPrintMarker.constprop.73
                0x0000000000012b51     0x1074 /tmp/ccRF03OU.ltrans15.ltrans.o
                0x0000000000012b51                BasePrintLibSPrintMarker.constprop.73
 .text.UnicodeVSPrintAsciiFormat.constprop.72
                0x0000000000013bc5       0xe6 /tmp/ccRF03OU.ltrans15.ltrans.o
 .text.UnicodeSPrintAsciiFormat.constprop.71
                0x0000000000013cab       0x29 /tmp/ccRF03OU.ltrans15.ltrans.o
                0x0000000000013cab                UnicodeSPrintAsciiFormat.constprop.71
 .text.NetMapRemoveItem.constprop.70
                0x0000000000013cd4       0x9c /tmp/ccRF03OU.ltrans15.ltrans.o
                0x0000000000013cd4                NetMapRemoveItem.constprop.70
 .text.DebugPrintMarker.constprop.68
                0x0000000000013d70       0xac /tmp/ccRF03OU.ltrans15.ltrans.o
                0x0000000000013d70                DebugPrintMarker.constprop.68
 .text.InternalAllocatePool.constprop.67
                0x0000000000013e1c       0x37 /tmp/ccRF03OU.ltrans15.ltrans.o
                0x0000000000013e1c                InternalAllocatePool.constprop.67
 .text.Ip6FindRouteEntry.constprop.61
                0x0000000000013e53       0x95 /tmp/ccRF03OU.ltrans15.ltrans.o
                0x0000000000013e53                Ip6FindRouteEntry.constprop.61
 .text.Ip6CreateNeighborEntry.constprop.60
                0x0000000000013ee8      0x159 /tmp/ccRF03OU.ltrans15.ltrans.o
                0x0000000000013ee8                Ip6CreateNeighborEntry.constprop.60
 .text.NetDestroyLinkList.part.4.constprop.59
                0x0000000000014041       0xe2 /tmp/ccRF03OU.ltrans15.ltrans.o
                0x0000000000014041                NetDestroyLinkList.part.4.constprop.59
 .text.Ip6CancelPacketFragments
                0x0000000000014123       0x10 /tmp/ccRF03OU.ltrans16.ltrans.o
                0x0000000000014123                Ip6CancelPacketFragments
 .text.Ip6SysPacketSent
                0x0000000000014133       0x11 /tmp/ccRF03OU.ltrans16.ltrans.o
                0x0000000000014133                Ip6SysPacketSent
 .text.Ip6CancelFrames
                0x0000000000014144      0x156 /tmp/ccRF03OU.ltrans16.ltrans.o
                0x0000000000014144                Ip6CancelFrames
 .text.Ip6SelectSourceAddress
                0x000000000001429a      0x34e /tmp/ccRF03OU.ltrans16.ltrans.o
                0x000000000001429a                Ip6SelectSourceAddress
 .text.Ip6Output
                0x00000000000145e8      0xd9c /tmp/ccRF03OU.ltrans16.ltrans.o
                0x00000000000145e8                Ip6Output
 .text.Ip6ConfigSetDadXmits
                0x0000000000015384       0x2c /tmp/ccRF03OU.ltrans17.ltrans.o
                0x0000000000015384                Ip6ConfigSetDadXmits
 .text.Ip6ConfigSetStatefulAddrCallback
                0x00000000000153b0       0xf7 /tmp/ccRF03OU.ltrans17.ltrans.o
 .text.Ip6ConfigSetDnsServer
                0x00000000000154a7      0x235 /tmp/ccRF03OU.ltrans17.ltrans.o
                0x00000000000154a7                Ip6ConfigSetDnsServer
 .text.Ip6ConfigSetGateway
                0x00000000000156dc      0x2ab /tmp/ccRF03OU.ltrans17.ltrans.o
                0x00000000000156dc                Ip6ConfigSetGateway
 .text.Ip6ManualAddrDadCallback
                0x0000000000015987      0x341 /tmp/ccRF03OU.ltrans17.ltrans.o
 .text.Ip6ConfigSetManualAddress
                0x0000000000015cc8      0x765 /tmp/ccRF03OU.ltrans17.ltrans.o
                0x0000000000015cc8                Ip6ConfigSetManualAddress
 .text.Ip6ConfigParseDhcpReply
                0x000000000001642d      0x237 /tmp/ccRF03OU.ltrans17.ltrans.o
                0x000000000001642d                Ip6ConfigParseDhcpReply
 .text.Ip6ConfigOnDhcp6Event
                0x0000000000016664      0x292 /tmp/ccRF03OU.ltrans17.ltrans.o
                0x0000000000016664                Ip6ConfigOnDhcp6Event
 .text.ExitBootServicesCallback
                0x00000000000168f6        0x8 /tmp/ccRF03OU.ltrans18.ltrans.o
                0x00000000000168f6                ExitBootServicesCallback
 .text._DriverUnloadHandler
                0x00000000000168fe      0x1a5 /tmp/ccRF03OU.ltrans18.ltrans.o
                0x00000000000168fe                _DriverUnloadHandler
 .text.DebugAssert.part.0
                0x0000000000016aa3       0x75 /tmp/ccRF03OU.ltrans18.ltrans.o
 .text.IsLanguageSupported
                0x0000000000016b18       0x69 /tmp/ccRF03OU.ltrans18.ltrans.o
                0x0000000000016b18                IsLanguageSupported
 .text.LookupUnicodeString2
                0x0000000000016b81       0xe1 /tmp/ccRF03OU.ltrans18.ltrans.o
                0x0000000000016b81                LookupUnicodeString2
 .text.unlikely.UefiLibGetStringWidth
                0x0000000000016c62       0x71 /tmp/ccRF03OU.ltrans18.ltrans.o
                0x0000000000016c62                UefiLibGetStringWidth
 .text.DevicePathFromHandle
                0x0000000000016cd3       0x35 /tmp/ccRF03OU.ltrans18.ltrans.o
                0x0000000000016cd3                DevicePathFromHandle
 .text.AllocateZeroPool
                0x0000000000016d08       0xf9 /tmp/ccRF03OU.ltrans18.ltrans.o
                0x0000000000016d08                AllocateZeroPool
 .text.AllocatePool
                0x0000000000016e01       0x99 /tmp/ccRF03OU.ltrans18.ltrans.o
                0x0000000000016e01                AllocatePool
 .text.DebugPrintEnabled
                0x0000000000016e9a        0x3 /tmp/ccRF03OU.ltrans18.ltrans.o
                0x0000000000016e9a                DebugPrintEnabled
 .text.DebugAssertEnabled
                0x0000000000016e9d        0x3 /tmp/ccRF03OU.ltrans18.ltrans.o
                0x0000000000016e9d                DebugAssertEnabled
 .text.DebugAssert
                0x0000000000016ea0        0xf /tmp/ccRF03OU.ltrans18.ltrans.o
                0x0000000000016ea0                DebugAssert
 .text.InternalHiiCompareSubString
                0x0000000000016eaf      0x1c0 /tmp/ccRF03OU.ltrans18.ltrans.o
                0x0000000000016eaf                InternalHiiCompareSubString
 .text.EfiReleaseLock
                0x000000000001706f       0x69 /tmp/ccRF03OU.ltrans18.ltrans.o
                0x000000000001706f                EfiReleaseLock
 .text.EfiAcquireLockOrFail
                0x00000000000170d8       0x7c /tmp/ccRF03OU.ltrans18.ltrans.o
                0x00000000000170d8                EfiAcquireLockOrFail
 .text.DevicePathNodeLength
                0x0000000000017154       0x40 /tmp/ccRF03OU.ltrans18.ltrans.o
                0x0000000000017154                DevicePathNodeLength
 .text.NextDevicePathNode
                0x0000000000017194       0x3f /tmp/ccRF03OU.ltrans18.ltrans.o
                0x0000000000017194                NextDevicePathNode
 .text.DevicePathSubType
                0x00000000000171d3       0x37 /tmp/ccRF03OU.ltrans18.ltrans.o
                0x00000000000171d3                DevicePathSubType
 .text.DevicePathType
                0x000000000001720a       0x36 /tmp/ccRF03OU.ltrans18.ltrans.o
                0x000000000001720a                DevicePathType
 .text.IsDevicePathEnd
                0x0000000000017240       0x6b /tmp/ccRF03OU.ltrans18.ltrans.o
                0x0000000000017240                IsDevicePathEnd
 .text.UefiDevicePathLibGetDevicePathSize
                0x00000000000172ab       0x4e /tmp/ccRF03OU.ltrans18.ltrans.o
                0x00000000000172ab                UefiDevicePathLibGetDevicePathSize
 .text.AllocateCopyPool
                0x00000000000172f9      0x160 /tmp/ccRF03OU.ltrans18.ltrans.o
                0x00000000000172f9                AllocateCopyPool
 .text.unlikely.UefiDevicePathLibDuplicateDevicePath
                0x0000000000017459       0x2a /tmp/ccRF03OU.ltrans18.ltrans.o
                0x0000000000017459                UefiDevicePathLibDuplicateDevicePath
 .text.DebugPrint
                0x0000000000017483       0xc1 /tmp/ccRF03OU.ltrans18.ltrans.o
                0x0000000000017483                DebugPrint
 .text.FreePool
                0x0000000000017544       0x5a /tmp/ccRF03OU.ltrans18.ltrans.o
                0x0000000000017544                FreePool
 .text.HiiGetSupportedLanguages
                0x000000000001759e       0xa7 /tmp/ccRF03OU.ltrans18.ltrans.o
                0x000000000001759e                HiiGetSupportedLanguages
 .text.HiiFreeOpCodeHandle
                0x0000000000017645       0x48 /tmp/ccRF03OU.ltrans18.ltrans.o
                0x0000000000017645                HiiFreeOpCodeHandle
 .text.HiiAllocateOpCodeHandle
                0x000000000001768d       0x58 /tmp/ccRF03OU.ltrans18.ltrans.o
                0x000000000001768d                HiiAllocateOpCodeHandle
 .text.Ip6DestroyChildEntryInHandleBuffer
                0x00000000000176e5       0x9f /tmp/ccRF03OU.ltrans19.ltrans.o
 .text.UpdateName.part.0
                0x0000000000017784      0x275 /tmp/ccRF03OU.ltrans19.ltrans.o
 .text.Ip6ComponentNameGetDriverName
                0x00000000000179f9       0x36 /tmp/ccRF03OU.ltrans19.ltrans.o
                0x00000000000179f9                Ip6ComponentNameGetDriverName
 .text.Ip6ComponentNameGetControllerName
                0x0000000000017a2f      0x1d0 /tmp/ccRF03OU.ltrans19.ltrans.o
                0x0000000000017a2f                Ip6ComponentNameGetControllerName
 .text.Ip6ServiceBindingDestroyChild
                0x0000000000017bff      0x2cb /tmp/ccRF03OU.ltrans19.ltrans.o
                0x0000000000017bff                Ip6ServiceBindingDestroyChild
 .text.Ip6ServiceBindingCreateChild
                0x0000000000017eca      0x2a9 /tmp/ccRF03OU.ltrans19.ltrans.o
                0x0000000000017eca                Ip6ServiceBindingCreateChild
 .text.Ip6DriverBindingStop
                0x0000000000018173      0x2c3 /tmp/ccRF03OU.ltrans19.ltrans.o
                0x0000000000018173                Ip6DriverBindingStop
 .text.Ip6FindPrefixListEntry
                0x0000000000018436       0xe4 /tmp/ccRF03OU.ltrans19.ltrans.o
                0x0000000000018436                Ip6FindPrefixListEntry
 .text.Ip6DestroyPrefixListEntry
                0x000000000001851a       0xee /tmp/ccRF03OU.ltrans19.ltrans.o
                0x000000000001851a                Ip6DestroyPrefixListEntry
 .text.Ip6CreatePrefixListEntry
                0x0000000000018608      0x19b /tmp/ccRF03OU.ltrans19.ltrans.o
                0x0000000000018608                Ip6CreatePrefixListEntry
 .text.InitializeListHead
                0x00000000000187a3       0x3e /tmp/ccRF03OU.ltrans20.ltrans.o
                0x00000000000187a3                InitializeListHead
 .text.InternalBaseLibIsListValid
                0x00000000000187e1       0x9e /tmp/ccRF03OU.ltrans20.ltrans.o
                0x00000000000187e1                InternalBaseLibIsListValid
 .text.IsNodeInList
                0x000000000001887f       0x93 /tmp/ccRF03OU.ltrans20.ltrans.o
                0x000000000001887f                IsNodeInList
 .text.SwapBytes32
                0x0000000000018912       0x12 /tmp/ccRF03OU.ltrans20.ltrans.o
                0x0000000000018912                SwapBytes32
 .text.CopyGuid
                0x0000000000018924       0x3e /tmp/ccRF03OU.ltrans20.ltrans.o
                0x0000000000018924                CopyGuid
 .text.CopyMem  0x0000000000018962      0x260 /tmp/ccRF03OU.ltrans20.ltrans.o
                0x0000000000018962                CopyMem
 .text.unlikely.SetMem16.part.0.lto_priv.76
                0x0000000000018bc2       0xb8 /tmp/ccRF03OU.ltrans20.ltrans.o
                0x0000000000018bc2                SetMem16.part.0.lto_priv.76
 .text.CompareMem
                0x0000000000018c7a       0xec /tmp/ccRF03OU.ltrans20.ltrans.o
                0x0000000000018c7a                CompareMem
 .text.ZeroMem  0x0000000000018d66       0xf8 /tmp/ccRF03OU.ltrans20.ltrans.o
                0x0000000000018d66                ZeroMem
 .text.ProcessLibraryDestructorList
                0x0000000000018e5e       0x14 /tmp/ccRF03OU.ltrans20.ltrans.o
                0x0000000000018e5e                ProcessLibraryDestructorList
 .text.Ip6ConvertInterfaceInfoToString.part.7.lto_priv.78
                0x0000000000018e72      0x1c6 /tmp/ccRF03OU.ltrans20.ltrans.o
                0x0000000000018e72                Ip6ConvertInterfaceInfoToString.part.7.lto_priv.78
 .text.Ip6ConfigFormUnload
                0x0000000000019038      0x1d1 /tmp/ccRF03OU.ltrans20.ltrans.o
                0x0000000000019038                Ip6ConfigFormUnload
 .text.Ip6IpSecFree
                0x0000000000019209       0x30 /tmp/ccRF03OU.ltrans21.ltrans.o
                0x0000000000019209                Ip6IpSecFree
 .text.unlikely.Ip6TrimPacket
                0x0000000000019239       0xe3 /tmp/ccRF03OU.ltrans21.ltrans.o
 .text.Ip6FreeAssembleEntry
                0x000000000001931c       0x69 /tmp/ccRF03OU.ltrans21.ltrans.o
                0x000000000001931c                Ip6FreeAssembleEntry
 .text.Ip6PreProcessPacket
                0x0000000000019385      0xa0e /tmp/ccRF03OU.ltrans21.ltrans.o
                0x0000000000019385                Ip6PreProcessPacket
 .text.Ip6OnFreeFragments
                0x0000000000019d93       0x99 /tmp/ccRF03OU.ltrans21.ltrans.o
 .text.Ip6FreeNeighborEntry.part.0.lto_priv.79
                0x0000000000019e2c      0x143 /tmp/ccRF03OU.ltrans21.ltrans.o
                0x0000000000019e2c                Ip6FreeNeighborEntry.part.0.lto_priv.79
 .text.unlikely.Ip6ConfigFormInit
                0x0000000000019f6f      0x6bc /tmp/ccRF03OU.ltrans22.ltrans.o
                0x0000000000019f6f                Ip6ConfigFormInit
 .text.Ip6OnRecyclePacket
                0x000000000001a62b       0x8b /tmp/ccRF03OU.ltrans23.ltrans.o
 .text.Ip6WrapRxData
                0x000000000001a6b6      0x11e /tmp/ccRF03OU.ltrans23.ltrans.o
                0x000000000001a6b6                Ip6WrapRxData
 .text.Ip6CleanAssembleTable
                0x000000000001a7d4       0x4f /tmp/ccRF03OU.ltrans23.ltrans.o
                0x000000000001a7d4                Ip6CleanAssembleTable
 .text.BasePrintLibSPrint.constprop.74
                0x000000000001a823       0xb8 /tmp/ccRF03OU.ltrans24.ltrans.o
                0x000000000001a823                BasePrintLibSPrint.constprop.74
 *(.rodata .rodata.* .gnu.linkonce.r.*)
 .rodata.str1.1
                0x000000000001a8db      0x2f7 /tmp/ccRF03OU.ltrans0.ltrans.o
                                        0x32f (size before relaxing)
 *fill*         0x000000000001abd2        0x2 
 .rodata.Ip6AcceptFrame
                0x000000000001abd4       0x40 /tmp/ccRF03OU.ltrans0.ltrans.o
 .rodata.str1.1
                0x000000000001ac14      0x13b /tmp/ccRF03OU.ltrans1.ltrans.o
                                        0x172 (size before relaxing)
 .rodata.str1.1
                0x000000000001ad4f      0x5bd /tmp/ccRF03OU.ltrans2.ltrans.o
                                        0x5eb (size before relaxing)
 *fill*         0x000000000001b30c        0x4 
 .rodata.__FUNCTION__.2845
                0x000000000001b310        0x8 /tmp/ccRF03OU.ltrans2.ltrans.o
 .rodata.__FUNCTION__.2868
                0x000000000001b318        0x8 /tmp/ccRF03OU.ltrans2.ltrans.o
 .rodata.__FUNCTION__.2920
                0x000000000001b320        0xf /tmp/ccRF03OU.ltrans2.ltrans.o
 *fill*         0x000000000001b32f        0x1 
 .rodata.mHexStr
                0x000000000001b330       0x10 /tmp/ccRF03OU.ltrans2.ltrans.o
 .rodata.str2.2
                0x000000000001b340       0x30 /tmp/ccRF03OU.ltrans3.ltrans.o
 .rodata.str1.1
                0x000000000001b370      0x194 /tmp/ccRF03OU.ltrans3.ltrans.o
                                        0x34a (size before relaxing)
 *fill*         0x000000000001b504        0x4 
 .rodata.__FUNCTION__.2856
                0x000000000001b508        0x9 /tmp/ccRF03OU.ltrans3.ltrans.o
 .rodata.str1.1
                0x000000000001b511      0x25e /tmp/ccRF03OU.ltrans4.ltrans.o
                                        0x355 (size before relaxing)
 .rodata.str1.1
                0x000000000001b76f      0x3ad /tmp/ccRF03OU.ltrans5.ltrans.o
                                        0x3c0 (size before relaxing)
 .rodata.str1.1
                0x000000000001bb1c      0x49d /tmp/ccRF03OU.ltrans6.ltrans.o
                                        0x50f (size before relaxing)
 .rodata.str1.1
                0x000000000001bfb9      0x162 /tmp/ccRF03OU.ltrans7.ltrans.o
                                        0x29f (size before relaxing)
 *fill*         0x000000000001c11b        0x1 
 .rodata.str2.2
                0x000000000001c11c        0xc /tmp/ccRF03OU.ltrans7.ltrans.o
 .rodata.str2.2
                0x000000000001c128       0x26 /tmp/ccRF03OU.ltrans8.ltrans.o
                                         0x34 (size before relaxing)
 .rodata.str1.1
                0x000000000001c14e      0x15f /tmp/ccRF03OU.ltrans8.ltrans.o
                                        0x303 (size before relaxing)
 *fill*         0x000000000001c2ad        0x3 
 .rodata.__FUNCTION__.2890
                0x000000000001c2b0       0x13 /tmp/ccRF03OU.ltrans8.ltrans.o
 .rodata.str1.1
                0x000000000001c2c3       0xce /tmp/ccRF03OU.ltrans9.ltrans.o
                                        0x1d5 (size before relaxing)
 .rodata.str1.1
                0x000000000001c391       0x30 /tmp/ccRF03OU.ltrans10.ltrans.o
                                        0x29c (size before relaxing)
 .rodata.str1.1
                0x000000000001c3c1       0x1e /tmp/ccRF03OU.ltrans11.ltrans.o
                                         0xf5 (size before relaxing)
 *fill*         0x000000000001c3df        0x1 
 .rodata.str2.2
                0x000000000001c3e0      0x10c /tmp/ccRF03OU.ltrans11.ltrans.o
                                        0x114 (size before relaxing)
 .rodata.Ip6FormCallback
                0x000000000001c4ec       0x1c /tmp/ccRF03OU.ltrans11.ltrans.o
 *fill*         0x000000000001c508       0x18 
 .rodata.mConfigHdrTemplate
                0x000000000001c520       0x70 /tmp/ccRF03OU.ltrans11.ltrans.o
 .rodata.str1.1
                0x000000000001c590       0x51 /tmp/ccRF03OU.ltrans12.ltrans.o
                                        0x1ed (size before relaxing)
 .rodata.str1.1
                0x000000000001c5e1      0x2c4 /tmp/ccRF03OU.ltrans13.ltrans.o
                                        0x438 (size before relaxing)
 .rodata.str1.1
                0x000000000001c8a5      0x287 /tmp/ccRF03OU.ltrans14.ltrans.o
                                        0x4e0 (size before relaxing)
 .rodata.str2.2
                0x000000000001cb2c        0x6 /tmp/ccRF03OU.ltrans14.ltrans.o
 .rodata.mEndOfPakageList
                0x000000000001cb32        0x4 /tmp/ccRF03OU.ltrans14.ltrans.o
 .rodata.str1.1
                0x000000000001cb36      0x34c /tmp/ccRF03OU.ltrans15.ltrans.o
                                        0x5d4 (size before relaxing)
 .rodata._gPcd_FixedAtBuild_PcdComponentNameDisable
                0x000000000001ce82        0x1 /tmp/ccRF03OU.ltrans15.ltrans.o
                0x000000000001ce82                _gPcd_FixedAtBuild_PcdVerifyNodeInList
                0x000000000001ce82                _gPcd_FixedAtBuild_PcdComponentNameDisable
 *fill*         0x000000000001ce83       0x1d 
 .rodata.mWarningString
                0x000000000001cea0       0x96 /tmp/ccRF03OU.ltrans15.ltrans.o
 *fill*         0x000000000001cf36        0xa 
 .rodata.mErrorString
                0x000000000001cf40      0x2b5 /tmp/ccRF03OU.ltrans15.ltrans.o
 *fill*         0x000000000001d1f5        0x3 
 .rodata._gPcd_FixedAtBuild_PcdMaximumUnicodeStringLength
                0x000000000001d1f8        0x4 /tmp/ccRF03OU.ltrans15.ltrans.o
                0x000000000001d1f8                _gPcd_FixedAtBuild_PcdMaximumLinkedListLength
                0x000000000001d1f8                _gPcd_FixedAtBuild_PcdMaximumAsciiStringLength
                0x000000000001d1f8                _gPcd_FixedAtBuild_PcdMaximumUnicodeStringLength
 .rodata.str1.1
                0x000000000001d1fc      0x101 /tmp/ccRF03OU.ltrans16.ltrans.o
                                        0x21c (size before relaxing)
 .rodata.str1.1
                0x000000000001d2fd      0x143 /tmp/ccRF03OU.ltrans17.ltrans.o
                                        0x223 (size before relaxing)
 .rodata.str1.1
                0x000000000001d440      0x297 /tmp/ccRF03OU.ltrans18.ltrans.o
                                        0x406 (size before relaxing)
 .rodata.str1.1
                0x000000000001d6d7       0x34 /tmp/ccRF03OU.ltrans19.ltrans.o
                                        0x175 (size before relaxing)
 *fill*         0x000000000001d70b        0x1 
 .rodata.str2.2
                0x000000000001d70c       0xcc /tmp/ccRF03OU.ltrans19.ltrans.o
 .rodata.str1.1
                0x000000000001d7d8      0x3fb /tmp/ccRF03OU.ltrans20.ltrans.o
                                        0x55d (size before relaxing)
 *fill*         0x000000000001dbd3        0x1 
 .rodata.str2.2
                0x000000000001dbd4       0x36 /tmp/ccRF03OU.ltrans20.ltrans.o
                                         0x56 (size before relaxing)
 .rodata.str1.1
                0x000000000001dc0a       0x82 /tmp/ccRF03OU.ltrans21.ltrans.o
                                        0x19c (size before relaxing)
 .rodata.str1.1
                0x000000000001dc8c       0x17 /tmp/ccRF03OU.ltrans22.ltrans.o
                                        0x189 (size before relaxing)
 *fill*         0x000000000001dca3        0x1 
 .rodata.str2.2
                0x000000000001dca4       0x40 /tmp/ccRF03OU.ltrans22.ltrans.o
 .rodata.mUefiDevicePathLibEndDevicePath
                0x000000000001dce4        0x4 /tmp/ccRF03OU.ltrans22.ltrans.o
 .rodata.str1.1
                0x000000000001dce8       0x67 /tmp/ccRF03OU.ltrans23.ltrans.o
                                         0xa1 (size before relaxing)
 *(.got .got.*)
 .got           0x000000000001dd4f        0x0 Ip6Impl.obj (symbol from plugin)
 .got.plt       0x000000000001dd4f        0x0 Ip6Impl.obj (symbol from plugin)
 *:AutoGen.obj(.data.g*Guid)

.plt            0x000000000001dd50        0x0
 .plt           0x000000000001dd50        0x0 Ip6Impl.obj (symbol from plugin)

.plt.got        0x000000000001dd50        0x0
 .plt.got       0x000000000001dd50        0x0 Ip6Impl.obj (symbol from plugin)

.data           0x000000000001dd80     0x15f8
 *(.data .data.* .gnu.linkonce.d.*)
 .data.mIp6SupportedIcmp
                0x000000000001dd80       0x2e /tmp/ccRF03OU.ltrans1.ltrans.o
 *fill*         0x000000000001ddae        0x2 
 .data.gEfiFormBrowser2ProtocolGuid
                0x000000000001ddb0       0x10 /tmp/ccRF03OU.ltrans3.ltrans.o
 .data.gEfiIfrTianoGuid
                0x000000000001ddc0       0x10 /tmp/ccRF03OU.ltrans3.ltrans.o
                0x000000000001ddc0                gEfiIfrTianoGuid
 *fill*         0x000000000001ddd0       0x10 
 .data.mIp6ConfigStorageName
                0x000000000001dde0       0x2c /tmp/ccRF03OU.ltrans3.ltrans.o
                0x000000000001dde0                mIp6ConfigStorageName
 *fill*         0x000000000001de0c        0x4 
 .data.gEfiSimpleNetworkProtocolGuid
                0x000000000001de10       0x10 /tmp/ccRF03OU.ltrans5.ltrans.o
 .data.gEfiManagedNetworkProtocolGuid
                0x000000000001de20       0x10 /tmp/ccRF03OU.ltrans5.ltrans.o
                0x000000000001de20                gEfiManagedNetworkProtocolGuid
 .data.gEfiManagedNetworkServiceBindingProtocolGuid
                0x000000000001de30       0x10 /tmp/ccRF03OU.ltrans5.ltrans.o
                0x000000000001de30                gEfiManagedNetworkServiceBindingProtocolGuid
 .data.gEfiComponentNameProtocolGuid
                0x000000000001de40       0x10 /tmp/ccRF03OU.ltrans6.ltrans.o
                0x000000000001de40                gEfiComponentNameProtocolGuid
 .data.gEfiComponentName2ProtocolGuid
                0x000000000001de50       0x10 /tmp/ccRF03OU.ltrans6.ltrans.o
                0x000000000001de50                gEfiComponentName2ProtocolGuid
 .data.gEfiDriverBindingProtocolGuid
                0x000000000001de60       0x10 /tmp/ccRF03OU.ltrans6.ltrans.o
                0x000000000001de60                gEfiDriverBindingProtocolGuid
 .data.rel.local.gIp6ComponentName2
                0x000000000001de70       0x18 /tmp/ccRF03OU.ltrans6.ltrans.o
                0x000000000001de70                gIp6ComponentName2
 *fill*         0x000000000001de88        0x8 
 .data.rel.local.gIp6ComponentName
                0x000000000001de90       0x18 /tmp/ccRF03OU.ltrans6.ltrans.o
                0x000000000001de90                gIp6ComponentName
 *fill*         0x000000000001dea8       0x18 
 .data.rel.local.gIp6DriverBinding
                0x000000000001dec0       0x30 /tmp/ccRF03OU.ltrans6.ltrans.o
                0x000000000001dec0                gIp6DriverBinding
 .data.gEfiIpSec2ProtocolGuid
                0x000000000001def0       0x10 /tmp/ccRF03OU.ltrans6.ltrans.o
                0x000000000001def0                gEfiIpSec2ProtocolGuid
 .data.gEfiHiiImageProtocolGuid
                0x000000000001df00       0x10 /tmp/ccRF03OU.ltrans6.ltrans.o
 .data.gEfiHiiFontProtocolGuid
                0x000000000001df10       0x10 /tmp/ccRF03OU.ltrans6.ltrans.o
 .data.gEfiHiiConfigRoutingProtocolGuid
                0x000000000001df20       0x10 /tmp/ccRF03OU.ltrans6.ltrans.o
 .data.gEfiHiiDatabaseProtocolGuid
                0x000000000001df30       0x10 /tmp/ccRF03OU.ltrans6.ltrans.o
 .data.gEfiHiiStringProtocolGuid
                0x000000000001df40       0x10 /tmp/ccRF03OU.ltrans6.ltrans.o
 .data.gEfiDpcProtocolGuid
                0x000000000001df50       0x10 /tmp/ccRF03OU.ltrans6.ltrans.o
 .data.gEfiLoadedImageProtocolGuid
                0x000000000001df60       0x10 /tmp/ccRF03OU.ltrans6.ltrans.o
 .data.rel.local.mIp6ConfigInstanceList
                0x000000000001df70       0x10 /tmp/ccRF03OU.ltrans7.ltrans.o
 .data.gEfiIp6ConfigProtocolGuid
                0x000000000001df80       0x10 /tmp/ccRF03OU.ltrans10.ltrans.o
                0x000000000001df80                gEfiIp6ConfigProtocolGuid
 .data.gEfiDhcp6ProtocolGuid
                0x000000000001df90       0x10 /tmp/ccRF03OU.ltrans12.ltrans.o
                0x000000000001df90                gEfiDhcp6ProtocolGuid
 .data.gEfiDhcp6ServiceBindingProtocolGuid
                0x000000000001dfa0       0x10 /tmp/ccRF03OU.ltrans12.ltrans.o
 .data.gIp6ConfigNvDataGuid
                0x000000000001dfb0       0x10 /tmp/ccRF03OU.ltrans14.ltrans.o
                0x000000000001dfb0                gIp6ConfigNvDataGuid
 .data.gEfiDevicePathProtocolGuid
                0x000000000001dfc0       0x10 /tmp/ccRF03OU.ltrans18.ltrans.o
                0x000000000001dfc0                gEfiDevicePathProtocolGuid
 .data.gEfiIp6ServiceBindingProtocolGuid
                0x000000000001dfd0       0x10 /tmp/ccRF03OU.ltrans19.ltrans.o
                0x000000000001dfd0                gEfiIp6ServiceBindingProtocolGuid
 .data.rel.local.mEfiIp6ProtocolTemplete
                0x000000000001dfe0       0x48 /tmp/ccRF03OU.ltrans19.ltrans.o
 *fill*         0x000000000001e028       0x18 
 .data.rel.local.mIp6DriverNameTable
                0x000000000001e040       0x20 /tmp/ccRF03OU.ltrans19.ltrans.o
 .data.gEfiIp6ProtocolGuid
                0x000000000001e060       0x10 /tmp/ccRF03OU.ltrans19.ltrans.o
 .data.gEfiHiiConfigAccessProtocolGuid
                0x000000000001e070       0x10 /tmp/ccRF03OU.ltrans20.ltrans.o
                0x000000000001e070                gEfiHiiConfigAccessProtocolGuid
 .data.gEfiGlobalVariableGuid
                0x000000000001e080       0x10 /tmp/ccRF03OU.ltrans22.ltrans.o
 *fill*         0x000000000001e090       0x10 
 .data.Ip6ConfigBin
                0x000000000001e0a0      0x262 /tmp/ccRF03OU.ltrans22.ltrans.o
 *fill*         0x000000000001e302       0x1e 
 .data.Ip6DxeStrings
                0x000000000001e320      0xf88 /tmp/ccRF03OU.ltrans22.ltrans.o
 *fill*         0x000000000001f2a8        0x8 
 .data.gEfiCallerIdGuid
                0x000000000001f2b0       0x10 /tmp/ccRF03OU.ltrans22.ltrans.o
 .data.rel.ro   0x000000000001f2c0        0x0 Ip6Impl.obj (symbol from plugin)
 *(.bss .bss.*)
 .bss.mDpc      0x000000000001f2c0        0x8 /tmp/ccRF03OU.ltrans3.ltrans.o
                0x000000000001f2c0                mDpc
 .bss.gST       0x000000000001f2c8        0x8 /tmp/ccRF03OU.ltrans3.ltrans.o
                0x000000000001f2c8                gST
 .bss.mUefiFormBrowser2
                0x000000000001f2d0        0x8 /tmp/ccRF03OU.ltrans3.ltrans.o
 .bss.gIp6ControllerNameTable
                0x000000000001f2d8        0x8 /tmp/ccRF03OU.ltrans3.ltrans.o
                0x000000000001f2d8                gIp6ControllerNameTable
 .bss.mExitBootServicesEvent.lto_priv.77
                0x000000000001f2e0        0x8 /tmp/ccRF03OU.ltrans6.ltrans.o
                0x000000000001f2e0                mExitBootServicesEvent.lto_priv.77
 .bss.gImageHandle
                0x000000000001f2e8        0x8 /tmp/ccRF03OU.ltrans6.ltrans.o
 .bss.gHiiImage
                0x000000000001f2f0        0x8 /tmp/ccRF03OU.ltrans6.ltrans.o
 .bss.gHiiFont  0x000000000001f2f8        0x8 /tmp/ccRF03OU.ltrans6.ltrans.o
 .bss.gHiiConfigRouting
                0x000000000001f300        0x8 /tmp/ccRF03OU.ltrans6.ltrans.o
                0x000000000001f300                gHiiConfigRouting
 .bss.gRT       0x000000000001f308        0x8 /tmp/ccRF03OU.ltrans6.ltrans.o
                0x000000000001f308                gRT
 .bss.mIpSec    0x000000000001f310        0x8 /tmp/ccRF03OU.ltrans10.ltrans.o
                0x000000000001f310                mIpSec
 .bss.gHiiDatabase
                0x000000000001f318        0x8 /tmp/ccRF03OU.ltrans14.ltrans.o
                0x000000000001f318                gHiiDatabase
 .bss.gHiiString
                0x000000000001f320        0x8 /tmp/ccRF03OU.ltrans14.ltrans.o
                0x000000000001f320                gHiiString
 *fill*         0x000000000001f328       0x18 
 .bss.mZeroMacAddress
                0x000000000001f340       0x20 /tmp/ccRF03OU.ltrans15.ltrans.o
                0x000000000001f340                mZeroMacAddress
 .bss.gBS       0x000000000001f360        0x8 /tmp/ccRF03OU.ltrans15.ltrans.o
                0x000000000001f360                gBS
 .bss.mDebugST  0x000000000001f368        0x8 /tmp/ccRF03OU.ltrans15.ltrans.o
                0x000000000001f368                mDebugST
 .bss.mPostEBS  0x000000000001f370        0x1 /tmp/ccRF03OU.ltrans15.ltrans.o
                0x000000000001f370                mPostEBS
 .bss.mIpSec2Installed
                0x000000000001f371        0x1 /tmp/ccRF03OU.ltrans16.ltrans.o
                0x000000000001f371                mIpSec2Installed
 *fill*         0x000000000001f372        0x2 
 .bss.mIp6Id    0x000000000001f374        0x4 /tmp/ccRF03OU.ltrans16.ltrans.o
                0x000000000001f374                mIp6Id

.eh_frame       0x000000000001f380        0x0
 *(.eh_frame)
 .eh_frame      0x000000000001f380        0x0 Ip6Impl.obj (symbol from plugin)
 .eh_frame      0x000000000001f380        0x0 Ip6Impl.obj (symbol from plugin)

.dynbss         0x000000000001f380        0x0
 .dynbss        0x000000000001f380        0x0 Ip6Impl.obj (symbol from plugin)

.gnu.version_d  0x000000000001f380        0x0
 .gnu.version_d
                0x000000000001f380        0x0 Ip6Impl.obj (symbol from plugin)

.gnu.version    0x000000000001f380        0x0
 .gnu.version   0x000000000001f380        0x0 Ip6Impl.obj (symbol from plugin)

.gnu.version_r  0x000000000001f380        0x0
 .gnu.version_r
                0x000000000001f380        0x0 Ip6Impl.obj (symbol from plugin)

.rela           0x000000000001f380      0x210
 *(.rela .rela.*)
 .rela.plt      0x000000000001f380        0x0 Ip6Impl.obj (symbol from plugin)
 .rela.got      0x000000000001f380        0x0 Ip6Impl.obj (symbol from plugin)
 .rela.bss      0x000000000001f380        0x0 Ip6Impl.obj (symbol from plugin)
 .rela.data.rel.ro
                0x000000000001f380        0x0 Ip6Impl.obj (symbol from plugin)
 .rela.ifunc    0x000000000001f380        0x0 Ip6Impl.obj (symbol from plugin)
 .rela.data.rel.local.gIp6ComponentName2
                0x000000000001f380       0x48 Ip6Impl.obj (symbol from plugin)
 .rela.data.rel.local.gIp6ComponentName
                0x000000000001f3c8       0x48 Ip6Impl.obj (symbol from plugin)
 .rela.data.rel.local.gIp6DriverBinding
                0x000000000001f410       0x48 Ip6Impl.obj (symbol from plugin)
 .rela.data.rel.local.mIp6ConfigInstanceList
                0x000000000001f458       0x30 Ip6Impl.obj (symbol from plugin)
 .rela.data.rel.local.mEfiIp6ProtocolTemplete
                0x000000000001f488       0xd8 Ip6Impl.obj (symbol from plugin)
 .rela.data.rel.local.mIp6DriverNameTable
                0x000000000001f560       0x30 Ip6Impl.obj (symbol from plugin)

.hii
 *(.hii)

.build-id       0x000000000001f590       0x24
 *(.note.gnu.build-id)
 .note.gnu.build-id
                0x000000000001f590       0x24 Ip6Impl.obj (symbol from plugin)

/DISCARD/
 *(.note.GNU-stack)
 *(.gnu_debuglink)
 *(.interp)
 *(.dynsym)
 *(.dynstr)
 *(.dynamic)
 *(.hash .gnu.hash)
 *(.comment)
OUTPUT(/home/hcj/UEFIWorkspace/Build/NetworkPkg/DEBUG_GCC5/X64/NetworkPkg/Ip6Dxe/Ip6Dxe/DEBUG/Ip6Dxe.dll elf64-x86-64)

.debug_info     0x0000000000000000    0x5e34a
 .debug_info    0x0000000000000000     0x5782 /tmp/ccRF03OU.ltrans0.ltrans.o
 .debug_info    0x0000000000005782     0x56e4 /tmp/ccRF03OU.ltrans1.ltrans.o
 .debug_info    0x000000000000ae66     0x16a3 /tmp/ccRF03OU.ltrans2.ltrans.o
 .debug_info    0x000000000000c509     0x3761 /tmp/ccRF03OU.ltrans3.ltrans.o
 .debug_info    0x000000000000fc6a     0x4a44 /tmp/ccRF03OU.ltrans4.ltrans.o
 .debug_info    0x00000000000146ae     0x2ba3 /tmp/ccRF03OU.ltrans5.ltrans.o
 .debug_info    0x0000000000017251     0x3fdd /tmp/ccRF03OU.ltrans6.ltrans.o
 .debug_info    0x000000000001b22e     0x4437 /tmp/ccRF03OU.ltrans7.ltrans.o
 .debug_info    0x000000000001f665     0x42ae /tmp/ccRF03OU.ltrans8.ltrans.o
 .debug_info    0x0000000000023913     0x48a5 /tmp/ccRF03OU.ltrans9.ltrans.o
 .debug_info    0x00000000000281b8     0x4858 /tmp/ccRF03OU.ltrans10.ltrans.o
 .debug_info    0x000000000002ca10     0x3176 /tmp/ccRF03OU.ltrans11.ltrans.o
 .debug_info    0x000000000002fb86     0x4579 /tmp/ccRF03OU.ltrans12.ltrans.o
 .debug_info    0x00000000000340ff     0x49f9 /tmp/ccRF03OU.ltrans13.ltrans.o
 .debug_info    0x0000000000038af8     0x4152 /tmp/ccRF03OU.ltrans14.ltrans.o
 .debug_info    0x000000000003cc4a     0x4a8c /tmp/ccRF03OU.ltrans15.ltrans.o
 .debug_info    0x00000000000416d6     0x473a /tmp/ccRF03OU.ltrans16.ltrans.o
 .debug_info    0x0000000000045e10     0x3c7e /tmp/ccRF03OU.ltrans17.ltrans.o
 .debug_info    0x0000000000049a8e     0x1fcf /tmp/ccRF03OU.ltrans18.ltrans.o
 .debug_info    0x000000000004ba5d     0x448c /tmp/ccRF03OU.ltrans19.ltrans.o
 .debug_info    0x000000000004fee9     0x4856 /tmp/ccRF03OU.ltrans20.ltrans.o
 .debug_info    0x000000000005473f     0x3cd4 /tmp/ccRF03OU.ltrans21.ltrans.o
 .debug_info    0x0000000000058413     0x3106 /tmp/ccRF03OU.ltrans22.ltrans.o
 .debug_info    0x000000000005b519     0x2cd5 /tmp/ccRF03OU.ltrans23.ltrans.o
 .debug_info    0x000000000005e1ee      0x15c /tmp/ccRF03OU.ltrans24.ltrans.o

.debug_abbrev   0x0000000000000000     0x603c
 .debug_abbrev  0x0000000000000000      0x37c /tmp/ccRF03OU.ltrans0.ltrans.o
 .debug_abbrev  0x000000000000037c      0x4c4 /tmp/ccRF03OU.ltrans1.ltrans.o
 .debug_abbrev  0x0000000000000840      0x2f3 /tmp/ccRF03OU.ltrans2.ltrans.o
 .debug_abbrev  0x0000000000000b33      0x38a /tmp/ccRF03OU.ltrans3.ltrans.o
 .debug_abbrev  0x0000000000000ebd      0x4b7 /tmp/ccRF03OU.ltrans4.ltrans.o
 .debug_abbrev  0x0000000000001374      0x46c /tmp/ccRF03OU.ltrans5.ltrans.o
 .debug_abbrev  0x00000000000017e0      0x3fb /tmp/ccRF03OU.ltrans6.ltrans.o
 .debug_abbrev  0x0000000000001bdb      0x3fa /tmp/ccRF03OU.ltrans7.ltrans.o
 .debug_abbrev  0x0000000000001fd5      0x43d /tmp/ccRF03OU.ltrans8.ltrans.o
 .debug_abbrev  0x0000000000002412      0x389 /tmp/ccRF03OU.ltrans9.ltrans.o
 .debug_abbrev  0x000000000000279b      0x410 /tmp/ccRF03OU.ltrans10.ltrans.o
 .debug_abbrev  0x0000000000002bab      0x36a /tmp/ccRF03OU.ltrans11.ltrans.o
 .debug_abbrev  0x0000000000002f15      0x457 /tmp/ccRF03OU.ltrans12.ltrans.o
 .debug_abbrev  0x000000000000336c      0x536 /tmp/ccRF03OU.ltrans13.ltrans.o
 .debug_abbrev  0x00000000000038a2      0x380 /tmp/ccRF03OU.ltrans14.ltrans.o
 .debug_abbrev  0x0000000000003c22      0x3af /tmp/ccRF03OU.ltrans15.ltrans.o
 .debug_abbrev  0x0000000000003fd1      0x414 /tmp/ccRF03OU.ltrans16.ltrans.o
 .debug_abbrev  0x00000000000043e5      0x3a7 /tmp/ccRF03OU.ltrans17.ltrans.o
 .debug_abbrev  0x000000000000478c      0x49b /tmp/ccRF03OU.ltrans18.ltrans.o
 .debug_abbrev  0x0000000000004c27      0x482 /tmp/ccRF03OU.ltrans19.ltrans.o
 .debug_abbrev  0x00000000000050a9      0x484 /tmp/ccRF03OU.ltrans20.ltrans.o
 .debug_abbrev  0x000000000000552d      0x461 /tmp/ccRF03OU.ltrans21.ltrans.o
 .debug_abbrev  0x000000000000598e      0x36e /tmp/ccRF03OU.ltrans22.ltrans.o
 .debug_abbrev  0x0000000000005cfc      0x27a /tmp/ccRF03OU.ltrans23.ltrans.o
 .debug_abbrev  0x0000000000005f76       0xc6 /tmp/ccRF03OU.ltrans24.ltrans.o

.debug_loc      0x0000000000000000    0x2e218
 .debug_loc     0x0000000000000000     0x218a /tmp/ccRF03OU.ltrans0.ltrans.o
 .debug_loc     0x000000000000218a     0x3300 /tmp/ccRF03OU.ltrans1.ltrans.o
 .debug_loc     0x000000000000548a     0x16f9 /tmp/ccRF03OU.ltrans2.ltrans.o
 .debug_loc     0x0000000000006b83     0x1c5d /tmp/ccRF03OU.ltrans3.ltrans.o
 .debug_loc     0x00000000000087e0     0x2630 /tmp/ccRF03OU.ltrans4.ltrans.o
 .debug_loc     0x000000000000ae10     0x2431 /tmp/ccRF03OU.ltrans5.ltrans.o
 .debug_loc     0x000000000000d241     0x1663 /tmp/ccRF03OU.ltrans6.ltrans.o
 .debug_loc     0x000000000000e8a4     0x11ae /tmp/ccRF03OU.ltrans7.ltrans.o
 .debug_loc     0x000000000000fa52     0x3659 /tmp/ccRF03OU.ltrans8.ltrans.o
 .debug_loc     0x00000000000130ab     0x2052 /tmp/ccRF03OU.ltrans9.ltrans.o
 .debug_loc     0x00000000000150fd     0x2646 /tmp/ccRF03OU.ltrans10.ltrans.o
 .debug_loc     0x0000000000017743     0x1e6a /tmp/ccRF03OU.ltrans11.ltrans.o
 .debug_loc     0x00000000000195ad     0x2a62 /tmp/ccRF03OU.ltrans12.ltrans.o
 .debug_loc     0x000000000001c00f     0x234e /tmp/ccRF03OU.ltrans13.ltrans.o
 .debug_loc     0x000000000001e35d     0x1dfa /tmp/ccRF03OU.ltrans14.ltrans.o
 .debug_loc     0x0000000000020157     0x2090 /tmp/ccRF03OU.ltrans15.ltrans.o
 .debug_loc     0x00000000000221e7     0x2682 /tmp/ccRF03OU.ltrans16.ltrans.o
 .debug_loc     0x0000000000024869     0x1df9 /tmp/ccRF03OU.ltrans17.ltrans.o
 .debug_loc     0x0000000000026662     0x183a /tmp/ccRF03OU.ltrans18.ltrans.o
 .debug_loc     0x0000000000027e9c     0x19c2 /tmp/ccRF03OU.ltrans19.ltrans.o
 .debug_loc     0x000000000002985e     0x1ff0 /tmp/ccRF03OU.ltrans20.ltrans.o
 .debug_loc     0x000000000002b84e     0x17d2 /tmp/ccRF03OU.ltrans21.ltrans.o
 .debug_loc     0x000000000002d020      0xd6a /tmp/ccRF03OU.ltrans22.ltrans.o
 .debug_loc     0x000000000002dd8a      0x397 /tmp/ccRF03OU.ltrans23.ltrans.o
 .debug_loc     0x000000000002e121       0xf7 /tmp/ccRF03OU.ltrans24.ltrans.o

.debug_aranges  0x0000000000000000     0x1420
 .debug_aranges
                0x0000000000000000       0x30 /tmp/ccRF03OU.ltrans0.ltrans.o
 .debug_aranges
                0x0000000000000030      0x150 /tmp/ccRF03OU.ltrans1.ltrans.o
 .debug_aranges
                0x0000000000000180      0x1b0 /tmp/ccRF03OU.ltrans2.ltrans.o
 .debug_aranges
                0x0000000000000330       0xc0 /tmp/ccRF03OU.ltrans3.ltrans.o
 .debug_aranges
                0x00000000000003f0      0x130 /tmp/ccRF03OU.ltrans4.ltrans.o
 .debug_aranges
                0x0000000000000520      0x170 /tmp/ccRF03OU.ltrans5.ltrans.o
 .debug_aranges
                0x0000000000000690      0x140 /tmp/ccRF03OU.ltrans6.ltrans.o
 .debug_aranges
                0x00000000000007d0       0x50 /tmp/ccRF03OU.ltrans7.ltrans.o
 .debug_aranges
                0x0000000000000820       0x90 /tmp/ccRF03OU.ltrans8.ltrans.o
 .debug_aranges
                0x00000000000008b0       0xd0 /tmp/ccRF03OU.ltrans9.ltrans.o
 .debug_aranges
                0x0000000000000980       0xc0 /tmp/ccRF03OU.ltrans10.ltrans.o
 .debug_aranges
                0x0000000000000a40       0x60 /tmp/ccRF03OU.ltrans11.ltrans.o
 .debug_aranges
                0x0000000000000aa0      0x100 /tmp/ccRF03OU.ltrans12.ltrans.o
 .debug_aranges
                0x0000000000000ba0      0x110 /tmp/ccRF03OU.ltrans13.ltrans.o
 .debug_aranges
                0x0000000000000cb0       0xf0 /tmp/ccRF03OU.ltrans14.ltrans.o
 .debug_aranges
                0x0000000000000da0       0xb0 /tmp/ccRF03OU.ltrans15.ltrans.o
 .debug_aranges
                0x0000000000000e50       0x70 /tmp/ccRF03OU.ltrans16.ltrans.o
 .debug_aranges
                0x0000000000000ec0       0xa0 /tmp/ccRF03OU.ltrans17.ltrans.o
 .debug_aranges
                0x0000000000000f60      0x1e0 /tmp/ccRF03OU.ltrans18.ltrans.o
 .debug_aranges
                0x0000000000001140       0xc0 /tmp/ccRF03OU.ltrans19.ltrans.o
 .debug_aranges
                0x0000000000001200       0xf0 /tmp/ccRF03OU.ltrans20.ltrans.o
 .debug_aranges
                0x00000000000012f0       0x80 /tmp/ccRF03OU.ltrans21.ltrans.o
 .debug_aranges
                0x0000000000001370       0x30 /tmp/ccRF03OU.ltrans22.ltrans.o
 .debug_aranges
                0x00000000000013a0       0x50 /tmp/ccRF03OU.ltrans23.ltrans.o
 .debug_aranges
                0x00000000000013f0       0x30 /tmp/ccRF03OU.ltrans24.ltrans.o

.debug_ranges   0x0000000000000000     0x4390
 .debug_ranges  0x0000000000000000      0x390 /tmp/ccRF03OU.ltrans0.ltrans.o
 .debug_ranges  0x0000000000000390      0x7c0 /tmp/ccRF03OU.ltrans1.ltrans.o
 .debug_ranges  0x0000000000000b50      0x270 /tmp/ccRF03OU.ltrans2.ltrans.o
 .debug_ranges  0x0000000000000dc0      0x2c0 /tmp/ccRF03OU.ltrans3.ltrans.o
 .debug_ranges  0x0000000000001080      0x360 /tmp/ccRF03OU.ltrans4.ltrans.o
 .debug_ranges  0x00000000000013e0      0x200 /tmp/ccRF03OU.ltrans5.ltrans.o
 .debug_ranges  0x00000000000015e0      0x290 /tmp/ccRF03OU.ltrans6.ltrans.o
 .debug_ranges  0x0000000000001870      0x410 /tmp/ccRF03OU.ltrans7.ltrans.o
 .debug_ranges  0x0000000000001c80      0x5f0 /tmp/ccRF03OU.ltrans8.ltrans.o
 .debug_ranges  0x0000000000002270      0x190 /tmp/ccRF03OU.ltrans9.ltrans.o
 .debug_ranges  0x0000000000002400      0x270 /tmp/ccRF03OU.ltrans10.ltrans.o
 .debug_ranges  0x0000000000002670      0x510 /tmp/ccRF03OU.ltrans11.ltrans.o
 .debug_ranges  0x0000000000002b80      0x290 /tmp/ccRF03OU.ltrans12.ltrans.o
 .debug_ranges  0x0000000000002e10      0x320 /tmp/ccRF03OU.ltrans13.ltrans.o
 .debug_ranges  0x0000000000003130      0x220 /tmp/ccRF03OU.ltrans14.ltrans.o
 .debug_ranges  0x0000000000003350       0xa0 /tmp/ccRF03OU.ltrans15.ltrans.o
 .debug_ranges  0x00000000000033f0      0x210 /tmp/ccRF03OU.ltrans16.ltrans.o
 .debug_ranges  0x0000000000003600      0x1e0 /tmp/ccRF03OU.ltrans17.ltrans.o
 .debug_ranges  0x00000000000037e0      0x3e0 /tmp/ccRF03OU.ltrans18.ltrans.o
 .debug_ranges  0x0000000000003bc0      0x250 /tmp/ccRF03OU.ltrans19.ltrans.o
 .debug_ranges  0x0000000000003e10      0x110 /tmp/ccRF03OU.ltrans20.ltrans.o
 .debug_ranges  0x0000000000003f20      0x220 /tmp/ccRF03OU.ltrans21.ltrans.o
 .debug_ranges  0x0000000000004140      0x1f0 /tmp/ccRF03OU.ltrans22.ltrans.o
 .debug_ranges  0x0000000000004330       0x40 /tmp/ccRF03OU.ltrans23.ltrans.o
 .debug_ranges  0x0000000000004370       0x20 /tmp/ccRF03OU.ltrans24.ltrans.o

.debug_line     0x0000000000000000     0xb79d
 .debug_line    0x0000000000000000      0x757 /tmp/ccRF03OU.ltrans0.ltrans.o
 .debug_line    0x0000000000000757      0x968 /tmp/ccRF03OU.ltrans1.ltrans.o
 .debug_line    0x00000000000010bf      0x5bd /tmp/ccRF03OU.ltrans2.ltrans.o
 .debug_line    0x000000000000167c      0x9eb /tmp/ccRF03OU.ltrans3.ltrans.o
 .debug_line    0x0000000000002067      0x79b /tmp/ccRF03OU.ltrans4.ltrans.o
 .debug_line    0x0000000000002802      0x6c5 /tmp/ccRF03OU.ltrans5.ltrans.o
 .debug_line    0x0000000000002ec7      0x90a /tmp/ccRF03OU.ltrans6.ltrans.o
 .debug_line    0x00000000000037d1      0x763 /tmp/ccRF03OU.ltrans7.ltrans.o
 .debug_line    0x0000000000003f34      0x8a4 /tmp/ccRF03OU.ltrans8.ltrans.o
 .debug_line    0x00000000000047d8      0x6b6 /tmp/ccRF03OU.ltrans9.ltrans.o
 .debug_line    0x0000000000004e8e      0x7f7 /tmp/ccRF03OU.ltrans10.ltrans.o
 .debug_line    0x0000000000005685      0x5f3 /tmp/ccRF03OU.ltrans11.ltrans.o
 .debug_line    0x0000000000005c78      0x811 /tmp/ccRF03OU.ltrans12.ltrans.o
 .debug_line    0x0000000000006489      0x8b8 /tmp/ccRF03OU.ltrans13.ltrans.o
 .debug_line    0x0000000000006d41      0x964 /tmp/ccRF03OU.ltrans14.ltrans.o
 .debug_line    0x00000000000076a5      0x9d9 /tmp/ccRF03OU.ltrans15.ltrans.o
 .debug_line    0x000000000000807e      0x6e3 /tmp/ccRF03OU.ltrans16.ltrans.o
 .debug_line    0x0000000000008761      0x648 /tmp/ccRF03OU.ltrans17.ltrans.o
 .debug_line    0x0000000000008da9      0x9dd /tmp/ccRF03OU.ltrans18.ltrans.o
 .debug_line    0x0000000000009786      0x7ad /tmp/ccRF03OU.ltrans19.ltrans.o
 .debug_line    0x0000000000009f33      0x824 /tmp/ccRF03OU.ltrans20.ltrans.o
 .debug_line    0x000000000000a757      0x61c /tmp/ccRF03OU.ltrans21.ltrans.o
 .debug_line    0x000000000000ad73      0x5bd /tmp/ccRF03OU.ltrans22.ltrans.o
 .debug_line    0x000000000000b330      0x35c /tmp/ccRF03OU.ltrans23.ltrans.o
 .debug_line    0x000000000000b68c      0x111 /tmp/ccRF03OU.ltrans24.ltrans.o

.debug_str      0x0000000000000000     0x89d3
 .debug_str     0x0000000000000000     0x1fb1 /tmp/ccRF03OU.ltrans0.ltrans.o
                                       0x276c (size before relaxing)
 .debug_str     0x0000000000001fb1      0x43e /tmp/ccRF03OU.ltrans1.ltrans.o
                                       0x25df (size before relaxing)
 .debug_str     0x00000000000023ef      0x39d /tmp/ccRF03OU.ltrans2.ltrans.o
                                        0x6f9 (size before relaxing)
 .debug_str     0x000000000000278c     0x14f9 /tmp/ccRF03OU.ltrans3.ltrans.o
                                       0x1dc7 (size before relaxing)
 .debug_str     0x0000000000003c85      0x324 /tmp/ccRF03OU.ltrans4.ltrans.o
                                       0x246f (size before relaxing)
 .debug_str     0x0000000000003fa9      0x662 /tmp/ccRF03OU.ltrans5.ltrans.o
                                       0x1389 (size before relaxing)
 .debug_str     0x000000000000460b      0xda2 /tmp/ccRF03OU.ltrans6.ltrans.o
                                       0x248a (size before relaxing)
 .debug_str     0x00000000000053ad      0x293 /tmp/ccRF03OU.ltrans7.ltrans.o
                                       0x24ff (size before relaxing)
 .debug_str     0x0000000000005640      0x521 /tmp/ccRF03OU.ltrans8.ltrans.o
                                       0x229d (size before relaxing)
 .debug_str     0x0000000000005b61      0x1a0 /tmp/ccRF03OU.ltrans9.ltrans.o
                                       0x24c7 (size before relaxing)
 .debug_str     0x0000000000005d01      0x39b /tmp/ccRF03OU.ltrans10.ltrans.o
                                       0x2653 (size before relaxing)
 .debug_str     0x000000000000609c      0x3af /tmp/ccRF03OU.ltrans11.ltrans.o
                                       0x145d (size before relaxing)
 .debug_str     0x000000000000644b      0x3e3 /tmp/ccRF03OU.ltrans12.ltrans.o
                                       0x253a (size before relaxing)
 .debug_str     0x000000000000682e      0x2d3 /tmp/ccRF03OU.ltrans13.ltrans.o
                                       0x266e (size before relaxing)
 .debug_str     0x0000000000006b01      0x812 /tmp/ccRF03OU.ltrans14.ltrans.o
                                       0x26a2 (size before relaxing)
 .debug_str     0x0000000000007313      0x42b /tmp/ccRF03OU.ltrans15.ltrans.o
                                       0x31e0 (size before relaxing)
 .debug_str     0x000000000000773e      0x199 /tmp/ccRF03OU.ltrans16.ltrans.o
                                       0x264c (size before relaxing)
 .debug_str     0x00000000000078d7      0x287 /tmp/ccRF03OU.ltrans17.ltrans.o
                                       0x208c (size before relaxing)
 .debug_str     0x0000000000007b5e      0x40f /tmp/ccRF03OU.ltrans18.ltrans.o
                                        0xd50 (size before relaxing)
 .debug_str     0x0000000000007f6d      0x32a /tmp/ccRF03OU.ltrans19.ltrans.o
                                       0x26d5 (size before relaxing)
 .debug_str     0x0000000000008297      0x35f /tmp/ccRF03OU.ltrans20.ltrans.o
                                       0x2f36 (size before relaxing)
 .debug_str     0x00000000000085f6      0x12a /tmp/ccRF03OU.ltrans21.ltrans.o
                                       0x23e7 (size before relaxing)
 .debug_str     0x0000000000008720      0x249 /tmp/ccRF03OU.ltrans22.ltrans.o
                                       0x1ebb (size before relaxing)
 .debug_str     0x0000000000008969       0x37 /tmp/ccRF03OU.ltrans23.ltrans.o
                                       0x20aa (size before relaxing)
 .debug_str     0x00000000000089a0       0x33 /tmp/ccRF03OU.ltrans24.ltrans.o
                                        0x27b (size before relaxing)

.debug_frame    0x0000000000000000     0x6910
 .debug_frame   0x0000000000000000      0x3e8 /tmp/ccRF03OU.ltrans0.ltrans.o
 .debug_frame   0x00000000000003e8      0x6a8 /tmp/ccRF03OU.ltrans1.ltrans.o
 .debug_frame   0x0000000000000a90      0x560 /tmp/ccRF03OU.ltrans2.ltrans.o
 .debug_frame   0x0000000000000ff0      0x368 /tmp/ccRF03OU.ltrans3.ltrans.o
 .debug_frame   0x0000000000001358      0x6b8 /tmp/ccRF03OU.ltrans4.ltrans.o
 .debug_frame   0x0000000000001a10      0x6c8 /tmp/ccRF03OU.ltrans5.ltrans.o
 .debug_frame   0x00000000000020d8      0x418 /tmp/ccRF03OU.ltrans6.ltrans.o
 .debug_frame   0x00000000000024f0      0x198 /tmp/ccRF03OU.ltrans7.ltrans.o
 .debug_frame   0x0000000000002688      0x4a8 /tmp/ccRF03OU.ltrans8.ltrans.o
 .debug_frame   0x0000000000002b30      0x528 /tmp/ccRF03OU.ltrans9.ltrans.o
 .debug_frame   0x0000000000003058      0x5e0 /tmp/ccRF03OU.ltrans10.ltrans.o
 .debug_frame   0x0000000000003638      0x210 /tmp/ccRF03OU.ltrans11.ltrans.o
 .debug_frame   0x0000000000003848      0x580 /tmp/ccRF03OU.ltrans12.ltrans.o
 .debug_frame   0x0000000000003dc8      0x570 /tmp/ccRF03OU.ltrans13.ltrans.o
 .debug_frame   0x0000000000004338      0x4e0 /tmp/ccRF03OU.ltrans14.ltrans.o
 .debug_frame   0x0000000000004818      0x3c8 /tmp/ccRF03OU.ltrans15.ltrans.o
 .debug_frame   0x0000000000004be0      0x3a8 /tmp/ccRF03OU.ltrans16.ltrans.o
 .debug_frame   0x0000000000004f88      0x4c0 /tmp/ccRF03OU.ltrans17.ltrans.o
 .debug_frame   0x0000000000005448      0x620 /tmp/ccRF03OU.ltrans18.ltrans.o
 .debug_frame   0x0000000000005a68      0x470 /tmp/ccRF03OU.ltrans19.ltrans.o
 .debug_frame   0x0000000000005ed8      0x368 /tmp/ccRF03OU.ltrans20.ltrans.o
 .debug_frame   0x0000000000006240      0x390 /tmp/ccRF03OU.ltrans21.ltrans.o
 .debug_frame   0x00000000000065d0      0x1e8 /tmp/ccRF03OU.ltrans22.ltrans.o
 .debug_frame   0x00000000000067b8       0xe8 /tmp/ccRF03OU.ltrans23.ltrans.o
 .debug_frame   0x00000000000068a0       0x70 /tmp/ccRF03OU.ltrans24.ltrans.o
