Archive member included to satisfy reference by file (symbol)

/home/hcj/UEFIWorkspace/Build/MdeModule/DEBUG_GCC5/X64/MdeModulePkg/Universal/Variable/RuntimeDxe/VariableRuntimeDxe/OUTPUT/VariableRuntimeDxe.lib(Reclaim.obj)
                              (--whole-archive)
/home/hcj/UEFIWorkspace/Build/MdeModule/DEBUG_GCC5/X64/MdeModulePkg/Universal/Variable/RuntimeDxe/VariableRuntimeDxe/OUTPUT/VariableRuntimeDxe.lib(Variable.obj)
                              (--whole-archive)
/home/hcj/UEFIWorkspace/Build/MdeModule/DEBUG_GCC5/X64/MdeModulePkg/Universal/Variable/RuntimeDxe/VariableRuntimeDxe/OUTPUT/VariableRuntimeDxe.lib(VariableDxe.obj)
                              (--whole-archive)
/home/hcj/UEFIWorkspace/Build/MdeModule/DEBUG_GCC5/X64/MdeModulePkg/Universal/Variable/RuntimeDxe/VariableRuntimeDxe/OUTPUT/VariableRuntimeDxe.lib(VariableNonVolatile.obj)
                              (--whole-archive)
/home/hcj/UEFIWorkspace/Build/MdeModule/DEBUG_GCC5/X64/MdeModulePkg/Universal/Variable/RuntimeDxe/VariableRuntimeDxe/OUTPUT/VariableRuntimeDxe.lib(VariableParsing.obj)
                              (--whole-archive)
/home/hcj/UEFIWorkspace/Build/MdeModule/DEBUG_GCC5/X64/MdeModulePkg/Universal/Variable/RuntimeDxe/VariableRuntimeDxe/OUTPUT/VariableRuntimeDxe.lib(VariableRuntimeCache.obj)
                              (--whole-archive)
/home/hcj/UEFIWorkspace/Build/MdeModule/DEBUG_GCC5/X64/MdeModulePkg/Universal/Variable/RuntimeDxe/VariableRuntimeDxe/OUTPUT/VariableRuntimeDxe.lib(Measurement.obj)
                              (--whole-archive)
/home/hcj/UEFIWorkspace/Build/MdeModule/DEBUG_GCC5/X64/MdeModulePkg/Universal/Variable/RuntimeDxe/VariableRuntimeDxe/OUTPUT/VariableRuntimeDxe.lib(TcgMorLockDxe.obj)
                              (--whole-archive)
/home/hcj/UEFIWorkspace/Build/MdeModule/DEBUG_GCC5/X64/MdeModulePkg/Universal/Variable/RuntimeDxe/VariableRuntimeDxe/OUTPUT/VariableRuntimeDxe.lib(VarCheck.obj)
                              (--whole-archive)
/home/hcj/UEFIWorkspace/Build/MdeModule/DEBUG_GCC5/X64/MdeModulePkg/Universal/Variable/RuntimeDxe/VariableRuntimeDxe/OUTPUT/VariableRuntimeDxe.lib(VariableExLib.obj)
                              (--whole-archive)
/home/hcj/UEFIWorkspace/Build/MdeModule/DEBUG_GCC5/X64/MdeModulePkg/Universal/Variable/RuntimeDxe/VariableRuntimeDxe/OUTPUT/VariableRuntimeDxe.lib(SpeculationBarrierDxe.obj)
                              (--whole-archive)
/home/hcj/UEFIWorkspace/Build/MdeModule/DEBUG_GCC5/X64/MdeModulePkg/Universal/Variable/RuntimeDxe/VariableRuntimeDxe/OUTPUT/VariableRuntimeDxe.lib(VariableLockRequestToLock.obj)
                              (--whole-archive)
/home/hcj/UEFIWorkspace/Build/MdeModule/DEBUG_GCC5/X64/MdeModulePkg/Universal/Variable/RuntimeDxe/VariableRuntimeDxe/OUTPUT/VariableRuntimeDxe.lib(AutoGen.obj)
                              (--whole-archive)
/home/hcj/UEFIWorkspace/Build/MdeModule/DEBUG_GCC5/X64/MdePkg/Library/RegisterFilterLibNull/RegisterFilterLibNull/OUTPUT/FilterLibNull.lib(RegisterFilterLibNull.obj)
                              (--whole-archive)
/home/hcj/UEFIWorkspace/Build/MdeModule/DEBUG_GCC5/X64/MdePkg/Library/BasePcdLibNull/BasePcdLibNull/OUTPUT/BasePcdLibNull.lib(PcdLib.obj)
                              (--whole-archive)
/home/hcj/UEFIWorkspace/Build/MdeModule/DEBUG_GCC5/X64/MdePkg/Library/BaseMemoryLib/BaseMemoryLib/OUTPUT/BaseMemoryLib.lib(SetMem.obj)
                              (--whole-archive)
/home/hcj/UEFIWorkspace/Build/MdeModule/DEBUG_GCC5/X64/MdePkg/Library/BaseMemoryLib/BaseMemoryLib/OUTPUT/BaseMemoryLib.lib(ScanMem64Wrapper.obj)
                              (--whole-archive)
/home/hcj/UEFIWorkspace/Build/MdeModule/DEBUG_GCC5/X64/MdePkg/Library/BaseMemoryLib/BaseMemoryLib/OUTPUT/BaseMemoryLib.lib(ScanMem32Wrapper.obj)
                              (--whole-archive)
/home/hcj/UEFIWorkspace/Build/MdeModule/DEBUG_GCC5/X64/MdePkg/Library/BaseMemoryLib/BaseMemoryLib/OUTPUT/BaseMemoryLib.lib(ScanMem16Wrapper.obj)
                              (--whole-archive)
/home/hcj/UEFIWorkspace/Build/MdeModule/DEBUG_GCC5/X64/MdePkg/Library/BaseMemoryLib/BaseMemoryLib/OUTPUT/BaseMemoryLib.lib(ScanMem8Wrapper.obj)
                              (--whole-archive)
/home/hcj/UEFIWorkspace/Build/MdeModule/DEBUG_GCC5/X64/MdePkg/Library/BaseMemoryLib/BaseMemoryLib/OUTPUT/BaseMemoryLib.lib(ZeroMemWrapper.obj)
                              (--whole-archive)
/home/hcj/UEFIWorkspace/Build/MdeModule/DEBUG_GCC5/X64/MdePkg/Library/BaseMemoryLib/BaseMemoryLib/OUTPUT/BaseMemoryLib.lib(CompareMemWrapper.obj)
                              (--whole-archive)
/home/hcj/UEFIWorkspace/Build/MdeModule/DEBUG_GCC5/X64/MdePkg/Library/BaseMemoryLib/BaseMemoryLib/OUTPUT/BaseMemoryLib.lib(SetMem64Wrapper.obj)
                              (--whole-archive)
/home/hcj/UEFIWorkspace/Build/MdeModule/DEBUG_GCC5/X64/MdePkg/Library/BaseMemoryLib/BaseMemoryLib/OUTPUT/BaseMemoryLib.lib(SetMem32Wrapper.obj)
                              (--whole-archive)
[...]
Memory Configuration

Name             Origin             Length             Attributes
*default*        0x0000000000000000 0xffffffffffffffff

Linker script and memory map

LOAD /tmp/ccr6r8FP.ltrans0.ltrans.o
LOAD /tmp/ccr6r8FP.ltrans1.ltrans.o
LOAD /tmp/ccr6r8FP.ltrans2.ltrans.o
LOAD /tmp/ccr6r8FP.ltrans3.ltrans.o
LOAD /tmp/ccr6r8FP.ltrans4.ltrans.o
LOAD /tmp/ccr6r8FP.ltrans5.ltrans.o
LOAD /tmp/ccr6r8FP.ltrans6.ltrans.o
LOAD /tmp/ccr6r8FP.ltrans7.ltrans.o
LOAD /tmp/ccr6r8FP.ltrans8.ltrans.o
LOAD /tmp/ccr6r8FP.ltrans9.ltrans.o
LOAD /tmp/ccr6r8FP.ltrans10.ltrans.o
LOAD /tmp/ccr6r8FP.ltrans11.ltrans.o
LOAD /tmp/ccr6r8FP.ltrans12.ltrans.o
LOAD /tmp/ccr6r8FP.ltrans13.ltrans.o
LOAD /tmp/ccr6r8FP.ltrans14.ltrans.o
LOAD /tmp/ccr6r8FP.ltrans15.ltrans.o
LOAD /tmp/ccr6r8FP.ltrans16.ltrans.o
START GROUP
LOAD /home/hcj/UEFIWorkspace/Build/MdeModule/DEBUG_GCC5/X64/MdeModulePkg/Universal/Variable/RuntimeDxe/VariableRuntimeDxe/OUTPUT/VariableRuntimeDxe.lib
LOAD /home/hcj/UEFIWorkspace/Build/MdeModule/DEBUG_GCC5/X64/MdePkg/Library/RegisterFilterLibNull/RegisterFilterLibNull/OUTPUT/FilterLibNull.lib
LOAD /home/hcj/UEFIWorkspace/Build/MdeModule/DEBUG_GCC5/X64/MdePkg/Library/BasePcdLibNull/BasePcdLibNull/OUTPUT/BasePcdLibNull.lib
LOAD /home/hcj/UEFIWorkspace/Build/MdeModule/DEBUG_GCC5/X64/MdePkg/Library/BaseMemoryLib/BaseMemoryLib/OUTPUT/BaseMemoryLib.lib
LOAD /home/hcj/UEFIWorkspace/Build/MdeModule/DEBUG_GCC5/X64/MdePkg/Library/BaseLib/BaseLib/OUTPUT/BaseLib.lib
LOAD /home/hcj/UEFIWorkspace/Build/MdeModule/DEBUG_GCC5/X64/MdePkg/Library/BaseDebugPrintErrorLevelLib/BaseDebugPrintErrorLevelLib/OUTPUT/BaseDebugPrintErrorLevelLib.lib
LOAD /home/hcj/UEFIWorkspace/Build/MdeModule/DEBUG_GCC5/X64/MdePkg/Library/BasePrintLib/BasePrintLib/OUTPUT/BasePrintLib.lib
LOAD /home/hcj/UEFIWorkspace/Build/MdeModule/DEBUG_GCC5/X64/MdePkg/Library/UefiDebugLibConOut/UefiDebugLibConOut/OUTPUT/UefiDebugLibConOut.lib
LOAD /home/hcj/UEFIWorkspace/Build/MdeModule/DEBUG_GCC5/X64/MdePkg/Library/UefiBootServicesTableLib/UefiBootServicesTableLib/OUTPUT/UefiBootServicesTableLib.lib
LOAD /home/hcj/UEFIWorkspace/Build/MdeModule/DEBUG_GCC5/X64/MdePkg/Library/UefiMemoryAllocationLib/UefiMemoryAllocationLib/OUTPUT/UefiMemoryAllocationLib.lib
LOAD /home/hcj/UEFIWorkspace/Build/MdeModule/DEBUG_GCC5/X64/MdePkg/Library/UefiRuntimeServicesTableLib/UefiRuntimeServicesTableLib/OUTPUT/UefiRuntimeServicesTableLib.lib
LOAD /home/hcj/UEFIWorkspace/Build/MdeModule/DEBUG_GCC5/X64/MdePkg/Library/UefiDevicePathLib/UefiDevicePathLib/OUTPUT/UefiDevicePathLib.lib
LOAD /home/hcj/UEFIWorkspace/Build/MdeModule/DEBUG_GCC5/X64/MdePkg/Library/UefiLib/UefiLib/OUTPUT/UefiLib.lib
LOAD /home/hcj/UEFIWorkspace/Build/MdeModule/DEBUG_GCC5/X64/MdePkg/Library/DxeHobLib/DxeHobLib/OUTPUT/DxeHobLib.lib
LOAD /home/hcj/UEFIWorkspace/Build/MdeModule/DEBUG_GCC5/X64/MdePkg/Library/BaseTimerLibNullTemplate/BaseTimerLibNullTemplate/OUTPUT/BaseTimerLibNullTemplate.lib
LOAD /home/hcj/UEFIWorkspace/Build/MdeModule/DEBUG_GCC5/X64/MdePkg/Library/BaseSafeIntLib/BaseSafeIntLib/OUTPUT/BaseSafeIntLib.lib
LOAD /home/hcj/UEFIWorkspace/Build/MdeModule/DEBUG_GCC5/X64/MdeModulePkg/Library/VarCheckLib/VarCheckLib/OUTPUT/VarCheckLib.lib
LOAD /home/hcj/UEFIWorkspace/Build/MdeModule/DEBUG_GCC5/X64/MdePkg/Library/DxeServicesLib/DxeServicesLib/OUTPUT/DxeServicesLib.lib
LOAD /home/hcj/UEFIWorkspace/Build/MdeModule/DEBUG_GCC5/X64/MdePkg/Library/BaseSynchronizationLib/BaseSynchronizationLib/OUTPUT/BaseSynchronizationLib.lib
LOAD /home/hcj/UEFIWorkspace/Build/MdeModule/DEBUG_GCC5/X64/MdePkg/Library/UefiRuntimeLib/UefiRuntimeLib/OUTPUT/UefiRuntimeLib.lib
LOAD /home/hcj/UEFIWorkspace/Build/MdeModule/DEBUG_GCC5/X64/MdePkg/Library/DxeServicesTableLib/DxeServicesTableLib/OUTPUT/DxeServicesTableLib.lib
LOAD /home/hcj/UEFIWorkspace/Build/MdeModule/DEBUG_GCC5/X64/MdePkg/Library/UefiDriverEntryPoint/UefiDriverEntryPoint/OUTPUT/UefiDriverEntryPoint.lib
LOAD /home/hcj/UEFIWorkspace/Build/MdeModule/DEBUG_GCC5/X64/MdeModulePkg/Library/TpmMeasurementLibNull/TpmMeasurementLibNull/OUTPUT/TpmMeasurementLibNull.lib
LOAD /home/hcj/UEFIWorkspace/Build/MdeModule/DEBUG_GCC5/X64/MdeModulePkg/Library/AuthVariableLibNull/AuthVariableLibNull/OUTPUT/AuthVariableLibNull.lib
LOAD /home/hcj/UEFIWorkspace/Build/MdeModule/DEBUG_GCC5/X64/MdeModulePkg/Library/VariablePolicyLib/VariablePolicyLibRuntimeDxe/OUTPUT/VariablePolicyLibRuntimeDxe.lib
LOAD /home/hcj/UEFIWorkspace/Build/MdeModule/DEBUG_GCC5/X64/MdeModulePkg/Library/VariablePolicyHelperLib/VariablePolicyHelperLib/OUTPUT/VariablePolicyHelperLib.lib
LOAD /home/hcj/UEFIWorkspace/Build/MdeModule/DEBUG_GCC5/X64/MdeModulePkg/Library/VarCheckUefiLib/VarCheckUefiLib/OUTPUT/VarCheckUefiLib.lib
LOAD /home/hcj/UEFIWorkspace/Build/MdeModule/DEBUG_GCC5/X64/MdeModulePkg/Library/VarCheckHiiLib/VarCheckHiiLib/OUTPUT/VarCheckHiiLib.lib
LOAD /home/hcj/UEFIWorkspace/Build/MdeModule/DEBUG_GCC5/X64/MdeModulePkg/Library/VarCheckPcdLib/VarCheckPcdLib/OUTPUT/VarCheckPcdLib.lib
END GROUP
                0x0000000000000228                PECOFF_HEADER_SIZE = 0x228
                0x0000000000000228                . = PECOFF_HEADER_SIZE

.text           0x0000000000000240    0x11f03
 *(.text .text.* .stub .gnu.linkonce.t.*)
 .text._ModuleEntryPoint
                0x0000000000000240     0x165d /tmp/ccr6r8FP.ltrans0.ltrans.o
                0x0000000000000240                _ModuleEntryPoint
 .text.unlikely.VariableGetBestLanguage
                0x000000000000189d      0x130 /tmp/ccr6r8FP.ltrans1.ltrans.o
                0x000000000000189d                VariableGetBestLanguage
 .text.unlikely.GetLangFromSupportedLangCodes
                0x00000000000019cd       0xe6 /tmp/ccr6r8FP.ltrans1.ltrans.o
                0x00000000000019cd                GetLangFromSupportedLangCodes
 .text.unlikely.GetIndexFromSupportedLangCodes
                0x0000000000001ab3      0x134 /tmp/ccr6r8FP.ltrans1.ltrans.o
                0x0000000000001ab3                GetIndexFromSupportedLangCodes
 .text.FindVariable
                0x0000000000001be7       0xbb /tmp/ccr6r8FP.ltrans1.ltrans.o
                0x0000000000001be7                FindVariable
 .text.InitializeVariableQuota
                0x0000000000001ca2      0x19b /tmp/ccr6r8FP.ltrans1.ltrans.o
                0x0000000000001ca2                InitializeVariableQuota
 .text.IsUserVariable
                0x0000000000001e3d       0x67 /tmp/ccr6r8FP.ltrans1.ltrans.o
                0x0000000000001e3d                IsUserVariable
 .text.Reclaim  0x0000000000001ea4      0x904 /tmp/ccr6r8FP.ltrans1.ltrans.o
                0x0000000000001ea4                Reclaim
 .text.UpdateVariableStore
                0x00000000000027a8      0x25d /tmp/ccr6r8FP.ltrans1.ltrans.o
                0x00000000000027a8                UpdateVariableStore
 .text.RecordVarErrorFlag
                0x0000000000002a05      0x23e /tmp/ccr6r8FP.ltrans1.ltrans.o
                0x0000000000002a05                RecordVarErrorFlag
 .text.VariableServiceSetVariable
                0x0000000000002c43     0x1073 /tmp/ccr6r8FP.ltrans2.ltrans.o
                0x0000000000002c43                VariableServiceSetVariable
 .text.BasePrintLibSPrintMarker.constprop.43
                0x0000000000003cb6     0x10bd /tmp/ccr6r8FP.ltrans3.ltrans.o
                0x0000000000003cb6                BasePrintLibSPrintMarker.constprop.43
 .text.UnicodeVSPrintAsciiFormat.constprop.42
                0x0000000000004d73       0xe6 /tmp/ccr6r8FP.ltrans3.ltrans.o
 .text.UnicodeSPrintAsciiFormat.constprop.41
                0x0000000000004e59       0x29 /tmp/ccr6r8FP.ltrans3.ltrans.o
                0x0000000000004e59                UnicodeSPrintAsciiFormat.constprop.41
 .text.DebugPrintMarker.constprop.39
                0x0000000000004e82       0xac /tmp/ccr6r8FP.ltrans3.ltrans.o
                0x0000000000004e82                DebugPrintMarker.constprop.39
 .text.SynchronizeRuntimeVariableCache.constprop.37
                0x0000000000004f2e      0x161 /tmp/ccr6r8FP.ltrans3.ltrans.o
                0x0000000000004f2e                SynchronizeRuntimeVariableCache.constprop.37
 .text.SetMem.constprop.36
                0x000000000000508f       0x5c /tmp/ccr6r8FP.ltrans3.ltrans.o
                0x000000000000508f                SetMem.constprop.36
 .text.UpdateVariableInfo.constprop.34
                0x00000000000050eb        0x1 /tmp/ccr6r8FP.ltrans3.ltrans.o
                0x00000000000050eb                UpdateVariableInfo.constprop.34
 .text.ProtocolIsVariablePolicyEnabled
                0x00000000000050ec       0x1b /tmp/ccr6r8FP.ltrans4.ltrans.o
                0x00000000000050ec                ProtocolIsVariablePolicyEnabled
 .text.OnEndOfDxe
                0x0000000000005107      0x15c /tmp/ccr6r8FP.ltrans4.ltrans.o
                0x0000000000005107                OnEndOfDxe
 .text.OnReadyToBoot
                0x0000000000005263      0x173 /tmp/ccr6r8FP.ltrans4.ltrans.o
                0x0000000000005263                OnReadyToBoot
 .text.VariableClassAddressChangeEvent
                0x00000000000053d6      0x1c9 /tmp/ccr6r8FP.ltrans4.ltrans.o
                0x00000000000053d6                VariableClassAddressChangeEvent
 .text.GetEndPointer
                0x000000000000559f        0xd /tmp/ccr6r8FP.ltrans4.ltrans.o
                0x000000000000559f                GetEndPointer
 .text.DataSizeOfVariable
                0x00000000000055ac       0x38 /tmp/ccr6r8FP.ltrans4.ltrans.o
                0x00000000000055ac                DataSizeOfVariable
 .text.NameSizeOfVariable
                0x00000000000055e4       0x35 /tmp/ccr6r8FP.ltrans4.ltrans.o
                0x00000000000055e4                NameSizeOfVariable
 .text.GetVariableDataPtr
                0x0000000000005619       0x1f /tmp/ccr6r8FP.ltrans4.ltrans.o
                0x0000000000005619                GetVariableDataPtr
 .text.GetNextVariablePtr
                0x0000000000005638       0x21 /tmp/ccr6r8FP.ltrans4.ltrans.o
                0x0000000000005638                GetNextVariablePtr
 .text.GetVariableStoreStatus
                0x0000000000005659       0x86 /tmp/ccr6r8FP.ltrans4.ltrans.o
                0x0000000000005659                GetVariableStoreStatus
 .text.IsValidVariableHeader
                0x00000000000056df       0x16 /tmp/ccr6r8FP.ltrans4.ltrans.o
                0x00000000000056df                IsValidVariableHeader
 .text.FindVariableEx
                0x00000000000056f5      0x19a /tmp/ccr6r8FP.ltrans4.ltrans.o
                0x00000000000056f5                FindVariableEx
 .text.VariableServiceGetNextVariableInternal.part.3.lto_priv.56
                0x000000000000588f      0x3bd /tmp/ccr6r8FP.ltrans4.ltrans.o
                0x000000000000588f                VariableServiceGetNextVariableInternal.part.3.lto_priv.56
 .text.GetNonVolatileMaxVariableSize
                0x0000000000005c4c       0x33 /tmp/ccr6r8FP.ltrans4.ltrans.o
                0x0000000000005c4c                GetNonVolatileMaxVariableSize
 .text.VariableWriteServiceInitializeDxe
                0x0000000000005c7f      0x30d /tmp/ccr6r8FP.ltrans4.ltrans.o
                0x0000000000005c7f                VariableWriteServiceInitializeDxe
 .text.FtwNotificationEvent
                0x0000000000005f8c      0x212 /tmp/ccr6r8FP.ltrans4.ltrans.o
                0x0000000000005f8c                FtwNotificationEvent
 .text.UpdateVariable
                0x000000000000619e      0xe6d /tmp/ccr6r8FP.ltrans5.ltrans.o
                0x000000000000619e                UpdateVariable
 .text.unlikely.CheckRemainingSpaceForConsistencyInternal
                0x000000000000700b      0x254 /tmp/ccr6r8FP.ltrans5.ltrans.o
                0x000000000000700b                CheckRemainingSpaceForConsistencyInternal
 .text.VarCheckParseHiiPackage
                0x000000000000725f     0x119b /tmp/ccr6r8FP.ltrans6.ltrans.o
                0x000000000000725f                VarCheckParseHiiPackage
 .text.VariableExLibAtRuntime
                0x00000000000083fa        0x7 /tmp/ccr6r8FP.ltrans7.ltrans.o
                0x00000000000083fa                VariableExLibAtRuntime
 .text.VariableLockRequestToLock
                0x0000000000008401      0x185 /tmp/ccr6r8FP.ltrans7.ltrans.o
                0x0000000000008401                VariableLockRequestToLock
 .text.unlikely.CheckRemainingSpaceForConsistency
                0x0000000000008586       0x27 /tmp/ccr6r8FP.ltrans7.ltrans.o
                0x0000000000008586                VariableExLibCheckRemainingSpaceForConsistency
                0x0000000000008586                CheckRemainingSpaceForConsistency
 .text.VariableExLibGetScratchBuffer
                0x00000000000085ad       0xc5 /tmp/ccr6r8FP.ltrans7.ltrans.o
                0x00000000000085ad                VariableExLibGetScratchBuffer
 .text.VariableExLibUpdateVariable
                0x0000000000008672      0x108 /tmp/ccr6r8FP.ltrans7.ltrans.o
                0x0000000000008672                VariableExLibUpdateVariable
 .text.VariableExLibFindVariable
                0x000000000000877a      0x16c /tmp/ccr6r8FP.ltrans7.ltrans.o
                0x000000000000877a                VariableExLibFindVariable
 .text.VariableExLibFindNextVariable
                0x00000000000088e6      0x1cf /tmp/ccr6r8FP.ltrans7.ltrans.o
                0x00000000000088e6                VariableExLibFindNextVariable
 .text.VarCheckVariablePropertyGet
                0x0000000000008ab5       0xf8 /tmp/ccr6r8FP.ltrans7.ltrans.o
                0x0000000000008ab5                VarCheckVariablePropertyGet
 .text.VarCheckVariablePropertySet
                0x0000000000008bad       0xf8 /tmp/ccr6r8FP.ltrans7.ltrans.o
                0x0000000000008bad                VarCheckVariablePropertySet
 .text.VarCheckRegisterSetVariableCheckHandler
                0x0000000000008ca5       0xde /tmp/ccr6r8FP.ltrans7.ltrans.o
                0x0000000000008ca5                VarCheckRegisterSetVariableCheckHandler
 .text.InternalMemSetMem
                0x0000000000008d83       0xd2 /tmp/ccr6r8FP.ltrans7.ltrans.o
                0x0000000000008d83                InternalMemSetMem
 .text.MorLockInitAtEndOfDxe
                0x0000000000008e55      0x1fd /tmp/ccr6r8FP.ltrans7.ltrans.o
                0x0000000000008e55                MorLockInitAtEndOfDxe
 .text.InternalGetVariable
                0x0000000000009052      0x12e /tmp/ccr6r8FP.ltrans7.ltrans.o
                0x0000000000009052                InternalGetVariable
 .text.unlikely.MeasureVariable
                0x0000000000009180      0x1a8 /tmp/ccr6r8FP.ltrans7.ltrans.o
                0x0000000000009180                MeasureVariable
 .text.WriteUnaligned64
                0x0000000000009328       0x3f /tmp/ccr6r8FP.ltrans8.ltrans.o
 .text.InternalBaseLibIsListValid
                0x0000000000009367       0x9e /tmp/ccr6r8FP.ltrans8.ltrans.o
 .text.ReadUnaligned64
                0x0000000000009405       0x37 /tmp/ccr6r8FP.ltrans8.ltrans.o
                0x0000000000009405                ReadUnaligned64
 .text.ReadUnaligned16
                0x000000000000943c       0x37 /tmp/ccr6r8FP.ltrans8.ltrans.o
                0x000000000000943c                ReadUnaligned16
 .text.AsciiStrLen
                0x0000000000009473       0x85 /tmp/ccr6r8FP.ltrans8.ltrans.o
                0x0000000000009473                AsciiStrLen
 .text.unlikely.AsciiStrnCmp.part.4.lto_priv.59
                0x00000000000094f8       0xd6 /tmp/ccr6r8FP.ltrans8.ltrans.o
                0x00000000000094f8                AsciiStrnCmp.part.4.lto_priv.59
 .text.StrLen   0x00000000000095ce       0x90 /tmp/ccr6r8FP.ltrans8.ltrans.o
                0x00000000000095ce                StrLen
 .text.StrSize  0x000000000000965e       0x13 /tmp/ccr6r8FP.ltrans8.ltrans.o
                0x000000000000965e                StrSize
 .text.StrnCmp.part.0.lto_priv.46
                0x0000000000009671       0xc1 /tmp/ccr6r8FP.ltrans8.ltrans.o
                0x0000000000009671                StrnCmp.part.0.lto_priv.46
 .text.StrCmp   0x0000000000009732       0x84 /tmp/ccr6r8FP.ltrans8.ltrans.o
                0x0000000000009732                StrCmp
 .text.AsciiStrnLenS
                0x00000000000097b6       0x26 /tmp/ccr6r8FP.ltrans8.ltrans.o
                0x00000000000097b6                AsciiStrnLenS
 .text.StrnLenS
                0x00000000000097dc       0x5e /tmp/ccr6r8FP.ltrans8.ltrans.o
                0x00000000000097dc                StrnLenS
 .text.StrCpyS  0x000000000000983a      0x26a /tmp/ccr6r8FP.ltrans8.ltrans.o
                0x000000000000983a                StrCpyS
 .text.RemoveEntryList
                0x0000000000009aa4       0x70 /tmp/ccr6r8FP.ltrans8.ltrans.o
                0x0000000000009aa4                RemoveEntryList
 .text.InsertTailList
                0x0000000000009b14       0xea /tmp/ccr6r8FP.ltrans8.ltrans.o
                0x0000000000009b14                InsertTailList
 .text.CompareGuid
                0x0000000000009bfe       0x4d /tmp/ccr6r8FP.ltrans8.ltrans.o
                0x0000000000009bfe                CompareGuid
 .text.CopyGuid
                0x0000000000009c4b       0x3e /tmp/ccr6r8FP.ltrans8.ltrans.o
                0x0000000000009c4b                CopyGuid
 .text.CopyMem.part.0.lto_priv.60
                0x0000000000009c89      0x257 /tmp/ccr6r8FP.ltrans8.ltrans.o
                0x0000000000009c89                CopyMem.part.0.lto_priv.60
 .text.CopyMem  0x0000000000009ee0        0xe /tmp/ccr6r8FP.ltrans8.ltrans.o
                0x0000000000009ee0                CopyMem
 .text.CompareMem
                0x0000000000009eee       0xec /tmp/ccr6r8FP.ltrans8.ltrans.o
                0x0000000000009eee                CompareMem
 .text.ZeroMem.part.0.lto_priv.45
                0x0000000000009fda       0x69 /tmp/ccr6r8FP.ltrans8.ltrans.o
                0x0000000000009fda                ZeroMem.part.0.lto_priv.45
 .text.SetVariableCheckHandlerHii
                0x000000000000a043      0x64b /tmp/ccr6r8FP.ltrans9.ltrans.o
                0x000000000000a043                SetVariableCheckHandlerHii
 .text.GetOneOfOption
                0x000000000000a68e      0x138 /tmp/ccr6r8FP.ltrans9.ltrans.o
                0x000000000000a68e                GetOneOfOption
 .text.InternalVarCheckFreePool
                0x000000000000a7c6       0x60 /tmp/ccr6r8FP.ltrans9.ltrans.o
                0x000000000000a7c6                InternalVarCheckFreePool
 .text.InternalAllocatePool
                0x000000000000a826       0x34 /tmp/ccr6r8FP.ltrans9.ltrans.o
                0x000000000000a826                InternalAllocatePool
 .text.InternalVarCheckAllocateZeroPool
                0x000000000000a85a       0x30 /tmp/ccr6r8FP.ltrans9.ltrans.o
                0x000000000000a85a                InternalVarCheckAllocateZeroPool
 .text.ParseFfs
                0x000000000000a88a      0x24e /tmp/ccr6r8FP.ltrans9.ltrans.o
                0x000000000000a88a                ParseFfs
 .text.InternalVarCheckSizeArray
                0x000000000000aad8       0x1b /tmp/ccr6r8FP.ltrans10.ltrans.o
 .text.InternalVarCheckAsciiString
                0x000000000000aaf3       0x41 /tmp/ccr6r8FP.ltrans10.ltrans.o
 .text.InternalVarCheckKeyOption
                0x000000000000ab34       0x16 /tmp/ccr6r8FP.ltrans10.ltrans.o
 .text.VariablePolicyLibVirtualAddressCallback.lto_priv.53
                0x000000000000ab4a       0x31 /tmp/ccr6r8FP.ltrans10.ltrans.o
                0x000000000000ab4a                VariablePolicyLibVirtualAddressCallback.lto_priv.53
 .text.LockVariablePolicy
                0x000000000000ab7b       0x31 /tmp/ccr6r8FP.ltrans10.ltrans.o
                0x000000000000ab7b                LockVariablePolicy
 .text.DisableVariablePolicy
                0x000000000000abac       0x4d /tmp/ccr6r8FP.ltrans10.ltrans.o
                0x000000000000abac                DisableVariablePolicy
 .text.GetBestPolicyMatch
                0x000000000000abf9       0xfd /tmp/ccr6r8FP.ltrans10.ltrans.o
 .text.ValidateSetVariable
                0x000000000000acf6      0x2d4 /tmp/ccr6r8FP.ltrans10.ltrans.o
                0x000000000000acf6                ValidateSetVariable
 .text.InternalVarCheckLoadOption
                0x000000000000afca       0x6e /tmp/ccr6r8FP.ltrans10.ltrans.o
 .text.InternalVarCheckDevicePath
                0x000000000000b038       0x3d /tmp/ccr6r8FP.ltrans10.ltrans.o
 .text.DumpVariablePolicy
                0x000000000000b075       0x6e /tmp/ccr6r8FP.ltrans10.ltrans.o
                0x000000000000b075                DumpVariablePolicy
 .text.RegisterVariablePolicy
                0x000000000000b0e3      0x2d8 /tmp/ccr6r8FP.ltrans10.ltrans.o
                0x000000000000b0e3                RegisterVariablePolicy
 .text.VarCheckInternalIsHexaDecimalDigitCharacter
                0x000000000000b3bb       0x17 /tmp/ccr6r8FP.ltrans10.ltrans.o
                0x000000000000b3bb                VarCheckInternalIsHexaDecimalDigitCharacter
 .text.SetVariableCheckHandlerUefiDefined
                0x000000000000b3d2      0x2e9 /tmp/ccr6r8FP.ltrans10.ltrans.o
                0x000000000000b3d2                SetVariableCheckHandlerUefiDefined
 .text.GetFtwProtocol
                0x000000000000b6bb       0x22 /tmp/ccr6r8FP.ltrans11.ltrans.o
                0x000000000000b6bb                GetFtwProtocol
 .text.ReleaseLockOnlyAtBootTime
                0x000000000000b6dd       0x88 /tmp/ccr6r8FP.ltrans11.ltrans.o
                0x000000000000b6dd                ReleaseLockOnlyAtBootTime
 .text.AcquireLockOnlyAtBootTime
                0x000000000000b765       0x8f /tmp/ccr6r8FP.ltrans11.ltrans.o
                0x000000000000b765                AcquireLockOnlyAtBootTime
 .text.ReclaimForOS.part.6.lto_priv.57
                0x000000000000b7f4       0xe8 /tmp/ccr6r8FP.ltrans11.ltrans.o
                0x000000000000b7f4                ReclaimForOS.part.6.lto_priv.57
 .text.GetFvbInfoByAddress
                0x000000000000b8dc      0x1d9 /tmp/ccr6r8FP.ltrans11.ltrans.o
                0x000000000000b8dc                GetFvbInfoByAddress
 .text.FlushHobVariableToFlash
                0x000000000000bab5      0x341 /tmp/ccr6r8FP.ltrans11.ltrans.o
                0x000000000000bab5                FlushHobVariableToFlash
 .text.VariableServiceQueryVariableInfoInternal
                0x000000000000bdf6      0x336 /tmp/ccr6r8FP.ltrans11.ltrans.o
                0x000000000000bdf6                VariableServiceQueryVariableInfoInternal
 .text.VariableServiceQueryVariableInfo
                0x000000000000c12c      0x1ba /tmp/ccr6r8FP.ltrans11.ltrans.o
                0x000000000000c12c                VariableServiceQueryVariableInfo
 .text.RuntimeLibExitBootServicesEvent
                0x000000000000c2e6        0x8 /tmp/ccr6r8FP.ltrans12.ltrans.o
                0x000000000000c2e6                RuntimeLibExitBootServicesEvent
 .text.ExitBootServicesCallback
                0x000000000000c2ee        0x8 /tmp/ccr6r8FP.ltrans12.ltrans.o
                0x000000000000c2ee                ExitBootServicesCallback
 .text.RuntimeLibVirtualNotifyEvent
                0x000000000000c2f6        0xe /tmp/ccr6r8FP.ltrans12.ltrans.o
                0x000000000000c2f6                RuntimeLibVirtualNotifyEvent
 .text.DebugAssert.part.0
                0x000000000000c304       0x5e /tmp/ccr6r8FP.ltrans12.ltrans.o
 .text.VarCheckAddTableEntry
                0x000000000000c362       0x64 /tmp/ccr6r8FP.ltrans12.ltrans.o
                0x000000000000c362                VarCheckAddTableEntry
 .text.VariablePropertyGetFunction
                0x000000000000c3c6      0x1de /tmp/ccr6r8FP.ltrans12.ltrans.o
                0x000000000000c3c6                VariablePropertyGetFunction
 .text.VarCheckLibVariablePropertyGet
                0x000000000000c5a4      0x11c /tmp/ccr6r8FP.ltrans12.ltrans.o
                0x000000000000c5a4                VarCheckLibVariablePropertyGet
 .text.InternalAllocateZeroPool
                0x000000000000c6c0       0x28 /tmp/ccr6r8FP.ltrans12.ltrans.o
                0x000000000000c6c0                InternalAllocateZeroPool
 .text.DebugCodeEnabled
                0x000000000000c6e8        0x3 /tmp/ccr6r8FP.ltrans12.ltrans.o
                0x000000000000c6e8                DebugCodeEnabled
 .text.DebugPrintEnabled
                0x000000000000c6eb        0x3 /tmp/ccr6r8FP.ltrans12.ltrans.o
                0x000000000000c6eb                DebugPrintEnabled
 .text.DebugAssertEnabled
                0x000000000000c6ee        0x3 /tmp/ccr6r8FP.ltrans12.ltrans.o
                0x000000000000c6ee                DebugAssertEnabled
 .text.DebugAssert
                0x000000000000c6f1        0xf /tmp/ccr6r8FP.ltrans12.ltrans.o
                0x000000000000c6f1                DebugAssert
 .text.GetNextGuidHob
                0x000000000000c700       0x79 /tmp/ccr6r8FP.ltrans12.ltrans.o
                0x000000000000c700                GetNextGuidHob
 .text.EfiGetSystemConfigurationTable
                0x000000000000c779       0xaa /tmp/ccr6r8FP.ltrans12.ltrans.o
                0x000000000000c779                EfiGetSystemConfigurationTable
 .text.DevicePathNodeLength
                0x000000000000c823       0x40 /tmp/ccr6r8FP.ltrans12.ltrans.o
 .text.DevicePathSubType
                0x000000000000c863       0x37 /tmp/ccr6r8FP.ltrans12.ltrans.o
 .text.DevicePathType
                0x000000000000c89a       0x36 /tmp/ccr6r8FP.ltrans12.ltrans.o
 .text.IsDevicePathValid.part.0.lto_priv.47
                0x000000000000c8d0      0x14b /tmp/ccr6r8FP.ltrans12.ltrans.o
                0x000000000000c8d0                IsDevicePathValid.part.0.lto_priv.47
 .text.DebugPrint
                0x000000000000ca1b       0xc1 /tmp/ccr6r8FP.ltrans12.ltrans.o
                0x000000000000ca1b                DebugPrint
 .text.VarCheckLibRegisterAddressPointer.part.2.lto_priv.54
                0x000000000000cadc       0xee /tmp/ccr6r8FP.ltrans12.ltrans.o
                0x000000000000cadc                VarCheckLibRegisterAddressPointer.part.2.lto_priv.54
 .text.VarCheckLibRegisterSetVariableCheckHandler
                0x000000000000cbca      0x110 /tmp/ccr6r8FP.ltrans12.ltrans.o
                0x000000000000cbca                VarCheckLibRegisterSetVariableCheckHandler
 .text.GetHobList
                0x000000000000ccda       0x9e /tmp/ccr6r8FP.ltrans12.ltrans.o
                0x000000000000ccda                GetHobList
 .text.GetFirstGuidHob
                0x000000000000cd78       0x1f /tmp/ccr6r8FP.ltrans12.ltrans.o
                0x000000000000cd78                GetFirstGuidHob
 .text.FreePool
                0x000000000000cd97       0x5a /tmp/ccr6r8FP.ltrans12.ltrans.o
                0x000000000000cd97                FreePool
 .text.VarCheckLibVariablePropertySet
                0x000000000000cdf1      0x1da /tmp/ccr6r8FP.ltrans12.ltrans.o
                0x000000000000cdf1                VarCheckLibVariablePropertySet
 .text.BasePrintLibFillBuffer
                0x000000000000cfcb       0x2e /tmp/ccr6r8FP.ltrans12.ltrans.o
                0x000000000000cfcb                BasePrintLibFillBuffer
 .text.VarCheckHiiGen
                0x000000000000cff9      0x9b4 /tmp/ccr6r8FP.ltrans13.ltrans.o
                0x000000000000cff9                VarCheckHiiGen
 .text.InternalAllocateCopyPool.constprop.33
                0x000000000000d9ad       0x95 /tmp/ccr6r8FP.ltrans14.ltrans.o
                0x000000000000d9ad                InternalAllocateCopyPool.constprop.33
 .text.InternalReallocatePool.constprop.31
                0x000000000000da42       0x57 /tmp/ccr6r8FP.ltrans14.ltrans.o
                0x000000000000da42                InternalReallocatePool.constprop.31
 .text.EfiConvertPointer.constprop.26
                0x000000000000da99        0xf /tmp/ccr6r8FP.ltrans14.ltrans.o
                0x000000000000da99                EfiConvertPointer.constprop.26
 .text.VarCheckLibInitializeAtEndOfDxe.constprop.24
                0x000000000000daa8      0x22a /tmp/ccr6r8FP.ltrans14.ltrans.o
                0x000000000000daa8                VarCheckLibInitializeAtEndOfDxe.constprop.24
 .text.CreateBasicVariablePolicy.part.0.constprop.21
                0x000000000000dcd2      0x1b0 /tmp/ccr6r8FP.ltrans14.ltrans.o
                0x000000000000dcd2                CreateBasicVariablePolicy.part.0.constprop.21
 .text.VarCheckHiiInternalDumpHex.constprop.6
                0x000000000000de82      0x101 /tmp/ccr6r8FP.ltrans14.ltrans.o
                0x000000000000de82                VarCheckHiiInternalDumpHex.constprop.6
 .text.SetVariableCheckHandlerPcd
                0x000000000000df83      0x381 /tmp/ccr6r8FP.ltrans14.ltrans.o
                0x000000000000df83                SetVariableCheckHandlerPcd
 .text.VariableServiceGetNextVariableName
                0x000000000000e304      0x225 /tmp/ccr6r8FP.ltrans15.ltrans.o
                0x000000000000e304                VariableServiceGetNextVariableName
 .text.VariableServiceGetVariable
                0x000000000000e529      0x247 /tmp/ccr6r8FP.ltrans15.ltrans.o
                0x000000000000e529                VariableServiceGetVariable
 .text.BasePrintLibSPrint.constprop.44
                0x000000000000e770       0xb8 /tmp/ccr6r8FP.ltrans16.ltrans.o
                0x000000000000e770                BasePrintLibSPrint.constprop.44
 *(.rodata .rodata.* .gnu.linkonce.r.*)
 .rodata.str1.1
                0x000000000000e828      0x8fe /tmp/ccr6r8FP.ltrans0.ltrans.o
                                        0x91a (size before relaxing)
 *fill*         0x000000000000f126        0x2 
 .rodata._gPcd_FixedAtBuild_PcdEmuVariableNvStoreReserved
                0x000000000000f128        0x8 /tmp/ccr6r8FP.ltrans0.ltrans.o
                0x000000000000f128                _gPcd_FixedAtBuild_PcdEmuVariableNvStoreReserved
                0x000000000000f128                _gPcd_FixedAtBuild_PcdFlashNvStorageVariableBase64
 .rodata.str2.2
                0x000000000000f130       0x30 /tmp/ccr6r8FP.ltrans0.ltrans.o
 .rodata._gUefiDriverRevision
                0x000000000000f160        0x4 /tmp/ccr6r8FP.ltrans0.ltrans.o
                0x000000000000f160                _gPcd_FixedAtBuild_PcdFlashNvStorageVariableBase
                0x000000000000f160                _gPcd_FixedAtBuild_PcdMaximumDevicePathNodeCount
                0x000000000000f160                _gPcd_FixedAtBuild_PcdFlashNvStorageVariableSize
                0x000000000000f160                _gUefiDriverRevision
                0x000000000000f160                _gPcd_FixedAtBuild_PcdHwErrStorageSize
                0x000000000000f160                _gPcd_FixedAtBuild_PcdControlFlowEnforcementPropertyMask
                0x000000000000f160                _gPcd_FixedAtBuild_PcdMaxAuthVariableSize
 .rodata.str1.1
                0x000000000000f164      0x1c6 /tmp/ccr6r8FP.ltrans1.ltrans.o
                                        0x273 (size before relaxing)
 .rodata.str2.2
                0x000000000000f32a       0x1a /tmp/ccr6r8FP.ltrans1.ltrans.o
 .rodata.str2.2
                0x000000000000f344       0x62 /tmp/ccr6r8FP.ltrans2.ltrans.o
                                         0x96 (size before relaxing)
 .rodata.str1.1
                0x000000000000f3a6      0x552 /tmp/ccr6r8FP.ltrans2.ltrans.o
                                        0x5cd (size before relaxing)
 *fill*         0x000000000000f8f8        0x8 
 .rodata.__FUNCTION__.16321
                0x000000000000f900       0x1b /tmp/ccr6r8FP.ltrans2.ltrans.o
 .rodata.str1.1
                0x000000000000f91b      0x3f0 /tmp/ccr6r8FP.ltrans3.ltrans.o
                                        0x40a (size before relaxing)
 .rodata._gDriverUnloadImageCount
                0x000000000000fd0b        0x1 /tmp/ccr6r8FP.ltrans3.ltrans.o
                0x000000000000fd0b                _gPcd_FixedAtBuild_PcdVerifyNodeInList
                0x000000000000fd0b                _gDriverUnloadImageCount
                0x000000000000fd0b                _gPcd_FixedAtBuild_PcdUefiVariableDefaultLangDeprecate
                0x000000000000fd0b                _gPcd_FixedAtBuild_PcdReclaimVariableSpaceAtEndOfDxe
                0x000000000000fd0b                _gPcd_FixedAtBuild_PcdAllowVariablePolicyEnforcementDisable
                0x000000000000fd0b                _gPcd_FixedAtBuild_PcdEmuVariableNvModeEnable
                0x000000000000fd0b                _gPcd_FixedAtBuild_PcdVariableCollectStatistics
 *fill*         0x000000000000fd0c        0x4 
 .rodata.mHexStr
                0x000000000000fd10       0x10 /tmp/ccr6r8FP.ltrans3.ltrans.o
                0x000000000000fd10                mHexStr
                0x000000000000fd10                mVarCheckHiiHex
 .rodata.mWarningString
                0x000000000000fd20       0x96 /tmp/ccr6r8FP.ltrans3.ltrans.o
 *fill*         0x000000000000fdb6        0xa 
 .rodata.mErrorString
                0x000000000000fdc0      0x2b5 /tmp/ccr6r8FP.ltrans3.ltrans.o
 *fill*         0x0000000000010075        0x3 
 .rodata._gPcd_FixedAtBuild_PcdMaximumUnicodeStringLength
                0x0000000000010078        0x4 /tmp/ccr6r8FP.ltrans3.ltrans.o
                0x0000000000010078                _gPcd_FixedAtBuild_PcdMaximumLinkedListLength
                0x0000000000010078                _gPcd_FixedAtBuild_PcdMaximumAsciiStringLength
                0x0000000000010078                _gPcd_FixedAtBuild_PcdMaximumUnicodeStringLength
 .rodata.str1.1
                0x000000000001007c      0x281 /tmp/ccr6r8FP.ltrans4.ltrans.o
                                        0x372 (size before relaxing)
 *fill*         0x00000000000102fd        0x1 
 .rodata.str2.2
                0x00000000000102fe       0x80 /tmp/ccr6r8FP.ltrans4.ltrans.o
                                         0xb0 (size before relaxing)
 .rodata.str1.1
                0x000000000001037e       0xc6 /tmp/ccr6r8FP.ltrans5.ltrans.o
                                        0x161 (size before relaxing)
 .rodata.str1.1
                0x0000000000010444      0x49f /tmp/ccr6r8FP.ltrans6.ltrans.o
                                        0x4b1 (size before relaxing)
 *fill*         0x00000000000108e3        0xd 
 .rodata.__FUNCTION__.3147
                0x00000000000108f0       0x16 /tmp/ccr6r8FP.ltrans6.ltrans.o
 .rodata.str1.1
                0x0000000000010906      0x23b /tmp/ccr6r8FP.ltrans7.ltrans.o
                                        0x3ba (size before relaxing)
 .rodata.str2.2
                0x0000000000010b41       0x80 /tmp/ccr6r8FP.ltrans7.ltrans.o
 *fill*         0x0000000000010b41        0xf 
 .rodata.__FUNCTION__.15942
                0x0000000000010b50       0x16 /tmp/ccr6r8FP.ltrans7.ltrans.o
 *fill*         0x0000000000010b66        0xa 
 .rodata.__FUNCTION__.8970
                0x0000000000010b70       0x1a /tmp/ccr6r8FP.ltrans7.ltrans.o
 .rodata.str1.1
                0x0000000000010b8a      0x62b /tmp/ccr6r8FP.ltrans8.ltrans.o
                                        0x782 (size before relaxing)
 *fill*         0x00000000000111b5        0x3 
 .rodata.__FUNCTION__.2845
                0x00000000000111b8        0x8 /tmp/ccr6r8FP.ltrans8.ltrans.o
 .rodata.str1.1
                0x00000000000111c0      0x42c /tmp/ccr6r8FP.ltrans9.ltrans.o
                                        0x4d8 (size before relaxing)
 .rodata.GetOneOfOption
                0x00000000000115ec       0x14 /tmp/ccr6r8FP.ltrans9.ltrans.o
 .rodata.str1.1
                0x0000000000011600       0xd3 /tmp/ccr6r8FP.ltrans10.ltrans.o
 *fill*         0x00000000000116d3        0x1 
 .rodata.str2.2
                0x00000000000116d4      0x2b2 /tmp/ccr6r8FP.ltrans10.ltrans.o
                                        0x34c (size before relaxing)
 *fill*         0x0000000000011986        0xa 
 .rodata.__FUNCTION__.9329
                0x0000000000011990       0x14 /tmp/ccr6r8FP.ltrans10.ltrans.o
 .rodata.str1.1
                0x00000000000119a4      0x13c /tmp/ccr6r8FP.ltrans11.ltrans.o
                                        0x215 (size before relaxing)
 .rodata.str1.1
                0x0000000000011ae0      0x1c5 /tmp/ccr6r8FP.ltrans12.ltrans.o
                                        0x278 (size before relaxing)
 .rodata.str2.2
                0x0000000000011ca5       0x94 /tmp/ccr6r8FP.ltrans12.ltrans.o
 .rodata.str1.1
                0x0000000000011ca5      0x1d8 /tmp/ccr6r8FP.ltrans13.ltrans.o
                                        0x2f4 (size before relaxing)
 *fill*         0x0000000000011e7d        0x3 
 .rodata._gPcd_FixedAtBuild_PcdVarCheckVfrDriverGuidArray
                0x0000000000011e80       0x10 /tmp/ccr6r8FP.ltrans13.ltrans.o
 .rodata.str1.1
                0x0000000000011e90      0x291 /tmp/ccr6r8FP.ltrans14.ltrans.o
                                        0x370 (size before relaxing)
 .rodata.str1.1
                0x0000000000012121       0x22 /tmp/ccr6r8FP.ltrans15.ltrans.o
                                         0x75 (size before relaxing)
 *(.got .got.*)
 .got           0x0000000000012143        0x0 Reclaim.obj (symbol from plugin)
 .got.plt       0x0000000000012143        0x0 Reclaim.obj (symbol from plugin)
 *:AutoGen.obj(.data.g*Guid)

.plt            0x0000000000012150        0x0
 .plt           0x0000000000012150        0x0 Reclaim.obj (symbol from plugin)

.plt.got        0x0000000000012148        0x0
 .plt.got       0x0000000000012148        0x0 Reclaim.obj (symbol from plugin)

.data           0x0000000000012180      0xd00
 *(.data .data.* .gnu.linkonce.d.*)
 .data.gEfiSystemNvDataFvGuid
                0x0000000000012180       0x10 /tmp/ccr6r8FP.ltrans0.ltrans.o
 .data.gEdkiiFaultTolerantWriteGuid
                0x0000000000012190       0x10 /tmp/ccr6r8FP.ltrans0.ltrans.o
 .data.gEfiVariableGuid
                0x00000000000121a0       0x10 /tmp/ccr6r8FP.ltrans0.ltrans.o
                0x00000000000121a0                gEfiVariableGuid
 .data.gEfiAuthenticatedVariableGuid
                0x00000000000121b0       0x10 /tmp/ccr6r8FP.ltrans0.ltrans.o
                0x00000000000121b0                gEfiAuthenticatedVariableGuid
 .data.gEfiEventReadyToBootGuid
                0x00000000000121c0       0x10 /tmp/ccr6r8FP.ltrans0.ltrans.o
 *fill*         0x00000000000121d0       0x10 
 .data.rel.local.mVariablePolicyProtocol
                0x00000000000121e0       0x30 /tmp/ccr6r8FP.ltrans0.ltrans.o
 .data.gEdkiiVariablePolicyProtocolGuid
                0x0000000000012210       0x10 /tmp/ccr6r8FP.ltrans0.ltrans.o
                0x0000000000012210                gEdkiiVariablePolicyProtocolGuid
 .data.gEfiEndOfDxeEventGroupGuid
                0x0000000000012220       0x10 /tmp/ccr6r8FP.ltrans0.ltrans.o
 .data.gEfiEventVirtualAddressChangeGuid
                0x0000000000012230       0x10 /tmp/ccr6r8FP.ltrans0.ltrans.o
 .data.gEfiFaultTolerantWriteProtocolGuid
                0x0000000000012240       0x10 /tmp/ccr6r8FP.ltrans0.ltrans.o
                0x0000000000012240                gEfiFaultTolerantWriteProtocolGuid
 .data.gEfiVariableArchProtocolGuid
                0x0000000000012250       0x10 /tmp/ccr6r8FP.ltrans0.ltrans.o
 .data.rel.local.mVarCheck
                0x0000000000012260       0x18 /tmp/ccr6r8FP.ltrans0.ltrans.o
 *fill*         0x0000000000012278        0x8 
 .data.gEdkiiVarCheckProtocolGuid
                0x0000000000012280       0x10 /tmp/ccr6r8FP.ltrans0.ltrans.o
 .data.rel.local.mVariableLock
                0x0000000000012290        0x8 /tmp/ccr6r8FP.ltrans0.ltrans.o
 *fill*         0x0000000000012298        0x8 
 .data.gEdkiiVariableLockProtocolGuid
                0x00000000000122a0       0x10 /tmp/ccr6r8FP.ltrans0.ltrans.o
 .data.gEfiDxeServicesTableGuid
                0x00000000000122b0       0x10 /tmp/ccr6r8FP.ltrans0.ltrans.o
 .data.rel.local.mHwErrRecVariable
                0x00000000000122c0       0x28 /tmp/ccr6r8FP.ltrans0.ltrans.o
 *fill*         0x00000000000122e8       0x18 
 .data.rel.local.mImageSecurityVariableList
                0x0000000000012300       0x78 /tmp/ccr6r8FP.ltrans0.ltrans.o
 *fill*         0x0000000000012378        0x8 
 .data.gEfiCallerIdGuid
                0x0000000000012380       0x10 /tmp/ccr6r8FP.ltrans0.ltrans.o
 .data.gEfiLoadedImageProtocolGuid
                0x0000000000012390       0x10 /tmp/ccr6r8FP.ltrans0.ltrans.o
 .data.mCurrentBootVarErrFlag
                0x00000000000123a0        0x1 /tmp/ccr6r8FP.ltrans1.ltrans.o
 *fill*         0x00000000000123a1       0x1f 
 .data.rel.ro.local.mVariableType
                0x00000000000123c0       0x60 /tmp/ccr6r8FP.ltrans2.ltrans.o
 .data.gEdkiiVarErrorFlagGuid
                0x0000000000012420       0x10 /tmp/ccr6r8FP.ltrans4.ltrans.o
                0x0000000000012420                gEdkiiVarErrorFlagGuid
 *fill*         0x0000000000012430       0x10 
 .data.rel.local.mVariableEntryProperty
                0x0000000000012440       0x28 /tmp/ccr6r8FP.ltrans4.ltrans.o
 *fill*         0x0000000000012468       0x18 
 .data.rel.local.mAuthContextIn
                0x0000000000012480       0x48 /tmp/ccr6r8FP.ltrans4.ltrans.o
 *fill*         0x00000000000124c8        0x8 
 .data.gEfiVariableWriteArchProtocolGuid
                0x00000000000124d0       0x10 /tmp/ccr6r8FP.ltrans4.ltrans.o
 .data.gEdkiiIfrBitVarstoreGuid
                0x00000000000124e0       0x10 /tmp/ccr6r8FP.ltrans6.ltrans.o
 .data.gEfiMemoryOverwriteControlDataGuid
                0x00000000000124f0       0x10 /tmp/ccr6r8FP.ltrans7.ltrans.o
                0x00000000000124f0                gEfiMemoryOverwriteControlDataGuid
 .data.gEfiMemoryOverwriteRequestControlLockGuid
                0x0000000000012500       0x10 /tmp/ccr6r8FP.ltrans7.ltrans.o
                0x0000000000012500                gEfiMemoryOverwriteRequestControlLockGuid
 .data.gVfrArrayAttractGuid
                0x0000000000012510       0x10 /tmp/ccr6r8FP.ltrans9.ltrans.o
 .data.gEfiImageSecurityDatabaseGuid
                0x0000000000012520       0x10 /tmp/ccr6r8FP.ltrans10.ltrans.o
                0x0000000000012520                gEfiImageSecurityDatabaseGuid
 .data.gEfiHardwareErrorVariableGuid
                0x0000000000012530       0x10 /tmp/ccr6r8FP.ltrans10.ltrans.o
                0x0000000000012530                gEfiHardwareErrorVariableGuid
 .data.rel.local.mGlobalVariableList2
                0x0000000000012540       0xc8 /tmp/ccr6r8FP.ltrans10.ltrans.o
                0x0000000000012540                mGlobalVariableList2
 *fill*         0x0000000000012608       0x18 
 .data.rel.local.mGlobalVariableList
                0x0000000000012620      0x4d8 /tmp/ccr6r8FP.ltrans10.ltrans.o
                0x0000000000012620                mGlobalVariableList
 *fill*         0x0000000000012af8        0x8 
 .data.gEfiGlobalVariableGuid
                0x0000000000012b00       0x10 /tmp/ccr6r8FP.ltrans10.ltrans.o
                0x0000000000012b00                gEfiGlobalVariableGuid
 .data.rel.ro.local.mUefiDefinedGuid
                0x0000000000012b10       0x18 /tmp/ccr6r8FP.ltrans10.ltrans.o
 *fill*         0x0000000000012b28        0x8 
 .data.gEfiFirmwareVolumeBlockProtocolGuid
                0x0000000000012b30       0x10 /tmp/ccr6r8FP.ltrans11.ltrans.o
 .data.gEfiHobListGuid
                0x0000000000012b40       0x10 /tmp/ccr6r8FP.ltrans12.ltrans.o
 *fill*         0x0000000000012b50       0x10 
 .data.rel.local.mVarCheckVariableWithWildcardName
                0x0000000000012b60       0xf0 /tmp/ccr6r8FP.ltrans12.ltrans.o
 .data.gEfiHiiDatabaseProtocolGuid
                0x0000000000012c50       0x10 /tmp/ccr6r8FP.ltrans13.ltrans.o
 .data.gEfiFirmwareVolumeBlock2ProtocolGuid
                0x0000000000012c60       0x10 /tmp/ccr6r8FP.ltrans13.ltrans.o
 .data.gEfiFirmwareVolume2ProtocolGuid
                0x0000000000012c70       0x10 /tmp/ccr6r8FP.ltrans13.ltrans.o
                0x0000000000012c70                gEfiFirmwareVolume2ProtocolGuid
 .data.rel.local.mVfrDriverList
                0x0000000000012c80       0x10 /tmp/ccr6r8FP.ltrans13.ltrans.o
 .data.mAllFfGuid
                0x0000000000012c90       0x10 /tmp/ccr6r8FP.ltrans13.ltrans.o
 .data.rel.local.mVarCheckHiiList
                0x0000000000012ca0       0x10 /tmp/ccr6r8FP.ltrans13.ltrans.o
                0x0000000000012ca0                mVarCheckHiiList
 .data.rel.ro   0x0000000000012cb0        0x0 Reclaim.obj (symbol from plugin)
 *(.bss .bss.*)
 .bss.mNvFvHeaderCache
                0x0000000000012cb0        0x8 /tmp/ccr6r8FP.ltrans0.ltrans.o
                0x0000000000012cb0                mNvFvHeaderCache
 .bss.mVariablePolicyLibVirtualAddressChangeEvent
                0x0000000000012cb8        0x8 /tmp/ccr6r8FP.ltrans0.ltrans.o
 .bss.mVirtualAddressChangeEvent
                0x0000000000012cc0        0x8 /tmp/ccr6r8FP.ltrans0.ltrans.o
 .bss.mFtwRegistration
                0x0000000000012cc8        0x8 /tmp/ccr6r8FP.ltrans0.ltrans.o
 .bss.mHandle   0x0000000000012cd0        0x8 /tmp/ccr6r8FP.ltrans0.ltrans.o
                0x0000000000012cd0                mHandle
 .bss.mExitBootServicesEvent.lto_priv.55
                0x0000000000012cd8        0x8 /tmp/ccr6r8FP.ltrans0.ltrans.o
                0x0000000000012cd8                mExitBootServicesEvent.lto_priv.55
 .bss.gST       0x0000000000012ce0        0x8 /tmp/ccr6r8FP.ltrans0.ltrans.o
                0x0000000000012ce0                gST
 .bss.mEfiExitBootServicesEvent
                0x0000000000012ce8        0x8 /tmp/ccr6r8FP.ltrans0.ltrans.o
                0x0000000000012ce8                mEfiExitBootServicesEvent
 .bss.mEfiVirtualNotifyEvent
                0x0000000000012cf0        0x8 /tmp/ccr6r8FP.ltrans0.ltrans.o
                0x0000000000012cf0                mEfiVirtualNotifyEvent
 .bss.mInternalRT
                0x0000000000012cf8        0x8 /tmp/ccr6r8FP.ltrans0.ltrans.o
                0x0000000000012cf8                mInternalRT
 .bss.gDS       0x0000000000012d00        0x8 /tmp/ccr6r8FP.ltrans0.ltrans.o
                0x0000000000012d00                gDS
 .bss.gImageHandle
                0x0000000000012d08        0x8 /tmp/ccr6r8FP.ltrans0.ltrans.o
 .bss.mEfiAtRuntime
                0x0000000000012d10        0x1 /tmp/ccr6r8FP.ltrans3.ltrans.o
                0x0000000000012d10                mEfiAtRuntime
 *fill*         0x0000000000012d11        0x7 
 .bss.gVariableInfo
                0x0000000000012d18        0x8 /tmp/ccr6r8FP.ltrans3.ltrans.o
                0x0000000000012d18                gVariableInfo
 .bss.mNvVariableCache
                0x0000000000012d20        0x8 /tmp/ccr6r8FP.ltrans3.ltrans.o
                0x0000000000012d20                mNvVariableCache
 .bss.mVariableModuleGlobal
                0x0000000000012d28        0x8 /tmp/ccr6r8FP.ltrans3.ltrans.o
                0x0000000000012d28                mVariableModuleGlobal
 .bss.mDebugST  0x0000000000012d30        0x8 /tmp/ccr6r8FP.ltrans3.ltrans.o
                0x0000000000012d30                mDebugST
 .bss.mPostEBS  0x0000000000012d38        0x1 /tmp/ccr6r8FP.ltrans3.ltrans.o
                0x0000000000012d38                mPostEBS
 .bss.Reclaimed.16356.lto_priv.58
                0x0000000000012d39        0x1 /tmp/ccr6r8FP.ltrans4.ltrans.o
                0x0000000000012d39                Reclaimed.16356.lto_priv.58
 *fill*         0x0000000000012d3a        0x6 
 .bss.mVarCheckAddressPointer
                0x0000000000012d40        0x8 /tmp/ccr6r8FP.ltrans4.ltrans.o
 .bss.mEndOfDxe
                0x0000000000012d48        0x1 /tmp/ccr6r8FP.ltrans4.ltrans.o
                0x0000000000012d48                mEndOfDxe
 *fill*         0x0000000000012d49       0x17 
 .bss.mAuthContextOut
                0x0000000000012d60       0x30 /tmp/ccr6r8FP.ltrans4.ltrans.o
 .bss.mSecureBootVarDataSize
                0x0000000000012d90        0x8 /tmp/ccr6r8FP.ltrans4.ltrans.o
                0x0000000000012d90                mSecureBootVarDataSize
 .bss.mSecureBootVarData
                0x0000000000012d98        0x8 /tmp/ccr6r8FP.ltrans4.ltrans.o
                0x0000000000012d98                mSecureBootVarData
 .bss.mMaxVarNameSize
                0x0000000000012da0        0x8 /tmp/ccr6r8FP.ltrans6.ltrans.o
 .bss.mCurrentTableCount.lto_priv.52
                0x0000000000012da8        0x4 /tmp/ccr6r8FP.ltrans10.ltrans.o
                0x0000000000012da8                mCurrentTableCount.lto_priv.52
 .bss.mCurrentTableSize.lto_priv.50
                0x0000000000012dac        0x4 /tmp/ccr6r8FP.ltrans10.ltrans.o
                0x0000000000012dac                mCurrentTableSize.lto_priv.50
 .bss.mProtectionDisabled.lto_priv.49
                0x0000000000012db0        0x1 /tmp/ccr6r8FP.ltrans10.ltrans.o
                0x0000000000012db0                mProtectionDisabled.lto_priv.49
 *fill*         0x0000000000012db1        0x3 
 .bss.mCurrentTableUsage.lto_priv.51
                0x0000000000012db4        0x4 /tmp/ccr6r8FP.ltrans10.ltrans.o
                0x0000000000012db4                mCurrentTableUsage.lto_priv.51
 .bss.mInterfaceLocked.lto_priv.48
                0x0000000000012db8        0x1 /tmp/ccr6r8FP.ltrans10.ltrans.o
                0x0000000000012db8                mInterfaceLocked.lto_priv.48
 *fill*         0x0000000000012db9        0x7 
 .bss.mGetVariableHelper
                0x0000000000012dc0        0x8 /tmp/ccr6r8FP.ltrans10.ltrans.o
                0x0000000000012dc0                mGetVariableHelper
 .bss.mPolicyTable
                0x0000000000012dc8        0x8 /tmp/ccr6r8FP.ltrans10.ltrans.o
                0x0000000000012dc8                mPolicyTable
 .bss.mHobList  0x0000000000012dd0        0x8 /tmp/ccr6r8FP.ltrans12.ltrans.o
 .bss.mMaxNumberOfVarCheckHandler
                0x0000000000012dd8        0x8 /tmp/ccr6r8FP.ltrans12.ltrans.o
 .bss.mMaxNumberOfVarCheckVariable
                0x0000000000012de0        0x8 /tmp/ccr6r8FP.ltrans12.ltrans.o
 .bss.gBS       0x0000000000012de8        0x8 /tmp/ccr6r8FP.ltrans13.ltrans.o
                0x0000000000012de8                gBS
 .bss.mVarName  0x0000000000012df0        0x8 /tmp/ccr6r8FP.ltrans13.ltrans.o
                0x0000000000012df0                mVarName
 .bss.mVarCheckHiiBin
                0x0000000000012df8        0x8 /tmp/ccr6r8FP.ltrans13.ltrans.o
                0x0000000000012df8                mVarCheckHiiBin
 .bss.mVarCheckHiiBinSize
                0x0000000000012e00        0x8 /tmp/ccr6r8FP.ltrans13.ltrans.o
                0x0000000000012e00                mVarCheckHiiBinSize
 .bss.mVarCheckPcdBinSize
                0x0000000000012e08        0x8 /tmp/ccr6r8FP.ltrans14.ltrans.o
                0x0000000000012e08                mVarCheckPcdBinSize
 .bss.mVarCheckPcdBin
                0x0000000000012e10        0x8 /tmp/ccr6r8FP.ltrans14.ltrans.o
                0x0000000000012e10                mVarCheckPcdBin
 .bss.mVarCheckVariableTable
                0x0000000000012e18        0x8 /tmp/ccr6r8FP.ltrans14.ltrans.o
                0x0000000000012e18                mVarCheckVariableTable
 .bss.mVarCheckHandlerTable
                0x0000000000012e20        0x8 /tmp/ccr6r8FP.ltrans14.ltrans.o
                0x0000000000012e20                mVarCheckHandlerTable
 .bss.mNumberOfVarCheckVariable
                0x0000000000012e28        0x8 /tmp/ccr6r8FP.ltrans14.ltrans.o
                0x0000000000012e28                mNumberOfVarCheckVariable
 .bss.mNumberOfVarCheckHandler
                0x0000000000012e30        0x8 /tmp/ccr6r8FP.ltrans14.ltrans.o
                0x0000000000012e30                mNumberOfVarCheckHandler
 .bss.mVarCheckAddressPointerCount
                0x0000000000012e38        0x8 /tmp/ccr6r8FP.ltrans14.ltrans.o
                0x0000000000012e38                mVarCheckAddressPointerCount
 .bss.mVarCheckLibAddressPointerMaxCount
                0x0000000000012e40        0x8 /tmp/ccr6r8FP.ltrans14.ltrans.o
                0x0000000000012e40                mVarCheckLibAddressPointerMaxCount
 .bss.mVarCheckLibAddressPointerCount
                0x0000000000012e48        0x8 /tmp/ccr6r8FP.ltrans14.ltrans.o
                0x0000000000012e48                mVarCheckLibAddressPointerCount
 .bss.mVarCheckLibAddressPointer
                0x0000000000012e50        0x8 /tmp/ccr6r8FP.ltrans14.ltrans.o
                0x0000000000012e50                mVarCheckLibAddressPointer
 .bss.mVarCheckLibEndOfDxe
                0x0000000000012e58        0x1 /tmp/ccr6r8FP.ltrans14.ltrans.o
                0x0000000000012e58                mVarCheckLibEndOfDxe
 *fill*         0x0000000000012e59        0x7 
 .bss.mVarCheckLibEndOfDxeCallbackMaxCount
                0x0000000000012e60        0x8 /tmp/ccr6r8FP.ltrans14.ltrans.o
                0x0000000000012e60                mVarCheckLibEndOfDxeCallbackMaxCount
 .bss.mVarCheckLibEndOfDxeCallbackCount
                0x0000000000012e68        0x8 /tmp/ccr6r8FP.ltrans14.ltrans.o
                0x0000000000012e68                mVarCheckLibEndOfDxeCallbackCount
 .bss.mVarCheckLibEndOfDxeCallback
                0x0000000000012e70        0x8 /tmp/ccr6r8FP.ltrans14.ltrans.o
                0x0000000000012e70                mVarCheckLibEndOfDxeCallback
 .bss.gRT       0x0000000000012e78        0x8 /tmp/ccr6r8FP.ltrans14.ltrans.o
                0x0000000000012e78                gRT

.eh_frame       0x0000000000012e80        0x0
 *(.eh_frame)
 .eh_frame      0x0000000000012e80        0x0 Reclaim.obj (symbol from plugin)
 .eh_frame      0x0000000000012e80        0x0 Reclaim.obj (symbol from plugin)

.dynbss         0x0000000000012e80        0x0
 .dynbss        0x0000000000012e80        0x0 Reclaim.obj (symbol from plugin)

.gnu.version_d  0x0000000000012e80        0x0
 .gnu.version_d
                0x0000000000012e80        0x0 Reclaim.obj (symbol from plugin)

.gnu.version    0x0000000000012e80        0x0
 .gnu.version   0x0000000000012e80        0x0 Reclaim.obj (symbol from plugin)

.gnu.version_r  0x0000000000012e80        0x0
 .gnu.version_r
                0x0000000000012e80        0x0 Reclaim.obj (symbol from plugin)

.rela           0x0000000000012e80      0xa08
 *(.rela .rela.*)
 .rela.plt      0x0000000000012e80        0x0 Reclaim.obj (symbol from plugin)
 .rela.got      0x0000000000012e80        0x0 Reclaim.obj (symbol from plugin)
 .rela.bss      0x0000000000012e80        0x0 Reclaim.obj (symbol from plugin)
 .rela.data.rel.ro
                0x0000000000012e80        0x0 Reclaim.obj (symbol from plugin)
 .rela.ifunc    0x0000000000012e80        0x0 Reclaim.obj (symbol from plugin)
 .rela.data.rel.local.mVariablePolicyProtocol
                0x0000000000012e80       0x78 Reclaim.obj (symbol from plugin)
 .rela.data.rel.local.mVarCheck
                0x0000000000012ef8       0x48 Reclaim.obj (symbol from plugin)
 .rela.data.rel.local.mVariableLock
                0x0000000000012f40       0x18 Reclaim.obj (symbol from plugin)
 .rela.data.rel.local.mHwErrRecVariable
                0x0000000000012f58       0x18 Reclaim.obj (symbol from plugin)
 .rela.data.rel.local.mImageSecurityVariableList
                0x0000000000012f70       0x48 Reclaim.obj (symbol from plugin)
 .rela.data.rel.ro.local.mVariableType
                0x0000000000012fb8      0x120 Reclaim.obj (symbol from plugin)
 .rela.data.rel.local.mVariableEntryProperty
                0x00000000000130d8       0x30 Reclaim.obj (symbol from plugin)
 .rela.data.rel.local.mAuthContextIn
                0x0000000000013108       0x90 Reclaim.obj (symbol from plugin)
 .rela.data.rel.local.mGlobalVariableList2
                0x0000000000013198       0xf0 Reclaim.obj (symbol from plugin)
 .rela.data.rel.local.mGlobalVariableList
                0x0000000000013288      0x438 Reclaim.obj (symbol from plugin)
 .rela.data.rel.ro.local.mUefiDefinedGuid
                0x00000000000136c0       0x48 Reclaim.obj (symbol from plugin)
 .rela.data.rel.local.mVarCheckVariableWithWildcardName
                0x0000000000013708      0x120 Reclaim.obj (symbol from plugin)
 .rela.data.rel.local.mVfrDriverList
                0x0000000000013828       0x30 Reclaim.obj (symbol from plugin)
 .rela.data.rel.local.mVarCheckHiiList
                0x0000000000013858       0x30 Reclaim.obj (symbol from plugin)

.hii
 *(.hii)

.build-id       0x0000000000013888       0x24
 *(.note.gnu.build-id)
 .note.gnu.build-id
                0x0000000000013888       0x24 Reclaim.obj (symbol from plugin)

/DISCARD/
 *(.note.GNU-stack)
 *(.gnu_debuglink)
 *(.interp)
 *(.dynsym)
 *(.dynstr)
 *(.dynamic)
 *(.hash .gnu.hash)
 *(.comment)
OUTPUT(/home/hcj/UEFIWorkspace/Build/MdeModule/DEBUG_GCC5/X64/MdeModulePkg/Universal/Variable/RuntimeDxe/VariableRuntimeDxe/DEBUG/VariableRuntimeDxe.dll elf64-x86-64)

.debug_info     0x0000000000000000    0x21d45
 .debug_info    0x0000000000000000     0x546f /tmp/ccr6r8FP.ltrans0.ltrans.o
 .debug_info    0x000000000000546f     0x228e /tmp/ccr6r8FP.ltrans1.ltrans.o
 .debug_info    0x00000000000076fd     0x18ba /tmp/ccr6r8FP.ltrans2.ltrans.o
 .debug_info    0x0000000000008fb7     0x2cea /tmp/ccr6r8FP.ltrans3.ltrans.o
 .debug_info    0x000000000000bca1     0x2068 /tmp/ccr6r8FP.ltrans4.ltrans.o
 .debug_info    0x000000000000dd09     0x1528 /tmp/ccr6r8FP.ltrans5.ltrans.o
 .debug_info    0x000000000000f231     0x1a72 /tmp/ccr6r8FP.ltrans6.ltrans.o
 .debug_info    0x0000000000010ca3     0x3379 /tmp/ccr6r8FP.ltrans7.ltrans.o
 .debug_info    0x000000000001401c     0x18d1 /tmp/ccr6r8FP.ltrans8.ltrans.o
 .debug_info    0x00000000000158ed     0x178c /tmp/ccr6r8FP.ltrans9.ltrans.o
 .debug_info    0x0000000000017079     0x1a15 /tmp/ccr6r8FP.ltrans10.ltrans.o
 .debug_info    0x0000000000018a8e     0x13fc /tmp/ccr6r8FP.ltrans11.ltrans.o
 .debug_info    0x0000000000019e8a     0x341a /tmp/ccr6r8FP.ltrans12.ltrans.o
 .debug_info    0x000000000001d2a4     0x2762 /tmp/ccr6r8FP.ltrans13.ltrans.o
 .debug_info    0x000000000001fa06     0x16d5 /tmp/ccr6r8FP.ltrans14.ltrans.o
 .debug_info    0x00000000000210db      0xb0e /tmp/ccr6r8FP.ltrans15.ltrans.o
 .debug_info    0x0000000000021be9      0x15c /tmp/ccr6r8FP.ltrans16.ltrans.o

.debug_abbrev   0x0000000000000000     0x3436
 .debug_abbrev  0x0000000000000000      0x377 /tmp/ccr6r8FP.ltrans0.ltrans.o
 .debug_abbrev  0x0000000000000377      0x39e /tmp/ccr6r8FP.ltrans1.ltrans.o
 .debug_abbrev  0x0000000000000715      0x26a /tmp/ccr6r8FP.ltrans2.ltrans.o
 .debug_abbrev  0x000000000000097f      0x346 /tmp/ccr6r8FP.ltrans3.ltrans.o
 .debug_abbrev  0x0000000000000cc5      0x410 /tmp/ccr6r8FP.ltrans4.ltrans.o
 .debug_abbrev  0x00000000000010d5      0x251 /tmp/ccr6r8FP.ltrans5.ltrans.o
 .debug_abbrev  0x0000000000001326      0x280 /tmp/ccr6r8FP.ltrans6.ltrans.o
 .debug_abbrev  0x00000000000015a6      0x38c /tmp/ccr6r8FP.ltrans7.ltrans.o
 .debug_abbrev  0x0000000000001932      0x36d /tmp/ccr6r8FP.ltrans8.ltrans.o
 .debug_abbrev  0x0000000000001c9f      0x35e /tmp/ccr6r8FP.ltrans9.ltrans.o
 .debug_abbrev  0x0000000000001ffd      0x3c4 /tmp/ccr6r8FP.ltrans10.ltrans.o
 .debug_abbrev  0x00000000000023c1      0x329 /tmp/ccr6r8FP.ltrans11.ltrans.o
 .debug_abbrev  0x00000000000026ea      0x4c2 /tmp/ccr6r8FP.ltrans12.ltrans.o
 .debug_abbrev  0x0000000000002bac      0x2fe /tmp/ccr6r8FP.ltrans13.ltrans.o
 .debug_abbrev  0x0000000000002eaa      0x2e8 /tmp/ccr6r8FP.ltrans14.ltrans.o
 .debug_abbrev  0x0000000000003192      0x1de /tmp/ccr6r8FP.ltrans15.ltrans.o
 .debug_abbrev  0x0000000000003370       0xc6 /tmp/ccr6r8FP.ltrans16.ltrans.o

.debug_loc      0x0000000000000000    0x157c4
 .debug_loc     0x0000000000000000     0x1966 /tmp/ccr6r8FP.ltrans0.ltrans.o
 .debug_loc     0x0000000000001966     0x24ce /tmp/ccr6r8FP.ltrans1.ltrans.o
 .debug_loc     0x0000000000003e34     0x120c /tmp/ccr6r8FP.ltrans2.ltrans.o
 .debug_loc     0x0000000000005040     0x1d0a /tmp/ccr6r8FP.ltrans3.ltrans.o
 .debug_loc     0x0000000000006d4a      0xf5a /tmp/ccr6r8FP.ltrans4.ltrans.o
 .debug_loc     0x0000000000007ca4     0x1835 /tmp/ccr6r8FP.ltrans5.ltrans.o
 .debug_loc     0x00000000000094d9     0x12bb /tmp/ccr6r8FP.ltrans6.ltrans.o
 .debug_loc     0x000000000000a794     0x1994 /tmp/ccr6r8FP.ltrans7.ltrans.o
 .debug_loc     0x000000000000c128     0x216e /tmp/ccr6r8FP.ltrans8.ltrans.o
 .debug_loc     0x000000000000e296     0x1111 /tmp/ccr6r8FP.ltrans9.ltrans.o
 .debug_loc     0x000000000000f3a7     0x1ad1 /tmp/ccr6r8FP.ltrans10.ltrans.o
 .debug_loc     0x0000000000010e78     0x1075 /tmp/ccr6r8FP.ltrans11.ltrans.o
 .debug_loc     0x0000000000011eed     0x19e3 /tmp/ccr6r8FP.ltrans12.ltrans.o
 .debug_loc     0x00000000000138d0      0x872 /tmp/ccr6r8FP.ltrans13.ltrans.o
 .debug_loc     0x0000000000014142      0xdad /tmp/ccr6r8FP.ltrans14.ltrans.o
 .debug_loc     0x0000000000014eef      0x7de /tmp/ccr6r8FP.ltrans15.ltrans.o
 .debug_loc     0x00000000000156cd       0xf7 /tmp/ccr6r8FP.ltrans16.ltrans.o

.debug_aranges  0x0000000000000000      0xaf0
 .debug_aranges
                0x0000000000000000       0x30 /tmp/ccr6r8FP.ltrans0.ltrans.o
 .debug_aranges
                0x0000000000000030       0xb0 /tmp/ccr6r8FP.ltrans1.ltrans.o
 .debug_aranges
                0x00000000000000e0       0x30 /tmp/ccr6r8FP.ltrans2.ltrans.o
 .debug_aranges
                0x0000000000000110       0x90 /tmp/ccr6r8FP.ltrans3.ltrans.o
 .debug_aranges
                0x00000000000001a0      0x120 /tmp/ccr6r8FP.ltrans4.ltrans.o
 .debug_aranges
                0x00000000000002c0       0x40 /tmp/ccr6r8FP.ltrans5.ltrans.o
 .debug_aranges
                0x0000000000000300       0x30 /tmp/ccr6r8FP.ltrans6.ltrans.o
 .debug_aranges
                0x0000000000000330      0x110 /tmp/ccr6r8FP.ltrans7.ltrans.o
 .debug_aranges
                0x0000000000000440      0x180 /tmp/ccr6r8FP.ltrans8.ltrans.o
 .debug_aranges
                0x00000000000005c0       0x80 /tmp/ccr6r8FP.ltrans9.ltrans.o
 .debug_aranges
                0x0000000000000640      0x100 /tmp/ccr6r8FP.ltrans10.ltrans.o
 .debug_aranges
                0x0000000000000740       0xa0 /tmp/ccr6r8FP.ltrans11.ltrans.o
 .debug_aranges
                0x00000000000007e0      0x1e0 /tmp/ccr6r8FP.ltrans12.ltrans.o
 .debug_aranges
                0x00000000000009c0       0x30 /tmp/ccr6r8FP.ltrans13.ltrans.o
 .debug_aranges
                0x00000000000009f0       0x90 /tmp/ccr6r8FP.ltrans14.ltrans.o
 .debug_aranges
                0x0000000000000a80       0x40 /tmp/ccr6r8FP.ltrans15.ltrans.o
 .debug_aranges
                0x0000000000000ac0       0x30 /tmp/ccr6r8FP.ltrans16.ltrans.o

.debug_ranges   0x0000000000000000     0x31b0
 .debug_ranges  0x0000000000000000      0x980 /tmp/ccr6r8FP.ltrans0.ltrans.o
 .debug_ranges  0x0000000000000980      0x3a0 /tmp/ccr6r8FP.ltrans1.ltrans.o
 .debug_ranges  0x0000000000000d20      0x410 /tmp/ccr6r8FP.ltrans2.ltrans.o
 .debug_ranges  0x0000000000001130      0x150 /tmp/ccr6r8FP.ltrans3.ltrans.o
 .debug_ranges  0x0000000000001280      0x1c0 /tmp/ccr6r8FP.ltrans4.ltrans.o
 .debug_ranges  0x0000000000001440      0x190 /tmp/ccr6r8FP.ltrans5.ltrans.o
 .debug_ranges  0x00000000000015d0      0x420 /tmp/ccr6r8FP.ltrans6.ltrans.o
 .debug_ranges  0x00000000000019f0      0x380 /tmp/ccr6r8FP.ltrans7.ltrans.o
 .debug_ranges  0x0000000000001d70      0x260 /tmp/ccr6r8FP.ltrans8.ltrans.o
 .debug_ranges  0x0000000000001fd0      0x250 /tmp/ccr6r8FP.ltrans9.ltrans.o
 .debug_ranges  0x0000000000002220      0x440 /tmp/ccr6r8FP.ltrans10.ltrans.o
 .debug_ranges  0x0000000000002660      0x270 /tmp/ccr6r8FP.ltrans11.ltrans.o
 .debug_ranges  0x00000000000028d0      0x400 /tmp/ccr6r8FP.ltrans12.ltrans.o
 .debug_ranges  0x0000000000002cd0      0x240 /tmp/ccr6r8FP.ltrans13.ltrans.o
 .debug_ranges  0x0000000000002f10      0x140 /tmp/ccr6r8FP.ltrans14.ltrans.o
 .debug_ranges  0x0000000000003050      0x140 /tmp/ccr6r8FP.ltrans15.ltrans.o
 .debug_ranges  0x0000000000003190       0x20 /tmp/ccr6r8FP.ltrans16.ltrans.o

.debug_line     0x0000000000000000     0x7fea
 .debug_line    0x0000000000000000      0xe34 /tmp/ccr6r8FP.ltrans0.ltrans.o
 .debug_line    0x0000000000000e34      0x8be /tmp/ccr6r8FP.ltrans1.ltrans.o
 .debug_line    0x00000000000016f2      0x8b9 /tmp/ccr6r8FP.ltrans2.ltrans.o
 .debug_line    0x0000000000001fab      0xa3c /tmp/ccr6r8FP.ltrans3.ltrans.o
 .debug_line    0x00000000000029e7      0x8fe /tmp/ccr6r8FP.ltrans4.ltrans.o
 .debug_line    0x00000000000032e5      0x6aa /tmp/ccr6r8FP.ltrans5.ltrans.o
 .debug_line    0x000000000000398f      0x526 /tmp/ccr6r8FP.ltrans6.ltrans.o
 .debug_line    0x0000000000003eb5      0x9e7 /tmp/ccr6r8FP.ltrans7.ltrans.o
 .debug_line    0x000000000000489c      0x600 /tmp/ccr6r8FP.ltrans8.ltrans.o
 .debug_line    0x0000000000004e9c      0x611 /tmp/ccr6r8FP.ltrans9.ltrans.o
 .debug_line    0x00000000000054ad      0x84d /tmp/ccr6r8FP.ltrans10.ltrans.o
 .debug_line    0x0000000000005cfa      0x727 /tmp/ccr6r8FP.ltrans11.ltrans.o
 .debug_line    0x0000000000006421      0xa8b /tmp/ccr6r8FP.ltrans12.ltrans.o
 .debug_line    0x0000000000006eac      0x64e /tmp/ccr6r8FP.ltrans13.ltrans.o
 .debug_line    0x00000000000074fa      0x791 /tmp/ccr6r8FP.ltrans14.ltrans.o
 .debug_line    0x0000000000007c8b      0x24e /tmp/ccr6r8FP.ltrans15.ltrans.o
 .debug_line    0x0000000000007ed9      0x111 /tmp/ccr6r8FP.ltrans16.ltrans.o

.debug_str      0x0000000000000000     0x6ece
 .debug_str     0x0000000000000000     0x29a2 /tmp/ccr6r8FP.ltrans0.ltrans.o
                                       0x2e1f (size before relaxing)
 .debug_str     0x00000000000029a2      0x8c5 /tmp/ccr6r8FP.ltrans1.ltrans.o
                                       0x102a (size before relaxing)
 .debug_str     0x0000000000003267      0x2ed /tmp/ccr6r8FP.ltrans2.ltrans.o
                                        0x7bd (size before relaxing)
 .debug_str     0x0000000000003554      0x71b /tmp/ccr6r8FP.ltrans3.ltrans.o
                                       0x1f59 (size before relaxing)
 .debug_str     0x0000000000003c6f      0x5f9 /tmp/ccr6r8FP.ltrans4.ltrans.o
                                       0x1113 (size before relaxing)
 .debug_str     0x0000000000004268      0x1da /tmp/ccr6r8FP.ltrans5.ltrans.o
                                        0x957 (size before relaxing)
 .debug_str     0x0000000000004442      0x588 /tmp/ccr6r8FP.ltrans6.ltrans.o
                                        0xa05 (size before relaxing)
 .debug_str     0x00000000000049ca      0x3c0 /tmp/ccr6r8FP.ltrans7.ltrans.o
                                       0x1c97 (size before relaxing)
 .debug_str     0x0000000000004d8a      0x338 /tmp/ccr6r8FP.ltrans8.ltrans.o
                                        0x739 (size before relaxing)
 .debug_str     0x00000000000050c2      0x2f8 /tmp/ccr6r8FP.ltrans9.ltrans.o
                                        0xb41 (size before relaxing)
 .debug_str     0x00000000000053ba      0x63c /tmp/ccr6r8FP.ltrans10.ltrans.o
                                        0xbc2 (size before relaxing)
 .debug_str     0x00000000000059f6      0x1ba /tmp/ccr6r8FP.ltrans11.ltrans.o
                                        0x9cc (size before relaxing)
 .debug_str     0x0000000000005bb0      0x863 /tmp/ccr6r8FP.ltrans12.ltrans.o
                                       0x1e35 (size before relaxing)
 .debug_str     0x0000000000006413      0x5e0 /tmp/ccr6r8FP.ltrans13.ltrans.o
                                       0x1777 (size before relaxing)
 .debug_str     0x00000000000069f3      0x406 /tmp/ccr6r8FP.ltrans14.ltrans.o
                                        0xe90 (size before relaxing)
 .debug_str     0x0000000000006df9       0xa2 /tmp/ccr6r8FP.ltrans15.ltrans.o
                                        0x5fb (size before relaxing)
 .debug_str     0x0000000000006e9b       0x33 /tmp/ccr6r8FP.ltrans16.ltrans.o
                                        0x27b (size before relaxing)

.debug_frame    0x0000000000000000     0x3080
 .debug_frame   0x0000000000000000       0xa8 /tmp/ccr6r8FP.ltrans0.ltrans.o
 .debug_frame   0x00000000000000a8      0x478 /tmp/ccr6r8FP.ltrans1.ltrans.o
 .debug_frame   0x0000000000000520       0xa8 /tmp/ccr6r8FP.ltrans2.ltrans.o
 .debug_frame   0x00000000000005c8      0x2c0 /tmp/ccr6r8FP.ltrans3.ltrans.o
 .debug_frame   0x0000000000000888      0x410 /tmp/ccr6r8FP.ltrans4.ltrans.o
 .debug_frame   0x0000000000000c98      0x278 /tmp/ccr6r8FP.ltrans5.ltrans.o
 .debug_frame   0x0000000000000f10      0x2f0 /tmp/ccr6r8FP.ltrans6.ltrans.o
 .debug_frame   0x0000000000001200      0x550 /tmp/ccr6r8FP.ltrans7.ltrans.o
 .debug_frame   0x0000000000001750      0x4a0 /tmp/ccr6r8FP.ltrans8.ltrans.o
 .debug_frame   0x0000000000001bf0      0x280 /tmp/ccr6r8FP.ltrans9.ltrans.o
 .debug_frame   0x0000000000001e70      0x2e8 /tmp/ccr6r8FP.ltrans10.ltrans.o
 .debug_frame   0x0000000000002158      0x368 /tmp/ccr6r8FP.ltrans11.ltrans.o
 .debug_frame   0x00000000000024c0      0x688 /tmp/ccr6r8FP.ltrans12.ltrans.o
 .debug_frame   0x0000000000002b48       0xa8 /tmp/ccr6r8FP.ltrans13.ltrans.o
 .debug_frame   0x0000000000002bf0      0x2b8 /tmp/ccr6r8FP.ltrans14.ltrans.o
 .debug_frame   0x0000000000002ea8      0x168 /tmp/ccr6r8FP.ltrans15.ltrans.o
 .debug_frame   0x0000000000003010       0x70 /tmp/ccr6r8FP.ltrans16.ltrans.o
