Archive member included to satisfy reference by file (symbol)

/home/hcj/UEFIWorkspace/Build/MdeModule/DEBUG_GCC5/X64/MdeModulePkg/Universal/BootManagerPolicyDxe/BootManagerPolicyDxe/OUTPUT/BootManagerPolicyDxe.lib(BootManagerPolicyDxe.obj)
                              (--whole-archive)
/home/hcj/UEFIWorkspace/Build/MdeModule/DEBUG_GCC5/X64/MdeModulePkg/Universal/BootManagerPolicyDxe/BootManagerPolicyDxe/OUTPUT/BootManagerPolicyDxe.lib(AutoGen.obj)
                              (--whole-archive)
/home/hcj/UEFIWorkspace/Build/MdeModule/DEBUG_GCC5/X64/MdePkg/Library/RegisterFilterLibNull/RegisterFilterLibNull/OUTPUT/FilterLibNull.lib(RegisterFilterLibNull.obj)
                              (--whole-archive)
/home/hcj/UEFIWorkspace/Build/MdeModule/DEBUG_GCC5/X64/MdePkg/Library/BaseLib/BaseLib/OUTPUT/BaseLib.lib(CheckSum.obj)
                              (--whole-archive)
/home/hcj/UEFIWorkspace/Build/MdeModule/DEBUG_GCC5/X64/MdePkg/Library/BaseLib/BaseLib/OUTPUT/BaseLib.lib(SwitchStack.obj)
                              (--whole-archive)
/home/hcj/UEFIWorkspace/Build/MdeModule/DEBUG_GCC5/X64/MdePkg/Library/BaseLib/BaseLib/OUTPUT/BaseLib.lib(SwapBytes64.obj)
                              (--whole-archive)
/home/hcj/UEFIWorkspace/Build/MdeModule/DEBUG_GCC5/X64/MdePkg/Library/BaseLib/BaseLib/OUTPUT/BaseLib.lib(SwapBytes32.obj)
                              (--whole-archive)
/home/hcj/UEFIWorkspace/Build/MdeModule/DEBUG_GCC5/X64/MdePkg/Library/BaseLib/BaseLib/OUTPUT/BaseLib.lib(SwapBytes16.obj)
                              (--whole-archive)
/home/hcj/UEFIWorkspace/Build/MdeModule/DEBUG_GCC5/X64/MdePkg/Library/BaseLib/BaseLib/OUTPUT/BaseLib.lib(LongJump.obj)
                              (--whole-archive)
/home/hcj/UEFIWorkspace/Build/MdeModule/DEBUG_GCC5/X64/MdePkg/Library/BaseLib/BaseLib/OUTPUT/BaseLib.lib(SetJump.obj)
                              (--whole-archive)
/home/hcj/UEFIWorkspace/Build/MdeModule/DEBUG_GCC5/X64/MdePkg/Library/BaseLib/BaseLib/OUTPUT/BaseLib.lib(QuickSort.obj)
                              (--whole-archive)
/home/hcj/UEFIWorkspace/Build/MdeModule/DEBUG_GCC5/X64/MdePkg/Library/BaseLib/BaseLib/OUTPUT/BaseLib.lib(RShiftU64.obj)
                              (--whole-archive)
/home/hcj/UEFIWorkspace/Build/MdeModule/DEBUG_GCC5/X64/MdePkg/Library/BaseLib/BaseLib/OUTPUT/BaseLib.lib(RRotU64.obj)
                              (--whole-archive)
/home/hcj/UEFIWorkspace/Build/MdeModule/DEBUG_GCC5/X64/MdePkg/Library/BaseLib/BaseLib/OUTPUT/BaseLib.lib(RRotU32.obj)
                              (--whole-archive)
/home/hcj/UEFIWorkspace/Build/MdeModule/DEBUG_GCC5/X64/MdePkg/Library/BaseLib/BaseLib/OUTPUT/BaseLib.lib(MultU64x64.obj)
                              (--whole-archive)
/home/hcj/UEFIWorkspace/Build/MdeModule/DEBUG_GCC5/X64/MdePkg/Library/BaseLib/BaseLib/OUTPUT/BaseLib.lib(MultU64x32.obj)
                              (--whole-archive)
/home/hcj/UEFIWorkspace/Build/MdeModule/DEBUG_GCC5/X64/MdePkg/Library/BaseLib/BaseLib/OUTPUT/BaseLib.lib(MultS64x64.obj)
                              (--whole-archive)
/home/hcj/UEFIWorkspace/Build/MdeModule/DEBUG_GCC5/X64/MdePkg/Library/BaseLib/BaseLib/OUTPUT/BaseLib.lib(ModU64x32.obj)
                              (--whole-archive)
/home/hcj/UEFIWorkspace/Build/MdeModule/DEBUG_GCC5/X64/MdePkg/Library/BaseLib/BaseLib/OUTPUT/BaseLib.lib(LShiftU64.obj)
                              (--whole-archive)
/home/hcj/UEFIWorkspace/Build/MdeModule/DEBUG_GCC5/X64/MdePkg/Library/BaseLib/BaseLib/OUTPUT/BaseLib.lib(LRotU64.obj)
                              (--whole-archive)
/home/hcj/UEFIWorkspace/Build/MdeModule/DEBUG_GCC5/X64/MdePkg/Library/BaseLib/BaseLib/OUTPUT/BaseLib.lib(LRotU32.obj)
                              (--whole-archive)
/home/hcj/UEFIWorkspace/Build/MdeModule/DEBUG_GCC5/X64/MdePkg/Library/BaseLib/BaseLib/OUTPUT/BaseLib.lib(LowBitSet64.obj)
                              (--whole-archive)
/home/hcj/UEFIWorkspace/Build/MdeModule/DEBUG_GCC5/X64/MdePkg/Library/BaseLib/BaseLib/OUTPUT/BaseLib.lib(LowBitSet32.obj)
                              (--whole-archive)
/home/hcj/UEFIWorkspace/Build/MdeModule/DEBUG_GCC5/X64/MdePkg/Library/BaseLib/BaseLib/OUTPUT/BaseLib.lib(HighBitSet64.obj)
                              (--whole-archive)
/home/hcj/UEFIWorkspace/Build/MdeModule/DEBUG_GCC5/X64/MdePkg/Library/BaseLib/BaseLib/OUTPUT/BaseLib.lib(HighBitSet32.obj)
                              (--whole-archive)
/home/hcj/UEFIWorkspace/Build/MdeModule/DEBUG_GCC5/X64/MdePkg/Library/BaseLib/BaseLib/OUTPUT/BaseLib.lib(GetPowerOfTwo64.obj)
                              (--whole-archive)
/home/hcj/UEFIWorkspace/Build/MdeModule/DEBUG_GCC5/X64/MdePkg/Library/BaseLib/BaseLib/OUTPUT/BaseLib.lib(GetPowerOfTwo32.obj)
                              (--whole-archive)
/home/hcj/UEFIWorkspace/Build/MdeModule/DEBUG_GCC5/X64/MdePkg/Library/BaseLib/BaseLib/OUTPUT/BaseLib.lib(DivU64x64Remainder.obj)
                              (--whole-archive)
/home/hcj/UEFIWorkspace/Build/MdeModule/DEBUG_GCC5/X64/MdePkg/Library/BaseLib/BaseLib/OUTPUT/BaseLib.lib(DivU64x32Remainder.obj)
                              (--whole-archive)
/home/hcj/UEFIWorkspace/Build/MdeModule/DEBUG_GCC5/X64/MdePkg/Library/BaseLib/BaseLib/OUTPUT/BaseLib.lib(DivU64x32.obj)
                              (--whole-archive)
/home/hcj/UEFIWorkspace/Build/MdeModule/DEBUG_GCC5/X64/MdePkg/Library/BaseLib/BaseLib/OUTPUT/BaseLib.lib(DivS64x64Remainder.obj)
                              (--whole-archive)
/home/hcj/UEFIWorkspace/Build/MdeModule/DEBUG_GCC5/X64/MdePkg/Library/BaseLib/BaseLib/OUTPUT/BaseLib.lib(ARShiftU64.obj)
                              (--whole-archive)
/home/hcj/UEFIWorkspace/Build/MdeModule/DEBUG_GCC5/X64/MdePkg/Library/BaseLib/BaseLib/OUTPUT/BaseLib.lib(BitField.obj)
                              (--whole-archive)
/home/hcj/UEFIWorkspace/Build/MdeModule/DEBUG_GCC5/X64/MdePkg/Library/BaseLib/BaseLib/OUTPUT/BaseLib.lib(CpuDeadLoop.obj)
                              (--whole-archive)
/home/hcj/UEFIWorkspace/Build/MdeModule/DEBUG_GCC5/X64/MdePkg/Library/BaseLib/BaseLib/OUTPUT/BaseLib.lib(Cpu.obj)
                              (--whole-archive)
/home/hcj/UEFIWorkspace/Build/MdeModule/DEBUG_GCC5/X64/MdePkg/Library/BaseLib/BaseLib/OUTPUT/BaseLib.lib(LinkedList.obj)
                              (--whole-archive)
/home/hcj/UEFIWorkspace/Build/MdeModule/DEBUG_GCC5/X64/MdePkg/Library/BaseLib/BaseLib/OUTPUT/BaseLib.lib(SafeString.obj)
                              (--whole-archive)
/home/hcj/UEFIWorkspace/Build/MdeModule/DEBUG_GCC5/X64/MdePkg/Library/BaseLib/BaseLib/OUTPUT/BaseLib.lib(String.obj)
                              (--whole-archive)
/home/hcj/UEFIWorkspace/Build/MdeModule/DEBUG_GCC5/X64/MdePkg/Library/BaseLib/BaseLib/OUTPUT/BaseLib.lib(FilePaths.obj)
                              (--whole-archive)
/home/hcj/UEFIWorkspace/Build/MdeModule/DEBUG_GCC5/X64/MdePkg/Library/BaseLib/BaseLib/OUTPUT/BaseLib.lib(Thunk16.obj)
                              (--whole-archive)
/home/hcj/UEFIWorkspace/Build/MdeModule/DEBUG_GCC5/X64/MdePkg/Library/BaseLib/BaseLib/OUTPUT/BaseLib.lib(CpuIdEx.obj)
                              (--whole-archive)
/home/hcj/UEFIWorkspace/Build/MdeModule/DEBUG_GCC5/X64/MdePkg/Library/BaseLib/BaseLib/OUTPUT/BaseLib.lib(CpuId.obj)
                              (--whole-archive)
/home/hcj/UEFIWorkspace/Build/MdeModule/DEBUG_GCC5/X64/MdePkg/Library/BaseLib/BaseLib/OUTPUT/BaseLib.lib(LongJump.obj)
                              (--whole-archive)
/home/hcj/UEFIWorkspace/Build/MdeModule/DEBUG_GCC5/X64/MdePkg/Library/BaseLib/BaseLib/OUTPUT/BaseLib.lib(SetJump.obj)
                              (--whole-archive)
/home/hcj/UEFIWorkspace/Build/MdeModule/DEBUG_GCC5/X64/MdePkg/Library/BaseLib/BaseLib/OUTPUT/BaseLib.lib(SwitchStack.obj)
                              (--whole-archive)
/home/hcj/UEFIWorkspace/Build/MdeModule/DEBUG_GCC5/X64/MdePkg/Library/BaseLib/BaseLib/OUTPUT/BaseLib.lib(EnableCache.obj)
                              (--whole-archive)
/home/hcj/UEFIWorkspace/Build/MdeModule/DEBUG_GCC5/X64/MdePkg/Library/BaseLib/BaseLib/OUTPUT/BaseLib.lib(DisableCache.obj)
                              (--whole-archive)
/home/hcj/UEFIWorkspace/Build/MdeModule/DEBUG_GCC5/X64/MdePkg/Library/BaseLib/BaseLib/OUTPUT/BaseLib.lib(WriteTr.obj)
                              (--whole-archive)
/home/hcj/UEFIWorkspace/Build/MdeModule/DEBUG_GCC5/X64/MdePkg/Library/BaseLib/BaseLib/OUTPUT/BaseLib.lib(Lfence.obj)
                              (--whole-archive)
/home/hcj/UEFIWorkspace/Build/MdeModule/DEBUG_GCC5/X64/MdePkg/Library/BaseLib/BaseLib/OUTPUT/BaseLib.lib(Non-existing.obj)
                              (--whole-archive)
/home/hcj/UEFIWorkspace/Build/MdeModule/DEBUG_GCC5/X64/MdePkg/Library/BaseLib/BaseLib/OUTPUT/BaseLib.lib(Math64.obj)
                              (--whole-archive)
/home/hcj/UEFIWorkspace/Build/MdeModule/DEBUG_GCC5/X64/MdePkg/Library/BaseLib/BaseLib/OUTPUT/BaseLib.lib(Unaligned.obj)
                              (--whole-archive)
/home/hcj/UEFIWorkspace/Build/MdeModule/DEBUG_GCC5/X64/MdePkg/Library/BaseLib/BaseLib/OUTPUT/BaseLib.lib(X86WriteIdtr.obj)
                              (--whole-archive)
/home/hcj/UEFIWorkspace/Build/MdeModule/DEBUG_GCC5/X64/MdePkg/Library/BaseLib/BaseLib/OUTPUT/BaseLib.lib(X86WriteGdtr.obj)
                              (--whole-archive)
/home/hcj/UEFIWorkspace/Build/MdeModule/DEBUG_GCC5/X64/MdePkg/Library/BaseLib/BaseLib/OUTPUT/BaseLib.lib(X86Thunk.obj)
                              (--whole-archive)
/home/hcj/UEFIWorkspace/Build/MdeModule/DEBUG_GCC5/X64/MdePkg/Library/BaseLib/BaseLib/OUTPUT/BaseLib.lib(X86ReadIdtr.obj)
                              (--whole-archive)
/home/hcj/UEFIWorkspace/Build/MdeModule/DEBUG_GCC5/X64/MdePkg/Library/BaseLib/BaseLib/OUTPUT/BaseLib.lib(X86ReadGdtr.obj)
                              (--whole-archive)
/home/hcj/UEFIWorkspace/Build/MdeModule/DEBUG_GCC5/X64/MdePkg/Library/BaseLib/BaseLib/OUTPUT/BaseLib.lib(X86Msr.obj)
                              (--whole-archive)
/home/hcj/UEFIWorkspace/Build/MdeModule/DEBUG_GCC5/X64/MdePkg/Library/BaseLib/BaseLib/OUTPUT/BaseLib.lib(X86GetInterruptState.obj)
                              (--whole-archive)
/home/hcj/UEFIWorkspace/Build/MdeModule/DEBUG_GCC5/X64/MdePkg/Library/BaseLib/BaseLib/OUTPUT/BaseLib.lib(X86FxSave.obj)
                              (--whole-archive)
/home/hcj/UEFIWorkspace/Build/MdeModule/DEBUG_GCC5/X64/MdePkg/Library/BaseLib/BaseLib/OUTPUT/BaseLib.lib(X86FxRestore.obj)
                              (--whole-archive)
/home/hcj/UEFIWorkspace/Build/MdeModule/DEBUG_GCC5/X64/MdePkg/Library/BaseLib/BaseLib/OUTPUT/BaseLib.lib(X86EnablePaging64.obj)
                              (--whole-archive)
/home/hcj/UEFIWorkspace/Build/MdeModule/DEBUG_GCC5/X64/MdePkg/Library/BaseLib/BaseLib/OUTPUT/BaseLib.lib(X86EnablePaging32.obj)
                              (--whole-archive)
/home/hcj/UEFIWorkspace/Build/MdeModule/DEBUG_GCC5/X64/MdePkg/Library/BaseLib/BaseLib/OUTPUT/BaseLib.lib(X86DisablePaging64.obj)
                              (--whole-archive)
/home/hcj/UEFIWorkspace/Build/MdeModule/DEBUG_GCC5/X64/MdePkg/Library/BaseLib/BaseLib/OUTPUT/BaseLib.lib(X86DisablePaging32.obj)
                              (--whole-archive)
/home/hcj/UEFIWorkspace/Build/MdeModule/DEBUG_GCC5/X64/MdePkg/Library/BaseLib/BaseLib/OUTPUT/BaseLib.lib(X86RdRand.obj)
                              (--whole-archive)
/home/hcj/UEFIWorkspace/Build/MdeModule/DEBUG_GCC5/X64/MdePkg/Library/BaseLib/BaseLib/OUTPUT/BaseLib.lib(X86PatchInstruction.obj)
                              (--whole-archive)
/home/hcj/UEFIWorkspace/Build/MdeModule/DEBUG_GCC5/X64/MdePkg/Library/BaseLib/BaseLib/OUTPUT/BaseLib.lib(X86SpeculationBarrier.obj)
                              (--whole-archive)
/home/hcj/UEFIWorkspace/Build/MdeModule/DEBUG_GCC5/X64/MdePkg/Library/BaseLib/BaseLib/OUTPUT/BaseLib.lib(GccInline.obj)
                              (--whole-archive)
/home/hcj/UEFIWorkspace/Build/MdeModule/DEBUG_GCC5/X64/MdePkg/Library/BaseLib/BaseLib/OUTPUT/BaseLib.lib(GccInlinePriv.obj)
                              (--whole-archive)
/home/hcj/UEFIWorkspace/Build/MdeModule/DEBUG_GCC5/X64/MdePkg/Library/BaseLib/BaseLib/OUTPUT/BaseLib.lib(EnableDisableInterrupts.obj)
                              (--whole-archive)
/home/hcj/UEFIWorkspace/Build/MdeModule/DEBUG_GCC5/X64/MdePkg/Library/BaseLib/BaseLib/OUTPUT/BaseLib.lib(DisablePaging64.obj)
                              (--whole-archive)
/home/hcj/UEFIWorkspace/Build/MdeModule/DEBUG_GCC5/X64/MdePkg/Library/BaseLib/BaseLib/OUTPUT/BaseLib.lib(Pvalidate.obj)
                              (--whole-archive)
/home/hcj/UEFIWorkspace/Build/MdeModule/DEBUG_GCC5/X64/MdePkg/Library/BaseLib/BaseLib/OUTPUT/BaseLib.lib(RdRand.obj)
                              (--whole-archive)
/home/hcj/UEFIWorkspace/Build/MdeModule/DEBUG_GCC5/X64/MdePkg/Library/BaseLib/BaseLib/OUTPUT/BaseLib.lib(RmpAdjust.obj)
                              (--whole-archive)
/home/hcj/UEFIWorkspace/Build/MdeModule/DEBUG_GCC5/X64/MdePkg/Library/BaseLib/BaseLib/OUTPUT/BaseLib.lib(XGetBv.obj)
                              (--whole-archive)
/home/hcj/UEFIWorkspace/Build/MdeModule/DEBUG_GCC5/X64/MdePkg/Library/BaseLib/BaseLib/OUTPUT/BaseLib.lib(XSetBv.obj)
                              (--whole-archive)
/home/hcj/UEFIWorkspace/Build/MdeModule/DEBUG_GCC5/X64/MdePkg/Library/BaseLib/BaseLib/OUTPUT/BaseLib.lib(VmgExit.obj)
                              (--whole-archive)
/home/hcj/UEFIWorkspace/Build/MdeModule/DEBUG_GCC5/X64/MdePkg/Library/BaseLib/BaseLib/OUTPUT/BaseLib.lib(ChkStkGcc.obj)
                              (--whole-archive)
/home/hcj/UEFIWorkspace/Build/MdeModule/DEBUG_GCC5/X64/MdePkg/Library/BasePcdLibNull/BasePcdLibNull/OUTPUT/BasePcdLibNull.lib(PcdLib.obj)
                              (--whole-archive)
/home/hcj/UEFIWorkspace/Build/MdeModule/DEBUG_GCC5/X64/MdePkg/Library/BaseDebugLibNull/BaseDebugLibNull/OUTPUT/BaseDebugLibNull.lib(DebugLib.obj)
                              (--whole-archive)
/home/hcj/UEFIWorkspace/Build/MdeModule/DEBUG_GCC5/X64/MdePkg/Library/BaseMemoryLib/BaseMemoryLib/OUTPUT/BaseMemoryLib.lib(SetMem.obj)
                              (--whole-archive)
/home/hcj/UEFIWorkspace/Build/MdeModule/DEBUG_GCC5/X64/MdePkg/Library/BaseMemoryLib/BaseMemoryLib/OUTPUT/BaseMemoryLib.lib(ScanMem64Wrapper.obj)
                              (--whole-archive)
/home/hcj/UEFIWorkspace/Build/MdeModule/DEBUG_GCC5/X64/MdePkg/Library/BaseMemoryLib/BaseMemoryLib/OUTPUT/BaseMemoryLib.lib(ScanMem32Wrapper.obj)
                              (--whole-archive)
/home/hcj/UEFIWorkspace/Build/MdeModule/DEBUG_GCC5/X64/MdePkg/Library/BaseMemoryLib/BaseMemoryLib/OUTPUT/BaseMemoryLib.lib(ScanMem16Wrapper.obj)
                              (--whole-archive)
/home/hcj/UEFIWorkspace/Build/MdeModule/DEBUG_GCC5/X64/MdePkg/Library/BaseMemoryLib/BaseMemoryLib/OUTPUT/BaseMemoryLib.lib(ScanMem8Wrapper.obj)
                              (--whole-archive)
/home/hcj/UEFIWorkspace/Build/MdeModule/DEBUG_GCC5/X64/MdePkg/Library/BaseMemoryLib/BaseMemoryLib/OUTPUT/BaseMemoryLib.lib(ZeroMemWrapper.obj)
                              (--whole-archive)
/home/hcj/UEFIWorkspace/Build/MdeModule/DEBUG_GCC5/X64/MdePkg/Library/BaseMemoryLib/BaseMemoryLib/OUTPUT/BaseMemoryLib.lib(CompareMemWrapper.obj)
                              (--whole-archive)
/home/hcj/UEFIWorkspace/Build/MdeModule/DEBUG_GCC5/X64/MdePkg/Library/BaseMemoryLib/BaseMemoryLib/OUTPUT/BaseMemoryLib.lib(SetMem64Wrapper.obj)
                              (--whole-archive)
/home/hcj/UEFIWorkspace/Build/MdeModule/DEBUG_GCC5/X64/MdePkg/Library/BaseMemoryLib/BaseMemoryLib/OUTPUT/BaseMemoryLib.lib(SetMem32Wrapper.obj)
                              (--whole-archive)
/home/hcj/UEFIWorkspace/Build/MdeModule/DEBUG_GCC5/X64/MdePkg/Library/BaseMemoryLib/BaseMemoryLib/OUTPUT/BaseMemoryLib.lib(SetMem16Wrapper.obj)
                              (--whole-archive)
/home/hcj/UEFIWorkspace/Build/MdeModule/DEBUG_GCC5/X64/MdePkg/Library/BaseMemoryLib/BaseMemoryLib/OUTPUT/BaseMemoryLib.lib(SetMemWrapper.obj)
                              (--whole-archive)
/home/hcj/UEFIWorkspace/Build/MdeModule/DEBUG_GCC5/X64/MdePkg/Library/BaseMemoryLib/BaseMemoryLib/OUTPUT/BaseMemoryLib.lib(CopyMemWrapper.obj)
                              (--whole-archive)
/home/hcj/UEFIWorkspace/Build/MdeModule/DEBUG_GCC5/X64/MdePkg/Library/BaseMemoryLib/BaseMemoryLib/OUTPUT/BaseMemoryLib.lib(IsZeroBufferWrapper.obj)
                              (--whole-archive)
/home/hcj/UEFIWorkspace/Build/MdeModule/DEBUG_GCC5/X64/MdePkg/Library/BaseMemoryLib/BaseMemoryLib/OUTPUT/BaseMemoryLib.lib(MemLibGeneric.obj)
                              (--whole-archive)
/home/hcj/UEFIWorkspace/Build/MdeModule/DEBUG_GCC5/X64/MdePkg/Library/BaseMemoryLib/BaseMemoryLib/OUTPUT/BaseMemoryLib.lib(MemLibGuid.obj)
                              (--whole-archive)
/home/hcj/UEFIWorkspace/Build/MdeModule/DEBUG_GCC5/X64/MdePkg/Library/BaseMemoryLib/BaseMemoryLib/OUTPUT/BaseMemoryLib.lib(CopyMem.obj)
                              (--whole-archive)
/home/hcj/UEFIWorkspace/Build/MdeModule/DEBUG_GCC5/X64/MdePkg/Library/UefiBootServicesTableLib/UefiBootServicesTableLib/OUTPUT/UefiBootServicesTableLib.lib(UefiBootServicesTableLib.obj)
                              (--whole-archive)
/home/hcj/UEFIWorkspace/Build/MdeModule/DEBUG_GCC5/X64/MdePkg/Library/BasePrintLib/BasePrintLib/OUTPUT/BasePrintLib.lib(PrintLibInternal.obj)
                              (--whole-archive)
/home/hcj/UEFIWorkspace/Build/MdeModule/DEBUG_GCC5/X64/MdePkg/Library/BasePrintLib/BasePrintLib/OUTPUT/BasePrintLib.lib(PrintLib.obj)
                              (--whole-archive)
/home/hcj/UEFIWorkspace/Build/MdeModule/DEBUG_GCC5/X64/MdePkg/Library/UefiMemoryAllocationLib/UefiMemoryAllocationLib/OUTPUT/UefiMemoryAllocationLib.lib(MemoryAllocationLib.obj)
                              (--whole-archive)
/home/hcj/UEFIWorkspace/Build/MdeModule/DEBUG_GCC5/X64/MdePkg/Library/UefiRuntimeServicesTableLib/UefiRuntimeServicesTableLib/OUTPUT/UefiRuntimeServicesTableLib.lib(UefiRuntimeServicesTableLib.obj)
                              (--whole-archive)
/home/hcj/UEFIWorkspace/Build/MdeModule/DEBUG_GCC5/X64/MdePkg/Library/UefiDevicePathLib/UefiDevicePathLib/OUTPUT/UefiDevicePathLib.lib(DevicePathUtilities.obj)
                              (--whole-archive)
/home/hcj/UEFIWorkspace/Build/MdeModule/DEBUG_GCC5/X64/MdePkg/Library/UefiDevicePathLib/UefiDevicePathLib/OUTPUT/UefiDevicePathLib.lib(DevicePathUtilitiesDxeSmm.obj)
                              (--whole-archive)
/home/hcj/UEFIWorkspace/Build/MdeModule/DEBUG_GCC5/X64/MdePkg/Library/UefiDevicePathLib/UefiDevicePathLib/OUTPUT/UefiDevicePathLib.lib(DevicePathToText.obj)
                              (--whole-archive)
/home/hcj/UEFIWorkspace/Build/MdeModule/DEBUG_GCC5/X64/MdePkg/Library/UefiDevicePathLib/UefiDevicePathLib/OUTPUT/UefiDevicePathLib.lib(DevicePathFromText.obj)
                              (--whole-archive)
/home/hcj/UEFIWorkspace/Build/MdeModule/DEBUG_GCC5/X64/MdePkg/Library/UefiDevicePathLib/UefiDevicePathLib/OUTPUT/UefiDevicePathLib.lib(UefiDevicePathLib.obj)
                              (--whole-archive)
/home/hcj/UEFIWorkspace/Build/MdeModule/DEBUG_GCC5/X64/MdePkg/Library/UefiLib/UefiLib/OUTPUT/UefiLib.lib(UefiLibPrint.obj)
                              (--whole-archive)
/home/hcj/UEFIWorkspace/Build/MdeModule/DEBUG_GCC5/X64/MdePkg/Library/UefiLib/UefiLib/OUTPUT/UefiLib.lib(UefiNotTiano.obj)
                              (--whole-archive)
/home/hcj/UEFIWorkspace/Build/MdeModule/DEBUG_GCC5/X64/MdePkg/Library/UefiLib/UefiLib/OUTPUT/UefiLib.lib(UefiDriverModel.obj)
                              (--whole-archive)
/home/hcj/UEFIWorkspace/Build/MdeModule/DEBUG_GCC5/X64/MdePkg/Library/UefiLib/UefiLib/OUTPUT/UefiLib.lib(Console.obj)
                              (--whole-archive)
/home/hcj/UEFIWorkspace/Build/MdeModule/DEBUG_GCC5/X64/MdePkg/Library/UefiLib/UefiLib/OUTPUT/UefiLib.lib(UefiLib.obj)
                              (--whole-archive)
/home/hcj/UEFIWorkspace/Build/MdeModule/DEBUG_GCC5/X64/MdePkg/Library/UefiLib/UefiLib/OUTPUT/UefiLib.lib(Acpi.obj)
                              (--whole-archive)
/home/hcj/UEFIWorkspace/Build/MdeModule/DEBUG_GCC5/X64/MdeModulePkg/Library/UefiHiiServicesLib/UefiHiiServicesLib/OUTPUT/UefiHiiServicesLib.lib(UefiHiiServicesLib.obj)
                              (--whole-archive)
/home/hcj/UEFIWorkspace/Build/MdeModule/DEBUG_GCC5/X64/MdePkg/Library/DxeHobLib/DxeHobLib/OUTPUT/DxeHobLib.lib(HobLib.obj)
                              (--whole-archive)
/home/hcj/UEFIWorkspace/Build/MdeModule/DEBUG_GCC5/X64/MdeModulePkg/Library/BaseSortLib/BaseSortLib/OUTPUT/BaseSortLib.lib(BaseSortLib.obj)
                              (--whole-archive)
/home/hcj/UEFIWorkspace/Build/MdeModule/DEBUG_GCC5/X64/MdeModulePkg/Library/UefiHiiLib/UefiHiiLib/OUTPUT/UefiHiiLib.lib(HiiLib.obj)
                              (--whole-archive)
/home/hcj/UEFIWorkspace/Build/MdeModule/DEBUG_GCC5/X64/MdeModulePkg/Library/UefiHiiLib/UefiHiiLib/OUTPUT/UefiHiiLib.lib(HiiString.obj)
                              (--whole-archive)
/home/hcj/UEFIWorkspace/Build/MdeModule/DEBUG_GCC5/X64/MdeModulePkg/Library/UefiHiiLib/UefiHiiLib/OUTPUT/UefiHiiLib.lib(HiiLanguage.obj)
                              (--whole-archive)
/home/hcj/UEFIWorkspace/Build/MdeModule/DEBUG_GCC5/X64/MdePkg/Library/BaseReportStatusCodeLibNull/BaseReportStatusCodeLibNull/OUTPUT/BaseReportStatusCodeLibNull.lib(BaseReportStatusCodeLib.obj)
                              (--whole-archive)
/home/hcj/UEFIWorkspace/Build/MdeModule/DEBUG_GCC5/X64/MdePkg/Library/DxeServicesLib/DxeServicesLib/OUTPUT/DxeServicesLib.lib(DxeServicesLib.obj)
                              (--whole-archive)
/home/hcj/UEFIWorkspace/Build/MdeModule/DEBUG_GCC5/X64/MdePkg/Library/DxeServicesLib/DxeServicesLib/OUTPUT/DxeServicesLib.lib(Allocate.obj)
                              (--whole-archive)
/home/hcj/UEFIWorkspace/Build/MdeModule/DEBUG_GCC5/X64/MdePkg/Library/DxeServicesTableLib/DxeServicesTableLib/OUTPUT/DxeServicesTableLib.lib(DxeServicesTableLib.obj)
                              (--whole-archive)
/home/hcj/UEFIWorkspace/Build/MdeModule/DEBUG_GCC5/X64/MdePkg/Library/BasePeCoffGetEntryPointLib/BasePeCoffGetEntryPointLib/OUTPUT/BasePeCoffGetEntryPointLib.lib(PeCoffGetEntryPoint.obj)
                              (--whole-archive)
/home/hcj/UEFIWorkspace/Build/MdeModule/DEBUG_GCC5/X64/MdePkg/Library/BasePerformanceLibNull/BasePerformanceLibNull/OUTPUT/BasePerformanceLibNull.lib(PerformanceLib.obj)
                              (--whole-archive)
/home/hcj/UEFIWorkspace/Build/MdeModule/DEBUG_GCC5/X64/MdePkg/Library/UefiDriverEntryPoint/UefiDriverEntryPoint/OUTPUT/UefiDriverEntryPoint.lib(DriverEntryPoint.obj)
                              (--whole-archive)
/home/hcj/UEFIWorkspace/Build/MdeModule/DEBUG_GCC5/X64/MdeModulePkg/Library/UefiBootManagerLib/UefiBootManagerLib/OUTPUT/UefiBootManagerLib.lib(BmConnect.obj)
                              (--whole-archive)
/home/hcj/UEFIWorkspace/Build/MdeModule/DEBUG_GCC5/X64/MdeModulePkg/Library/UefiBootManagerLib/UefiBootManagerLib/OUTPUT/UefiBootManagerLib.lib(BmMisc.obj)
                              (--whole-archive)
/home/hcj/UEFIWorkspace/Build/MdeModule/DEBUG_GCC5/X64/MdeModulePkg/Library/UefiBootManagerLib/UefiBootManagerLib/OUTPUT/UefiBootManagerLib.lib(BmConsole.obj)
                              (--whole-archive)
/home/hcj/UEFIWorkspace/Build/MdeModule/DEBUG_GCC5/X64/MdeModulePkg/Library/UefiBootManagerLib/UefiBootManagerLib/OUTPUT/UefiBootManagerLib.lib(BmBoot.obj)
                              (--whole-archive)
/home/hcj/UEFIWorkspace/Build/MdeModule/DEBUG_GCC5/X64/MdeModulePkg/Library/UefiBootManagerLib/UefiBootManagerLib/OUTPUT/UefiBootManagerLib.lib(BmBootDescription.obj)
                              (--whole-archive)
/home/hcj/UEFIWorkspace/Build/MdeModule/DEBUG_GCC5/X64/MdeModulePkg/Library/UefiBootManagerLib/UefiBootManagerLib/OUTPUT/UefiBootManagerLib.lib(BmLoadOption.obj)
                              (--whole-archive)
/home/hcj/UEFIWorkspace/Build/MdeModule/DEBUG_GCC5/X64/MdeModulePkg/Library/UefiBootManagerLib/UefiBootManagerLib/OUTPUT/UefiBootManagerLib.lib(BmHotkey.obj)
                              (--whole-archive)
/home/hcj/UEFIWorkspace/Build/MdeModule/DEBUG_GCC5/X64/MdeModulePkg/Library/UefiBootManagerLib/UefiBootManagerLib/OUTPUT/UefiBootManagerLib.lib(BmDriverHealth.obj)
                              (--whole-archive)

Discarded input sections

 .text          0x0000000000000000        0x0 /tmp/ccpKmfXO.ltrans0.ltrans.o
 .data          0x0000000000000000        0x0 /tmp/ccpKmfXO.ltrans0.ltrans.o
 .bss           0x0000000000000000        0x0 /tmp/ccpKmfXO.ltrans0.ltrans.o
 .text.unlikely._DriverUnloadHandler
                0x0000000000000000        0x0 /tmp/ccpKmfXO.ltrans0.ltrans.o
 .text._DriverUnloadHandler
                0x0000000000000000        0x3 /tmp/ccpKmfXO.ltrans0.ltrans.o
 .text.unlikely.BmUpdateSystemTableConsole
                0x0000000000000000        0x0 /tmp/ccpKmfXO.ltrans0.ltrans.o
 .text.unlikely.EfiBootManagerConnectAllDefaultConsoles
                0x0000000000000000        0x0 /tmp/ccpKmfXO.ltrans0.ltrans.o
 .text.unlikely.BmConnectAllDriversToAllControllers
                0x0000000000000000        0x0 /tmp/ccpKmfXO.ltrans0.ltrans.o
 .text.unlikely._ModuleEntryPoint
                0x0000000000000000        0x0 /tmp/ccpKmfXO.ltrans0.ltrans.o
 .text.unlikely.EfiGetCurrentTpl
                0x0000000000000000        0x0 /tmp/ccpKmfXO.ltrans0.ltrans.o
 .text.unlikely.EfiBootManagerConnectDevicePath.part.0.lto_priv.14
                0x0000000000000000        0x0 /tmp/ccpKmfXO.ltrans0.ltrans.o
 .comment       0x0000000000000000       0x2e /tmp/ccpKmfXO.ltrans0.ltrans.o
 .note.GNU-stack
                0x0000000000000000        0x0 /tmp/ccpKmfXO.ltrans0.ltrans.o
 .text          0x0000000000000000        0x0 /tmp/ccpKmfXO.ltrans1.ltrans.o
 .data          0x0000000000000000        0x0 /tmp/ccpKmfXO.ltrans1.ltrans.o
 .bss           0x0000000000000000        0x0 /tmp/ccpKmfXO.ltrans1.ltrans.o
 .text.unlikely.CopyMem.part.0
                0x0000000000000000        0x0 /tmp/ccpKmfXO.ltrans1.ltrans.o
 .text.unlikely.BootManagerPolicyConnectDevicePath
                0x0000000000000000        0x0 /tmp/ccpKmfXO.ltrans1.ltrans.o
 .text.unlikely.SetDevicePathEndNode
                0x0000000000000000        0x0 /tmp/ccpKmfXO.ltrans1.ltrans.o
 .text.unlikely.DevicePathNodeLength
                0x0000000000000000        0x0 /tmp/ccpKmfXO.ltrans1.ltrans.o
 .text.unlikely.NextDevicePathNode
                0x0000000000000000        0x0 /tmp/ccpKmfXO.ltrans1.ltrans.o
 .text.unlikely.DevicePathSubType
                0x0000000000000000        0x0 /tmp/ccpKmfXO.ltrans1.ltrans.o
 .text.unlikely.DevicePathType
                0x0000000000000000        0x0 /tmp/ccpKmfXO.ltrans1.ltrans.o
 .text.unlikely.IsDevicePathEndType
                0x0000000000000000        0x0 /tmp/ccpKmfXO.ltrans1.ltrans.o
 .text.unlikely.IsDevicePathEnd
                0x0000000000000000        0x0 /tmp/ccpKmfXO.ltrans1.ltrans.o
 .text.unlikely.UefiDevicePathLibGetDevicePathSize
                0x0000000000000000        0x0 /tmp/ccpKmfXO.ltrans1.ltrans.o
 .text.unlikely.UefiDevicePathLibDuplicateDevicePath
                0x0000000000000000        0x0 /tmp/ccpKmfXO.ltrans1.ltrans.o
 .text.unlikely.UefiDevicePathLibGetNextDevicePathInstance
                0x0000000000000000        0x0 /tmp/ccpKmfXO.ltrans1.ltrans.o
 .text.unlikely.UefiDevicePathLibAppendDevicePathInstance
                0x0000000000000000        0x0 /tmp/ccpKmfXO.ltrans1.ltrans.o
 .text.unlikely.FreePool
                0x0000000000000000        0x0 /tmp/ccpKmfXO.ltrans1.ltrans.o
 .text.unlikely.ConnectAllAndCreateNetworkDeviceList
                0x0000000000000000        0x0 /tmp/ccpKmfXO.ltrans1.ltrans.o
 .text.unlikely.CompareGuid
                0x0000000000000000        0x0 /tmp/ccpKmfXO.ltrans1.ltrans.o
 .text.unlikely.EfiGetSystemConfigurationTable
                0x0000000000000000        0x0 /tmp/ccpKmfXO.ltrans1.ltrans.o
 .text.unlikely.BootManagerPolicyConnectDeviceClass
                0x0000000000000000        0x0 /tmp/ccpKmfXO.ltrans1.ltrans.o
 .text.unlikely.InternalAssertJumpBuffer
                0x0000000000000000        0x0 /tmp/ccpKmfXO.ltrans1.ltrans.o
 .text.InternalAssertJumpBuffer
                0x0000000000000000        0x1 /tmp/ccpKmfXO.ltrans1.ltrans.o
 .comment       0x0000000000000000       0x2e /tmp/ccpKmfXO.ltrans1.ltrans.o
 .note.GNU-stack
                0x0000000000000000        0x0 /tmp/ccpKmfXO.ltrans1.ltrans.o
 .text          0x0000000000000000        0x0 /tmp/ccpKmfXO.ltrans2.ltrans.o
 .data          0x0000000000000000        0x0 /tmp/ccpKmfXO.ltrans2.ltrans.o
 .bss           0x0000000000000000        0x0 /tmp/ccpKmfXO.ltrans2.ltrans.o
 .text.unlikely.InternalAllocatePool.constprop.11
                0x0000000000000000        0x0 /tmp/ccpKmfXO.ltrans2.ltrans.o
 .text.unlikely.IsDevicePathValid.part.0.constprop.9
                0x0000000000000000        0x0 /tmp/ccpKmfXO.ltrans2.ltrans.o
 .text.unlikely.GetVariable2.constprop.7
                0x0000000000000000        0x0 /tmp/ccpKmfXO.ltrans2.ltrans.o
 .text.unlikely.LogPerformanceMeasurementEnabled.constprop.4
                0x0000000000000000        0x0 /tmp/ccpKmfXO.ltrans2.ltrans.o
 .text.LogPerformanceMeasurementEnabled.constprop.4
                0x0000000000000000        0x3 /tmp/ccpKmfXO.ltrans2.ltrans.o
 .text.unlikely.EfiBootManagerConnectConsoleVariable.part.1.lto_priv.15
                0x0000000000000000        0x0 /tmp/ccpKmfXO.ltrans2.ltrans.o
 .rodata._gDriverUnloadImageCount
                0x0000000000000000        0x1 /tmp/ccpKmfXO.ltrans2.ltrans.o
 .rodata._gUefiDriverRevision
                0x0000000000000000        0x4 /tmp/ccpKmfXO.ltrans2.ltrans.o
 .comment       0x0000000000000000       0x2e /tmp/ccpKmfXO.ltrans2.ltrans.o
 .note.GNU-stack
                0x0000000000000000        0x0 /tmp/ccpKmfXO.ltrans2.ltrans.o
 .text          0x0000000000000000      0x204 /home/hcj/UEFIWorkspace/Build/MdeModule/DEBUG_GCC5/X64/MdePkg/Library/BaseLib/BaseLib/OUTPUT/BaseLib.lib(Thunk16.obj)
 .data          0x0000000000000000        0xa /home/hcj/UEFIWorkspace/Build/MdeModule/DEBUG_GCC5/X64/MdePkg/Library/BaseLib/BaseLib/OUTPUT/BaseLib.lib(Thunk16.obj)
 .text          0x0000000000000000       0x2f /home/hcj/UEFIWorkspace/Build/MdeModule/DEBUG_GCC5/X64/MdePkg/Library/BaseLib/BaseLib/OUTPUT/BaseLib.lib(CpuIdEx.obj)
 .text          0x0000000000000000       0x27 /home/hcj/UEFIWorkspace/Build/MdeModule/DEBUG_GCC5/X64/MdePkg/Library/BaseLib/BaseLib/OUTPUT/BaseLib.lib(CpuId.obj)
 .text          0x0000000000000000       0xac /home/hcj/UEFIWorkspace/Build/MdeModule/DEBUG_GCC5/X64/MdePkg/Library/BaseLib/BaseLib/OUTPUT/BaseLib.lib(LongJump.obj)
 .text          0x0000000000000000       0xc2 /home/hcj/UEFIWorkspace/Build/MdeModule/DEBUG_GCC5/X64/MdePkg/Library/BaseLib/BaseLib/OUTPUT/BaseLib.lib(SetJump.obj)
 .text          0x0000000000000000        0xf /home/hcj/UEFIWorkspace/Build/MdeModule/DEBUG_GCC5/X64/MdePkg/Library/BaseLib/BaseLib/OUTPUT/BaseLib.lib(SwitchStack.obj)
 .text          0x0000000000000000       0x13 /home/hcj/UEFIWorkspace/Build/MdeModule/DEBUG_GCC5/X64/MdePkg/Library/BaseLib/BaseLib/OUTPUT/BaseLib.lib(EnableCache.obj)
 .text          0x0000000000000000       0x13 /home/hcj/UEFIWorkspace/Build/MdeModule/DEBUG_GCC5/X64/MdePkg/Library/BaseLib/BaseLib/OUTPUT/BaseLib.lib(DisableCache.obj)
 .text          0x0000000000000000        0x6 /home/hcj/UEFIWorkspace/Build/MdeModule/DEBUG_GCC5/X64/MdePkg/Library/BaseLib/BaseLib/OUTPUT/BaseLib.lib(WriteTr.obj)
 .text          0x0000000000000000        0x4 /home/hcj/UEFIWorkspace/Build/MdeModule/DEBUG_GCC5/X64/MdePkg/Library/BaseLib/BaseLib/OUTPUT/BaseLib.lib(Lfence.obj)
 .text          0x0000000000000000        0x3 /home/hcj/UEFIWorkspace/Build/MdeModule/DEBUG_GCC5/X64/MdePkg/Library/BaseLib/BaseLib/OUTPUT/BaseLib.lib(EnableDisableInterrupts.obj)
 .text          0x0000000000000000       0x61 /home/hcj/UEFIWorkspace/Build/MdeModule/DEBUG_GCC5/X64/MdePkg/Library/BaseLib/BaseLib/OUTPUT/BaseLib.lib(DisablePaging64.obj)
 .text          0x0000000000000000       0x1b /home/hcj/UEFIWorkspace/Build/MdeModule/DEBUG_GCC5/X64/MdePkg/Library/BaseLib/BaseLib/OUTPUT/BaseLib.lib(Pvalidate.obj)
 .text          0x0000000000000000       0x36 /home/hcj/UEFIWorkspace/Build/MdeModule/DEBUG_GCC5/X64/MdePkg/Library/BaseLib/BaseLib/OUTPUT/BaseLib.lib(RdRand.obj)
 .text          0x0000000000000000        0xe /home/hcj/UEFIWorkspace/Build/MdeModule/DEBUG_GCC5/X64/MdePkg/Library/BaseLib/BaseLib/OUTPUT/BaseLib.lib(RmpAdjust.obj)
 .text          0x0000000000000000        0xb /home/hcj/UEFIWorkspace/Build/MdeModule/DEBUG_GCC5/X64/MdePkg/Library/BaseLib/BaseLib/OUTPUT/BaseLib.lib(XGetBv.obj)
 .text          0x0000000000000000        0xb /home/hcj/UEFIWorkspace/Build/MdeModule/DEBUG_GCC5/X64/MdePkg/Library/BaseLib/BaseLib/OUTPUT/BaseLib.lib(XSetBv.obj)
 .text          0x0000000000000000        0x5 /home/hcj/UEFIWorkspace/Build/MdeModule/DEBUG_GCC5/X64/MdePkg/Library/BaseLib/BaseLib/OUTPUT/BaseLib.lib(VmgExit.obj)

Memory Configuration

Name             Origin             Length             Attributes
*default*        0x0000000000000000 0xffffffffffffffff

Linker script and memory map

LOAD /tmp/ccpKmfXO.ltrans0.ltrans.o
LOAD /tmp/ccpKmfXO.ltrans1.ltrans.o
LOAD /tmp/ccpKmfXO.ltrans2.ltrans.o
START GROUP
LOAD /home/hcj/UEFIWorkspace/Build/MdeModule/DEBUG_GCC5/X64/MdeModulePkg/Universal/BootManagerPolicyDxe/BootManagerPolicyDxe/OUTPUT/BootManagerPolicyDxe.lib
LOAD /home/hcj/UEFIWorkspace/Build/MdeModule/DEBUG_GCC5/X64/MdePkg/Library/RegisterFilterLibNull/RegisterFilterLibNull/OUTPUT/FilterLibNull.lib
LOAD /home/hcj/UEFIWorkspace/Build/MdeModule/DEBUG_GCC5/X64/MdePkg/Library/BaseLib/BaseLib/OUTPUT/BaseLib.lib
LOAD /home/hcj/UEFIWorkspace/Build/MdeModule/DEBUG_GCC5/X64/MdePkg/Library/BasePcdLibNull/BasePcdLibNull/OUTPUT/BasePcdLibNull.lib
LOAD /home/hcj/UEFIWorkspace/Build/MdeModule/DEBUG_GCC5/X64/MdePkg/Library/BaseDebugLibNull/BaseDebugLibNull/OUTPUT/BaseDebugLibNull.lib
LOAD /home/hcj/UEFIWorkspace/Build/MdeModule/DEBUG_GCC5/X64/MdePkg/Library/BaseMemoryLib/BaseMemoryLib/OUTPUT/BaseMemoryLib.lib
LOAD /home/hcj/UEFIWorkspace/Build/MdeModule/DEBUG_GCC5/X64/MdePkg/Library/UefiBootServicesTableLib/UefiBootServicesTableLib/OUTPUT/UefiBootServicesTableLib.lib
LOAD /home/hcj/UEFIWorkspace/Build/MdeModule/DEBUG_GCC5/X64/MdePkg/Library/BasePrintLib/BasePrintLib/OUTPUT/BasePrintLib.lib
LOAD /home/hcj/UEFIWorkspace/Build/MdeModule/DEBUG_GCC5/X64/MdePkg/Library/UefiMemoryAllocationLib/UefiMemoryAllocationLib/OUTPUT/UefiMemoryAllocationLib.lib
LOAD /home/hcj/UEFIWorkspace/Build/MdeModule/DEBUG_GCC5/X64/MdePkg/Library/UefiRuntimeServicesTableLib/UefiRuntimeServicesTableLib/OUTPUT/UefiRuntimeServicesTableLib.lib
LOAD /home/hcj/UEFIWorkspace/Build/MdeModule/DEBUG_GCC5/X64/MdePkg/Library/UefiDevicePathLib/UefiDevicePathLib/OUTPUT/UefiDevicePathLib.lib
LOAD /home/hcj/UEFIWorkspace/Build/MdeModule/DEBUG_GCC5/X64/MdePkg/Library/UefiLib/UefiLib/OUTPUT/UefiLib.lib
LOAD /home/hcj/UEFIWorkspace/Build/MdeModule/DEBUG_GCC5/X64/MdeModulePkg/Library/UefiHiiServicesLib/UefiHiiServicesLib/OUTPUT/UefiHiiServicesLib.lib
LOAD /home/hcj/UEFIWorkspace/Build/MdeModule/DEBUG_GCC5/X64/MdePkg/Library/DxeHobLib/DxeHobLib/OUTPUT/DxeHobLib.lib
LOAD /home/hcj/UEFIWorkspace/Build/MdeModule/DEBUG_GCC5/X64/MdeModulePkg/Library/BaseSortLib/BaseSortLib/OUTPUT/BaseSortLib.lib
LOAD /home/hcj/UEFIWorkspace/Build/MdeModule/DEBUG_GCC5/X64/MdeModulePkg/Library/UefiHiiLib/UefiHiiLib/OUTPUT/UefiHiiLib.lib
LOAD /home/hcj/UEFIWorkspace/Build/MdeModule/DEBUG_GCC5/X64/MdePkg/Library/BaseReportStatusCodeLibNull/BaseReportStatusCodeLibNull/OUTPUT/BaseReportStatusCodeLibNull.lib
LOAD /home/hcj/UEFIWorkspace/Build/MdeModule/DEBUG_GCC5/X64/MdePkg/Library/DxeServicesLib/DxeServicesLib/OUTPUT/DxeServicesLib.lib
LOAD /home/hcj/UEFIWorkspace/Build/MdeModule/DEBUG_GCC5/X64/MdePkg/Library/DxeServicesTableLib/DxeServicesTableLib/OUTPUT/DxeServicesTableLib.lib
LOAD /home/hcj/UEFIWorkspace/Build/MdeModule/DEBUG_GCC5/X64/MdePkg/Library/BasePeCoffGetEntryPointLib/BasePeCoffGetEntryPointLib/OUTPUT/BasePeCoffGetEntryPointLib.lib
LOAD /home/hcj/UEFIWorkspace/Build/MdeModule/DEBUG_GCC5/X64/MdePkg/Library/BasePerformanceLibNull/BasePerformanceLibNull/OUTPUT/BasePerformanceLibNull.lib
LOAD /home/hcj/UEFIWorkspace/Build/MdeModule/DEBUG_GCC5/X64/MdePkg/Library/UefiDriverEntryPoint/UefiDriverEntryPoint/OUTPUT/UefiDriverEntryPoint.lib
LOAD /home/hcj/UEFIWorkspace/Build/MdeModule/DEBUG_GCC5/X64/MdeModulePkg/Library/UefiBootManagerLib/UefiBootManagerLib/OUTPUT/UefiBootManagerLib.lib
END GROUP
                0x0000000000000228                PECOFF_HEADER_SIZE = 0x228
                0x0000000000000228                . = PECOFF_HEADER_SIZE

.text           0x0000000000000240     0x1800
 *(.text .text.* .stub .gnu.linkonce.t.*)
 .text.BmUpdateSystemTableConsole
                0x0000000000000240      0x1b5 /tmp/ccpKmfXO.ltrans0.ltrans.o
 .text.EfiBootManagerConnectAllDefaultConsoles
                0x00000000000003f5      0x195 /tmp/ccpKmfXO.ltrans0.ltrans.o
                0x00000000000003f5                EfiBootManagerConnectAllDefaultConsoles
 .text.BmConnectAllDriversToAllControllers
                0x000000000000058a       0xa1 /tmp/ccpKmfXO.ltrans0.ltrans.o
                0x000000000000058a                BmConnectAllDriversToAllControllers
 .text._ModuleEntryPoint
                0x000000000000062b      0x113 /tmp/ccpKmfXO.ltrans0.ltrans.o
                0x000000000000062b                _ModuleEntryPoint
 .text.EfiGetCurrentTpl
                0x000000000000073e       0x2f /tmp/ccpKmfXO.ltrans0.ltrans.o
                0x000000000000073e                EfiGetCurrentTpl
 .text.EfiBootManagerConnectDevicePath.part.0.lto_priv.14
                0x000000000000076d       0xfc /tmp/ccpKmfXO.ltrans0.ltrans.o
                0x000000000000076d                EfiBootManagerConnectDevicePath.part.0.lto_priv.14
 .text.CopyMem.part.0
                0x0000000000000869      0x1f8 /tmp/ccpKmfXO.ltrans1.ltrans.o
 .text.BootManagerPolicyConnectDevicePath
                0x0000000000000a61      0x14e /tmp/ccpKmfXO.ltrans1.ltrans.o
                0x0000000000000a61                BootManagerPolicyConnectDevicePath
 .text.SetDevicePathEndNode
                0x0000000000000baf       0x12 /tmp/ccpKmfXO.ltrans1.ltrans.o
                0x0000000000000baf                SetDevicePathEndNode
 .text.DevicePathNodeLength
                0x0000000000000bc1        0x5 /tmp/ccpKmfXO.ltrans1.ltrans.o
                0x0000000000000bc1                DevicePathNodeLength
 .text.NextDevicePathNode
                0x0000000000000bc6       0x11 /tmp/ccpKmfXO.ltrans1.ltrans.o
                0x0000000000000bc6                NextDevicePathNode
 .text.DevicePathSubType
                0x0000000000000bd7        0x4 /tmp/ccpKmfXO.ltrans1.ltrans.o
                0x0000000000000bd7                DevicePathSubType
 .text.DevicePathType
                0x0000000000000bdb        0x3 /tmp/ccpKmfXO.ltrans1.ltrans.o
                0x0000000000000bdb                DevicePathType
 .text.IsDevicePathEndType
                0x0000000000000bde       0x13 /tmp/ccpKmfXO.ltrans1.ltrans.o
                0x0000000000000bde                IsDevicePathEndType
 .text.IsDevicePathEnd
                0x0000000000000bf1       0x22 /tmp/ccpKmfXO.ltrans1.ltrans.o
                0x0000000000000bf1                IsDevicePathEnd
 .text.UefiDevicePathLibGetDevicePathSize
                0x0000000000000c13       0x4f /tmp/ccpKmfXO.ltrans1.ltrans.o
                0x0000000000000c13                UefiDevicePathLibGetDevicePathSize
 .text.UefiDevicePathLibDuplicateDevicePath
                0x0000000000000c62      0x12b /tmp/ccpKmfXO.ltrans1.ltrans.o
 .text.UefiDevicePathLibGetNextDevicePathInstance
                0x0000000000000d8d       0xb7 /tmp/ccpKmfXO.ltrans1.ltrans.o
                0x0000000000000d8d                UefiDevicePathLibGetNextDevicePathInstance
 .text.UefiDevicePathLibAppendDevicePathInstance
                0x0000000000000e44      0x162 /tmp/ccpKmfXO.ltrans1.ltrans.o
                0x0000000000000e44                UefiDevicePathLibAppendDevicePathInstance
 .text.FreePool
                0x0000000000000fa6        0xa /tmp/ccpKmfXO.ltrans1.ltrans.o
                0x0000000000000fa6                FreePool
 .text.ConnectAllAndCreateNetworkDeviceList
                0x0000000000000fb0      0x144 /tmp/ccpKmfXO.ltrans1.ltrans.o
 .text.CompareGuid
                0x00000000000010f4       0x19 /tmp/ccpKmfXO.ltrans1.ltrans.o
                0x00000000000010f4                CompareGuid
 .text.EfiGetSystemConfigurationTable
                0x000000000000110d       0x60 /tmp/ccpKmfXO.ltrans1.ltrans.o
                0x000000000000110d                EfiGetSystemConfigurationTable
 .text.BootManagerPolicyConnectDeviceClass
                0x000000000000116d      0x1b6 /tmp/ccpKmfXO.ltrans1.ltrans.o
                0x000000000000116d                BootManagerPolicyConnectDeviceClass
 .text.InternalAllocatePool.constprop.11
                0x0000000000001323       0x37 /tmp/ccpKmfXO.ltrans2.ltrans.o
                0x0000000000001323                InternalAllocatePool.constprop.11
 .text.IsDevicePathValid.part.0.constprop.9
                0x000000000000135a       0x87 /tmp/ccpKmfXO.ltrans2.ltrans.o
                0x000000000000135a                IsDevicePathValid.part.0.constprop.9
 .text.GetVariable2.constprop.7
                0x00000000000013e1      0x158 /tmp/ccpKmfXO.ltrans2.ltrans.o
                0x00000000000013e1                GetVariable2.constprop.7
 .text.EfiBootManagerConnectConsoleVariable.part.1.lto_priv.15
                0x0000000000001539      0x4a1 /tmp/ccpKmfXO.ltrans2.ltrans.o
                0x0000000000001539                EfiBootManagerConnectConsoleVariable.part.1.lto_priv.15
 *(.rodata .rodata.* .gnu.linkonce.r.*)
 .rodata.str2.2
                0x00000000000019da       0x28 /tmp/ccpKmfXO.ltrans0.ltrans.o
 .rodata.mUefiDevicePathLibEndDevicePath
                0x0000000000001a02        0x4 /tmp/ccpKmfXO.ltrans1.ltrans.o
 .rodata.str2.2
                0x0000000000001a06       0x3a /tmp/ccpKmfXO.ltrans2.ltrans.o
                                         0x62 (size before relaxing)
 *(.got .got.*)
 .got           0x0000000000001a40        0x0 BootManagerPolicyDxe.obj (symbol from plugin)
 .got.plt       0x0000000000001a40        0x0 BootManagerPolicyDxe.obj (symbol from plugin)
 *:AutoGen.obj(.data.g*Guid)

.plt            0x0000000000001a40        0x0
 .plt           0x0000000000001a40        0x0 BootManagerPolicyDxe.obj (symbol from plugin)

.plt.got        0x0000000000001a40        0x0
 .plt.got       0x0000000000001a40        0x0 BootManagerPolicyDxe.obj (symbol from plugin)

.data           0x0000000000001a40      0x1e8
 *(.data .data.* .gnu.linkonce.d.*)
 .data.rel.local.mBootManagerPolicy
                0x0000000000001a40       0x18 /tmp/ccpKmfXO.ltrans0.ltrans.o
 *fill*         0x0000000000001a58        0x8 
 .data.gEfiBootManagerPolicyProtocolGuid
                0x0000000000001a60       0x10 /tmp/ccpKmfXO.ltrans0.ltrans.o
 .data.gEfiHiiImageProtocolGuid
                0x0000000000001a70       0x10 /tmp/ccpKmfXO.ltrans0.ltrans.o
 .data.gEfiHiiFontProtocolGuid
                0x0000000000001a80       0x10 /tmp/ccpKmfXO.ltrans0.ltrans.o
 .data.gEfiHiiConfigRoutingProtocolGuid
                0x0000000000001a90       0x10 /tmp/ccpKmfXO.ltrans0.ltrans.o
 .data.gEfiHiiDatabaseProtocolGuid
                0x0000000000001aa0       0x10 /tmp/ccpKmfXO.ltrans0.ltrans.o
 .data.gEfiHiiStringProtocolGuid
                0x0000000000001ab0       0x10 /tmp/ccpKmfXO.ltrans0.ltrans.o
 .data.gEfiHobListGuid
                0x0000000000001ac0       0x10 /tmp/ccpKmfXO.ltrans0.ltrans.o
 .data.gEfiDxeServicesTableGuid
                0x0000000000001ad0       0x10 /tmp/ccpKmfXO.ltrans0.ltrans.o
 .data.gEfiDevicePathProtocolGuid
                0x0000000000001ae0       0x10 /tmp/ccpKmfXO.ltrans0.ltrans.o
                0x0000000000001ae0                gEfiDevicePathProtocolGuid
 .data.gEfiSimpleTextOutProtocolGuid
                0x0000000000001af0       0x10 /tmp/ccpKmfXO.ltrans0.ltrans.o
 .data.gEfiSimpleTextInProtocolGuid
                0x0000000000001b00       0x10 /tmp/ccpKmfXO.ltrans0.ltrans.o
 .data.gEfiCallerIdGuid
                0x0000000000001b10       0x10 /tmp/ccpKmfXO.ltrans0.ltrans.o
                0x0000000000001b10                gEfiCallerIdGuid
 .data.gEfiManagedNetworkServiceBindingProtocolGuid
                0x0000000000001b20       0x10 /tmp/ccpKmfXO.ltrans1.ltrans.o
 .data.mNetworkDeviceList
                0x0000000000001b30        0xa /tmp/ccpKmfXO.ltrans1.ltrans.o
 *fill*         0x0000000000001b3a        0x6 
 .data.gEfiBootManagerPolicyNetworkGuid
                0x0000000000001b40       0x10 /tmp/ccpKmfXO.ltrans1.ltrans.o
 .data.gEfiBootManagerPolicyConsoleGuid
                0x0000000000001b50       0x10 /tmp/ccpKmfXO.ltrans1.ltrans.o
 .data.gEfiBootManagerPolicyConnectAllGuid
                0x0000000000001b60       0x10 /tmp/ccpKmfXO.ltrans1.ltrans.o
 .data.gEfiPciIoProtocolGuid
                0x0000000000001b70       0x10 /tmp/ccpKmfXO.ltrans2.ltrans.o
 .data.gEfiGlobalVariableGuid
                0x0000000000001b80       0x10 /tmp/ccpKmfXO.ltrans2.ltrans.o
                0x0000000000001b80                gEfiGlobalVariableGuid
 *fill*         0x0000000000001b90       0x10 
 .data.rel.ro.local.mConVarName
                0x0000000000001ba0       0x30 /tmp/ccpKmfXO.ltrans2.ltrans.o
 .data.rel.ro   0x0000000000001bd0        0x0 BootManagerPolicyDxe.obj (symbol from plugin)
 *(.bss .bss.*)
 .bss.gImageHandle
                0x0000000000001bd0        0x8 /tmp/ccpKmfXO.ltrans0.ltrans.o
 .bss.gHiiImage
                0x0000000000001bd8        0x8 /tmp/ccpKmfXO.ltrans0.ltrans.o
 .bss.gHiiFont  0x0000000000001be0        0x8 /tmp/ccpKmfXO.ltrans0.ltrans.o
 .bss.gHiiConfigRouting
                0x0000000000001be8        0x8 /tmp/ccpKmfXO.ltrans0.ltrans.o
 .bss.gHiiDatabase
                0x0000000000001bf0        0x8 /tmp/ccpKmfXO.ltrans0.ltrans.o
 .bss.gHiiString
                0x0000000000001bf8        0x8 /tmp/ccpKmfXO.ltrans0.ltrans.o
 .bss.mHobList  0x0000000000001c00        0x8 /tmp/ccpKmfXO.ltrans0.ltrans.o
 .bss.gDS       0x0000000000001c08        0x8 /tmp/ccpKmfXO.ltrans0.ltrans.o
 .bss.gST       0x0000000000001c10        0x8 /tmp/ccpKmfXO.ltrans0.ltrans.o
                0x0000000000001c10                gST
 .bss.gRT       0x0000000000001c18        0x8 /tmp/ccpKmfXO.ltrans2.ltrans.o
                0x0000000000001c18                gRT
 .bss.gBS       0x0000000000001c20        0x8 /tmp/ccpKmfXO.ltrans2.ltrans.o
                0x0000000000001c20                gBS

.eh_frame       0x0000000000001c40        0x0
 *(.eh_frame)
 .eh_frame      0x0000000000001c40        0x0 BootManagerPolicyDxe.obj (symbol from plugin)
 .eh_frame      0x0000000000001c40        0x0 BootManagerPolicyDxe.obj (symbol from plugin)

.dynbss         0x0000000000001c40        0x0
 .dynbss        0x0000000000001c40        0x0 BootManagerPolicyDxe.obj (symbol from plugin)

.gnu.version_d  0x0000000000001c40        0x0
 .gnu.version_d
                0x0000000000001c40        0x0 BootManagerPolicyDxe.obj (symbol from plugin)

.gnu.version    0x0000000000001c40        0x0
 .gnu.version   0x0000000000001c40        0x0 BootManagerPolicyDxe.obj (symbol from plugin)

.gnu.version_r  0x0000000000001c40        0x0
 .gnu.version_r
                0x0000000000001c40        0x0 BootManagerPolicyDxe.obj (symbol from plugin)

.rela           0x0000000000001c40       0xc0
 *(.rela .rela.*)
 .rela.plt      0x0000000000001c40        0x0 BootManagerPolicyDxe.obj (symbol from plugin)
 .rela.got      0x0000000000001c40        0x0 BootManagerPolicyDxe.obj (symbol from plugin)
 .rela.bss      0x0000000000001c40        0x0 BootManagerPolicyDxe.obj (symbol from plugin)
 .rela.data.rel.ro
                0x0000000000001c40        0x0 BootManagerPolicyDxe.obj (symbol from plugin)
 .rela.ifunc    0x0000000000001c40        0x0 BootManagerPolicyDxe.obj (symbol from plugin)
 .rela.data.rel.local.mBootManagerPolicy
                0x0000000000001c40       0x30 BootManagerPolicyDxe.obj (symbol from plugin)
 .rela.data.rel.ro.local.mConVarName
                0x0000000000001c70       0x90 BootManagerPolicyDxe.obj (symbol from plugin)

.hii
 *(.hii)

.build-id       0x0000000000001d00       0x24
 *(.note.gnu.build-id)
 .note.gnu.build-id
                0x0000000000001d00       0x24 BootManagerPolicyDxe.obj (symbol from plugin)

/DISCARD/
 *(.note.GNU-stack)
 *(.gnu_debuglink)
 *(.interp)
 *(.dynsym)
 *(.dynstr)
 *(.dynamic)
 *(.hash .gnu.hash)
 *(.comment)
OUTPUT(/home/hcj/UEFIWorkspace/Build/MdeModule/DEBUG_GCC5/X64/MdeModulePkg/Universal/BootManagerPolicyDxe/BootManagerPolicyDxe/DEBUG/BootManagerPolicyDxe.dll elf64-x86-64)

.debug_info     0x0000000000000000     0x9362
 .debug_info    0x0000000000000000     0x3d12 /tmp/ccpKmfXO.ltrans0.ltrans.o
 .debug_info    0x0000000000003d12     0x2e39 /tmp/ccpKmfXO.ltrans1.ltrans.o
 .debug_info    0x0000000000006b4b     0x2817 /tmp/ccpKmfXO.ltrans2.ltrans.o

.debug_abbrev   0x0000000000000000      0xc42
 .debug_abbrev  0x0000000000000000      0x45b /tmp/ccpKmfXO.ltrans0.ltrans.o
 .debug_abbrev  0x000000000000045b      0x499 /tmp/ccpKmfXO.ltrans1.ltrans.o
 .debug_abbrev  0x00000000000008f4      0x34e /tmp/ccpKmfXO.ltrans2.ltrans.o

.debug_loc      0x0000000000000000     0x32f8
 .debug_loc     0x0000000000000000      0xb4a /tmp/ccpKmfXO.ltrans0.ltrans.o
 .debug_loc     0x0000000000000b4a     0x1b03 /tmp/ccpKmfXO.ltrans1.ltrans.o
 .debug_loc     0x000000000000264d      0xcab /tmp/ccpKmfXO.ltrans2.ltrans.o

.debug_aranges  0x0000000000000000      0x250
 .debug_aranges
                0x0000000000000000       0x90 /tmp/ccpKmfXO.ltrans0.ltrans.o
 .debug_aranges
                0x0000000000000090      0x150 /tmp/ccpKmfXO.ltrans1.ltrans.o
 .debug_aranges
                0x00000000000001e0       0x70 /tmp/ccpKmfXO.ltrans2.ltrans.o

.debug_ranges   0x0000000000000000      0x9b0
 .debug_ranges  0x0000000000000000      0x200 /tmp/ccpKmfXO.ltrans0.ltrans.o
 .debug_ranges  0x0000000000000200      0x400 /tmp/ccpKmfXO.ltrans1.ltrans.o
 .debug_ranges  0x0000000000000600      0x3b0 /tmp/ccpKmfXO.ltrans2.ltrans.o

.debug_line     0x0000000000000000     0x1944
 .debug_line    0x0000000000000000      0x8fb /tmp/ccpKmfXO.ltrans0.ltrans.o
 .debug_line    0x00000000000008fb      0x8a5 /tmp/ccpKmfXO.ltrans1.ltrans.o
 .debug_line    0x00000000000011a0      0x7a4 /tmp/ccpKmfXO.ltrans2.ltrans.o

.debug_str      0x0000000000000000     0x36f9
 .debug_str     0x0000000000000000     0x2946 /tmp/ccpKmfXO.ltrans0.ltrans.o
                                       0x2ca5 (size before relaxing)
 .debug_str     0x0000000000002946      0x554 /tmp/ccpKmfXO.ltrans1.ltrans.o
                                       0x1afc (size before relaxing)
 .debug_str     0x0000000000002e9a      0x85f /tmp/ccpKmfXO.ltrans2.ltrans.o
                                       0x1ad9 (size before relaxing)

.debug_frame    0x0000000000000000      0x808
 .debug_frame   0x0000000000000000      0x240 /tmp/ccpKmfXO.ltrans0.ltrans.o
 .debug_frame   0x0000000000000240      0x438 /tmp/ccpKmfXO.ltrans1.ltrans.o
 .debug_frame   0x0000000000000678      0x190 /tmp/ccpKmfXO.ltrans2.ltrans.o
