Archive member included to satisfy reference by file (symbol)

/home/hcj/UEFIWorkspace/Build/MdeModule/DEBUG_GCC5/X64/MdeModulePkg/Application/BootManagerMenuApp/BootManagerMenuApp/OUTPUT/BootManagerMenuApp.lib(BootManagerMenu.obj)
                              (--whole-archive)
/home/hcj/UEFIWorkspace/Build/MdeModule/DEBUG_GCC5/X64/MdeModulePkg/Application/BootManagerMenuApp/BootManagerMenuApp/OUTPUT/BootManagerMenuApp.lib(AutoGen.obj)
                              (--whole-archive)
/home/hcj/UEFIWorkspace/Build/MdeModule/DEBUG_GCC5/X64/MdePkg/Library/RegisterFilterLibNull/RegisterFilterLibNull/OUTPUT/FilterLibNull.lib(RegisterFilterLibNull.obj)
                              (--whole-archive)
/home/hcj/UEFIWorkspace/Build/MdeModule/DEBUG_GCC5/X64/MdePkg/Library/BaseMemoryLib/BaseMemoryLib/OUTPUT/BaseMemoryLib.lib(SetMem.obj)
                              (--whole-archive)
/home/hcj/UEFIWorkspace/Build/MdeModule/DEBUG_GCC5/X64/MdePkg/Library/BaseMemoryLib/BaseMemoryLib/OUTPUT/BaseMemoryLib.lib(ScanMem64Wrapper.obj)
                              (--whole-archive)
/home/hcj/UEFIWorkspace/Build/MdeModule/DEBUG_GCC5/X64/MdePkg/Library/BaseMemoryLib/BaseMemoryLib/OUTPUT/BaseMemoryLib.lib(ScanMem32Wrapper.obj)
                              (--whole-archive)
/home/hcj/UEFIWorkspace/Build/MdeModule/DEBUG_GCC5/X64/MdePkg/Library/BaseMemoryLib/BaseMemoryLib/OUTPUT/BaseMemoryLib.lib(ScanMem16Wrapper.obj)
                              (--whole-archive)
/home/hcj/UEFIWorkspace/Build/MdeModule/DEBUG_GCC5/X64/MdePkg/Library/BaseMemoryLib/BaseMemoryLib/OUTPUT/BaseMemoryLib.lib(ScanMem8Wrapper.obj)
                              (--whole-archive)
/home/hcj/UEFIWorkspace/Build/MdeModule/DEBUG_GCC5/X64/MdePkg/Library/BaseMemoryLib/BaseMemoryLib/OUTPUT/BaseMemoryLib.lib(ZeroMemWrapper.obj)
                              (--whole-archive)
/home/hcj/UEFIWorkspace/Build/MdeModule/DEBUG_GCC5/X64/MdePkg/Library/BaseMemoryLib/BaseMemoryLib/OUTPUT/BaseMemoryLib.lib(CompareMemWrapper.obj)
                              (--whole-archive)
/home/hcj/UEFIWorkspace/Build/MdeModule/DEBUG_GCC5/X64/MdePkg/Library/BaseMemoryLib/BaseMemoryLib/OUTPUT/BaseMemoryLib.lib(SetMem64Wrapper.obj)
                              (--whole-archive)
/home/hcj/UEFIWorkspace/Build/MdeModule/DEBUG_GCC5/X64/MdePkg/Library/BaseMemoryLib/BaseMemoryLib/OUTPUT/BaseMemoryLib.lib(SetMem32Wrapper.obj)
                              (--whole-archive)
/home/hcj/UEFIWorkspace/Build/MdeModule/DEBUG_GCC5/X64/MdePkg/Library/BaseMemoryLib/BaseMemoryLib/OUTPUT/BaseMemoryLib.lib(SetMem16Wrapper.obj)
                              (--whole-archive)
/home/hcj/UEFIWorkspace/Build/MdeModule/DEBUG_GCC5/X64/MdePkg/Library/BaseMemoryLib/BaseMemoryLib/OUTPUT/BaseMemoryLib.lib(SetMemWrapper.obj)
                              (--whole-archive)
/home/hcj/UEFIWorkspace/Build/MdeModule/DEBUG_GCC5/X64/MdePkg/Library/BaseMemoryLib/BaseMemoryLib/OUTPUT/BaseMemoryLib.lib(CopyMemWrapper.obj)
                              (--whole-archive)
/home/hcj/UEFIWorkspace/Build/MdeModule/DEBUG_GCC5/X64/MdePkg/Library/BaseMemoryLib/BaseMemoryLib/OUTPUT/BaseMemoryLib.lib(IsZeroBufferWrapper.obj)
                              (--whole-archive)
/home/hcj/UEFIWorkspace/Build/MdeModule/DEBUG_GCC5/X64/MdePkg/Library/BaseMemoryLib/BaseMemoryLib/OUTPUT/BaseMemoryLib.lib(MemLibGeneric.obj)
                              (--whole-archive)
/home/hcj/UEFIWorkspace/Build/MdeModule/DEBUG_GCC5/X64/MdePkg/Library/BaseMemoryLib/BaseMemoryLib/OUTPUT/BaseMemoryLib.lib(MemLibGuid.obj)
                              (--whole-archive)
/home/hcj/UEFIWorkspace/Build/MdeModule/DEBUG_GCC5/X64/MdePkg/Library/BaseMemoryLib/BaseMemoryLib/OUTPUT/BaseMemoryLib.lib(CopyMem.obj)
                              (--whole-archive)
/home/hcj/UEFIWorkspace/Build/MdeModule/DEBUG_GCC5/X64/MdePkg/Library/BaseLib/BaseLib/OUTPUT/BaseLib.lib(CheckSum.obj)
                              (--whole-archive)
/home/hcj/UEFIWorkspace/Build/MdeModule/DEBUG_GCC5/X64/MdePkg/Library/BaseLib/BaseLib/OUTPUT/BaseLib.lib(SwitchStack.obj)
                              (--whole-archive)
/home/hcj/UEFIWorkspace/Build/MdeModule/DEBUG_GCC5/X64/MdePkg/Library/BaseLib/BaseLib/OUTPUT/BaseLib.lib(SwapBytes64.obj)
                              (--whole-archive)
/home/hcj/UEFIWorkspace/Build/MdeModule/DEBUG_GCC5/X64/MdePkg/Library/BaseLib/BaseLib/OUTPUT/BaseLib.lib(SwapBytes32.obj)
                              (--whole-archive)
/home/hcj/UEFIWorkspace/Build/MdeModule/DEBUG_GCC5/X64/MdePkg/Library/BaseLib/BaseLib/OUTPUT/BaseLib.lib(SwapBytes16.obj)
                              (--whole-archive)
/home/hcj/UEFIWorkspace/Build/MdeModule/DEBUG_GCC5/X64/MdePkg/Library/BaseLib/BaseLib/OUTPUT/BaseLib.lib(LongJump.obj)
                              (--whole-archive)
/home/hcj/UEFIWorkspace/Build/MdeModule/DEBUG_GCC5/X64/MdePkg/Library/BaseLib/BaseLib/OUTPUT/BaseLib.lib(SetJump.obj)
                              (--whole-archive)
[...]
Memory Configuration

Name             Origin             Length             Attributes
*default*        0x0000000000000000 0xffffffffffffffff

Linker script and memory map

LOAD /tmp/ccRd4DyU.ltrans0.ltrans.o
LOAD /tmp/ccRd4DyU.ltrans1.ltrans.o
LOAD /tmp/ccRd4DyU.ltrans2.ltrans.o
LOAD /tmp/ccRd4DyU.ltrans3.ltrans.o
LOAD /tmp/ccRd4DyU.ltrans4.ltrans.o
LOAD /tmp/ccRd4DyU.ltrans5.ltrans.o
LOAD /tmp/ccRd4DyU.ltrans6.ltrans.o
LOAD /tmp/ccRd4DyU.ltrans7.ltrans.o
LOAD /tmp/ccRd4DyU.ltrans8.ltrans.o
LOAD /tmp/ccRd4DyU.ltrans9.ltrans.o
LOAD /tmp/ccRd4DyU.ltrans10.ltrans.o
LOAD /tmp/ccRd4DyU.ltrans11.ltrans.o
LOAD /tmp/ccRd4DyU.ltrans12.ltrans.o
LOAD /tmp/ccRd4DyU.ltrans13.ltrans.o
LOAD /tmp/ccRd4DyU.ltrans14.ltrans.o
LOAD /tmp/ccRd4DyU.ltrans15.ltrans.o
START GROUP
LOAD /home/hcj/UEFIWorkspace/Build/MdeModule/DEBUG_GCC5/X64/MdeModulePkg/Application/BootManagerMenuApp/BootManagerMenuApp/OUTPUT/BootManagerMenuApp.lib
LOAD /home/hcj/UEFIWorkspace/Build/MdeModule/DEBUG_GCC5/X64/MdePkg/Library/RegisterFilterLibNull/RegisterFilterLibNull/OUTPUT/FilterLibNull.lib
LOAD /home/hcj/UEFIWorkspace/Build/MdeModule/DEBUG_GCC5/X64/MdePkg/Library/BaseMemoryLib/BaseMemoryLib/OUTPUT/BaseMemoryLib.lib
LOAD /home/hcj/UEFIWorkspace/Build/MdeModule/DEBUG_GCC5/X64/MdePkg/Library/BaseLib/BaseLib/OUTPUT/BaseLib.lib
LOAD /home/hcj/UEFIWorkspace/Build/MdeModule/DEBUG_GCC5/X64/MdePkg/Library/BasePcdLibNull/BasePcdLibNull/OUTPUT/BasePcdLibNull.lib
LOAD /home/hcj/UEFIWorkspace/Build/MdeModule/DEBUG_GCC5/X64/MdePkg/Library/BaseDebugPrintErrorLevelLib/BaseDebugPrintErrorLevelLib/OUTPUT/BaseDebugPrintErrorLevelLib.lib
LOAD /home/hcj/UEFIWorkspace/Build/MdeModule/DEBUG_GCC5/X64/MdePkg/Library/BasePrintLib/BasePrintLib/OUTPUT/BasePrintLib.lib
LOAD /home/hcj/UEFIWorkspace/Build/MdeModule/DEBUG_GCC5/X64/MdePkg/Library/UefiDebugLibStdErr/UefiDebugLibStdErr/OUTPUT/UefiDebugLibStdErr.lib
LOAD /home/hcj/UEFIWorkspace/Build/MdeModule/DEBUG_GCC5/X64/MdePkg/Library/UefiBootServicesTableLib/UefiBootServicesTableLib/OUTPUT/UefiBootServicesTableLib.lib
LOAD /home/hcj/UEFIWorkspace/Build/MdeModule/DEBUG_GCC5/X64/MdePkg/Library/UefiMemoryAllocationLib/UefiMemoryAllocationLib/OUTPUT/UefiMemoryAllocationLib.lib
LOAD /home/hcj/UEFIWorkspace/Build/MdeModule/DEBUG_GCC5/X64/MdePkg/Library/UefiRuntimeServicesTableLib/UefiRuntimeServicesTableLib/OUTPUT/UefiRuntimeServicesTableLib.lib
LOAD /home/hcj/UEFIWorkspace/Build/MdeModule/DEBUG_GCC5/X64/MdePkg/Library/UefiDevicePathLib/UefiDevicePathLib/OUTPUT/UefiDevicePathLib.lib
LOAD /home/hcj/UEFIWorkspace/Build/MdeModule/DEBUG_GCC5/X64/MdePkg/Library/UefiLib/UefiLib/OUTPUT/UefiLib.lib
LOAD /home/hcj/UEFIWorkspace/Build/MdeModule/DEBUG_GCC5/X64/MdePkg/Library/DxeHobLib/DxeHobLib/OUTPUT/DxeHobLib.lib
LOAD /home/hcj/UEFIWorkspace/Build/MdeModule/DEBUG_GCC5/X64/MdeModulePkg/Library/UefiHiiServicesLib/UefiHiiServicesLib/OUTPUT/UefiHiiServicesLib.lib
LOAD /home/hcj/UEFIWorkspace/Build/MdeModule/DEBUG_GCC5/X64/MdeModulePkg/Library/BaseSortLib/BaseSortLib/OUTPUT/BaseSortLib.lib
LOAD /home/hcj/UEFIWorkspace/Build/MdeModule/DEBUG_GCC5/X64/MdePkg/Library/BaseReportStatusCodeLibNull/BaseReportStatusCodeLibNull/OUTPUT/BaseReportStatusCodeLibNull.lib
LOAD /home/hcj/UEFIWorkspace/Build/MdeModule/DEBUG_GCC5/X64/MdePkg/Library/DxeServicesLib/DxeServicesLib/OUTPUT/DxeServicesLib.lib
LOAD /home/hcj/UEFIWorkspace/Build/MdeModule/DEBUG_GCC5/X64/MdePkg/Library/DxeServicesTableLib/DxeServicesTableLib/OUTPUT/DxeServicesTableLib.lib
LOAD /home/hcj/UEFIWorkspace/Build/MdeModule/DEBUG_GCC5/X64/MdePkg/Library/BasePeCoffGetEntryPointLib/BasePeCoffGetEntryPointLib/OUTPUT/BasePeCoffGetEntryPointLib.lib
LOAD /home/hcj/UEFIWorkspace/Build/MdeModule/DEBUG_GCC5/X64/MdePkg/Library/BasePerformanceLibNull/BasePerformanceLibNull/OUTPUT/BasePerformanceLibNull.lib
LOAD /home/hcj/UEFIWorkspace/Build/MdeModule/DEBUG_GCC5/X64/MdeModulePkg/Library/UefiHiiLib/UefiHiiLib/OUTPUT/UefiHiiLib.lib
LOAD /home/hcj/UEFIWorkspace/Build/MdeModule/DEBUG_GCC5/X64/MdePkg/Library/UefiApplicationEntryPoint/UefiApplicationEntryPoint/OUTPUT/UefiApplicationEntryPoint.lib
LOAD /home/hcj/UEFIWorkspace/Build/MdeModule/DEBUG_GCC5/X64/MdeModulePkg/Library/UefiBootManagerLib/UefiBootManagerLib/OUTPUT/UefiBootManagerLib.lib
END GROUP
                0x0000000000000228                PECOFF_HEADER_SIZE = 0x228
                0x0000000000000228                . = PECOFF_HEADER_SIZE

.text           0x0000000000000240    0x139d0
 *(.text .text.* .stub .gnu.linkonce.t.*)
 .text.BootManagerMenuEntry
                0x0000000000000240     0x24af /tmp/ccRd4DyU.ltrans0.ltrans.o
                0x0000000000000240                BootManagerMenuEntry
 .text.PrintCharAt
                0x00000000000026ef       0x8b /tmp/ccRd4DyU.ltrans1.ltrans.o
 .text.PrintStringAt
                0x000000000000277a      0x373 /tmp/ccRd4DyU.ltrans1.ltrans.o
 .text.BdsSetConsoleMode
                0x0000000000002aed      0x3fb /tmp/ccRd4DyU.ltrans1.ltrans.o
                0x0000000000002aed                BdsSetConsoleMode
 .text.BootMenuSelectItem
                0x0000000000002ee8      0x461 /tmp/ccRd4DyU.ltrans1.ltrans.o
                0x0000000000002ee8                BootMenuSelectItem
 .text.IgnoreBootOption
                0x0000000000003349      0x75e /tmp/ccRd4DyU.ltrans1.ltrans.o
                0x0000000000003349                IgnoreBootOption
 .text.GetLineWidth
                0x0000000000003aa7       0x7e /tmp/ccRd4DyU.ltrans1.ltrans.o
                0x0000000000003aa7                GetLineWidth
 .text.DrawBootPopupMenu
                0x0000000000003b25      0x4ed /tmp/ccRd4DyU.ltrans1.ltrans.o
                0x0000000000003b25                DrawBootPopupMenu
 .text.DevPathToTextEndInstance
                0x0000000000004012       0x18 /tmp/ccRd4DyU.ltrans2.ltrans.o
                0x0000000000004012                DevPathToTextEndInstance
 .text.DevPathToTextBBS
                0x000000000000402a       0xce /tmp/ccRd4DyU.ltrans2.ltrans.o
                0x000000000000402a                DevPathToTextBBS
 .text.DevPathRelativeOffsetRange
                0x00000000000040f8       0x20 /tmp/ccRd4DyU.ltrans2.ltrans.o
                0x00000000000040f8                DevPathRelativeOffsetRange
 .text.DevPathToTextFvFile
                0x0000000000004118       0x1c /tmp/ccRd4DyU.ltrans2.ltrans.o
                0x0000000000004118                DevPathToTextFvFile
 .text.DevPathToTextFv
                0x0000000000004134       0x1c /tmp/ccRd4DyU.ltrans2.ltrans.o
                0x0000000000004134                DevPathToTextFv
 .text.DevPathToTextMediaProtocol
                0x0000000000004150       0x1c /tmp/ccRd4DyU.ltrans2.ltrans.o
                0x0000000000004150                DevPathToTextMediaProtocol
 .text.DevPathToTextFilePath
                0x000000000000416c       0x1c /tmp/ccRd4DyU.ltrans2.ltrans.o
                0x000000000000416c                DevPathToTextFilePath
 .text.DevPathToTextCDROM
                0x0000000000004188       0x40 /tmp/ccRd4DyU.ltrans2.ltrans.o
                0x0000000000004188                DevPathToTextCDROM
 .text.DevPathToTextHardDrive
                0x00000000000041c8       0x96 /tmp/ccRd4DyU.ltrans2.ltrans.o
                0x00000000000041c8                DevPathToTextHardDrive
 .text.DevPathToTextBluetoothLE
                0x000000000000425e       0x3f /tmp/ccRd4DyU.ltrans2.ltrans.o
                0x000000000000425e                DevPathToTextBluetoothLE
 .text.DevPathToTextBluetooth
                0x000000000000429d       0x37 /tmp/ccRd4DyU.ltrans2.ltrans.o
                0x000000000000429d                DevPathToTextBluetooth
 .text.DevPathToTextVlan
                0x00000000000042d4       0x1d /tmp/ccRd4DyU.ltrans2.ltrans.o
                0x00000000000042d4                DevPathToTextVlan
 .text.DevPathToTextiSCSI
                0x00000000000042f1      0x124 /tmp/ccRd4DyU.ltrans2.ltrans.o
                0x00000000000042f1                DevPathToTextiSCSI
 .text.DevPathToTextUart
                0x0000000000004415      0x107 /tmp/ccRd4DyU.ltrans2.ltrans.o
                0x0000000000004415                DevPathToTextUart
 .text.DevPathToTextInfiniBand
                0x000000000000451c       0x2d /tmp/ccRd4DyU.ltrans2.ltrans.o
                0x000000000000451c                DevPathToTextInfiniBand
 .text.CatIPv6Address
                0x0000000000004549       0x6b /tmp/ccRd4DyU.ltrans2.ltrans.o
 .text.CatIPv4Address
                0x00000000000045b4       0x2c /tmp/ccRd4DyU.ltrans2.ltrans.o
 .text.CatNetworkProtocol
                0x00000000000045e0       0x49 /tmp/ccRd4DyU.ltrans2.ltrans.o
 .text.DevPathToTextMacAddr
                0x0000000000004629       0x80 /tmp/ccRd4DyU.ltrans2.ltrans.o
                0x0000000000004629                DevPathToTextMacAddr
 .text.DevPathToTextI2O
                0x00000000000046a9       0x1c /tmp/ccRd4DyU.ltrans2.ltrans.o
                0x00000000000046a9                DevPathToTextI2O
 .text.DevPathToTextSata
                0x00000000000046c5       0x2b /tmp/ccRd4DyU.ltrans2.ltrans.o
                0x00000000000046c5                DevPathToTextSata
 .text.DevPathToTextUsbClass
                0x00000000000046f0      0x1ad /tmp/ccRd4DyU.ltrans2.ltrans.o
                0x00000000000046f0                DevPathToTextUsbClass
 .text.DevPathToTextLogicalUnit
                0x000000000000489d       0x1d /tmp/ccRd4DyU.ltrans2.ltrans.o
                0x000000000000489d                DevPathToTextLogicalUnit
 .text.DevPathToTextUsb
                0x00000000000048ba       0x22 /tmp/ccRd4DyU.ltrans2.ltrans.o
                0x00000000000048ba                DevPathToTextUsb
 .text.DevPathToText1394
                0x00000000000048dc       0x1c /tmp/ccRd4DyU.ltrans2.ltrans.o
                0x00000000000048dc                DevPathToText1394
 .text.DevPathToTextEmmc
                0x00000000000048f8       0x1d /tmp/ccRd4DyU.ltrans2.ltrans.o
                0x00000000000048f8                DevPathToTextEmmc
 .text.DevPathToTextSd
                0x0000000000004915       0x1d /tmp/ccRd4DyU.ltrans2.ltrans.o
                0x0000000000004915                DevPathToTextSd
 .text.DevPathToTextUfs
                0x0000000000004932       0x22 /tmp/ccRd4DyU.ltrans2.ltrans.o
                0x0000000000004932                DevPathToTextUfs
 .text.DevPathToTextNVMe
                0x0000000000004954       0x48 /tmp/ccRd4DyU.ltrans2.ltrans.o
                0x0000000000004954                DevPathToTextNVMe
 .text.DevPathToTextSasEx
                0x000000000000499c      0x1a0 /tmp/ccRd4DyU.ltrans2.ltrans.o
                0x000000000000499c                DevPathToTextSasEx
 .text.DevPathToTextFibreEx
                0x0000000000004b3c       0xa4 /tmp/ccRd4DyU.ltrans2.ltrans.o
                0x0000000000004b3c                DevPathToTextFibreEx
 .text.DevPathToTextFibre
                0x0000000000004be0       0x20 /tmp/ccRd4DyU.ltrans2.ltrans.o
                0x0000000000004be0                DevPathToTextFibre
 .text.DevPathToTextScsi
                0x0000000000004c00       0x22 /tmp/ccRd4DyU.ltrans2.ltrans.o
                0x0000000000004c00                DevPathToTextScsi
 .text.DevPathToTextAtapi
                0x0000000000004c22       0x6b /tmp/ccRd4DyU.ltrans2.ltrans.o
                0x0000000000004c22                DevPathToTextAtapi
 .text.DevPathToTextDns
                0x0000000000004c8d       0xa5 /tmp/ccRd4DyU.ltrans2.ltrans.o
                0x0000000000004c8d                DevPathToTextDns
 .text.DevPathToTextIPv6
                0x0000000000004d32      0x103 /tmp/ccRd4DyU.ltrans2.ltrans.o
                0x0000000000004d32                DevPathToTextIPv6
 .text.DevPathToTextIPv4
                0x0000000000004e35      0x112 /tmp/ccRd4DyU.ltrans2.ltrans.o
                0x0000000000004e35                DevPathToTextIPv4
 .text.DevPathToTextNodeGeneric
                0x0000000000004f47      0x117 /tmp/ccRd4DyU.ltrans2.ltrans.o
                0x0000000000004f47                DevPathToTextNodeGeneric
 .text.DevPathToTextRamDisk
                0x000000000000505e      0x20d /tmp/ccRd4DyU.ltrans2.ltrans.o
                0x000000000000505e                DevPathToTextRamDisk
 .text.DevPathToTextWiFi
                0x000000000000526b       0x42 /tmp/ccRd4DyU.ltrans2.ltrans.o
                0x000000000000526b                DevPathToTextWiFi
 .text.DevPathToTextUri
                0x00000000000052ad       0x9f /tmp/ccRd4DyU.ltrans2.ltrans.o
                0x00000000000052ad                DevPathToTextUri
 .text.DevPathToTextUsbWWID
                0x000000000000534c       0xbe /tmp/ccRd4DyU.ltrans2.ltrans.o
                0x000000000000534c                DevPathToTextUsbWWID
 .text.EfiEventEmptyFunction
                0x000000000000540a        0x1 /tmp/ccRd4DyU.ltrans3.ltrans.o
                0x000000000000540a                EfiEventEmptyFunction
 .text.EfiBootManagerConnectAll
                0x000000000000540b       0x8a /tmp/ccRd4DyU.ltrans3.ltrans.o
                0x000000000000540b                EfiBootManagerConnectAll
 .text.HiiGetSupportedLanguages
                0x0000000000005495       0xa7 /tmp/ccRd4DyU.ltrans3.ltrans.o
                0x0000000000005495                HiiGetSupportedLanguages
 .text.InternalImageHandleToFvHandle
                0x000000000000553c       0xce /tmp/ccRd4DyU.ltrans3.ltrans.o
                0x000000000000553c                InternalImageHandleToFvHandle
 .text.GetBestLanguage
                0x000000000000560a      0x13e /tmp/ccRd4DyU.ltrans3.ltrans.o
                0x000000000000560a                GetBestLanguage
 .text.GetVariable2
                0x0000000000005748      0x136 /tmp/ccRd4DyU.ltrans3.ltrans.o
                0x0000000000005748                GetVariable2
 .text.GetEfiGlobalVariable2
                0x000000000000587e       0x12 /tmp/ccRd4DyU.ltrans3.ltrans.o
                0x000000000000587e                GetEfiGlobalVariable2
 .text.EfiGetSystemConfigurationTable
                0x0000000000005890       0xaa /tmp/ccRd4DyU.ltrans3.ltrans.o
                0x0000000000005890                EfiGetSystemConfigurationTable
 .text.GetHobList
                0x000000000000593a       0xa3 /tmp/ccRd4DyU.ltrans3.ltrans.o
                0x000000000000593a                GetHobList
 .text._ModuleEntryPoint
                0x00000000000059dd      0x31e /tmp/ccRd4DyU.ltrans3.ltrans.o
                0x00000000000059dd                _ModuleEntryPoint
 .text.EfiGetNameGuidFromFwVolDevicePathNode
                0x0000000000005cfb       0x54 /tmp/ccRd4DyU.ltrans3.ltrans.o
                0x0000000000005cfb                EfiGetNameGuidFromFwVolDevicePathNode
 .text.Print    0x0000000000005d4f       0xfa /tmp/ccRd4DyU.ltrans3.ltrans.o
                0x0000000000005d4f                Print
 .text.UefiDevicePathLibConvertDevicePathToText
                0x0000000000005e49      0x1bc /tmp/ccRd4DyU.ltrans3.ltrans.o
                0x0000000000005e49                UefiDevicePathLibConvertDevicePathToText
 .text.BmGetNextLoadOptionDevicePath
                0x0000000000006005     0x127d /tmp/ccRd4DyU.ltrans4.ltrans.o
                0x0000000000006005                BmGetNextLoadOptionDevicePath
 .text.BmRepairNotify
                0x0000000000007282       0x47 /tmp/ccRd4DyU.ltrans5.ltrans.o
                0x0000000000007282                BmRepairNotify
 .text.EfiBootManagerIsValidLoadOptionVariableName
                0x00000000000072c9      0x17f /tmp/ccRd4DyU.ltrans5.ltrans.o
 .text.BmGetSingleControllerHealthStatus
                0x0000000000007448      0x2a9 /tmp/ccRd4DyU.ltrans5.ltrans.o
                0x0000000000007448                BmGetSingleControllerHealthStatus
 .text.BmGetControllerName
                0x00000000000076f1      0x184 /tmp/ccRd4DyU.ltrans5.ltrans.o
                0x00000000000076f1                BmGetControllerName
 .text.BmDisplayMessages
                0x0000000000007875      0x11d /tmp/ccRd4DyU.ltrans5.ltrans.o
                0x0000000000007875                BmDisplayMessages
 .text.EfiBootManagerVariableToLoadOptionEx.part.5.lto_priv.59
                0x0000000000007992      0x24c /tmp/ccRd4DyU.ltrans5.ltrans.o
                0x0000000000007992                EfiBootManagerVariableToLoadOptionEx.part.5.lto_priv.59
 .text.BmHotkeyCallback
                0x0000000000007bde      0x21a /tmp/ccRd4DyU.ltrans5.ltrans.o
                0x0000000000007bde                BmHotkeyCallback
 .text.EfiBootManagerFreeLoadOption
                0x0000000000007df8       0x4b /tmp/ccRd4DyU.ltrans5.ltrans.o
                0x0000000000007df8                EfiBootManagerFreeLoadOption
 .text.EfiBootManagerFreeLoadOptions
                0x0000000000007e43       0x4c /tmp/ccRd4DyU.ltrans5.ltrans.o
                0x0000000000007e43                EfiBootManagerFreeLoadOptions
 .text.EfiBootManagerDeleteLoadOptionVariable
                0x0000000000007e8f      0x168 /tmp/ccRd4DyU.ltrans5.ltrans.o
                0x0000000000007e8f                EfiBootManagerDeleteLoadOptionVariable
 .text.BasePrintLibSPrintMarker.constprop.56
                0x0000000000007ff7     0x1074 /tmp/ccRd4DyU.ltrans6.ltrans.o
                0x0000000000007ff7                BasePrintLibSPrintMarker.constprop.56
 .text.UnicodeVSPrintAsciiFormat.constprop.55
                0x000000000000906b       0xe6 /tmp/ccRd4DyU.ltrans6.ltrans.o
 .text.UnicodeSPrintAsciiFormat.constprop.54
                0x0000000000009151       0x29 /tmp/ccRd4DyU.ltrans6.ltrans.o
                0x0000000000009151                UnicodeSPrintAsciiFormat.constprop.54
 .text.DebugPrintMarker.constprop.52
                0x000000000000917a       0xac /tmp/ccRd4DyU.ltrans6.ltrans.o
                0x000000000000917a                DebugPrintMarker.constprop.52
 .text.InternalAllocatePool.constprop.51
                0x0000000000009226       0x37 /tmp/ccRd4DyU.ltrans6.ltrans.o
                0x0000000000009226                InternalAllocatePool.constprop.51
 .text.LShiftU64.constprop.49
                0x000000000000925d        0x8 /tmp/ccRd4DyU.ltrans6.ltrans.o
                0x000000000000925d                LShiftU64.constprop.49
 .text.InternalAllocateZeroPool.constprop.47
                0x0000000000009265       0x28 /tmp/ccRd4DyU.ltrans6.ltrans.o
                0x0000000000009265                InternalAllocateZeroPool.constprop.47
 .text.HiiGetStringEx.constprop.46
                0x000000000000928d      0x194 /tmp/ccRd4DyU.ltrans6.ltrans.o
                0x000000000000928d                HiiGetStringEx.constprop.46
 .text.EfiBootManagerAddLoadOptionVariable.constprop.42
                0x0000000000009421      0x274 /tmp/ccRd4DyU.ltrans6.ltrans.o
                0x0000000000009421                EfiBootManagerAddLoadOptionVariable.constprop.42
 .text.InternalReallocatePool.constprop.41
                0x0000000000009695       0x55 /tmp/ccRd4DyU.ltrans6.ltrans.o
                0x0000000000009695                InternalReallocatePool.constprop.41
 .text.BmEliminateExtraSpaces
                0x00000000000096ea       0x34 /tmp/ccRd4DyU.ltrans7.ltrans.o
 .text.BmGetNvmeDescription
                0x000000000000971e      0x379 /tmp/ccRd4DyU.ltrans7.ltrans.o
                0x000000000000971e                BmGetNvmeDescription
 .text.BmGetLoadFileDescription
                0x0000000000009a97       0xbe /tmp/ccRd4DyU.ltrans7.ltrans.o
                0x0000000000009a97                BmGetLoadFileDescription
 .text.BmGetNetworkDescription
                0x0000000000009b55      0x3a0 /tmp/ccRd4DyU.ltrans7.ltrans.o
                0x0000000000009b55                BmGetNetworkDescription
 .text.BmGetUsbDescription
                0x0000000000009ef5      0x21b /tmp/ccRd4DyU.ltrans7.ltrans.o
                0x0000000000009ef5                BmGetUsbDescription
 .text.BmGetDescriptionFromDiskInfo
                0x000000000000a110      0x32b /tmp/ccRd4DyU.ltrans7.ltrans.o
                0x000000000000a110                BmGetDescriptionFromDiskInfo
 .text.BmMatchPartitionDevicePathNode.part.6.lto_priv.60
                0x000000000000a43b       0xac /tmp/ccRd4DyU.ltrans7.ltrans.o
                0x000000000000a43b                BmMatchPartitionDevicePathNode.part.6.lto_priv.60
 .text.BmReportLoadFailure
                0x000000000000a4e7        0x1 /tmp/ccRd4DyU.ltrans7.ltrans.o
                0x000000000000a4e7                BmReportLoadFailure
 .text.BmIsBootManagerMenuFilePath
                0x000000000000a4e8       0x6b /tmp/ccRd4DyU.ltrans7.ltrans.o
                0x000000000000a4e8                BmIsBootManagerMenuFilePath
 .text.AsciiStrnLenS
                0x000000000000a553       0x26 /tmp/ccRd4DyU.ltrans8.ltrans.o
                0x000000000000a553                AsciiStrnLenS
 .text.AsciiStrToUnicodeStrS
                0x000000000000a579      0x299 /tmp/ccRd4DyU.ltrans8.ltrans.o
                0x000000000000a579                AsciiStrToUnicodeStrS
 .text.StrnLenS
                0x000000000000a812       0x5e /tmp/ccRd4DyU.ltrans8.ltrans.o
                0x000000000000a812                StrnLenS
 .text.InternalSafeStringNoStrOverlap
                0x000000000000a870       0x29 /tmp/ccRd4DyU.ltrans8.ltrans.o
                0x000000000000a870                InternalSafeStringNoStrOverlap
 .text.StrCatS  0x000000000000a899      0x341 /tmp/ccRd4DyU.ltrans8.ltrans.o
                0x000000000000a899                StrCatS
 .text.InternalBaseLibIsListValid
                0x000000000000abda       0x9e /tmp/ccRd4DyU.ltrans8.ltrans.o
                0x000000000000abda                InternalBaseLibIsListValid
 .text.GetFirstNode
                0x000000000000ac78       0x3e /tmp/ccRd4DyU.ltrans8.ltrans.o
                0x000000000000ac78                GetFirstNode
 .text.IsNodeInList
                0x000000000000acb6       0x93 /tmp/ccRd4DyU.ltrans8.ltrans.o
 .text.IsNull   0x000000000000ad49       0x70 /tmp/ccRd4DyU.ltrans8.ltrans.o
                0x000000000000ad49                IsNull
 .text.GetNextNode
                0x000000000000adb9       0x71 /tmp/ccRd4DyU.ltrans8.ltrans.o
                0x000000000000adb9                GetNextNode
 .text.CompareGuid
                0x000000000000ae2a       0x4d /tmp/ccRd4DyU.ltrans8.ltrans.o
                0x000000000000ae2a                CompareGuid
 .text.CopyGuid
                0x000000000000ae77       0x3e /tmp/ccRd4DyU.ltrans8.ltrans.o
                0x000000000000ae77                CopyGuid
 .text.CopyMem  0x000000000000aeb5      0x260 /tmp/ccRd4DyU.ltrans8.ltrans.o
                0x000000000000aeb5                CopyMem
 .text.CompareMem
                0x000000000000b115       0xec /tmp/ccRd4DyU.ltrans8.ltrans.o
                0x000000000000b115                CompareMem
 .text.ZeroMem.part.0.lto_priv.58
                0x000000000000b201       0xf7 /tmp/ccRd4DyU.ltrans8.ltrans.o
                0x000000000000b201                ZeroMem.part.0.lto_priv.58
 .text.UefiDevicePathLibCatPrint
                0x000000000000b2f8      0x16d /tmp/ccRd4DyU.ltrans9.ltrans.o
                0x000000000000b2f8                UefiDevicePathLibCatPrint
 .text.DevPathToTextAcpiEx
                0x000000000000b465      0x2ba /tmp/ccRd4DyU.ltrans9.ltrans.o
                0x000000000000b465                DevPathToTextAcpiEx
 .text.DevPathToTextAcpi
                0x000000000000b71f       0xc6 /tmp/ccRd4DyU.ltrans9.ltrans.o
                0x000000000000b71f                DevPathToTextAcpi
 .text.DevPathToTextBmc
                0x000000000000b7e5       0x33 /tmp/ccRd4DyU.ltrans9.ltrans.o
                0x000000000000b7e5                DevPathToTextBmc
 .text.DevPathToTextController
                0x000000000000b818       0x1c /tmp/ccRd4DyU.ltrans9.ltrans.o
                0x000000000000b818                DevPathToTextController
 .text.DevPathToTextMemMap
                0x000000000000b834       0x27 /tmp/ccRd4DyU.ltrans9.ltrans.o
                0x000000000000b834                DevPathToTextMemMap
 .text.DevPathToTextPccard
                0x000000000000b85b       0x1d /tmp/ccRd4DyU.ltrans9.ltrans.o
                0x000000000000b85b                DevPathToTextPccard
 .text.DevPathToTextPci
                0x000000000000b878       0x22 /tmp/ccRd4DyU.ltrans9.ltrans.o
                0x000000000000b878                DevPathToTextPci
 .text.DevicePathFromHandle
                0x000000000000b89a       0x35 /tmp/ccRd4DyU.ltrans9.ltrans.o
                0x000000000000b89a                DevicePathFromHandle
 .text.SetDevicePathEndNode
                0x000000000000b8cf       0x48 /tmp/ccRd4DyU.ltrans9.ltrans.o
                0x000000000000b8cf                SetDevicePathEndNode
 .text.SetDevicePathNodeLength
                0x000000000000b917       0x68 /tmp/ccRd4DyU.ltrans9.ltrans.o
                0x000000000000b917                SetDevicePathNodeLength
 .text.DevicePathNodeLength
                0x000000000000b97f       0x40 /tmp/ccRd4DyU.ltrans9.ltrans.o
                0x000000000000b97f                DevicePathNodeLength
 .text.DevPathToTextAcpiAdr
                0x000000000000b9bf       0x88 /tmp/ccRd4DyU.ltrans9.ltrans.o
                0x000000000000b9bf                DevPathToTextAcpiAdr
 .text.NextDevicePathNode
                0x000000000000ba47       0x3f /tmp/ccRd4DyU.ltrans9.ltrans.o
                0x000000000000ba47                NextDevicePathNode
 .text.DevicePathSubType
                0x000000000000ba86       0x37 /tmp/ccRd4DyU.ltrans9.ltrans.o
                0x000000000000ba86                DevicePathSubType
 .text.DevicePathType
                0x000000000000babd       0x36 /tmp/ccRd4DyU.ltrans9.ltrans.o
                0x000000000000babd                DevicePathType
 .text.DevPathToTextVendor
                0x000000000000baf3      0x378 /tmp/ccRd4DyU.ltrans9.ltrans.o
                0x000000000000baf3                DevPathToTextVendor
 .text.IsDevicePathEndType
                0x000000000000be6b       0x41 /tmp/ccRd4DyU.ltrans9.ltrans.o
                0x000000000000be6b                IsDevicePathEndType
 .text.IsDevicePathEnd
                0x000000000000beac       0x53 /tmp/ccRd4DyU.ltrans9.ltrans.o
                0x000000000000beac                IsDevicePathEnd
 .text.UefiDevicePathLibGetDevicePathSize
                0x000000000000beff       0x4e /tmp/ccRd4DyU.ltrans9.ltrans.o
                0x000000000000beff                UefiDevicePathLibGetDevicePathSize
 .text.UefiDevicePathLibDuplicateDevicePath
                0x000000000000bf4d       0x2a /tmp/ccRd4DyU.ltrans9.ltrans.o
                0x000000000000bf4d                UefiDevicePathLibDuplicateDevicePath
 .text.UefiDevicePathLibGetNextDevicePathInstance
                0x000000000000bf77       0xc7 /tmp/ccRd4DyU.ltrans9.ltrans.o
                0x000000000000bf77                UefiDevicePathLibGetNextDevicePathInstance
 .text.UefiDevicePathLibAppendDevicePathInstance
                0x000000000000c03e       0xbc /tmp/ccRd4DyU.ltrans9.ltrans.o
                0x000000000000c03e                UefiDevicePathLibAppendDevicePathInstance
 .text.UefiDevicePathLibAppendDevicePath
                0x000000000000c0fa       0x9c /tmp/ccRd4DyU.ltrans9.ltrans.o
                0x000000000000c0fa                UefiDevicePathLibAppendDevicePath
 .text.UefiDevicePathLibAppendDevicePathNode
                0x000000000000c196       0x86 /tmp/ccRd4DyU.ltrans9.ltrans.o
                0x000000000000c196                UefiDevicePathLibAppendDevicePathNode
 .text.BmDestroyRamDisk
                0x000000000000c21c      0x2ed /tmp/ccRd4DyU.ltrans10.ltrans.o
                0x000000000000c21c                BmDestroyRamDisk
 .text.BmGetRamDiskDevicePath
                0x000000000000c509       0xde /tmp/ccRd4DyU.ltrans10.ltrans.o
                0x000000000000c509                BmGetRamDiskDevicePath
 .text.BmExpandMediaDevicePath
                0x000000000000c5e7      0x376 /tmp/ccRd4DyU.ltrans10.ltrans.o
                0x000000000000c5e7                BmExpandMediaDevicePath
 .text.BmExpandLoadFile
                0x000000000000c95d      0x3c7 /tmp/ccRd4DyU.ltrans10.ltrans.o
                0x000000000000c95d                BmExpandLoadFile
 .text.BmCachePartitionDevicePath
                0x000000000000cd24      0x148 /tmp/ccRd4DyU.ltrans10.ltrans.o
                0x000000000000cd24                BmCachePartitionDevicePath
 .text.BmAdjustFvFilePath
                0x000000000000ce6c      0x1bb /tmp/ccRd4DyU.ltrans10.ltrans.o
                0x000000000000ce6c                BmAdjustFvFilePath
 .text.EfiBootManagerFreeDriverHealthInfo
                0x000000000000d027       0x43 /tmp/ccRd4DyU.ltrans11.ltrans.o
 .text.EfiBootManagerGetDriverHealthInfo
                0x000000000000d06a      0x328 /tmp/ccRd4DyU.ltrans11.ltrans.o
 .text.EfiBootManagerGetLoadOptions.part.7.constprop.38
                0x000000000000d392      0x259 /tmp/ccRd4DyU.ltrans11.ltrans.o
                0x000000000000d392                EfiBootManagerGetLoadOptions.part.7.constprop.38
 .text.InternalGetSectionFromFv.constprop.36
                0x000000000000d5eb      0x135 /tmp/ccRd4DyU.ltrans11.ltrans.o
                0x000000000000d5eb                InternalGetSectionFromFv.constprop.36
 .text.FileDevicePath.constprop.19
                0x000000000000d720       0x96 /tmp/ccRd4DyU.ltrans11.ltrans.o
                0x000000000000d720                FileDevicePath.constprop.19
 .text.EfiReleaseLock.constprop.7
                0x000000000000d7b6       0x50 /tmp/ccRd4DyU.ltrans11.ltrans.o
                0x000000000000d7b6                EfiReleaseLock.constprop.7
 .text.EfiAcquireLock.constprop.6
                0x000000000000d806       0x55 /tmp/ccRd4DyU.ltrans11.ltrans.o
                0x000000000000d806                EfiAcquireLock.constprop.6
 .text.HiiAddPackages.constprop.4
                0x000000000000d85b      0x105 /tmp/ccRd4DyU.ltrans11.ltrans.o
                0x000000000000d85b                HiiAddPackages.constprop.4
 .text.BmRepairAllControllers
                0x000000000000d960      0x489 /tmp/ccRd4DyU.ltrans11.ltrans.o
                0x000000000000d960                BmRepairAllControllers
 .text.BmGetMiscDescription
                0x000000000000dde9      0x28b /tmp/ccRd4DyU.ltrans12.ltrans.o
 .text.EfiBootManagerFindLoadOption
                0x000000000000e074       0x89 /tmp/ccRd4DyU.ltrans12.ltrans.o
                0x000000000000e074                EfiBootManagerFindLoadOption
 .text.EfiBootManagerInitializeLoadOption
                0x000000000000e0fd       0xd7 /tmp/ccRd4DyU.ltrans12.ltrans.o
                0x000000000000e0fd                EfiBootManagerInitializeLoadOption
 .text.EfiBootManagerLoadOptionToVariable
                0x000000000000e1d4      0x239 /tmp/ccRd4DyU.ltrans12.ltrans.o
                0x000000000000e1d4                EfiBootManagerLoadOptionToVariable
 .text.BmGetFreeOptionNumber
                0x000000000000e40d      0x1ff /tmp/ccRd4DyU.ltrans12.ltrans.o
                0x000000000000e40d                BmGetFreeOptionNumber
 .text.BmGetBootDescription
                0x000000000000e60c      0x3c7 /tmp/ccRd4DyU.ltrans12.ltrans.o
                0x000000000000e60c                BmGetBootDescription
 .text.BmUpdateSystemTableConsole
                0x000000000000e9d3      0x2a4 /tmp/ccRd4DyU.ltrans13.ltrans.o
 .text.BmPrintDp
                0x000000000000ec77       0x55 /tmp/ccRd4DyU.ltrans13.ltrans.o
                0x000000000000ec77                BmPrintDp
 .text.BmSetVariableAndReportStatusCodeOnError
                0x000000000000eccc       0xd4 /tmp/ccRd4DyU.ltrans13.ltrans.o
                0x000000000000eccc                BmSetVariableAndReportStatusCodeOnError
 .text.BmDelPartMatchInstance
                0x000000000000eda0       0xff /tmp/ccRd4DyU.ltrans13.ltrans.o
                0x000000000000eda0                BmDelPartMatchInstance
 .text.EfiBootManagerConnectDevicePath.part.0.lto_priv.61
                0x000000000000ee9f      0x14d /tmp/ccRd4DyU.ltrans13.ltrans.o
                0x000000000000ee9f                EfiBootManagerConnectDevicePath.part.0.lto_priv.61
 .text.BmConnectUsbShortFormDevicePath
                0x000000000000efec      0x197 /tmp/ccRd4DyU.ltrans13.ltrans.o
                0x000000000000efec                BmConnectUsbShortFormDevicePath
 .text.EfiBootManagerConnectConsoleVariable.part.1
                0x000000000000f183      0x386 /tmp/ccRd4DyU.ltrans13.ltrans.o
 .text.EfiBootManagerConnectAllDefaultConsoles
                0x000000000000f509      0x195 /tmp/ccRd4DyU.ltrans13.ltrans.o
                0x000000000000f509                EfiBootManagerConnectAllDefaultConsoles
 .text.ExitBootServicesCallback
                0x000000000000f69e        0x8 /tmp/ccRd4DyU.ltrans14.ltrans.o
                0x000000000000f69e                ExitBootServicesCallback
 .text.DebugAssert.part.0
                0x000000000000f6a6       0x5e /tmp/ccRd4DyU.ltrans14.ltrans.o
 .text.IsDevicePathValid
                0x000000000000f704       0xd7 /tmp/ccRd4DyU.ltrans14.ltrans.o
                0x000000000000f704                IsDevicePathValid
 .text.AllocateZeroPool
                0x000000000000f7db       0x99 /tmp/ccRd4DyU.ltrans14.ltrans.o
                0x000000000000f7db                AllocateZeroPool
 .text.AllocatePool
                0x000000000000f874       0x99 /tmp/ccRd4DyU.ltrans14.ltrans.o
                0x000000000000f874                AllocatePool
 .text.DebugPrintEnabled
                0x000000000000f90d        0x3 /tmp/ccRd4DyU.ltrans14.ltrans.o
                0x000000000000f90d                DebugPrintEnabled
 .text.DebugAssertEnabled
                0x000000000000f910        0x3 /tmp/ccRd4DyU.ltrans14.ltrans.o
                0x000000000000f910                DebugAssertEnabled
 .text.DebugAssert
                0x000000000000f913        0xf /tmp/ccRd4DyU.ltrans14.ltrans.o
                0x000000000000f913                DebugAssert
 .text.AllocateCopyPool
                0x000000000000f922      0x160 /tmp/ccRd4DyU.ltrans14.ltrans.o
                0x000000000000f922                AllocateCopyPool
 .text.DebugPrint
                0x000000000000fa82       0xc1 /tmp/ccRd4DyU.ltrans14.ltrans.o
                0x000000000000fa82                DebugPrint
 .text.FreePool
                0x000000000000fb43       0x5a /tmp/ccRd4DyU.ltrans14.ltrans.o
                0x000000000000fb43                FreePool
 .text.FreePages
                0x000000000000fb9d       0x92 /tmp/ccRd4DyU.ltrans14.ltrans.o
                0x000000000000fb9d                FreePages
 .text.UnicodeVSPrint
                0x000000000000fc2f       0xe8 /tmp/ccRd4DyU.ltrans14.ltrans.o
                0x000000000000fc2f                UnicodeVSPrint
 .text.UnicodeSPrint
                0x000000000000fd17       0x1d /tmp/ccRd4DyU.ltrans14.ltrans.o
                0x000000000000fd17                UnicodeSPrint
 .text.BasePrintLibValueToString
                0x000000000000fd34       0x7b /tmp/ccRd4DyU.ltrans14.ltrans.o
                0x000000000000fd34                BasePrintLibValueToString
 .text.BasePrintLibFillBuffer
                0x000000000000fdaf       0x2e /tmp/ccRd4DyU.ltrans14.ltrans.o
                0x000000000000fdaf                BasePrintLibFillBuffer
 .text.WriteUnaligned64
                0x000000000000fddd       0x3f /tmp/ccRd4DyU.ltrans14.ltrans.o
                0x000000000000fddd                WriteUnaligned64
 .text.ReadUnaligned64
                0x000000000000fe1c       0x37 /tmp/ccRd4DyU.ltrans14.ltrans.o
                0x000000000000fe1c                ReadUnaligned64
 .text.ReadUnaligned32
                0x000000000000fe53       0x36 /tmp/ccRd4DyU.ltrans14.ltrans.o
                0x000000000000fe53                ReadUnaligned32
 .text.WriteUnaligned16
                0x000000000000fe89       0x3d /tmp/ccRd4DyU.ltrans14.ltrans.o
                0x000000000000fe89                WriteUnaligned16
 .text.ReadUnaligned16
                0x000000000000fec6       0x37 /tmp/ccRd4DyU.ltrans14.ltrans.o
                0x000000000000fec6                ReadUnaligned16
 .text.AsciiStrLen
                0x000000000000fefd       0x85 /tmp/ccRd4DyU.ltrans14.ltrans.o
                0x000000000000fefd                AsciiStrLen
 .text.AsciiStrnCmp.part.4.lto_priv.62
                0x000000000000ff82       0xd3 /tmp/ccRd4DyU.ltrans14.ltrans.o
                0x000000000000ff82                AsciiStrnCmp.part.4.lto_priv.62
 .text.StrLen   0x0000000000010055       0x90 /tmp/ccRd4DyU.ltrans14.ltrans.o
                0x0000000000010055                StrLen
 .text.StrSize  0x00000000000100e5       0x13 /tmp/ccRd4DyU.ltrans14.ltrans.o
                0x00000000000100e5                StrSize
 .text.StrCmp   0x00000000000100f8       0x81 /tmp/ccRd4DyU.ltrans14.ltrans.o
                0x00000000000100f8                StrCmp
 .text.BasePrintLibSPrint.constprop.57
                0x0000000000010179       0xb8 /tmp/ccRd4DyU.ltrans15.ltrans.o
                0x0000000000010179                BasePrintLibSPrint.constprop.57
 *(.rodata .rodata.* .gnu.linkonce.r.*)
 .rodata.str1.1
                0x0000000000010231      0x704 /tmp/ccRd4DyU.ltrans0.ltrans.o
                                        0x706 (size before relaxing)
 *fill*         0x0000000000010935        0x1 
 .rodata.str2.2
                0x0000000000010936       0x68 /tmp/ccRd4DyU.ltrans0.ltrans.o
 .rodata.str2.2
                0x000000000001099e       0x30 /tmp/ccRd4DyU.ltrans1.ltrans.o
 .rodata.str1.1
                0x00000000000109ce      0x290 /tmp/ccRd4DyU.ltrans1.ltrans.o
                                        0x3b3 (size before relaxing)
 *fill*         0x0000000000010c5e        0x2 
 .rodata.__FUNCTION__.2856
                0x0000000000010c60        0x9 /tmp/ccRd4DyU.ltrans1.ltrans.o
 *fill*         0x0000000000010c69        0x1 
 .rodata.str2.2
                0x0000000000010c6a      0xb5a /tmp/ccRd4DyU.ltrans2.ltrans.o
                                        0xc68 (size before relaxing)
 .rodata.DevPathToTextBBS
                0x00000000000117c4       0x18 /tmp/ccRd4DyU.ltrans2.ltrans.o
 .rodata.str1.1
                0x00000000000117dc       0x7f /tmp/ccRd4DyU.ltrans2.ltrans.o
 .rodata.CSWTCH.43
                0x000000000001185b        0x6 /tmp/ccRd4DyU.ltrans2.ltrans.o
 .rodata.str1.1
                0x0000000000011861      0x486 /tmp/ccRd4DyU.ltrans3.ltrans.o
                                        0x59d (size before relaxing)
 *fill*         0x0000000000011ce7        0x1 
 .rodata.str2.2
                0x0000000000011ce8        0x4 /tmp/ccRd4DyU.ltrans3.ltrans.o
 .rodata.str1.1
                0x0000000000011cec       0x19 /tmp/ccRd4DyU.ltrans4.ltrans.o
                                         0xaf (size before relaxing)
 *fill*         0x0000000000011d05        0x1 
 .rodata.str2.2
                0x0000000000011d06        0xa /tmp/ccRd4DyU.ltrans4.ltrans.o
 .rodata.str1.1
                0x0000000000011d10      0x335 /tmp/ccRd4DyU.ltrans5.ltrans.o
                                        0x3e3 (size before relaxing)
 *fill*         0x0000000000012045        0x1 
 .rodata.str2.2
                0x0000000000012046       0x7a /tmp/ccRd4DyU.ltrans5.ltrans.o
                                         0x9c (size before relaxing)
 .rodata.str1.1
                0x00000000000120c0      0x387 /tmp/ccRd4DyU.ltrans6.ltrans.o
                                        0x4dc (size before relaxing)
 *fill*         0x0000000000012447        0x1 
 .rodata.str2.2
                0x0000000000012448       0x46 /tmp/ccRd4DyU.ltrans6.ltrans.o
                                         0x60 (size before relaxing)
 *fill*         0x000000000001248e       0x12 
 .rodata.mWarningString
                0x00000000000124a0       0x96 /tmp/ccRd4DyU.ltrans6.ltrans.o
 *fill*         0x0000000000012536        0xa 
 .rodata.mErrorString
                0x0000000000012540      0x2b5 /tmp/ccRd4DyU.ltrans6.ltrans.o
 *fill*         0x00000000000127f5        0x3 
 .rodata._gPcd_FixedAtBuild_PcdMaximumUnicodeStringLength
                0x00000000000127f8        0x4 /tmp/ccRd4DyU.ltrans6.ltrans.o
                0x00000000000127f8                _gPcd_FixedAtBuild_PcdMaximumLinkedListLength
                0x00000000000127f8                _gPcd_FixedAtBuild_PcdMaximumAsciiStringLength
                0x00000000000127f8                _gPcd_FixedAtBuild_PcdMaximumUnicodeStringLength
 .rodata.str1.1
                0x00000000000127fc       0x21 /tmp/ccRd4DyU.ltrans7.ltrans.o
                                        0x187 (size before relaxing)
 *fill*         0x000000000001281d        0x1 
 .rodata.str2.2
                0x000000000001281e       0xe4 /tmp/ccRd4DyU.ltrans7.ltrans.o
 .rodata.str1.1
                0x0000000000012902      0x425 /tmp/ccRd4DyU.ltrans8.ltrans.o
                                        0x644 (size before relaxing)
 *fill*         0x0000000000012d27        0x1 
 .rodata.__FUNCTION__.2868
                0x0000000000012d28        0x8 /tmp/ccRd4DyU.ltrans8.ltrans.o
 .rodata.__FUNCTION__.3147
                0x0000000000012d30       0x16 /tmp/ccRd4DyU.ltrans8.ltrans.o
 .rodata.str1.1
                0x0000000000012d46       0xc9 /tmp/ccRd4DyU.ltrans9.ltrans.o
                                        0x12f (size before relaxing)
 *fill*         0x0000000000012e0f        0x1 
 .rodata.str2.2
                0x0000000000012e10      0x40c /tmp/ccRd4DyU.ltrans9.ltrans.o
                                        0x4d0 (size before relaxing)
 .rodata.mUefiDevicePathLibEndDevicePath
                0x000000000001321c        0x4 /tmp/ccRd4DyU.ltrans9.ltrans.o
 .rodata.str1.1
                0x0000000000013220      0x10c /tmp/ccRd4DyU.ltrans10.ltrans.o
                                        0x1a2 (size before relaxing)
 .rodata.str2.2
                0x000000000001332c       0x2c /tmp/ccRd4DyU.ltrans10.ltrans.o
 *fill*         0x0000000000013358        0x8 
 .rodata.__FUNCTION__.19307
                0x0000000000013360       0x11 /tmp/ccRd4DyU.ltrans10.ltrans.o
 .rodata.str1.1
                0x0000000000013371      0x155 /tmp/ccRd4DyU.ltrans11.ltrans.o
                                        0x315 (size before relaxing)
 .rodata.str2.2
                0x00000000000134c6       0xf2 /tmp/ccRd4DyU.ltrans11.ltrans.o
                                        0x14a (size before relaxing)
 .rodata._gUefiDriverRevision
                0x00000000000135b8        0x4 /tmp/ccRd4DyU.ltrans11.ltrans.o
                0x00000000000135b8                _gPcd_FixedAtBuild_PcdMaximumDevicePathNodeCount
                0x00000000000135b8                _gUefiDriverRevision
                0x00000000000135b8                _gPcd_FixedAtBuild_PcdControlFlowEnforcementPropertyMask
 *fill*         0x00000000000135bc        0x4 
 .rodata.__FUNCTION__.19161
                0x00000000000135c0       0x17 /tmp/ccRd4DyU.ltrans11.ltrans.o
 *fill*         0x00000000000135d7        0x9 
 .rodata._gPcd_FixedAtBuild_PcdDriverHealthConfigureForm
                0x00000000000135e0       0x10 /tmp/ccRd4DyU.ltrans11.ltrans.o
 .rodata.mEndOfPakageList
                0x00000000000135f0        0x4 /tmp/ccRd4DyU.ltrans11.ltrans.o
 .rodata._gPcd_FixedAtBuild_PcdPerformanceLibraryPropertyMask
                0x00000000000135f4        0x1 /tmp/ccRd4DyU.ltrans11.ltrans.o
                0x00000000000135f4                _gPcd_FixedAtBuild_PcdVerifyNodeInList
                0x00000000000135f4                _gPcd_FixedAtBuild_PcdPerformanceLibraryPropertyMask
 *fill*         0x00000000000135f5        0xb 
 .rodata._gPcd_FixedAtBuild_PcdBootManagerMenuFile
                0x0000000000013600       0x10 /tmp/ccRd4DyU.ltrans11.ltrans.o
                0x0000000000013600                _gPcd_FixedAtBuild_PcdBootManagerMenuFile
 .rodata.str2.2
                0x0000000000013610       0xcc /tmp/ccRd4DyU.ltrans12.ltrans.o
                                         0xe8 (size before relaxing)
 .rodata.str1.1
                0x00000000000136dc      0x144 /tmp/ccRd4DyU.ltrans12.ltrans.o
                                        0x471 (size before relaxing)
 .rodata.__FUNCTION__.2845
                0x0000000000013820        0x8 /tmp/ccRd4DyU.ltrans12.ltrans.o
 .rodata.str1.1
                0x0000000000013828      0x19a /tmp/ccRd4DyU.ltrans13.ltrans.o
 .rodata.str2.2
                0x00000000000139c2       0x62 /tmp/ccRd4DyU.ltrans13.ltrans.o
 .rodata.str1.1
                0x0000000000013a24      0x1db /tmp/ccRd4DyU.ltrans14.ltrans.o
                                        0x3be (size before relaxing)
 *fill*         0x0000000000013bff        0x1 
 .rodata.mHexStr
                0x0000000000013c00       0x10 /tmp/ccRd4DyU.ltrans14.ltrans.o
 *(.got .got.*)
 .got           0x0000000000013c10        0x0 BootManagerMenu.obj (symbol from plugin)
 .got.plt       0x0000000000013c10        0x0 BootManagerMenu.obj (symbol from plugin)
 *:AutoGen.obj(.data.g*Guid)

.plt            0x0000000000013c10        0x0
 .plt           0x0000000000013c10        0x0 BootManagerMenu.obj (symbol from plugin)

.plt.got        0x0000000000013c10        0x0
 .plt.got       0x0000000000013c10        0x0 BootManagerMenu.obj (symbol from plugin)

.data           0x0000000000013c40      0xb58
 *(.data .data.* .gnu.linkonce.d.*)
 .data.gEdkiiPlatformBootManagerProtocolGuid
                0x0000000000013c40       0x10 /tmp/ccRd4DyU.ltrans0.ltrans.o
 .data.gEfiSimpleTextInputExProtocolGuid
                0x0000000000013c50       0x10 /tmp/ccRd4DyU.ltrans0.ltrans.o
 .data.gEfiEventReadyToBootGuid
                0x0000000000013c60       0x10 /tmp/ccRd4DyU.ltrans0.ltrans.o
 .data.gEfiMemoryTypeInformationGuid
                0x0000000000013c70       0x10 /tmp/ccRd4DyU.ltrans0.ltrans.o
 .data.gEfiFileInfoGuid
                0x0000000000013c80       0x10 /tmp/ccRd4DyU.ltrans0.ltrans.o
 .data.mBmAutoCreateBootOptionGuid
                0x0000000000013c90       0x10 /tmp/ccRd4DyU.ltrans0.ltrans.o
 .data._gPcd_BinaryPatch_PcdSetupConOutRow
                0x0000000000013ca0        0x4 /tmp/ccRd4DyU.ltrans0.ltrans.o
 .data._gPcd_BinaryPatch_PcdSetupConOutColumn
                0x0000000000013ca4        0x4 /tmp/ccRd4DyU.ltrans0.ltrans.o
 .data._gPcd_BinaryPatch_PcdSetupVideoVerticalResolution
                0x0000000000013ca8        0x4 /tmp/ccRd4DyU.ltrans0.ltrans.o
 .data._gPcd_BinaryPatch_PcdSetupVideoHorizontalResolution
                0x0000000000013cac        0x4 /tmp/ccRd4DyU.ltrans0.ltrans.o
 .data.gEfiGraphicsOutputProtocolGuid
                0x0000000000013cb0       0x10 /tmp/ccRd4DyU.ltrans0.ltrans.o
                0x0000000000013cb0                gEfiGraphicsOutputProtocolGuid
 .data.BootManagerMenuAppStrings
                0x0000000000013cc0      0x20e /tmp/ccRd4DyU.ltrans0.ltrans.o
 *fill*         0x0000000000013ece        0x2 
 .data.gEfiBootLogoProtocolGuid
                0x0000000000013ed0       0x10 /tmp/ccRd4DyU.ltrans0.ltrans.o
 .data.gEfiLoadedImageDevicePathProtocolGuid
                0x0000000000013ee0       0x10 /tmp/ccRd4DyU.ltrans1.ltrans.o
 .data._gPcd_BinaryPatch_PcdVideoVerticalResolution
                0x0000000000013ef0        0x4 /tmp/ccRd4DyU.ltrans1.ltrans.o
 .data._gPcd_BinaryPatch_PcdVideoHorizontalResolution
                0x0000000000013ef4        0x4 /tmp/ccRd4DyU.ltrans1.ltrans.o
 .data._gPcd_BinaryPatch_PcdConOutRow
                0x0000000000013ef8        0x4 /tmp/ccRd4DyU.ltrans1.ltrans.o
 .data._gPcd_BinaryPatch_PcdConOutColumn
                0x0000000000013efc        0x4 /tmp/ccRd4DyU.ltrans1.ltrans.o
 .data.gEfiPersistentVirtualCdGuid
                0x0000000000013f00       0x10 /tmp/ccRd4DyU.ltrans2.ltrans.o
 .data.gEfiPersistentVirtualDiskGuid
                0x0000000000013f10       0x10 /tmp/ccRd4DyU.ltrans2.ltrans.o
 .data.gEfiVirtualCdGuid
                0x0000000000013f20       0x10 /tmp/ccRd4DyU.ltrans2.ltrans.o
 .data.gEfiVirtualDiskGuid
                0x0000000000013f30       0x10 /tmp/ccRd4DyU.ltrans2.ltrans.o
 .data.rel.ro.local.mUefiDevicePathLibToTextTableGeneric
                0x0000000000013f40       0x60 /tmp/ccRd4DyU.ltrans2.ltrans.o
 .data.rel.ro.local.mUefiDevicePathLibToTextTable
                0x0000000000013fa0      0x320 /tmp/ccRd4DyU.ltrans3.ltrans.o
 .data.gEfiHobListGuid
                0x00000000000142c0       0x10 /tmp/ccRd4DyU.ltrans3.ltrans.o
 .data.gEfiHiiImageProtocolGuid
                0x00000000000142d0       0x10 /tmp/ccRd4DyU.ltrans3.ltrans.o
 .data.gEfiHiiFontProtocolGuid
                0x00000000000142e0       0x10 /tmp/ccRd4DyU.ltrans3.ltrans.o
 .data.gEfiHiiConfigRoutingProtocolGuid
                0x00000000000142f0       0x10 /tmp/ccRd4DyU.ltrans3.ltrans.o
 .data.gEfiHiiDatabaseProtocolGuid
                0x0000000000014300       0x10 /tmp/ccRd4DyU.ltrans3.ltrans.o
 .data.gEfiHiiStringProtocolGuid
                0x0000000000014310       0x10 /tmp/ccRd4DyU.ltrans3.ltrans.o
 .data.gEfiDxeServicesTableGuid
                0x0000000000014320       0x10 /tmp/ccRd4DyU.ltrans3.ltrans.o
 .data.mBmHardDriveBootVariableGuid
                0x0000000000014330       0x10 /tmp/ccRd4DyU.ltrans4.ltrans.o
 .data.rel.local.mBmHotkeyList
                0x0000000000014340       0x10 /tmp/ccRd4DyU.ltrans5.ltrans.o
                0x0000000000014340                mBmHotkeyList
 *fill*         0x0000000000014350       0x10 
 .data.mBmHotkeyBootOption
                0x0000000000014360       0x58 /tmp/ccRd4DyU.ltrans5.ltrans.o
 *fill*         0x00000000000143b8        0x8 
 .data.gEfiComponentNameProtocolGuid
                0x00000000000143c0       0x10 /tmp/ccRd4DyU.ltrans5.ltrans.o
 .data.gEfiComponentName2ProtocolGuid
                0x00000000000143d0       0x10 /tmp/ccRd4DyU.ltrans5.ltrans.o
 .data.gEfiGlobalVariableGuid
                0x00000000000143e0       0x10 /tmp/ccRd4DyU.ltrans6.ltrans.o
                0x00000000000143e0                gEfiGlobalVariableGuid
 *fill*         0x00000000000143f0       0x10 
 .data.rel.ro.local.mBmLoadOptionOrderName
                0x0000000000014400       0x20 /tmp/ccRd4DyU.ltrans6.ltrans.o
                0x0000000000014400                mBmLoadOptionOrderName
 .data.gEfiDiskInfoSdMmcInterfaceGuid
                0x0000000000014420       0x10 /tmp/ccRd4DyU.ltrans7.ltrans.o
 .data.gEfiDiskInfoScsiInterfaceGuid
                0x0000000000014430       0x10 /tmp/ccRd4DyU.ltrans7.ltrans.o
 .data.gEfiDiskInfoIdeInterfaceGuid
                0x0000000000014440       0x10 /tmp/ccRd4DyU.ltrans7.ltrans.o
 .data.gEfiDiskInfoAhciInterfaceGuid
                0x0000000000014450       0x10 /tmp/ccRd4DyU.ltrans7.ltrans.o
 .data.gEfiDiskInfoProtocolGuid
                0x0000000000014460       0x10 /tmp/ccRd4DyU.ltrans7.ltrans.o
 .data.gEfiUsbIoProtocolGuid
                0x0000000000014470       0x10 /tmp/ccRd4DyU.ltrans7.ltrans.o
                0x0000000000014470                gEfiUsbIoProtocolGuid
 .data.gEfiLoadFileProtocolGuid
                0x0000000000014480       0x10 /tmp/ccRd4DyU.ltrans7.ltrans.o
                0x0000000000014480                gEfiLoadFileProtocolGuid
 .data.gEfiNvmExpressPassThruProtocolGuid
                0x0000000000014490       0x10 /tmp/ccRd4DyU.ltrans7.ltrans.o
 .data.gEfiDevicePathProtocolGuid
                0x00000000000144a0       0x10 /tmp/ccRd4DyU.ltrans7.ltrans.o
                0x00000000000144a0                gEfiDevicePathProtocolGuid
 .data.gEfiDebugPortProtocolGuid
                0x00000000000144b0       0x10 /tmp/ccRd4DyU.ltrans9.ltrans.o
 .data.gEfiSasDevicePathGuid
                0x00000000000144c0       0x10 /tmp/ccRd4DyU.ltrans9.ltrans.o
 .data.gEfiUartDevicePathGuid
                0x00000000000144d0       0x10 /tmp/ccRd4DyU.ltrans9.ltrans.o
 .data.gEfiVTUTF8Guid
                0x00000000000144e0       0x10 /tmp/ccRd4DyU.ltrans9.ltrans.o
 .data.gEfiVT100PlusGuid
                0x00000000000144f0       0x10 /tmp/ccRd4DyU.ltrans9.ltrans.o
 .data.gEfiVT100Guid
                0x0000000000014500       0x10 /tmp/ccRd4DyU.ltrans9.ltrans.o
 .data.gEfiPcAnsiGuid
                0x0000000000014510       0x10 /tmp/ccRd4DyU.ltrans9.ltrans.o
 .data.gEfiLoadedImageProtocolGuid
                0x0000000000014520       0x10 /tmp/ccRd4DyU.ltrans10.ltrans.o
                0x0000000000014520                gEfiLoadedImageProtocolGuid
 .data.gEfiRamDiskProtocolGuid
                0x0000000000014530       0x10 /tmp/ccRd4DyU.ltrans10.ltrans.o
 .data.gEfiDriverHealthProtocolGuid
                0x0000000000014540       0x10 /tmp/ccRd4DyU.ltrans11.ltrans.o
                0x0000000000014540                gEfiDriverHealthProtocolGuid
 *fill*         0x0000000000014550       0x10 
 .data.rel.ro.local.mBmHealthStatusText
                0x0000000000014560       0x30 /tmp/ccRd4DyU.ltrans11.ltrans.o
 .data.gEfiFormBrowser2ProtocolGuid
                0x0000000000014590       0x10 /tmp/ccRd4DyU.ltrans11.ltrans.o
 .data.gEfiCallerIdGuid
                0x00000000000145a0       0x10 /tmp/ccRd4DyU.ltrans11.ltrans.o
                0x00000000000145a0                gEfiCallerIdGuid
 .data.mBmHotkeyLock
                0x00000000000145b0       0x18 /tmp/ccRd4DyU.ltrans11.ltrans.o
                0x00000000000145b0                mBmHotkeyLock
 *fill*         0x00000000000145c8        0x8 
 .data.gEfiFirmwareVolume2ProtocolGuid
                0x00000000000145d0       0x10 /tmp/ccRd4DyU.ltrans11.ltrans.o
                0x00000000000145d0                gEfiFirmwareVolume2ProtocolGuid
 .data.rel.ro.local.mBmLoadOptionName
                0x00000000000145e0       0x20 /tmp/ccRd4DyU.ltrans11.ltrans.o
                0x00000000000145e0                mBmLoadOptionName
 .data.gEfiSimpleFileSystemProtocolGuid
                0x0000000000014600       0x10 /tmp/ccRd4DyU.ltrans12.ltrans.o
                0x0000000000014600                gEfiSimpleFileSystemProtocolGuid
 .data.gEfiBlockIoProtocolGuid
                0x0000000000014610       0x10 /tmp/ccRd4DyU.ltrans12.ltrans.o
                0x0000000000014610                gEfiBlockIoProtocolGuid
 .data.rel.local.mPlatformBootDescriptionHandlers
                0x0000000000014620       0x10 /tmp/ccRd4DyU.ltrans12.ltrans.o
 .data.mBmUefiPrefix
                0x0000000000014630        0xc /tmp/ccRd4DyU.ltrans12.ltrans.o
 *fill*         0x000000000001463c        0x4 
 .data.rel.ro.local.mBmBootDescriptionHandlers
                0x0000000000014640       0x30 /tmp/ccRd4DyU.ltrans12.ltrans.o
 .data.gEdkiiVariableLockProtocolGuid
                0x0000000000014670       0x10 /tmp/ccRd4DyU.ltrans12.ltrans.o
 .data.gEfiPciIoProtocolGuid
                0x0000000000014680       0x10 /tmp/ccRd4DyU.ltrans13.ltrans.o
 .data.gEfiSimpleTextOutProtocolGuid
                0x0000000000014690       0x10 /tmp/ccRd4DyU.ltrans13.ltrans.o
                0x0000000000014690                gEfiSimpleTextOutProtocolGuid
 .data.gEfiSimpleTextInProtocolGuid
                0x00000000000146a0       0x10 /tmp/ccRd4DyU.ltrans13.ltrans.o
 *fill*         0x00000000000146b0       0x10 
 .data.rel.ro.local.mConVarName
                0x00000000000146c0       0x30 /tmp/ccRd4DyU.ltrans13.ltrans.o
 .data.rel.ro   0x00000000000146f0        0x0 BootManagerMenu.obj (symbol from plugin)
 *(.bss .bss.*)
 .bss.mSetupTextModeRow
                0x00000000000146f0        0x4 /tmp/ccRd4DyU.ltrans0.ltrans.o
                0x00000000000146f0                mSetupTextModeRow
 .bss.mSetupTextModeColumn
                0x00000000000146f4        0x4 /tmp/ccRd4DyU.ltrans0.ltrans.o
                0x00000000000146f4                mSetupTextModeColumn
 .bss.mSetupVerticalResolution
                0x00000000000146f8        0x4 /tmp/ccRd4DyU.ltrans0.ltrans.o
                0x00000000000146f8                mSetupVerticalResolution
 .bss.mSetupHorizontalResolution
                0x00000000000146fc        0x4 /tmp/ccRd4DyU.ltrans0.ltrans.o
                0x00000000000146fc                mSetupHorizontalResolution
 .bss.mBootTextModeRow
                0x0000000000014700        0x4 /tmp/ccRd4DyU.ltrans0.ltrans.o
                0x0000000000014700                mBootTextModeRow
 .bss.mBootTextModeColumn
                0x0000000000014704        0x4 /tmp/ccRd4DyU.ltrans0.ltrans.o
                0x0000000000014704                mBootTextModeColumn
 .bss.mBootVerticalResolution
                0x0000000000014708        0x4 /tmp/ccRd4DyU.ltrans0.ltrans.o
                0x0000000000014708                mBootVerticalResolution
 .bss.mBootHorizontalResolution
                0x000000000001470c        0x4 /tmp/ccRd4DyU.ltrans0.ltrans.o
                0x000000000001470c                mBootHorizontalResolution
 .bss.mModeInitialized
                0x0000000000014710        0x1 /tmp/ccRd4DyU.ltrans0.ltrans.o
 *fill*         0x0000000000014711        0x7 
 .bss.gStringPackHandle
                0x0000000000014718        0x8 /tmp/ccRd4DyU.ltrans0.ltrans.o
                0x0000000000014718                gStringPackHandle
 .bss.mHobList  0x0000000000014720        0x8 /tmp/ccRd4DyU.ltrans3.ltrans.o
 .bss.mExitBootServicesEvent
                0x0000000000014728        0x8 /tmp/ccRd4DyU.ltrans3.ltrans.o
 .bss.gHiiImage
                0x0000000000014730        0x8 /tmp/ccRd4DyU.ltrans3.ltrans.o
 .bss.gHiiFont  0x0000000000014738        0x8 /tmp/ccRd4DyU.ltrans3.ltrans.o
 .bss.gHiiConfigRouting
                0x0000000000014740        0x8 /tmp/ccRd4DyU.ltrans3.ltrans.o
 .bss.gRT       0x0000000000014748        0x8 /tmp/ccRd4DyU.ltrans6.ltrans.o
                0x0000000000014748                gRT
 .bss.gHiiString
                0x0000000000014750        0x8 /tmp/ccRd4DyU.ltrans6.ltrans.o
                0x0000000000014750                gHiiString
 .bss.gBS       0x0000000000014758        0x8 /tmp/ccRd4DyU.ltrans6.ltrans.o
                0x0000000000014758                gBS
 .bss.mDebugST  0x0000000000014760        0x8 /tmp/ccRd4DyU.ltrans6.ltrans.o
                0x0000000000014760                mDebugST
 .bss.mPostEBS  0x0000000000014768        0x1 /tmp/ccRd4DyU.ltrans6.ltrans.o
                0x0000000000014768                mPostEBS
 *fill*         0x0000000000014769        0x7 
 .bss.gImageHandle
                0x0000000000014770        0x8 /tmp/ccRd4DyU.ltrans7.ltrans.o
                0x0000000000014770                gImageHandle
 .bss.mRamDisk  0x0000000000014778        0x8 /tmp/ccRd4DyU.ltrans10.ltrans.o
 .bss.gHiiDatabase
                0x0000000000014780        0x8 /tmp/ccRd4DyU.ltrans11.ltrans.o
                0x0000000000014780                gHiiDatabase
 .bss.gDS       0x0000000000014788        0x8 /tmp/ccRd4DyU.ltrans13.ltrans.o
                0x0000000000014788                gDS
 .bss.gST       0x0000000000014790        0x8 /tmp/ccRd4DyU.ltrans13.ltrans.o
                0x0000000000014790                gST

.eh_frame       0x00000000000147c0        0x0
 *(.eh_frame)
 .eh_frame      0x00000000000147c0        0x0 BootManagerMenu.obj (symbol from plugin)
 .eh_frame      0x00000000000147c0        0x0 BootManagerMenu.obj (symbol from plugin)

.dynbss         0x00000000000147c0        0x0
 .dynbss        0x00000000000147c0        0x0 BootManagerMenu.obj (symbol from plugin)

.gnu.version_d  0x00000000000147c0        0x0
 .gnu.version_d
                0x00000000000147c0        0x0 BootManagerMenu.obj (symbol from plugin)

.gnu.version    0x00000000000147c0        0x0
 .gnu.version   0x00000000000147c0        0x0 BootManagerMenu.obj (symbol from plugin)

.gnu.version_r  0x00000000000147c0        0x0
 .gnu.version_r
                0x00000000000147c0        0x0 BootManagerMenu.obj (symbol from plugin)

.rela           0x00000000000147c0      0x7c8
 *(.rela .rela.*)
 .rela.plt      0x00000000000147c0        0x0 BootManagerMenu.obj (symbol from plugin)
 .rela.got      0x00000000000147c0        0x0 BootManagerMenu.obj (symbol from plugin)
 .rela.bss      0x00000000000147c0        0x0 BootManagerMenu.obj (symbol from plugin)
 .rela.data.rel.ro
                0x00000000000147c0        0x0 BootManagerMenu.obj (symbol from plugin)
 .rela.ifunc    0x00000000000147c0        0x0 BootManagerMenu.obj (symbol from plugin)
 .rela.data.rel.ro.local.mUefiDevicePathLibToTextTableGeneric
                0x00000000000147c0       0x78 BootManagerMenu.obj (symbol from plugin)
 .rela.data.rel.ro.local.mUefiDevicePathLibToTextTable
                0x0000000000014838      0x498 BootManagerMenu.obj (symbol from plugin)
 .rela.data.rel.local.mBmHotkeyList
                0x0000000000014cd0       0x30 BootManagerMenu.obj (symbol from plugin)
 .rela.data.rel.ro.local.mBmLoadOptionOrderName
                0x0000000000014d00       0x48 BootManagerMenu.obj (symbol from plugin)
 .rela.data.rel.ro.local.mBmHealthStatusText
                0x0000000000014d48       0x90 BootManagerMenu.obj (symbol from plugin)
 .rela.data.rel.ro.local.mBmLoadOptionName
                0x0000000000014dd8       0x60 BootManagerMenu.obj (symbol from plugin)
 .rela.data.rel.local.mPlatformBootDescriptionHandlers
                0x0000000000014e38       0x30 BootManagerMenu.obj (symbol from plugin)
 .rela.data.rel.ro.local.mBmBootDescriptionHandlers
                0x0000000000014e68       0x90 BootManagerMenu.obj (symbol from plugin)
 .rela.data.rel.ro.local.mConVarName
                0x0000000000014ef8       0x90 BootManagerMenu.obj (symbol from plugin)

.hii
 *(.hii)

.build-id       0x0000000000014f88       0x24
 *(.note.gnu.build-id)
 .note.gnu.build-id
                0x0000000000014f88       0x24 BootManagerMenu.obj (symbol from plugin)

/DISCARD/
 *(.note.GNU-stack)
 *(.gnu_debuglink)
 *(.interp)
 *(.dynsym)
 *(.dynstr)
 *(.dynamic)
 *(.hash .gnu.hash)
 *(.comment)
OUTPUT(/home/hcj/UEFIWorkspace/Build/MdeModule/DEBUG_GCC5/X64/MdeModulePkg/Application/BootManagerMenuApp/BootManagerMenuApp/DEBUG/BootManagerMenuApp.dll elf64-x86-64)

.debug_info     0x0000000000000000    0x2ad40
 .debug_info    0x0000000000000000     0x6f49 /tmp/ccRd4DyU.ltrans0.ltrans.o
 .debug_info    0x0000000000006f49     0x2df2 /tmp/ccRd4DyU.ltrans1.ltrans.o
 .debug_info    0x0000000000009d3b     0x352f /tmp/ccRd4DyU.ltrans2.ltrans.o
 .debug_info    0x000000000000d26a     0x39c0 /tmp/ccRd4DyU.ltrans3.ltrans.o
 .debug_info    0x0000000000010c2a     0x2501 /tmp/ccRd4DyU.ltrans4.ltrans.o
 .debug_info    0x000000000001312b     0x21d1 /tmp/ccRd4DyU.ltrans5.ltrans.o
 .debug_info    0x00000000000152fc     0x2e48 /tmp/ccRd4DyU.ltrans6.ltrans.o
 .debug_info    0x0000000000018144     0x39d3 /tmp/ccRd4DyU.ltrans7.ltrans.o
 .debug_info    0x000000000001bb17     0x1528 /tmp/ccRd4DyU.ltrans8.ltrans.o
 .debug_info    0x000000000001d03f     0x205d /tmp/ccRd4DyU.ltrans9.ltrans.o
 .debug_info    0x000000000001f09c     0x2fe4 /tmp/ccRd4DyU.ltrans10.ltrans.o
 .debug_info    0x0000000000022080     0x258f /tmp/ccRd4DyU.ltrans11.ltrans.o
 .debug_info    0x000000000002460f     0x1ac2 /tmp/ccRd4DyU.ltrans12.ltrans.o
 .debug_info    0x00000000000260d1     0x36b1 /tmp/ccRd4DyU.ltrans13.ltrans.o
 .debug_info    0x0000000000029782     0x1462 /tmp/ccRd4DyU.ltrans14.ltrans.o
 .debug_info    0x000000000002abe4      0x15c /tmp/ccRd4DyU.ltrans15.ltrans.o

.debug_abbrev   0x0000000000000000     0x3463
 .debug_abbrev  0x0000000000000000      0x3c2 /tmp/ccRd4DyU.ltrans0.ltrans.o
 .debug_abbrev  0x00000000000003c2      0x3ae /tmp/ccRd4DyU.ltrans1.ltrans.o
 .debug_abbrev  0x0000000000000770      0x283 /tmp/ccRd4DyU.ltrans2.ltrans.o
 .debug_abbrev  0x00000000000009f3      0x405 /tmp/ccRd4DyU.ltrans3.ltrans.o
 .debug_abbrev  0x0000000000000df8      0x25f /tmp/ccRd4DyU.ltrans4.ltrans.o
 .debug_abbrev  0x0000000000001057      0x378 /tmp/ccRd4DyU.ltrans5.ltrans.o
 .debug_abbrev  0x00000000000013cf      0x30c /tmp/ccRd4DyU.ltrans6.ltrans.o
 .debug_abbrev  0x00000000000016db      0x43d /tmp/ccRd4DyU.ltrans7.ltrans.o
 .debug_abbrev  0x0000000000001b18      0x330 /tmp/ccRd4DyU.ltrans8.ltrans.o
 .debug_abbrev  0x0000000000001e48      0x357 /tmp/ccRd4DyU.ltrans9.ltrans.o
 .debug_abbrev  0x000000000000219f      0x3ad /tmp/ccRd4DyU.ltrans10.ltrans.o
 .debug_abbrev  0x000000000000254c      0x394 /tmp/ccRd4DyU.ltrans11.ltrans.o
 .debug_abbrev  0x00000000000028e0      0x337 /tmp/ccRd4DyU.ltrans12.ltrans.o
 .debug_abbrev  0x0000000000002c17      0x40a /tmp/ccRd4DyU.ltrans13.ltrans.o
 .debug_abbrev  0x0000000000003021      0x37c /tmp/ccRd4DyU.ltrans14.ltrans.o
 .debug_abbrev  0x000000000000339d       0xc6 /tmp/ccRd4DyU.ltrans15.ltrans.o

.debug_loc      0x0000000000000000    0x197d6
 .debug_loc     0x0000000000000000     0x2951 /tmp/ccRd4DyU.ltrans0.ltrans.o
 .debug_loc     0x0000000000002951     0x24f6 /tmp/ccRd4DyU.ltrans1.ltrans.o
 .debug_loc     0x0000000000004e47     0x3dc2 /tmp/ccRd4DyU.ltrans2.ltrans.o
 .debug_loc     0x0000000000008c09     0x10e0 /tmp/ccRd4DyU.ltrans3.ltrans.o
 .debug_loc     0x0000000000009ce9     0x1318 /tmp/ccRd4DyU.ltrans4.ltrans.o
 .debug_loc     0x000000000000b001     0x1b41 /tmp/ccRd4DyU.ltrans5.ltrans.o
 .debug_loc     0x000000000000cb42     0x2204 /tmp/ccRd4DyU.ltrans6.ltrans.o
 .debug_loc     0x000000000000ed46     0x1139 /tmp/ccRd4DyU.ltrans7.ltrans.o
 .debug_loc     0x000000000000fe7f     0x24d6 /tmp/ccRd4DyU.ltrans8.ltrans.o
 .debug_loc     0x0000000000012355     0x1c9b /tmp/ccRd4DyU.ltrans9.ltrans.o
 .debug_loc     0x0000000000013ff0     0x1046 /tmp/ccRd4DyU.ltrans10.ltrans.o
 .debug_loc     0x0000000000015036     0x12e5 /tmp/ccRd4DyU.ltrans11.ltrans.o
 .debug_loc     0x000000000001631b      0xed8 /tmp/ccRd4DyU.ltrans12.ltrans.o
 .debug_loc     0x00000000000171f3     0x1061 /tmp/ccRd4DyU.ltrans13.ltrans.o
 .debug_loc     0x0000000000018254     0x148b /tmp/ccRd4DyU.ltrans14.ltrans.o
 .debug_loc     0x00000000000196df       0xf7 /tmp/ccRd4DyU.ltrans15.ltrans.o

.debug_aranges  0x0000000000000000      0xe10
 .debug_aranges
                0x0000000000000000       0x30 /tmp/ccRd4DyU.ltrans0.ltrans.o
 .debug_aranges
                0x0000000000000030       0x90 /tmp/ccRd4DyU.ltrans1.ltrans.o
 .debug_aranges
                0x00000000000000c0      0x2c0 /tmp/ccRd4DyU.ltrans2.ltrans.o
 .debug_aranges
                0x0000000000000380       0xf0 /tmp/ccRd4DyU.ltrans3.ltrans.o
 .debug_aranges
                0x0000000000000470       0x30 /tmp/ccRd4DyU.ltrans4.ltrans.o
 .debug_aranges
                0x00000000000004a0       0xd0 /tmp/ccRd4DyU.ltrans5.ltrans.o
 .debug_aranges
                0x0000000000000570       0xc0 /tmp/ccRd4DyU.ltrans6.ltrans.o
 .debug_aranges
                0x0000000000000630       0xb0 /tmp/ccRd4DyU.ltrans7.ltrans.o
 .debug_aranges
                0x00000000000006e0      0x120 /tmp/ccRd4DyU.ltrans8.ltrans.o
 .debug_aranges
                0x0000000000000800      0x1b0 /tmp/ccRd4DyU.ltrans9.ltrans.o
 .debug_aranges
                0x00000000000009b0       0x90 /tmp/ccRd4DyU.ltrans10.ltrans.o
 .debug_aranges
                0x0000000000000a40       0xc0 /tmp/ccRd4DyU.ltrans11.ltrans.o
 .debug_aranges
                0x0000000000000b00       0x80 /tmp/ccRd4DyU.ltrans12.ltrans.o
 .debug_aranges
                0x0000000000000b80       0xa0 /tmp/ccRd4DyU.ltrans13.ltrans.o
 .debug_aranges
                0x0000000000000c20      0x1c0 /tmp/ccRd4DyU.ltrans14.ltrans.o
 .debug_aranges
                0x0000000000000de0       0x30 /tmp/ccRd4DyU.ltrans15.ltrans.o

.debug_ranges   0x0000000000000000     0x3430
 .debug_ranges  0x0000000000000000      0xc30 /tmp/ccRd4DyU.ltrans0.ltrans.o
 .debug_ranges  0x0000000000000c30      0x4b0 /tmp/ccRd4DyU.ltrans1.ltrans.o
 .debug_ranges  0x00000000000010e0      0x320 /tmp/ccRd4DyU.ltrans2.ltrans.o
 .debug_ranges  0x0000000000001400      0x2c0 /tmp/ccRd4DyU.ltrans3.ltrans.o
 .debug_ranges  0x00000000000016c0      0x490 /tmp/ccRd4DyU.ltrans4.ltrans.o
 .debug_ranges  0x0000000000001b50      0x320 /tmp/ccRd4DyU.ltrans5.ltrans.o
 .debug_ranges  0x0000000000001e70       0xf0 /tmp/ccRd4DyU.ltrans6.ltrans.o
 .debug_ranges  0x0000000000001f60      0x110 /tmp/ccRd4DyU.ltrans7.ltrans.o
 .debug_ranges  0x0000000000002070      0x1e0 /tmp/ccRd4DyU.ltrans8.ltrans.o
 .debug_ranges  0x0000000000002250      0x360 /tmp/ccRd4DyU.ltrans9.ltrans.o
 .debug_ranges  0x00000000000025b0      0x300 /tmp/ccRd4DyU.ltrans10.ltrans.o
 .debug_ranges  0x00000000000028b0      0x240 /tmp/ccRd4DyU.ltrans11.ltrans.o
 .debug_ranges  0x0000000000002af0      0x270 /tmp/ccRd4DyU.ltrans12.ltrans.o
 .debug_ranges  0x0000000000002d60      0x420 /tmp/ccRd4DyU.ltrans13.ltrans.o
 .debug_ranges  0x0000000000003180      0x290 /tmp/ccRd4DyU.ltrans14.ltrans.o
 .debug_ranges  0x0000000000003410       0x20 /tmp/ccRd4DyU.ltrans15.ltrans.o

.debug_line     0x0000000000000000     0x81ab
 .debug_line    0x0000000000000000      0xfd5 /tmp/ccRd4DyU.ltrans0.ltrans.o
 .debug_line    0x0000000000000fd5      0x9f2 /tmp/ccRd4DyU.ltrans1.ltrans.o
 .debug_line    0x00000000000019c7      0x842 /tmp/ccRd4DyU.ltrans2.ltrans.o
 .debug_line    0x0000000000002209      0x9da /tmp/ccRd4DyU.ltrans3.ltrans.o
 .debug_line    0x0000000000002be3      0x5e4 /tmp/ccRd4DyU.ltrans4.ltrans.o
 .debug_line    0x00000000000031c7      0x7f9 /tmp/ccRd4DyU.ltrans5.ltrans.o
 .debug_line    0x00000000000039c0      0xaba /tmp/ccRd4DyU.ltrans6.ltrans.o
 .debug_line    0x000000000000447a      0x84e /tmp/ccRd4DyU.ltrans7.ltrans.o
 .debug_line    0x0000000000004cc8      0x527 /tmp/ccRd4DyU.ltrans8.ltrans.o
 .debug_line    0x00000000000051ef      0x7c3 /tmp/ccRd4DyU.ltrans9.ltrans.o
 .debug_line    0x00000000000059b2      0x6d9 /tmp/ccRd4DyU.ltrans10.ltrans.o
 .debug_line    0x000000000000608b      0x971 /tmp/ccRd4DyU.ltrans11.ltrans.o
 .debug_line    0x00000000000069fc      0x6bd /tmp/ccRd4DyU.ltrans12.ltrans.o
 .debug_line    0x00000000000070b9      0x8ef /tmp/ccRd4DyU.ltrans13.ltrans.o
 .debug_line    0x00000000000079a8      0x6f2 /tmp/ccRd4DyU.ltrans14.ltrans.o
 .debug_line    0x000000000000809a      0x111 /tmp/ccRd4DyU.ltrans15.ltrans.o

.debug_str      0x0000000000000000     0x939a
 .debug_str     0x0000000000000000     0x31aa /tmp/ccRd4DyU.ltrans0.ltrans.o
                                       0x37c8 (size before relaxing)
 .debug_str     0x00000000000031aa      0x449 /tmp/ccRd4DyU.ltrans1.ltrans.o
                                       0x10be (size before relaxing)
 .debug_str     0x00000000000035f3      0xb6f /tmp/ccRd4DyU.ltrans2.ltrans.o
                                        0xf7c (size before relaxing)
 .debug_str     0x0000000000004162      0x893 /tmp/ccRd4DyU.ltrans3.ltrans.o
                                       0x21a9 (size before relaxing)
 .debug_str     0x00000000000049f5      0x7dd /tmp/ccRd4DyU.ltrans4.ltrans.o
                                        0xf37 (size before relaxing)
 .debug_str     0x00000000000051d2      0x5a8 /tmp/ccRd4DyU.ltrans5.ltrans.o
                                        0xdb9 (size before relaxing)
 .debug_str     0x000000000000577a      0x5e6 /tmp/ccRd4DyU.ltrans6.ltrans.o
                                       0x1bdb (size before relaxing)
 .debug_str     0x0000000000005d60      0xf4a /tmp/ccRd4DyU.ltrans7.ltrans.o
                                       0x21a7 (size before relaxing)
 .debug_str     0x0000000000006caa      0x315 /tmp/ccRd4DyU.ltrans8.ltrans.o
                                        0x697 (size before relaxing)
 .debug_str     0x0000000000006fbf      0x40e /tmp/ccRd4DyU.ltrans9.ltrans.o
                                        0xa06 (size before relaxing)
 .debug_str     0x00000000000073cd      0x2bd /tmp/ccRd4DyU.ltrans10.ltrans.o
                                       0x1a8d (size before relaxing)
 .debug_str     0x000000000000768a      0x962 /tmp/ccRd4DyU.ltrans11.ltrans.o
                                       0x1543 (size before relaxing)
 .debug_str     0x0000000000007fec      0x348 /tmp/ccRd4DyU.ltrans12.ltrans.o
                                        0xc75 (size before relaxing)
 .debug_str     0x0000000000008334      0xe04 /tmp/ccRd4DyU.ltrans13.ltrans.o
                                       0x242d (size before relaxing)
 .debug_str     0x0000000000009138      0x22f /tmp/ccRd4DyU.ltrans14.ltrans.o
                                        0x7f3 (size before relaxing)
 .debug_str     0x0000000000009367       0x33 /tmp/ccRd4DyU.ltrans15.ltrans.o
                                        0x27b (size before relaxing)

.debug_frame    0x0000000000000000     0x45f8
 .debug_frame   0x0000000000000000       0xa8 /tmp/ccRd4DyU.ltrans0.ltrans.o
 .debug_frame   0x00000000000000a8      0x520 /tmp/ccRd4DyU.ltrans1.ltrans.o
 .debug_frame   0x00000000000005c8      0xad0 /tmp/ccRd4DyU.ltrans2.ltrans.o
 .debug_frame   0x0000000000001098      0x390 /tmp/ccRd4DyU.ltrans3.ltrans.o
 .debug_frame   0x0000000000001428      0x3f0 /tmp/ccRd4DyU.ltrans4.ltrans.o
 .debug_frame   0x0000000000001818      0x448 /tmp/ccRd4DyU.ltrans5.ltrans.o
 .debug_frame   0x0000000000001c60      0x3c8 /tmp/ccRd4DyU.ltrans6.ltrans.o
 .debug_frame   0x0000000000002028      0x488 /tmp/ccRd4DyU.ltrans7.ltrans.o
 .debug_frame   0x00000000000024b0      0x388 /tmp/ccRd4DyU.ltrans8.ltrans.o
 .debug_frame   0x0000000000002838      0x6e0 /tmp/ccRd4DyU.ltrans9.ltrans.o
 .debug_frame   0x0000000000002f18      0x490 /tmp/ccRd4DyU.ltrans10.ltrans.o
 .debug_frame   0x00000000000033a8      0x448 /tmp/ccRd4DyU.ltrans11.ltrans.o
 .debug_frame   0x00000000000037f0      0x380 /tmp/ccRd4DyU.ltrans12.ltrans.o
 .debug_frame   0x0000000000003b70      0x418 /tmp/ccRd4DyU.ltrans13.ltrans.o
 .debug_frame   0x0000000000003f88      0x600 /tmp/ccRd4DyU.ltrans14.ltrans.o
 .debug_frame   0x0000000000004588       0x70 /tmp/ccRd4DyU.ltrans15.ltrans.o
