Archive member included to satisfy reference by file (symbol)

/home/hcj/UEFIWorkspace/Build/OvmfX64/DEBUG_GCC5/X64/NetworkPkg/Ip4Dxe/Ip4Dxe/OUTPUT/Ip4Dxe.lib(Ip4Driver.obj)
                              (--whole-archive)
/home/hcj/UEFIWorkspace/Build/OvmfX64/DEBUG_GCC5/X64/NetworkPkg/Ip4Dxe/Ip4Dxe/OUTPUT/Ip4Dxe.lib(Ip4If.obj)
                              (--whole-archive)
/home/hcj/UEFIWorkspace/Build/OvmfX64/DEBUG_GCC5/X64/NetworkPkg/Ip4Dxe/Ip4Dxe/OUTPUT/Ip4Dxe.lib(Ip4Output.obj)
                              (--whole-archive)
/home/hcj/UEFIWorkspace/Build/OvmfX64/DEBUG_GCC5/X64/NetworkPkg/Ip4Dxe/Ip4Dxe/OUTPUT/Ip4Dxe.lib(Ip4Icmp.obj)
                              (--whole-archive)
/home/hcj/UEFIWorkspace/Build/OvmfX64/DEBUG_GCC5/X64/NetworkPkg/Ip4Dxe/Ip4Dxe/OUTPUT/Ip4Dxe.lib(Ip4Igmp.obj)
                              (--whole-archive)
/home/hcj/UEFIWorkspace/Build/OvmfX64/DEBUG_GCC5/X64/NetworkPkg/Ip4Dxe/Ip4Dxe/OUTPUT/Ip4Dxe.lib(Ip4Impl.obj)
                              (--whole-archive)
/home/hcj/UEFIWorkspace/Build/OvmfX64/DEBUG_GCC5/X64/NetworkPkg/Ip4Dxe/Ip4Dxe/OUTPUT/Ip4Dxe.lib(Ip4Common.obj)
                              (--whole-archive)
/home/hcj/UEFIWorkspace/Build/OvmfX64/DEBUG_GCC5/X64/NetworkPkg/Ip4Dxe/Ip4Dxe/OUTPUT/Ip4Dxe.lib(Ip4Option.obj)
                              (--whole-archive)
/home/hcj/UEFIWorkspace/Build/OvmfX64/DEBUG_GCC5/X64/NetworkPkg/Ip4Dxe/Ip4Dxe/OUTPUT/Ip4Dxe.lib(ComponentName.obj)
                              (--whole-archive)
/home/hcj/UEFIWorkspace/Build/OvmfX64/DEBUG_GCC5/X64/NetworkPkg/Ip4Dxe/Ip4Dxe/OUTPUT/Ip4Dxe.lib(Ip4Route.obj)
                              (--whole-archive)
/home/hcj/UEFIWorkspace/Build/OvmfX64/DEBUG_GCC5/X64/NetworkPkg/Ip4Dxe/Ip4Dxe/OUTPUT/Ip4Dxe.lib(Ip4Input.obj)
                              (--whole-archive)
/home/hcj/UEFIWorkspace/Build/OvmfX64/DEBUG_GCC5/X64/NetworkPkg/Ip4Dxe/Ip4Dxe/OUTPUT/Ip4Dxe.lib(Ip4Config2Impl.obj)
                              (--whole-archive)
/home/hcj/UEFIWorkspace/Build/OvmfX64/DEBUG_GCC5/X64/NetworkPkg/Ip4Dxe/Ip4Dxe/OUTPUT/Ip4Dxe.lib(Ip4Config2.obj)
                              (--whole-archive)
/home/hcj/UEFIWorkspace/Build/OvmfX64/DEBUG_GCC5/X64/NetworkPkg/Ip4Dxe/Ip4Dxe/OUTPUT/Ip4Dxe.lib(Ip4Config2Nv.obj)
                              (--whole-archive)
/home/hcj/UEFIWorkspace/Build/OvmfX64/DEBUG_GCC5/X64/NetworkPkg/Ip4Dxe/Ip4Dxe/OUTPUT/Ip4Dxe.lib(AutoGen.obj)
                              (--whole-archive)
/home/hcj/UEFIWorkspace/Build/OvmfX64/DEBUG_GCC5/X64/MdePkg/Library/RegisterFilterLibNull/RegisterFilterLibNull/OUTPUT/FilterLibNull.lib(RegisterFilterLibNull.obj)
                              (--whole-archive)
/home/hcj/UEFIWorkspace/Build/OvmfX64/DEBUG_GCC5/X64/MdePkg/Library/DxePcdLib/DxePcdLib/OUTPUT/DxePcdLib.lib(DxePcdLib.obj)
                              (--whole-archive)
/home/hcj/UEFIWorkspace/Build/OvmfX64/DEBUG_GCC5/X64/MdePkg/Library/BaseMemoryLibRepStr/BaseMemoryLibRepStr/OUTPUT/BaseMemoryLibRepStr.lib(ScanMem64Wrapper.obj)
                              (--whole-archive)
/home/hcj/UEFIWorkspace/Build/OvmfX64/DEBUG_GCC5/X64/MdePkg/Library/BaseMemoryLibRepStr/BaseMemoryLibRepStr/OUTPUT/BaseMemoryLibRepStr.lib(ScanMem32Wrapper.obj)
                              (--whole-archive)
/home/hcj/UEFIWorkspace/Build/OvmfX64/DEBUG_GCC5/X64/MdePkg/Library/BaseMemoryLibRepStr/BaseMemoryLibRepStr/OUTPUT/BaseMemoryLibRepStr.lib(ScanMem16Wrapper.obj)
                              (--whole-archive)
/home/hcj/UEFIWorkspace/Build/OvmfX64/DEBUG_GCC5/X64/MdePkg/Library/BaseMemoryLibRepStr/BaseMemoryLibRepStr/OUTPUT/BaseMemoryLibRepStr.lib(ScanMem8Wrapper.obj)
                              (--whole-archive)
/home/hcj/UEFIWorkspace/Build/OvmfX64/DEBUG_GCC5/X64/MdePkg/Library/BaseMemoryLibRepStr/BaseMemoryLibRepStr/OUTPUT/BaseMemoryLibRepStr.lib(ZeroMemWrapper.obj)
                              (--whole-archive)
/home/hcj/UEFIWorkspace/Build/OvmfX64/DEBUG_GCC5/X64/MdePkg/Library/BaseMemoryLibRepStr/BaseMemoryLibRepStr/OUTPUT/BaseMemoryLibRepStr.lib(CompareMemWrapper.obj)
                              (--whole-archive)
/home/hcj/UEFIWorkspace/Build/OvmfX64/DEBUG_GCC5/X64/MdePkg/Library/BaseMemoryLibRepStr/BaseMemoryLibRepStr/OUTPUT/BaseMemoryLibRepStr.lib(SetMem64Wrapper.obj)
                              (--whole-archive)
/home/hcj/UEFIWorkspace/Build/OvmfX64/DEBUG_GCC5/X64/MdePkg/Library/BaseMemoryLibRepStr/BaseMemoryLibRepStr/OUTPUT/BaseMemoryLibRepStr.lib(SetMem32Wrapper.obj)
                              (--whole-archive)
/home/hcj/UEFIWorkspace/Build/OvmfX64/DEBUG_GCC5/X64/MdePkg/Library/BaseMemoryLibRepStr/BaseMemoryLibRepStr/OUTPUT/BaseMemoryLibRepStr.lib(SetMem16Wrapper.obj)
                              (--whole-archive)
/home/hcj/UEFIWorkspace/Build/OvmfX64/DEBUG_GCC5/X64/MdePkg/Library/BaseMemoryLibRepStr/BaseMemoryLibRepStr/OUTPUT/BaseMemoryLibRepStr.lib(SetMemWrapper.obj)
                              (--whole-archive)
[...]
Memory Configuration

Name             Origin             Length             Attributes
*default*        0x0000000000000000 0xffffffffffffffff

Linker script and memory map

LOAD /tmp/ccxbF5hx.ltrans0.ltrans.o
LOAD /tmp/ccxbF5hx.ltrans1.ltrans.o
LOAD /tmp/ccxbF5hx.ltrans2.ltrans.o
LOAD /tmp/ccxbF5hx.ltrans3.ltrans.o
LOAD /tmp/ccxbF5hx.ltrans4.ltrans.o
LOAD /tmp/ccxbF5hx.ltrans5.ltrans.o
LOAD /tmp/ccxbF5hx.ltrans6.ltrans.o
LOAD /tmp/ccxbF5hx.ltrans7.ltrans.o
LOAD /tmp/ccxbF5hx.ltrans8.ltrans.o
LOAD /tmp/ccxbF5hx.ltrans9.ltrans.o
LOAD /tmp/ccxbF5hx.ltrans10.ltrans.o
LOAD /tmp/ccxbF5hx.ltrans11.ltrans.o
LOAD /tmp/ccxbF5hx.ltrans12.ltrans.o
LOAD /tmp/ccxbF5hx.ltrans13.ltrans.o
LOAD /tmp/ccxbF5hx.ltrans14.ltrans.o
LOAD /tmp/ccxbF5hx.ltrans15.ltrans.o
LOAD /tmp/ccxbF5hx.ltrans16.ltrans.o
LOAD /tmp/ccxbF5hx.ltrans17.ltrans.o
START GROUP
LOAD /home/hcj/UEFIWorkspace/Build/OvmfX64/DEBUG_GCC5/X64/NetworkPkg/Ip4Dxe/Ip4Dxe/OUTPUT/Ip4Dxe.lib
LOAD /home/hcj/UEFIWorkspace/Build/OvmfX64/DEBUG_GCC5/X64/MdePkg/Library/RegisterFilterLibNull/RegisterFilterLibNull/OUTPUT/FilterLibNull.lib
LOAD /home/hcj/UEFIWorkspace/Build/OvmfX64/DEBUG_GCC5/X64/MdePkg/Library/DxePcdLib/DxePcdLib/OUTPUT/DxePcdLib.lib
LOAD /home/hcj/UEFIWorkspace/Build/OvmfX64/DEBUG_GCC5/X64/MdePkg/Library/BaseMemoryLibRepStr/BaseMemoryLibRepStr/OUTPUT/BaseMemoryLibRepStr.lib
LOAD /home/hcj/UEFIWorkspace/Build/OvmfX64/DEBUG_GCC5/X64/MdePkg/Library/BaseLib/BaseLib/OUTPUT/BaseLib.lib
LOAD /home/hcj/UEFIWorkspace/Build/OvmfX64/DEBUG_GCC5/X64/MdePkg/Library/BaseDebugPrintErrorLevelLib/BaseDebugPrintErrorLevelLib/OUTPUT/BaseDebugPrintErrorLevelLib.lib
LOAD /home/hcj/UEFIWorkspace/Build/OvmfX64/DEBUG_GCC5/X64/MdePkg/Library/BaseIoLibIntrinsic/BaseIoLibIntrinsicSev/OUTPUT/BaseIoLibIntrinsicSev.lib
LOAD /home/hcj/UEFIWorkspace/Build/OvmfX64/DEBUG_GCC5/X64/MdePkg/Library/BasePrintLib/BasePrintLib/OUTPUT/BasePrintLib.lib
LOAD /home/hcj/UEFIWorkspace/Build/OvmfX64/DEBUG_GCC5/X64/OvmfPkg/Library/PlatformDebugLibIoPort/PlatformDebugLibIoPort/OUTPUT/PlatformDebugLibIoPort.lib
LOAD /home/hcj/UEFIWorkspace/Build/OvmfX64/DEBUG_GCC5/X64/MdePkg/Library/UefiBootServicesTableLib/UefiBootServicesTableLib/OUTPUT/UefiBootServicesTableLib.lib
LOAD /home/hcj/UEFIWorkspace/Build/OvmfX64/DEBUG_GCC5/X64/MdePkg/Library/UefiMemoryAllocationLib/UefiMemoryAllocationLib/OUTPUT/UefiMemoryAllocationLib.lib
LOAD /home/hcj/UEFIWorkspace/Build/OvmfX64/DEBUG_GCC5/X64/MdePkg/Library/UefiDevicePathLibDevicePathProtocol/UefiDevicePathLibDevicePathProtocol/OUTPUT/UefiDevicePathLibDevicePathProtocol.lib
LOAD /home/hcj/UEFIWorkspace/Build/OvmfX64/DEBUG_GCC5/X64/MdePkg/Library/UefiRuntimeServicesTableLib/UefiRuntimeServicesTableLib/OUTPUT/UefiRuntimeServicesTableLib.lib
LOAD /home/hcj/UEFIWorkspace/Build/OvmfX64/DEBUG_GCC5/X64/MdePkg/Library/UefiLib/UefiLib/OUTPUT/UefiLib.lib
LOAD /home/hcj/UEFIWorkspace/Build/OvmfX64/DEBUG_GCC5/X64/MdeModulePkg/Library/UefiHiiServicesLib/UefiHiiServicesLib/OUTPUT/UefiHiiServicesLib.lib
LOAD /home/hcj/UEFIWorkspace/Build/OvmfX64/DEBUG_GCC5/X64/MdePkg/Library/UefiDriverEntryPoint/UefiDriverEntryPoint/OUTPUT/UefiDriverEntryPoint.lib
LOAD /home/hcj/UEFIWorkspace/Build/OvmfX64/DEBUG_GCC5/X64/NetworkPkg/Library/DxeNetLib/DxeNetLib/OUTPUT/DxeNetLib.lib
LOAD /home/hcj/UEFIWorkspace/Build/OvmfX64/DEBUG_GCC5/X64/NetworkPkg/Library/DxeDpcLib/DxeDpcLib/OUTPUT/DxeDpcLib.lib
LOAD /home/hcj/UEFIWorkspace/Build/OvmfX64/DEBUG_GCC5/X64/MdeModulePkg/Library/UefiHiiLib/UefiHiiLib/OUTPUT/UefiHiiLib.lib
END GROUP
                0x0000000000000228                PECOFF_HEADER_SIZE = 0x228
                0x0000000000000228                . = PECOFF_HEADER_SIZE

.text           0x0000000000000240    0x13b86
 *(.text .text.* .stub .gnu.linkonce.t.*)
 .text.Ip4DriverBindingSupported
                0x0000000000000240       0x6e /tmp/ccxbF5hx.ltrans0.ltrans.o
                0x0000000000000240                Ip4DriverBindingSupported
 .text.IpSec2InstalledCallback
                0x00000000000002ae       0x4e /tmp/ccxbF5hx.ltrans0.ltrans.o
                0x00000000000002ae                IpSec2InstalledCallback
 .text.Ip4DestroyChildEntryInHandleBuffer
                0x00000000000002fc       0x9f /tmp/ccxbF5hx.ltrans0.ltrans.o
 .text.Ip4ServiceBindingDestroyChild
                0x000000000000039b      0x227 /tmp/ccxbF5hx.ltrans0.ltrans.o
 .text.Ip4ServiceBindingCreateChild
                0x00000000000005c2      0x22a /tmp/ccxbF5hx.ltrans0.ltrans.o
 .text.Ip4CleanService
                0x00000000000007ec      0x281 /tmp/ccxbF5hx.ltrans0.ltrans.o
 .text.Ip4DriverBindingStop
                0x0000000000000a6d      0x398 /tmp/ccxbF5hx.ltrans0.ltrans.o
                0x0000000000000a6d                Ip4DriverBindingStop
 .text.Ip4DriverBindingStart
                0x0000000000000e05      0x8fa /tmp/ccxbF5hx.ltrans0.ltrans.o
                0x0000000000000e05                Ip4DriverBindingStart
 .text.Ip4FreeLinkTxToken
                0x00000000000016ff       0x65 /tmp/ccxbF5hx.ltrans0.ltrans.o
                0x00000000000016ff                Ip4FreeLinkTxToken
 .text.NetblockTrim
                0x0000000000001764       0x5e /tmp/ccxbF5hx.ltrans1.ltrans.o
 .text.NetbufFreeVector
                0x00000000000017c2      0x110 /tmp/ccxbF5hx.ltrans1.ltrans.o
 .text.NetbufGetFragmentFree
                0x00000000000018d2        0xf /tmp/ccxbF5hx.ltrans1.ltrans.o
                0x00000000000018d2                NetbufGetFragmentFree
 .text.NetLibGetMacAddress
                0x00000000000018e1      0x1f7 /tmp/ccxbF5hx.ltrans1.ltrans.o
 .text.NetblockChecksum
                0x0000000000001ad8       0x32 /tmp/ccxbF5hx.ltrans1.ltrans.o
                0x0000000000001ad8                NetblockChecksum
 .text.NetbufTrim
                0x0000000000001b0a       0xde /tmp/ccxbF5hx.ltrans1.ltrans.o
                0x0000000000001b0a                NetbufTrim
 .text.NetbufReserve
                0x0000000000001be8      0x107 /tmp/ccxbF5hx.ltrans1.ltrans.o
                0x0000000000001be8                NetbufReserve
 .text.NetbufBuildExt
                0x0000000000001cef       0x61 /tmp/ccxbF5hx.ltrans1.ltrans.o
                0x0000000000001cef                NetbufBuildExt
 .text.NetbufSetBlockOp
                0x0000000000001d50       0xb4 /tmp/ccxbF5hx.ltrans1.ltrans.o
                0x0000000000001d50                NetbufSetBlockOp
 .text.NetbufSetBlock
                0x0000000000001e04       0xfd /tmp/ccxbF5hx.ltrans1.ltrans.o
                0x0000000000001e04                NetbufSetBlock
 .text.NetbufGetByte
                0x0000000000001f01       0x8d /tmp/ccxbF5hx.ltrans1.ltrans.o
                0x0000000000001f01                NetbufGetByte
 .text.NetbufAllocSpace
                0x0000000000001f8e      0x1d2 /tmp/ccxbF5hx.ltrans1.ltrans.o
                0x0000000000001f8e                NetbufAllocSpace
 .text.NetbufFree
                0x0000000000002160       0x97 /tmp/ccxbF5hx.ltrans1.ltrans.o
                0x0000000000002160                NetbufFree
 .text.NetbufAllocStruct
                0x00000000000021f7       0xea /tmp/ccxbF5hx.ltrans1.ltrans.o
                0x00000000000021f7                NetbufAllocStruct
 .text.NetbufFromExt
                0x00000000000022e1      0x2d9 /tmp/ccxbF5hx.ltrans1.ltrans.o
                0x00000000000022e1                NetbufFromExt
 .text.NetbufAlloc
                0x00000000000025ba       0xa6 /tmp/ccxbF5hx.ltrans1.ltrans.o
                0x00000000000025ba                NetbufAlloc
 .text.NetLibGetNicHandle
                0x0000000000002660       0x99 /tmp/ccxbF5hx.ltrans1.ltrans.o
                0x0000000000002660                NetLibGetNicHandle
 .text.NetLibGetVlanId
                0x00000000000026f9       0xa5 /tmp/ccxbF5hx.ltrans1.ltrans.o
                0x00000000000026f9                NetLibGetVlanId
 .text.NetLibGetMacString
                0x000000000000279e      0x146 /tmp/ccxbF5hx.ltrans1.ltrans.o
                0x000000000000279e                NetLibGetMacString
 .text.NetLibDestroyServiceChild
                0x00000000000028e4       0x7e /tmp/ccxbF5hx.ltrans1.ltrans.o
                0x00000000000028e4                NetLibDestroyServiceChild
 .text.NetLibCreateServiceChild
                0x0000000000002962       0x82 /tmp/ccxbF5hx.ltrans1.ltrans.o
                0x0000000000002962                NetLibCreateServiceChild
 .text.InternalHiiCompareSubString
                0x00000000000029e4      0x1c0 /tmp/ccxbF5hx.ltrans2.ltrans.o
 .text.HiiConstructConfigHdr.constprop.4
                0x0000000000002ba4      0x3a1 /tmp/ccxbF5hx.ltrans2.ltrans.o
                0x0000000000002ba4                HiiConstructConfigHdr.constprop.4
 .text.HiiIsConfigHdrMatch.constprop.3
                0x0000000000002f45       0x9c /tmp/ccxbF5hx.ltrans2.ltrans.o
                0x0000000000002f45                HiiIsConfigHdrMatch.constprop.3
 .text.CreatePopUp.constprop.2
                0x0000000000002fe1      0x706 /tmp/ccxbF5hx.ltrans2.ltrans.o
                0x0000000000002fe1                CreatePopUp.constprop.2
 .text.HiiGetSupportedLanguages
                0x00000000000036e7       0xa7 /tmp/ccxbF5hx.ltrans2.ltrans.o
                0x00000000000036e7                HiiGetSupportedLanguages
 .text.DispatchDpc
                0x000000000000378e        0xd /tmp/ccxbF5hx.ltrans2.ltrans.o
                0x000000000000378e                DispatchDpc
 .text.NetbufChecksum
                0x000000000000379b       0xa4 /tmp/ccxbF5hx.ltrans2.ltrans.o
                0x000000000000379b                NetbufChecksum
 .text.unlikely.Ip4TrimPacket
                0x000000000000383f       0xe2 /tmp/ccxbF5hx.ltrans3.ltrans.o
 .text.Ip4IpSecFree
                0x0000000000003921       0x30 /tmp/ccxbF5hx.ltrans3.ltrans.o
                0x0000000000003921                Ip4IpSecFree
 .text.Ip4FreeAssembleEntry
                0x0000000000003951       0x53 /tmp/ccxbF5hx.ltrans3.ltrans.o
                0x0000000000003951                Ip4FreeAssembleEntry
 .text.Ip4PreProcessPacket
                0x00000000000039a4      0x6ba /tmp/ccxbF5hx.ltrans3.ltrans.o
 .text.Ip4OnFreeFragments
                0x000000000000405e        0xf /tmp/ccxbF5hx.ltrans3.ltrans.o
 .text.Ip4CleanAssembleTable
                0x000000000000406d       0x4f /tmp/ccxbF5hx.ltrans3.ltrans.o
                0x000000000000406d                Ip4CleanAssembleTable
 .text.Ip4FindRouteCache
                0x00000000000040bc       0x42 /tmp/ccxbF5hx.ltrans3.ltrans.o
                0x00000000000040bc                Ip4FindRouteCache
 .text.Ip4AccpetFrame
                0x00000000000040fe      0x6a1 /tmp/ccxbF5hx.ltrans3.ltrans.o
                0x00000000000040fe                Ip4AccpetFrame
 .text.Ip4Route
                0x000000000000479f      0x1eb /tmp/ccxbF5hx.ltrans3.ltrans.o
                0x000000000000479f                Ip4Route
 .text.Ip4DelRoute
                0x000000000000498a       0xdb /tmp/ccxbF5hx.ltrans3.ltrans.o
                0x000000000000498a                Ip4DelRoute
 .text.EfiIp4Config2SetData
                0x0000000000004a65      0x1c7 /tmp/ccxbF5hx.ltrans4.ltrans.o
                0x0000000000004a65                EfiIp4Config2SetData
 .text.Ip4Config2SetDnsServer
                0x0000000000004c2c       0x8e /tmp/ccxbF5hx.ltrans4.ltrans.o
                0x0000000000004c2c                Ip4Config2SetDnsServer
 .text.Ip4Config2GetIfInfo
                0x0000000000004cba      0x1cc /tmp/ccxbF5hx.ltrans4.ltrans.o
                0x0000000000004cba                Ip4Config2GetIfInfo
 .text.Ip4Config2SetGateway
                0x0000000000004e86      0x329 /tmp/ccxbF5hx.ltrans4.ltrans.o
                0x0000000000004e86                Ip4Config2SetGateway
 .text.Ip4Config2SetDefaultAddr
                0x00000000000051af      0x231 /tmp/ccxbF5hx.ltrans4.ltrans.o
 .text.Ip4Config2SetManualAddress
                0x00000000000053e0      0x2d4 /tmp/ccxbF5hx.ltrans4.ltrans.o
                0x00000000000053e0                Ip4Config2SetManualAddress
 .text.Ip4Config2OnDhcp4Complete
                0x00000000000056b4      0x2af /tmp/ccxbF5hx.ltrans4.ltrans.o
 .text.Ip4StartAutoConfig
                0x0000000000005963      0x32c /tmp/ccxbF5hx.ltrans4.ltrans.o
                0x0000000000005963                Ip4StartAutoConfig
 .text.Ip4Config2SetPolicy
                0x0000000000005c8f      0x2f0 /tmp/ccxbF5hx.ltrans4.ltrans.o
                0x0000000000005c8f                Ip4Config2SetPolicy
 .text.Ip4Config2ManualAddressNotify
                0x0000000000005f7f        0x4 /tmp/ccxbF5hx.ltrans5.ltrans.o
 .text.unlikely.Ip4Config2IpToStr
                0x0000000000005f83       0x34 /tmp/ccxbF5hx.ltrans5.ltrans.o
 .text.Ip4FormExtractConfig
                0x0000000000005fb7      0x599 /tmp/ccxbF5hx.ltrans5.ltrans.o
                0x0000000000005fb7                Ip4FormExtractConfig
 .text.EfiIp4Config2GetData
                0x0000000000006550      0x11a /tmp/ccxbF5hx.ltrans5.ltrans.o
                0x0000000000006550                EfiIp4Config2GetData
 .text.Ip4AutoReconfigCallBack
                0x000000000000666a       0x14 /tmp/ccxbF5hx.ltrans5.ltrans.o
                0x000000000000666a                Ip4AutoReconfigCallBack
 .text.Ip4AutoReconfigCallBackDpc
                0x000000000000667e       0x60 /tmp/ccxbF5hx.ltrans5.ltrans.o
 .text.EfiIp4Config2UnregisterDataNotify
                0x00000000000066de       0xdb /tmp/ccxbF5hx.ltrans5.ltrans.o
                0x00000000000066de                EfiIp4Config2UnregisterDataNotify
 .text.EfiIp4Config2RegisterDataNotify
                0x00000000000067b9       0xed /tmp/ccxbF5hx.ltrans5.ltrans.o
                0x00000000000067b9                EfiIp4Config2RegisterDataNotify
 .text.Ip4Config2StrToIp
                0x00000000000068a6       0x71 /tmp/ccxbF5hx.ltrans5.ltrans.o
                0x00000000000068a6                Ip4Config2StrToIp
 .text.Ip4Config2StrToIpList
                0x0000000000006917      0x29d /tmp/ccxbF5hx.ltrans5.ltrans.o
                0x0000000000006917                Ip4Config2StrToIpList
 .text.GetSubnetMaskPrefixLength
                0x0000000000006bb4       0x2f /tmp/ccxbF5hx.ltrans5.ltrans.o
                0x0000000000006bb4                GetSubnetMaskPrefixLength
 .text.Ip4Config2ConvertIfrNvDataToConfigNvData
                0x0000000000006be3      0x5f2 /tmp/ccxbF5hx.ltrans5.ltrans.o
                0x0000000000006be3                Ip4Config2ConvertIfrNvDataToConfigNvData
 .text.Ip4Config2SetDnsServerWorker.part.6.lto_priv.50
                0x00000000000071d5      0x1ce /tmp/ccxbF5hx.ltrans5.ltrans.o
                0x00000000000071d5                Ip4Config2SetDnsServerWorker.part.6.lto_priv.50
 .text.Ip4TokenExist
                0x00000000000073a3       0x23 /tmp/ccxbF5hx.ltrans6.ltrans.o
                0x00000000000073a3                Ip4TokenExist
 .text.Ip4OnPacketSent
                0x00000000000073c6       0x61 /tmp/ccxbF5hx.ltrans6.ltrans.o
 .text.Ip4FreeTxToken
                0x0000000000007427       0x71 /tmp/ccxbF5hx.ltrans6.ltrans.o
                0x0000000000007427                Ip4FreeTxToken
 .text.EfiIp4Transmit
                0x0000000000007498      0x594 /tmp/ccxbF5hx.ltrans6.ltrans.o
                0x0000000000007498                EfiIp4Transmit
 .text.EfiIp4Routes
                0x0000000000007a2c      0x1cf /tmp/ccxbF5hx.ltrans6.ltrans.o
                0x0000000000007a2c                EfiIp4Routes
 .text.EfiIp4Configure
                0x0000000000007bfb      0x455 /tmp/ccxbF5hx.ltrans6.ltrans.o
                0x0000000000007bfb                EfiIp4Configure
 .text.Ip4Groups
                0x0000000000008050      0x4c0 /tmp/ccxbF5hx.ltrans6.ltrans.o
                0x0000000000008050                Ip4Groups
 .text.EfiIp4Groups
                0x0000000000008510      0x10c /tmp/ccxbF5hx.ltrans6.ltrans.o
                0x0000000000008510                EfiIp4Groups
 .text.BasePrintLibSPrintMarker.constprop.44
                0x000000000000861c     0x1074 /tmp/ccxbF5hx.ltrans7.ltrans.o
                0x000000000000861c                BasePrintLibSPrintMarker.constprop.44
 .text.AsciiSPrint.constprop.42
                0x0000000000009690       0x32 /tmp/ccxbF5hx.ltrans7.ltrans.o
                0x0000000000009690                AsciiSPrint.constprop.42
 .text.DebugPrintMarker.part.0.constprop.40
                0x00000000000096c2       0x3d /tmp/ccxbF5hx.ltrans7.ltrans.o
                0x00000000000096c2                DebugPrintMarker.part.0.constprop.40
 .text.InternalAllocatePool.constprop.38
                0x00000000000096ff       0x37 /tmp/ccxbF5hx.ltrans7.ltrans.o
                0x00000000000096ff                InternalAllocatePool.constprop.38
 .text.EfiCreateProtocolNotifyEvent.constprop.33
                0x0000000000009736      0x199 /tmp/ccxbF5hx.ltrans7.ltrans.o
                0x0000000000009736                EfiCreateProtocolNotifyEvent.constprop.33
 .text.HiiSetString.constprop.31
                0x00000000000098cf      0x165 /tmp/ccxbF5hx.ltrans7.ltrans.o
                0x00000000000098cf                HiiSetString.constprop.31
 .text.GetBestLanguage.constprop.30
                0x0000000000009a34      0x11f /tmp/ccxbF5hx.ltrans7.ltrans.o
                0x0000000000009a34                GetBestLanguage.constprop.30
 .text.WriteUnaligned64
                0x0000000000009b53       0x3f /tmp/ccxbF5hx.ltrans8.ltrans.o
 .text.ReadUnaligned64
                0x0000000000009b92       0x37 /tmp/ccxbF5hx.ltrans8.ltrans.o
 .text.BasePrintLibValueToString
                0x0000000000009bc9       0x7e /tmp/ccxbF5hx.ltrans8.ltrans.o
                0x0000000000009bc9                BasePrintLibValueToString
 .text.BasePrintLibFillBuffer
                0x0000000000009c47       0x2e /tmp/ccxbF5hx.ltrans8.ltrans.o
                0x0000000000009c47                BasePrintLibFillBuffer
 .text.ReadUnaligned32
                0x0000000000009c75       0x36 /tmp/ccxbF5hx.ltrans8.ltrans.o
                0x0000000000009c75                ReadUnaligned32
 .text.ReadUnaligned24
                0x0000000000009cab       0x3b /tmp/ccxbF5hx.ltrans8.ltrans.o
                0x0000000000009cab                ReadUnaligned24
 .text.ReadUnaligned16
                0x0000000000009ce6       0x37 /tmp/ccxbF5hx.ltrans8.ltrans.o
                0x0000000000009ce6                ReadUnaligned16
 .text.AsciiStrLen
                0x0000000000009d1d       0x85 /tmp/ccxbF5hx.ltrans8.ltrans.o
                0x0000000000009d1d                AsciiStrLen
 .text.AsciiStrnCmp.part.4.lto_priv.48
                0x0000000000009da2       0xd6 /tmp/ccxbF5hx.ltrans8.ltrans.o
                0x0000000000009da2                AsciiStrnCmp.part.4.lto_priv.48
 .text.StrLen   0x0000000000009e78       0x90 /tmp/ccxbF5hx.ltrans8.ltrans.o
                0x0000000000009e78                StrLen
 .text.StrSize  0x0000000000009f08       0x13 /tmp/ccxbF5hx.ltrans8.ltrans.o
                0x0000000000009f08                StrSize
 .text.StrStr   0x0000000000009f1b       0xa6 /tmp/ccxbF5hx.ltrans8.ltrans.o
                0x0000000000009f1b                StrStr
 .text.AsciiStrnLenS
                0x0000000000009fc1       0x26 /tmp/ccxbF5hx.ltrans8.ltrans.o
                0x0000000000009fc1                AsciiStrnLenS
 .text.StrnLenS
                0x0000000000009fe7       0x5e /tmp/ccxbF5hx.ltrans8.ltrans.o
                0x0000000000009fe7                StrnLenS
 .text.InternalSafeStringNoStrOverlap
                0x000000000000a045       0x29 /tmp/ccxbF5hx.ltrans8.ltrans.o
                0x000000000000a045                InternalSafeStringNoStrOverlap
 .text.StrCatS  0x000000000000a06e      0x285 /tmp/ccxbF5hx.ltrans8.ltrans.o
                0x000000000000a06e                StrCatS
 .text.InitializeListHead
                0x000000000000a2f3       0x3e /tmp/ccxbF5hx.ltrans8.ltrans.o
                0x000000000000a2f3                InitializeListHead
 .text.InternalBaseLibIsListValid
                0x000000000000a331       0x9e /tmp/ccxbF5hx.ltrans8.ltrans.o
                0x000000000000a331                InternalBaseLibIsListValid
 .text.IsListEmpty
                0x000000000000a3cf       0x41 /tmp/ccxbF5hx.ltrans8.ltrans.o
                0x000000000000a3cf                IsListEmpty
 .text.RemoveEntryList
                0x000000000000a410       0x53 /tmp/ccxbF5hx.ltrans8.ltrans.o
                0x000000000000a410                RemoveEntryList
 .text.GetFirstNode
                0x000000000000a463       0x3e /tmp/ccxbF5hx.ltrans8.ltrans.o
                0x000000000000a463                GetFirstNode
 .text.IsNodeInList
                0x000000000000a4a1       0x93 /tmp/ccxbF5hx.ltrans8.ltrans.o
                0x000000000000a4a1                IsNodeInList
 .text.InsertTailList
                0x000000000000a534       0x7f /tmp/ccxbF5hx.ltrans8.ltrans.o
                0x000000000000a534                InsertTailList
 .text.InsertHeadList
                0x000000000000a5b3       0x7e /tmp/ccxbF5hx.ltrans8.ltrans.o
                0x000000000000a5b3                InsertHeadList
 .text.SwapBytes32
                0x000000000000a631       0x12 /tmp/ccxbF5hx.ltrans8.ltrans.o
                0x000000000000a631                SwapBytes32
 .text.CopyGuid
                0x000000000000a643       0x3e /tmp/ccxbF5hx.ltrans8.ltrans.o
                0x000000000000a643                CopyGuid
 .text.CopyMem  0x000000000000a681       0x90 /tmp/ccxbF5hx.ltrans8.ltrans.o
                0x000000000000a681                CopyMem
 .text.SetMem16.part.0.lto_priv.49
                0x000000000000a711       0xb1 /tmp/ccxbF5hx.ltrans8.ltrans.o
                0x000000000000a711                SetMem16.part.0.lto_priv.49
 .text.CompareMem
                0x000000000000a7c2       0xd4 /tmp/ccxbF5hx.ltrans8.ltrans.o
                0x000000000000a7c2                CompareMem
 .text.ZeroMem  0x000000000000a896       0x6f /tmp/ccxbF5hx.ltrans8.ltrans.o
                0x000000000000a896                ZeroMem
 .text.NetMapIterate
                0x000000000000a905       0x75 /tmp/ccxbF5hx.ltrans9.ltrans.o
                0x000000000000a905                NetMapIterate
 .text.NetMapFindKey
                0x000000000000a97a       0x53 /tmp/ccxbF5hx.ltrans9.ltrans.o
                0x000000000000a97a                NetMapFindKey
 .text.NetMapInsertTail
                0x000000000000a9cd      0x126 /tmp/ccxbF5hx.ltrans9.ltrans.o
                0x000000000000a9cd                NetMapInsertTail
 .text.NetMapIsEmpty
                0x000000000000aaf3       0x3c /tmp/ccxbF5hx.ltrans9.ltrans.o
                0x000000000000aaf3                NetMapIsEmpty
 .text.NetMapClean
                0x000000000000ab2f       0xfb /tmp/ccxbF5hx.ltrans9.ltrans.o
                0x000000000000ab2f                NetMapClean
 .text.NetMapInit
                0x000000000000ac2a       0x4d /tmp/ccxbF5hx.ltrans9.ltrans.o
                0x000000000000ac2a                NetMapInit
 .text.NetListInsertBefore
                0x000000000000ac77       0x54 /tmp/ccxbF5hx.ltrans9.ltrans.o
                0x000000000000ac77                NetListInsertBefore
 .text.NetGetIpClass
                0x000000000000accb       0x49 /tmp/ccxbF5hx.ltrans9.ltrans.o
                0x000000000000accb                NetGetIpClass
 .text.NetGetMaskLength
                0x000000000000ad14       0x18 /tmp/ccxbF5hx.ltrans9.ltrans.o
                0x000000000000ad14                NetGetMaskLength
 .text.NetIp4IsUnicast
                0x000000000000ad2c       0x8a /tmp/ccxbF5hx.ltrans9.ltrans.o
                0x000000000000ad2c                NetIp4IsUnicast
 .text._ModuleEntryPoint
                0x000000000000adb6      0x4f8 /tmp/ccxbF5hx.ltrans9.ltrans.o
                0x000000000000adb6                _ModuleEntryPoint
 .text.Ip4Config2SignalEvent
                0x000000000000b2ae       0x19 /tmp/ccxbF5hx.ltrans10.ltrans.o
                0x000000000000b2ae                Ip4Config2SignalEvent
 .text.Ip4Config2OnDhcp4SbInstalled
                0x000000000000b2c7       0x22 /tmp/ccxbF5hx.ltrans10.ltrans.o
                0x000000000000b2c7                Ip4Config2OnDhcp4SbInstalled
 .text.Ip4WrapRxData
                0x000000000000b2e9      0x178 /tmp/ccxbF5hx.ltrans10.ltrans.o
 .text.Ip4OnRecyclePacket
                0x000000000000b461       0x8b /tmp/ccxbF5hx.ltrans10.ltrans.o
 .text.Ip4Config2WriteConfigData
                0x000000000000b4ec      0x13b /tmp/ccxbF5hx.ltrans10.ltrans.o
                0x000000000000b4ec                Ip4Config2WriteConfigData
 .text.Ip4Config2ReadConfigData
                0x000000000000b627      0x1ea /tmp/ccxbF5hx.ltrans10.ltrans.o
                0x000000000000b627                Ip4Config2ReadConfigData
 .text.Ip4Config2DestroyDhcp4
                0x000000000000b811      0x11d /tmp/ccxbF5hx.ltrans10.ltrans.o
                0x000000000000b811                Ip4Config2DestroyDhcp4
 .text.Ip4IpSecProcessPacket.part.0.lto_priv.51
                0x000000000000b92e      0x485 /tmp/ccxbF5hx.ltrans10.ltrans.o
                0x000000000000b92e                Ip4IpSecProcessPacket.part.0.lto_priv.51
 .text.Ip4InstanceDeliverPacket
                0x000000000000bdb3      0x27e /tmp/ccxbF5hx.ltrans10.ltrans.o
                0x000000000000bdb3                Ip4InstanceDeliverPacket
 .text.Ip4Demultiplex
                0x000000000000c031      0x47a /tmp/ccxbF5hx.ltrans10.ltrans.o
                0x000000000000c031                Ip4Demultiplex
 .text.EfiIp4Poll
                0x000000000000c4ab       0x75 /tmp/ccxbF5hx.ltrans11.ltrans.o
                0x000000000000c4ab                EfiIp4Poll
 .text.Ip4ComponentNameGetDriverName
                0x000000000000c520       0x36 /tmp/ccxbF5hx.ltrans11.ltrans.o
                0x000000000000c520                Ip4ComponentNameGetDriverName
 .text.Ip4ComponentNameGetControllerName
                0x000000000000c556      0x22b /tmp/ccxbF5hx.ltrans11.ltrans.o
                0x000000000000c556                Ip4ComponentNameGetControllerName
 .text.Ip4TimerReconfigChecking
                0x000000000000c781       0xb0 /tmp/ccxbF5hx.ltrans11.ltrans.o
                0x000000000000c781                Ip4TimerReconfigChecking
 .text.Ip4TimerTicking
                0x000000000000c831      0x170 /tmp/ccxbF5hx.ltrans11.ltrans.o
                0x000000000000c831                Ip4TimerTicking
 .text.Ip4SentPacketTicking
                0x000000000000c9a1       0x74 /tmp/ccxbF5hx.ltrans11.ltrans.o
 .text.Ip4CancelTxTokens
                0x000000000000ca15       0x7e /tmp/ccxbF5hx.ltrans11.ltrans.o
 .text.Ip4CancelRxTokens
                0x000000000000ca93       0x5a /tmp/ccxbF5hx.ltrans11.ltrans.o
 .text.EfiIp4Receive
                0x000000000000caed       0xf7 /tmp/ccxbF5hx.ltrans11.ltrans.o
                0x000000000000caed                EfiIp4Receive
 .text.Ip4AddRoute
                0x000000000000cbe4       0xc9 /tmp/ccxbF5hx.ltrans11.ltrans.o
                0x000000000000cbe4                Ip4AddRoute
 .text.Ip4CreateRouteTable
                0x000000000000ccad       0x8c /tmp/ccxbF5hx.ltrans11.ltrans.o
                0x000000000000ccad                Ip4CreateRouteTable
 .text.Ip4FreeRouteCacheEntry
                0x000000000000cd39       0x54 /tmp/ccxbF5hx.ltrans11.ltrans.o
                0x000000000000cd39                Ip4FreeRouteCacheEntry
 .text.Ip4FreeRouteEntry
                0x000000000000cd8d       0x54 /tmp/ccxbF5hx.ltrans11.ltrans.o
                0x000000000000cd8d                Ip4FreeRouteEntry
 .text.Ip4FreeRouteTable
                0x000000000000cde1       0xf4 /tmp/ccxbF5hx.ltrans11.ltrans.o
                0x000000000000cde1                Ip4FreeRouteTable
 .text.Ip4CopyOption
                0x000000000000ced5      0x14f /tmp/ccxbF5hx.ltrans11.ltrans.o
                0x000000000000ced5                Ip4CopyOption
 .text.unlikely.Ip4OptionIsValid
                0x000000000000d024       0xb6 /tmp/ccxbF5hx.ltrans11.ltrans.o
                0x000000000000d024                Ip4OptionIsValid
 .text.Ip4StationAddressValid
                0x000000000000d0da       0x5d /tmp/ccxbF5hx.ltrans11.ltrans.o
                0x000000000000d0da                Ip4StationAddressValid
 .text.Ip4NtohHead
                0x000000000000d137       0x36 /tmp/ccxbF5hx.ltrans11.ltrans.o
                0x000000000000d137                Ip4NtohHead
 .text.Ip4GetMulticastMac
                0x000000000000d16d       0x30 /tmp/ccxbF5hx.ltrans11.ltrans.o
                0x000000000000d16d                Ip4GetMulticastMac
 .text.Ip4FindNet
                0x000000000000d19d       0x2a /tmp/ccxbF5hx.ltrans11.ltrans.o
                0x000000000000d19d                Ip4FindNet
 .text.Ip4GetNetCast
                0x000000000000d1c7       0x26 /tmp/ccxbF5hx.ltrans11.ltrans.o
                0x000000000000d1c7                Ip4GetNetCast
 .text.Ip4Cancel
                0x000000000000d1ed       0xe6 /tmp/ccxbF5hx.ltrans11.ltrans.o
                0x000000000000d1ed                Ip4Cancel
 .text.EfiIp4Cancel
                0x000000000000d2d3       0xb6 /tmp/ccxbF5hx.ltrans11.ltrans.o
                0x000000000000d2d3                EfiIp4Cancel
 .text.Ip4CancelPacketFragments
                0x000000000000d389       0x10 /tmp/ccxbF5hx.ltrans12.ltrans.o
                0x000000000000d389                Ip4CancelPacketFragments
 .text.EfiIp4GetModeData
                0x000000000000d399      0x2c0 /tmp/ccxbF5hx.ltrans12.ltrans.o
                0x000000000000d399                EfiIp4GetModeData
 .text.Ip4SysPacketSent
                0x000000000000d659       0x11 /tmp/ccxbF5hx.ltrans12.ltrans.o
                0x000000000000d659                Ip4SysPacketSent
 .text.Ip4OnFrameReceived
                0x000000000000d66a       0x14 /tmp/ccxbF5hx.ltrans12.ltrans.o
                0x000000000000d66a                Ip4OnFrameReceived
 .text.Ip4RecycleFrame
                0x000000000000d67e       0x55 /tmp/ccxbF5hx.ltrans12.ltrans.o
 .text.Ip4OnFrameReceivedDpc
                0x000000000000d6d3      0x113 /tmp/ccxbF5hx.ltrans12.ltrans.o
 .text.Ip4CleanProtocol
                0x000000000000d7e6      0x166 /tmp/ccxbF5hx.ltrans12.ltrans.o
                0x000000000000d7e6                Ip4CleanProtocol
 .text.Ip4ServiceConfigMnp
                0x000000000000d94c       0xa4 /tmp/ccxbF5hx.ltrans12.ltrans.o
                0x000000000000d94c                Ip4ServiceConfigMnp
 .text.Ip4FindGroup
                0x000000000000d9f0       0x1a /tmp/ccxbF5hx.ltrans12.ltrans.o
                0x000000000000d9f0                Ip4FindGroup
 .text.Ip4PrependHead
                0x000000000000da0a      0x174 /tmp/ccxbF5hx.ltrans12.ltrans.o
                0x000000000000da0a                Ip4PrependHead
 .text.Ip4Output
                0x000000000000db7e      0x6b4 /tmp/ccxbF5hx.ltrans12.ltrans.o
                0x000000000000db7e                Ip4Output
 .text.Ip4SendIgmpMessage
                0x000000000000e232      0x101 /tmp/ccxbF5hx.ltrans12.ltrans.o
                0x000000000000e232                Ip4SendIgmpMessage
 .text.Ip4SendIgmpReport
                0x000000000000e333       0x1b /tmp/ccxbF5hx.ltrans12.ltrans.o
                0x000000000000e333                Ip4SendIgmpReport
 .text.Ip4FormCallback
                0x000000000000e34e      0x441 /tmp/ccxbF5hx.ltrans13.ltrans.o
 .text.Ip4FormRouteConfig
                0x000000000000e78f      0x162 /tmp/ccxbF5hx.ltrans13.ltrans.o
 .text.Ip4Config2FormUnload
                0x000000000000e8f1      0x1f8 /tmp/ccxbF5hx.ltrans13.ltrans.o
                0x000000000000e8f1                Ip4Config2FormUnload
 .text.Ip4Config2FormInit
                0x000000000000eae9      0x548 /tmp/ccxbF5hx.ltrans13.ltrans.o
                0x000000000000eae9                Ip4Config2FormInit
 .text.Ip4CancelInstanceFrame
                0x000000000000f031        0x8 /tmp/ccxbF5hx.ltrans14.ltrans.o
 .text.Ip4CancelFrameArp
                0x000000000000f039       0x8a /tmp/ccxbF5hx.ltrans14.ltrans.o
 .text.Ip4OnFrameSentDpc
                0x000000000000f0c3       0x69 /tmp/ccxbF5hx.ltrans14.ltrans.o
 .text.Ip4FreeArpQue
                0x000000000000f12c       0x76 /tmp/ccxbF5hx.ltrans14.ltrans.o
 .text.Ip4OnArpResolved
                0x000000000000f1a2       0x14 /tmp/ccxbF5hx.ltrans14.ltrans.o
 .text.Ip4OnFrameSent
                0x000000000000f1b6       0x14 /tmp/ccxbF5hx.ltrans14.ltrans.o
 .text.Ip4SendFrame
                0x000000000000f1ca      0x440 /tmp/ccxbF5hx.ltrans14.ltrans.o
                0x000000000000f1ca                Ip4SendFrame
 .text.Ip4OnArpResolvedDpc
                0x000000000000f60a      0x264 /tmp/ccxbF5hx.ltrans14.ltrans.o
 .text.Ip4CancelReceive
                0x000000000000f86e       0x58 /tmp/ccxbF5hx.ltrans14.ltrans.o
                0x000000000000f86e                Ip4CancelReceive
 .text.Ip4SetAddress
                0x000000000000f8c6      0x1f0 /tmp/ccxbF5hx.ltrans14.ltrans.o
                0x000000000000f8c6                Ip4SetAddress
 .text.Ip4CreateInterface
                0x000000000000fab6      0x13f /tmp/ccxbF5hx.ltrans14.ltrans.o
                0x000000000000fab6                Ip4CreateInterface
 .text.Ip4CancelFrames
                0x000000000000fbf5       0xd1 /tmp/ccxbF5hx.ltrans14.ltrans.o
                0x000000000000fbf5                Ip4CancelFrames
 .text.Ip4FreeInterface
                0x000000000000fcc6      0x1d7 /tmp/ccxbF5hx.ltrans14.ltrans.o
                0x000000000000fcc6                Ip4FreeInterface
 .text.Ip4FreeFrameRxToken
                0x000000000000fe9d       0x62 /tmp/ccxbF5hx.ltrans14.ltrans.o
                0x000000000000fe9d                Ip4FreeFrameRxToken
 .text.UnicodeValueToStringS.constprop.24
                0x000000000000feff      0x205 /tmp/ccxbF5hx.ltrans15.ltrans.o
                0x000000000000feff                UnicodeValueToStringS.constprop.24
 .text.HiiAddPackages.constprop.22
                0x0000000000010104      0x105 /tmp/ccxbF5hx.ltrans15.ltrans.o
                0x0000000000010104                HiiAddPackages.constprop.22
 .text.Ip4ReceiveFrame.constprop.18
                0x0000000000010209      0x147 /tmp/ccxbF5hx.ltrans15.ltrans.o
                0x0000000000010209                Ip4ReceiveFrame.constprop.18
 .text.QueueDpc.constprop.15
                0x0000000000010350       0x17 /tmp/ccxbF5hx.ltrans15.ltrans.o
                0x0000000000010350                QueueDpc.constprop.15
 .text.NetbufCopy.constprop.12
                0x0000000000010367      0x135 /tmp/ccxbF5hx.ltrans15.ltrans.o
                0x0000000000010367                NetbufCopy.constprop.12
 .text.NetbufDuplicate.constprop.11
                0x000000000001049c       0x9d /tmp/ccxbF5hx.ltrans15.ltrans.o
                0x000000000001049c                NetbufDuplicate.constprop.11
 .text.NetMapRemoveItem.constprop.10
                0x0000000000010539       0x9c /tmp/ccxbF5hx.ltrans15.ltrans.o
                0x0000000000010539                NetMapRemoveItem.constprop.10
 .text.AddUnicodeString2.constprop.8
                0x00000000000105d5      0x1d9 /tmp/ccxbF5hx.ltrans15.ltrans.o
                0x00000000000105d5                AddUnicodeString2.constprop.8
 .text._DriverUnloadHandler
                0x00000000000107ae      0x198 /tmp/ccxbF5hx.ltrans16.ltrans.o
                0x00000000000107ae                _DriverUnloadHandler
 .text.PlatformDebugLibIoPortFound
                0x0000000000010946       0x26 /tmp/ccxbF5hx.ltrans16.ltrans.o
 .text.IsLanguageSupported
                0x000000000001096c       0x69 /tmp/ccxbF5hx.ltrans16.ltrans.o
                0x000000000001096c                IsLanguageSupported
 .text.LookupUnicodeString2
                0x00000000000109d5       0xe1 /tmp/ccxbF5hx.ltrans16.ltrans.o
                0x00000000000109d5                LookupUnicodeString2
 .text.UefiLibGetStringWidth
                0x0000000000010ab6       0x71 /tmp/ccxbF5hx.ltrans16.ltrans.o
                0x0000000000010ab6                UefiLibGetStringWidth
 .text.DevicePathFromHandle
                0x0000000000010b27       0x35 /tmp/ccxbF5hx.ltrans16.ltrans.o
                0x0000000000010b27                DevicePathFromHandle
 .text.AllocateZeroPool
                0x0000000000010b5c       0x27 /tmp/ccxbF5hx.ltrans16.ltrans.o
                0x0000000000010b5c                AllocateZeroPool
 .text.AllocatePool
                0x0000000000010b83        0xf /tmp/ccxbF5hx.ltrans16.ltrans.o
                0x0000000000010b83                AllocatePool
 .text.DebugPrintEnabled
                0x0000000000010b92        0x3 /tmp/ccxbF5hx.ltrans16.ltrans.o
                0x0000000000010b92                DebugPrintEnabled
 .text.DebugAssertEnabled
                0x0000000000010b95        0x3 /tmp/ccxbF5hx.ltrans16.ltrans.o
                0x0000000000010b95                DebugAssertEnabled
 .text.DebugAssert
                0x0000000000010b98       0x6a /tmp/ccxbF5hx.ltrans16.ltrans.o
                0x0000000000010b98                DebugAssert
 .text.EfiReleaseLock
                0x0000000000010c02       0x69 /tmp/ccxbF5hx.ltrans16.ltrans.o
                0x0000000000010c02                EfiReleaseLock
 .text.EfiAcquireLockOrFail
                0x0000000000010c6b       0x7c /tmp/ccxbF5hx.ltrans16.ltrans.o
                0x0000000000010c6b                EfiAcquireLockOrFail
 .text.AllocateCopyPool
                0x0000000000010ce7       0x85 /tmp/ccxbF5hx.ltrans16.ltrans.o
                0x0000000000010ce7                AllocateCopyPool
 .text.DebugPrint
                0x0000000000010d6c       0x65 /tmp/ccxbF5hx.ltrans16.ltrans.o
                0x0000000000010d6c                DebugPrint
 .text.FreePool
                0x0000000000010dd1       0x5a /tmp/ccxbF5hx.ltrans16.ltrans.o
                0x0000000000010dd1                FreePool
 .text.FreeUnicodeStringTable
                0x0000000000010e2b       0x46 /tmp/ccxbF5hx.ltrans16.ltrans.o
                0x0000000000010e2b                FreeUnicodeStringTable
 .text.UnicodeSPrint
                0x0000000000010e71       0x62 /tmp/ccxbF5hx.ltrans16.ltrans.o
                0x0000000000010e71                UnicodeSPrint
 .text.BasePrintLibSPrint.constprop.45
                0x0000000000010ed3       0x29 /tmp/ccxbF5hx.ltrans17.ltrans.o
                0x0000000000010ed3                BasePrintLibSPrint.constprop.45
 *fill*         0x0000000000010efc        0x4 
 .text          0x0000000000010f00       0x1d /home/hcj/UEFIWorkspace/Build/OvmfX64/DEBUG_GCC5/X64/MdePkg/Library/BaseMemoryLibRepStr/BaseMemoryLibRepStr/OUTPUT/BaseMemoryLibRepStr.lib(CompareMem.obj)
                0x0000000000010f00                InternalMemCompareMem
 *fill*         0x0000000000010f1d        0x3 
 .text          0x0000000000010f20       0x1d /home/hcj/UEFIWorkspace/Build/OvmfX64/DEBUG_GCC5/X64/MdePkg/Library/BaseMemoryLibRepStr/BaseMemoryLibRepStr/OUTPUT/BaseMemoryLibRepStr.lib(ZeroMem.obj)
                0x0000000000010f20                InternalMemZeroMem
 *fill*         0x0000000000010f3d        0x3 
 .text          0x0000000000010f40       0x12 /home/hcj/UEFIWorkspace/Build/OvmfX64/DEBUG_GCC5/X64/MdePkg/Library/BaseMemoryLibRepStr/BaseMemoryLibRepStr/OUTPUT/BaseMemoryLibRepStr.lib(SetMem16.obj)
                0x0000000000010f40                InternalMemSetMem16
 *fill*         0x0000000000010f52        0xe 
 .text          0x0000000000010f60       0x3c /home/hcj/UEFIWorkspace/Build/OvmfX64/DEBUG_GCC5/X64/MdePkg/Library/BaseMemoryLibRepStr/BaseMemoryLibRepStr/OUTPUT/BaseMemoryLibRepStr.lib(CopyMem.obj)
                0x0000000000010f60                InternalMemCopyMem
 *fill*         0x0000000000010f9c        0x4 
 .text          0x0000000000010fa0      0x116 /home/hcj/UEFIWorkspace/Build/OvmfX64/DEBUG_GCC5/X64/MdePkg/Library/BaseIoLibIntrinsic/BaseIoLibIntrinsicSev/OUTPUT/BaseIoLibIntrinsicSev.lib(IoFifoSev.obj)
                0x0000000000010fa0                SevNoRepIo
                0x0000000000010fe0                IoReadFifo8
                0x0000000000011002                IoReadFifo16
                0x0000000000011028                IoReadFifo32
                0x000000000001104b                IoWriteFifo8
                0x000000000001106d                IoWriteFifo16
                0x0000000000011093                IoWriteFifo32
 *(.rodata .rodata.* .gnu.linkonce.r.*)
 .rodata.str1.1
                0x00000000000110b6      0x24f /tmp/ccxbF5hx.ltrans0.ltrans.o
 *fill*         0x0000000000011305        0x1 
 .rodata.str2.2
                0x0000000000011306        0xc /tmp/ccxbF5hx.ltrans0.ltrans.o
 .rodata.str1.1
                0x0000000000011312      0x4c7 /tmp/ccxbF5hx.ltrans1.ltrans.o
                                        0x4da (size before relaxing)
 .rodata.str1.1
                0x00000000000117d9      0x462 /tmp/ccxbF5hx.ltrans2.ltrans.o
                                        0x513 (size before relaxing)
 *fill*         0x0000000000011c3b        0x1 
 .rodata.str2.2
                0x0000000000011c3c       0x30 /tmp/ccxbF5hx.ltrans2.ltrans.o
 *fill*         0x0000000000011c6c        0x4 
 .rodata.__FUNCTION__.2529
                0x0000000000011c70        0x9 /tmp/ccxbF5hx.ltrans2.ltrans.o
 *fill*         0x0000000000011c79        0x7 
 .rodata.__FUNCTION__.2518
                0x0000000000011c80        0x8 /tmp/ccxbF5hx.ltrans2.ltrans.o
 .rodata.str1.1
                0x0000000000011c88      0x199 /tmp/ccxbF5hx.ltrans3.ltrans.o
                                        0x25f (size before relaxing)
 .rodata.str1.1
                0x0000000000011e21      0x10d /tmp/ccxbF5hx.ltrans4.ltrans.o
                                        0x162 (size before relaxing)
 .rodata.str2.2
                0x0000000000011f2e       0xf4 /tmp/ccxbF5hx.ltrans5.ltrans.o
 .rodata.str1.1
                0x0000000000012022       0xb1 /tmp/ccxbF5hx.ltrans5.ltrans.o
                                        0x171 (size before relaxing)
 .rodata.str1.1
                0x00000000000120d3       0x67 /tmp/ccxbF5hx.ltrans6.ltrans.o
                                         0xb5 (size before relaxing)
 .rodata.str1.1
                0x000000000001213a      0x3d5 /tmp/ccxbF5hx.ltrans7.ltrans.o
                                        0x43a (size before relaxing)
 *fill*         0x000000000001250f       0x11 
 .rodata.mWarningString
                0x0000000000012520       0x96 /tmp/ccxbF5hx.ltrans7.ltrans.o
 *fill*         0x00000000000125b6        0xa 
 .rodata.mErrorString
                0x00000000000125c0      0x2b5 /tmp/ccxbF5hx.ltrans7.ltrans.o
 *fill*         0x0000000000012875        0x3 
 .rodata._gPcd_FixedAtBuild_PcdMaximumUnicodeStringLength
                0x0000000000012878        0x4 /tmp/ccxbF5hx.ltrans7.ltrans.o
                0x0000000000012878                _gPcd_FixedAtBuild_PcdMaximumAsciiStringLength
                0x0000000000012878                _gPcd_FixedAtBuild_PcdMaximumUnicodeStringLength
 .rodata.str1.1
                0x000000000001287c      0x675 /tmp/ccxbF5hx.ltrans8.ltrans.o
                                        0x8af (size before relaxing)
 *fill*         0x0000000000012ef1        0x7 
 .rodata.__FUNCTION__.2541
                0x0000000000012ef8        0x8 /tmp/ccxbF5hx.ltrans8.ltrans.o
 .rodata.mHexStr
                0x0000000000012f00       0x10 /tmp/ccxbF5hx.ltrans8.ltrans.o
 .rodata.str1.1
                0x0000000000012f10      0x413 /tmp/ccxbF5hx.ltrans9.ltrans.o
                                        0x51d (size before relaxing)
 .rodata._gPcd_FixedAtBuild_PcdComponentName2Disable
                0x0000000000013323        0x1 /tmp/ccxbF5hx.ltrans9.ltrans.o
                0x0000000000013323                _gPcd_FixedAtBuild_PcdVerifyNodeInList
                0x0000000000013323                _gPcd_FixedAtBuild_PcdComponentName2Disable
 .rodata._gUefiDriverRevision
                0x0000000000013324        0x4 /tmp/ccxbF5hx.ltrans9.ltrans.o
                0x0000000000013324                _gPcd_FixedAtBuild_PcdMaximumLinkedListLength
                0x0000000000013324                _gUefiDriverRevision
                0x0000000000013324                _gPcd_FixedAtBuild_PcdControlFlowEnforcementPropertyMask
 *fill*         0x0000000000013328       0x18 
 .rodata.gIp4AllMasks
                0x0000000000013340       0x84 /tmp/ccxbF5hx.ltrans9.ltrans.o
 .rodata.str1.1
                0x00000000000133c4      0x14a /tmp/ccxbF5hx.ltrans10.ltrans.o
                                        0x387 (size before relaxing)
 *fill*         0x000000000001350e       0x12 
 .rodata.mIcmpClass
                0x0000000000013520       0x22 /tmp/ccxbF5hx.ltrans10.ltrans.o
                0x0000000000013520                mIcmpClass
 .rodata.str1.1
                0x0000000000013542      0x115 /tmp/ccxbF5hx.ltrans11.ltrans.o
                                        0x20f (size before relaxing)
 *fill*         0x0000000000013657        0x1 
 .rodata.str2.2
                0x0000000000013658       0x8e /tmp/ccxbF5hx.ltrans11.ltrans.o
 .rodata.str1.1
                0x00000000000136e6      0x147 /tmp/ccxbF5hx.ltrans12.ltrans.o
                                        0x27d (size before relaxing)
 .rodata.str1.1
                0x000000000001382d       0x17 /tmp/ccxbF5hx.ltrans13.ltrans.o
                                        0x1af (size before relaxing)
 .rodata.str2.2
                0x0000000000013844       0x4c /tmp/ccxbF5hx.ltrans13.ltrans.o
                                         0xe8 (size before relaxing)
 .rodata.Ip4FormCallback
                0x0000000000013890       0x14 /tmp/ccxbF5hx.ltrans13.ltrans.o
 *fill*         0x00000000000138a4       0x1c 
 .rodata.mConfigHdrTemplate
                0x00000000000138c0       0x70 /tmp/ccxbF5hx.ltrans13.ltrans.o
 .rodata.str1.1
                0x0000000000013930      0x1a9 /tmp/ccxbF5hx.ltrans14.ltrans.o
                                        0x2ba (size before relaxing)
 .rodata.str1.1
                0x0000000000013ad9      0x16d /tmp/ccxbF5hx.ltrans15.ltrans.o
                                        0x375 (size before relaxing)
 .rodata.mEndOfPakageList
                0x0000000000013c46        0x4 /tmp/ccxbF5hx.ltrans15.ltrans.o
 .rodata.str1.1
                0x0000000000013c4a      0x17c /tmp/ccxbF5hx.ltrans16.ltrans.o
                                        0x271 (size before relaxing)
 *(.got .got.*)
 .got           0x0000000000013dc6        0x0 Ip4Driver.obj (symbol from plugin)
 .got.plt       0x0000000000013dc6        0x0 Ip4Driver.obj (symbol from plugin)
 *:AutoGen.obj(.data.g*Guid)

.plt            0x0000000000013dd0        0x0
 .plt           0x0000000000013dd0        0x0 Ip4Driver.obj (symbol from plugin)

.plt.got        0x0000000000013dc8        0x0
 .plt.got       0x0000000000013dc8        0x0 Ip4Driver.obj (symbol from plugin)

.data           0x0000000000013e00      0x9ba
 *(.data .data.* .gnu.linkonce.d.*)
 .data.rel.local.mIp4Config2InstanceList
                0x0000000000013e00       0x10 /tmp/ccxbF5hx.ltrans0.ltrans.o
 .data.gEfiIp4ServiceBindingProtocolGuid
                0x0000000000013e10       0x10 /tmp/ccxbF5hx.ltrans0.ltrans.o
 .data.rel.local.mEfiIp4ProtocolTemplete
                0x0000000000013e20       0x40 /tmp/ccxbF5hx.ltrans0.ltrans.o
 .data.gEfiSimpleNetworkProtocolGuid
                0x0000000000013e60       0x10 /tmp/ccxbF5hx.ltrans1.ltrans.o
 .data.gEfiManagedNetworkProtocolGuid
                0x0000000000013e70       0x10 /tmp/ccxbF5hx.ltrans1.ltrans.o
                0x0000000000013e70                gEfiManagedNetworkProtocolGuid
 .data.gEfiManagedNetworkServiceBindingProtocolGuid
                0x0000000000013e80       0x10 /tmp/ccxbF5hx.ltrans1.ltrans.o
                0x0000000000013e80                gEfiManagedNetworkServiceBindingProtocolGuid
 *fill*         0x0000000000013e90       0x10 
 .data.mIp4Config2StorageName
                0x0000000000013ea0       0x2e /tmp/ccxbF5hx.ltrans2.ltrans.o
                0x0000000000013ea0                mIp4Config2StorageName
 *fill*         0x0000000000013ece        0x2 
 .data.gEfiArpProtocolGuid
                0x0000000000013ed0       0x10 /tmp/ccxbF5hx.ltrans4.ltrans.o
                0x0000000000013ed0                gEfiArpProtocolGuid
 .data.gEfiDhcp4ProtocolGuid
                0x0000000000013ee0       0x10 /tmp/ccxbF5hx.ltrans4.ltrans.o
                0x0000000000013ee0                gEfiDhcp4ProtocolGuid
 .data.gEfiDhcp4ServiceBindingProtocolGuid
                0x0000000000013ef0       0x10 /tmp/ccxbF5hx.ltrans4.ltrans.o
                0x0000000000013ef0                gEfiDhcp4ServiceBindingProtocolGuid
 .data.gEfiComponentNameProtocolGuid
                0x0000000000013f00       0x10 /tmp/ccxbF5hx.ltrans9.ltrans.o
                0x0000000000013f00                gEfiComponentNameProtocolGuid
 .data.gEfiComponentName2ProtocolGuid
                0x0000000000013f10       0x10 /tmp/ccxbF5hx.ltrans9.ltrans.o
                0x0000000000013f10                gEfiComponentName2ProtocolGuid
 .data.gEfiDriverBindingProtocolGuid
                0x0000000000013f20       0x10 /tmp/ccxbF5hx.ltrans9.ltrans.o
                0x0000000000013f20                gEfiDriverBindingProtocolGuid
 .data.rel.local.gIp4ComponentName2
                0x0000000000013f30       0x18 /tmp/ccxbF5hx.ltrans9.ltrans.o
                0x0000000000013f30                gIp4ComponentName2
 *fill*         0x0000000000013f48        0x8 
 .data.rel.local.gIp4ComponentName
                0x0000000000013f50       0x18 /tmp/ccxbF5hx.ltrans9.ltrans.o
                0x0000000000013f50                gIp4ComponentName
 *fill*         0x0000000000013f68       0x18 
 .data.rel.local.gIp4DriverBinding
                0x0000000000013f80       0x30 /tmp/ccxbF5hx.ltrans9.ltrans.o
                0x0000000000013f80                gIp4DriverBinding
 .data.gEfiIpSec2ProtocolGuid
                0x0000000000013fb0       0x10 /tmp/ccxbF5hx.ltrans9.ltrans.o
                0x0000000000013fb0                gEfiIpSec2ProtocolGuid
 .data.gEfiDevicePathUtilitiesProtocolGuid
                0x0000000000013fc0       0x10 /tmp/ccxbF5hx.ltrans9.ltrans.o
 .data.gEfiHiiImageProtocolGuid
                0x0000000000013fd0       0x10 /tmp/ccxbF5hx.ltrans9.ltrans.o
 .data.gEfiHiiFontProtocolGuid
                0x0000000000013fe0       0x10 /tmp/ccxbF5hx.ltrans9.ltrans.o
 .data.gEfiHiiConfigRoutingProtocolGuid
                0x0000000000013ff0       0x10 /tmp/ccxbF5hx.ltrans9.ltrans.o
 .data.gEfiHiiDatabaseProtocolGuid
                0x0000000000014000       0x10 /tmp/ccxbF5hx.ltrans9.ltrans.o
 .data.gEfiHiiStringProtocolGuid
                0x0000000000014010       0x10 /tmp/ccxbF5hx.ltrans9.ltrans.o
 .data.gEfiDpcProtocolGuid
                0x0000000000014020       0x10 /tmp/ccxbF5hx.ltrans9.ltrans.o
 .data.gEfiLoadedImageProtocolGuid
                0x0000000000014030       0x10 /tmp/ccxbF5hx.ltrans9.ltrans.o
 .data.gEfiIp4Config2ProtocolGuid
                0x0000000000014040       0x10 /tmp/ccxbF5hx.ltrans10.ltrans.o
                0x0000000000014040                gEfiIp4Config2ProtocolGuid
 *fill*         0x0000000000014050       0x10 
 .data.rel.local.mIp4DriverNameTable
                0x0000000000014060       0x20 /tmp/ccxbF5hx.ltrans11.ltrans.o
 .data.gEfiIp4ProtocolGuid
                0x0000000000014080       0x10 /tmp/ccxbF5hx.ltrans11.ltrans.o
                0x0000000000014080                gEfiIp4ProtocolGuid
 .data.mRouteAlertOption
                0x0000000000014090        0x4 /tmp/ccxbF5hx.ltrans12.ltrans.o
 *fill*         0x0000000000014094        0xc 
 .data.mIp4SupportedIcmp
                0x00000000000140a0       0x2e /tmp/ccxbF5hx.ltrans12.ltrans.o
 *fill*         0x00000000000140ce        0x2 
 .data.gEfiFormBrowser2ProtocolGuid
                0x00000000000140d0       0x10 /tmp/ccxbF5hx.ltrans13.ltrans.o
 .data.gEfiGlobalVariableGuid
                0x00000000000140e0       0x10 /tmp/ccxbF5hx.ltrans13.ltrans.o
 *fill*         0x00000000000140f0       0x10 
 .data.Ip4Config2Bin
                0x0000000000014100      0x13c /tmp/ccxbF5hx.ltrans13.ltrans.o
 *fill*         0x000000000001423c        0x4 
 .data.Ip4DxeStrings
                0x0000000000014240      0x469 /tmp/ccxbF5hx.ltrans13.ltrans.o
 *fill*         0x00000000000146a9        0x7 
 .data.gEfiCallerIdGuid
                0x00000000000146b0       0x10 /tmp/ccxbF5hx.ltrans13.ltrans.o
 .data.gEfiHiiConfigAccessProtocolGuid
                0x00000000000146c0       0x10 /tmp/ccxbF5hx.ltrans13.ltrans.o
 .data.gEfiArpServiceBindingProtocolGuid
                0x00000000000146d0       0x10 /tmp/ccxbF5hx.ltrans14.ltrans.o
                0x00000000000146d0                gEfiArpServiceBindingProtocolGuid
 .data.gIp4Config2NvDataGuid
                0x00000000000146e0       0x10 /tmp/ccxbF5hx.ltrans15.ltrans.o
                0x00000000000146e0                gIp4Config2NvDataGuid
 .data.gEfiDevicePathProtocolGuid
                0x00000000000146f0       0x10 /tmp/ccxbF5hx.ltrans16.ltrans.o
                0x00000000000146f0                gEfiDevicePathProtocolGuid
 .data.rel.ro   0x0000000000014700        0x0 Ip4Driver.obj (symbol from plugin)
 *(.bss .bss.*)
 .bss.gST       0x0000000000014700        0x8 /tmp/ccxbF5hx.ltrans2.ltrans.o
                0x0000000000014700                gST
 .bss.mDevicePathLibDevicePathUtilities
                0x0000000000014708        0x8 /tmp/ccxbF5hx.ltrans2.ltrans.o
                0x0000000000014708                mDevicePathLibDevicePathUtilities
 .bss.mIpSec2Installed
                0x0000000000014710        0x1 /tmp/ccxbF5hx.ltrans3.ltrans.o
                0x0000000000014710                mIpSec2Installed
 *fill*         0x0000000000014711        0x7 
 .bss.gHiiString
                0x0000000000014718        0x8 /tmp/ccxbF5hx.ltrans7.ltrans.o
                0x0000000000014718                gHiiString
 .bss.gBS       0x0000000000014720        0x8 /tmp/ccxbF5hx.ltrans7.ltrans.o
                0x0000000000014720                gBS
 .bss.gImageHandle
                0x0000000000014728        0x8 /tmp/ccxbF5hx.ltrans9.ltrans.o
 .bss.gRT       0x0000000000014730        0x8 /tmp/ccxbF5hx.ltrans9.ltrans.o
                0x0000000000014730                gRT
 .bss.gHiiImage
                0x0000000000014738        0x8 /tmp/ccxbF5hx.ltrans9.ltrans.o
 .bss.gHiiFont  0x0000000000014740        0x8 /tmp/ccxbF5hx.ltrans9.ltrans.o
 .bss.gHiiConfigRouting
                0x0000000000014748        0x8 /tmp/ccxbF5hx.ltrans9.ltrans.o
                0x0000000000014748                gHiiConfigRouting
 .bss.mIpSec    0x0000000000014750        0x8 /tmp/ccxbF5hx.ltrans10.ltrans.o
                0x0000000000014750                mIpSec
 .bss.mIp4Id    0x0000000000014758        0x2 /tmp/ccxbF5hx.ltrans12.ltrans.o
                0x0000000000014758                mIp4Id
 *fill*         0x000000000001475a        0x6 
 .bss.mUefiFormBrowser2
                0x0000000000014760        0x8 /tmp/ccxbF5hx.ltrans13.ltrans.o
 *fill*         0x0000000000014768       0x18 
 .bss.mZeroMacAddress
                0x0000000000014780       0x20 /tmp/ccxbF5hx.ltrans14.ltrans.o
 .bss.gIp4ControllerNameTable
                0x00000000000147a0        0x8 /tmp/ccxbF5hx.ltrans15.ltrans.o
                0x00000000000147a0                gIp4ControllerNameTable
 .bss.mDpc      0x00000000000147a8        0x8 /tmp/ccxbF5hx.ltrans15.ltrans.o
                0x00000000000147a8                mDpc
 .bss.gHiiDatabase
                0x00000000000147b0        0x8 /tmp/ccxbF5hx.ltrans15.ltrans.o
                0x00000000000147b0                gHiiDatabase
 .bss.mDebugIoPortFound
                0x00000000000147b8        0x1 /tmp/ccxbF5hx.ltrans16.ltrans.o
 .bss.mDebugIoPortChecked
                0x00000000000147b9        0x1 /tmp/ccxbF5hx.ltrans16.ltrans.o

.eh_frame       0x00000000000147c0        0x0
 *(.eh_frame)
 .eh_frame      0x00000000000147c0        0x0 Ip4Driver.obj (symbol from plugin)
 .eh_frame      0x00000000000147c0        0x0 Ip4Driver.obj (symbol from plugin)

.dynbss         0x00000000000147c0        0x0
 .dynbss        0x00000000000147c0        0x0 Ip4Driver.obj (symbol from plugin)

.gnu.version_d  0x00000000000147c0        0x0
 .gnu.version_d
                0x00000000000147c0        0x0 Ip4Driver.obj (symbol from plugin)

.gnu.version    0x00000000000147c0        0x0
 .gnu.version   0x00000000000147c0        0x0 Ip4Driver.obj (symbol from plugin)

.gnu.version_r  0x00000000000147c0        0x0
 .gnu.version_r
                0x00000000000147c0        0x0 Ip4Driver.obj (symbol from plugin)

.rela           0x00000000000147c0      0x1f8
 *(.rela .rela.*)
 .rela.plt      0x00000000000147c0        0x0 Ip4Driver.obj (symbol from plugin)
 .rela.got      0x00000000000147c0        0x0 Ip4Driver.obj (symbol from plugin)
 .rela.bss      0x00000000000147c0        0x0 Ip4Driver.obj (symbol from plugin)
 .rela.data.rel.ro
                0x00000000000147c0        0x0 Ip4Driver.obj (symbol from plugin)
 .rela.ifunc    0x00000000000147c0        0x0 Ip4Driver.obj (symbol from plugin)
 .rela.data.rel.local.mIp4Config2InstanceList
                0x00000000000147c0       0x30 Ip4Driver.obj (symbol from plugin)
 .rela.data.rel.local.mEfiIp4ProtocolTemplete
                0x00000000000147f0       0xc0 Ip4Driver.obj (symbol from plugin)
 .rela.data.rel.local.gIp4ComponentName2
                0x00000000000148b0       0x48 Ip4Driver.obj (symbol from plugin)
 .rela.data.rel.local.gIp4ComponentName
                0x00000000000148f8       0x48 Ip4Driver.obj (symbol from plugin)
 .rela.data.rel.local.gIp4DriverBinding
                0x0000000000014940       0x48 Ip4Driver.obj (symbol from plugin)
 .rela.data.rel.local.mIp4DriverNameTable
                0x0000000000014988       0x30 Ip4Driver.obj (symbol from plugin)

.hii
 *(.hii)

.build-id       0x00000000000149b8       0x24
 *(.note.gnu.build-id)
 .note.gnu.build-id
                0x00000000000149b8       0x24 Ip4Driver.obj (symbol from plugin)

/DISCARD/
 *(.note.GNU-stack)
 *(.gnu_debuglink)
 *(.interp)
 *(.dynsym)
 *(.dynstr)
 *(.dynamic)
 *(.hash .gnu.hash)
 *(.comment)
OUTPUT(/home/hcj/UEFIWorkspace/Build/OvmfX64/DEBUG_GCC5/X64/NetworkPkg/Ip4Dxe/Ip4Dxe/DEBUG/Ip4Dxe.dll elf64-x86-64)

.debug_info     0x0000000000000000    0x4016a
 .debug_info    0x0000000000000000     0x49ee /tmp/ccxbF5hx.ltrans0.ltrans.o
 .debug_info    0x00000000000049ee     0x2b55 /tmp/ccxbF5hx.ltrans1.ltrans.o
 .debug_info    0x0000000000007543     0x32a4 /tmp/ccxbF5hx.ltrans2.ltrans.o
 .debug_info    0x000000000000a7e7     0x4abb /tmp/ccxbF5hx.ltrans3.ltrans.o
 .debug_info    0x000000000000f2a2     0x4597 /tmp/ccxbF5hx.ltrans4.ltrans.o
 .debug_info    0x0000000000013839     0x44b2 /tmp/ccxbF5hx.ltrans5.ltrans.o
 .debug_info    0x0000000000017ceb     0x4818 /tmp/ccxbF5hx.ltrans6.ltrans.o
 .debug_info    0x000000000001c503     0x2345 /tmp/ccxbF5hx.ltrans7.ltrans.o
 .debug_info    0x000000000001e848     0x1bc5 /tmp/ccxbF5hx.ltrans8.ltrans.o
 .debug_info    0x000000000002040d     0x3c56 /tmp/ccxbF5hx.ltrans9.ltrans.o
 .debug_info    0x0000000000024063     0x436b /tmp/ccxbF5hx.ltrans10.ltrans.o
 .debug_info    0x00000000000283ce     0x49c5 /tmp/ccxbF5hx.ltrans11.ltrans.o
 .debug_info    0x000000000002cd93     0x435c /tmp/ccxbF5hx.ltrans12.ltrans.o
 .debug_info    0x00000000000310ef     0x40f9 /tmp/ccxbF5hx.ltrans13.ltrans.o
 .debug_info    0x00000000000351e8     0x4049 /tmp/ccxbF5hx.ltrans14.ltrans.o
 .debug_info    0x0000000000039231     0x4192 /tmp/ccxbF5hx.ltrans15.ltrans.o
 .debug_info    0x000000000003d3c3     0x2c4c /tmp/ccxbF5hx.ltrans16.ltrans.o
 .debug_info    0x000000000004000f      0x15b /tmp/ccxbF5hx.ltrans17.ltrans.o

.debug_abbrev   0x0000000000000000     0x483c
 .debug_abbrev  0x0000000000000000      0x4af /tmp/ccxbF5hx.ltrans0.ltrans.o
 .debug_abbrev  0x00000000000004af      0x488 /tmp/ccxbF5hx.ltrans1.ltrans.o
 .debug_abbrev  0x0000000000000937      0x3dd /tmp/ccxbF5hx.ltrans2.ltrans.o
 .debug_abbrev  0x0000000000000d14      0x4ad /tmp/ccxbF5hx.ltrans3.ltrans.o
 .debug_abbrev  0x00000000000011c1      0x42b /tmp/ccxbF5hx.ltrans4.ltrans.o
 .debug_abbrev  0x00000000000015ec      0x431 /tmp/ccxbF5hx.ltrans5.ltrans.o
 .debug_abbrev  0x0000000000001a1d      0x3fb /tmp/ccxbF5hx.ltrans6.ltrans.o
 .debug_abbrev  0x0000000000001e18      0x29c /tmp/ccxbF5hx.ltrans7.ltrans.o
 .debug_abbrev  0x00000000000020b4      0x336 /tmp/ccxbF5hx.ltrans8.ltrans.o
 .debug_abbrev  0x00000000000023ea      0x406 /tmp/ccxbF5hx.ltrans9.ltrans.o
 .debug_abbrev  0x00000000000027f0      0x4af /tmp/ccxbF5hx.ltrans10.ltrans.o
 .debug_abbrev  0x0000000000002c9f      0x556 /tmp/ccxbF5hx.ltrans11.ltrans.o
 .debug_abbrev  0x00000000000031f5      0x50b /tmp/ccxbF5hx.ltrans12.ltrans.o
 .debug_abbrev  0x0000000000003700      0x3e5 /tmp/ccxbF5hx.ltrans13.ltrans.o
 .debug_abbrev  0x0000000000003ae5      0x454 /tmp/ccxbF5hx.ltrans14.ltrans.o
 .debug_abbrev  0x0000000000003f39      0x361 /tmp/ccxbF5hx.ltrans15.ltrans.o
 .debug_abbrev  0x000000000000429a      0x4dc /tmp/ccxbF5hx.ltrans16.ltrans.o
 .debug_abbrev  0x0000000000004776       0xc6 /tmp/ccxbF5hx.ltrans17.ltrans.o

.debug_loc      0x0000000000000000    0x1e445
 .debug_loc     0x0000000000000000     0x1d90 /tmp/ccxbF5hx.ltrans0.ltrans.o
 .debug_loc     0x0000000000001d90     0x21e4 /tmp/ccxbF5hx.ltrans1.ltrans.o
 .debug_loc     0x0000000000003f74     0x13d7 /tmp/ccxbF5hx.ltrans2.ltrans.o
 .debug_loc     0x000000000000534b     0x268b /tmp/ccxbF5hx.ltrans3.ltrans.o
 .debug_loc     0x00000000000079d6     0x1ff2 /tmp/ccxbF5hx.ltrans4.ltrans.o
 .debug_loc     0x00000000000099c8     0x2718 /tmp/ccxbF5hx.ltrans5.ltrans.o
 .debug_loc     0x000000000000c0e0     0x1fa0 /tmp/ccxbF5hx.ltrans6.ltrans.o
 .debug_loc     0x000000000000e080     0x2088 /tmp/ccxbF5hx.ltrans7.ltrans.o
 .debug_loc     0x0000000000010108     0x1dbc /tmp/ccxbF5hx.ltrans8.ltrans.o
 .debug_loc     0x0000000000011ec4     0x1382 /tmp/ccxbF5hx.ltrans9.ltrans.o
 .debug_loc     0x0000000000013246     0x1b1f /tmp/ccxbF5hx.ltrans10.ltrans.o
 .debug_loc     0x0000000000014d65     0x20a5 /tmp/ccxbF5hx.ltrans11.ltrans.o
 .debug_loc     0x0000000000016e0a     0x2231 /tmp/ccxbF5hx.ltrans12.ltrans.o
 .debug_loc     0x000000000001903b     0x12ad /tmp/ccxbF5hx.ltrans13.ltrans.o
 .debug_loc     0x000000000001a2e8     0x1818 /tmp/ccxbF5hx.ltrans14.ltrans.o
 .debug_loc     0x000000000001bb00     0x1690 /tmp/ccxbF5hx.ltrans15.ltrans.o
 .debug_loc     0x000000000001d190     0x11be /tmp/ccxbF5hx.ltrans16.ltrans.o
 .debug_loc     0x000000000001e34e       0xf7 /tmp/ccxbF5hx.ltrans17.ltrans.o

.debug_aranges  0x0000000000000000      0xfd0
 .debug_aranges
                0x0000000000000000       0xb0 /tmp/ccxbF5hx.ltrans0.ltrans.o
 .debug_aranges
                0x00000000000000b0      0x170 /tmp/ccxbF5hx.ltrans1.ltrans.o
 .debug_aranges
                0x0000000000000220       0x90 /tmp/ccxbF5hx.ltrans2.ltrans.o
 .debug_aranges
                0x00000000000002b0       0xc0 /tmp/ccxbF5hx.ltrans3.ltrans.o
 .debug_aranges
                0x0000000000000370       0xb0 /tmp/ccxbF5hx.ltrans4.ltrans.o
 .debug_aranges
                0x0000000000000420       0xf0 /tmp/ccxbF5hx.ltrans5.ltrans.o
 .debug_aranges
                0x0000000000000510       0xa0 /tmp/ccxbF5hx.ltrans6.ltrans.o
 .debug_aranges
                0x00000000000005b0       0x90 /tmp/ccxbF5hx.ltrans7.ltrans.o
 .debug_aranges
                0x0000000000000640      0x210 /tmp/ccxbF5hx.ltrans8.ltrans.o
 .debug_aranges
                0x0000000000000850       0xd0 /tmp/ccxbF5hx.ltrans9.ltrans.o
 .debug_aranges
                0x0000000000000920       0xc0 /tmp/ccxbF5hx.ltrans10.ltrans.o
 .debug_aranges
                0x00000000000009e0      0x190 /tmp/ccxbF5hx.ltrans11.ltrans.o
 .debug_aranges
                0x0000000000000b70       0xf0 /tmp/ccxbF5hx.ltrans12.ltrans.o
 .debug_aranges
                0x0000000000000c60       0x60 /tmp/ccxbF5hx.ltrans13.ltrans.o
 .debug_aranges
                0x0000000000000cc0      0x100 /tmp/ccxbF5hx.ltrans14.ltrans.o
 .debug_aranges
                0x0000000000000dc0       0xa0 /tmp/ccxbF5hx.ltrans15.ltrans.o
 .debug_aranges
                0x0000000000000e60      0x140 /tmp/ccxbF5hx.ltrans16.ltrans.o
 .debug_aranges
                0x0000000000000fa0       0x30 /tmp/ccxbF5hx.ltrans17.ltrans.o

.debug_ranges   0x0000000000000000     0x2d60
 .debug_ranges  0x0000000000000000      0x3e0 /tmp/ccxbF5hx.ltrans0.ltrans.o
 .debug_ranges  0x00000000000003e0      0x270 /tmp/ccxbF5hx.ltrans1.ltrans.o
 .debug_ranges  0x0000000000000650      0x140 /tmp/ccxbF5hx.ltrans2.ltrans.o
 .debug_ranges  0x0000000000000790      0x420 /tmp/ccxbF5hx.ltrans3.ltrans.o
 .debug_ranges  0x0000000000000bb0      0x240 /tmp/ccxbF5hx.ltrans4.ltrans.o
 .debug_ranges  0x0000000000000df0      0x310 /tmp/ccxbF5hx.ltrans5.ltrans.o
 .debug_ranges  0x0000000000001100      0x520 /tmp/ccxbF5hx.ltrans6.ltrans.o
 .debug_ranges  0x0000000000001620      0x120 /tmp/ccxbF5hx.ltrans7.ltrans.o
 .debug_ranges  0x0000000000001740      0x390 /tmp/ccxbF5hx.ltrans8.ltrans.o
 .debug_ranges  0x0000000000001ad0      0x1f0 /tmp/ccxbF5hx.ltrans9.ltrans.o
 .debug_ranges  0x0000000000001cc0      0x330 /tmp/ccxbF5hx.ltrans10.ltrans.o
 .debug_ranges  0x0000000000001ff0      0x3c0 /tmp/ccxbF5hx.ltrans11.ltrans.o
 .debug_ranges  0x00000000000023b0      0x250 /tmp/ccxbF5hx.ltrans12.ltrans.o
 .debug_ranges  0x0000000000002600      0x140 /tmp/ccxbF5hx.ltrans13.ltrans.o
 .debug_ranges  0x0000000000002740      0x150 /tmp/ccxbF5hx.ltrans14.ltrans.o
 .debug_ranges  0x0000000000002890      0x210 /tmp/ccxbF5hx.ltrans15.ltrans.o
 .debug_ranges  0x0000000000002aa0      0x2a0 /tmp/ccxbF5hx.ltrans16.ltrans.o
 .debug_ranges  0x0000000000002d40       0x20 /tmp/ccxbF5hx.ltrans17.ltrans.o

.debug_line     0x0000000000000000     0x84fc
 .debug_line    0x0000000000000000      0x931 /tmp/ccxbF5hx.ltrans0.ltrans.o
 .debug_line    0x0000000000000931      0x705 /tmp/ccxbF5hx.ltrans1.ltrans.o
 .debug_line    0x0000000000001036      0x7c1 /tmp/ccxbF5hx.ltrans2.ltrans.o
 .debug_line    0x00000000000017f7      0x80f /tmp/ccxbF5hx.ltrans3.ltrans.o
 .debug_line    0x0000000000002006      0x6b4 /tmp/ccxbF5hx.ltrans4.ltrans.o
 .debug_line    0x00000000000026ba      0x739 /tmp/ccxbF5hx.ltrans5.ltrans.o
 .debug_line    0x0000000000002df3      0x708 /tmp/ccxbF5hx.ltrans6.ltrans.o
 .debug_line    0x00000000000034fb      0x86e /tmp/ccxbF5hx.ltrans7.ltrans.o
 .debug_line    0x0000000000003d69      0x723 /tmp/ccxbF5hx.ltrans8.ltrans.o
 .debug_line    0x000000000000448c      0x86e /tmp/ccxbF5hx.ltrans9.ltrans.o
 .debug_line    0x0000000000004cfa      0x792 /tmp/ccxbF5hx.ltrans10.ltrans.o
 .debug_line    0x000000000000548c      0x899 /tmp/ccxbF5hx.ltrans11.ltrans.o
 .debug_line    0x0000000000005d25      0x78c /tmp/ccxbF5hx.ltrans12.ltrans.o
 .debug_line    0x00000000000064b1      0x758 /tmp/ccxbF5hx.ltrans13.ltrans.o
 .debug_line    0x0000000000006c09      0x669 /tmp/ccxbF5hx.ltrans14.ltrans.o
 .debug_line    0x0000000000007272      0x824 /tmp/ccxbF5hx.ltrans15.ltrans.o
 .debug_line    0x0000000000007a96      0x962 /tmp/ccxbF5hx.ltrans16.ltrans.o
 .debug_line    0x00000000000083f8      0x104 /tmp/ccxbF5hx.ltrans17.ltrans.o

.debug_str      0x0000000000000000     0x751c
 .debug_str     0x0000000000000000     0x1ed4 /tmp/ccxbF5hx.ltrans0.ltrans.o
                                       0x247b (size before relaxing)
 .debug_str     0x0000000000001ed4      0x713 /tmp/ccxbF5hx.ltrans1.ltrans.o
                                       0x1405 (size before relaxing)
 .debug_str     0x00000000000025e7     0x138a /tmp/ccxbF5hx.ltrans2.ltrans.o
                                       0x1afe (size before relaxing)
 .debug_str     0x0000000000003971      0x452 /tmp/ccxbF5hx.ltrans3.ltrans.o
                                       0x2454 (size before relaxing)
 .debug_str     0x0000000000003dc3      0x30d /tmp/ccxbF5hx.ltrans4.ltrans.o
                                       0x22c4 (size before relaxing)
 .debug_str     0x00000000000040d0      0x39f /tmp/ccxbF5hx.ltrans5.ltrans.o
                                       0x2397 (size before relaxing)
 .debug_str     0x000000000000446f      0x1e6 /tmp/ccxbF5hx.ltrans6.ltrans.o
                                       0x220f (size before relaxing)
 .debug_str     0x0000000000004655      0x525 /tmp/ccxbF5hx.ltrans7.ltrans.o
                                       0x13a0 (size before relaxing)
 .debug_str     0x0000000000004b7a      0x3ce /tmp/ccxbF5hx.ltrans8.ltrans.o
                                        0x7b4 (size before relaxing)
 .debug_str     0x0000000000004f48      0xd6e /tmp/ccxbF5hx.ltrans9.ltrans.o
                                       0x2416 (size before relaxing)
 .debug_str     0x0000000000005cb6      0x356 /tmp/ccxbF5hx.ltrans10.ltrans.o
                                       0x2488 (size before relaxing)
 .debug_str     0x000000000000600c      0x3af /tmp/ccxbF5hx.ltrans11.ltrans.o
                                       0x25c6 (size before relaxing)
 .debug_str     0x00000000000063bb      0x245 /tmp/ccxbF5hx.ltrans12.ltrans.o
                                       0x2420 (size before relaxing)
 .debug_str     0x0000000000006600      0x33e /tmp/ccxbF5hx.ltrans13.ltrans.o
                                       0x23f0 (size before relaxing)
 .debug_str     0x000000000000693e      0x1cc /tmp/ccxbF5hx.ltrans14.ltrans.o
                                       0x21d2 (size before relaxing)
 .debug_str     0x0000000000006b0a      0x665 /tmp/ccxbF5hx.ltrans15.ltrans.o
                                       0x2767 (size before relaxing)
 .debug_str     0x000000000000716f      0x37a /tmp/ccxbF5hx.ltrans16.ltrans.o
                                       0x1b39 (size before relaxing)
 .debug_str     0x00000000000074e9       0x33 /tmp/ccxbF5hx.ltrans17.ltrans.o
                                        0x28d (size before relaxing)

.debug_frame    0x0000000000000000     0x4590
 .debug_frame   0x0000000000000000      0x300 /tmp/ccxbF5hx.ltrans0.ltrans.o
 .debug_frame   0x0000000000000300      0x628 /tmp/ccxbF5hx.ltrans1.ltrans.o
 .debug_frame   0x0000000000000928      0x228 /tmp/ccxbF5hx.ltrans2.ltrans.o
 .debug_frame   0x0000000000000b50      0x4c0 /tmp/ccxbF5hx.ltrans3.ltrans.o
 .debug_frame   0x0000000000001010      0x4b0 /tmp/ccxbF5hx.ltrans4.ltrans.o
 .debug_frame   0x00000000000014c0      0x4c0 /tmp/ccxbF5hx.ltrans5.ltrans.o
 .debug_frame   0x0000000000001980      0x348 /tmp/ccxbF5hx.ltrans6.ltrans.o
 .debug_frame   0x0000000000001cc8      0x300 /tmp/ccxbF5hx.ltrans7.ltrans.o
 .debug_frame   0x0000000000001fc8      0x640 /tmp/ccxbF5hx.ltrans8.ltrans.o
 .debug_frame   0x0000000000002608      0x298 /tmp/ccxbF5hx.ltrans9.ltrans.o
 .debug_frame   0x00000000000028a0      0x4f0 /tmp/ccxbF5hx.ltrans10.ltrans.o
 .debug_frame   0x0000000000002d90      0x5f8 /tmp/ccxbF5hx.ltrans11.ltrans.o
 .debug_frame   0x0000000000003388      0x3c0 /tmp/ccxbF5hx.ltrans12.ltrans.o
 .debug_frame   0x0000000000003748      0x2e8 /tmp/ccxbF5hx.ltrans13.ltrans.o
 .debug_frame   0x0000000000003a30      0x4d0 /tmp/ccxbF5hx.ltrans14.ltrans.o
 .debug_frame   0x0000000000003f00      0x278 /tmp/ccxbF5hx.ltrans15.ltrans.o
 .debug_frame   0x0000000000004178      0x3d0 /tmp/ccxbF5hx.ltrans16.ltrans.o
 .debug_frame   0x0000000000004548       0x48 /tmp/ccxbF5hx.ltrans17.ltrans.o
