Archive member included to satisfy reference by file (symbol)

/home/hcj/UEFIWorkspace/Build/OvmfX64/DEBUG_GCC5/X64/NetworkPkg/TcpDxe/TcpDxe/OUTPUT/TcpDxe.lib(TcpDriver.obj)
                              (--whole-archive)
/home/hcj/UEFIWorkspace/Build/OvmfX64/DEBUG_GCC5/X64/NetworkPkg/TcpDxe/TcpDxe/OUTPUT/TcpDxe.lib(SockImpl.obj)
                              (--whole-archive)
/home/hcj/UEFIWorkspace/Build/OvmfX64/DEBUG_GCC5/X64/NetworkPkg/TcpDxe/TcpDxe/OUTPUT/TcpDxe.lib(SockInterface.obj)
                              (--whole-archive)
/home/hcj/UEFIWorkspace/Build/OvmfX64/DEBUG_GCC5/X64/NetworkPkg/TcpDxe/TcpDxe/OUTPUT/TcpDxe.lib(TcpDispatcher.obj)
                              (--whole-archive)
/home/hcj/UEFIWorkspace/Build/OvmfX64/DEBUG_GCC5/X64/NetworkPkg/TcpDxe/TcpDxe/OUTPUT/TcpDxe.lib(TcpOutput.obj)
                              (--whole-archive)
/home/hcj/UEFIWorkspace/Build/OvmfX64/DEBUG_GCC5/X64/NetworkPkg/TcpDxe/TcpDxe/OUTPUT/TcpDxe.lib(TcpMain.obj)
                              (--whole-archive)
/home/hcj/UEFIWorkspace/Build/OvmfX64/DEBUG_GCC5/X64/NetworkPkg/TcpDxe/TcpDxe/OUTPUT/TcpDxe.lib(TcpMisc.obj)
                              (--whole-archive)
/home/hcj/UEFIWorkspace/Build/OvmfX64/DEBUG_GCC5/X64/NetworkPkg/TcpDxe/TcpDxe/OUTPUT/TcpDxe.lib(TcpOption.obj)
                              (--whole-archive)
/home/hcj/UEFIWorkspace/Build/OvmfX64/DEBUG_GCC5/X64/NetworkPkg/TcpDxe/TcpDxe/OUTPUT/TcpDxe.lib(TcpInput.obj)
                              (--whole-archive)
/home/hcj/UEFIWorkspace/Build/OvmfX64/DEBUG_GCC5/X64/NetworkPkg/TcpDxe/TcpDxe/OUTPUT/TcpDxe.lib(TcpTimer.obj)
                              (--whole-archive)
/home/hcj/UEFIWorkspace/Build/OvmfX64/DEBUG_GCC5/X64/NetworkPkg/TcpDxe/TcpDxe/OUTPUT/TcpDxe.lib(ComponentName.obj)
                              (--whole-archive)
/home/hcj/UEFIWorkspace/Build/OvmfX64/DEBUG_GCC5/X64/NetworkPkg/TcpDxe/TcpDxe/OUTPUT/TcpDxe.lib(TcpIo.obj)
                              (--whole-archive)
/home/hcj/UEFIWorkspace/Build/OvmfX64/DEBUG_GCC5/X64/NetworkPkg/TcpDxe/TcpDxe/OUTPUT/TcpDxe.lib(AutoGen.obj)
                              (--whole-archive)
/home/hcj/UEFIWorkspace/Build/OvmfX64/DEBUG_GCC5/X64/MdePkg/Library/RegisterFilterLibNull/RegisterFilterLibNull/OUTPUT/FilterLibNull.lib(RegisterFilterLibNull.obj)
                              (--whole-archive)
/home/hcj/UEFIWorkspace/Build/OvmfX64/DEBUG_GCC5/X64/MdePkg/Library/DxePcdLib/DxePcdLib/OUTPUT/DxePcdLib.lib(DxePcdLib.obj)
                              (--whole-archive)
/home/hcj/UEFIWorkspace/Build/OvmfX64/DEBUG_GCC5/X64/MdePkg/Library/BaseMemoryLibRepStr/BaseMemoryLibRepStr/OUTPUT/BaseMemoryLibRepStr.lib(ScanMem64Wrapper.obj)
                              (--whole-archive)
/home/hcj/UEFIWorkspace/Build/OvmfX64/DEBUG_GCC5/X64/MdePkg/Library/BaseMemoryLibRepStr/BaseMemoryLibRepStr/OUTPUT/BaseMemoryLibRepStr.lib(ScanMem32Wrapper.obj)
                              (--whole-archive)
/home/hcj/UEFIWorkspace/Build/OvmfX64/DEBUG_GCC5/X64/MdePkg/Library/BaseMemoryLibRepStr/BaseMemoryLibRepStr/OUTPUT/BaseMemoryLibRepStr.lib(ScanMem16Wrapper.obj)
                              (--whole-archive)
/home/hcj/UEFIWorkspace/Build/OvmfX64/DEBUG_GCC5/X64/MdePkg/Library/BaseMemoryLibRepStr/BaseMemoryLibRepStr/OUTPUT/BaseMemoryLibRepStr.lib(ScanMem8Wrapper.obj)
                              (--whole-archive)
/home/hcj/UEFIWorkspace/Build/OvmfX64/DEBUG_GCC5/X64/MdePkg/Library/BaseMemoryLibRepStr/BaseMemoryLibRepStr/OUTPUT/BaseMemoryLibRepStr.lib(ZeroMemWrapper.obj)
                              (--whole-archive)
/home/hcj/UEFIWorkspace/Build/OvmfX64/DEBUG_GCC5/X64/MdePkg/Library/BaseMemoryLibRepStr/BaseMemoryLibRepStr/OUTPUT/BaseMemoryLibRepStr.lib(CompareMemWrapper.obj)
                              (--whole-archive)
/home/hcj/UEFIWorkspace/Build/OvmfX64/DEBUG_GCC5/X64/MdePkg/Library/BaseMemoryLibRepStr/BaseMemoryLibRepStr/OUTPUT/BaseMemoryLibRepStr.lib(SetMem64Wrapper.obj)
                              (--whole-archive)
/home/hcj/UEFIWorkspace/Build/OvmfX64/DEBUG_GCC5/X64/MdePkg/Library/BaseMemoryLibRepStr/BaseMemoryLibRepStr/OUTPUT/BaseMemoryLibRepStr.lib(SetMem32Wrapper.obj)
                              (--whole-archive)
/home/hcj/UEFIWorkspace/Build/OvmfX64/DEBUG_GCC5/X64/MdePkg/Library/BaseMemoryLibRepStr/BaseMemoryLibRepStr/OUTPUT/BaseMemoryLibRepStr.lib(SetMem16Wrapper.obj)
                              (--whole-archive)
/home/hcj/UEFIWorkspace/Build/OvmfX64/DEBUG_GCC5/X64/MdePkg/Library/BaseMemoryLibRepStr/BaseMemoryLibRepStr/OUTPUT/BaseMemoryLibRepStr.lib(SetMemWrapper.obj)
                              (--whole-archive)
/home/hcj/UEFIWorkspace/Build/OvmfX64/DEBUG_GCC5/X64/MdePkg/Library/BaseMemoryLibRepStr/BaseMemoryLibRepStr/OUTPUT/BaseMemoryLibRepStr.lib(CopyMemWrapper.obj)
                              (--whole-archive)
/home/hcj/UEFIWorkspace/Build/OvmfX64/DEBUG_GCC5/X64/MdePkg/Library/BaseMemoryLibRepStr/BaseMemoryLibRepStr/OUTPUT/BaseMemoryLibRepStr.lib(IsZeroBufferWrapper.obj)
[...]
Memory Configuration

Name             Origin             Length             Attributes
*default*        0x0000000000000000 0xffffffffffffffff

Linker script and memory map

LOAD /tmp/ccUKeqZv.ltrans0.ltrans.o
LOAD /tmp/ccUKeqZv.ltrans1.ltrans.o
LOAD /tmp/ccUKeqZv.ltrans2.ltrans.o
LOAD /tmp/ccUKeqZv.ltrans3.ltrans.o
LOAD /tmp/ccUKeqZv.ltrans4.ltrans.o
LOAD /tmp/ccUKeqZv.ltrans5.ltrans.o
LOAD /tmp/ccUKeqZv.ltrans6.ltrans.o
LOAD /tmp/ccUKeqZv.ltrans7.ltrans.o
LOAD /tmp/ccUKeqZv.ltrans8.ltrans.o
LOAD /tmp/ccUKeqZv.ltrans9.ltrans.o
LOAD /tmp/ccUKeqZv.ltrans10.ltrans.o
LOAD /tmp/ccUKeqZv.ltrans11.ltrans.o
LOAD /tmp/ccUKeqZv.ltrans12.ltrans.o
LOAD /tmp/ccUKeqZv.ltrans13.ltrans.o
LOAD /tmp/ccUKeqZv.ltrans14.ltrans.o
LOAD /tmp/ccUKeqZv.ltrans15.ltrans.o
LOAD /tmp/ccUKeqZv.ltrans16.ltrans.o
START GROUP
LOAD /home/hcj/UEFIWorkspace/Build/OvmfX64/DEBUG_GCC5/X64/NetworkPkg/TcpDxe/TcpDxe/OUTPUT/TcpDxe.lib
LOAD /home/hcj/UEFIWorkspace/Build/OvmfX64/DEBUG_GCC5/X64/MdePkg/Library/RegisterFilterLibNull/RegisterFilterLibNull/OUTPUT/FilterLibNull.lib
LOAD /home/hcj/UEFIWorkspace/Build/OvmfX64/DEBUG_GCC5/X64/MdePkg/Library/DxePcdLib/DxePcdLib/OUTPUT/DxePcdLib.lib
LOAD /home/hcj/UEFIWorkspace/Build/OvmfX64/DEBUG_GCC5/X64/MdePkg/Library/BaseMemoryLibRepStr/BaseMemoryLibRepStr/OUTPUT/BaseMemoryLibRepStr.lib
LOAD /home/hcj/UEFIWorkspace/Build/OvmfX64/DEBUG_GCC5/X64/MdePkg/Library/BaseLib/BaseLib/OUTPUT/BaseLib.lib
LOAD /home/hcj/UEFIWorkspace/Build/OvmfX64/DEBUG_GCC5/X64/MdePkg/Library/BaseDebugPrintErrorLevelLib/BaseDebugPrintErrorLevelLib/OUTPUT/BaseDebugPrintErrorLevelLib.lib
LOAD /home/hcj/UEFIWorkspace/Build/OvmfX64/DEBUG_GCC5/X64/MdePkg/Library/BaseIoLibIntrinsic/BaseIoLibIntrinsicSev/OUTPUT/BaseIoLibIntrinsicSev.lib
LOAD /home/hcj/UEFIWorkspace/Build/OvmfX64/DEBUG_GCC5/X64/MdePkg/Library/BasePrintLib/BasePrintLib/OUTPUT/BasePrintLib.lib
LOAD /home/hcj/UEFIWorkspace/Build/OvmfX64/DEBUG_GCC5/X64/OvmfPkg/Library/PlatformDebugLibIoPort/PlatformDebugLibIoPort/OUTPUT/PlatformDebugLibIoPort.lib
LOAD /home/hcj/UEFIWorkspace/Build/OvmfX64/DEBUG_GCC5/X64/MdePkg/Library/UefiBootServicesTableLib/UefiBootServicesTableLib/OUTPUT/UefiBootServicesTableLib.lib
LOAD /home/hcj/UEFIWorkspace/Build/OvmfX64/DEBUG_GCC5/X64/MdePkg/Library/UefiMemoryAllocationLib/UefiMemoryAllocationLib/OUTPUT/UefiMemoryAllocationLib.lib
LOAD /home/hcj/UEFIWorkspace/Build/OvmfX64/DEBUG_GCC5/X64/MdePkg/Library/UefiRuntimeServicesTableLib/UefiRuntimeServicesTableLib/OUTPUT/UefiRuntimeServicesTableLib.lib
LOAD /home/hcj/UEFIWorkspace/Build/OvmfX64/DEBUG_GCC5/X64/MdePkg/Library/UefiDevicePathLibDevicePathProtocol/UefiDevicePathLibDevicePathProtocol/OUTPUT/UefiDevicePathLibDevicePathProtocol.lib
LOAD /home/hcj/UEFIWorkspace/Build/OvmfX64/DEBUG_GCC5/X64/MdePkg/Library/UefiLib/UefiLib/OUTPUT/UefiLib.lib
LOAD /home/hcj/UEFIWorkspace/Build/OvmfX64/DEBUG_GCC5/X64/NetworkPkg/Library/DxeDpcLib/DxeDpcLib/OUTPUT/DxeDpcLib.lib
LOAD /home/hcj/UEFIWorkspace/Build/OvmfX64/DEBUG_GCC5/X64/MdePkg/Library/UefiDriverEntryPoint/UefiDriverEntryPoint/OUTPUT/UefiDriverEntryPoint.lib
LOAD /home/hcj/UEFIWorkspace/Build/OvmfX64/DEBUG_GCC5/X64/NetworkPkg/Library/DxeNetLib/DxeNetLib/OUTPUT/DxeNetLib.lib
LOAD /home/hcj/UEFIWorkspace/Build/OvmfX64/DEBUG_GCC5/X64/NetworkPkg/Library/DxeIpIoLib/DxeIpIoLib/OUTPUT/DxeIpIoLib.lib
END GROUP
                0x0000000000000228                PECOFF_HEADER_SIZE = 0x228
                0x0000000000000228                . = PECOFF_HEADER_SIZE

.text           0x0000000000000240    0x12b16
 *(.text .text.* .stub .gnu.linkonce.t.*)
 .text.TcpRxCallback
                0x0000000000000240     0x18fc /tmp/ccUKeqZv.ltrans0.ltrans.o
                0x0000000000000240                TcpRxCallback
 .text.SockFreeFoo
                0x0000000000001b3c        0x1 /tmp/ccUKeqZv.ltrans1.ltrans.o
 .text.Tcp6DriverBindingSupported
                0x0000000000001b3d       0x7b /tmp/ccUKeqZv.ltrans1.ltrans.o
                0x0000000000001b3d                Tcp6DriverBindingSupported
 .text.Tcp4DriverBindingSupported
                0x0000000000001bb8       0x7b /tmp/ccUKeqZv.ltrans1.ltrans.o
                0x0000000000001bb8                Tcp4DriverBindingSupported
 .text.TcpCreateSocketCallback
                0x0000000000001c33       0xe1 /tmp/ccUKeqZv.ltrans1.ltrans.o
 .text.TcpDestroyChildEntryInHandleBuffer
                0x0000000000001d14       0x9f /tmp/ccUKeqZv.ltrans1.ltrans.o
 .text.TcpDestroyTimer
                0x0000000000001db3       0x8d /tmp/ccUKeqZv.ltrans1.ltrans.o
 .text.TcpDestroySocketCallback
                0x0000000000001e40       0x5f /tmp/ccUKeqZv.ltrans1.ltrans.o
 .text.TcpServiceBindingDestroyChild
                0x0000000000001e9f       0xf4 /tmp/ccUKeqZv.ltrans1.ltrans.o
 .text.TcpDestroyService
                0x0000000000001f93      0x39b /tmp/ccUKeqZv.ltrans1.ltrans.o
 .text.Tcp6DriverBindingStop
                0x000000000000232e       0x1f /tmp/ccUKeqZv.ltrans1.ltrans.o
                0x000000000000232e                Tcp6DriverBindingStop
 .text.Tcp4DriverBindingStop
                0x000000000000234d       0x1f /tmp/ccUKeqZv.ltrans1.ltrans.o
                0x000000000000234d                Tcp4DriverBindingStop
 .text.TcpCreateService
                0x000000000000236c      0x5ae /tmp/ccUKeqZv.ltrans1.ltrans.o
 .text.Tcp6DriverBindingStart
                0x000000000000291a       0x39 /tmp/ccUKeqZv.ltrans1.ltrans.o
                0x000000000000291a                Tcp6DriverBindingStart
 .text.Tcp4DriverBindingStart
                0x0000000000002953       0x39 /tmp/ccUKeqZv.ltrans1.ltrans.o
                0x0000000000002953                Tcp4DriverBindingStart
 .text.SockCreate
                0x000000000000298c      0x4d5 /tmp/ccUKeqZv.ltrans1.ltrans.o
                0x000000000000298c                SockCreate
 .text.TcpServiceBindingCreateChild
                0x0000000000002e61      0x24b /tmp/ccUKeqZv.ltrans1.ltrans.o
 .text.SockCancelToken
                0x00000000000030ac      0x136 /tmp/ccUKeqZv.ltrans1.ltrans.o
                0x00000000000030ac                SockCancelToken
 .text.SockFlushPendingToken
                0x00000000000031e2       0x94 /tmp/ccUKeqZv.ltrans1.ltrans.o
                0x00000000000031e2                SockFlushPendingToken
 .text.SockProcessTcpSndData
                0x0000000000003276       0xea /tmp/ccUKeqZv.ltrans1.ltrans.o
                0x0000000000003276                SockProcessTcpSndData
 .text.SockProcessRcvToken
                0x0000000000003360      0x2d7 /tmp/ccUKeqZv.ltrans1.ltrans.o
                0x0000000000003360                SockProcessRcvToken
 .text.SockProcessSndToken
                0x0000000000003637      0x126 /tmp/ccUKeqZv.ltrans1.ltrans.o
                0x0000000000003637                SockProcessSndToken
 .text.TcpDispatcher
                0x000000000000375d     0x11f2 /tmp/ccUKeqZv.ltrans2.ltrans.o
                0x000000000000375d                TcpDispatcher
 .text.TcpComponentNameGetDriverName
                0x000000000000494f       0x36 /tmp/ccUKeqZv.ltrans3.ltrans.o
                0x000000000000494f                TcpComponentNameGetDriverName
 .text.TcpComponentNameGetControllerName
                0x0000000000004985      0x3ad /tmp/ccUKeqZv.ltrans3.ltrans.o
                0x0000000000004985                TcpComponentNameGetControllerName
 .text.TcpTicking
                0x0000000000004d32       0x14 /tmp/ccUKeqZv.ltrans3.ltrans.o
                0x0000000000004d32                TcpTicking
 .text.TcpUpdateTimer
                0x0000000000004d46       0x54 /tmp/ccUKeqZv.ltrans3.ltrans.o
                0x0000000000004d46                TcpUpdateTimer
 .text.TcpTickingDpc
                0x0000000000004d9a      0x10f /tmp/ccUKeqZv.ltrans3.ltrans.o
 .text.TcpSetTimer
                0x0000000000004ea9       0x23 /tmp/ccUKeqZv.ltrans3.ltrans.o
                0x0000000000004ea9                TcpSetTimer
 .text.TcpSetKeepaliveTimer
                0x0000000000004ecc       0x46 /tmp/ccUKeqZv.ltrans3.ltrans.o
                0x0000000000004ecc                TcpSetKeepaliveTimer
 .text.TcpSetProbeTimer
                0x0000000000004f12       0x5c /tmp/ccUKeqZv.ltrans3.ltrans.o
                0x0000000000004f12                TcpSetProbeTimer
 .text.TcpProbeTimeout
                0x0000000000004f6e       0x78 /tmp/ccUKeqZv.ltrans3.ltrans.o
 .text.TcpClose
                0x0000000000004fe6       0x29 /tmp/ccUKeqZv.ltrans3.ltrans.o
                0x0000000000004fe6                TcpClose
 .text.Tcp2MSLTimeout
                0x000000000000500f       0x3a /tmp/ccUKeqZv.ltrans3.ltrans.o
 .text.TcpFinwait2Timeout
                0x0000000000005049       0x3a /tmp/ccUKeqZv.ltrans3.ltrans.o
 .text.TcpKeepaliveTimeout
                0x0000000000005083       0x55 /tmp/ccUKeqZv.ltrans3.ltrans.o
 .text.TcpRexmitTimeout
                0x00000000000050d8      0x155 /tmp/ccUKeqZv.ltrans3.ltrans.o
 .text.TcpConnectTimeout
                0x000000000000522d       0xa2 /tmp/ccUKeqZv.ltrans3.ltrans.o
 .text.TcpDeliverData
                0x00000000000052cf      0x4a8 /tmp/ccUKeqZv.ltrans3.ltrans.o
                0x00000000000052cf                TcpDeliverData
 .text.TcpTrimSegment
                0x0000000000005777       0xe3 /tmp/ccUKeqZv.ltrans3.ltrans.o
                0x0000000000005777                TcpTrimSegment
 .text.unlikely.TcpAdjustSndQue
                0x000000000000585a       0x70 /tmp/ccUKeqZv.ltrans3.ltrans.o
                0x000000000000585a                TcpAdjustSndQue
 .text.TcpTrimInWnd
                0x00000000000058ca       0x1d /tmp/ccUKeqZv.ltrans3.ltrans.o
                0x00000000000058ca                TcpTrimInWnd
 .text.TcpComputeRtt
                0x00000000000058e7       0xf5 /tmp/ccUKeqZv.ltrans3.ltrans.o
                0x00000000000058e7                TcpComputeRtt
 .text.TcpComputeScale
                0x00000000000059dc       0x64 /tmp/ccUKeqZv.ltrans3.ltrans.o
                0x00000000000059dc                TcpComputeScale
 .text.TcpPutUint32
                0x0000000000005a40       0x34 /tmp/ccUKeqZv.ltrans3.ltrans.o
                0x0000000000005a40                TcpPutUint32
 .text._DriverUnloadHandler
                0x0000000000005a74      0x198 /tmp/ccUKeqZv.ltrans4.ltrans.o
 .text._ModuleEntryPoint
                0x0000000000005c0c      0x50e /tmp/ccUKeqZv.ltrans4.ltrans.o
                0x0000000000005c0c                _ModuleEntryPoint
 .text.IsLanguageSupported
                0x000000000000611a       0x69 /tmp/ccUKeqZv.ltrans4.ltrans.o
                0x000000000000611a                IsLanguageSupported
 .text.LookupUnicodeString2
                0x0000000000006183       0xe1 /tmp/ccUKeqZv.ltrans4.ltrans.o
                0x0000000000006183                LookupUnicodeString2
 .text.EfiReleaseLock
                0x0000000000006264       0x69 /tmp/ccUKeqZv.ltrans4.ltrans.o
                0x0000000000006264                EfiReleaseLock
 .text.EfiAcquireLockOrFail
                0x00000000000062cd       0x7c /tmp/ccUKeqZv.ltrans4.ltrans.o
                0x00000000000062cd                EfiAcquireLockOrFail
 .text.SetDevicePathNodeLength
                0x0000000000006349       0x87 /tmp/ccUKeqZv.ltrans4.ltrans.o
                0x0000000000006349                SetDevicePathNodeLength
 .text.FreePool
                0x00000000000063d0       0x60 /tmp/ccUKeqZv.ltrans4.ltrans.o
                0x00000000000063d0                FreePool
 .text.FreeUnicodeStringTable
                0x0000000000006430       0x46 /tmp/ccUKeqZv.ltrans4.ltrans.o
                0x0000000000006430                FreeUnicodeStringTable
 .text.EfiTestChildHandle
                0x0000000000006476       0xa9 /tmp/ccUKeqZv.ltrans4.ltrans.o
                0x0000000000006476                EfiTestChildHandle
 .text.AllocateCopyPool
                0x000000000000651f       0x85 /tmp/ccUKeqZv.ltrans4.ltrans.o
                0x000000000000651f                AllocateCopyPool
 .text.AllocateZeroPool
                0x00000000000065a4       0x27 /tmp/ccUKeqZv.ltrans4.ltrans.o
                0x00000000000065a4                AllocateZeroPool
 .text.BasePrintLibSPrintMarker.constprop.37
                0x00000000000065cb     0x10bd /tmp/ccUKeqZv.ltrans5.ltrans.o
                0x00000000000065cb                BasePrintLibSPrintMarker.constprop.37
 .text.AsciiSPrint.constprop.35
                0x0000000000007688       0x32 /tmp/ccUKeqZv.ltrans5.ltrans.o
                0x0000000000007688                AsciiSPrint.constprop.35
 .text.DebugPrintMarker.part.0.constprop.33
                0x00000000000076ba       0x3d /tmp/ccUKeqZv.ltrans5.ltrans.o
                0x00000000000076ba                DebugPrintMarker.part.0.constprop.33
 .text.InternalAllocatePool.constprop.31
                0x00000000000076f7       0x37 /tmp/ccUKeqZv.ltrans5.ltrans.o
                0x00000000000076f7                InternalAllocatePool.constprop.31
 .text.EfiLibInstallDriverBindingComponentName2.constprop.26
                0x000000000000772e       0xdf /tmp/ccUKeqZv.ltrans5.ltrans.o
                0x000000000000772e                EfiLibInstallDriverBindingComponentName2.constprop.26
 .text.NetbufFromExt.constprop.21
                0x000000000000780d       0xcb /tmp/ccUKeqZv.ltrans5.ltrans.o
                0x000000000000780d                NetbufFromExt.constprop.21
 .text.NetbufReserve.constprop.15
                0x00000000000078d8      0x112 /tmp/ccUKeqZv.ltrans5.ltrans.o
                0x00000000000078d8                NetbufReserve.constprop.15
 .text.SockTokenExistedInList
                0x00000000000079ea       0x1c /tmp/ccUKeqZv.ltrans6.ltrans.o
 .text.SockTokenExisted
                0x0000000000007a06       0x74 /tmp/ccUKeqZv.ltrans6.ltrans.o
 .text.SockBufferToken
                0x0000000000007a7a       0x81 /tmp/ccUKeqZv.ltrans6.ltrans.o
 .text.TcpFlushPcb
                0x0000000000007afb       0x9a /tmp/ccUKeqZv.ltrans6.ltrans.o
                0x0000000000007afb                TcpFlushPcb
 .text.SockCancel
                0x0000000000007b95      0x1ad /tmp/ccUKeqZv.ltrans6.ltrans.o
                0x0000000000007b95                SockCancel
 .text.SockClose
                0x0000000000007d42      0x12b /tmp/ccUKeqZv.ltrans6.ltrans.o
                0x0000000000007d42                SockClose
 .text.SockRcv  0x0000000000007e6d      0x1c3 /tmp/ccUKeqZv.ltrans6.ltrans.o
                0x0000000000007e6d                SockRcv
 .text.SockAccept
                0x0000000000008030      0x21d /tmp/ccUKeqZv.ltrans6.ltrans.o
                0x0000000000008030                SockAccept
 .text.SockConnect
                0x000000000000824d       0xf0 /tmp/ccUKeqZv.ltrans6.ltrans.o
                0x000000000000824d                SockConnect
 .text.SockConfigure
                0x000000000000833d       0xe1 /tmp/ccUKeqZv.ltrans6.ltrans.o
                0x000000000000833d                SockConfigure
 .text.SockGetFreeSpace
                0x000000000000841e       0x6b /tmp/ccUKeqZv.ltrans6.ltrans.o
                0x000000000000841e                SockGetFreeSpace
 .text.SockSend
                0x0000000000008489      0x20b /tmp/ccUKeqZv.ltrans6.ltrans.o
                0x0000000000008489                SockSend
 .text.SockDestroy
                0x0000000000008694       0xe3 /tmp/ccUKeqZv.ltrans6.ltrans.o
                0x0000000000008694                SockDestroy
 .text.SockDestroyChild
                0x0000000000008777      0x284 /tmp/ccUKeqZv.ltrans6.ltrans.o
                0x0000000000008777                SockDestroyChild
 .text.SockConnFlush
                0x00000000000089fb      0x157 /tmp/ccUKeqZv.ltrans6.ltrans.o
                0x00000000000089fb                SockConnFlush
 .text.SockFlush
                0x0000000000008b52      0x131 /tmp/ccUKeqZv.ltrans6.ltrans.o
                0x0000000000008b52                SockFlush
 .text.IpIoExtFree
                0x0000000000008c83        0xa /tmp/ccUKeqZv.ltrans7.ltrans.o
 .text.IpIoDummyHandlerDpc
                0x0000000000008c8d       0x9b /tmp/ccUKeqZv.ltrans7.ltrans.o
 .text.IpIoListenHandler
                0x0000000000008d28       0x14 /tmp/ccUKeqZv.ltrans7.ltrans.o
                0x0000000000008d28                IpIoListenHandler
 .text.IpIoDummyHandler
                0x0000000000008d3c       0x14 /tmp/ccUKeqZv.ltrans7.ltrans.o
                0x0000000000008d3c                IpIoDummyHandler
 .text.IpIoTransmitHandler
                0x0000000000008d50       0x14 /tmp/ccUKeqZv.ltrans7.ltrans.o
                0x0000000000008d50                IpIoTransmitHandler
 .text.IpIoListenHandlerDpc
                0x0000000000008d64      0x4cb /tmp/ccUKeqZv.ltrans7.ltrans.o
 .text.IpIoDestroySndEntry
                0x000000000000922f       0x88 /tmp/ccUKeqZv.ltrans7.ltrans.o
                0x000000000000922f                IpIoDestroySndEntry
 .text.IpIoTransmitHandlerDpc
                0x00000000000092b7       0x4c /tmp/ccUKeqZv.ltrans7.ltrans.o
 .text.IpIoCloseProtocolDestroyIpChild
                0x0000000000009303       0x87 /tmp/ccUKeqZv.ltrans7.ltrans.o
                0x0000000000009303                IpIoCloseProtocolDestroyIpChild
 .text.IpIoDestroy
                0x000000000000938a      0x11a /tmp/ccUKeqZv.ltrans7.ltrans.o
                0x000000000000938a                IpIoDestroy
 .text.IpIoCreateIpChildOpenProtocol
                0x00000000000094a4      0x12e /tmp/ccUKeqZv.ltrans7.ltrans.o
                0x00000000000094a4                IpIoCreateIpChildOpenProtocol
 .text.NetblockChecksum
                0x00000000000095d2       0x32 /tmp/ccUKeqZv.ltrans7.ltrans.o
                0x00000000000095d2                NetblockChecksum
 .text.NetbufQueFlush
                0x0000000000009604       0x53 /tmp/ccUKeqZv.ltrans7.ltrans.o
                0x0000000000009604                NetbufQueFlush
 .text.NetbufQueTrim
                0x0000000000009657       0xb3 /tmp/ccUKeqZv.ltrans7.ltrans.o
                0x0000000000009657                NetbufQueTrim
 .text.NetbufQueCopy
                0x000000000000970a      0x180 /tmp/ccUKeqZv.ltrans7.ltrans.o
                0x000000000000970a                NetbufQueCopy
 .text.NetbufQueAppend
                0x000000000000988a       0x81 /tmp/ccUKeqZv.ltrans7.ltrans.o
                0x000000000000988a                NetbufQueAppend
 .text.NetbufQueFree
                0x000000000000990b       0x71 /tmp/ccUKeqZv.ltrans7.ltrans.o
                0x000000000000990b                NetbufQueFree
 .text.NetbufQueAlloc
                0x000000000000997c       0x52 /tmp/ccUKeqZv.ltrans7.ltrans.o
                0x000000000000997c                NetbufQueAlloc
 .text.TcpChkDataBuf
                0x00000000000099ce       0x3a /tmp/ccUKeqZv.ltrans8.ltrans.o
 .text.Tcp6Poll
                0x0000000000009a08       0x68 /tmp/ccUKeqZv.ltrans8.ltrans.o
                0x0000000000009a08                Tcp6Poll
 .text.Tcp6GetModeData
                0x0000000000009a70       0xa3 /tmp/ccUKeqZv.ltrans8.ltrans.o
                0x0000000000009a70                Tcp6GetModeData
 .text.Tcp4Poll
                0x0000000000009b13       0x68 /tmp/ccUKeqZv.ltrans8.ltrans.o
                0x0000000000009b13                Tcp4Poll
 .text.Tcp4GetModeData
                0x0000000000009b7b       0xa3 /tmp/ccUKeqZv.ltrans8.ltrans.o
                0x0000000000009b7b                Tcp4GetModeData
 .text.Tcp6Cancel
                0x0000000000009c1e       0x5e /tmp/ccUKeqZv.ltrans8.ltrans.o
                0x0000000000009c1e                Tcp6Cancel
 .text.Tcp4Cancel
                0x0000000000009c7c       0x5e /tmp/ccUKeqZv.ltrans8.ltrans.o
                0x0000000000009c7c                Tcp4Cancel
 .text.Tcp6Close
                0x0000000000009cda       0x77 /tmp/ccUKeqZv.ltrans8.ltrans.o
                0x0000000000009cda                Tcp6Close
 .text.Tcp4Close
                0x0000000000009d51       0x77 /tmp/ccUKeqZv.ltrans8.ltrans.o
                0x0000000000009d51                Tcp4Close
 .text.Tcp6Receive
                0x0000000000009dc8       0xa6 /tmp/ccUKeqZv.ltrans8.ltrans.o
                0x0000000000009dc8                Tcp6Receive
 .text.Tcp4Receive
                0x0000000000009e6e       0xa6 /tmp/ccUKeqZv.ltrans8.ltrans.o
                0x0000000000009e6e                Tcp4Receive
 .text.Tcp6Transmit
                0x0000000000009f14       0xa6 /tmp/ccUKeqZv.ltrans8.ltrans.o
                0x0000000000009f14                Tcp6Transmit
 .text.Tcp4Transmit
                0x0000000000009fba       0xa6 /tmp/ccUKeqZv.ltrans8.ltrans.o
                0x0000000000009fba                Tcp4Transmit
 .text.Tcp6Accept
                0x000000000000a060       0x73 /tmp/ccUKeqZv.ltrans8.ltrans.o
                0x000000000000a060                Tcp6Accept
 .text.Tcp4Accept
                0x000000000000a0d3       0x73 /tmp/ccUKeqZv.ltrans8.ltrans.o
                0x000000000000a0d3                Tcp4Accept
 .text.Tcp6Connect
                0x000000000000a146       0x73 /tmp/ccUKeqZv.ltrans8.ltrans.o
                0x000000000000a146                Tcp6Connect
 .text.Tcp4Connect
                0x000000000000a1b9       0x73 /tmp/ccUKeqZv.ltrans8.ltrans.o
                0x000000000000a1b9                Tcp4Connect
 .text.Tcp6Configure
                0x000000000000a22c      0x11a /tmp/ccUKeqZv.ltrans8.ltrans.o
                0x000000000000a22c                Tcp6Configure
 .text.Tcp4Routes
                0x000000000000a346      0x107 /tmp/ccUKeqZv.ltrans8.ltrans.o
                0x000000000000a346                Tcp4Routes
 .text.Tcp4Configure
                0x000000000000a44d      0x18c /tmp/ccUKeqZv.ltrans8.ltrans.o
                0x000000000000a44d                Tcp4Configure
 .text.TcpIsIpZero
                0x000000000000a5d9       0x72 /tmp/ccUKeqZv.ltrans8.ltrans.o
                0x000000000000a5d9                TcpIsIpZero
 .text.TcpIsIpEqual
                0x000000000000a64b       0x82 /tmp/ccUKeqZv.ltrans8.ltrans.o
                0x000000000000a64b                TcpIsIpEqual
 .text.TcpInitTcbPeer
                0x000000000000a6cd      0x16e /tmp/ccUKeqZv.ltrans8.ltrans.o
                0x000000000000a6cd                TcpInitTcbPeer
 .text.TcpInitTcbLocal
                0x000000000000a83b       0x9e /tmp/ccUKeqZv.ltrans8.ltrans.o
                0x000000000000a83b                TcpInitTcbLocal
 .text.TcpVerifySegment
                0x000000000000a8d9       0x97 /tmp/ccUKeqZv.ltrans8.ltrans.o
                0x000000000000a8d9                TcpVerifySegment
 .text.TcpGetUint32
                0x000000000000a970       0x29 /tmp/ccUKeqZv.ltrans9.ltrans.o
                0x000000000000a970                TcpGetUint32
 .text.TcpInstallDevicePath
                0x000000000000a999      0x2e2 /tmp/ccUKeqZv.ltrans9.ltrans.o
                0x000000000000a999                TcpInstallDevicePath
 .text.TcpChecksum
                0x000000000000ac7b      0x102 /tmp/ccUKeqZv.ltrans9.ltrans.o
                0x000000000000ac7b                TcpChecksum
 .text.TcpResetConnection
                0x000000000000ad7d       0xff /tmp/ccUKeqZv.ltrans9.ltrans.o
                0x000000000000ad7d                TcpResetConnection
 .text.TcpSetState
                0x000000000000ae7c      0x2d1 /tmp/ccUKeqZv.ltrans9.ltrans.o
                0x000000000000ae7c                TcpSetState
 .text.TcpGetRcvMss
                0x000000000000b14d      0x1db /tmp/ccUKeqZv.ltrans9.ltrans.o
                0x000000000000b14d                TcpGetRcvMss
 .text.TcpInsertTcb
                0x000000000000b328       0xe6 /tmp/ccUKeqZv.ltrans9.ltrans.o
                0x000000000000b328                TcpInsertTcb
 .text.TcpLocateTcb
                0x000000000000b40e      0x228 /tmp/ccUKeqZv.ltrans9.ltrans.o
                0x000000000000b40e                TcpLocateTcb
 .text.TcpFindTcbByPeer
                0x000000000000b636       0xe9 /tmp/ccUKeqZv.ltrans9.ltrans.o
                0x000000000000b636                TcpFindTcbByPeer
 .text.TcpGetSegmentSndQue
                0x000000000000b71f      0x26a /tmp/ccUKeqZv.ltrans10.ltrans.o
 .text.TcpSendReset
                0x000000000000b989      0x1c7 /tmp/ccUKeqZv.ltrans10.ltrans.o
                0x000000000000b989                TcpSendReset
 .text.TcpSendZeroProbe
                0x000000000000bb50       0x71 /tmp/ccUKeqZv.ltrans10.ltrans.o
                0x000000000000bb50                TcpSendZeroProbe
 .text.TcpSendAck
                0x000000000000bbc1       0x73 /tmp/ccUKeqZv.ltrans10.ltrans.o
                0x000000000000bbc1                TcpSendAck
 .text.TcpToSendData
                0x000000000000bc34      0x6c3 /tmp/ccUKeqZv.ltrans10.ltrans.o
                0x000000000000bc34                TcpToSendData
 .text.TcpRetransmit
                0x000000000000c2f7      0x1aa /tmp/ccUKeqZv.ltrans10.ltrans.o
                0x000000000000c2f7                TcpRetransmit
 .text.NetblockTrim
                0x000000000000c4a1       0x5e /tmp/ccUKeqZv.ltrans11.ltrans.o
 .text.NetbufCopy
                0x000000000000c4ff      0x158 /tmp/ccUKeqZv.ltrans11.ltrans.o
                0x000000000000c4ff                NetbufCopy
 .text.NetbufTrim
                0x000000000000c657       0xde /tmp/ccUKeqZv.ltrans11.ltrans.o
                0x000000000000c657                NetbufTrim
 .text.NetbufSetBlock
                0x000000000000c735       0xfd /tmp/ccUKeqZv.ltrans11.ltrans.o
                0x000000000000c735                NetbufSetBlock
 .text.NetbufGetByte
                0x000000000000c832       0x8d /tmp/ccUKeqZv.ltrans11.ltrans.o
                0x000000000000c832                NetbufGetByte
 .text.NetbufAllocSpace
                0x000000000000c8bf      0x1d2 /tmp/ccUKeqZv.ltrans11.ltrans.o
                0x000000000000c8bf                NetbufAllocSpace
 .text.NetbufFree
                0x000000000000ca91      0x15c /tmp/ccUKeqZv.ltrans11.ltrans.o
                0x000000000000ca91                NetbufFree
 .text.NetbufFreeList
                0x000000000000cbed       0x9f /tmp/ccUKeqZv.ltrans11.ltrans.o
                0x000000000000cbed                NetbufFreeList
 .text.NetbufAllocStruct
                0x000000000000cc8c       0xea /tmp/ccUKeqZv.ltrans11.ltrans.o
                0x000000000000cc8c                NetbufAllocStruct
 .text.NetbufAlloc
                0x000000000000cd76       0xaf /tmp/ccUKeqZv.ltrans11.ltrans.o
                0x000000000000cd76                NetbufAlloc
 .text.NetLibDestroyServiceChild
                0x000000000000ce25       0x7e /tmp/ccUKeqZv.ltrans11.ltrans.o
                0x000000000000ce25                NetLibDestroyServiceChild
 .text.NetIp6IsUnspecifiedAddr
                0x000000000000cea3       0x4b /tmp/ccUKeqZv.ltrans11.ltrans.o
                0x000000000000cea3                NetIp6IsUnspecifiedAddr
 .text.NetIp6IsValidUnicast
                0x000000000000ceee       0x57 /tmp/ccUKeqZv.ltrans11.ltrans.o
                0x000000000000ceee                NetIp6IsValidUnicast
 .text.NetIp4IsUnicast
                0x000000000000cf45       0x76 /tmp/ccUKeqZv.ltrans11.ltrans.o
                0x000000000000cf45                NetIp4IsUnicast
 .text.PlatformDebugLibIoPortFound
                0x000000000000cfbb       0x26 /tmp/ccUKeqZv.ltrans12.ltrans.o
 .text.DebugPrintEnabled
                0x000000000000cfe1        0x3 /tmp/ccUKeqZv.ltrans12.ltrans.o
                0x000000000000cfe1                DebugPrintEnabled
 .text.DebugAssertEnabled
                0x000000000000cfe4        0x3 /tmp/ccUKeqZv.ltrans12.ltrans.o
                0x000000000000cfe4                DebugAssertEnabled
 .text.DebugAssert
                0x000000000000cfe7       0x6a /tmp/ccUKeqZv.ltrans12.ltrans.o
                0x000000000000cfe7                DebugAssert
 .text.DebugPrint
                0x000000000000d051       0x65 /tmp/ccUKeqZv.ltrans12.ltrans.o
                0x000000000000d051                DebugPrint
 .text.BasePrintLibFillBuffer
                0x000000000000d0b6       0x2e /tmp/ccUKeqZv.ltrans12.ltrans.o
                0x000000000000d0b6                BasePrintLibFillBuffer
 .text.ReadUnaligned24
                0x000000000000d0e4       0x3b /tmp/ccUKeqZv.ltrans12.ltrans.o
                0x000000000000d0e4                ReadUnaligned24
 .text.ReadUnaligned16
                0x000000000000d11f       0x37 /tmp/ccUKeqZv.ltrans12.ltrans.o
                0x000000000000d11f                ReadUnaligned16
 .text.AsciiStrLen
                0x000000000000d156       0x85 /tmp/ccUKeqZv.ltrans12.ltrans.o
                0x000000000000d156                AsciiStrLen
 .text.AsciiStrnCmp.part.4.lto_priv.42
                0x000000000000d1db       0xd3 /tmp/ccUKeqZv.ltrans12.ltrans.o
                0x000000000000d1db                AsciiStrnCmp.part.4.lto_priv.42
 .text.AsciiStrnLenS
                0x000000000000d2ae       0x26 /tmp/ccUKeqZv.ltrans12.ltrans.o
                0x000000000000d2ae                AsciiStrnLenS
 .text.StrnLenS
                0x000000000000d2d4       0x5d /tmp/ccUKeqZv.ltrans12.ltrans.o
                0x000000000000d2d4                StrnLenS
 .text.InitializeListHead
                0x000000000000d331       0x3e /tmp/ccUKeqZv.ltrans12.ltrans.o
                0x000000000000d331                InitializeListHead
 .text.InternalBaseLibIsListValid
                0x000000000000d36f       0x9e /tmp/ccUKeqZv.ltrans12.ltrans.o
                0x000000000000d36f                InternalBaseLibIsListValid
 .text.IsListEmpty
                0x000000000000d40d       0x3e /tmp/ccUKeqZv.ltrans12.ltrans.o
                0x000000000000d40d                IsListEmpty
 .text.RemoveEntryList
                0x000000000000d44b       0x50 /tmp/ccUKeqZv.ltrans12.ltrans.o
                0x000000000000d44b                RemoveEntryList
 .text.GetFirstNode
                0x000000000000d49b       0x3b /tmp/ccUKeqZv.ltrans12.ltrans.o
                0x000000000000d49b                GetFirstNode
 .text.IsNodeInList
                0x000000000000d4d6       0x90 /tmp/ccUKeqZv.ltrans12.ltrans.o
                0x000000000000d4d6                IsNodeInList
 .text.InsertTailList
                0x000000000000d566       0x76 /tmp/ccUKeqZv.ltrans12.ltrans.o
                0x000000000000d566                InsertTailList
 .text.InsertHeadList
                0x000000000000d5dc       0x75 /tmp/ccUKeqZv.ltrans12.ltrans.o
                0x000000000000d5dc                InsertHeadList
 .text.SwapBytes32
                0x000000000000d651       0x12 /tmp/ccUKeqZv.ltrans12.ltrans.o
                0x000000000000d651                SwapBytes32
 .text.CopyMem  0x000000000000d663       0x90 /tmp/ccUKeqZv.ltrans12.ltrans.o
                0x000000000000d663                CopyMem
 .text.CompareMem.part.0.lto_priv.41
                0x000000000000d6f3       0xbf /tmp/ccUKeqZv.ltrans12.ltrans.o
                0x000000000000d6f3                CompareMem.part.0.lto_priv.41
 .text.ZeroMem  0x000000000000d7b2       0x6f /tmp/ccUKeqZv.ltrans12.ltrans.o
                0x000000000000d7b2                ZeroMem
 .text.IpIoFindSender.constprop.10
                0x000000000000d821       0xce /tmp/ccUKeqZv.ltrans13.ltrans.o
                0x000000000000d821                IpIoFindSender.constprop.10
 .text.NetIp6PseudoHeadChecksum.constprop.9
                0x000000000000d8ef       0x67 /tmp/ccUKeqZv.ltrans13.ltrans.o
                0x000000000000d8ef                NetIp6PseudoHeadChecksum.constprop.9
 .text.NetPseudoHeadChecksum.constprop.8
                0x000000000000d956       0x46 /tmp/ccUKeqZv.ltrans13.ltrans.o
                0x000000000000d956                NetPseudoHeadChecksum.constprop.8
 .text.QueueDpc.constprop.4
                0x000000000000d99c       0x17 /tmp/ccUKeqZv.ltrans13.ltrans.o
                0x000000000000d99c                QueueDpc.constprop.4
 .text.UnicodeSPrint.constprop.2
                0x000000000000d9b3       0x31 /tmp/ccUKeqZv.ltrans13.ltrans.o
                0x000000000000d9b3                UnicodeSPrint.constprop.2
 .text.AddUnicodeString2.constprop.0
                0x000000000000d9e4      0x218 /tmp/ccUKeqZv.ltrans13.ltrans.o
                0x000000000000d9e4                AddUnicodeString2.constprop.0
 .text.IpIoRemoveIp
                0x000000000000dbfc       0xfc /tmp/ccUKeqZv.ltrans13.ltrans.o
                0x000000000000dbfc                IpIoRemoveIp
 .text.IpIoConfigIp
                0x000000000000dcf8      0x22a /tmp/ccUKeqZv.ltrans13.ltrans.o
                0x000000000000dcf8                IpIoConfigIp
 .text.TcpGetMaxSndNxt
                0x000000000000df22       0x65 /tmp/ccUKeqZv.ltrans14.ltrans.o
                0x000000000000df22                TcpGetMaxSndNxt
 .text.TcpDataToSend
                0x000000000000df87      0x127 /tmp/ccUKeqZv.ltrans14.ltrans.o
                0x000000000000df87                TcpDataToSend
 .text.TcpRcvWinOld
                0x000000000000e0ae       0x21 /tmp/ccUKeqZv.ltrans14.ltrans.o
                0x000000000000e0ae                TcpRcvWinOld
 .text.TcpRcvWinNow
                0x000000000000e0cf       0x80 /tmp/ccUKeqZv.ltrans14.ltrans.o
                0x000000000000e0cf                TcpRcvWinNow
 .text.TcpTransmitSegment
                0x000000000000e14f      0x4d2 /tmp/ccUKeqZv.ltrans14.ltrans.o
                0x000000000000e14f                TcpTransmitSegment
 .text.TcpSendIpPacket
                0x000000000000e621      0x499 /tmp/ccUKeqZv.ltrans15.ltrans.o
                0x000000000000e621                TcpSendIpPacket
 .text.BasePrintLibSPrint.constprop.38
                0x000000000000eaba       0x29 /tmp/ccUKeqZv.ltrans16.ltrans.o
                0x000000000000eaba                BasePrintLibSPrint.constprop.38
 *fill*         0x000000000000eae3        0xd 
 .text          0x000000000000eaf0       0x1d /home/hcj/UEFIWorkspace/Build/OvmfX64/DEBUG_GCC5/X64/MdePkg/Library/BaseMemoryLibRepStr/BaseMemoryLibRepStr/OUTPUT/BaseMemoryLibRepStr.lib(CompareMem.obj)
                0x000000000000eaf0                InternalMemCompareMem
 *fill*         0x000000000000eb0d        0x3 
 .text          0x000000000000eb10       0x1d /home/hcj/UEFIWorkspace/Build/OvmfX64/DEBUG_GCC5/X64/MdePkg/Library/BaseMemoryLibRepStr/BaseMemoryLibRepStr/OUTPUT/BaseMemoryLibRepStr.lib(ZeroMem.obj)
                0x000000000000eb10                InternalMemZeroMem
 *fill*         0x000000000000eb2d        0x3 
 .text          0x000000000000eb30       0x11 /home/hcj/UEFIWorkspace/Build/OvmfX64/DEBUG_GCC5/X64/MdePkg/Library/BaseMemoryLibRepStr/BaseMemoryLibRepStr/OUTPUT/BaseMemoryLibRepStr.lib(SetMem.obj)
                0x000000000000eb30                InternalMemSetMem
 *fill*         0x000000000000eb41        0xf 
 .text          0x000000000000eb50       0x3c /home/hcj/UEFIWorkspace/Build/OvmfX64/DEBUG_GCC5/X64/MdePkg/Library/BaseMemoryLibRepStr/BaseMemoryLibRepStr/OUTPUT/BaseMemoryLibRepStr.lib(CopyMem.obj)
                0x000000000000eb50                InternalMemCopyMem
 *fill*         0x000000000000eb8c        0x4 
 .text          0x000000000000eb90      0x116 /home/hcj/UEFIWorkspace/Build/OvmfX64/DEBUG_GCC5/X64/MdePkg/Library/BaseIoLibIntrinsic/BaseIoLibIntrinsicSev/OUTPUT/BaseIoLibIntrinsicSev.lib(IoFifoSev.obj)
                0x000000000000eb90                SevNoRepIo
                0x000000000000ebd0                IoReadFifo8
                0x000000000000ebf2                IoReadFifo16
                0x000000000000ec18                IoReadFifo32
                0x000000000000ec3b                IoWriteFifo8
                0x000000000000ec5d                IoWriteFifo16
                0x000000000000ec83                IoWriteFifo32
 *(.rodata .rodata.* .gnu.linkonce.r.*)
 .rodata.str1.1
                0x000000000000eca6      0xb32 /tmp/ccUKeqZv.ltrans0.ltrans.o
                                        0xb47 (size before relaxing)
 .rodata.TcpRxCallback
                0x000000000000f7d8       0x74 /tmp/ccUKeqZv.ltrans0.ltrans.o
 *fill*         0x000000000000f84c        0x4 
 .rodata.mIcmp6ErrMap
                0x000000000000f850       0x14 /tmp/ccUKeqZv.ltrans0.ltrans.o
 *fill*         0x000000000000f864        0xc 
 .rodata.mIcmpErrMap
                0x000000000000f870       0x14 /tmp/ccUKeqZv.ltrans0.ltrans.o
 .rodata.str1.1
                0x000000000000f884      0x660 /tmp/ccUKeqZv.ltrans1.ltrans.o
                                        0x6c1 (size before relaxing)
 .rodata.str1.1
                0x000000000000fee4      0x38a /tmp/ccUKeqZv.ltrans2.ltrans.o
                                        0x40b (size before relaxing)
 *fill*         0x000000000001026e        0x2 
 .rodata.TcpDispatcher
                0x0000000000010270       0x60 /tmp/ccUKeqZv.ltrans2.ltrans.o
 .rodata.str2.2
                0x00000000000102d0      0x154 /tmp/ccUKeqZv.ltrans3.ltrans.o
 .rodata.str1.1
                0x0000000000010424      0x44b /tmp/ccUKeqZv.ltrans3.ltrans.o
                                        0x540 (size before relaxing)
 *fill*         0x000000000001086f        0x1 
 .rodata.TcpDeliverData
                0x0000000000010870       0x20 /tmp/ccUKeqZv.ltrans3.ltrans.o
 .rodata.str1.1
                0x0000000000010890      0x51d /tmp/ccUKeqZv.ltrans4.ltrans.o
                                        0x534 (size before relaxing)
 *fill*         0x0000000000010dad        0x3 
 .rodata._gUefiDriverRevision
                0x0000000000010db0        0x4 /tmp/ccUKeqZv.ltrans4.ltrans.o
                0x0000000000010db0                _gPcd_FixedAtBuild_PcdMaximumLinkedListLength
                0x0000000000010db0                _gUefiDriverRevision
                0x0000000000010db0                _gPcd_FixedAtBuild_PcdControlFlowEnforcementPropertyMask
 .rodata.str1.1
                0x0000000000010db4      0x473 /tmp/ccUKeqZv.ltrans5.ltrans.o
                                        0x58a (size before relaxing)
 .rodata._gPcd_FixedAtBuild_PcdComponentName2Disable
                0x0000000000011227        0x1 /tmp/ccUKeqZv.ltrans5.ltrans.o
                0x0000000000011227                _gPcd_FixedAtBuild_PcdVerifyNodeInList
                0x0000000000011227                _gPcd_FixedAtBuild_PcdComponentName2Disable
                0x0000000000011227                _gPcd_FixedAtBuild_PcdComponentNameDisable
 *fill*         0x0000000000011228        0x8 
 .rodata.mHexStr
                0x0000000000011230       0x10 /tmp/ccUKeqZv.ltrans5.ltrans.o
 .rodata.mWarningString
                0x0000000000011240       0x96 /tmp/ccUKeqZv.ltrans5.ltrans.o
 *fill*         0x00000000000112d6        0xa 
 .rodata.mErrorString
                0x00000000000112e0      0x2b5 /tmp/ccUKeqZv.ltrans5.ltrans.o
 *fill*         0x0000000000011595        0x3 
 .rodata._gPcd_FixedAtBuild_PcdMaximumUnicodeStringLength
                0x0000000000011598        0x4 /tmp/ccUKeqZv.ltrans5.ltrans.o
                0x0000000000011598                _gPcd_FixedAtBuild_PcdMaximumAsciiStringLength
                0x0000000000011598                _gPcd_FixedAtBuild_PcdMaximumUnicodeStringLength
 .rodata.str1.1
                0x000000000001159c      0x49a /tmp/ccUKeqZv.ltrans6.ltrans.o
                                        0x516 (size before relaxing)
 .rodata.str1.1
                0x0000000000011a36      0x233 /tmp/ccUKeqZv.ltrans7.ltrans.o
                                        0x351 (size before relaxing)
 *fill*         0x0000000000011c69        0x3 
 .rodata.IpIoListenHandlerDpc
                0x0000000000011c6c       0x34 /tmp/ccUKeqZv.ltrans7.ltrans.o
 .rodata.str1.1
                0x0000000000011ca0      0x11a /tmp/ccUKeqZv.ltrans8.ltrans.o
                                        0x1f4 (size before relaxing)
 .rodata.str1.1
                0x0000000000011dba      0x254 /tmp/ccUKeqZv.ltrans9.ltrans.o
                                        0x3d6 (size before relaxing)
 .rodata.str2.2
                0x000000000001200e      0x128 /tmp/ccUKeqZv.ltrans9.ltrans.o
 .rodata.str1.1
                0x0000000000012136      0x34d /tmp/ccUKeqZv.ltrans10.ltrans.o
                                        0x454 (size before relaxing)
 *fill*         0x0000000000012483        0x5 
 .rodata.mTcpOutFlag
                0x0000000000012488        0xb /tmp/ccUKeqZv.ltrans10.ltrans.o
 .rodata.str1.1
                0x0000000000012493      0x157 /tmp/ccUKeqZv.ltrans11.ltrans.o
                                        0x2f2 (size before relaxing)
 *fill*         0x00000000000125ea       0x16 
 .rodata.gIp4AllMasks
                0x0000000000012600       0x84 /tmp/ccUKeqZv.ltrans11.ltrans.o
                0x0000000000012600                gIp4AllMasks
 .rodata.str1.1
                0x0000000000012684      0x553 /tmp/ccUKeqZv.ltrans12.ltrans.o
                                        0x621 (size before relaxing)
 .rodata.str1.1
                0x0000000000012bd7       0x64 /tmp/ccUKeqZv.ltrans13.ltrans.o
                                        0x10e (size before relaxing)
 .rodata.str1.1
                0x0000000000012c3b       0x7c /tmp/ccUKeqZv.ltrans14.ltrans.o
                                        0x1b4 (size before relaxing)
 .rodata.str1.1
                0x0000000000012cb7       0x9f /tmp/ccUKeqZv.ltrans15.ltrans.o
 *(.got .got.*)
 .got           0x0000000000012d56        0x0 TcpDriver.obj (symbol from plugin)
 .got.plt       0x0000000000012d56        0x0 TcpDriver.obj (symbol from plugin)
 *:AutoGen.obj(.data.g*Guid)

.plt            0x0000000000012d60        0x0
 .plt           0x0000000000012d60        0x0 TcpDriver.obj (symbol from plugin)

.plt.got        0x0000000000012d58        0x0
 .plt.got       0x0000000000012d58        0x0 TcpDriver.obj (symbol from plugin)

.data           0x0000000000012d80      0x4b8
 *(.data .data.* .gnu.linkonce.d.*)
 .data.mTcpTick
                0x0000000000012d80        0x4 /tmp/ccUKeqZv.ltrans0.ltrans.o
                0x0000000000012d80                mTcpTick
 *fill*         0x0000000000012d84        0xc 
 .data.rel.local.gTcpServiceBinding
                0x0000000000012d90       0x10 /tmp/ccUKeqZv.ltrans1.ltrans.o
 .data.gEfiTcp4ServiceBindingProtocolGuid
                0x0000000000012da0       0x10 /tmp/ccUKeqZv.ltrans1.ltrans.o
 .data.gEfiTcp6ServiceBindingProtocolGuid
                0x0000000000012db0       0x10 /tmp/ccUKeqZv.ltrans1.ltrans.o
 .data.rel.local.gTcp6ProtocolTemplate
                0x0000000000012dc0       0x48 /tmp/ccUKeqZv.ltrans1.ltrans.o
 *fill*         0x0000000000012e08       0x18 
 .data.rel.local.gTcp4ProtocolTemplate
                0x0000000000012e20       0x50 /tmp/ccUKeqZv.ltrans1.ltrans.o
 *fill*         0x0000000000012e70       0x10 
 .data.rel.local.mTcpDefaultSockData
                0x0000000000012e80       0x60 /tmp/ccUKeqZv.ltrans1.ltrans.o
 .data.mIp6IoDefaultIpConfigData
                0x0000000000012ee0       0x34 /tmp/ccUKeqZv.ltrans2.ltrans.o
                0x0000000000012ee0                mIp6IoDefaultIpConfigData
 *fill*         0x0000000000012f14        0xc 
 .data.mIp4IoDefaultIpConfigData
                0x0000000000012f20       0x1c /tmp/ccUKeqZv.ltrans2.ltrans.o
                0x0000000000012f20                mIp4IoDefaultIpConfigData
 *fill*         0x0000000000012f3c        0x4 
 .data.rel.ro.local.mTcpTimerHandler
                0x0000000000012f40       0x30 /tmp/ccUKeqZv.ltrans3.ltrans.o
 .data.rel.local.mTcpRunQue
                0x0000000000012f70       0x10 /tmp/ccUKeqZv.ltrans3.ltrans.o
                0x0000000000012f70                mTcpRunQue
 .data.rel.local.mTcpDriverNameTable
                0x0000000000012f80       0x20 /tmp/ccUKeqZv.ltrans3.ltrans.o
 .data.gEfiTcp4ProtocolGuid
                0x0000000000012fa0       0x10 /tmp/ccUKeqZv.ltrans3.ltrans.o
                0x0000000000012fa0                gEfiTcp4ProtocolGuid
 .data.gEfiTcp6ProtocolGuid
                0x0000000000012fb0       0x10 /tmp/ccUKeqZv.ltrans3.ltrans.o
                0x0000000000012fb0                gEfiTcp6ProtocolGuid
 .data.mTcpGlobalIss
                0x0000000000012fc0        0x4 /tmp/ccUKeqZv.ltrans4.ltrans.o
                0x0000000000012fc0                mTcpGlobalIss
 *fill*         0x0000000000012fc4       0x1c 
 .data.rel.local.gTcp6DriverBinding
                0x0000000000012fe0       0x30 /tmp/ccUKeqZv.ltrans4.ltrans.o
                0x0000000000012fe0                gTcp6DriverBinding
 *fill*         0x0000000000013010       0x10 
 .data.rel.local.gTcp4DriverBinding
                0x0000000000013020       0x30 /tmp/ccUKeqZv.ltrans4.ltrans.o
                0x0000000000013020                gTcp4DriverBinding
 .data.gEfiDevicePathUtilitiesProtocolGuid
                0x0000000000013050       0x10 /tmp/ccUKeqZv.ltrans4.ltrans.o
 .data.gEfiDpcProtocolGuid
                0x0000000000013060       0x10 /tmp/ccUKeqZv.ltrans4.ltrans.o
 .data.gEfiLoadedImageProtocolGuid
                0x0000000000013070       0x10 /tmp/ccUKeqZv.ltrans4.ltrans.o
 .data.rel.local.gTcpComponentName2
                0x0000000000013080       0x18 /tmp/ccUKeqZv.ltrans5.ltrans.o
                0x0000000000013080                gTcpComponentName2
 *fill*         0x0000000000013098        0x8 
 .data.rel.local.gTcpComponentName
                0x00000000000130a0       0x18 /tmp/ccUKeqZv.ltrans5.ltrans.o
                0x00000000000130a0                gTcpComponentName
 *fill*         0x00000000000130b8        0x8 
 .data.gEfiComponentNameProtocolGuid
                0x00000000000130c0       0x10 /tmp/ccUKeqZv.ltrans5.ltrans.o
                0x00000000000130c0                gEfiComponentNameProtocolGuid
 .data.gEfiComponentName2ProtocolGuid
                0x00000000000130d0       0x10 /tmp/ccUKeqZv.ltrans5.ltrans.o
                0x00000000000130d0                gEfiComponentName2ProtocolGuid
 .data.gEfiDriverBindingProtocolGuid
                0x00000000000130e0       0x10 /tmp/ccUKeqZv.ltrans5.ltrans.o
                0x00000000000130e0                gEfiDriverBindingProtocolGuid
 .data.gEfiIp6ProtocolGuid
                0x00000000000130f0       0x10 /tmp/ccUKeqZv.ltrans7.ltrans.o
                0x00000000000130f0                gEfiIp6ProtocolGuid
 .data.gEfiIp4ProtocolGuid
                0x0000000000013100       0x10 /tmp/ccUKeqZv.ltrans7.ltrans.o
                0x0000000000013100                gEfiIp4ProtocolGuid
 .data.gEfiIp6ServiceBindingProtocolGuid
                0x0000000000013110       0x10 /tmp/ccUKeqZv.ltrans7.ltrans.o
                0x0000000000013110                gEfiIp6ServiceBindingProtocolGuid
 .data.gEfiIp4ServiceBindingProtocolGuid
                0x0000000000013120       0x10 /tmp/ccUKeqZv.ltrans7.ltrans.o
                0x0000000000013120                gEfiIp4ServiceBindingProtocolGuid
 .data.rel.local.mTcpListenQue
                0x0000000000013130       0x10 /tmp/ccUKeqZv.ltrans9.ltrans.o
 .data.rel.ro.local.mTcpStateName
                0x0000000000013140       0x58 /tmp/ccUKeqZv.ltrans9.ltrans.o
                0x0000000000013140                mTcpStateName
 *fill*         0x0000000000013198        0x8 
 .data.gEfiIp4Config2ProtocolGuid
                0x00000000000131a0       0x10 /tmp/ccUKeqZv.ltrans9.ltrans.o
 .data.gEfiDevicePathProtocolGuid
                0x00000000000131b0       0x10 /tmp/ccUKeqZv.ltrans9.ltrans.o
                0x00000000000131b0                gEfiDevicePathProtocolGuid
 .data.rel.local.mActiveIpIoList
                0x00000000000131c0       0x10 /tmp/ccUKeqZv.ltrans13.ltrans.o
                0x00000000000131c0                mActiveIpIoList
 .data.rel.ro   0x00000000000131d0        0x0 TcpDriver.obj (symbol from plugin)
 *(.bss .bss.*)
 .bss.mZeroIp4Addr
                0x00000000000131d0        0x4 /tmp/ccUKeqZv.ltrans1.ltrans.o
 *fill*         0x00000000000131d4        0xc 
 .bss.mTcpTimer
                0x00000000000131e0       0x10 /tmp/ccUKeqZv.ltrans1.ltrans.o
 .bss.mTcp6RandomPort
                0x00000000000131f0        0x2 /tmp/ccUKeqZv.ltrans4.ltrans.o
                0x00000000000131f0                mTcp6RandomPort
 .bss.mTcp4RandomPort
                0x00000000000131f2        0x2 /tmp/ccUKeqZv.ltrans4.ltrans.o
                0x00000000000131f2                mTcp4RandomPort
 *fill*         0x00000000000131f4        0x4 
 .bss.gST       0x00000000000131f8        0x8 /tmp/ccUKeqZv.ltrans4.ltrans.o
 .bss.gImageHandle
                0x0000000000013200        0x8 /tmp/ccUKeqZv.ltrans4.ltrans.o
 .bss.gRT       0x0000000000013208        0x8 /tmp/ccUKeqZv.ltrans4.ltrans.o
 .bss.mDevicePathLibDevicePathUtilities
                0x0000000000013210        0x8 /tmp/ccUKeqZv.ltrans4.ltrans.o
                0x0000000000013210                mDevicePathLibDevicePathUtilities
 .bss.gBS       0x0000000000013218        0x8 /tmp/ccUKeqZv.ltrans5.ltrans.o
                0x0000000000013218                gBS
 .bss.mDebugIoPortFound
                0x0000000000013220        0x1 /tmp/ccUKeqZv.ltrans12.ltrans.o
 .bss.mDebugIoPortChecked
                0x0000000000013221        0x1 /tmp/ccUKeqZv.ltrans12.ltrans.o
 *fill*         0x0000000000013222        0x6 
 .bss.gTcpControllerNameTable
                0x0000000000013228        0x8 /tmp/ccUKeqZv.ltrans13.ltrans.o
                0x0000000000013228                gTcpControllerNameTable
 .bss.mDpc      0x0000000000013230        0x8 /tmp/ccUKeqZv.ltrans13.ltrans.o
                0x0000000000013230                mDpc

.eh_frame       0x0000000000013240        0x0
 *(.eh_frame)
 .eh_frame      0x0000000000013240        0x0 TcpDriver.obj (symbol from plugin)
 .eh_frame      0x0000000000013240        0x0 TcpDriver.obj (symbol from plugin)

.dynbss         0x0000000000013240        0x0
 .dynbss        0x0000000000013240        0x0 TcpDriver.obj (symbol from plugin)

.gnu.version_d  0x0000000000013240        0x0
 .gnu.version_d
                0x0000000000013240        0x0 TcpDriver.obj (symbol from plugin)

.gnu.version    0x0000000000013240        0x0
 .gnu.version   0x0000000000013240        0x0 TcpDriver.obj (symbol from plugin)

.gnu.version_r  0x0000000000013240        0x0
 .gnu.version_r
                0x0000000000013240        0x0 TcpDriver.obj (symbol from plugin)

.rela           0x0000000000013240      0x5b8
 *(.rela .rela.*)
 .rela.plt      0x0000000000013240        0x0 TcpDriver.obj (symbol from plugin)
 .rela.got      0x0000000000013240        0x0 TcpDriver.obj (symbol from plugin)
 .rela.bss      0x0000000000013240        0x0 TcpDriver.obj (symbol from plugin)
 .rela.data.rel.ro
                0x0000000000013240        0x0 TcpDriver.obj (symbol from plugin)
 .rela.ifunc    0x0000000000013240        0x0 TcpDriver.obj (symbol from plugin)
 .rela.data.rel.local.gTcpServiceBinding
                0x0000000000013240       0x30 TcpDriver.obj (symbol from plugin)
 .rela.data.rel.local.gTcp6ProtocolTemplate
                0x0000000000013270       0xd8 TcpDriver.obj (symbol from plugin)
 .rela.data.rel.local.gTcp4ProtocolTemplate
                0x0000000000013348       0xf0 TcpDriver.obj (symbol from plugin)
 .rela.data.rel.local.mTcpDefaultSockData
                0x0000000000013438       0x48 TcpDriver.obj (symbol from plugin)
 .rela.data.rel.ro.local.mTcpTimerHandler
                0x0000000000013480       0x90 TcpDriver.obj (symbol from plugin)
 .rela.data.rel.local.mTcpRunQue
                0x0000000000013510       0x30 TcpDriver.obj (symbol from plugin)
 .rela.data.rel.local.mTcpDriverNameTable
                0x0000000000013540       0x30 TcpDriver.obj (symbol from plugin)
 .rela.data.rel.local.gTcp6DriverBinding
                0x0000000000013570       0x48 TcpDriver.obj (symbol from plugin)
 .rela.data.rel.local.gTcp4DriverBinding
                0x00000000000135b8       0x48 TcpDriver.obj (symbol from plugin)
 .rela.data.rel.local.gTcpComponentName2
                0x0000000000013600       0x48 TcpDriver.obj (symbol from plugin)
 .rela.data.rel.local.gTcpComponentName
                0x0000000000013648       0x48 TcpDriver.obj (symbol from plugin)
 .rela.data.rel.local.mTcpListenQue
                0x0000000000013690       0x30 TcpDriver.obj (symbol from plugin)
 .rela.data.rel.ro.local.mTcpStateName
                0x00000000000136c0      0x108 TcpDriver.obj (symbol from plugin)
 .rela.data.rel.local.mActiveIpIoList
                0x00000000000137c8       0x30 TcpDriver.obj (symbol from plugin)

.hii
 *(.hii)

.build-id       0x00000000000137f8       0x24
 *(.note.gnu.build-id)
 .note.gnu.build-id
                0x00000000000137f8       0x24 TcpDriver.obj (symbol from plugin)

/DISCARD/
 *(.note.GNU-stack)
 *(.gnu_debuglink)
 *(.interp)
 *(.dynsym)
 *(.dynstr)
 *(.dynamic)
 *(.hash .gnu.hash)
 *(.comment)
OUTPUT(/home/hcj/UEFIWorkspace/Build/OvmfX64/DEBUG_GCC5/X64/NetworkPkg/TcpDxe/TcpDxe/DEBUG/TcpDxe.dll elf64-x86-64)

.debug_info     0x0000000000000000    0x39506
 .debug_info    0x0000000000000000     0x4c87 /tmp/ccUKeqZv.ltrans0.ltrans.o
 .debug_info    0x0000000000004c87     0x597c /tmp/ccUKeqZv.ltrans1.ltrans.o
 .debug_info    0x000000000000a603     0x41ac /tmp/ccUKeqZv.ltrans2.ltrans.o
 .debug_info    0x000000000000e7af     0x436e /tmp/ccUKeqZv.ltrans3.ltrans.o
 .debug_info    0x0000000000012b1d     0x362e /tmp/ccUKeqZv.ltrans4.ltrans.o
 .debug_info    0x000000000001614b     0x3104 /tmp/ccUKeqZv.ltrans5.ltrans.o
 .debug_info    0x000000000001924f     0x4358 /tmp/ccUKeqZv.ltrans6.ltrans.o
 .debug_info    0x000000000001d5a7     0x3238 /tmp/ccUKeqZv.ltrans7.ltrans.o
 .debug_info    0x00000000000207df     0x4bdb /tmp/ccUKeqZv.ltrans8.ltrans.o
 .debug_info    0x00000000000253ba     0x4435 /tmp/ccUKeqZv.ltrans9.ltrans.o
 .debug_info    0x00000000000297ef     0x3c01 /tmp/ccUKeqZv.ltrans10.ltrans.o
 .debug_info    0x000000000002d3f0     0x184c /tmp/ccUKeqZv.ltrans11.ltrans.o
 .debug_info    0x000000000002ec3c     0x1621 /tmp/ccUKeqZv.ltrans12.ltrans.o
 .debug_info    0x000000000003025d     0x2a3c /tmp/ccUKeqZv.ltrans13.ltrans.o
 .debug_info    0x0000000000032c99     0x329b /tmp/ccUKeqZv.ltrans14.ltrans.o
 .debug_info    0x0000000000035f34     0x3477 /tmp/ccUKeqZv.ltrans15.ltrans.o
 .debug_info    0x00000000000393ab      0x15b /tmp/ccUKeqZv.ltrans16.ltrans.o

.debug_abbrev   0x0000000000000000     0x44ee
 .debug_abbrev  0x0000000000000000      0x41f /tmp/ccUKeqZv.ltrans0.ltrans.o
 .debug_abbrev  0x000000000000041f      0x586 /tmp/ccUKeqZv.ltrans1.ltrans.o
 .debug_abbrev  0x00000000000009a5      0x3cb /tmp/ccUKeqZv.ltrans2.ltrans.o
 .debug_abbrev  0x0000000000000d70      0x573 /tmp/ccUKeqZv.ltrans3.ltrans.o
 .debug_abbrev  0x00000000000012e3      0x41c /tmp/ccUKeqZv.ltrans4.ltrans.o
 .debug_abbrev  0x00000000000016ff      0x369 /tmp/ccUKeqZv.ltrans5.ltrans.o
 .debug_abbrev  0x0000000000001a68      0x47f /tmp/ccUKeqZv.ltrans6.ltrans.o
 .debug_abbrev  0x0000000000001ee7      0x48a /tmp/ccUKeqZv.ltrans7.ltrans.o
 .debug_abbrev  0x0000000000002371      0x4d5 /tmp/ccUKeqZv.ltrans8.ltrans.o
 .debug_abbrev  0x0000000000002846      0x493 /tmp/ccUKeqZv.ltrans9.ltrans.o
 .debug_abbrev  0x0000000000002cd9      0x437 /tmp/ccUKeqZv.ltrans10.ltrans.o
 .debug_abbrev  0x0000000000003110      0x3fe /tmp/ccUKeqZv.ltrans11.ltrans.o
 .debug_abbrev  0x000000000000350e      0x3d8 /tmp/ccUKeqZv.ltrans12.ltrans.o
 .debug_abbrev  0x00000000000038e6      0x3a7 /tmp/ccUKeqZv.ltrans13.ltrans.o
 .debug_abbrev  0x0000000000003c8d      0x420 /tmp/ccUKeqZv.ltrans14.ltrans.o
 .debug_abbrev  0x00000000000040ad      0x37b /tmp/ccUKeqZv.ltrans15.ltrans.o
 .debug_abbrev  0x0000000000004428       0xc6 /tmp/ccUKeqZv.ltrans16.ltrans.o

.debug_loc      0x0000000000000000    0x182d8
 .debug_loc     0x0000000000000000     0x22b9 /tmp/ccUKeqZv.ltrans0.ltrans.o
 .debug_loc     0x00000000000022b9     0x2a7a /tmp/ccUKeqZv.ltrans1.ltrans.o
 .debug_loc     0x0000000000004d33     0x11fc /tmp/ccUKeqZv.ltrans2.ltrans.o
 .debug_loc     0x0000000000005f2f     0x17a9 /tmp/ccUKeqZv.ltrans3.ltrans.o
 .debug_loc     0x00000000000076d8     0x180c /tmp/ccUKeqZv.ltrans4.ltrans.o
 .debug_loc     0x0000000000008ee4     0x1f81 /tmp/ccUKeqZv.ltrans5.ltrans.o
 .debug_loc     0x000000000000ae65     0x160d /tmp/ccUKeqZv.ltrans6.ltrans.o
 .debug_loc     0x000000000000c472     0x1eb2 /tmp/ccUKeqZv.ltrans7.ltrans.o
 .debug_loc     0x000000000000e324     0x25b8 /tmp/ccUKeqZv.ltrans8.ltrans.o
 .debug_loc     0x00000000000108dc     0x1284 /tmp/ccUKeqZv.ltrans9.ltrans.o
 .debug_loc     0x0000000000011b60     0x10bb /tmp/ccUKeqZv.ltrans10.ltrans.o
 .debug_loc     0x0000000000012c1b     0x14d9 /tmp/ccUKeqZv.ltrans11.ltrans.o
 .debug_loc     0x00000000000140f4     0x127c /tmp/ccUKeqZv.ltrans12.ltrans.o
 .debug_loc     0x0000000000015370     0x12ad /tmp/ccUKeqZv.ltrans13.ltrans.o
 .debug_loc     0x000000000001661d      0x920 /tmp/ccUKeqZv.ltrans14.ltrans.o
 .debug_loc     0x0000000000016f3d     0x12a4 /tmp/ccUKeqZv.ltrans15.ltrans.o
 .debug_loc     0x00000000000181e1       0xf7 /tmp/ccUKeqZv.ltrans16.ltrans.o

.debug_aranges  0x0000000000000000      0xe20
 .debug_aranges
                0x0000000000000000       0x30 /tmp/ccUKeqZv.ltrans0.ltrans.o
 .debug_aranges
                0x0000000000000030      0x170 /tmp/ccUKeqZv.ltrans1.ltrans.o
 .debug_aranges
                0x00000000000001a0       0x30 /tmp/ccUKeqZv.ltrans2.ltrans.o
 .debug_aranges
                0x00000000000001d0      0x180 /tmp/ccUKeqZv.ltrans3.ltrans.o
 .debug_aranges
                0x0000000000000350       0xe0 /tmp/ccUKeqZv.ltrans4.ltrans.o
 .debug_aranges
                0x0000000000000430       0x90 /tmp/ccUKeqZv.ltrans5.ltrans.o
 .debug_aranges
                0x00000000000004c0      0x120 /tmp/ccUKeqZv.ltrans6.ltrans.o
 .debug_aranges
                0x00000000000005e0      0x140 /tmp/ccUKeqZv.ltrans7.ltrans.o
 .debug_aranges
                0x0000000000000720      0x1b0 /tmp/ccUKeqZv.ltrans8.ltrans.o
 .debug_aranges
                0x00000000000008d0       0xb0 /tmp/ccUKeqZv.ltrans9.ltrans.o
 .debug_aranges
                0x0000000000000980       0x80 /tmp/ccUKeqZv.ltrans10.ltrans.o
 .debug_aranges
                0x0000000000000a00      0x100 /tmp/ccUKeqZv.ltrans11.ltrans.o
 .debug_aranges
                0x0000000000000b00      0x1b0 /tmp/ccUKeqZv.ltrans12.ltrans.o
 .debug_aranges
                0x0000000000000cb0       0xa0 /tmp/ccUKeqZv.ltrans13.ltrans.o
 .debug_aranges
                0x0000000000000d50       0x70 /tmp/ccUKeqZv.ltrans14.ltrans.o
 .debug_aranges
                0x0000000000000dc0       0x30 /tmp/ccUKeqZv.ltrans15.ltrans.o
 .debug_aranges
                0x0000000000000df0       0x30 /tmp/ccUKeqZv.ltrans16.ltrans.o

.debug_ranges   0x0000000000000000     0x2c00
 .debug_ranges  0x0000000000000000      0x540 /tmp/ccUKeqZv.ltrans0.ltrans.o
 .debug_ranges  0x0000000000000540      0x620 /tmp/ccUKeqZv.ltrans1.ltrans.o
 .debug_ranges  0x0000000000000b60      0x2c0 /tmp/ccUKeqZv.ltrans2.ltrans.o
 .debug_ranges  0x0000000000000e20      0x310 /tmp/ccUKeqZv.ltrans3.ltrans.o
 .debug_ranges  0x0000000000001130      0x330 /tmp/ccUKeqZv.ltrans4.ltrans.o
 .debug_ranges  0x0000000000001460      0x110 /tmp/ccUKeqZv.ltrans5.ltrans.o
 .debug_ranges  0x0000000000001570      0x160 /tmp/ccUKeqZv.ltrans6.ltrans.o
 .debug_ranges  0x00000000000016d0      0x3c0 /tmp/ccUKeqZv.ltrans7.ltrans.o
 .debug_ranges  0x0000000000001a90      0x350 /tmp/ccUKeqZv.ltrans8.ltrans.o
 .debug_ranges  0x0000000000001de0      0x310 /tmp/ccUKeqZv.ltrans9.ltrans.o
 .debug_ranges  0x00000000000020f0      0x210 /tmp/ccUKeqZv.ltrans10.ltrans.o
 .debug_ranges  0x0000000000002300      0x1c0 /tmp/ccUKeqZv.ltrans11.ltrans.o
 .debug_ranges  0x00000000000024c0      0x2b0 /tmp/ccUKeqZv.ltrans12.ltrans.o
 .debug_ranges  0x0000000000002770      0x220 /tmp/ccUKeqZv.ltrans13.ltrans.o
 .debug_ranges  0x0000000000002990      0x110 /tmp/ccUKeqZv.ltrans14.ltrans.o
 .debug_ranges  0x0000000000002aa0      0x140 /tmp/ccUKeqZv.ltrans15.ltrans.o
 .debug_ranges  0x0000000000002be0       0x20 /tmp/ccUKeqZv.ltrans16.ltrans.o

.debug_line     0x0000000000000000     0x743f
 .debug_line    0x0000000000000000      0x897 /tmp/ccUKeqZv.ltrans0.ltrans.o
 .debug_line    0x0000000000000897      0xafb /tmp/ccUKeqZv.ltrans1.ltrans.o
 .debug_line    0x0000000000001392      0x66f /tmp/ccUKeqZv.ltrans2.ltrans.o
 .debug_line    0x0000000000001a01      0x7cd /tmp/ccUKeqZv.ltrans3.ltrans.o
 .debug_line    0x00000000000021ce      0x975 /tmp/ccUKeqZv.ltrans4.ltrans.o
 .debug_line    0x0000000000002b43      0x8d9 /tmp/ccUKeqZv.ltrans5.ltrans.o
 .debug_line    0x000000000000341c      0x695 /tmp/ccUKeqZv.ltrans6.ltrans.o
 .debug_line    0x0000000000003ab1      0x6c0 /tmp/ccUKeqZv.ltrans7.ltrans.o
 .debug_line    0x0000000000004171      0x834 /tmp/ccUKeqZv.ltrans8.ltrans.o
 .debug_line    0x00000000000049a5      0x7d4 /tmp/ccUKeqZv.ltrans9.ltrans.o
 .debug_line    0x0000000000005179      0x56b /tmp/ccUKeqZv.ltrans10.ltrans.o
 .debug_line    0x00000000000056e4      0x4af /tmp/ccUKeqZv.ltrans11.ltrans.o
 .debug_line    0x0000000000005b93      0x79c /tmp/ccUKeqZv.ltrans12.ltrans.o
 .debug_line    0x000000000000632f      0x6f4 /tmp/ccUKeqZv.ltrans13.ltrans.o
 .debug_line    0x0000000000006a23      0x465 /tmp/ccUKeqZv.ltrans14.ltrans.o
 .debug_line    0x0000000000006e88      0x4b3 /tmp/ccUKeqZv.ltrans15.ltrans.o
 .debug_line    0x000000000000733b      0x104 /tmp/ccUKeqZv.ltrans16.ltrans.o

.debug_str      0x0000000000000000     0x5f26
 .debug_str     0x0000000000000000     0x1cdc /tmp/ccUKeqZv.ltrans0.ltrans.o
                                       0x2134 (size before relaxing)
 .debug_str     0x0000000000001cdc      0x7dc /tmp/ccUKeqZv.ltrans1.ltrans.o
                                       0x2726 (size before relaxing)
 .debug_str     0x00000000000024b8      0x270 /tmp/ccUKeqZv.ltrans2.ltrans.o
                                       0x211b (size before relaxing)
 .debug_str     0x0000000000002728      0x3d2 /tmp/ccUKeqZv.ltrans3.ltrans.o
                                       0x2109 (size before relaxing)
 .debug_str     0x0000000000002afa     0x1749 /tmp/ccUKeqZv.ltrans4.ltrans.o
                                       0x1ef4 (size before relaxing)
 .debug_str     0x0000000000004243      0x5c0 /tmp/ccUKeqZv.ltrans5.ltrans.o
                                       0x1dea (size before relaxing)
 .debug_str     0x0000000000004803      0x144 /tmp/ccUKeqZv.ltrans6.ltrans.o
                                       0x2018 (size before relaxing)
 .debug_str     0x0000000000004947      0x3dd /tmp/ccUKeqZv.ltrans7.ltrans.o
                                       0x160e (size before relaxing)
 .debug_str     0x0000000000004d24      0x30c /tmp/ccUKeqZv.ltrans8.ltrans.o
                                       0x1fee (size before relaxing)
 .debug_str     0x0000000000005030      0x4ad /tmp/ccUKeqZv.ltrans9.ltrans.o
                                       0x2377 (size before relaxing)
 .debug_str     0x00000000000054dd      0x10f /tmp/ccUKeqZv.ltrans10.ltrans.o
                                       0x1d4c (size before relaxing)
 .debug_str     0x00000000000055ec      0x174 /tmp/ccUKeqZv.ltrans11.ltrans.o
                                        0x7b5 (size before relaxing)
 .debug_str     0x0000000000005760      0x3c4 /tmp/ccUKeqZv.ltrans12.ltrans.o
                                        0x785 (size before relaxing)
 .debug_str     0x0000000000005b24      0x2ac /tmp/ccUKeqZv.ltrans13.ltrans.o
                                       0x1560 (size before relaxing)
 .debug_str     0x0000000000005dd0       0xc7 /tmp/ccUKeqZv.ltrans14.ltrans.o
                                       0x1c99 (size before relaxing)
 .debug_str     0x0000000000005e97       0x5c /tmp/ccUKeqZv.ltrans15.ltrans.o
                                       0x1f17 (size before relaxing)
 .debug_str     0x0000000000005ef3       0x33 /tmp/ccUKeqZv.ltrans16.ltrans.o
                                        0x28d (size before relaxing)

.debug_frame    0x0000000000000000     0x3dc8
 .debug_frame   0x0000000000000000       0x88 /tmp/ccUKeqZv.ltrans0.ltrans.o
 .debug_frame   0x0000000000000088      0x868 /tmp/ccUKeqZv.ltrans1.ltrans.o
 .debug_frame   0x00000000000008f0      0x2a0 /tmp/ccUKeqZv.ltrans2.ltrans.o
 .debug_frame   0x0000000000000b90      0x528 /tmp/ccUKeqZv.ltrans3.ltrans.o
 .debug_frame   0x00000000000010b8      0x338 /tmp/ccUKeqZv.ltrans4.ltrans.o
 .debug_frame   0x00000000000013f0      0x2e0 /tmp/ccUKeqZv.ltrans5.ltrans.o
 .debug_frame   0x00000000000016d0      0x618 /tmp/ccUKeqZv.ltrans6.ltrans.o
 .debug_frame   0x0000000000001ce8      0x488 /tmp/ccUKeqZv.ltrans7.ltrans.o
 .debug_frame   0x0000000000002170      0x618 /tmp/ccUKeqZv.ltrans8.ltrans.o
 .debug_frame   0x0000000000002788      0x450 /tmp/ccUKeqZv.ltrans9.ltrans.o
 .debug_frame   0x0000000000002bd8      0x390 /tmp/ccUKeqZv.ltrans10.ltrans.o
 .debug_frame   0x0000000000002f68      0x438 /tmp/ccUKeqZv.ltrans11.ltrans.o
 .debug_frame   0x00000000000033a0      0x4b8 /tmp/ccUKeqZv.ltrans12.ltrans.o
 .debug_frame   0x0000000000003858      0x250 /tmp/ccUKeqZv.ltrans13.ltrans.o
 .debug_frame   0x0000000000003aa8      0x1d8 /tmp/ccUKeqZv.ltrans14.ltrans.o
 .debug_frame   0x0000000000003c80      0x100 /tmp/ccUKeqZv.ltrans15.ltrans.o
 .debug_frame   0x0000000000003d80       0x48 /tmp/ccUKeqZv.ltrans16.ltrans.o
