Archive member included to satisfy reference by file (symbol)

/home/hcj/UEFIWorkspace/Build/OvmfX64/DEBUG_GCC5/X64/MdeModulePkg/Universal/BdsDxe/BdsDxe/OUTPUT/BdsDxe.lib(HwErrRecSupport.obj)
                              (--whole-archive)
/home/hcj/UEFIWorkspace/Build/OvmfX64/DEBUG_GCC5/X64/MdeModulePkg/Universal/BdsDxe/BdsDxe/OUTPUT/BdsDxe.lib(Language.obj)
                              (--whole-archive)
/home/hcj/UEFIWorkspace/Build/OvmfX64/DEBUG_GCC5/X64/MdeModulePkg/Universal/BdsDxe/BdsDxe/OUTPUT/BdsDxe.lib(BdsEntry.obj)
                              (--whole-archive)
/home/hcj/UEFIWorkspace/Build/OvmfX64/DEBUG_GCC5/X64/MdeModulePkg/Universal/BdsDxe/BdsDxe/OUTPUT/BdsDxe.lib(AutoGen.obj)
                              (--whole-archive)
/home/hcj/UEFIWorkspace/Build/OvmfX64/DEBUG_GCC5/X64/MdePkg/Library/RegisterFilterLibNull/RegisterFilterLibNull/OUTPUT/FilterLibNull.lib(RegisterFilterLibNull.obj)
                              (--whole-archive)
/home/hcj/UEFIWorkspace/Build/OvmfX64/DEBUG_GCC5/X64/UefiCpuPkg/Library/BaseUefiCpuLib/BaseUefiCpuLib/OUTPUT/BaseUefiCpuLib.lib(InitializeFpu.obj)
                              (--whole-archive)
/home/hcj/UEFIWorkspace/Build/OvmfX64/DEBUG_GCC5/X64/UefiCpuPkg/Library/BaseUefiCpuLib/BaseUefiCpuLib/OUTPUT/BaseUefiCpuLib.lib(BaseUefiCpuLib.obj)
                              (--whole-archive)
/home/hcj/UEFIWorkspace/Build/OvmfX64/DEBUG_GCC5/X64/UefiCpuPkg/Library/BaseXApicX2ApicLib/BaseXApicX2ApicLib/OUTPUT/BaseXApicX2ApicLib.lib(BaseXApicX2ApicLib.obj)
                              (--whole-archive)
/home/hcj/UEFIWorkspace/Build/OvmfX64/DEBUG_GCC5/X64/OvmfPkg/Library/VmgExitLib/VmgExitLib/OUTPUT/VmgExitLib.lib(VmgExitLib.obj)
                              (--whole-archive)
/home/hcj/UEFIWorkspace/Build/OvmfX64/DEBUG_GCC5/X64/OvmfPkg/Library/VmgExitLib/VmgExitLib/OUTPUT/VmgExitLib.lib(VmgExitVcHandler.obj)
                              (--whole-archive)
/home/hcj/UEFIWorkspace/Build/OvmfX64/DEBUG_GCC5/X64/OvmfPkg/Library/VmgExitLib/VmgExitLib/OUTPUT/VmgExitLib.lib(PeiDxeVmgExitVcHandler.obj)
                              (--whole-archive)
/home/hcj/UEFIWorkspace/Build/OvmfX64/DEBUG_GCC5/X64/MdePkg/Library/BaseCpuLib/BaseCpuLib/OUTPUT/BaseCpuLib.lib(CpuFlushTlb.obj)
                              (--whole-archive)
/home/hcj/UEFIWorkspace/Build/OvmfX64/DEBUG_GCC5/X64/MdePkg/Library/BaseCpuLib/BaseCpuLib/OUTPUT/BaseCpuLib.lib(CpuSleep.obj)
                              (--whole-archive)
/home/hcj/UEFIWorkspace/Build/OvmfX64/DEBUG_GCC5/X64/MdePkg/Library/BaseCacheMaintenanceLib/BaseCacheMaintenanceLib/OUTPUT/BaseCacheMaintenanceLib.lib(X86Cache.obj)
                              (--whole-archive)
/home/hcj/UEFIWorkspace/Build/OvmfX64/DEBUG_GCC5/X64/OvmfPkg/Library/BaseMemEncryptSevLib/DxeMemEncryptSevLib/OUTPUT/DxeMemEncryptSevLib.lib(DxeMemEncryptSevLibInternal.obj)
                              (--whole-archive)
/home/hcj/UEFIWorkspace/Build/OvmfX64/DEBUG_GCC5/X64/OvmfPkg/Library/BaseMemEncryptSevLib/DxeMemEncryptSevLib/OUTPUT/DxeMemEncryptSevLib.lib(PeiDxeMemEncryptSevLibInternal.obj)
                              (--whole-archive)
/home/hcj/UEFIWorkspace/Build/OvmfX64/DEBUG_GCC5/X64/OvmfPkg/Library/BaseMemEncryptSevLib/DxeMemEncryptSevLib/OUTPUT/DxeMemEncryptSevLib.lib(DxeSnpSystemRamValidate.obj)
                              (--whole-archive)
/home/hcj/UEFIWorkspace/Build/OvmfX64/DEBUG_GCC5/X64/OvmfPkg/Library/BaseMemEncryptSevLib/DxeMemEncryptSevLib/OUTPUT/DxeMemEncryptSevLib.lib(MemEncryptSevLib.obj)
                              (--whole-archive)
/home/hcj/UEFIWorkspace/Build/OvmfX64/DEBUG_GCC5/X64/OvmfPkg/Library/BaseMemEncryptSevLib/DxeMemEncryptSevLib/OUTPUT/DxeMemEncryptSevLib.lib(PeiDxeVirtualMemory.obj)
                              (--whole-archive)
/home/hcj/UEFIWorkspace/Build/OvmfX64/DEBUG_GCC5/X64/OvmfPkg/Library/BaseMemEncryptSevLib/DxeMemEncryptSevLib/OUTPUT/DxeMemEncryptSevLib.lib(SnpPageStateChangeInternal.obj)
                              (--whole-archive)
/home/hcj/UEFIWorkspace/Build/OvmfX64/DEBUG_GCC5/X64/OvmfPkg/Library/BaseMemEncryptSevLib/DxeMemEncryptSevLib/OUTPUT/DxeMemEncryptSevLib.lib(VirtualMemory.obj)
                              (--whole-archive)
/home/hcj/UEFIWorkspace/Build/OvmfX64/DEBUG_GCC5/X64/MdePkg/Library/BaseIoLibIntrinsic/BaseIoLibIntrinsicSev/OUTPUT/BaseIoLibIntrinsicSev.lib(IoLibMmioBuffer.obj)
                              (--whole-archive)
/home/hcj/UEFIWorkspace/Build/OvmfX64/DEBUG_GCC5/X64/MdePkg/Library/BaseIoLibIntrinsic/BaseIoLibIntrinsicSev/OUTPUT/BaseIoLibIntrinsicSev.lib(IoHighLevel.obj)
                              (--whole-archive)
/home/hcj/UEFIWorkspace/Build/OvmfX64/DEBUG_GCC5/X64/MdePkg/Library/BaseIoLibIntrinsic/BaseIoLibIntrinsicSev/OUTPUT/BaseIoLibIntrinsicSev.lib(IoLibGcc.obj)
                              (--whole-archive)
/home/hcj/UEFIWorkspace/Build/OvmfX64/DEBUG_GCC5/X64/MdePkg/Library/BaseIoLibIntrinsic/BaseIoLibIntrinsicSev/OUTPUT/BaseIoLibIntrinsicSev.lib(IoLib.obj)
[...]
Memory Configuration

Name             Origin             Length             Attributes
*default*        0x0000000000000000 0xffffffffffffffff

Linker script and memory map

LOAD /tmp/ccLrKB8o.ltrans0.ltrans.o
LOAD /tmp/ccLrKB8o.ltrans1.ltrans.o
LOAD /tmp/ccLrKB8o.ltrans2.ltrans.o
LOAD /tmp/ccLrKB8o.ltrans3.ltrans.o
LOAD /tmp/ccLrKB8o.ltrans4.ltrans.o
LOAD /tmp/ccLrKB8o.ltrans5.ltrans.o
LOAD /tmp/ccLrKB8o.ltrans6.ltrans.o
LOAD /tmp/ccLrKB8o.ltrans7.ltrans.o
LOAD /tmp/ccLrKB8o.ltrans8.ltrans.o
LOAD /tmp/ccLrKB8o.ltrans9.ltrans.o
LOAD /tmp/ccLrKB8o.ltrans10.ltrans.o
LOAD /tmp/ccLrKB8o.ltrans11.ltrans.o
LOAD /tmp/ccLrKB8o.ltrans12.ltrans.o
LOAD /tmp/ccLrKB8o.ltrans13.ltrans.o
LOAD /tmp/ccLrKB8o.ltrans14.ltrans.o
LOAD /tmp/ccLrKB8o.ltrans15.ltrans.o
LOAD /tmp/ccLrKB8o.ltrans16.ltrans.o
LOAD /tmp/ccLrKB8o.ltrans17.ltrans.o
LOAD /tmp/ccLrKB8o.ltrans18.ltrans.o
LOAD /tmp/ccLrKB8o.ltrans19.ltrans.o
LOAD /tmp/ccLrKB8o.ltrans20.ltrans.o
LOAD /tmp/ccLrKB8o.ltrans21.ltrans.o
LOAD /tmp/ccLrKB8o.ltrans22.ltrans.o
LOAD /tmp/ccLrKB8o.ltrans23.ltrans.o
LOAD /tmp/ccLrKB8o.ltrans24.ltrans.o
LOAD /tmp/ccLrKB8o.ltrans25.ltrans.o
LOAD /tmp/ccLrKB8o.ltrans26.ltrans.o
LOAD /tmp/ccLrKB8o.ltrans27.ltrans.o
LOAD /tmp/ccLrKB8o.ltrans28.ltrans.o
LOAD /tmp/ccLrKB8o.ltrans29.ltrans.o
LOAD /tmp/ccLrKB8o.ltrans30.ltrans.o
START GROUP
LOAD /home/hcj/UEFIWorkspace/Build/OvmfX64/DEBUG_GCC5/X64/MdeModulePkg/Universal/BdsDxe/BdsDxe/OUTPUT/BdsDxe.lib
LOAD /home/hcj/UEFIWorkspace/Build/OvmfX64/DEBUG_GCC5/X64/MdePkg/Library/RegisterFilterLibNull/RegisterFilterLibNull/OUTPUT/FilterLibNull.lib
LOAD /home/hcj/UEFIWorkspace/Build/OvmfX64/DEBUG_GCC5/X64/UefiCpuPkg/Library/BaseUefiCpuLib/BaseUefiCpuLib/OUTPUT/BaseUefiCpuLib.lib
LOAD /home/hcj/UEFIWorkspace/Build/OvmfX64/DEBUG_GCC5/X64/UefiCpuPkg/Library/BaseXApicX2ApicLib/BaseXApicX2ApicLib/OUTPUT/BaseXApicX2ApicLib.lib
LOAD /home/hcj/UEFIWorkspace/Build/OvmfX64/DEBUG_GCC5/X64/OvmfPkg/Library/VmgExitLib/VmgExitLib/OUTPUT/VmgExitLib.lib
LOAD /home/hcj/UEFIWorkspace/Build/OvmfX64/DEBUG_GCC5/X64/MdePkg/Library/BaseCpuLib/BaseCpuLib/OUTPUT/BaseCpuLib.lib
LOAD /home/hcj/UEFIWorkspace/Build/OvmfX64/DEBUG_GCC5/X64/MdePkg/Library/BaseCacheMaintenanceLib/BaseCacheMaintenanceLib/OUTPUT/BaseCacheMaintenanceLib.lib
LOAD /home/hcj/UEFIWorkspace/Build/OvmfX64/DEBUG_GCC5/X64/OvmfPkg/Library/BaseMemEncryptSevLib/DxeMemEncryptSevLib/OUTPUT/DxeMemEncryptSevLib.lib
LOAD /home/hcj/UEFIWorkspace/Build/OvmfX64/DEBUG_GCC5/X64/MdePkg/Library/BaseIoLibIntrinsic/BaseIoLibIntrinsicSev/OUTPUT/BaseIoLibIntrinsicSev.lib
LOAD /home/hcj/UEFIWorkspace/Build/OvmfX64/DEBUG_GCC5/X64/MdePkg/Library/DxePcdLib/DxePcdLib/OUTPUT/DxePcdLib.lib
LOAD /home/hcj/UEFIWorkspace/Build/OvmfX64/DEBUG_GCC5/X64/MdePkg/Library/BaseMemoryLibRepStr/BaseMemoryLibRepStr/OUTPUT/BaseMemoryLibRepStr.lib
LOAD /home/hcj/UEFIWorkspace/Build/OvmfX64/DEBUG_GCC5/X64/MdePkg/Library/UefiMemoryAllocationLib/UefiMemoryAllocationLib/OUTPUT/UefiMemoryAllocationLib.lib
LOAD /home/hcj/UEFIWorkspace/Build/OvmfX64/DEBUG_GCC5/X64/MdePkg/Library/BaseLib/BaseLib/OUTPUT/BaseLib.lib
LOAD /home/hcj/UEFIWorkspace/Build/OvmfX64/DEBUG_GCC5/X64/MdePkg/Library/BaseDebugPrintErrorLevelLib/BaseDebugPrintErrorLevelLib/OUTPUT/BaseDebugPrintErrorLevelLib.lib
LOAD /home/hcj/UEFIWorkspace/Build/OvmfX64/DEBUG_GCC5/X64/MdePkg/Library/BasePrintLib/BasePrintLib/OUTPUT/BasePrintLib.lib
LOAD /home/hcj/UEFIWorkspace/Build/OvmfX64/DEBUG_GCC5/X64/OvmfPkg/Library/PlatformDebugLibIoPort/PlatformDebugLibIoPort/OUTPUT/PlatformDebugLibIoPort.lib
LOAD /home/hcj/UEFIWorkspace/Build/OvmfX64/DEBUG_GCC5/X64/MdePkg/Library/UefiBootServicesTableLib/UefiBootServicesTableLib/OUTPUT/UefiBootServicesTableLib.lib
LOAD /home/hcj/UEFIWorkspace/Build/OvmfX64/DEBUG_GCC5/X64/MdePkg/Library/BasePciExpressLib/BasePciExpressLib/OUTPUT/BasePciExpressLib.lib
LOAD /home/hcj/UEFIWorkspace/Build/OvmfX64/DEBUG_GCC5/X64/MdePkg/Library/BasePciCf8Lib/BasePciCf8Lib/OUTPUT/BasePciCf8Lib.lib
LOAD /home/hcj/UEFIWorkspace/Build/OvmfX64/DEBUG_GCC5/X64/OvmfPkg/Library/DxePciLibI440FxQ35/DxePciLibI440FxQ35/OUTPUT/DxePciLibI440FxQ35.lib
LOAD /home/hcj/UEFIWorkspace/Build/OvmfX64/DEBUG_GCC5/X64/OvmfPkg/Library/AcpiTimerLib/DxeAcpiTimerLib/OUTPUT/DxeAcpiTimerLib.lib
LOAD /home/hcj/UEFIWorkspace/Build/OvmfX64/DEBUG_GCC5/X64/MdePkg/Library/UefiRuntimeServicesTableLib/UefiRuntimeServicesTableLib/OUTPUT/UefiRuntimeServicesTableLib.lib
LOAD /home/hcj/UEFIWorkspace/Build/OvmfX64/DEBUG_GCC5/X64/MdePkg/Library/UefiDevicePathLibDevicePathProtocol/UefiDevicePathLibDevicePathProtocol/OUTPUT/UefiDevicePathLibDevicePathProtocol.lib
LOAD /home/hcj/UEFIWorkspace/Build/OvmfX64/DEBUG_GCC5/X64/MdePkg/Library/UefiLib/UefiLib/OUTPUT/UefiLib.lib
LOAD /home/hcj/UEFIWorkspace/Build/OvmfX64/DEBUG_GCC5/X64/MdeModulePkg/Library/UefiHiiServicesLib/UefiHiiServicesLib/OUTPUT/UefiHiiServicesLib.lib
LOAD /home/hcj/UEFIWorkspace/Build/OvmfX64/DEBUG_GCC5/X64/MdePkg/Library/DxeHobLib/DxeHobLib/OUTPUT/DxeHobLib.lib
LOAD /home/hcj/UEFIWorkspace/Build/OvmfX64/DEBUG_GCC5/X64/MdeModulePkg/Library/UefiSortLib/UefiSortLib/OUTPUT/UefiSortLib.lib
LOAD /home/hcj/UEFIWorkspace/Build/OvmfX64/DEBUG_GCC5/X64/MdeModulePkg/Library/UefiHiiLib/UefiHiiLib/OUTPUT/UefiHiiLib.lib
LOAD /home/hcj/UEFIWorkspace/Build/OvmfX64/DEBUG_GCC5/X64/MdePkg/Library/DxeServicesLib/DxeServicesLib/OUTPUT/DxeServicesLib.lib
LOAD /home/hcj/UEFIWorkspace/Build/OvmfX64/DEBUG_GCC5/X64/MdePkg/Library/DxeServicesTableLib/DxeServicesTableLib/OUTPUT/DxeServicesTableLib.lib
LOAD /home/hcj/UEFIWorkspace/Build/OvmfX64/DEBUG_GCC5/X64/MdePkg/Library/BasePeCoffGetEntryPointLib/BasePeCoffGetEntryPointLib/OUTPUT/BasePeCoffGetEntryPointLib.lib
LOAD /home/hcj/UEFIWorkspace/Build/OvmfX64/DEBUG_GCC5/X64/MdePkg/Library/BasePerformanceLibNull/BasePerformanceLibNull/OUTPUT/BasePerformanceLibNull.lib
LOAD /home/hcj/UEFIWorkspace/Build/OvmfX64/DEBUG_GCC5/X64/MdeModulePkg/Library/DxeReportStatusCodeLib/DxeReportStatusCodeLib/OUTPUT/DxeReportStatusCodeLib.lib
LOAD /home/hcj/UEFIWorkspace/Build/OvmfX64/DEBUG_GCC5/X64/MdeModulePkg/Library/UefiBootManagerLib/UefiBootManagerLib/OUTPUT/UefiBootManagerLib.lib
LOAD /home/hcj/UEFIWorkspace/Build/OvmfX64/DEBUG_GCC5/X64/MdePkg/Library/BaseOrderedCollectionRedBlackTreeLib/BaseOrderedCollectionRedBlackTreeLib/OUTPUT/BaseOrderedCollectionRedBlackTreeLib.lib
LOAD /home/hcj/UEFIWorkspace/Build/OvmfX64/DEBUG_GCC5/X64/OvmfPkg/Library/QemuFwCfgLib/QemuFwCfgDxeLib/OUTPUT/QemuFwCfgDxeLib.lib
LOAD /home/hcj/UEFIWorkspace/Build/OvmfX64/DEBUG_GCC5/X64/OvmfPkg/Library/LoadLinuxLib/LoadLinuxLib/OUTPUT/LoadLinuxLib.lib
LOAD /home/hcj/UEFIWorkspace/Build/OvmfX64/DEBUG_GCC5/X64/OvmfPkg/Library/SerializeVariablesLib/SerializeVariablesLib/OUTPUT/DxeSerializeVariablesLib.lib
LOAD /home/hcj/UEFIWorkspace/Build/OvmfX64/DEBUG_GCC5/X64/MdePkg/Library/UefiFileHandleLib/UefiFileHandleLib/OUTPUT/UefiFileHandleLib.lib
LOAD /home/hcj/UEFIWorkspace/Build/OvmfX64/DEBUG_GCC5/X64/OvmfPkg/Library/XenPlatformLib/XenPlatformLib/OUTPUT/XenPlatformLib.lib
LOAD /home/hcj/UEFIWorkspace/Build/OvmfX64/DEBUG_GCC5/X64/OvmfPkg/Library/Tcg2PhysicalPresenceLibNull/DxeTcg2PhysicalPresenceLib/OUTPUT/DxeTcg2PhysicalPresenceLibNull.lib
LOAD /home/hcj/UEFIWorkspace/Build/OvmfX64/DEBUG_GCC5/X64/OvmfPkg/Library/PlatformBmPrintScLib/PlatformBmPrintScLib/OUTPUT/PlatformBmPrintScLib.lib
LOAD /home/hcj/UEFIWorkspace/Build/OvmfX64/DEBUG_GCC5/X64/OvmfPkg/Library/QemuBootOrderLib/QemuBootOrderLib/OUTPUT/QemuBootOrderLib.lib
LOAD /home/hcj/UEFIWorkspace/Build/OvmfX64/DEBUG_GCC5/X64/OvmfPkg/Library/X86QemuLoadImageLib/X86QemuLoadImageLib/OUTPUT/X86QemuLoadImageLib.lib
LOAD /home/hcj/UEFIWorkspace/Build/OvmfX64/DEBUG_GCC5/X64/OvmfPkg/Library/QemuFwCfgS3Lib/DxeQemuFwCfgS3LibFwCfg/OUTPUT/DxeQemuFwCfgS3LibFwCfg.lib
LOAD /home/hcj/UEFIWorkspace/Build/OvmfX64/DEBUG_GCC5/X64/OvmfPkg/Library/NvVarsFileLib/NvVarsFileLib/OUTPUT/NvVarsFileLib.lib
LOAD /home/hcj/UEFIWorkspace/Build/OvmfX64/DEBUG_GCC5/X64/MdeModulePkg/Library/BootLogoLib/BootLogoLib/OUTPUT/BootLogoLib.lib
LOAD /home/hcj/UEFIWorkspace/Build/OvmfX64/DEBUG_GCC5/X64/MdePkg/Library/UefiDriverEntryPoint/UefiDriverEntryPoint/OUTPUT/UefiDriverEntryPoint.lib
LOAD /home/hcj/UEFIWorkspace/Build/OvmfX64/DEBUG_GCC5/X64/MdeModulePkg/Library/VariablePolicyHelperLib/VariablePolicyHelperLib/OUTPUT/VariablePolicyHelperLib.lib
LOAD /home/hcj/UEFIWorkspace/Build/OvmfX64/DEBUG_GCC5/X64/OvmfPkg/Library/PlatformBootManagerLib/PlatformBootManagerLib/OUTPUT/PlatformBootManagerLib.lib
END GROUP
                0x0000000000000228                PECOFF_HEADER_SIZE = 0x228
                0x0000000000000228                . = PECOFF_HEADER_SIZE

.text           0x0000000000000240    0x1c997
 *(.text .text.* .stub .gnu.linkonce.t.*)
 .text.PlatformBootManagerAfterConsole
                0x0000000000000240     0x206d /tmp/ccLrKB8o.ltrans0.ltrans.o
                0x0000000000000240                PlatformBootManagerAfterConsole
 .text.BdsEntry
                0x00000000000022ad     0x1979 /tmp/ccLrKB8o.ltrans1.ltrans.o
                0x00000000000022ad                BdsEntry
 .text.UnicodeVSPrintAsciiFormat
                0x0000000000003c26       0x57 /tmp/ccLrKB8o.ltrans2.ltrans.o
                0x0000000000003c26                UnicodeVSPrintAsciiFormat
 .text.UnicodeVSPrint
                0x0000000000003c7d       0x57 /tmp/ccLrKB8o.ltrans2.ltrans.o
                0x0000000000003c7d                UnicodeVSPrint
 .text.UnicodeSPrint
                0x0000000000003cd4       0x1d /tmp/ccLrKB8o.ltrans2.ltrans.o
                0x0000000000003cd4                UnicodeSPrint
 .text.BasePrintLibValueToString
                0x0000000000003cf1       0x7e /tmp/ccLrKB8o.ltrans2.ltrans.o
                0x0000000000003cf1                BasePrintLibValueToString
 .text.BasePrintLibFillBuffer
                0x0000000000003d6f       0x2e /tmp/ccLrKB8o.ltrans2.ltrans.o
                0x0000000000003d6f                BasePrintLibFillBuffer
 .text.GetInterruptState
                0x0000000000003d9d        0xa /tmp/ccLrKB8o.ltrans2.ltrans.o
                0x0000000000003d9d                GetInterruptState
 .text.WriteUnaligned64
                0x0000000000003da7       0x3f /tmp/ccLrKB8o.ltrans2.ltrans.o
                0x0000000000003da7                WriteUnaligned64
 .text.ReadUnaligned64
                0x0000000000003de6       0x37 /tmp/ccLrKB8o.ltrans2.ltrans.o
                0x0000000000003de6                ReadUnaligned64
 .text.ReadUnaligned32
                0x0000000000003e1d       0x36 /tmp/ccLrKB8o.ltrans2.ltrans.o
                0x0000000000003e1d                ReadUnaligned32
 .text.WriteUnaligned16
                0x0000000000003e53       0x3d /tmp/ccLrKB8o.ltrans2.ltrans.o
                0x0000000000003e53                WriteUnaligned16
 .text.ReadUnaligned16
                0x0000000000003e90       0x37 /tmp/ccLrKB8o.ltrans2.ltrans.o
                0x0000000000003e90                ReadUnaligned16
 .text.AsciiStrLen
                0x0000000000003ec7       0x85 /tmp/ccLrKB8o.ltrans2.ltrans.o
                0x0000000000003ec7                AsciiStrLen
 .text.AsciiStrnCmp.part.4.lto_priv.122
                0x0000000000003f4c       0xd6 /tmp/ccLrKB8o.ltrans2.ltrans.o
                0x0000000000003f4c                AsciiStrnCmp.part.4.lto_priv.122
 .text.AsciiStrCmp
                0x0000000000004022       0x80 /tmp/ccLrKB8o.ltrans2.ltrans.o
                0x0000000000004022                AsciiStrCmp
 .text.StrLen   0x00000000000040a2       0x90 /tmp/ccLrKB8o.ltrans2.ltrans.o
                0x00000000000040a2                StrLen
 .text.StrSize  0x0000000000004132       0x13 /tmp/ccLrKB8o.ltrans2.ltrans.o
                0x0000000000004132                StrSize
 .text.StrnCmp.part.0.lto_priv.108
                0x0000000000004145       0xc1 /tmp/ccLrKB8o.ltrans2.ltrans.o
                0x0000000000004145                StrnCmp.part.0.lto_priv.108
 .text.StrCmp   0x0000000000004206       0x84 /tmp/ccLrKB8o.ltrans2.ltrans.o
                0x0000000000004206                StrCmp
 .text.AsciiStrnLenS
                0x000000000000428a       0x26 /tmp/ccLrKB8o.ltrans2.ltrans.o
                0x000000000000428a                AsciiStrnLenS
 .text.AsciiStrToUnicodeStrS
                0x00000000000042b0      0x299 /tmp/ccLrKB8o.ltrans2.ltrans.o
                0x00000000000042b0                AsciiStrToUnicodeStrS
 .text.StrnLenS
                0x0000000000004549       0x5e /tmp/ccLrKB8o.ltrans2.ltrans.o
                0x0000000000004549                StrnLenS
 .text.StrCatS  0x00000000000045a7      0x2ce /tmp/ccLrKB8o.ltrans2.ltrans.o
                0x00000000000045a7                StrCatS
 .text.InternalBaseLibIsListValid
                0x0000000000004875       0x9e /tmp/ccLrKB8o.ltrans2.ltrans.o
                0x0000000000004875                InternalBaseLibIsListValid
 .text.GetFirstNode
                0x0000000000004913       0x3e /tmp/ccLrKB8o.ltrans2.ltrans.o
                0x0000000000004913                GetFirstNode
 .text.IsNodeInList
                0x0000000000004951       0x93 /tmp/ccLrKB8o.ltrans2.ltrans.o
                0x0000000000004951                IsNodeInList
 .text.IsNull   0x00000000000049e4       0x70 /tmp/ccLrKB8o.ltrans2.ltrans.o
                0x00000000000049e4                IsNull
 .text.GetNextNode
                0x0000000000004a54       0x71 /tmp/ccLrKB8o.ltrans2.ltrans.o
                0x0000000000004a54                GetNextNode
 .text.CpuDeadLoop
                0x0000000000004ac5       0x20 /tmp/ccLrKB8o.ltrans2.ltrans.o
                0x0000000000004ac5                CpuDeadLoop
 .text.ProcessLibraryDestructorList
                0x0000000000004ae5        0x1 /tmp/ccLrKB8o.ltrans3.ltrans.o
                0x0000000000004ae5                EfiEventEmptyFunction
                0x0000000000004ae5                ProcessLibraryDestructorList
 .text.BmMatchDevicePaths.part.0.lto_priv.120
                0x0000000000004ae6       0x81 /tmp/ccLrKB8o.ltrans3.ltrans.o
                0x0000000000004ae6                BmMatchDevicePaths.part.0.lto_priv.120
 .text.BmPrintDp
                0x0000000000004b67       0x55 /tmp/ccLrKB8o.ltrans3.ltrans.o
                0x0000000000004b67                BmPrintDp
 .text.BmDelPartMatchInstance
                0x0000000000004bbc       0xff /tmp/ccLrKB8o.ltrans3.ltrans.o
                0x0000000000004bbc                BmDelPartMatchInstance
 .text.BmConnectUsbShortFormDevicePath
                0x0000000000004cbb      0x19f /tmp/ccLrKB8o.ltrans3.ltrans.o
                0x0000000000004cbb                BmConnectUsbShortFormDevicePath
 .text.EfiBootManagerConnectDevicePath
                0x0000000000004e5a      0x15f /tmp/ccLrKB8o.ltrans3.ltrans.o
                0x0000000000004e5a                EfiBootManagerConnectDevicePath
 .text.InternalGetReportStatusCode.part.0.lto_priv.91
                0x0000000000004fb9       0x44 /tmp/ccLrKB8o.ltrans3.ltrans.o
                0x0000000000004fb9                InternalGetReportStatusCode.part.0.lto_priv.91
 .text.ReportDebugCodeEnabled
                0x0000000000004ffd        0x3 /tmp/ccLrKB8o.ltrans3.ltrans.o
                0x0000000000004ffd                ReportDebugCodeEnabled
 .text.ReportErrorCodeEnabled
                0x0000000000005000        0x3 /tmp/ccLrKB8o.ltrans3.ltrans.o
                0x0000000000005000                ReportErrorCodeEnabled
 .text.ReportProgressCodeEnabled
                0x0000000000005003        0x3 /tmp/ccLrKB8o.ltrans3.ltrans.o
                0x0000000000005003                ReportProgressCodeEnabled
 .text.BdsDxeSetVariableAndReportStatusCodeOnError
                0x0000000000005006      0x121 /tmp/ccLrKB8o.ltrans3.ltrans.o
                0x0000000000005006                BmSetVariableAndReportStatusCodeOnError
                0x0000000000005006                BdsDxeSetVariableAndReportStatusCodeOnError
 .text.InternalImageHandleToFvHandle
                0x0000000000005127       0xce /tmp/ccLrKB8o.ltrans3.ltrans.o
                0x0000000000005127                InternalImageHandleToFvHandle
 .text.GetNextGuidHob
                0x00000000000051f5       0x79 /tmp/ccLrKB8o.ltrans3.ltrans.o
                0x00000000000051f5                GetNextGuidHob
 .text.EfiEventGroupSignal.part.0.lto_priv.125
                0x000000000000526e       0x6a /tmp/ccLrKB8o.ltrans3.ltrans.o
                0x000000000000526e                EfiEventGroupSignal.part.0.lto_priv.125
 .text.GetBestLanguage
                0x00000000000052d8      0x13e /tmp/ccLrKB8o.ltrans3.ltrans.o
                0x00000000000052d8                GetBestLanguage
 .text.GetVariable2
                0x0000000000005416      0x136 /tmp/ccLrKB8o.ltrans3.ltrans.o
                0x0000000000005416                GetVariable2
 .text.GetEfiGlobalVariable2
                0x000000000000554c       0x12 /tmp/ccLrKB8o.ltrans3.ltrans.o
                0x000000000000554c                GetEfiGlobalVariable2
 .text.EfiBootManagerUpdateConsoleVariable
                0x000000000000555e      0x12c /tmp/ccLrKB8o.ltrans3.ltrans.o
                0x000000000000555e                EfiBootManagerUpdateConsoleVariable
 .text.BmUpdateSystemTableConsole
                0x000000000000568a      0x297 /tmp/ccLrKB8o.ltrans3.ltrans.o
 .text.EfiBootManagerConnectAllDefaultConsoles
                0x0000000000005921      0x103 /tmp/ccLrKB8o.ltrans3.ltrans.o
                0x0000000000005921                EfiBootManagerConnectAllDefaultConsoles
 .text.EfiBootManagerConnectAll
                0x0000000000005a24       0x8a /tmp/ccLrKB8o.ltrans3.ltrans.o
                0x0000000000005a24                EfiBootManagerConnectAll
 .text.EfiGetSystemConfigurationTable
                0x0000000000005aae       0xaa /tmp/ccLrKB8o.ltrans3.ltrans.o
                0x0000000000005aae                EfiGetSystemConfigurationTable
 .text.GetHobList
                0x0000000000005b58       0xa3 /tmp/ccLrKB8o.ltrans3.ltrans.o
                0x0000000000005b58                GetHobList
 .text.EfiInitializeFwVolDevicepathNode
                0x0000000000005bfb       0x75 /tmp/ccLrKB8o.ltrans3.ltrans.o
                0x0000000000005bfb                EfiInitializeFwVolDevicepathNode
 .text.RootBridgePathCompare
                0x0000000000005c70       0x18 /tmp/ccLrKB8o.ltrans4.ltrans.o
 .text.RootBridgePathKeyCompare
                0x0000000000005c88       0x17 /tmp/ccLrKB8o.ltrans4.ltrans.o
 .text.UnregisterAtExitBootServices.lto_priv.96
                0x0000000000005c9f        0xd /tmp/ccLrKB8o.ltrans4.ltrans.o
                0x0000000000005c9f                UnregisterAtExitBootServices.lto_priv.96
 .text.HandleStatusCode.lto_priv.95
                0x0000000000005cac      0x30e /tmp/ccLrKB8o.ltrans4.ltrans.o
                0x0000000000005cac                HandleStatusCode.lto_priv.95
 .text.AppendToBuffer
                0x0000000000005fba       0xd4 /tmp/ccLrKB8o.ltrans4.ltrans.o
 .text.CreateExtraRootBusMap
                0x000000000000608e      0xad2 /tmp/ccLrKB8o.ltrans4.ltrans.o
                0x000000000000608e                CreateExtraRootBusMap
 .text.XenDetected
                0x0000000000006b60       0x65 /tmp/ccLrKB8o.ltrans4.ltrans.o
                0x0000000000006b60                XenDetected
 .text.FileHandleClose
                0x0000000000006bc5       0x16 /tmp/ccLrKB8o.ltrans4.ltrans.o
                0x0000000000006bc5                FileHandleClose
 .text.FileHandleGetInfo
                0x0000000000006bdb       0x81 /tmp/ccLrKB8o.ltrans4.ltrans.o
                0x0000000000006bdb                FileHandleGetInfo
 .text.SerializeVariablesAddVariable
                0x0000000000006c5c      0x134 /tmp/ccLrKB8o.ltrans4.ltrans.o
                0x0000000000006c5c                SerializeVariablesAddVariable
 .text.SerializeVariablesFreeInstance
                0x0000000000006d90       0x67 /tmp/ccLrKB8o.ltrans4.ltrans.o
                0x0000000000006d90                SerializeVariablesFreeInstance
 .text.BmGetNextLoadOptionBuffer
                0x0000000000006df7      0x7b5 /tmp/ccLrKB8o.ltrans5.ltrans.o
                0x0000000000006df7                BmGetNextLoadOptionBuffer
 .text.EfiBootManagerFreeLoadOption
                0x00000000000075ac       0x4b /tmp/ccLrKB8o.ltrans5.ltrans.o
                0x00000000000075ac                EfiBootManagerFreeLoadOption
 .text.EfiBootManagerFreeLoadOptions
                0x00000000000075f7       0x4c /tmp/ccLrKB8o.ltrans5.ltrans.o
                0x00000000000075f7                EfiBootManagerFreeLoadOptions
 .text.EfiBootManagerIsValidLoadOptionVariableName
                0x0000000000007643       0xd1 /tmp/ccLrKB8o.ltrans5.ltrans.o
                0x0000000000007643                EfiBootManagerIsValidLoadOptionVariableName
 .text.BmCollectLoadOptions
                0x0000000000007714      0x150 /tmp/ccLrKB8o.ltrans5.ltrans.o
 .text.EfiBootManagerDeleteLoadOptionVariable
                0x0000000000007864      0x168 /tmp/ccLrKB8o.ltrans5.ltrans.o
                0x0000000000007864                EfiBootManagerDeleteLoadOptionVariable
 .text.EfiBootManagerGetLoadOptions
                0x00000000000079cc      0x229 /tmp/ccLrKB8o.ltrans5.ltrans.o
                0x00000000000079cc                EfiBootManagerGetLoadOptions
 .text.EfiBootManagerFindLoadOption
                0x0000000000007bf5       0x89 /tmp/ccLrKB8o.ltrans5.ltrans.o
                0x0000000000007bf5                EfiBootManagerFindLoadOption
 .text.EfiBootManagerInitializeLoadOption
                0x0000000000007c7e       0xd7 /tmp/ccLrKB8o.ltrans5.ltrans.o
                0x0000000000007c7e                EfiBootManagerInitializeLoadOption
 .text.BmGetNextLoadOptionDevicePath
                0x0000000000007d55     0x127d /tmp/ccLrKB8o.ltrans6.ltrans.o
                0x0000000000007d55                BmGetNextLoadOptionDevicePath
 .text.TranslateOfwPath.constprop.40
                0x0000000000008fd2      0xdfd /tmp/ccLrKB8o.ltrans7.ltrans.o
                0x0000000000008fd2                TranslateOfwPath.constprop.40
 .text.EfiCreateProtocolNotifyEvent.constprop.22
                0x0000000000009dcf      0x192 /tmp/ccLrKB8o.ltrans7.ltrans.o
                0x0000000000009dcf                EfiCreateProtocolNotifyEvent.constprop.22
 .text.BmInitializeKeyFields.constprop.19
                0x0000000000009f61       0x74 /tmp/ccLrKB8o.ltrans7.ltrans.o
                0x0000000000009f61                BmInitializeKeyFields.constprop.19
 .text.BmGenerateKeyShiftState
                0x0000000000009fd5       0xd4 /tmp/ccLrKB8o.ltrans8.ltrans.o
 .text.BmRepairNotify
                0x000000000000a0a9       0x47 /tmp/ccLrKB8o.ltrans8.ltrans.o
                0x000000000000a0a9                BmRepairNotify
 .text.BmStopHotkeyService
                0x000000000000a0f0      0x23e /tmp/ccLrKB8o.ltrans8.ltrans.o
                0x000000000000a0f0                BmStopHotkeyService
 .text.BmTxtInExCallback
                0x000000000000a32e      0x14f /tmp/ccLrKB8o.ltrans8.ltrans.o
                0x000000000000a32e                BmTxtInExCallback
 .text.BmGetSingleControllerHealthStatus
                0x000000000000a47d      0x2b9 /tmp/ccLrKB8o.ltrans8.ltrans.o
                0x000000000000a47d                BmGetSingleControllerHealthStatus
 .text.BmGetControllerName
                0x000000000000a736      0x184 /tmp/ccLrKB8o.ltrans8.ltrans.o
                0x000000000000a736                BmGetControllerName
 .text.BmDisplayMessages
                0x000000000000a8ba      0x367 /tmp/ccLrKB8o.ltrans8.ltrans.o
                0x000000000000a8ba                BmDisplayMessages
 .text.BmProcessKeyOption
                0x000000000000ac21      0x310 /tmp/ccLrKB8o.ltrans8.ltrans.o
                0x000000000000ac21                BmProcessKeyOption
 .text.BmReportLoadFailure
                0x000000000000af31       0xa9 /tmp/ccLrKB8o.ltrans9.ltrans.o
 .text.BmIsBootManagerMenuFilePath
                0x000000000000afda       0x6b /tmp/ccLrKB8o.ltrans9.ltrans.o
                0x000000000000afda                BmIsBootManagerMenuFilePath
 .text.EfiBootManagerBoot
                0x000000000000b045      0x948 /tmp/ccLrKB8o.ltrans9.ltrans.o
                0x000000000000b045                EfiBootManagerBoot
 .text._ModuleEntryPoint
                0x000000000000b98d      0x707 /tmp/ccLrKB8o.ltrans10.ltrans.o
                0x000000000000b98d                _ModuleEntryPoint
 .text.BmDestroyRamDisk
                0x000000000000c094      0x2ed /tmp/ccLrKB8o.ltrans11.ltrans.o
                0x000000000000c094                BmDestroyRamDisk
 .text.BmGetRamDiskDevicePath
                0x000000000000c381       0xde /tmp/ccLrKB8o.ltrans11.ltrans.o
                0x000000000000c381                BmGetRamDiskDevicePath
 .text.BmExpandMediaDevicePath
                0x000000000000c45f      0x376 /tmp/ccLrKB8o.ltrans11.ltrans.o
                0x000000000000c45f                BmExpandMediaDevicePath
 .text.BmExpandLoadFile
                0x000000000000c7d5      0x3dc /tmp/ccLrKB8o.ltrans11.ltrans.o
                0x000000000000c7d5                BmExpandLoadFile
 .text.BmCachePartitionDevicePath
                0x000000000000cbb1       0xd5 /tmp/ccLrKB8o.ltrans11.ltrans.o
                0x000000000000cbb1                BmCachePartitionDevicePath
 .text.BmAdjustFvFilePath
                0x000000000000cc86      0x1bb /tmp/ccLrKB8o.ltrans11.ltrans.o
                0x000000000000cc86                BmAdjustFvFilePath
 .text.EfiBootManagerConnectConsoleVariable.part.1.lto_priv.121
                0x000000000000ce41      0x218 /tmp/ccLrKB8o.ltrans11.ltrans.o
                0x000000000000ce41                EfiBootManagerConnectConsoleVariable.part.1.lto_priv.121
 .text.BmEliminateExtraSpaces
                0x000000000000d059       0x34 /tmp/ccLrKB8o.ltrans12.ltrans.o
 .text.BmGetNvmeDescription
                0x000000000000d08d      0x379 /tmp/ccLrKB8o.ltrans12.ltrans.o
                0x000000000000d08d                BmGetNvmeDescription
 .text.BmGetLoadFileDescription
                0x000000000000d406       0xbe /tmp/ccLrKB8o.ltrans12.ltrans.o
                0x000000000000d406                BmGetLoadFileDescription
 .text.BmGetNetworkDescription
                0x000000000000d4c4      0x3a0 /tmp/ccLrKB8o.ltrans12.ltrans.o
                0x000000000000d4c4                BmGetNetworkDescription
 .text.BmGetUsbDescription
                0x000000000000d864      0x21b /tmp/ccLrKB8o.ltrans12.ltrans.o
                0x000000000000d864                BmGetUsbDescription
 .text.BmGetDescriptionFromDiskInfo
                0x000000000000da7f      0x32b /tmp/ccLrKB8o.ltrans12.ltrans.o
                0x000000000000da7f                BmGetDescriptionFromDiskInfo
 .text.BmMatchPartitionDevicePathNode.part.6.lto_priv.119
                0x000000000000ddaa       0xac /tmp/ccLrKB8o.ltrans12.ltrans.o
                0x000000000000ddaa                BmMatchPartitionDevicePathNode.part.6.lto_priv.119
 .text.BootOrderAppend
                0x000000000000de56       0xa9 /tmp/ccLrKB8o.ltrans13.ltrans.o
 .text.SetBootOrderFromQemu
                0x000000000000deff      0x7f4 /tmp/ccLrKB8o.ltrans13.ltrans.o
                0x000000000000deff                SetBootOrderFromQemu
 .text.ConnectDevicesFromQemu
                0x000000000000e6f3      0x2c1 /tmp/ccLrKB8o.ltrans13.ltrans.o
                0x000000000000e6f3                ConnectDevicesFromQemu
 .text.ParseUnitAddressHexList.lto_priv.94
                0x000000000000e9b4       0xb5 /tmp/ccLrKB8o.ltrans13.ltrans.o
                0x000000000000e9b4                ParseUnitAddressHexList.lto_priv.94
 .text.SubstringEq.lto_priv.93
                0x000000000000ea69       0x24 /tmp/ccLrKB8o.ltrans13.ltrans.o
                0x000000000000ea69                SubstringEq.lto_priv.93
 .text.IsPrintNotDelim.lto_priv.106
                0x000000000000ea8d       0x23 /tmp/ccLrKB8o.ltrans13.ltrans.o
                0x000000000000ea8d                IsPrintNotDelim.lto_priv.106
 .text.BasePrintLibSPrintMarker.constprop.89
                0x000000000000eab0     0x1074 /tmp/ccLrKB8o.ltrans14.ltrans.o
                0x000000000000eab0                BasePrintLibSPrintMarker.constprop.89
 .text.AsciiSPrint.constprop.87
                0x000000000000fb24       0x32 /tmp/ccLrKB8o.ltrans14.ltrans.o
                0x000000000000fb24                AsciiSPrint.constprop.87
 .text.DebugPrintMarker.part.0.constprop.85
                0x000000000000fb56       0x3d /tmp/ccLrKB8o.ltrans14.ltrans.o
                0x000000000000fb56                DebugPrintMarker.part.0.constprop.85
 .text.ReportStatusCodeEx.constprop.81
                0x000000000000fb93      0x20f /tmp/ccLrKB8o.ltrans14.ltrans.o
                0x000000000000fb93                ReportStatusCodeEx.constprop.81
 .text.ConvertDevicePathToText.constprop.79
                0x000000000000fda2       0x53 /tmp/ccLrKB8o.ltrans14.ltrans.o
                0x000000000000fda2                ConvertDevicePathToText.constprop.79
 .text.PrintXY.constprop.75
                0x000000000000fdf5      0x57b /tmp/ccLrKB8o.ltrans15.ltrans.o
                0x000000000000fdf5                PrintXY.constprop.75
 .text.ReportStatusCode.constprop.70
                0x0000000000010370       0x5d /tmp/ccLrKB8o.ltrans15.ltrans.o
                0x0000000000010370                ReportStatusCode.constprop.70
 .text.FileDevicePath.constprop.65
                0x00000000000103cd       0x96 /tmp/ccLrKB8o.ltrans15.ltrans.o
                0x00000000000103cd                FileDevicePath.constprop.65
 .text.EfiCreateEventReadyToBootEx.constprop.56
                0x0000000000010463       0xd7 /tmp/ccLrKB8o.ltrans15.ltrans.o
                0x0000000000010463                EfiCreateEventReadyToBootEx.constprop.56
 .text.EfiReleaseLock.constprop.55
                0x000000000001053a       0x50 /tmp/ccLrKB8o.ltrans15.ltrans.o
                0x000000000001053a                EfiReleaseLock.constprop.55
 .text.EfiAcquireLock.constprop.54
                0x000000000001058a       0x55 /tmp/ccLrKB8o.ltrans15.ltrans.o
                0x000000000001058a                EfiAcquireLock.constprop.54
 .text.EfiBootManagerAddLoadOptionVariable.constprop.51
                0x00000000000105df      0x1d0 /tmp/ccLrKB8o.ltrans15.ltrans.o
                0x00000000000105df                EfiBootManagerAddLoadOptionVariable.constprop.51
 .text.InternalGetSectionFromFv.constprop.50
                0x00000000000107af      0x135 /tmp/ccLrKB8o.ltrans15.ltrans.o
                0x00000000000107af                InternalGetSectionFromFv.constprop.50
 .text.AsciiPrint.constprop.44
                0x00000000000108e4       0xd0 /tmp/ccLrKB8o.ltrans15.ltrans.o
                0x00000000000108e4                AsciiPrint.constprop.44
 .text.InternalQemuFwCfgReadBytes
                0x00000000000109b4      0x532 /tmp/ccLrKB8o.ltrans16.ltrans.o
                0x00000000000109b4                InternalQemuFwCfgReadBytes
 .text.QemuFwCfgReadBytes
                0x0000000000010ee6       0x1c /tmp/ccLrKB8o.ltrans16.ltrans.o
                0x0000000000010ee6                QemuFwCfgReadBytes
 .text.QemuFwCfgRead32
                0x0000000000010f02       0x1c /tmp/ccLrKB8o.ltrans16.ltrans.o
                0x0000000000010f02                QemuFwCfgRead32
 .text.QemuFwCfgRead16
                0x0000000000010f1e       0x1d /tmp/ccLrKB8o.ltrans16.ltrans.o
                0x0000000000010f1e                QemuFwCfgRead16
 .text.QemuFwCfgSelectItem
                0x0000000000010f3b       0x38 /tmp/ccLrKB8o.ltrans16.ltrans.o
                0x0000000000010f3b                QemuFwCfgSelectItem
 .text.NodeIsNullOrBlack
                0x0000000000010f73       0x14 /tmp/ccLrKB8o.ltrans16.ltrans.o
                0x0000000000010f73                NodeIsNullOrBlack
 .text.RedBlackTreeRecursiveCheck
                0x0000000000010f87      0x109 /tmp/ccLrKB8o.ltrans16.ltrans.o
 .text.RedBlackTreeValidate
                0x0000000000011090      0x21c /tmp/ccLrKB8o.ltrans16.ltrans.o
                0x0000000000011090                RedBlackTreeValidate
 .text.RedBlackTreeRotateLeft
                0x00000000000112ac       0x40 /tmp/ccLrKB8o.ltrans16.ltrans.o
                0x00000000000112ac                RedBlackTreeRotateLeft
 .text.RedBlackTreeRotateRight
                0x00000000000112ec       0x40 /tmp/ccLrKB8o.ltrans16.ltrans.o
                0x00000000000112ec                RedBlackTreeRotateRight
 .text.BmCollectKeyOptions
                0x000000000001132c      0x274 /tmp/ccLrKB8o.ltrans17.ltrans.o
                0x000000000001132c                BmCollectKeyOptions
 .text.BmRegisterHotkeyNotify
                0x00000000000115a0       0x9f /tmp/ccLrKB8o.ltrans17.ltrans.o
                0x00000000000115a0                BmRegisterHotkeyNotify
 .text.BmGetActiveConsoleIn
                0x000000000001163f       0xb9 /tmp/ccLrKB8o.ltrans17.ltrans.o
                0x000000000001163f                BmGetActiveConsoleIn
 .text.EfiBootManagerVariableToLoadOptionEx.part.5.lto_priv.114
                0x00000000000116f8      0x24c /tmp/ccLrKB8o.ltrans17.ltrans.o
                0x00000000000116f8                EfiBootManagerVariableToLoadOptionEx.part.5.lto_priv.114
 .text.BmHotkeyCallback
                0x0000000000011944      0x21f /tmp/ccLrKB8o.ltrans17.ltrans.o
                0x0000000000011944                BmHotkeyCallback
 .text.EfiBootManagerProcessLoadOption
                0x0000000000011b63      0x273 /tmp/ccLrKB8o.ltrans17.ltrans.o
                0x0000000000011b63                EfiBootManagerProcessLoadOption
 .text.PlatformDebugLibIoPortFound
                0x0000000000011dd6       0x26 /tmp/ccLrKB8o.ltrans18.ltrans.o
 .text.EfiSignalEventReadyToBoot
                0x0000000000011dfc       0x45 /tmp/ccLrKB8o.ltrans18.ltrans.o
                0x0000000000011dfc                EfiSignalEventReadyToBoot
 .text.UefiDevicePathLibLocateProtocol
                0x0000000000011e41       0x33 /tmp/ccLrKB8o.ltrans18.ltrans.o
                0x0000000000011e41                UefiDevicePathLibLocateProtocol
 .text.DevicePathFromHandle
                0x0000000000011e74       0x35 /tmp/ccLrKB8o.ltrans18.ltrans.o
                0x0000000000011e74                DevicePathFromHandle
 .text.AppendDevicePathInstance
                0x0000000000011ea9        0xd /tmp/ccLrKB8o.ltrans18.ltrans.o
                0x0000000000011ea9                AppendDevicePathInstance
 .text.AppendDevicePathNode
                0x0000000000011eb6        0xd /tmp/ccLrKB8o.ltrans18.ltrans.o
                0x0000000000011eb6                AppendDevicePathNode
 .text.AppendDevicePath
                0x0000000000011ec3        0xd /tmp/ccLrKB8o.ltrans18.ltrans.o
                0x0000000000011ec3                AppendDevicePath
 .text.DuplicateDevicePath
                0x0000000000011ed0        0xd /tmp/ccLrKB8o.ltrans18.ltrans.o
                0x0000000000011ed0                DuplicateDevicePath
 .text.GetDevicePathSize
                0x0000000000011edd        0xc /tmp/ccLrKB8o.ltrans18.ltrans.o
                0x0000000000011edd                GetDevicePathSize
 .text.DebugCodeEnabled
                0x0000000000011ee9        0x3 /tmp/ccLrKB8o.ltrans18.ltrans.o
                0x0000000000011ee9                DebugCodeEnabled
 .text.DebugPrintEnabled
                0x0000000000011eec        0x3 /tmp/ccLrKB8o.ltrans18.ltrans.o
                0x0000000000011eec                DebugPrintEnabled
 .text.DebugAssertEnabled
                0x0000000000011eef        0x3 /tmp/ccLrKB8o.ltrans18.ltrans.o
                0x0000000000011eef                DebugAssertEnabled
 .text.DebugAssert
                0x0000000000011ef2       0x58 /tmp/ccLrKB8o.ltrans18.ltrans.o
                0x0000000000011ef2                DebugAssert
 .text.Print    0x0000000000011f4a       0xfa /tmp/ccLrKB8o.ltrans18.ltrans.o
                0x0000000000011f4a                Print
 .text.GetNextDevicePathInstance
                0x0000000000012044       0x4b /tmp/ccLrKB8o.ltrans18.ltrans.o
                0x0000000000012044                GetNextDevicePathInstance
 .text.SetDevicePathEndNode
                0x000000000001208f       0x48 /tmp/ccLrKB8o.ltrans18.ltrans.o
                0x000000000001208f                SetDevicePathEndNode
 .text.SetDevicePathNodeLength
                0x00000000000120d7       0x68 /tmp/ccLrKB8o.ltrans18.ltrans.o
                0x00000000000120d7                SetDevicePathNodeLength
 .text.DevicePathNodeLength
                0x000000000001213f       0x40 /tmp/ccLrKB8o.ltrans18.ltrans.o
                0x000000000001213f                DevicePathNodeLength
 .text.NextDevicePathNode
                0x000000000001217f       0x3f /tmp/ccLrKB8o.ltrans18.ltrans.o
                0x000000000001217f                NextDevicePathNode
 .text.DevicePathSubType
                0x00000000000121be       0x37 /tmp/ccLrKB8o.ltrans18.ltrans.o
                0x00000000000121be                DevicePathSubType
 .text.DevicePathType
                0x00000000000121f5       0x36 /tmp/ccLrKB8o.ltrans18.ltrans.o
                0x00000000000121f5                DevicePathType
 .text.EfiGetNameGuidFromFwVolDevicePathNode
                0x000000000001222b       0x54 /tmp/ccLrKB8o.ltrans18.ltrans.o
                0x000000000001222b                EfiGetNameGuidFromFwVolDevicePathNode
 .text.IsDevicePathEndType
                0x000000000001227f       0x41 /tmp/ccLrKB8o.ltrans18.ltrans.o
                0x000000000001227f                IsDevicePathEndType
 .text.IsDevicePathEnd
                0x00000000000122c0       0x53 /tmp/ccLrKB8o.ltrans18.ltrans.o
                0x00000000000122c0                IsDevicePathEnd
 .text.IsDevicePathValid
                0x0000000000012313       0xed /tmp/ccLrKB8o.ltrans18.ltrans.o
                0x0000000000012313                IsDevicePathValid
 .text.PciWrite8
                0x0000000000012400       0xf9 /tmp/ccLrKB8o.ltrans18.ltrans.o
                0x0000000000012400                PciWrite8
 .text.PciCf8Read32
                0x00000000000124f9       0x99 /tmp/ccLrKB8o.ltrans18.ltrans.o
                0x00000000000124f9                PciCf8Read32
 .text.PciExpressRead32
                0x0000000000012592       0x74 /tmp/ccLrKB8o.ltrans18.ltrans.o
                0x0000000000012592                PciExpressRead32
 .text.DebugPrint
                0x0000000000012606       0x65 /tmp/ccLrKB8o.ltrans18.ltrans.o
                0x0000000000012606                DebugPrint
 .text.UnicodeSPrintAsciiFormat
                0x000000000001266b       0x1d /tmp/ccLrKB8o.ltrans18.ltrans.o
                0x000000000001266b                UnicodeSPrintAsciiFormat
 .text.BmGetMiscDescription
                0x0000000000012688      0x28b /tmp/ccLrKB8o.ltrans19.ltrans.o
 .text.EfiBootManagerLoadOptionToVariable
                0x0000000000012913      0x239 /tmp/ccLrKB8o.ltrans19.ltrans.o
                0x0000000000012913                EfiBootManagerLoadOptionToVariable
 .text.BmGetFreeOptionNumber
                0x0000000000012b4c      0x1ff /tmp/ccLrKB8o.ltrans19.ltrans.o
                0x0000000000012b4c                BmGetFreeOptionNumber
 .text.BmForEachVariable
                0x0000000000012d4b      0x1aa /tmp/ccLrKB8o.ltrans19.ltrans.o
                0x0000000000012d4b                BmForEachVariable
 .text.BmGetBootDescription
                0x0000000000012ef5      0x3da /tmp/ccLrKB8o.ltrans19.ltrans.o
                0x0000000000012ef5                BmGetBootDescription
 .text.IterateVariablesCallbackNop.lto_priv.101
                0x00000000000132cf        0x3 /tmp/ccLrKB8o.ltrans20.ltrans.o
                0x00000000000132cf                IterateVariablesCallbackNop.lto_priv.101
 .text.FindBits
                0x00000000000132d2       0x2c /tmp/ccLrKB8o.ltrans20.ltrans.o
 .text.IterateVariablesCallbackSetSystemVariable.lto_priv.100
                0x00000000000132fe       0xa5 /tmp/ccLrKB8o.ltrans20.ltrans.o
                0x00000000000132fe                IterateVariablesCallbackSetSystemVariable.lto_priv.100
 .text.IterateVariablesCallbackSetInInstance.lto_priv.102
                0x00000000000133a3        0x5 /tmp/ccLrKB8o.ltrans20.ltrans.o
                0x00000000000133a3                IterateVariablesCallbackSetInInstance.lto_priv.102
 .text.IterateVariablesInBuffer.lto_priv.104
                0x00000000000133a8      0x1b8 /tmp/ccLrKB8o.ltrans20.ltrans.o
                0x00000000000133a8                IterateVariablesInBuffer.lto_priv.104
 .text.LoadLinux.part.2.lto_priv.99
                0x0000000000013560      0x6a3 /tmp/ccLrKB8o.ltrans20.ltrans.o
                0x0000000000013560                LoadLinux.part.2.lto_priv.99
 .text.LoadLinuxCheckKernelSetup
                0x0000000000013c03       0x55 /tmp/ccLrKB8o.ltrans20.ltrans.o
                0x0000000000013c03                LoadLinuxCheckKernelSetup
 .text.QemuFwCfgFindFile.part.2.lto_priv.109
                0x0000000000013c58       0xa8 /tmp/ccLrKB8o.ltrans20.ltrans.o
                0x0000000000013c58                QemuFwCfgFindFile.part.2.lto_priv.109
 .text.EmuVariablesUpdatedCallback
                0x0000000000013d00       0x38 /tmp/ccLrKB8o.ltrans21.ltrans.o
 .text.VisitingFileSystemInstance
                0x0000000000013d38      0x35b /tmp/ccLrKB8o.ltrans21.ltrans.o
                0x0000000000013d38                VisitingFileSystemInstance
 .text.ConnectRecursivelyIfPciMassStorage
                0x0000000000014093       0xeb /tmp/ccLrKB8o.ltrans21.ltrans.o
                0x0000000000014093                ConnectRecursivelyIfPciMassStorage
 .text.SetPciIntLine
                0x000000000001417e      0x29c /tmp/ccLrKB8o.ltrans21.ltrans.o
                0x000000000001417e                SetPciIntLine
 .text.PlatformInitializeConsole
                0x000000000001441a       0xee /tmp/ccLrKB8o.ltrans21.ltrans.o
                0x000000000001441a                PlatformInitializeConsole
 .text.NotifyDevPath
                0x0000000000014508      0x1b1 /tmp/ccLrKB8o.ltrans22.ltrans.o
                0x0000000000014508                NotifyDevPath
 .text.EfiBootManagerAddKeyOptionVariable.constprop.18
                0x00000000000146b9      0x244 /tmp/ccLrKB8o.ltrans22.ltrans.o
                0x00000000000146b9                EfiBootManagerAddKeyOptionVariable.constprop.18
 .text.EfiBootManagerRegisterContinueKeyOption.constprop.17
                0x00000000000148fd       0xc5 /tmp/ccLrKB8o.ltrans22.ltrans.o
                0x00000000000148fd                EfiBootManagerRegisterContinueKeyOption.constprop.17
 .text.PlatformBootManagerWaitCallback
                0x00000000000149c2      0x312 /tmp/ccLrKB8o.ltrans22.ltrans.o
                0x00000000000149c2                PlatformBootManagerWaitCallback
 .text.SwapBytes32
                0x0000000000014cd4       0x12 /tmp/ccLrKB8o.ltrans23.ltrans.o
                0x0000000000014cd4                SwapBytes32
 .text.FreePool
                0x0000000000014ce6       0x60 /tmp/ccLrKB8o.ltrans23.ltrans.o
                0x0000000000014ce6                FreePool
 .text.InternalAllocatePool
                0x0000000000014d46       0x34 /tmp/ccLrKB8o.ltrans23.ltrans.o
                0x0000000000014d46                InternalAllocatePool
 .text.AllocatePool
                0x0000000000014d7a       0x14 /tmp/ccLrKB8o.ltrans23.ltrans.o
                0x0000000000014d7a                AllocatePool
 .text.FreePages
                0x0000000000014d8e       0x99 /tmp/ccLrKB8o.ltrans23.ltrans.o
                0x0000000000014d8e                FreePages
 .text.CompareGuid
                0x0000000000014e27       0x4d /tmp/ccLrKB8o.ltrans23.ltrans.o
                0x0000000000014e27                CompareGuid
 .text.CopyGuid
                0x0000000000014e74       0x3e /tmp/ccLrKB8o.ltrans23.ltrans.o
                0x0000000000014e74                CopyGuid
 .text.CopyMem  0x0000000000014eb2       0x90 /tmp/ccLrKB8o.ltrans23.ltrans.o
                0x0000000000014eb2                CopyMem
 .text.InternalAllocateCopyPool
                0x0000000000014f42       0x99 /tmp/ccLrKB8o.ltrans23.ltrans.o
                0x0000000000014f42                InternalAllocateCopyPool
 .text.AllocateCopyPool
                0x0000000000014fdb       0x14 /tmp/ccLrKB8o.ltrans23.ltrans.o
                0x0000000000014fdb                AllocateCopyPool
 .text.CompareMem
                0x0000000000014fef       0xd4 /tmp/ccLrKB8o.ltrans23.ltrans.o
                0x0000000000014fef                CompareMem
 .text.ZeroMem  0x00000000000150c3       0x6f /tmp/ccLrKB8o.ltrans23.ltrans.o
                0x00000000000150c3                ZeroMem
 .text.ReallocatePool
                0x0000000000015132       0x6f /tmp/ccLrKB8o.ltrans23.ltrans.o
                0x0000000000015132                ReallocatePool
 .text.AllocateZeroPool
                0x00000000000151a1       0x2c /tmp/ccLrKB8o.ltrans23.ltrans.o
                0x00000000000151a1                AllocateZeroPool
 .text.GetPcdProtocol
                0x00000000000151cd       0xad /tmp/ccLrKB8o.ltrans23.ltrans.o
                0x00000000000151cd                GetPcdProtocol
 .text.LibPcdGetBool
                0x000000000001527a       0x1d /tmp/ccLrKB8o.ltrans23.ltrans.o
                0x000000000001527a                LibPcdGetBool
 .text.LibPcdGet16
                0x0000000000015297       0x1d /tmp/ccLrKB8o.ltrans23.ltrans.o
                0x0000000000015297                LibPcdGet16
 .text.IoWrite32
                0x00000000000152b4       0x3e /tmp/ccLrKB8o.ltrans23.ltrans.o
                0x00000000000152b4                IoWrite32
 .text.IoRead32
                0x00000000000152f2       0x37 /tmp/ccLrKB8o.ltrans23.ltrans.o
                0x00000000000152f2                IoRead32
 .text.IoWrite16
                0x0000000000015329       0x3f /tmp/ccLrKB8o.ltrans23.ltrans.o
                0x0000000000015329                IoWrite16
 .text.IoRead16
                0x0000000000015368       0x38 /tmp/ccLrKB8o.ltrans23.ltrans.o
                0x0000000000015368                IoRead16
 .text.VisitingAPciInstance
                0x00000000000153a0       0x48 /tmp/ccLrKB8o.ltrans24.ltrans.o
 .text.ConnectRootBridge
                0x00000000000153e8       0x18 /tmp/ccLrKB8o.ltrans24.ltrans.o
                0x00000000000153e8                ConnectRootBridge
 .text.ConnectVirtioPciRng.lto_priv.123
                0x0000000000015400      0x166 /tmp/ccLrKB8o.ltrans24.ltrans.o
                0x0000000000015400                ConnectVirtioPciRng.lto_priv.123
 .text.DetectAndPreparePlatformPciDevicePath
                0x0000000000015566      0x4c4 /tmp/ccLrKB8o.ltrans24.ltrans.o
                0x0000000000015566                DetectAndPreparePlatformPciDevicePath
 .text.VisitAllInstancesOfProtocol
                0x0000000000015a2a       0xcf /tmp/ccLrKB8o.ltrans24.ltrans.o
                0x0000000000015a2a                VisitAllInstancesOfProtocol
 .text.VisitAllPciInstances
                0x0000000000015af9       0x16 /tmp/ccLrKB8o.ltrans24.ltrans.o
                0x0000000000015af9                VisitAllPciInstances
 .text.SetNvVarsVariable.lto_priv.103
                0x0000000000015b0f       0x3c /tmp/ccLrKB8o.ltrans25.ltrans.o
                0x0000000000015b0f                SetNvVarsVariable.lto_priv.103
 .text.GetNvVarsFile
                0x0000000000015b4b       0x93 /tmp/ccLrKB8o.ltrans25.ltrans.o
                0x0000000000015b4b                GetNvVarsFile
 .text.SaveNvVarsToFs
                0x0000000000015bde      0x52e /tmp/ccLrKB8o.ltrans25.ltrans.o
                0x0000000000015bde                SaveNvVarsToFs
 .text.FreeLegacyImage.lto_priv.98
                0x000000000001610c       0xb5 /tmp/ccLrKB8o.ltrans25.ltrans.o
                0x000000000001610c                FreeLegacyImage.lto_priv.98
 .text.ParseOfwNode.part.0.lto_priv.92
                0x00000000000161c1      0x1a0 /tmp/ccLrKB8o.ltrans25.ltrans.o
                0x00000000000161c1                ParseOfwNode.part.0.lto_priv.92
 .text.EfiBootManagerFreeDriverHealthInfo
                0x0000000000016361       0x43 /tmp/ccLrKB8o.ltrans26.ltrans.o
 .text.EfiBootManagerGetDriverHealthInfo
                0x00000000000163a4      0x278 /tmp/ccLrKB8o.ltrans26.ltrans.o
 .text.OrderedCollectionPrev
                0x000000000001661c       0x3b /tmp/ccLrKB8o.ltrans26.ltrans.o
                0x000000000001661c                OrderedCollectionPrev
 .text.OrderedCollectionNext
                0x0000000000016657       0x3b /tmp/ccLrKB8o.ltrans26.ltrans.o
                0x0000000000016657                OrderedCollectionNext
 .text.BmRepairAllControllers
                0x0000000000016692      0x4c6 /tmp/ccLrKB8o.ltrans26.ltrans.o
                0x0000000000016692                BmRepairAllControllers
 .text.EfiBootManagerGetBootManagerMenu
                0x0000000000016b58      0x5b6 /tmp/ccLrKB8o.ltrans27.ltrans.o
                0x0000000000016b58                EfiBootManagerGetBootManagerMenu
 .text.CheckDeferredLoadImageOnReadyToBoot
                0x000000000001710e      0x125 /tmp/ccLrKB8o.ltrans28.ltrans.o
                0x000000000001710e                CheckDeferredLoadImageOnReadyToBoot
 .text.BdsDxeOnConnectConInCallBack
                0x0000000000017233       0x3d /tmp/ccLrKB8o.ltrans28.ltrans.o
                0x0000000000017233                BdsDxeOnConnectConInCallBack
 .text.IsLangInSupportedLangCodes
                0x0000000000017270       0xb7 /tmp/ccLrKB8o.ltrans28.ltrans.o
 .text.BdsFormalizeConsoleVariable
                0x0000000000017327       0xef /tmp/ccLrKB8o.ltrans28.ltrans.o
                0x0000000000017327                BdsFormalizeConsoleVariable
 .text.ProcessLoadOptions
                0x0000000000017416      0x167 /tmp/ccLrKB8o.ltrans28.ltrans.o
                0x0000000000017416                ProcessLoadOptions
 .text.InitializeLangVariable
                0x000000000001757d       0xda /tmp/ccLrKB8o.ltrans28.ltrans.o
                0x000000000001757d                InitializeLangVariable
 .text.InternalMemEncryptSevStatus.lto_priv.105
                0x0000000000017657       0x81 /tmp/ccLrKB8o.ltrans29.ltrans.o
                0x0000000000017657                InternalMemEncryptSevStatus.lto_priv.105
 .text.BdsReadKeys.part.0.lto_priv.124
                0x00000000000176d8       0x36 /tmp/ccLrKB8o.ltrans29.ltrans.o
                0x00000000000176d8                BdsReadKeys.part.0.lto_priv.124
 .text.BasePrintLibSPrint.constprop.90
                0x000000000001770e       0x29 /tmp/ccLrKB8o.ltrans30.ltrans.o
                0x000000000001770e                BasePrintLibSPrint.constprop.90
 *fill*         0x0000000000017737        0x9 
 .text          0x0000000000017740      0x116 /home/hcj/UEFIWorkspace/Build/OvmfX64/DEBUG_GCC5/X64/MdePkg/Library/BaseIoLibIntrinsic/BaseIoLibIntrinsicSev/OUTPUT/BaseIoLibIntrinsicSev.lib(IoFifoSev.obj)
                0x0000000000017740                SevNoRepIo
                0x0000000000017780                IoReadFifo8
                0x00000000000177a2                IoReadFifo16
                0x00000000000177c8                IoReadFifo32
                0x00000000000177eb                IoWriteFifo8
                0x000000000001780d                IoWriteFifo16
                0x0000000000017833                IoWriteFifo32
 *fill*         0x0000000000017856        0xa 
 .text          0x0000000000017860       0x16 /home/hcj/UEFIWorkspace/Build/OvmfX64/DEBUG_GCC5/X64/MdePkg/Library/BaseMemoryLibRepStr/BaseMemoryLibRepStr/OUTPUT/BaseMemoryLibRepStr.lib(ScanMem8.obj)
                0x0000000000017860                InternalMemScanMem8
 *fill*         0x0000000000017876        0xa 
 .text          0x0000000000017880       0x1d /home/hcj/UEFIWorkspace/Build/OvmfX64/DEBUG_GCC5/X64/MdePkg/Library/BaseMemoryLibRepStr/BaseMemoryLibRepStr/OUTPUT/BaseMemoryLibRepStr.lib(CompareMem.obj)
                0x0000000000017880                InternalMemCompareMem
 *fill*         0x000000000001789d        0x3 
 .text          0x00000000000178a0       0x1d /home/hcj/UEFIWorkspace/Build/OvmfX64/DEBUG_GCC5/X64/MdePkg/Library/BaseMemoryLibRepStr/BaseMemoryLibRepStr/OUTPUT/BaseMemoryLibRepStr.lib(ZeroMem.obj)
                0x00000000000178a0                InternalMemZeroMem
 *fill*         0x00000000000178bd        0x3 
 .text          0x00000000000178c0       0x11 /home/hcj/UEFIWorkspace/Build/OvmfX64/DEBUG_GCC5/X64/MdePkg/Library/BaseMemoryLibRepStr/BaseMemoryLibRepStr/OUTPUT/BaseMemoryLibRepStr.lib(SetMem.obj)
                0x00000000000178c0                InternalMemSetMem
 *fill*         0x00000000000178d1        0xf 
 .text          0x00000000000178e0       0x3c /home/hcj/UEFIWorkspace/Build/OvmfX64/DEBUG_GCC5/X64/MdePkg/Library/BaseMemoryLibRepStr/BaseMemoryLibRepStr/OUTPUT/BaseMemoryLibRepStr.lib(CopyMem.obj)
                0x00000000000178e0                InternalMemCopyMem
 *fill*         0x000000000001791c        0x4 
 .text          0x0000000000017920       0x27 /home/hcj/UEFIWorkspace/Build/OvmfX64/DEBUG_GCC5/X64/MdePkg/Library/BaseLib/BaseLib/OUTPUT/BaseLib.lib(CpuId.obj)
                0x0000000000017920                AsmCpuid
 *fill*         0x0000000000017947        0x9 
 .text          0x0000000000017950       0x68 /home/hcj/UEFIWorkspace/Build/OvmfX64/DEBUG_GCC5/X64/OvmfPkg/Library/LoadLinuxLib/LoadLinuxLib/OUTPUT/LoadLinuxLib.lib(JumpToKernel.obj)
                0x0000000000017950                JumpToKernel
                0x0000000000017997                JumpToUefiKernel
 *(.rodata .rodata.* .gnu.linkonce.r.*)
 .rodata.str1.1
                0x00000000000179b8      0x66f /tmp/ccLrKB8o.ltrans0.ltrans.o
                                        0x68b (size before relaxing)
 *fill*         0x0000000000018027        0x1 
 .rodata.str2.2
                0x0000000000018028       0x4e /tmp/ccLrKB8o.ltrans0.ltrans.o
 *fill*         0x0000000000018076        0x2 
 .rodata.PlatformBootManagerAfterConsole
                0x0000000000018078       0x24 /tmp/ccLrKB8o.ltrans0.ltrans.o
 *fill*         0x000000000001809c        0x4 
 .rodata.__FUNCTION__.20858
                0x00000000000180a0       0x16 /tmp/ccLrKB8o.ltrans0.ltrans.o
 *fill*         0x00000000000180b6        0xa 
 .rodata.__FUNCTION__.7400
                0x00000000000180c0       0x14 /tmp/ccLrKB8o.ltrans0.ltrans.o
 *fill*         0x00000000000180d4        0xc 
 .rodata.mKernelDevicePath
                0x00000000000180e0       0x2a /tmp/ccLrKB8o.ltrans0.ltrans.o
 *fill*         0x000000000001810a        0x6 
 .rodata.__FUNCTION__.14707
                0x0000000000018110       0x15 /tmp/ccLrKB8o.ltrans0.ltrans.o
 *fill*         0x0000000000018125        0xb 
 .rodata.__FUNCTION__.20691
                0x0000000000018130       0x19 /tmp/ccLrKB8o.ltrans0.ltrans.o
 *fill*         0x0000000000018149       0x17 
 .rodata.__FUNCTION__.15271
                0x0000000000018160       0x21 /tmp/ccLrKB8o.ltrans0.ltrans.o
 .rodata.str1.1
                0x0000000000018181      0x5b6 /tmp/ccLrKB8o.ltrans1.ltrans.o
                                        0x657 (size before relaxing)
 *fill*         0x0000000000018737        0x1 
 .rodata.str2.2
                0x0000000000018738      0x1ce /tmp/ccLrKB8o.ltrans1.ltrans.o
                                        0x1ec (size before relaxing)
 .rodata._gPcd_FixedAtBuild_PcdUefiVariableDefaultPlatformLang
                0x0000000000018906        0x6 /tmp/ccLrKB8o.ltrans1.ltrans.o
 .rodata._gPcd_FixedAtBuild_PcdUefiVariableDefaultLang
                0x000000000001890c        0x4 /tmp/ccLrKB8o.ltrans1.ltrans.o
 .rodata._gPcd_FixedAtBuild_PcdUefiVariableDefaultPlatformLangCodes
                0x0000000000018910       0x12 /tmp/ccLrKB8o.ltrans1.ltrans.o
 *fill*         0x0000000000018922        0x6 
 .rodata._gPcd_FixedAtBuild_PcdUefiVariableDefaultLangCodes
                0x0000000000018928        0xd /tmp/ccLrKB8o.ltrans1.ltrans.o
 .rodata.Info.20894
                0x0000000000018935        0x4 /tmp/ccLrKB8o.ltrans1.ltrans.o
 *fill*         0x0000000000018939        0x7 
 .rodata.__FUNCTION__.20720
                0x0000000000018940       0x21 /tmp/ccLrKB8o.ltrans1.ltrans.o
 *fill*         0x0000000000018961        0x7 
 .rodata._gPcd_FixedAtBuild_PcdFirmwareVendor
                0x0000000000018968        0xe /tmp/ccLrKB8o.ltrans1.ltrans.o
 .rodata.str1.1
                0x0000000000018976      0x66c /tmp/ccLrKB8o.ltrans2.ltrans.o
                                        0x698 (size before relaxing)
 *fill*         0x0000000000018fe2        0x6 
 .rodata.__FUNCTION__.2541
                0x0000000000018fe8        0x8 /tmp/ccLrKB8o.ltrans2.ltrans.o
 .rodata.__FUNCTION__.2820
                0x0000000000018ff0       0x16 /tmp/ccLrKB8o.ltrans2.ltrans.o
 *fill*         0x0000000000019006        0xa 
 .rodata.mHexStr
                0x0000000000019010       0x10 /tmp/ccLrKB8o.ltrans2.ltrans.o
 .rodata.str1.1
                0x0000000000019020      0x3c2 /tmp/ccLrKB8o.ltrans3.ltrans.o
                                        0x426 (size before relaxing)
 .rodata.str2.2
                0x00000000000193e2       0x28 /tmp/ccLrKB8o.ltrans3.ltrans.o
 .rodata.str2.2
                0x00000000000193e2       0xee /tmp/ccLrKB8o.ltrans4.ltrans.o
                                        0x100 (size before relaxing)
 .rodata.str1.1
                0x00000000000194d0      0x3a2 /tmp/ccLrKB8o.ltrans4.ltrans.o
                                        0x3bf (size before relaxing)
 *fill*         0x0000000000019872        0xe 
 .rodata.__FUNCTION__.15259
                0x0000000000019880       0x11 /tmp/ccLrKB8o.ltrans4.ltrans.o
 *fill*         0x0000000000019891        0xf 
 .rodata.__FUNCTION__.9758
                0x00000000000198a0       0x16 /tmp/ccLrKB8o.ltrans4.ltrans.o
 .rodata.str1.1
                0x00000000000198b6      0x174 /tmp/ccLrKB8o.ltrans5.ltrans.o
                                        0x18e (size before relaxing)
 .rodata.str2.2
                0x0000000000019a2a        0xe /tmp/ccLrKB8o.ltrans5.ltrans.o
 .rodata.str1.1
                0x0000000000019a38       0x19 /tmp/ccLrKB8o.ltrans6.ltrans.o
                                         0xaf (size before relaxing)
 *fill*         0x0000000000019a51        0x1 
 .rodata.str2.2
                0x0000000000019a52        0xa /tmp/ccLrKB8o.ltrans6.ltrans.o
 .rodata.str1.1
                0x0000000000019a5c      0x412 /tmp/ccLrKB8o.ltrans7.ltrans.o
                                        0x4c6 (size before relaxing)
 *fill*         0x0000000000019e6e        0x2 
 .rodata.__FUNCTION__.10153
                0x0000000000019e70       0x11 /tmp/ccLrKB8o.ltrans7.ltrans.o
 *fill*         0x0000000000019e81        0x3 
 .rodata.BmGenerateKeyShiftState
                0x0000000000019e84       0x14 /tmp/ccLrKB8o.ltrans8.ltrans.o
 .rodata.str1.1
                0x0000000000019e98      0x248 /tmp/ccLrKB8o.ltrans8.ltrans.o
                                        0x337 (size before relaxing)
 .rodata.str2.2
                0x000000000001a0e0       0x60 /tmp/ccLrKB8o.ltrans8.ltrans.o
                                         0x84 (size before relaxing)
 .rodata.str1.1
                0x000000000001a140      0x240 /tmp/ccLrKB8o.ltrans9.ltrans.o
                                        0x31f (size before relaxing)
 .rodata.str2.2
                0x000000000001a380       0x2c /tmp/ccLrKB8o.ltrans9.ltrans.o
                                         0x52 (size before relaxing)
 .rodata.str1.1
                0x000000000001a3ac      0x459 /tmp/ccLrKB8o.ltrans10.ltrans.o
                                        0x54f (size before relaxing)
 *fill*         0x000000000001a805        0xb 
 .rodata.__FUNCTION__.9130
                0x000000000001a810       0x18 /tmp/ccLrKB8o.ltrans10.ltrans.o
 *fill*         0x000000000001a828        0x8 
 .rodata.__FUNCTION__.8778
                0x000000000001a830       0x14 /tmp/ccLrKB8o.ltrans10.ltrans.o
 .rodata._gUefiDriverRevision
                0x000000000001a844        0x4 /tmp/ccLrKB8o.ltrans10.ltrans.o
                0x000000000001a844                _gPcd_FixedAtBuild_PcdMaximumLinkedListLength
                0x000000000001a844                _gPcd_FixedAtBuild_PcdMaximumDevicePathNodeCount
                0x000000000001a844                _gUefiDriverRevision
                0x000000000001a844                _gPcd_FixedAtBuild_PcdControlFlowEnforcementPropertyMask
                0x000000000001a844                _gPcd_FixedAtBuild_PcdMaxRepairCount
 .rodata.str1.1
                0x000000000001a848       0xf9 /tmp/ccLrKB8o.ltrans11.ltrans.o
                                        0x196 (size before relaxing)
 *fill*         0x000000000001a941        0x1 
 .rodata.str2.2
                0x000000000001a942       0x3a /tmp/ccLrKB8o.ltrans11.ltrans.o
                                         0x8e (size before relaxing)
 *fill*         0x000000000001a97c        0x4 
 .rodata.__FUNCTION__.18980
                0x000000000001a980       0x11 /tmp/ccLrKB8o.ltrans11.ltrans.o
 .rodata.str1.1
                0x000000000001a991       0x86 /tmp/ccLrKB8o.ltrans12.ltrans.o
                                        0x187 (size before relaxing)
 *fill*         0x000000000001aa17        0x1 
 .rodata.str2.2
                0x000000000001aa18       0xe4 /tmp/ccLrKB8o.ltrans12.ltrans.o
 .rodata.str1.1
                0x000000000001aafc      0x158 /tmp/ccLrKB8o.ltrans13.ltrans.o
                                        0x1b3 (size before relaxing)
 .rodata.str2.2
                0x000000000001ac54       0x14 /tmp/ccLrKB8o.ltrans13.ltrans.o
 *fill*         0x000000000001ac68        0x8 
 .rodata.__FUNCTION__.10181
                0x000000000001ac70       0x17 /tmp/ccLrKB8o.ltrans13.ltrans.o
 .rodata.__FUNCTION__.10205
                0x000000000001ac87        0x6 /tmp/ccLrKB8o.ltrans13.ltrans.o
 *fill*         0x000000000001ac8d        0x3 
 .rodata.__FUNCTION__.10220
                0x000000000001ac90       0x12 /tmp/ccLrKB8o.ltrans13.ltrans.o
 *fill*         0x000000000001aca2        0xe 
 .rodata.__FUNCTION__.10250
                0x000000000001acb0       0x15 /tmp/ccLrKB8o.ltrans13.ltrans.o
 .rodata.str1.1
                0x000000000001acc5      0x314 /tmp/ccLrKB8o.ltrans14.ltrans.o
                                        0x390 (size before relaxing)
 *fill*         0x000000000001afd9        0x7 
 .rodata.mWarningString
                0x000000000001afe0       0x96 /tmp/ccLrKB8o.ltrans14.ltrans.o
 *fill*         0x000000000001b076        0xa 
 .rodata.mErrorString
                0x000000000001b080      0x2b5 /tmp/ccLrKB8o.ltrans14.ltrans.o
 *fill*         0x000000000001b335        0x3 
 .rodata._gPcd_FixedAtBuild_PcdMaximumUnicodeStringLength
                0x000000000001b338        0x4 /tmp/ccLrKB8o.ltrans14.ltrans.o
                0x000000000001b338                _gPcd_FixedAtBuild_PcdMaximumAsciiStringLength
                0x000000000001b338                _gPcd_FixedAtBuild_PcdMaximumUnicodeStringLength
 .rodata.str1.1
                0x000000000001b33c      0x1f5 /tmp/ccLrKB8o.ltrans15.ltrans.o
                                        0x450 (size before relaxing)
 *fill*         0x000000000001b531        0x1 
 .rodata.str2.2
                0x000000000001b532       0x56 /tmp/ccLrKB8o.ltrans15.ltrans.o
                                         0x96 (size before relaxing)
 .rodata._gDriverUnloadImageCount
                0x000000000001b588        0x1 /tmp/ccLrKB8o.ltrans15.ltrans.o
                0x000000000001b588                _gPcd_FixedAtBuild_PcdConInConnectOnDemand
                0x000000000001b588                _gPcd_FixedAtBuild_PcdVerifyNodeInList
                0x000000000001b588                _gDriverUnloadImageCount
                0x000000000001b588                _gPcd_FixedAtBuild_PcdPerformanceLibraryPropertyMask
                0x000000000001b588                _gPcd_FixedAtBuild_PcdValidateOrderedCollection
                0x000000000001b588                _gPcd_FixedAtBuild_PcdCapsuleOnDiskSupport
                0x000000000001b588                _gPcd_FixedAtBuild_PcdUefiVariableDefaultLangDeprecate
                0x000000000001b588                _gPcd_FixedAtBuild_PcdResetOnMemoryTypeInformationChange
                0x000000000001b588                _gPcd_FixedAtBuild_PcdQemuBootOrderMmioTranslation
 .rodata._gPcd_FixedAtBuild_PcdQemuBootOrderPciTranslation
                0x000000000001b589        0x1 /tmp/ccLrKB8o.ltrans15.ltrans.o
                0x000000000001b589                _gPcd_FixedAtBuild_PcdQemuBootOrderPciTranslation
                0x000000000001b589                _gPcd_FixedAtBuild_PcdUgaConsumeSupport
                0x000000000001b589                _gPcd_FixedAtBuild_PcdPlatformRecoverySupport
 *fill*         0x000000000001b58a        0x6 
 .rodata._gPcd_FixedAtBuild_PcdBootManagerMenuFile
                0x000000000001b590       0x10 /tmp/ccLrKB8o.ltrans15.ltrans.o
                0x000000000001b590                _gPcd_FixedAtBuild_PcdBootManagerMenuFile
 .rodata.str1.1
                0x000000000001b5a0      0x2ec /tmp/ccLrKB8o.ltrans16.ltrans.o
                                        0x3c6 (size before relaxing)
 *fill*         0x000000000001b88c        0x4 
 .rodata.__FUNCTION__.1485
                0x000000000001b890       0x15 /tmp/ccLrKB8o.ltrans16.ltrans.o
 *fill*         0x000000000001b8a5        0xb 
 .rodata.__FUNCTION__.8795
                0x000000000001b8b0       0x1a /tmp/ccLrKB8o.ltrans16.ltrans.o
 *fill*         0x000000000001b8ca        0x6 
 .rodata.__FUNCTION__.8814
                0x000000000001b8d0       0x16 /tmp/ccLrKB8o.ltrans16.ltrans.o
 *fill*         0x000000000001b8e6        0xa 
 .rodata.__FUNCTION__.8802
                0x000000000001b8f0       0x19 /tmp/ccLrKB8o.ltrans16.ltrans.o
 *fill*         0x000000000001b909        0x7 
 .rodata.__FUNCTION__.8819
                0x000000000001b910       0x18 /tmp/ccLrKB8o.ltrans16.ltrans.o
 .rodata.str2.2
                0x000000000001b928        0x8 /tmp/ccLrKB8o.ltrans17.ltrans.o
                                         0x16 (size before relaxing)
 .rodata.str1.1
                0x000000000001b930      0x133 /tmp/ccLrKB8o.ltrans17.ltrans.o
                                        0x270 (size before relaxing)
 .rodata.str1.1
                0x000000000001ba63      0x205 /tmp/ccLrKB8o.ltrans18.ltrans.o
                                        0x398 (size before relaxing)
 .rodata.mUefiDevicePathLibEndDevicePath
                0x000000000001bc68        0x4 /tmp/ccLrKB8o.ltrans18.ltrans.o
 .rodata.str2.2
                0x000000000001bc6c       0xc8 /tmp/ccLrKB8o.ltrans19.ltrans.o
                                         0xe8 (size before relaxing)
 .rodata.str1.1
                0x000000000001bd34      0x104 /tmp/ccLrKB8o.ltrans19.ltrans.o
                                        0x486 (size before relaxing)
 .rodata.__FUNCTION__.2518
                0x000000000001be38        0x8 /tmp/ccLrKB8o.ltrans19.ltrans.o
 .rodata.str1.1
                0x000000000001be40      0x229 /tmp/ccLrKB8o.ltrans20.ltrans.o
                                        0x271 (size before relaxing)
 *fill*         0x000000000001c069        0x3 
 .rodata.LoadLinux.part.2.lto_priv.99
                0x000000000001c06c       0x38 /tmp/ccLrKB8o.ltrans20.ltrans.o
 *fill*         0x000000000001c0a4       0x1c 
 .rodata.__FUNCTION__.8366
                0x000000000001c0c0       0x2a /tmp/ccLrKB8o.ltrans20.ltrans.o
 .rodata.str1.1
                0x000000000001c0ea      0x1b5 /tmp/ccLrKB8o.ltrans21.ltrans.o
                                        0x31f (size before relaxing)
 *fill*         0x000000000001c29f        0x1 
 .rodata.str2.2
                0x000000000001c2a0       0x30 /tmp/ccLrKB8o.ltrans21.ltrans.o
 .rodata.PciHostIrqs
                0x000000000001c2d0        0x4 /tmp/ccLrKB8o.ltrans21.ltrans.o
 *fill*         0x000000000001c2d4        0x4 
 .rodata.__FUNCTION__.20837
                0x000000000001c2d8        0xe /tmp/ccLrKB8o.ltrans21.ltrans.o
 .rodata.str1.1
                0x000000000001c2e6       0x75 /tmp/ccLrKB8o.ltrans22.ltrans.o
                                        0x197 (size before relaxing)
 *fill*         0x000000000001c35b        0x1 
 .rodata.str2.2
                0x000000000001c35c       0x38 /tmp/ccLrKB8o.ltrans22.ltrans.o
                                         0x8c (size before relaxing)
 .rodata.str1.1
                0x000000000001c394      0x3cc /tmp/ccLrKB8o.ltrans23.ltrans.o
                                        0x42b (size before relaxing)
 .rodata.str1.1
                0x000000000001c760       0x7f /tmp/ccLrKB8o.ltrans24.ltrans.o
                                        0x119 (size before relaxing)
 *fill*         0x000000000001c7df        0x1 
 .rodata.__FUNCTION__.20740
                0x000000000001c7e0       0x14 /tmp/ccLrKB8o.ltrans24.ltrans.o
 .rodata.str2.2
                0x000000000001c7f4        0xe /tmp/ccLrKB8o.ltrans25.ltrans.o
 .rodata.str1.1
                0x000000000001c7f4       0x9b /tmp/ccLrKB8o.ltrans25.ltrans.o
                                        0x10c (size before relaxing)
 *fill*         0x000000000001c88f        0x1 
 .rodata.__FUNCTION__.10087
                0x000000000001c890        0xd /tmp/ccLrKB8o.ltrans25.ltrans.o
 .rodata.str1.1
                0x000000000001c89d       0x9a /tmp/ccLrKB8o.ltrans26.ltrans.o
                                        0x138 (size before relaxing)
 *fill*         0x000000000001c937        0x9 
 .rodata.__FUNCTION__.18834
                0x000000000001c940       0x17 /tmp/ccLrKB8o.ltrans26.ltrans.o
 *fill*         0x000000000001c957        0x1 
 .rodata.str2.2
                0x000000000001c958       0xb2 /tmp/ccLrKB8o.ltrans26.ltrans.o
 *fill*         0x000000000001ca0a        0x6 
 .rodata._gPcd_FixedAtBuild_PcdDriverHealthConfigureForm
                0x000000000001ca10       0x10 /tmp/ccLrKB8o.ltrans26.ltrans.o
 .rodata.str2.2
                0x000000000001ca20       0x24 /tmp/ccLrKB8o.ltrans27.ltrans.o
 .rodata.str1.1
                0x000000000001ca44       0xa4 /tmp/ccLrKB8o.ltrans27.ltrans.o
                                        0x155 (size before relaxing)
 .rodata.str1.1
                0x000000000001cae8       0xef /tmp/ccLrKB8o.ltrans28.ltrans.o
                                        0x1c3 (size before relaxing)
 *(.got .got.*)
 .got           0x000000000001cbd7        0x0 HwErrRecSupport.obj (symbol from plugin)
 .got.plt       0x000000000001cbd7        0x0 HwErrRecSupport.obj (symbol from plugin)
 *:AutoGen.obj(.data.g*Guid)

.plt            0x000000000001cbe0        0x0
 .plt           0x000000000001cbe0        0x0 HwErrRecSupport.obj (symbol from plugin)

.plt.got        0x000000000001cbd8        0x0
 .plt.got       0x000000000001cbd8        0x0 HwErrRecSupport.obj (symbol from plugin)

.data           0x000000000001cc00      0x9a8
 *(.data .data.* .gnu.linkonce.d.*)
 .data.gEdkiiBootLogo2ProtocolGuid
                0x000000000001cc00       0x10 /tmp/ccLrKB8o.ltrans0.ltrans.o
 .data.gEfiBootLogoProtocolGuid
                0x000000000001cc10       0x10 /tmp/ccLrKB8o.ltrans0.ltrans.o
                0x000000000001cc10                gEfiBootLogoProtocolGuid
 .data.gEdkiiPlatformLogoProtocolGuid
                0x000000000001cc20       0x10 /tmp/ccLrKB8o.ltrans0.ltrans.o
 .data.gOvmfLoadedX86LinuxKernelProtocolGuid
                0x000000000001cc30       0x10 /tmp/ccLrKB8o.ltrans0.ltrans.o
 .data.gEfiLoadFileProtocolGuid
                0x000000000001cc40       0x10 /tmp/ccLrKB8o.ltrans0.ltrans.o
                0x000000000001cc40                gEfiLoadFileProtocolGuid
 .data.gEfiSimpleFileSystemProtocolGuid
                0x000000000001cc50       0x10 /tmp/ccLrKB8o.ltrans0.ltrans.o
                0x000000000001cc50                gEfiSimpleFileSystemProtocolGuid
 .data.gEfiBlockIoProtocolGuid
                0x000000000001cc60       0x10 /tmp/ccLrKB8o.ltrans0.ltrans.o
                0x000000000001cc60                gEfiBlockIoProtocolGuid
 .data.gEdkiiPlatformBootManagerProtocolGuid
                0x000000000001cc70       0x10 /tmp/ccLrKB8o.ltrans0.ltrans.o
 .data.mBmAutoCreateBootOptionGuid
                0x000000000001cc80       0x10 /tmp/ccLrKB8o.ltrans0.ltrans.o
                0x000000000001cc80                mBmAutoCreateBootOptionGuid
 .data.gEfiLoadedImageProtocolGuid
                0x000000000001cc90       0x10 /tmp/ccLrKB8o.ltrans0.ltrans.o
                0x000000000001cc90                gEfiLoadedImageProtocolGuid
 .data.gEfiRscHandlerProtocolGuid
                0x000000000001cca0       0x10 /tmp/ccLrKB8o.ltrans0.ltrans.o
 .data.gUefiShellFileGuid
                0x000000000001ccb0       0x10 /tmp/ccLrKB8o.ltrans0.ltrans.o
 .data.gQemuRamfbDevicePath
                0x000000000001ccc0       0x20 /tmp/ccLrKB8o.ltrans1.ltrans.o
 .data.gUsbKeyboardDevicePath
                0x000000000001cce0        0xf /tmp/ccLrKB8o.ltrans1.ltrans.o
 *fill*         0x000000000001ccef       0x11 
 .data.gDebugAgentUartDevicePath
                0x000000000001cd00       0x3f /tmp/ccLrKB8o.ltrans1.ltrans.o
 *fill*         0x000000000001cd3f        0x1 
 .data.gXenConsoleDevicePath
                0x000000000001cd40       0x3f /tmp/ccLrKB8o.ltrans1.ltrans.o
 *fill*         0x000000000001cd7f        0x1 
 .data.gEfiS3SaveStateProtocolGuid
                0x000000000001cd80       0x10 /tmp/ccLrKB8o.ltrans1.ltrans.o
 .data.gEfiDeferredImageLoadProtocolGuid
                0x000000000001cd90       0x10 /tmp/ccLrKB8o.ltrans1.ltrans.o
                0x000000000001cd90                gEfiDeferredImageLoadProtocolGuid
 .data.rel.local.gPlatformConsole
                0x000000000001cda0       0x40 /tmp/ccLrKB8o.ltrans1.ltrans.o
 .data.rel.local.gXenPlatformConsole
                0x000000000001cde0       0x20 /tmp/ccLrKB8o.ltrans1.ltrans.o
 .data.gEfiDxeSmmReadyToLockProtocolGuid
                0x000000000001ce00       0x10 /tmp/ccLrKB8o.ltrans1.ltrans.o
 .data.gEfiEndOfDxeEventGroupGuid
                0x000000000001ce10       0x10 /tmp/ccLrKB8o.ltrans1.ltrans.o
 .data.gRootBridgesConnectedEventGroupGuid
                0x000000000001ce20       0x10 /tmp/ccLrKB8o.ltrans1.ltrans.o
 .data.gConnectConInEventGuid
                0x000000000001ce30       0x10 /tmp/ccLrKB8o.ltrans1.ltrans.o
 .data.rel.ro.local.mReadOnlyVariables
                0x000000000001ce40       0x28 /tmp/ccLrKB8o.ltrans1.ltrans.o
 *fill*         0x000000000001ce68        0x8 
 .data.gEdkiiVariablePolicyProtocolGuid
                0x000000000001ce70       0x10 /tmp/ccLrKB8o.ltrans1.ltrans.o
 .data.gEfiHobListGuid
                0x000000000001ce80       0x10 /tmp/ccLrKB8o.ltrans3.ltrans.o
 .data.gEfiStatusCodeRuntimeProtocolGuid
                0x000000000001ce90       0x10 /tmp/ccLrKB8o.ltrans3.ltrans.o
 .data.gEdkiiStatusCodeDataTypeVariableGuid
                0x000000000001cea0       0x10 /tmp/ccLrKB8o.ltrans3.ltrans.o
 .data.gEfiSimpleTextInProtocolGuid
                0x000000000001ceb0       0x10 /tmp/ccLrKB8o.ltrans3.ltrans.o
 .data.gEfiXenInfoGuid
                0x000000000001cec0       0x10 /tmp/ccLrKB8o.ltrans4.ltrans.o
 .data.gEfiPciRootBridgeIoProtocolGuid
                0x000000000001ced0       0x10 /tmp/ccLrKB8o.ltrans4.ltrans.o
                0x000000000001ced0                gEfiPciRootBridgeIoProtocolGuid
 .data.mBmHardDriveBootVariableGuid
                0x000000000001cee0       0x10 /tmp/ccLrKB8o.ltrans6.ltrans.o
 .data.gVirtioMmioTransportGuid
                0x000000000001cef0       0x10 /tmp/ccLrKB8o.ltrans7.ltrans.o
                0x000000000001cef0                gVirtioMmioTransportGuid
 .data.gEfiSimpleTextInputExProtocolGuid
                0x000000000001cf00       0x10 /tmp/ccLrKB8o.ltrans8.ltrans.o
                0x000000000001cf00                gEfiSimpleTextInputExProtocolGuid
 .data.rel.local.mBmHotkeyList
                0x000000000001cf10       0x10 /tmp/ccLrKB8o.ltrans8.ltrans.o
                0x000000000001cf10                mBmHotkeyList
 .data.gEfiComponentNameProtocolGuid
                0x000000000001cf20       0x10 /tmp/ccLrKB8o.ltrans8.ltrans.o
 .data.gEfiComponentName2ProtocolGuid
                0x000000000001cf30       0x10 /tmp/ccLrKB8o.ltrans8.ltrans.o
 .data.gEfiMemoryTypeInformationGuid
                0x000000000001cf40       0x10 /tmp/ccLrKB8o.ltrans9.ltrans.o
 .data.rel.local.gBds
                0x000000000001cf50        0x8 /tmp/ccLrKB8o.ltrans10.ltrans.o
 *fill*         0x000000000001cf58        0x8 
 .data.gEfiBdsArchProtocolGuid
                0x000000000001cf60       0x10 /tmp/ccLrKB8o.ltrans10.ltrans.o
 .data.gEfiDevicePathUtilitiesProtocolGuid
                0x000000000001cf70       0x10 /tmp/ccLrKB8o.ltrans10.ltrans.o
 .data.gEfiHiiImageProtocolGuid
                0x000000000001cf80       0x10 /tmp/ccLrKB8o.ltrans10.ltrans.o
 .data.gEfiHiiConfigRoutingProtocolGuid
                0x000000000001cf90       0x10 /tmp/ccLrKB8o.ltrans10.ltrans.o
 .data.gEfiHiiDatabaseProtocolGuid
                0x000000000001cfa0       0x10 /tmp/ccLrKB8o.ltrans10.ltrans.o
 .data.gEfiHiiStringProtocolGuid
                0x000000000001cfb0       0x10 /tmp/ccLrKB8o.ltrans10.ltrans.o
 .data.gEfiDxeServicesTableGuid
                0x000000000001cfc0       0x10 /tmp/ccLrKB8o.ltrans10.ltrans.o
 .data.gEdkiiIoMmuProtocolGuid
                0x000000000001cfd0       0x10 /tmp/ccLrKB8o.ltrans10.ltrans.o
 .data.rel.ro.local.mConVarName
                0x000000000001cfe0       0x30 /tmp/ccLrKB8o.ltrans11.ltrans.o
                0x000000000001cfe0                mConVarName
 .data.gEfiRamDiskProtocolGuid
                0x000000000001d010       0x10 /tmp/ccLrKB8o.ltrans11.ltrans.o
 .data.gEfiDiskInfoSdMmcInterfaceGuid
                0x000000000001d020       0x10 /tmp/ccLrKB8o.ltrans12.ltrans.o
 .data.gEfiDiskInfoScsiInterfaceGuid
                0x000000000001d030       0x10 /tmp/ccLrKB8o.ltrans12.ltrans.o
 .data.gEfiDiskInfoIdeInterfaceGuid
                0x000000000001d040       0x10 /tmp/ccLrKB8o.ltrans12.ltrans.o
 .data.gEfiDiskInfoAhciInterfaceGuid
                0x000000000001d050       0x10 /tmp/ccLrKB8o.ltrans12.ltrans.o
 .data.gEfiDiskInfoProtocolGuid
                0x000000000001d060       0x10 /tmp/ccLrKB8o.ltrans12.ltrans.o
 .data.gEfiUsbIoProtocolGuid
                0x000000000001d070       0x10 /tmp/ccLrKB8o.ltrans12.ltrans.o
                0x000000000001d070                gEfiUsbIoProtocolGuid
 .data.gEfiNvmExpressPassThruProtocolGuid
                0x000000000001d080       0x10 /tmp/ccLrKB8o.ltrans12.ltrans.o
 .data.gEfiDevicePathFromTextProtocolGuid
                0x000000000001d090       0x10 /tmp/ccLrKB8o.ltrans13.ltrans.o
 .data.ConvFallBack.10216
                0x000000000001d0a0       0x28 /tmp/ccLrKB8o.ltrans13.ltrans.o
 *fill*         0x000000000001d0c8        0x8 
 .data.gEfiDevicePathToTextProtocolGuid
                0x000000000001d0d0       0x10 /tmp/ccLrKB8o.ltrans14.ltrans.o
 .data.gEfiCallerIdGuid
                0x000000000001d0e0       0x10 /tmp/ccLrKB8o.ltrans14.ltrans.o
                0x000000000001d0e0                gEfiCallerIdGuid
 .data.gEfiStatusCodeSpecificDataGuid
                0x000000000001d0f0       0x10 /tmp/ccLrKB8o.ltrans14.ltrans.o
                0x000000000001d0f0                gEfiStatusCodeSpecificDataGuid
 .data.gEfiFirmwareVolume2ProtocolGuid
                0x000000000001d100       0x10 /tmp/ccLrKB8o.ltrans15.ltrans.o
                0x000000000001d100                gEfiFirmwareVolume2ProtocolGuid
 .data.gEfiGlobalVariableGuid
                0x000000000001d110       0x10 /tmp/ccLrKB8o.ltrans15.ltrans.o
                0x000000000001d110                gEfiGlobalVariableGuid
 .data.rel.ro.local.mBmLoadOptionOrderName
                0x000000000001d120       0x20 /tmp/ccLrKB8o.ltrans15.ltrans.o
                0x000000000001d120                mBmLoadOptionOrderName
 .data.mBmHotkeyLock
                0x000000000001d140       0x18 /tmp/ccLrKB8o.ltrans15.ltrans.o
                0x000000000001d140                mBmHotkeyLock
 *fill*         0x000000000001d158        0x8 
 .data.gEfiEventReadyToBootGuid
                0x000000000001d160       0x10 /tmp/ccLrKB8o.ltrans15.ltrans.o
                0x000000000001d160                gEfiEventReadyToBootGuid
 *fill*         0x000000000001d170       0x10 
 .data.mEfiColors
                0x000000000001d180       0x40 /tmp/ccLrKB8o.ltrans15.ltrans.o
 .data.gEfiHiiFontProtocolGuid
                0x000000000001d1c0       0x10 /tmp/ccLrKB8o.ltrans15.ltrans.o
                0x000000000001d1c0                gEfiHiiFontProtocolGuid
 .data.gEfiSimpleTextOutProtocolGuid
                0x000000000001d1d0       0x10 /tmp/ccLrKB8o.ltrans15.ltrans.o
                0x000000000001d1d0                gEfiSimpleTextOutProtocolGuid
 .data.gEfiUgaDrawProtocolGuid
                0x000000000001d1e0       0x10 /tmp/ccLrKB8o.ltrans15.ltrans.o
                0x000000000001d1e0                gEfiUgaDrawProtocolGuid
 .data.gEfiGraphicsOutputProtocolGuid
                0x000000000001d1f0       0x10 /tmp/ccLrKB8o.ltrans15.ltrans.o
                0x000000000001d1f0                gEfiGraphicsOutputProtocolGuid
 .data.mBmHotkeyBootOption
                0x000000000001d200       0x58 /tmp/ccLrKB8o.ltrans17.ltrans.o
                0x000000000001d200                mBmHotkeyBootOption
 *fill*         0x000000000001d258        0x8 
 .data.rel.local.mPlatformBootDescriptionHandlers
                0x000000000001d260       0x10 /tmp/ccLrKB8o.ltrans19.ltrans.o
 .data.mBmUefiPrefix
                0x000000000001d270        0xc /tmp/ccLrKB8o.ltrans19.ltrans.o
 *fill*         0x000000000001d27c        0x4 
 .data.rel.ro.local.mBmBootDescriptionHandlers
                0x000000000001d280       0x30 /tmp/ccLrKB8o.ltrans19.ltrans.o
 .data.gEdkiiVariableLockProtocolGuid
                0x000000000001d2b0       0x10 /tmp/ccLrKB8o.ltrans19.ltrans.o
 .data.GdtTemplate
                0x000000000001d2c0       0x38 /tmp/ccLrKB8o.ltrans20.ltrans.o
 *fill*         0x000000000001d2f8        0x8 
 .data.gTerminalTypeDeviceNode
                0x000000000001d300       0x14 /tmp/ccLrKB8o.ltrans21.ltrans.o
                0x000000000001d300                gTerminalTypeDeviceNode
 *fill*         0x000000000001d314        0xc 
 .data.gUartDeviceNode
                0x000000000001d320       0x13 /tmp/ccLrKB8o.ltrans21.ltrans.o
                0x000000000001d320                gUartDeviceNode
 *fill*         0x000000000001d333        0xd 
 .data.serialDevicePath
                0x000000000001d340       0x18 /tmp/ccLrKB8o.ltrans21.ltrans.o
 *fill*         0x000000000001d358        0x8 
 .data.Fallback.20844
                0x000000000001d360       0x28 /tmp/ccLrKB8o.ltrans21.ltrans.o
 *fill*         0x000000000001d388       0x18 
 .data.rel.ro.local.mBdsLoadOptionName
                0x000000000001d3a0       0x20 /tmp/ccLrKB8o.ltrans22.ltrans.o
                0x000000000001d3a0                mBdsLoadOptionName
                0x000000000001d3a0                mBmLoadOptionName
 .data.gEfiDevicePathProtocolGuid
                0x000000000001d3c0       0x10 /tmp/ccLrKB8o.ltrans22.ltrans.o
                0x000000000001d3c0                gEfiDevicePathProtocolGuid
 .data.gPcdProtocolGuid
                0x000000000001d3d0       0x10 /tmp/ccLrKB8o.ltrans23.ltrans.o
 .data.gEfiPciIoProtocolGuid
                0x000000000001d3e0       0x10 /tmp/ccLrKB8o.ltrans24.ltrans.o
                0x000000000001d3e0                gEfiPciIoProtocolGuid
 .data.gPnp16550ComPortDeviceNode
                0x000000000001d3f0        0xc /tmp/ccLrKB8o.ltrans24.ltrans.o
 *fill*         0x000000000001d3fc        0x4 
 .data.gPnpPs2KeyboardDeviceNode
                0x000000000001d400        0xc /tmp/ccLrKB8o.ltrans24.ltrans.o
 *fill*         0x000000000001d40c        0x4 
 .data.gEfiFileInfoGuid
                0x000000000001d410       0x10 /tmp/ccLrKB8o.ltrans25.ltrans.o
                0x000000000001d410                gEfiFileInfoGuid
 .data.gEfiDriverHealthProtocolGuid
                0x000000000001d420       0x10 /tmp/ccLrKB8o.ltrans26.ltrans.o
                0x000000000001d420                gEfiDriverHealthProtocolGuid
 *fill*         0x000000000001d430       0x10 
 .data.rel.ro.local.mBmHealthStatusText
                0x000000000001d440       0x30 /tmp/ccLrKB8o.ltrans26.ltrans.o
 .data.gEfiFormBrowser2ProtocolGuid
                0x000000000001d470       0x10 /tmp/ccLrKB8o.ltrans26.ltrans.o
 .data.rel.ro   0x000000000001d480        0x0 HwErrRecSupport.obj (symbol from plugin)
 *(.bss .bss.*)
 .bss.mHostBridgeDevId
                0x000000000001d480        0x2 /tmp/ccLrKB8o.ltrans0.ltrans.o
                0x000000000001d480                mHostBridgeDevId
 *fill*         0x000000000001d482        0x6 
 .bss.gImageHandle
                0x000000000001d488        0x8 /tmp/ccLrKB8o.ltrans0.ltrans.o
                0x000000000001d488                gImageHandle
 .bss.mStartFail.lto_priv.113
                0x000000000001d490        0x4 /tmp/ccLrKB8o.ltrans0.ltrans.o
                0x000000000001d490                mStartFail.lto_priv.113
 .bss.mStartPrep.lto_priv.112
                0x000000000001d494        0x4 /tmp/ccLrKB8o.ltrans0.ltrans.o
                0x000000000001d494                mStartPrep.lto_priv.112
 .bss.mLoadFail.lto_priv.111
                0x000000000001d498        0x4 /tmp/ccLrKB8o.ltrans0.ltrans.o
                0x000000000001d498                mLoadFail.lto_priv.111
 .bss.mLoadPrep.lto_priv.110
                0x000000000001d49c        0x4 /tmp/ccLrKB8o.ltrans0.ltrans.o
                0x000000000001d49c                mLoadPrep.lto_priv.110
 .bss.gConnectConInEvent
                0x000000000001d4a0        0x8 /tmp/ccLrKB8o.ltrans1.ltrans.o
 .bss.mHobList  0x000000000001d4a8        0x8 /tmp/ccLrKB8o.ltrans3.ltrans.o
 .bss.XenInfo.8308
                0x000000000001d4b0        0x8 /tmp/ccLrKB8o.ltrans4.ltrans.o
 .bss.Cached.8307
                0x000000000001d4b8        0x1 /tmp/ccLrKB8o.ltrans4.ltrans.o
 *fill*         0x000000000001d4b9        0x7 
 .bss.mBmHotkeySupportCount
                0x000000000001d4c0        0x8 /tmp/ccLrKB8o.ltrans8.ltrans.o
                0x000000000001d4c0                mBmHotkeySupportCount
 .bss.mBmTxtInExRegistration
                0x000000000001d4c8        0x8 /tmp/ccLrKB8o.ltrans8.ltrans.o
                0x000000000001d4c8                mBmTxtInExRegistration
 .bss.mDevicePathLibDevicePathUtilities
                0x000000000001d4d0        0x8 /tmp/ccLrKB8o.ltrans10.ltrans.o
                0x000000000001d4d0                mDevicePathLibDevicePathUtilities
 .bss.gHiiImage
                0x000000000001d4d8        0x8 /tmp/ccLrKB8o.ltrans10.ltrans.o
 .bss.gHiiFont  0x000000000001d4e0        0x8 /tmp/ccLrKB8o.ltrans10.ltrans.o
 .bss.gHiiConfigRouting
                0x000000000001d4e8        0x8 /tmp/ccLrKB8o.ltrans10.ltrans.o
 .bss.gHiiDatabase
                0x000000000001d4f0        0x8 /tmp/ccLrKB8o.ltrans10.ltrans.o
                0x000000000001d4f0                gHiiDatabase
 .bss.gHiiString
                0x000000000001d4f8        0x8 /tmp/ccLrKB8o.ltrans10.ltrans.o
                0x000000000001d4f8                gHiiString
 .bss.gDS       0x000000000001d500        0x8 /tmp/ccLrKB8o.ltrans10.ltrans.o
                0x000000000001d500                gDS
 .bss.mSevStatus.lto_priv.117
                0x000000000001d508        0x1 /tmp/ccLrKB8o.ltrans10.ltrans.o
                0x000000000001d508                mSevStatus.lto_priv.117
 .bss.mSevStatusChecked.lto_priv.116
                0x000000000001d509        0x1 /tmp/ccLrKB8o.ltrans10.ltrans.o
                0x000000000001d509                mSevStatusChecked.lto_priv.116
 *fill*         0x000000000001d50a        0x6 
 .bss.mIoMmuProtocol.lto_priv.115
                0x000000000001d510        0x8 /tmp/ccLrKB8o.ltrans10.ltrans.o
                0x000000000001d510                mIoMmuProtocol.lto_priv.115
 .bss.mQemuFwCfgDmaSupported.lto_priv.118
                0x000000000001d518        0x1 /tmp/ccLrKB8o.ltrans10.ltrans.o
                0x000000000001d518                mQemuFwCfgDmaSupported.lto_priv.118
 .bss.mQemuFwCfgSupported.lto_priv.107
                0x000000000001d519        0x1 /tmp/ccLrKB8o.ltrans10.ltrans.o
                0x000000000001d519                mQemuFwCfgSupported.lto_priv.107
 *fill*         0x000000000001d51a        0x6 
 .bss.mRamDisk  0x000000000001d520        0x8 /tmp/ccLrKB8o.ltrans11.ltrans.o
 .bss.mDevicePathLibDevicePathFromText
                0x000000000001d528        0x8 /tmp/ccLrKB8o.ltrans13.ltrans.o
 .bss.mDevicePathLibDevicePathToText
                0x000000000001d530        0x8 /tmp/ccLrKB8o.ltrans14.ltrans.o
 .bss.mReportStatusCodeLibStatusCodeProtocol
                0x000000000001d538        0x8 /tmp/ccLrKB8o.ltrans14.ltrans.o
                0x000000000001d538                mReportStatusCodeLibStatusCodeProtocol
 .bss.gBS       0x000000000001d540        0x8 /tmp/ccLrKB8o.ltrans14.ltrans.o
                0x000000000001d540                gBS
 .bss.gRT       0x000000000001d548        0x8 /tmp/ccLrKB8o.ltrans15.ltrans.o
                0x000000000001d548                gRT
 .bss.gST       0x000000000001d550        0x8 /tmp/ccLrKB8o.ltrans15.ltrans.o
                0x000000000001d550                gST
 .bss.mBmHotkeyTriggered
                0x000000000001d558        0x8 /tmp/ccLrKB8o.ltrans17.ltrans.o
                0x000000000001d558                mBmHotkeyTriggered
 .bss.mDebugIoPortFound
                0x000000000001d560        0x1 /tmp/ccLrKB8o.ltrans18.ltrans.o
 .bss.mDebugIoPortChecked
                0x000000000001d561        0x1 /tmp/ccLrKB8o.ltrans18.ltrans.o
 *fill*         0x000000000001d562        0x6 
 .bss.mGdt      0x000000000001d568        0x8 /tmp/ccLrKB8o.ltrans20.ltrans.o
 .bss.mNvVarsFileLibFsHandle
                0x000000000001d570        0x8 /tmp/ccLrKB8o.ltrans21.ltrans.o
 .bss.mEmuVariableEventReg
                0x000000000001d578        0x8 /tmp/ccLrKB8o.ltrans21.ltrans.o
 .bss.ConnectedToFileSystem.20877
                0x000000000001d580        0x1 /tmp/ccLrKB8o.ltrans21.ltrans.o
 .bss.mRunningOnQ35.lto_priv.97
                0x000000000001d581        0x1 /tmp/ccLrKB8o.ltrans22.ltrans.o
                0x000000000001d581                mRunningOnQ35.lto_priv.97
 *fill*         0x000000000001d582        0x6 
 .bss.mEfiDevPathNotifyReg
                0x000000000001d588        0x8 /tmp/ccLrKB8o.ltrans22.ltrans.o
                0x000000000001d588                mEfiDevPathNotifyReg
 .bss.mBmContinueKeyOption
                0x000000000001d590        0x8 /tmp/ccLrKB8o.ltrans22.ltrans.o
                0x000000000001d590                mBmContinueKeyOption
 .bss.mBmHotkeyServiceStarted
                0x000000000001d598        0x1 /tmp/ccLrKB8o.ltrans22.ltrans.o
                0x000000000001d598                mBmHotkeyServiceStarted
 *fill*         0x000000000001d599        0x7 
 .bss.mPcd      0x000000000001d5a0        0x8 /tmp/ccLrKB8o.ltrans23.ltrans.o

.eh_frame       0x000000000001d5c0        0x0
 *(.eh_frame)
 .eh_frame      0x000000000001d5c0        0x0 HwErrRecSupport.obj (symbol from plugin)
 .eh_frame      0x000000000001d5c0        0x0 HwErrRecSupport.obj (symbol from plugin)

.dynbss         0x000000000001d5c0        0x0
 .dynbss        0x000000000001d5c0        0x0 HwErrRecSupport.obj (symbol from plugin)

.gnu.version_d  0x000000000001d5c0        0x0
 .gnu.version_d
                0x000000000001d5c0        0x0 HwErrRecSupport.obj (symbol from plugin)

.gnu.version    0x000000000001d5c0        0x0
 .gnu.version   0x000000000001d5c0        0x0 HwErrRecSupport.obj (symbol from plugin)

.gnu.version_r  0x000000000001d5c0        0x0
 .gnu.version_r
                0x000000000001d5c0        0x0 HwErrRecSupport.obj (symbol from plugin)

.rela           0x000000000001d5c0      0x3a8
 *(.rela .rela.*)
 .rela.plt      0x000000000001d5c0        0x0 HwErrRecSupport.obj (symbol from plugin)
 .rela.got      0x000000000001d5c0        0x0 HwErrRecSupport.obj (symbol from plugin)
 .rela.bss      0x000000000001d5c0        0x0 HwErrRecSupport.obj (symbol from plugin)
 .rela.data.rel.ro
                0x000000000001d5c0        0x0 HwErrRecSupport.obj (symbol from plugin)
 .rela.ifunc    0x000000000001d5c0        0x0 HwErrRecSupport.obj (symbol from plugin)
 .rela.data.rel.local.gPlatformConsole
                0x000000000001d5c0       0x48 HwErrRecSupport.obj (symbol from plugin)
 .rela.data.rel.local.gXenPlatformConsole
                0x000000000001d608       0x18 HwErrRecSupport.obj (symbol from plugin)
 .rela.data.rel.ro.local.mReadOnlyVariables
                0x000000000001d620       0x78 HwErrRecSupport.obj (symbol from plugin)
 .rela.data.rel.local.mBmHotkeyList
                0x000000000001d698       0x30 HwErrRecSupport.obj (symbol from plugin)
 .rela.data.rel.local.gBds
                0x000000000001d6c8       0x18 HwErrRecSupport.obj (symbol from plugin)
 .rela.data.rel.ro.local.mConVarName
                0x000000000001d6e0       0x90 HwErrRecSupport.obj (symbol from plugin)
 .rela.data.rel.ro.local.mBmLoadOptionOrderName
                0x000000000001d770       0x48 HwErrRecSupport.obj (symbol from plugin)
 .rela.data.rel.local.mPlatformBootDescriptionHandlers
                0x000000000001d7b8       0x30 HwErrRecSupport.obj (symbol from plugin)
 .rela.data.rel.ro.local.mBmBootDescriptionHandlers
                0x000000000001d7e8       0x90 HwErrRecSupport.obj (symbol from plugin)
 .rela.data.rel.ro.local.mBdsLoadOptionName
                0x000000000001d878       0x60 HwErrRecSupport.obj (symbol from plugin)
 .rela.data.rel.ro.local.mBmHealthStatusText
                0x000000000001d8d8       0x90 HwErrRecSupport.obj (symbol from plugin)

.hii
 *(.hii)

.build-id       0x000000000001d968       0x24
 *(.note.gnu.build-id)
 .note.gnu.build-id
                0x000000000001d968       0x24 HwErrRecSupport.obj (symbol from plugin)

/DISCARD/
 *(.note.GNU-stack)
 *(.gnu_debuglink)
 *(.interp)
 *(.dynsym)
 *(.dynstr)
 *(.dynamic)
 *(.hash .gnu.hash)
 *(.comment)
OUTPUT(/home/hcj/UEFIWorkspace/Build/OvmfX64/DEBUG_GCC5/X64/MdeModulePkg/Universal/BdsDxe/BdsDxe/DEBUG/BdsDxe.dll elf64-x86-64)

.debug_info     0x0000000000000000    0x44bcc
 .debug_info    0x0000000000000000     0x6044 /tmp/ccLrKB8o.ltrans0.ltrans.o
 .debug_info    0x0000000000006044     0x3ecf /tmp/ccLrKB8o.ltrans1.ltrans.o
 .debug_info    0x0000000000009f13     0x1a75 /tmp/ccLrKB8o.ltrans2.ltrans.o
 .debug_info    0x000000000000b988     0x3f0c /tmp/ccLrKB8o.ltrans3.ltrans.o