Archive member included to satisfy reference by file (symbol)

/home/hcj/UEFIWorkspace/Build/EmulatorX64/DEBUG_GCC5/X64/MdeModulePkg/Universal/DevicePathDxe/DevicePathDxe/OUTPUT/DevicePathDxe.lib(DevicePath.obj)
                              (--whole-archive)
/home/hcj/UEFIWorkspace/Build/EmulatorX64/DEBUG_GCC5/X64/MdeModulePkg/Universal/DevicePathDxe/DevicePathDxe/OUTPUT/DevicePathDxe.lib(AutoGen.obj)
                              (--whole-archive)
/home/hcj/UEFIWorkspace/Build/EmulatorX64/DEBUG_GCC5/X64/MdePkg/Library/BasePrintLib/BasePrintLib/OUTPUT/BasePrintLib.lib(PrintLibInternal.obj)
                              (--whole-archive)
/home/hcj/UEFIWorkspace/Build/EmulatorX64/DEBUG_GCC5/X64/MdePkg/Library/BasePrintLib/BasePrintLib/OUTPUT/BasePrintLib.lib(PrintLib.obj)
                              (--whole-archive)
/home/hcj/UEFIWorkspace/Build/EmulatorX64/DEBUG_GCC5/X64/MdePkg/Library/UefiMemoryAllocationLib/UefiMemoryAllocationLib/OUTPUT/UefiMemoryAllocationLib.lib(MemoryAllocationLib.obj)
                              (--whole-archive)
/home/hcj/UEFIWorkspace/Build/EmulatorX64/DEBUG_GCC5/X64/MdePkg/Library/BaseDebugPrintErrorLevelLib/BaseDebugPrintErrorLevelLib/OUTPUT/BaseDebugPrintErrorLevelLib.lib(BaseDebugPrintErrorLevelLib.obj)
                              (--whole-archive)
/home/hcj/UEFIWorkspace/Build/EmulatorX64/DEBUG_GCC5/X64/MdeModulePkg/Library/DxeReportStatusCodeLib/DxeReportStatusCodeLib/OUTPUT/DxeReportStatusCodeLib.lib(ReportStatusCodeLib.obj)
                              (--whole-archive)
/home/hcj/UEFIWorkspace/Build/EmulatorX64/DEBUG_GCC5/X64/MdePkg/Library/RegisterFilterLibNull/RegisterFilterLibNull/OUTPUT/FilterLibNull.lib(RegisterFilterLibNull.obj)
                              (--whole-archive)
/home/hcj/UEFIWorkspace/Build/EmulatorX64/DEBUG_GCC5/X64/MdePkg/Library/BaseMemoryLib/BaseMemoryLib/OUTPUT/BaseMemoryLib.lib(SetMem.obj)
                              (--whole-archive)
/home/hcj/UEFIWorkspace/Build/EmulatorX64/DEBUG_GCC5/X64/MdePkg/Library/BaseMemoryLib/BaseMemoryLib/OUTPUT/BaseMemoryLib.lib(ScanMem64Wrapper.obj)
                              (--whole-archive)
/home/hcj/UEFIWorkspace/Build/EmulatorX64/DEBUG_GCC5/X64/MdePkg/Library/BaseMemoryLib/BaseMemoryLib/OUTPUT/BaseMemoryLib.lib(ScanMem32Wrapper.obj)
                              (--whole-archive)
/home/hcj/UEFIWorkspace/Build/EmulatorX64/DEBUG_GCC5/X64/MdePkg/Library/BaseMemoryLib/BaseMemoryLib/OUTPUT/BaseMemoryLib.lib(ScanMem16Wrapper.obj)
                              (--whole-archive)
/home/hcj/UEFIWorkspace/Build/EmulatorX64/DEBUG_GCC5/X64/MdePkg/Library/BaseMemoryLib/BaseMemoryLib/OUTPUT/BaseMemoryLib.lib(ScanMem8Wrapper.obj)
                              (--whole-archive)
/home/hcj/UEFIWorkspace/Build/EmulatorX64/DEBUG_GCC5/X64/MdePkg/Library/BaseMemoryLib/BaseMemoryLib/OUTPUT/BaseMemoryLib.lib(ZeroMemWrapper.obj)
                              (--whole-archive)
/home/hcj/UEFIWorkspace/Build/EmulatorX64/DEBUG_GCC5/X64/MdePkg/Library/BaseMemoryLib/BaseMemoryLib/OUTPUT/BaseMemoryLib.lib(CompareMemWrapper.obj)
                              (--whole-archive)
/home/hcj/UEFIWorkspace/Build/EmulatorX64/DEBUG_GCC5/X64/MdePkg/Library/BaseMemoryLib/BaseMemoryLib/OUTPUT/BaseMemoryLib.lib(SetMem64Wrapper.obj)
                              (--whole-archive)
/home/hcj/UEFIWorkspace/Build/EmulatorX64/DEBUG_GCC5/X64/MdePkg/Library/BaseMemoryLib/BaseMemoryLib/OUTPUT/BaseMemoryLib.lib(SetMem32Wrapper.obj)
                              (--whole-archive)
/home/hcj/UEFIWorkspace/Build/EmulatorX64/DEBUG_GCC5/X64/MdePkg/Library/BaseMemoryLib/BaseMemoryLib/OUTPUT/BaseMemoryLib.lib(SetMem16Wrapper.obj)
                              (--whole-archive)
/home/hcj/UEFIWorkspace/Build/EmulatorX64/DEBUG_GCC5/X64/MdePkg/Library/BaseMemoryLib/BaseMemoryLib/OUTPUT/BaseMemoryLib.lib(SetMemWrapper.obj)
                              (--whole-archive)
/home/hcj/UEFIWorkspace/Build/EmulatorX64/DEBUG_GCC5/X64/MdePkg/Library/BaseMemoryLib/BaseMemoryLib/OUTPUT/BaseMemoryLib.lib(CopyMemWrapper.obj)
                              (--whole-archive)
/home/hcj/UEFIWorkspace/Build/EmulatorX64/DEBUG_GCC5/X64/MdePkg/Library/BaseMemoryLib/BaseMemoryLib/OUTPUT/BaseMemoryLib.lib(IsZeroBufferWrapper.obj)
                              (--whole-archive)
/home/hcj/UEFIWorkspace/Build/EmulatorX64/DEBUG_GCC5/X64/MdePkg/Library/BaseMemoryLib/BaseMemoryLib/OUTPUT/BaseMemoryLib.lib(MemLibGeneric.obj)
                              (--whole-archive)
/home/hcj/UEFIWorkspace/Build/EmulatorX64/DEBUG_GCC5/X64/MdePkg/Library/BaseMemoryLib/BaseMemoryLib/OUTPUT/BaseMemoryLib.lib(MemLibGuid.obj)
                              (--whole-archive)
/home/hcj/UEFIWorkspace/Build/EmulatorX64/DEBUG_GCC5/X64/MdePkg/Library/BaseMemoryLib/BaseMemoryLib/OUTPUT/BaseMemoryLib.lib(CopyMem.obj)
                              (--whole-archive)
/home/hcj/UEFIWorkspace/Build/EmulatorX64/DEBUG_GCC5/X64/MdePkg/Library/DxePcdLib/DxePcdLib/OUTPUT/DxePcdLib.lib(DxePcdLib.obj)
[...]
Memory Configuration

Name             Origin             Length             Attributes
*default*        0x0000000000000000 0xffffffffffffffff

Linker script and memory map

LOAD /tmp/ccruX3QJ.ltrans0.ltrans.o
LOAD /tmp/ccruX3QJ.ltrans1.ltrans.o
LOAD /tmp/ccruX3QJ.ltrans2.ltrans.o
LOAD /tmp/ccruX3QJ.ltrans3.ltrans.o
LOAD /tmp/ccruX3QJ.ltrans4.ltrans.o
LOAD /tmp/ccruX3QJ.ltrans5.ltrans.o
LOAD /tmp/ccruX3QJ.ltrans6.ltrans.o
LOAD /tmp/ccruX3QJ.ltrans7.ltrans.o
LOAD /tmp/ccruX3QJ.ltrans8.ltrans.o
LOAD /tmp/ccruX3QJ.ltrans9.ltrans.o
LOAD /tmp/ccruX3QJ.ltrans10.ltrans.o
LOAD /tmp/ccruX3QJ.ltrans11.ltrans.o
LOAD /tmp/ccruX3QJ.ltrans12.ltrans.o
LOAD /tmp/ccruX3QJ.ltrans13.ltrans.o
LOAD /tmp/ccruX3QJ.ltrans14.ltrans.o
LOAD /tmp/ccruX3QJ.ltrans15.ltrans.o
LOAD /tmp/ccruX3QJ.ltrans16.ltrans.o
START GROUP
LOAD /home/hcj/UEFIWorkspace/Build/EmulatorX64/DEBUG_GCC5/X64/MdeModulePkg/Universal/DevicePathDxe/DevicePathDxe/OUTPUT/DevicePathDxe.lib
LOAD /home/hcj/UEFIWorkspace/Build/EmulatorX64/DEBUG_GCC5/X64/MdePkg/Library/BasePrintLib/BasePrintLib/OUTPUT/BasePrintLib.lib
LOAD /home/hcj/UEFIWorkspace/Build/EmulatorX64/DEBUG_GCC5/X64/MdePkg/Library/UefiMemoryAllocationLib/UefiMemoryAllocationLib/OUTPUT/UefiMemoryAllocationLib.lib
LOAD /home/hcj/UEFIWorkspace/Build/EmulatorX64/DEBUG_GCC5/X64/MdePkg/Library/BaseDebugPrintErrorLevelLib/BaseDebugPrintErrorLevelLib/OUTPUT/BaseDebugPrintErrorLevelLib.lib
LOAD /home/hcj/UEFIWorkspace/Build/EmulatorX64/DEBUG_GCC5/X64/MdeModulePkg/Library/DxeReportStatusCodeLib/DxeReportStatusCodeLib/OUTPUT/DxeReportStatusCodeLib.lib
LOAD /home/hcj/UEFIWorkspace/Build/EmulatorX64/DEBUG_GCC5/X64/MdePkg/Library/RegisterFilterLibNull/RegisterFilterLibNull/OUTPUT/FilterLibNull.lib
LOAD /home/hcj/UEFIWorkspace/Build/EmulatorX64/DEBUG_GCC5/X64/MdePkg/Library/BaseMemoryLib/BaseMemoryLib/OUTPUT/BaseMemoryLib.lib
LOAD /home/hcj/UEFIWorkspace/Build/EmulatorX64/DEBUG_GCC5/X64/MdePkg/Library/DxePcdLib/DxePcdLib/OUTPUT/DxePcdLib.lib
LOAD /home/hcj/UEFIWorkspace/Build/EmulatorX64/DEBUG_GCC5/X64/MdePkg/Library/BaseLib/BaseLib/OUTPUT/BaseLib.lib
LOAD /home/hcj/UEFIWorkspace/Build/EmulatorX64/DEBUG_GCC5/X64/MdeModulePkg/Library/PeiDxeDebugLibReportStatusCode/PeiDxeDebugLibReportStatusCode/OUTPUT/PeiDxeDebugLibReportStatusCode.lib
LOAD /home/hcj/UEFIWorkspace/Build/EmulatorX64/DEBUG_GCC5/X64/MdePkg/Library/UefiDevicePathLib/UefiDevicePathLib/OUTPUT/UefiDevicePathLib.lib
LOAD /home/hcj/UEFIWorkspace/Build/EmulatorX64/DEBUG_GCC5/X64/MdePkg/Library/UefiBootServicesTableLib/UefiBootServicesTableLib/OUTPUT/UefiBootServicesTableLib.lib
LOAD /home/hcj/UEFIWorkspace/Build/EmulatorX64/DEBUG_GCC5/X64/MdePkg/Library/UefiDriverEntryPoint/UefiDriverEntryPoint/OUTPUT/UefiDriverEntryPoint.lib
END GROUP
                0x0000000000000228                PECOFF_HEADER_SIZE = 0x228
                0x0000000000000228                . = PECOFF_HEADER_SIZE

.text           0x0000000000000240    0x1301c
 *(.text .text.* .stub .gnu.linkonce.t.*)
 .text.DevPathFromTextMediaPath
                0x0000000000000240       0x1f /tmp/ccruX3QJ.ltrans0.ltrans.o
 .text.DevPathFromTextHD
                0x000000000000025f      0x181 /tmp/ccruX3QJ.ltrans0.ltrans.o
 .text.DevPathFromTextCDROM
                0x00000000000003e0       0x9e /tmp/ccruX3QJ.ltrans0.ltrans.o
 .text.DevPathFromTextVenMedia
                0x000000000000047e       0x24 /tmp/ccruX3QJ.ltrans0.ltrans.o
 .text.DevPathFromTextFilePath
                0x00000000000004a2       0x63 /tmp/ccruX3QJ.ltrans0.ltrans.o
 .text.DevPathFromTextMedia
                0x0000000000000505       0x4f /tmp/ccruX3QJ.ltrans0.ltrans.o
 .text.DevPathFromTextFv
                0x0000000000000554       0x4f /tmp/ccruX3QJ.ltrans0.ltrans.o
 .text.DevPathFromTextFvFile
                0x00000000000005a3       0x4f /tmp/ccruX3QJ.ltrans0.ltrans.o
 .text.DevPathFromTextRelativeOffsetRange
                0x00000000000005f2       0x79 /tmp/ccruX3QJ.ltrans0.ltrans.o
 .text.DevPathFromTextRamDisk
                0x000000000000066b       0xe3 /tmp/ccruX3QJ.ltrans0.ltrans.o
 .text.DevPathFromTextVirtualDisk
                0x000000000000074e       0xd6 /tmp/ccruX3QJ.ltrans0.ltrans.o
 .text.DevPathFromTextVirtualCd
                0x0000000000000824       0xd6 /tmp/ccruX3QJ.ltrans0.ltrans.o
 .text.DevPathFromTextPersistentVirtualDisk
                0x00000000000008fa       0xd6 /tmp/ccruX3QJ.ltrans0.ltrans.o
 .text.DevPathFromTextPersistentVirtualCd
                0x00000000000009d0       0xd6 /tmp/ccruX3QJ.ltrans0.ltrans.o
 .text.DevPathFromTextBbsPath
                0x0000000000000aa6       0x1f /tmp/ccruX3QJ.ltrans0.ltrans.o
 .text.DevPathFromTextBBS
                0x0000000000000ac5      0x196 /tmp/ccruX3QJ.ltrans0.ltrans.o
 .text.DevPathFromTextSata
                0x0000000000000c5b       0xb5 /tmp/ccruX3QJ.ltrans0.ltrans.o
 .text.UefiDevicePathLibConvertTextToDeviceNode
                0x0000000000000d10      0x1f8 /tmp/ccruX3QJ.ltrans0.ltrans.o
 .text.UefiDevicePathLibConvertTextToDevicePath
                0x0000000000000f08      0x262 /tmp/ccruX3QJ.ltrans0.ltrans.o
 .text.GetDevicePathSize
                0x000000000000116a       0x17 /tmp/ccruX3QJ.ltrans0.ltrans.o
                0x000000000000116a                GetDevicePathSize
 .text.DuplicateDevicePath
                0x0000000000001181       0x17 /tmp/ccruX3QJ.ltrans0.ltrans.o
                0x0000000000001181                DuplicateDevicePath
 .text.AppendDevicePath
                0x0000000000001198       0x22 /tmp/ccruX3QJ.ltrans0.ltrans.o
                0x0000000000001198                AppendDevicePath
 .text.AppendDevicePathNode
                0x00000000000011ba       0x22 /tmp/ccruX3QJ.ltrans0.ltrans.o
                0x00000000000011ba                AppendDevicePathNode
 .text.AppendDevicePathInstance
                0x00000000000011dc       0x22 /tmp/ccruX3QJ.ltrans0.ltrans.o
                0x00000000000011dc                AppendDevicePathInstance
 .text.GetNextDevicePathInstance
                0x00000000000011fe       0x22 /tmp/ccruX3QJ.ltrans0.ltrans.o
                0x00000000000011fe                GetNextDevicePathInstance
 .text.CreateDeviceNode
                0x0000000000001220       0x2f /tmp/ccruX3QJ.ltrans0.ltrans.o
                0x0000000000001220                CreateDeviceNode
 .text.IsDevicePathMultiInstance
                0x000000000000124f       0x17 /tmp/ccruX3QJ.ltrans0.ltrans.o
                0x000000000000124f                IsDevicePathMultiInstance
 .text.ConvertDeviceNodeToText
                0x0000000000001266       0x2f /tmp/ccruX3QJ.ltrans0.ltrans.o
                0x0000000000001266                ConvertDeviceNodeToText
 .text.ConvertDevicePathToText
                0x0000000000001295       0x2f /tmp/ccruX3QJ.ltrans0.ltrans.o
                0x0000000000001295                ConvertDevicePathToText
 .text.ConvertTextToDeviceNode
                0x00000000000012c4       0x17 /tmp/ccruX3QJ.ltrans0.ltrans.o
                0x00000000000012c4                ConvertTextToDeviceNode
 .text.ConvertTextToDevicePath
                0x00000000000012db       0x17 /tmp/ccruX3QJ.ltrans0.ltrans.o
                0x00000000000012db                ConvertTextToDevicePath
 .text.UefiBootServicesTableLibConstructor
                0x00000000000012f2       0xc3 /tmp/ccruX3QJ.ltrans0.ltrans.o
                0x00000000000012f2                UefiBootServicesTableLibConstructor
 .text._DriverUnloadHandler
                0x00000000000013b5       0x3b /tmp/ccruX3QJ.ltrans0.ltrans.o
 .text._ModuleEntryPoint
                0x00000000000013f0      0x11a /tmp/ccruX3QJ.ltrans0.ltrans.o
                0x00000000000013f0                _ModuleEntryPoint
 .text.DevPathFromTextUartFlowCtrl
                0x000000000000150a       0xa7 /tmp/ccruX3QJ.ltrans1.ltrans.o
                0x000000000000150a                DevPathFromTextUartFlowCtrl
 .text.DevPathFromTextSAS
                0x00000000000015b1      0x2a9 /tmp/ccruX3QJ.ltrans1.ltrans.o
                0x00000000000015b1                DevPathFromTextSAS
 .text.DevPathFromTextSasEx
                0x000000000000185a      0x2a6 /tmp/ccruX3QJ.ltrans1.ltrans.o
                0x000000000000185a                DevPathFromTextSasEx
 .text.DevPathFromTextNVMe
                0x0000000000001b00       0xb4 /tmp/ccruX3QJ.ltrans1.ltrans.o
                0x0000000000001b00                DevPathFromTextNVMe
 .text.DevPathFromTextUfs
                0x0000000000001bb4       0x75 /tmp/ccruX3QJ.ltrans1.ltrans.o
                0x0000000000001bb4                DevPathFromTextUfs
 .text.DevPathFromTextSd
                0x0000000000001c29       0x50 /tmp/ccruX3QJ.ltrans1.ltrans.o
                0x0000000000001c29                DevPathFromTextSd
 .text.DevPathFromTextEmmc
                0x0000000000001c79       0x50 /tmp/ccruX3QJ.ltrans1.ltrans.o
                0x0000000000001c79                DevPathFromTextEmmc
 .text.DevPathFromTextDebugPort
                0x0000000000001cc9       0x42 /tmp/ccruX3QJ.ltrans1.ltrans.o
                0x0000000000001cc9                DevPathFromTextDebugPort
 .text.DevPathFromTextMAC
                0x0000000000001d0b       0xae /tmp/ccruX3QJ.ltrans1.ltrans.o
                0x0000000000001d0b                DevPathFromTextMAC
 .text.NetworkProtocolFromText
                0x0000000000001db9       0x58 /tmp/ccruX3QJ.ltrans1.ltrans.o
 .text.DevPathFromTextIPv4
                0x0000000000001e11      0x1ab /tmp/ccruX3QJ.ltrans1.ltrans.o
                0x0000000000001e11                DevPathFromTextIPv4
 .text.DevPathFromTextIPv6
                0x0000000000001fbc      0x1b3 /tmp/ccruX3QJ.ltrans1.ltrans.o
                0x0000000000001fbc                DevPathFromTextIPv6
 .text.DevPathFromTextUart
                0x000000000000216f      0x1ff /tmp/ccruX3QJ.ltrans1.ltrans.o
                0x000000000000216f                DevPathFromTextUart
 .text.ConvertFromTextUsbClass
                0x000000000000236e      0x195 /tmp/ccruX3QJ.ltrans1.ltrans.o
 .text.DevPathFromTextUsbClass
                0x0000000000002503       0x29 /tmp/ccruX3QJ.ltrans1.ltrans.o
                0x0000000000002503                DevPathFromTextUsbClass
 .text.DevPathFromTextUsbAudio
                0x000000000000252c       0x2d /tmp/ccruX3QJ.ltrans1.ltrans.o
                0x000000000000252c                DevPathFromTextUsbAudio
 .text.DevPathFromTextUsbCDCControl
                0x0000000000002559       0x2d /tmp/ccruX3QJ.ltrans1.ltrans.o
                0x0000000000002559                DevPathFromTextUsbCDCControl
 .text.DevPathFromTextUsbHID
                0x0000000000002586       0x2d /tmp/ccruX3QJ.ltrans1.ltrans.o
                0x0000000000002586                DevPathFromTextUsbHID
 .text.DevPathFromTextUsbImage
                0x00000000000025b3       0x2d /tmp/ccruX3QJ.ltrans1.ltrans.o
                0x00000000000025b3                DevPathFromTextUsbImage
 .text.DevPathFromTextUsbPrinter
                0x00000000000025e0       0x2d /tmp/ccruX3QJ.ltrans1.ltrans.o
                0x00000000000025e0                DevPathFromTextUsbPrinter
 .text.DevPathFromTextUsbMassStorage
                0x000000000000260d       0x2d /tmp/ccruX3QJ.ltrans1.ltrans.o
                0x000000000000260d                DevPathFromTextUsbMassStorage
 .text.DevPathFromTextUsbHub
                0x000000000000263a       0x2d /tmp/ccruX3QJ.ltrans1.ltrans.o
                0x000000000000263a                DevPathFromTextUsbHub
 .text.DevPathFromTextUsbCDCData
                0x0000000000002667       0x2d /tmp/ccruX3QJ.ltrans1.ltrans.o
                0x0000000000002667                DevPathFromTextUsbCDCData
 .text.DevPathFromTextUsbSmartCard
                0x0000000000002694       0x2d /tmp/ccruX3QJ.ltrans1.ltrans.o
                0x0000000000002694                DevPathFromTextUsbSmartCard
 .text.DevPathFromTextUsbVideo
                0x00000000000026c1       0x2d /tmp/ccruX3QJ.ltrans1.ltrans.o
                0x00000000000026c1                DevPathFromTextUsbVideo
 .text.DevPathFromTextUsbDiagnostic
                0x00000000000026ee       0x2d /tmp/ccruX3QJ.ltrans1.ltrans.o
                0x00000000000026ee                DevPathFromTextUsbDiagnostic
 .text.DevPathFromTextUsbWireless
                0x000000000000271b       0x2d /tmp/ccruX3QJ.ltrans1.ltrans.o
                0x000000000000271b                DevPathFromTextUsbWireless
 .text.DevPathFromTextUsbDeviceFirmwareUpdate
                0x0000000000002748       0x31 /tmp/ccruX3QJ.ltrans1.ltrans.o
                0x0000000000002748                DevPathFromTextUsbDeviceFirmwareUpdate
 .text.DevPathFromTextUsbIrdaBridge
                0x0000000000002779       0x31 /tmp/ccruX3QJ.ltrans1.ltrans.o
                0x0000000000002779                DevPathFromTextUsbIrdaBridge
 .text.DevPathFromTextUsbTestAndMeasurement
                0x00000000000027aa       0x31 /tmp/ccruX3QJ.ltrans1.ltrans.o
                0x00000000000027aa                DevPathFromTextUsbTestAndMeasurement
 .text.DevPathFromTextUsbWwid
                0x00000000000027db      0x135 /tmp/ccruX3QJ.ltrans1.ltrans.o
                0x00000000000027db                DevPathFromTextUsbWwid
 .text.DevPathFromTextUnit
                0x0000000000002910       0x50 /tmp/ccruX3QJ.ltrans1.ltrans.o
                0x0000000000002910                DevPathFromTextUnit
 .text.DevPathFromTextiSCSI
                0x0000000000002960      0x1d6 /tmp/ccruX3QJ.ltrans1.ltrans.o
                0x0000000000002960                DevPathFromTextiSCSI
 .text.DevPathFromTextVlan
                0x0000000000002b36       0x51 /tmp/ccruX3QJ.ltrans1.ltrans.o
                0x0000000000002b36                DevPathFromTextVlan
 .text.DevPathFromTextBluetooth
                0x0000000000002b87       0x5d /tmp/ccruX3QJ.ltrans1.ltrans.o
                0x0000000000002b87                DevPathFromTextBluetooth
 .text.DevPathFromTextWiFi
                0x0000000000002be4       0xaa /tmp/ccruX3QJ.ltrans1.ltrans.o
                0x0000000000002be4                DevPathFromTextWiFi
 .text.DevPathFromTextBluetoothLE
                0x0000000000002c8e       0x82 /tmp/ccruX3QJ.ltrans1.ltrans.o
                0x0000000000002c8e                DevPathFromTextBluetoothLE
 .text.DevPathFromTextDns
                0x0000000000002d10      0x1ad /tmp/ccruX3QJ.ltrans1.ltrans.o
                0x0000000000002d10                DevPathFromTextDns
 .text.DevPathFromTextUri
                0x0000000000002ebd       0x8f /tmp/ccruX3QJ.ltrans1.ltrans.o
                0x0000000000002ebd                DevPathFromTextUri
 .text.DevPathToTextBBS
                0x0000000000002f4c      0x141 /tmp/ccruX3QJ.ltrans2.ltrans.o
                0x0000000000002f4c                DevPathToTextBBS
 .text.DevPathToTextEndInstance
                0x000000000000308d       0x2d /tmp/ccruX3QJ.ltrans2.ltrans.o
                0x000000000000308d                DevPathToTextEndInstance
 .text.DevPathToTextNodeGeneric
                0x00000000000030ba      0x18c /tmp/ccruX3QJ.ltrans2.ltrans.o
 .text.UefiDevicePathLibConvertDeviceNodeToText
                0x0000000000003246      0x1bc /tmp/ccruX3QJ.ltrans2.ltrans.o
                0x0000000000003246                UefiDevicePathLibConvertDeviceNodeToText
 .text.UefiDevicePathLibConvertDevicePathToText
                0x0000000000003402      0x283 /tmp/ccruX3QJ.ltrans2.ltrans.o
                0x0000000000003402                UefiDevicePathLibConvertDevicePathToText
 .text.UefiDevicePathLibStrDuplicate
                0x0000000000003685       0x29 /tmp/ccruX3QJ.ltrans2.ltrans.o
                0x0000000000003685                UefiDevicePathLibStrDuplicate
 .text.GetParamByNodeName
                0x00000000000036ae      0x101 /tmp/ccruX3QJ.ltrans2.ltrans.o
                0x00000000000036ae                GetParamByNodeName
 .text.SplitStr
                0x00000000000037af       0x81 /tmp/ccruX3QJ.ltrans2.ltrans.o
                0x00000000000037af                SplitStr
 .text.GetNextParamStr
                0x0000000000003830       0x1f /tmp/ccruX3QJ.ltrans2.ltrans.o
                0x0000000000003830                GetNextParamStr
 .text.GetNextDeviceNodeStr
                0x000000000000384f      0x144 /tmp/ccruX3QJ.ltrans2.ltrans.o
                0x000000000000384f                GetNextDeviceNodeStr
 .text.IsHexStr
                0x0000000000003993       0x74 /tmp/ccruX3QJ.ltrans2.ltrans.o
 .text.Strtoi   0x0000000000003a07       0x38 /tmp/ccruX3QJ.ltrans2.ltrans.o
                0x0000000000003a07                Strtoi
 .text.Strtoi64
                0x0000000000003a3f       0x50 /tmp/ccruX3QJ.ltrans2.ltrans.o
                0x0000000000003a3f                Strtoi64
 .text.StrToAscii
                0x0000000000003a8f       0x5e /tmp/ccruX3QJ.ltrans2.ltrans.o
                0x0000000000003a8f                StrToAscii
 .text.DevPathFromTextGenericPath
                0x0000000000003aed       0xb2 /tmp/ccruX3QJ.ltrans2.ltrans.o
                0x0000000000003aed                DevPathFromTextGenericPath
 .text.DevPathFromTextPath
                0x0000000000003b9f       0x41 /tmp/ccruX3QJ.ltrans2.ltrans.o
                0x0000000000003b9f                DevPathFromTextPath
 .text.DevPathFromTextHardwarePath
                0x0000000000003be0       0x1f /tmp/ccruX3QJ.ltrans2.ltrans.o
                0x0000000000003be0                DevPathFromTextHardwarePath
 .text.DevPathFromTextPci
                0x0000000000003bff       0x75 /tmp/ccruX3QJ.ltrans2.ltrans.o
                0x0000000000003bff                DevPathFromTextPci
 .text.DevPathFromTextPcCard
                0x0000000000003c74       0x50 /tmp/ccruX3QJ.ltrans2.ltrans.o
                0x0000000000003c74                DevPathFromTextPcCard
 .text.DevPathFromTextMemoryMapped
                0x0000000000003cc4       0x9e /tmp/ccruX3QJ.ltrans2.ltrans.o
                0x0000000000003cc4                DevPathFromTextMemoryMapped
 .text.ConvertFromTextVendor
                0x0000000000003d62       0xb5 /tmp/ccruX3QJ.ltrans2.ltrans.o
                0x0000000000003d62                ConvertFromTextVendor
 .text.DevPathFromTextVenHw
                0x0000000000003e17       0x24 /tmp/ccruX3QJ.ltrans2.ltrans.o
                0x0000000000003e17                DevPathFromTextVenHw
 .text.DevPathFromTextCtrl
                0x0000000000003e3b       0x50 /tmp/ccruX3QJ.ltrans2.ltrans.o
                0x0000000000003e3b                DevPathFromTextCtrl
 .text.DevPathFromTextBmc
                0x0000000000003e8b       0x7f /tmp/ccruX3QJ.ltrans2.ltrans.o
                0x0000000000003e8b                DevPathFromTextBmc
 .text.DevPathFromTextAcpiPath
                0x0000000000003f0a       0x1f /tmp/ccruX3QJ.ltrans2.ltrans.o
                0x0000000000003f0a                DevPathFromTextAcpiPath
 .text.EisaIdFromText
                0x0000000000003f29       0x66 /tmp/ccruX3QJ.ltrans2.ltrans.o
 .text.DevPathFromTextAcpi
                0x0000000000003f8f       0x75 /tmp/ccruX3QJ.ltrans2.ltrans.o
                0x0000000000003f8f                DevPathFromTextAcpi
 .text.ConvertFromTextAcpi
                0x0000000000004004       0x67 /tmp/ccruX3QJ.ltrans2.ltrans.o
 .text.DevPathFromTextPciRoot
                0x000000000000406b       0x1f /tmp/ccruX3QJ.ltrans2.ltrans.o
                0x000000000000406b                DevPathFromTextPciRoot
 .text.DevPathFromTextPcieRoot
                0x000000000000408a       0x1f /tmp/ccruX3QJ.ltrans2.ltrans.o
                0x000000000000408a                DevPathFromTextPcieRoot
 .text.DevPathFromTextFloppy
                0x00000000000040a9       0x1f /tmp/ccruX3QJ.ltrans2.ltrans.o
                0x00000000000040a9                DevPathFromTextFloppy
 .text.DevPathFromTextKeyboard
                0x00000000000040c8       0x1f /tmp/ccruX3QJ.ltrans2.ltrans.o
                0x00000000000040c8                DevPathFromTextKeyboard
 .text.DevPathFromTextSerial
                0x00000000000040e7       0x1f /tmp/ccruX3QJ.ltrans2.ltrans.o
                0x00000000000040e7                DevPathFromTextSerial
 .text.DevPathFromTextParallelPort
                0x0000000000004106       0x1f /tmp/ccruX3QJ.ltrans2.ltrans.o
                0x0000000000004106                DevPathFromTextParallelPort
 .text.DevPathFromTextAcpiEx
                0x0000000000004125      0x159 /tmp/ccruX3QJ.ltrans2.ltrans.o
                0x0000000000004125                DevPathFromTextAcpiEx
 .text.DevPathFromTextAcpiExp
                0x000000000000427e      0x103 /tmp/ccruX3QJ.ltrans2.ltrans.o
                0x000000000000427e                DevPathFromTextAcpiExp
 .text.DevPathFromTextAcpiAdr
                0x0000000000004381      0x11f /tmp/ccruX3QJ.ltrans2.ltrans.o
                0x0000000000004381                DevPathFromTextAcpiAdr
 .text.DevPathFromTextMsg
                0x00000000000044a0       0x1f /tmp/ccruX3QJ.ltrans2.ltrans.o
                0x00000000000044a0                DevPathFromTextMsg
 .text.DevPathFromTextAta
                0x00000000000044bf      0x123 /tmp/ccruX3QJ.ltrans2.ltrans.o
                0x00000000000044bf                DevPathFromTextAta
 .text.DevPathFromTextScsi
                0x00000000000045e2       0x77 /tmp/ccruX3QJ.ltrans2.ltrans.o
                0x00000000000045e2                DevPathFromTextScsi
 .text.DevPathFromTextFibre
                0x0000000000004659       0x84 /tmp/ccruX3QJ.ltrans2.ltrans.o
                0x0000000000004659                DevPathFromTextFibre
 .text.DevPathFromTextFibreEx
                0x00000000000046dd       0xc6 /tmp/ccruX3QJ.ltrans2.ltrans.o
                0x00000000000046dd                DevPathFromTextFibreEx
 .text.DevPathFromText1394
                0x00000000000047a3       0x5d /tmp/ccruX3QJ.ltrans2.ltrans.o
                0x00000000000047a3                DevPathFromText1394
 .text.DevPathFromTextUsb
                0x0000000000004800       0x75 /tmp/ccruX3QJ.ltrans2.ltrans.o
                0x0000000000004800                DevPathFromTextUsb
 .text.DevPathFromTextI2O
                0x0000000000004875       0x50 /tmp/ccruX3QJ.ltrans2.ltrans.o
                0x0000000000004875                DevPathFromTextI2O
 .text.DevPathFromTextInfiniband
                0x00000000000048c5       0xe9 /tmp/ccruX3QJ.ltrans2.ltrans.o
                0x00000000000048c5                DevPathFromTextInfiniband
 .text.DevPathFromTextVenMsg
                0x00000000000049ae       0x24 /tmp/ccruX3QJ.ltrans2.ltrans.o
                0x00000000000049ae                DevPathFromTextVenMsg
 .text.DevPathFromTextVenPcAnsi
                0x00000000000049d2       0x42 /tmp/ccruX3QJ.ltrans2.ltrans.o
                0x00000000000049d2                DevPathFromTextVenPcAnsi
 .text.DevPathFromTextVenVt100
                0x0000000000004a14       0x42 /tmp/ccruX3QJ.ltrans2.ltrans.o
                0x0000000000004a14                DevPathFromTextVenVt100
 .text.DevPathFromTextVenVt100Plus
                0x0000000000004a56       0x42 /tmp/ccruX3QJ.ltrans2.ltrans.o
                0x0000000000004a56                DevPathFromTextVenVt100Plus
 .text.DevPathFromTextVenUtf8
                0x0000000000004a98       0x42 /tmp/ccruX3QJ.ltrans2.ltrans.o
                0x0000000000004a98                DevPathFromTextVenUtf8
 .text.DevPathToTextAcpiAdr
                0x0000000000004ada       0xc1 /tmp/ccruX3QJ.ltrans3.ltrans.o
                0x0000000000004ada                DevPathToTextAcpiAdr
 .text.DevPathToTextAtapi
                0x0000000000004b9b       0xa8 /tmp/ccruX3QJ.ltrans3.ltrans.o
                0x0000000000004b9b                DevPathToTextAtapi
 .text.DevPathToTextScsi
                0x0000000000004c43       0x51 /tmp/ccruX3QJ.ltrans3.ltrans.o
                0x0000000000004c43                DevPathToTextScsi
 .text.DevPathToTextFibre
                0x0000000000004c94       0x4b /tmp/ccruX3QJ.ltrans3.ltrans.o
                0x0000000000004c94                DevPathToTextFibre
 .text.DevPathToTextFibreEx
                0x0000000000004cdf       0xdd /tmp/ccruX3QJ.ltrans3.ltrans.o
                0x0000000000004cdf                DevPathToTextFibreEx
 .text.DevPathToTextSasEx
                0x0000000000004dbc      0x265 /tmp/ccruX3QJ.ltrans3.ltrans.o
                0x0000000000004dbc                DevPathToTextSasEx
 .text.DevPathToTextNVMe
                0x0000000000005021       0xe9 /tmp/ccruX3QJ.ltrans3.ltrans.o
                0x0000000000005021                DevPathToTextNVMe
 .text.DevPathToTextUfs
                0x000000000000510a       0x51 /tmp/ccruX3QJ.ltrans3.ltrans.o
                0x000000000000510a                DevPathToTextUfs
 .text.DevPathToTextSd
                0x000000000000515b       0x43 /tmp/ccruX3QJ.ltrans3.ltrans.o
                0x000000000000515b                DevPathToTextSd
 .text.DevPathToTextEmmc
                0x000000000000519e       0x43 /tmp/ccruX3QJ.ltrans3.ltrans.o
                0x000000000000519e                DevPathToTextEmmc
 .text.DevPathToText1394
                0x00000000000051e1       0x40 /tmp/ccruX3QJ.ltrans3.ltrans.o
                0x00000000000051e1                DevPathToText1394
 .text.DevPathToTextUsb
                0x0000000000005221       0x51 /tmp/ccruX3QJ.ltrans3.ltrans.o
                0x0000000000005221                DevPathToTextUsb
 .text.DevPathToTextUsbWWID
                0x0000000000005272      0x10e /tmp/ccruX3QJ.ltrans3.ltrans.o
                0x0000000000005272                DevPathToTextUsbWWID
 .text.DevPathToTextLogicalUnit
                0x0000000000005380       0x43 /tmp/ccruX3QJ.ltrans3.ltrans.o
                0x0000000000005380                DevPathToTextLogicalUnit
 .text.DevPathToTextUsbClass
                0x00000000000053c3      0x37d /tmp/ccruX3QJ.ltrans3.ltrans.o
                0x00000000000053c3                DevPathToTextUsbClass
 .text.DevPathToTextSata
                0x0000000000005740       0x60 /tmp/ccruX3QJ.ltrans3.ltrans.o
                0x0000000000005740                DevPathToTextSata
 .text.DevPathToTextI2O
                0x00000000000057a0       0x3f /tmp/ccruX3QJ.ltrans3.ltrans.o
                0x00000000000057a0                DevPathToTextI2O
 .text.DevPathToTextMacAddr
                0x00000000000057df       0xc2 /tmp/ccruX3QJ.ltrans3.ltrans.o
                0x00000000000057df                DevPathToTextMacAddr
 .text.CatNetworkProtocol
                0x00000000000058a1       0x66 /tmp/ccruX3QJ.ltrans3.ltrans.o
 .text.CatIPv4Address
                0x0000000000005907       0x5e /tmp/ccruX3QJ.ltrans3.ltrans.o
 .text.CatIPv6Address
                0x0000000000005965      0x156 /tmp/ccruX3QJ.ltrans3.ltrans.o
 .text.DevPathToTextIPv4
                0x0000000000005abb      0x155 /tmp/ccruX3QJ.ltrans3.ltrans.o
                0x0000000000005abb                DevPathToTextIPv4
 .text.DevPathToTextIPv6
                0x0000000000005c10      0x15d /tmp/ccruX3QJ.ltrans3.ltrans.o
                0x0000000000005c10                DevPathToTextIPv6
 .text.DevPathToTextInfiniBand
                0x0000000000005d6d       0x71 /tmp/ccruX3QJ.ltrans3.ltrans.o
                0x0000000000005d6d                DevPathToTextInfiniBand
 .text.DevPathToTextUart
                0x0000000000005dde      0x1a7 /tmp/ccruX3QJ.ltrans3.ltrans.o
                0x0000000000005dde                DevPathToTextUart
 .text.DevPathToTextiSCSI
                0x0000000000005f85      0x1aa /tmp/ccruX3QJ.ltrans3.ltrans.o
                0x0000000000005f85                DevPathToTextiSCSI
 .text.DevPathToTextVlan
                0x000000000000612f       0x43 /tmp/ccruX3QJ.ltrans3.ltrans.o
                0x000000000000612f                DevPathToTextVlan
 .text.DevPathToTextBluetooth
                0x0000000000006172       0x89 /tmp/ccruX3QJ.ltrans3.ltrans.o
                0x0000000000006172                DevPathToTextBluetooth
 .text.DevPathToTextWiFi
                0x00000000000061fb       0x5a /tmp/ccruX3QJ.ltrans3.ltrans.o
                0x00000000000061fb                DevPathToTextWiFi
 .text.DevPathToTextBluetoothLE
                0x0000000000006255       0x9d /tmp/ccruX3QJ.ltrans3.ltrans.o
                0x0000000000006255                DevPathToTextBluetoothLE
 .text.DevPathToTextDns
                0x00000000000062f2       0xe6 /tmp/ccruX3QJ.ltrans3.ltrans.o
                0x00000000000062f2                DevPathToTextDns
 .text.DevPathToTextUri
                0x00000000000063d8       0xc1 /tmp/ccruX3QJ.ltrans3.ltrans.o
                0x00000000000063d8                DevPathToTextUri
 .text.DevPathToTextHardDrive
                0x0000000000006499       0xf4 /tmp/ccruX3QJ.ltrans3.ltrans.o
                0x0000000000006499                DevPathToTextHardDrive
 .text.DevPathToTextCDROM
                0x000000000000658d       0x7c /tmp/ccruX3QJ.ltrans3.ltrans.o
                0x000000000000658d                DevPathToTextCDROM
 .text.DevPathToTextFilePath
                0x0000000000006609       0x40 /tmp/ccruX3QJ.ltrans3.ltrans.o
                0x0000000000006609                DevPathToTextFilePath
 .text.DevPathToTextMediaProtocol
                0x0000000000006649       0x40 /tmp/ccruX3QJ.ltrans3.ltrans.o
                0x0000000000006649                DevPathToTextMediaProtocol
 .text.DevPathToTextFv
                0x0000000000006689       0x40 /tmp/ccruX3QJ.ltrans3.ltrans.o
                0x0000000000006689                DevPathToTextFv
 .text.DevPathToTextFvFile
                0x00000000000066c9       0x40 /tmp/ccruX3QJ.ltrans3.ltrans.o
                0x00000000000066c9                DevPathToTextFvFile
 .text.DevPathRelativeOffsetRange
                0x0000000000006709       0x4b /tmp/ccruX3QJ.ltrans3.ltrans.o
                0x0000000000006709                DevPathRelativeOffsetRange
 .text.DevPathToTextRamDisk
                0x0000000000006754      0x306 /tmp/ccruX3QJ.ltrans3.ltrans.o
                0x0000000000006754                DevPathToTextRamDisk
 .text.DebugAssert
                0x0000000000006a5a      0x267 /tmp/ccruX3QJ.ltrans4.ltrans.o
                0x0000000000006a5a                DebugAssert
 .text.DebugAssertEnabled
                0x0000000000006cc1       0x18 /tmp/ccruX3QJ.ltrans4.ltrans.o
                0x0000000000006cc1                DebugAssertEnabled
 .text.DebugPrintEnabled
                0x0000000000006cd9       0x18 /tmp/ccruX3QJ.ltrans4.ltrans.o
                0x0000000000006cd9                DebugPrintEnabled
 .text.DebugPrintLevelEnabled
                0x0000000000006cf1       0x1c /tmp/ccruX3QJ.ltrans4.ltrans.o
                0x0000000000006cf1                DebugPrintLevelEnabled
 .text.IsDevicePathValid
                0x0000000000006d0d      0x134 /tmp/ccruX3QJ.ltrans4.ltrans.o
 .text.DevicePathType
                0x0000000000006e41       0x3d /tmp/ccruX3QJ.ltrans4.ltrans.o
                0x0000000000006e41                DevicePathType
 .text.DevicePathSubType
                0x0000000000006e7e       0x3e /tmp/ccruX3QJ.ltrans4.ltrans.o
                0x0000000000006e7e                DevicePathSubType
 .text.DevicePathNodeLength
                0x0000000000006ebc       0x49 /tmp/ccruX3QJ.ltrans4.ltrans.o
                0x0000000000006ebc                DevicePathNodeLength
 .text.NextDevicePathNode
                0x0000000000006f05       0x49 /tmp/ccruX3QJ.ltrans4.ltrans.o
                0x0000000000006f05                NextDevicePathNode
 .text.IsDevicePathEndType
                0x0000000000006f4e       0x44 /tmp/ccruX3QJ.ltrans4.ltrans.o
 .text.IsDevicePathEnd
                0x0000000000006f92       0x5c /tmp/ccruX3QJ.ltrans4.ltrans.o
                0x0000000000006f92                IsDevicePathEnd
 .text.IsDevicePathEndInstance
                0x0000000000006fee       0x5c /tmp/ccruX3QJ.ltrans4.ltrans.o
 .text.SetDevicePathNodeLength
                0x000000000000704a       0x82 /tmp/ccruX3QJ.ltrans4.ltrans.o
                0x000000000000704a                SetDevicePathNodeLength
 .text.SetDevicePathEndNode
                0x00000000000070cc       0x4c /tmp/ccruX3QJ.ltrans4.ltrans.o
                0x00000000000070cc                SetDevicePathEndNode
 .text.UefiDevicePathLibGetDevicePathSize
                0x0000000000007118       0x79 /tmp/ccruX3QJ.ltrans4.ltrans.o
                0x0000000000007118                UefiDevicePathLibGetDevicePathSize
 .text.UefiDevicePathLibDuplicateDevicePath
                0x0000000000007191       0x39 /tmp/ccruX3QJ.ltrans4.ltrans.o
                0x0000000000007191                UefiDevicePathLibDuplicateDevicePath
 .text.UefiDevicePathLibAppendDevicePath
                0x00000000000071ca      0x110 /tmp/ccruX3QJ.ltrans4.ltrans.o
                0x00000000000071ca                UefiDevicePathLibAppendDevicePath
 .text.UefiDevicePathLibAppendDevicePathNode
                0x00000000000072da       0xc7 /tmp/ccruX3QJ.ltrans4.ltrans.o
                0x00000000000072da                UefiDevicePathLibAppendDevicePathNode
 .text.UefiDevicePathLibAppendDevicePathInstance
                0x00000000000073a1      0x117 /tmp/ccruX3QJ.ltrans4.ltrans.o
                0x00000000000073a1                UefiDevicePathLibAppendDevicePathInstance
 .text.UefiDevicePathLibGetNextDevicePathInstance
                0x00000000000074b8      0x135 /tmp/ccruX3QJ.ltrans4.ltrans.o
                0x00000000000074b8                UefiDevicePathLibGetNextDevicePathInstance
 .text.UefiDevicePathLibCreateDeviceNode
                0x00000000000075ed       0x67 /tmp/ccruX3QJ.ltrans4.ltrans.o
                0x00000000000075ed                UefiDevicePathLibCreateDeviceNode
 .text.UefiDevicePathLibIsDevicePathMultiInstance
                0x0000000000007654       0x7b /tmp/ccruX3QJ.ltrans4.ltrans.o
                0x0000000000007654                UefiDevicePathLibIsDevicePathMultiInstance
 .text.UefiDevicePathLibCatPrint
                0x00000000000076cf      0x13d /tmp/ccruX3QJ.ltrans4.ltrans.o
                0x00000000000076cf                UefiDevicePathLibCatPrint
 .text.DevPathToTextPci
                0x000000000000780c       0x51 /tmp/ccruX3QJ.ltrans4.ltrans.o
                0x000000000000780c                DevPathToTextPci
 .text.DevPathToTextPccard
                0x000000000000785d       0x43 /tmp/ccruX3QJ.ltrans4.ltrans.o
                0x000000000000785d                DevPathToTextPccard
 .text.DevPathToTextMemMap
                0x00000000000078a0       0x57 /tmp/ccruX3QJ.ltrans4.ltrans.o
                0x00000000000078a0                DevPathToTextMemMap
 .text.DevPathToTextVendor
                0x00000000000078f7      0x47a /tmp/ccruX3QJ.ltrans4.ltrans.o
                0x00000000000078f7                DevPathToTextVendor
 .text.DevPathToTextController
                0x0000000000007d71       0x3f /tmp/ccruX3QJ.ltrans4.ltrans.o
                0x0000000000007d71                DevPathToTextController
 .text.DevPathToTextBmc
                0x0000000000007db0       0x59 /tmp/ccruX3QJ.ltrans4.ltrans.o
                0x0000000000007db0                DevPathToTextBmc
 .text.DevPathToTextAcpi
                0x0000000000007e09      0x1a3 /tmp/ccruX3QJ.ltrans4.ltrans.o
                0x0000000000007e09                DevPathToTextAcpi
 .text.DevPathToTextAcpiEx
                0x0000000000007fac      0x3b8 /tmp/ccruX3QJ.ltrans4.ltrans.o
                0x0000000000007fac                DevPathToTextAcpiEx
 .text.CpuPause
                0x0000000000008364        0x8 /tmp/ccruX3QJ.ltrans5.ltrans.o
                0x0000000000008364                CpuPause
 .text.CpuBreakpoint
                0x000000000000836c        0x7 /tmp/ccruX3QJ.ltrans5.ltrans.o
                0x000000000000836c                CpuBreakpoint
 .text.DebugPrint
                0x0000000000008373       0x39 /tmp/ccruX3QJ.ltrans5.ltrans.o
                0x0000000000008373                DebugPrint
 .text.DebugPrintMarker
                0x00000000000083ac      0x554 /tmp/ccruX3QJ.ltrans5.ltrans.o
                0x00000000000083ac                DebugPrintMarker
 .text.DebugVPrint
                0x0000000000008900       0xa1 /tmp/ccruX3QJ.ltrans5.ltrans.o
 .text.InternalMathLShiftU64
                0x00000000000089a1       0x1d /tmp/ccruX3QJ.ltrans6.ltrans.o
                0x00000000000089a1                InternalMathLShiftU64
 .text.InternalMathRShiftU64
                0x00000000000089be       0x1d /tmp/ccruX3QJ.ltrans6.ltrans.o
                0x00000000000089be                InternalMathRShiftU64
 .text.InternalMathSwapBytes64
                0x00000000000089db       0x40 /tmp/ccruX3QJ.ltrans6.ltrans.o
                0x00000000000089db                InternalMathSwapBytes64
 .text.InternalMathMultU64x32
                0x0000000000008a1b       0x15 /tmp/ccruX3QJ.ltrans6.ltrans.o
                0x0000000000008a1b                InternalMathMultU64x32
 .text.InternalMathDivU64x32
                0x0000000000008a30       0x1c /tmp/ccruX3QJ.ltrans6.ltrans.o
                0x0000000000008a30                InternalMathDivU64x32
 .text.InternalMathDivRemU64x32
                0x0000000000008a4c       0x41 /tmp/ccruX3QJ.ltrans6.ltrans.o
                0x0000000000008a4c                InternalMathDivRemU64x32
 .text.ReadUnaligned16
                0x0000000000008a8d       0x3d /tmp/ccruX3QJ.ltrans6.ltrans.o
                0x0000000000008a8d                ReadUnaligned16
 .text.WriteUnaligned16
                0x0000000000008aca       0x4e /tmp/ccruX3QJ.ltrans6.ltrans.o
                0x0000000000008aca                WriteUnaligned16
 .text.ReadUnaligned32
                0x0000000000008b18       0x3c /tmp/ccruX3QJ.ltrans6.ltrans.o
                0x0000000000008b18                ReadUnaligned32
 .text.ReadUnaligned64
                0x0000000000008b54       0x3d /tmp/ccruX3QJ.ltrans6.ltrans.o
                0x0000000000008b54                ReadUnaligned64
 .text.WriteUnaligned64
                0x0000000000008b91       0x4c /tmp/ccruX3QJ.ltrans6.ltrans.o
                0x0000000000008b91                WriteUnaligned64
 .text.StrLen   0x0000000000008bdd       0xc0 /tmp/ccruX3QJ.ltrans7.ltrans.o
                0x0000000000008bdd                StrLen
 .text.StrSize  0x0000000000008c9d       0x1e /tmp/ccruX3QJ.ltrans7.ltrans.o
                0x0000000000008c9d                StrSize
 .text.StrCmp   0x0000000000008cbb       0xb8 /tmp/ccruX3QJ.ltrans7.ltrans.o
                0x0000000000008cbb                StrCmp
 .text.StrnCmp  0x0000000000008d73      0x11e /tmp/ccruX3QJ.ltrans7.ltrans.o
                0x0000000000008d73                StrnCmp
 .text.InternalIsDecimalDigitCharacter
                0x0000000000008e91       0x26 /tmp/ccruX3QJ.ltrans7.ltrans.o
                0x0000000000008e91                InternalIsDecimalDigitCharacter
 .text.CharToUpper
                0x0000000000008eb7       0x27 /tmp/ccruX3QJ.ltrans7.ltrans.o
                0x0000000000008eb7                CharToUpper
 .text.InternalHexCharToUintn
                0x0000000000008ede       0x3d /tmp/ccruX3QJ.ltrans7.ltrans.o
                0x0000000000008ede                InternalHexCharToUintn
 .text.InternalIsHexaDecimalDigitCharacter
                0x0000000000008f1b       0x47 /tmp/ccruX3QJ.ltrans7.ltrans.o
                0x0000000000008f1b                InternalIsHexaDecimalDigitCharacter
 .text.StrDecimalToUintn
                0x0000000000008f62       0x27 /tmp/ccruX3QJ.ltrans7.ltrans.o
                0x0000000000008f62                StrDecimalToUintn
 .text.StrDecimalToUint64
                0x0000000000008f89       0x27 /tmp/ccruX3QJ.ltrans7.ltrans.o
                0x0000000000008f89                StrDecimalToUint64
 .text.StrHexToUintn
                0x0000000000008fb0       0x27 /tmp/ccruX3QJ.ltrans7.ltrans.o
                0x0000000000008fb0                StrHexToUintn
 .text.StrHexToUint64
                0x0000000000008fd7       0x27 /tmp/ccruX3QJ.ltrans7.ltrans.o
                0x0000000000008fd7                StrHexToUint64
 .text.AsciiStrLen
                0x0000000000008ffe       0x92 /tmp/ccruX3QJ.ltrans7.ltrans.o
                0x0000000000008ffe                AsciiStrLen
 .text.AsciiStrSize
                0x0000000000009090       0x1b /tmp/ccruX3QJ.ltrans7.ltrans.o
                0x0000000000009090                AsciiStrSize
 .text.UnicodeStrToAsciiStrS
                0x00000000000090ab      0x49e /tmp/ccruX3QJ.ltrans8.ltrans.o
                0x00000000000090ab                UnicodeStrToAsciiStrS
 .text.StrToIpv4Address
                0x0000000000009549      0x298 /tmp/ccruX3QJ.ltrans9.ltrans.o
                0x0000000000009549                StrToIpv4Address
 .text.StrToGuid
                0x00000000000097e1      0x2de /tmp/ccruX3QJ.ltrans9.ltrans.o
                0x00000000000097e1                StrToGuid
 .text.StrHexToBytes
                0x0000000000009abf      0x397 /tmp/ccruX3QJ.ltrans9.ltrans.o
                0x0000000000009abf                StrHexToBytes
 .text.AsciiStrnLenS
                0x0000000000009e56       0x60 /tmp/ccruX3QJ.ltrans9.ltrans.o
                0x0000000000009e56                AsciiStrnLenS
 .text.AsciiStrnCpyS
                0x0000000000009eb6      0x476 /tmp/ccruX3QJ.ltrans9.ltrans.o
                0x0000000000009eb6                AsciiStrnCpyS
 .text.StrDecimalToUintnS
                0x000000000000a32c      0x2db /tmp/ccruX3QJ.ltrans10.ltrans.o
                0x000000000000a32c                StrDecimalToUintnS
 .text.StrDecimalToUint64S
                0x000000000000a607      0x2da /tmp/ccruX3QJ.ltrans10.ltrans.o
                0x000000000000a607                StrDecimalToUint64S
 .text.StrHexToUintnS
                0x000000000000a8e1      0x30c /tmp/ccruX3QJ.ltrans10.ltrans.o
                0x000000000000a8e1                StrHexToUintnS
 .text.StrHexToUint64S
                0x000000000000abed      0x321 /tmp/ccruX3QJ.ltrans10.ltrans.o
                0x000000000000abed                StrHexToUint64S
 .text.StrToIpv6Address
                0x000000000000af0e      0x440 /tmp/ccruX3QJ.ltrans10.ltrans.o
                0x000000000000af0e                StrToIpv6Address
 .text.CpuDeadLoop
                0x000000000000b34e       0x22 /tmp/ccruX3QJ.ltrans11.ltrans.o
                0x000000000000b34e                CpuDeadLoop
 .text.InternalSafeStringIsOverlap
                0x000000000000b370       0x68 /tmp/ccruX3QJ.ltrans11.ltrans.o
                0x000000000000b370                InternalSafeStringIsOverlap
 .text.InternalSafeStringNoStrOverlap
                0x000000000000b3d8       0x3f /tmp/ccruX3QJ.ltrans11.ltrans.o
                0x000000000000b3d8                InternalSafeStringNoStrOverlap
 .text.InternalSafeStringNoAsciiStrOverlap
                0x000000000000b417       0x37 /tmp/ccruX3QJ.ltrans11.ltrans.o
                0x000000000000b417                InternalSafeStringNoAsciiStrOverlap
 .text.StrnLenS
                0x000000000000b44e       0x92 /tmp/ccruX3QJ.ltrans11.ltrans.o
                0x000000000000b44e                StrnLenS
 .text.StrCpyS  0x000000000000b4e0      0x413 /tmp/ccruX3QJ.ltrans11.ltrans.o
                0x000000000000b4e0                StrCpyS
 .text.SwapBytes64
                0x000000000000b8f3       0x17 /tmp/ccruX3QJ.ltrans12.ltrans.o
                0x000000000000b8f3                SwapBytes64
 .text.SwapBytes32
                0x000000000000b90a       0x3f /tmp/ccruX3QJ.ltrans12.ltrans.o
                0x000000000000b90a                SwapBytes32
 .text.SwapBytes16
                0x000000000000b949       0x1f /tmp/ccruX3QJ.ltrans12.ltrans.o
                0x000000000000b949                SwapBytes16
 .text.RShiftU64
                0x000000000000b968       0x4a /tmp/ccruX3QJ.ltrans12.ltrans.o
                0x000000000000b968                RShiftU64
 .text.MultU64x32
                0x000000000000b9b2       0x27 /tmp/ccruX3QJ.ltrans12.ltrans.o
                0x000000000000b9b2                MultU64x32
 .text.LShiftU64
                0x000000000000b9d9       0x4a /tmp/ccruX3QJ.ltrans12.ltrans.o
                0x000000000000b9d9                LShiftU64
 .text.DivU64x32Remainder
                0x000000000000ba23       0x51 /tmp/ccruX3QJ.ltrans12.ltrans.o
                0x000000000000ba23                DivU64x32Remainder
 .text.DivU64x32
                0x000000000000ba74       0x46 /tmp/ccruX3QJ.ltrans12.ltrans.o
                0x000000000000ba74                DivU64x32
 .text.ReportStatusCodeEx
                0x000000000000baba      0x2af /tmp/ccruX3QJ.ltrans14.ltrans.o
                0x000000000000baba                ReportStatusCodeEx
 .text.ReportProgressCodeEnabled
                0x000000000000bd69       0x18 /tmp/ccruX3QJ.ltrans14.ltrans.o
                0x000000000000bd69                ReportProgressCodeEnabled
 .text.ReportErrorCodeEnabled
                0x000000000000bd81       0x18 /tmp/ccruX3QJ.ltrans14.ltrans.o
                0x000000000000bd81                ReportErrorCodeEnabled
 .text.ReportDebugCodeEnabled
                0x000000000000bd99       0x18 /tmp/ccruX3QJ.ltrans14.ltrans.o
                0x000000000000bd99                ReportDebugCodeEnabled
 .text.InternalMemSetMem
                0x000000000000bdb1      0x13b /tmp/ccruX3QJ.ltrans14.ltrans.o
 .text.ZeroMem  0x000000000000beec       0x85 /tmp/ccruX3QJ.ltrans14.ltrans.o
                0x000000000000beec                ZeroMem
 .text.CopyMem  0x000000000000bf71       0xb7 /tmp/ccruX3QJ.ltrans14.ltrans.o
                0x000000000000bf71                CopyMem
 .text.InternalMemZeroMem
                0x000000000000c028       0x28 /tmp/ccruX3QJ.ltrans14.ltrans.o
 .text.CopyGuid
                0x000000000000c050       0x51 /tmp/ccruX3QJ.ltrans14.ltrans.o
                0x000000000000c050                CopyGuid
 .text.CompareGuid
                0x000000000000c0a1       0x77 /tmp/ccruX3QJ.ltrans14.ltrans.o
                0x000000000000c0a1                CompareGuid
 .text.InternalMemCopyMem
                0x000000000000c118      0x3a8 /tmp/ccruX3QJ.ltrans14.ltrans.o
 .text.BasePrintLibSPrint
                0x000000000000c4c0       0xcc /tmp/ccruX3QJ.ltrans15.ltrans.o
                0x000000000000c4c0                BasePrintLibSPrint
 .text.UnicodeVSPrint
                0x000000000000c58c      0x117 /tmp/ccruX3QJ.ltrans15.ltrans.o
                0x000000000000c58c                UnicodeVSPrint
 .text.UnicodeSPrint
                0x000000000000c6a3       0x48 /tmp/ccruX3QJ.ltrans15.ltrans.o
                0x000000000000c6a3                UnicodeSPrint
 .text.SPrintLength
                0x000000000000c6eb       0xd8 /tmp/ccruX3QJ.ltrans15.ltrans.o
                0x000000000000c6eb                SPrintLength
 .text.InternalAllocatePool
                0x000000000000c7c3       0x45 /tmp/ccruX3QJ.ltrans15.ltrans.o
 .text.AllocatePool
                0x000000000000c808       0x8e /tmp/ccruX3QJ.ltrans15.ltrans.o
                0x000000000000c808                AllocatePool
 .text.InternalAllocateZeroPool
                0x000000000000c896       0x45 /tmp/ccruX3QJ.ltrans15.ltrans.o
 .text.AllocateZeroPool
                0x000000000000c8db       0x8e /tmp/ccruX3QJ.ltrans15.ltrans.o
                0x000000000000c8db                AllocateZeroPool
 .text.InternalAllocateCopyPool
                0x000000000000c969       0xa6 /tmp/ccruX3QJ.ltrans15.ltrans.o
 .text.AllocateCopyPool
                0x000000000000ca0f       0x99 /tmp/ccruX3QJ.ltrans15.ltrans.o
                0x000000000000ca0f                AllocateCopyPool
 .text.InternalReallocatePool
                0x000000000000caa8       0x6f /tmp/ccruX3QJ.ltrans15.ltrans.o
 .text.ReallocatePool
                0x000000000000cb17       0xa4 /tmp/ccruX3QJ.ltrans15.ltrans.o
                0x000000000000cb17                ReallocatePool
 .text.FreePool
                0x000000000000cbbb       0x7c /tmp/ccruX3QJ.ltrans15.ltrans.o
                0x000000000000cbbb                FreePool
 .text.GetDebugPrintErrorLevel
                0x000000000000cc37        0xc /tmp/ccruX3QJ.ltrans15.ltrans.o
                0x000000000000cc37                GetDebugPrintErrorLevel
 .text.InternalGetReportStatusCode
                0x000000000000cc43       0x70 /tmp/ccruX3QJ.ltrans15.ltrans.o
 .text.InternalReportStatusCode
                0x000000000000ccb3       0xa8 /tmp/ccruX3QJ.ltrans15.ltrans.o
                0x000000000000ccb3                InternalReportStatusCode
 .text.DevicePathEntryPoint
                0x000000000000cd5b      0x164 /tmp/ccruX3QJ.ltrans16.ltrans.o
 .text.ProcessLibraryConstructorList
                0x000000000000cebf       0x7f /tmp/ccruX3QJ.ltrans16.ltrans.o
                0x000000000000cebf                ProcessLibraryConstructorList
 .text.ProcessLibraryDestructorList
                0x000000000000cf3e        0xe /tmp/ccruX3QJ.ltrans16.ltrans.o
                0x000000000000cf3e                ProcessLibraryDestructorList
 .text.ProcessModuleEntryPointList
                0x000000000000cf4c       0x22 /tmp/ccruX3QJ.ltrans16.ltrans.o
                0x000000000000cf4c                ProcessModuleEntryPointList
 .text.ProcessModuleUnloadList
                0x000000000000cf6e        0xf /tmp/ccruX3QJ.ltrans16.ltrans.o
                0x000000000000cf6e                ProcessModuleUnloadList
 .text.BasePrintLibFillBuffer
                0x000000000000cf7d       0x72 /tmp/ccruX3QJ.ltrans16.ltrans.o
 .text.BasePrintLibValueToString
                0x000000000000cfef       0x62 /tmp/ccruX3QJ.ltrans16.ltrans.o
 .text.BasePrintLibSPrintMarker
                0x000000000000d051     0x171d /tmp/ccruX3QJ.ltrans16.ltrans.o
                0x000000000000d051                BasePrintLibSPrintMarker
 *(.rodata .rodata.* .gnu.linkonce.r.*)
 .rodata.str1.1
                0x000000000000e76e       0xa7 /tmp/ccruX3QJ.ltrans0.ltrans.o
 .rodata._gPcd_FixedAtBuild_PcdDevicePathSupportDevicePathFromText
                0x000000000000e815        0x1 /tmp/ccruX3QJ.ltrans0.ltrans.o
                0x000000000000e815                _gPcd_FixedAtBuild_PcdDevicePathSupportDevicePathFromText
 .rodata._gPcd_FixedAtBuild_PcdDevicePathSupportDevicePathToText
                0x000000000000e816        0x1 /tmp/ccruX3QJ.ltrans0.ltrans.o
                0x000000000000e816                _gPcd_FixedAtBuild_PcdDevicePathSupportDevicePathToText
 *fill*         0x000000000000e817        0x1 
 .rodata._gPcd_FixedAtBuild_PcdMaximumAsciiStringLength
                0x000000000000e818        0x4 /tmp/ccruX3QJ.ltrans0.ltrans.o
                0x000000000000e818                _gPcd_FixedAtBuild_PcdMaximumAsciiStringLength
 .rodata._gPcd_FixedAtBuild_PcdMaximumUnicodeStringLength
                0x000000000000e81c        0x4 /tmp/ccruX3QJ.ltrans0.ltrans.o
                0x000000000000e81c                _gPcd_FixedAtBuild_PcdMaximumUnicodeStringLength
 .rodata._gPcd_FixedAtBuild_PcdDebugPrintErrorLevel
                0x000000000000e820        0x4 /tmp/ccruX3QJ.ltrans0.ltrans.o
                0x000000000000e820                _gPcd_FixedAtBuild_PcdDebugPrintErrorLevel
 .rodata._gPcd_FixedAtBuild_PcdReportStatusCodePropertyMask
                0x000000000000e824        0x1 /tmp/ccruX3QJ.ltrans0.ltrans.o
                0x000000000000e824                _gPcd_FixedAtBuild_PcdReportStatusCodePropertyMask
 .rodata._gPcd_FixedAtBuild_PcdDebugPropertyMask
                0x000000000000e825        0x1 /tmp/ccruX3QJ.ltrans0.ltrans.o
                0x000000000000e825                _gPcd_FixedAtBuild_PcdDebugPropertyMask
 *fill*         0x000000000000e826        0x2 
 .rodata._gPcd_FixedAtBuild_PcdFixedDebugPrintErrorLevel
                0x000000000000e828        0x4 /tmp/ccruX3QJ.ltrans0.ltrans.o
                0x000000000000e828                _gPcd_FixedAtBuild_PcdFixedDebugPrintErrorLevel
 .rodata._gPcd_FixedAtBuild_PcdMaximumDevicePathNodeCount
                0x000000000000e82c        0x4 /tmp/ccruX3QJ.ltrans0.ltrans.o
                0x000000000000e82c                _gPcd_FixedAtBuild_PcdMaximumDevicePathNodeCount
 .rodata._gUefiDriverRevision
                0x000000000000e830        0x4 /tmp/ccruX3QJ.ltrans0.ltrans.o
 .rodata._gDriverUnloadImageCount
                0x000000000000e834        0x1 /tmp/ccruX3QJ.ltrans0.ltrans.o
 *fill*         0x000000000000e835        0xb 
 .rodata.mHexStr
                0x000000000000e840       0x10 /tmp/ccruX3QJ.ltrans0.ltrans.o
                0x000000000000e840                mHexStr
 *fill*         0x000000000000e850       0x10 
 .rodata.mWarningString
                0x000000000000e860       0x96 /tmp/ccruX3QJ.ltrans0.ltrans.o
                0x000000000000e860                mWarningString
 *fill*         0x000000000000e8f6        0xa 
 .rodata.mErrorString
                0x000000000000e900      0x2b5 /tmp/ccruX3QJ.ltrans0.ltrans.o
                0x000000000000e900                mErrorString
 *fill*         0x000000000000ebb5        0x3 
 .rodata.__FUNCTION__.2845.lto_priv.28
                0x000000000000ebb8        0x8 /tmp/ccruX3QJ.ltrans0.ltrans.o
                0x000000000000ebb8                __FUNCTION__.2845.lto_priv.28
 .rodata.__FUNCTION__.2890.lto_priv.24
                0x000000000000ebc0       0x13 /tmp/ccruX3QJ.ltrans0.ltrans.o
                0x000000000000ebc0                __FUNCTION__.2890.lto_priv.24
 *fill*         0x000000000000ebd3        0xd 
 .rodata.__FUNCTION__.2905.lto_priv.23
                0x000000000000ebe0       0x14 /tmp/ccruX3QJ.ltrans0.ltrans.o
                0x000000000000ebe0                __FUNCTION__.2905.lto_priv.23
 *fill*         0x000000000000ebf4        0x4 
 .rodata.__FUNCTION__.2920.lto_priv.22
                0x000000000000ebf8        0xf /tmp/ccruX3QJ.ltrans0.ltrans.o
                0x000000000000ebf8                __FUNCTION__.2920.lto_priv.22
 *fill*         0x000000000000ec07        0x9 
 .rodata.__FUNCTION__.2935.lto_priv.21
                0x000000000000ec10       0x10 /tmp/ccruX3QJ.ltrans0.ltrans.o
                0x000000000000ec10                __FUNCTION__.2935.lto_priv.21
 .rodata.__FUNCTION__.2960.lto_priv.20
                0x000000000000ec20       0x11 /tmp/ccruX3QJ.ltrans0.ltrans.o
                0x000000000000ec20                __FUNCTION__.2960.lto_priv.20
 *fill*         0x000000000000ec31        0xf 
 .rodata.__FUNCTION__.2976.lto_priv.19
                0x000000000000ec40       0x11 /tmp/ccruX3QJ.ltrans0.ltrans.o
                0x000000000000ec40                __FUNCTION__.2976.lto_priv.19
 *fill*         0x000000000000ec51        0x7 
 .rodata.__FUNCTION__.2986.lto_priv.18
                0x000000000000ec58        0xa /tmp/ccruX3QJ.ltrans0.ltrans.o
                0x000000000000ec58                __FUNCTION__.2986.lto_priv.18
 *fill*         0x000000000000ec62        0x6 
 .rodata.__FUNCTION__.2994.lto_priv.17
                0x000000000000ec68        0xe /tmp/ccruX3QJ.ltrans0.ltrans.o
                0x000000000000ec68                __FUNCTION__.2994.lto_priv.17
 *fill*         0x000000000000ec76        0x2 
 .rodata.__FUNCTION__.3030.lto_priv.15
                0x000000000000ec78        0xe /tmp/ccruX3QJ.ltrans0.ltrans.o
                0x000000000000ec78                __FUNCTION__.3030.lto_priv.15
 *fill*         0x000000000000ec86        0xa 
 .rodata.__FUNCTION__.3125.lto_priv.8
                0x000000000000ec90       0x16 /tmp/ccruX3QJ.ltrans0.ltrans.o
                0x000000000000ec90                __FUNCTION__.3125.lto_priv.8
 .rodata.mUefiDevicePathLibEndDevicePath
                0x000000000000eca6        0x4 /tmp/ccruX3QJ.ltrans0.ltrans.o
                0x000000000000eca6                mUefiDevicePathLibEndDevicePath
 .rodata.str2.2
                0x000000000000ecaa      0x4ec /tmp/ccruX3QJ.ltrans0.ltrans.o
                                        0x514 (size before relaxing)
 *fill*         0x000000000000f196        0x2 
 .rodata.str2.8
                0x000000000000f198       0xb8 /tmp/ccruX3QJ.ltrans0.ltrans.o
 .rodata.str1.8
                0x000000000000f250      0x15c /tmp/ccruX3QJ.ltrans0.ltrans.o
 .rodata.str2.2
                0x000000000000f3ac       0xee /tmp/ccruX3QJ.ltrans1.ltrans.o
                                         0xfa (size before relaxing)
 *fill*         0x000000000000f49a        0x6 
 .rodata.str2.8
                0x000000000000f4a0       0x2e /tmp/ccruX3QJ.ltrans1.ltrans.o
 *fill*         0x000000000000f4ce        0x2 
 .rodata.DevPathFromTextUart
                0x000000000000f4d0       0x40 /tmp/ccruX3QJ.ltrans1.ltrans.o
 .rodata.str2.2
                0x000000000000f510       0x9a /tmp/ccruX3QJ.ltrans2.ltrans.o
                                         0xf6 (size before relaxing)
 *fill*         0x000000000000f5aa        0x2 
 .rodata.DevPathToTextBBS
                0x000000000000f5ac       0x1c /tmp/ccruX3QJ.ltrans2.ltrans.o
 .rodata.str1.1
                0x000000000000f5c8       0x30 /tmp/ccruX3QJ.ltrans2.ltrans.o
 .rodata.str1.8
                0x000000000000f5f8       0x51 /tmp/ccruX3QJ.ltrans2.ltrans.o
                                         0xab (size before relaxing)
 *fill*         0x000000000000f649        0x1 
 .rodata.str2.2
                0x000000000000f64a      0x30a /tmp/ccruX3QJ.ltrans3.ltrans.o
                                        0x554 (size before relaxing)
 *fill*         0x000000000000f954        0x4 
 .rodata.str2.8
                0x000000000000f958      0x696 /tmp/ccruX3QJ.ltrans3.ltrans.o
 .rodata.str1.1
                0x000000000000ffee       0x2e /tmp/ccruX3QJ.ltrans3.ltrans.o
 .rodata.str1.8
                0x000000000001001c       0x51 /tmp/ccruX3QJ.ltrans3.ltrans.o
 .rodata.DevPathToTextUart
                0x000000000001001c       0x18 /tmp/ccruX3QJ.ltrans3.ltrans.o
 .rodata.str1.1
                0x0000000000010034       0x33 /tmp/ccruX3QJ.ltrans4.ltrans.o
                                         0x5f (size before relaxing)
 *fill*         0x0000000000010067        0x1 
 .rodata.str1.8
                0x0000000000010068       0xff /tmp/ccruX3QJ.ltrans4.ltrans.o
                                        0x151 (size before relaxing)
 *fill*         0x0000000000010167        0x1 
 .rodata.str2.2
                0x0000000000010168      0x1f4 /tmp/ccruX3QJ.ltrans4.ltrans.o
                                        0x2ec (size before relaxing)
 *fill*         0x000000000001035c        0x4 
 .rodata.str2.8
                0x0000000000010360      0x1e0 /tmp/ccruX3QJ.ltrans4.ltrans.o
 .rodata.str1.1
                0x0000000000010540       0xc7 /tmp/ccruX3QJ.ltrans5.ltrans.o
                                         0xde (size before relaxing)
 *fill*         0x0000000000010607        0x1 
 .rodata.str1.8
                0x0000000000010608      0x32f /tmp/ccruX3QJ.ltrans5.ltrans.o
                                        0x38f (size before relaxing)
 .rodata.str1.1
                0x0000000000010937      0x114 /tmp/ccruX3QJ.ltrans6.ltrans.o
                                        0x13d (size before relaxing)
 *fill*         0x0000000000010a4b        0x5 
 .rodata.str1.8
                0x0000000000010a50      0x3ad /tmp/ccruX3QJ.ltrans6.ltrans.o
 *fill*         0x0000000000010dfd        0x3 
 .rodata.str1.8
                0x0000000000010e00      0x259 /tmp/ccruX3QJ.ltrans7.ltrans.o
                                        0x299 (size before relaxing)
 .rodata.str1.1
                0x0000000000011059      0x15a /tmp/ccruX3QJ.ltrans7.ltrans.o
                                        0x170 (size before relaxing)
 *fill*         0x00000000000111b3        0x5 
 .rodata.str1.8
                0x00000000000111b8      0x28d /tmp/ccruX3QJ.ltrans8.ltrans.o
                                        0x355 (size before relaxing)
 .rodata.str1.1
                0x0000000000011445       0x83 /tmp/ccruX3QJ.ltrans8.ltrans.o
                                         0x9c (size before relaxing)
 .rodata.str1.8
                0x00000000000114c8       0x5b /tmp/ccruX3QJ.ltrans9.ltrans.o
                                        0x253 (size before relaxing)
 .rodata.str1.1
                0x0000000000011523       0x25 /tmp/ccruX3QJ.ltrans9.ltrans.o
                                        0x136 (size before relaxing)
 .rodata.str1.8
                0x0000000000011548       0xda /tmp/ccruX3QJ.ltrans10.ltrans.o
                                        0x2aa (size before relaxing)
 .rodata.str1.1
                0x0000000000011622       0xb5 /tmp/ccruX3QJ.ltrans10.ltrans.o
 .rodata.str1.1
                0x0000000000011622       0x77 /tmp/ccruX3QJ.ltrans11.ltrans.o
                                         0xe6 (size before relaxing)
 *fill*         0x0000000000011699        0x7 
 .rodata.str1.8
                0x00000000000116a0      0x2a8 /tmp/ccruX3QJ.ltrans11.ltrans.o
                                        0x47f (size before relaxing)
 .rodata.str1.1
                0x0000000000011948      0x11b /tmp/ccruX3QJ.ltrans12.ltrans.o
                                        0x197 (size before relaxing)
 *fill*         0x0000000000011a63        0x5 
 .rodata.str1.8
                0x0000000000011a68      0x5eb /tmp/ccruX3QJ.ltrans12.ltrans.o
                                        0x62b (size before relaxing)
 .rodata.str1.1
                0x0000000000012053       0x7c /tmp/ccruX3QJ.ltrans14.ltrans.o
                                         0xae (size before relaxing)
 *fill*         0x00000000000120cf        0x1 
 .rodata.str1.8
                0x00000000000120d0      0x75a /tmp/ccruX3QJ.ltrans14.ltrans.o
                                        0x7aa (size before relaxing)
 *fill*         0x000000000001282a        0x6 
 .rodata.str1.8
                0x0000000000012830      0x186 /tmp/ccruX3QJ.ltrans15.ltrans.o
                                        0x237 (size before relaxing)
 .rodata.str1.1
                0x00000000000129b6       0xb8 /tmp/ccruX3QJ.ltrans15.ltrans.o
                                         0xfb (size before relaxing)
 *fill*         0x0000000000012a6e        0x2 
 .rodata.str1.8
                0x0000000000012a70      0x400 /tmp/ccruX3QJ.ltrans16.ltrans.o
                                        0x449 (size before relaxing)
 .rodata.str1.1
                0x0000000000012e70       0x7b /tmp/ccruX3QJ.ltrans16.ltrans.o
                                         0xab (size before relaxing)
 *fill*         0x0000000000012eeb        0x1 
 .rodata.BasePrintLibSPrintMarker
                0x0000000000012eec      0x370 /tmp/ccruX3QJ.ltrans16.ltrans.o
 *(.got .got.*)
 .got           0x000000000001325c        0x0 DevicePath.obj (symbol from plugin)
 .got.plt       0x000000000001325c        0x0 DevicePath.obj (symbol from plugin)
 *:AutoGen.obj(.data.g*Guid)

.plt            0x0000000000013260        0x0
 .plt           0x0000000000013260        0x0 DevicePath.obj (symbol from plugin)

.plt.got        0x0000000000013260        0x0
 .plt.got       0x0000000000013260        0x0 DevicePath.obj (symbol from plugin)

.data           0x0000000000013280      0xab0
 *(.data .data.* .gnu.linkonce.d.*)
 .data.rel.ro.local.mDevicePathUtilities
                0x0000000000013280       0x40 /tmp/ccruX3QJ.ltrans0.ltrans.o
                0x0000000000013280                mDevicePathUtilities
 .data.rel.ro.local.mDevicePathToText
                0x00000000000132c0       0x10 /tmp/ccruX3QJ.ltrans0.ltrans.o
                0x00000000000132c0                mDevicePathToText
 .data.rel.ro.local.mDevicePathFromText
                0x00000000000132d0       0x10 /tmp/ccruX3QJ.ltrans0.ltrans.o
                0x00000000000132d0                mDevicePathFromText
 .data.gEfiCallerIdGuid
                0x00000000000132e0       0x10 /tmp/ccruX3QJ.ltrans0.ltrans.o
                0x00000000000132e0                gEfiCallerIdGuid
 .data.rel.local.gEfiCallerBaseName
                0x00000000000132f0        0x8 /tmp/ccruX3QJ.ltrans0.ltrans.o
                0x00000000000132f0                gEfiCallerBaseName
 *fill*         0x00000000000132f8        0x8 
 .data.gEfiStatusCodeSpecificDataGuid
                0x0000000000013300       0x10 /tmp/ccruX3QJ.ltrans0.ltrans.o
                0x0000000000013300                gEfiStatusCodeSpecificDataGuid
 .data.gEfiStatusCodeDataTypeDebugGuid
                0x0000000000013310       0x10 /tmp/ccruX3QJ.ltrans0.ltrans.o
                0x0000000000013310                gEfiStatusCodeDataTypeDebugGuid
 .data.gEfiVTUTF8Guid
                0x0000000000013320       0x10 /tmp/ccruX3QJ.ltrans0.ltrans.o
                0x0000000000013320                gEfiVTUTF8Guid
 .data.gEfiVT100Guid
                0x0000000000013330       0x10 /tmp/ccruX3QJ.ltrans0.ltrans.o
                0x0000000000013330                gEfiVT100Guid
 .data.gEfiVT100PlusGuid
                0x0000000000013340       0x10 /tmp/ccruX3QJ.ltrans0.ltrans.o
                0x0000000000013340                gEfiVT100PlusGuid
 .data.gEfiPcAnsiGuid
                0x0000000000013350       0x10 /tmp/ccruX3QJ.ltrans0.ltrans.o
                0x0000000000013350                gEfiPcAnsiGuid
 .data.gEfiUartDevicePathGuid
                0x0000000000013360       0x10 /tmp/ccruX3QJ.ltrans0.ltrans.o
                0x0000000000013360                gEfiUartDevicePathGuid
 .data.gEfiSasDevicePathGuid
                0x0000000000013370       0x10 /tmp/ccruX3QJ.ltrans0.ltrans.o
                0x0000000000013370                gEfiSasDevicePathGuid
 .data.gEfiVirtualDiskGuid
                0x0000000000013380       0x10 /tmp/ccruX3QJ.ltrans0.ltrans.o
                0x0000000000013380                gEfiVirtualDiskGuid
 .data.gEfiVirtualCdGuid
                0x0000000000013390       0x10 /tmp/ccruX3QJ.ltrans0.ltrans.o
                0x0000000000013390                gEfiVirtualCdGuid
 .data.gEfiPersistentVirtualDiskGuid
                0x00000000000133a0       0x10 /tmp/ccruX3QJ.ltrans0.ltrans.o
                0x00000000000133a0                gEfiPersistentVirtualDiskGuid
 .data.gEfiPersistentVirtualCdGuid
                0x00000000000133b0       0x10 /tmp/ccruX3QJ.ltrans0.ltrans.o
                0x00000000000133b0                gEfiPersistentVirtualCdGuid
 .data.gEfiDevicePathToTextProtocolGuid
                0x00000000000133c0       0x10 /tmp/ccruX3QJ.ltrans0.ltrans.o
                0x00000000000133c0                gEfiDevicePathToTextProtocolGuid
 .data.gEfiDevicePathFromTextProtocolGuid
                0x00000000000133d0       0x10 /tmp/ccruX3QJ.ltrans0.ltrans.o
                0x00000000000133d0                gEfiDevicePathFromTextProtocolGuid
 .data.gEfiDevicePathUtilitiesProtocolGuid
                0x00000000000133e0       0x10 /tmp/ccruX3QJ.ltrans0.ltrans.o
                0x00000000000133e0                gEfiDevicePathUtilitiesProtocolGuid
 .data.gEfiStatusCodeRuntimeProtocolGuid
                0x00000000000133f0       0x10 /tmp/ccruX3QJ.ltrans0.ltrans.o
                0x00000000000133f0                gEfiStatusCodeRuntimeProtocolGuid
 .data.gEfiDebugPortProtocolGuid
                0x0000000000013400       0x10 /tmp/ccruX3QJ.ltrans0.ltrans.o
                0x0000000000013400                gEfiDebugPortProtocolGuid
 .data.gEfiLoadedImageProtocolGuid
                0x0000000000013410       0x10 /tmp/ccruX3QJ.ltrans0.ltrans.o
 .data.rel.ro.local.mUefiDevicePathLibToTextTableGeneric
                0x0000000000013420       0x60 /tmp/ccruX3QJ.ltrans0.ltrans.o
                0x0000000000013420                mUefiDevicePathLibToTextTableGeneric
 .data.rel.ro.local.mUefiDevicePathLibToTextTable
                0x0000000000013480      0x320 /tmp/ccruX3QJ.ltrans0.ltrans.o
                0x0000000000013480                mUefiDevicePathLibToTextTable
 .data.rel.local.mUefiDevicePathLibDevPathFromTextTable
                0x00000000000137a0      0x570 /tmp/ccruX3QJ.ltrans0.ltrans.o
 .data.rel.ro   0x0000000000013d10        0x0 DevicePath.obj (symbol from plugin)
 *(.bss .bss.*)
 .bss.mReportStatusCodeLibStatusCodeProtocol
                0x0000000000013d10        0x8 /tmp/ccruX3QJ.ltrans0.ltrans.o
                0x0000000000013d10                mReportStatusCodeLibStatusCodeProtocol
 .bss.gImageHandle
                0x0000000000013d18        0x8 /tmp/ccruX3QJ.ltrans0.ltrans.o
                0x0000000000013d18                gImageHandle
 .bss.gST       0x0000000000013d20        0x8 /tmp/ccruX3QJ.ltrans0.ltrans.o
                0x0000000000013d20                gST
 .bss.gBS       0x0000000000013d28        0x8 /tmp/ccruX3QJ.ltrans0.ltrans.o
                0x0000000000013d28                gBS

.eh_frame       0x0000000000013d40        0x0
 *(.eh_frame)
 .eh_frame      0x0000000000013d40        0x0 DevicePath.obj (symbol from plugin)
 .eh_frame      0x0000000000013d40        0x0 DevicePath.obj (symbol from plugin)

.dynbss         0x0000000000013d40        0x0
 .dynbss        0x0000000000013d40        0x0 DevicePath.obj (symbol from plugin)

.gnu.version_d  0x0000000000013d40        0x0
 .gnu.version_d
                0x0000000000013d40        0x0 DevicePath.obj (symbol from plugin)

.gnu.version    0x0000000000013d40        0x0
 .gnu.version   0x0000000000013d40        0x0 DevicePath.obj (symbol from plugin)

.gnu.version_r  0x0000000000013d40        0x0
 .gnu.version_r
                0x0000000000013d40        0x0 DevicePath.obj (symbol from plugin)

.rela           0x0000000000013d40     0x1668
 *(.rela .rela.*)
 .rela.plt      0x0000000000013d40        0x0 DevicePath.obj (symbol from plugin)
 .rela.got      0x0000000000013d40        0x0 DevicePath.obj (symbol from plugin)
 .rela.bss      0x0000000000013d40        0x0 DevicePath.obj (symbol from plugin)
 .rela.data.rel.ro
                0x0000000000013d40        0x0 DevicePath.obj (symbol from plugin)
 .rela.ifunc    0x0000000000013d40        0x0 DevicePath.obj (symbol from plugin)
 .rela.data.rel.ro.local.mDevicePathUtilities
                0x0000000000013d40       0xc0 DevicePath.obj (symbol from plugin)
 .rela.data.rel.ro.local.mDevicePathToText
                0x0000000000013e00       0x30 DevicePath.obj (symbol from plugin)
 .rela.data.rel.ro.local.mDevicePathFromText
                0x0000000000013e30       0x30 DevicePath.obj (symbol from plugin)
 .rela.data.rel.local.gEfiCallerBaseName
                0x0000000000013e60       0x18 DevicePath.obj (symbol from plugin)
 .rela.data.rel.ro.local.mUefiDevicePathLibToTextTableGeneric
                0x0000000000013e78       0x78 DevicePath.obj (symbol from plugin)
 .rela.data.rel.ro.local.mUefiDevicePathLibToTextTable
                0x0000000000013ef0      0x498 DevicePath.obj (symbol from plugin)
 .rela.data.rel.local.mUefiDevicePathLibDevPathFromTextTable
                0x0000000000014388     0x1020 DevicePath.obj (symbol from plugin)

.hii
 *(.hii)

.build-id       0x00000000000153a8       0x24
 *(.note.gnu.build-id)
 .note.gnu.build-id
                0x00000000000153a8       0x24 DevicePath.obj (symbol from plugin)

/DISCARD/
 *(.note.GNU-stack)
 *(.gnu_debuglink)
 *(.interp)
 *(.dynsym)
 *(.dynstr)
 *(.dynamic)
 *(.hash .gnu.hash)
 *(.comment)
OUTPUT(/home/hcj/UEFIWorkspace/Build/EmulatorX64/DEBUG_GCC5/X64/MdeModulePkg/Universal/DevicePathDxe/DevicePathDxe/DEBUG/DevicePathDxe.dll elf64-x86-64)

.debug_info     0x0000000000000000    0x14ce5
 .debug_info    0x0000000000000000     0x3acf /tmp/ccruX3QJ.ltrans0.ltrans.o
 .debug_info    0x0000000000003acf     0x18c3 /tmp/ccruX3QJ.ltrans1.ltrans.o
 .debug_info    0x0000000000005392     0x17e2 /tmp/ccruX3QJ.ltrans2.ltrans.o
 .debug_info    0x0000000000006b74     0x1f60 /tmp/ccruX3QJ.ltrans3.ltrans.o
 .debug_info    0x0000000000008ad4     0x1210 /tmp/ccruX3QJ.ltrans4.ltrans.o
 .debug_info    0x0000000000009ce4     0x1366 /tmp/ccruX3QJ.ltrans5.ltrans.o
 .debug_info    0x000000000000b04a     0x185a /tmp/ccruX3QJ.ltrans6.ltrans.o
 .debug_info    0x000000000000c8a4      0xa5c /tmp/ccruX3QJ.ltrans7.ltrans.o
 .debug_info    0x000000000000d300      0x442 /tmp/ccruX3QJ.ltrans8.ltrans.o
 .debug_info    0x000000000000d742      0x6a4 /tmp/ccruX3QJ.ltrans9.ltrans.o
 .debug_info    0x000000000000dde6      0x524 /tmp/ccruX3QJ.ltrans10.ltrans.o
 .debug_info    0x000000000000e30a      0xb3f /tmp/ccruX3QJ.ltrans11.ltrans.o
 .debug_info    0x000000000000ee49     0x127e /tmp/ccruX3QJ.ltrans12.ltrans.o
 .debug_info    0x00000000000100c7     0x1ade /tmp/ccruX3QJ.ltrans14.ltrans.o
 .debug_info    0x0000000000011ba5     0x13f4 /tmp/ccruX3QJ.ltrans15.ltrans.o
 .debug_info    0x0000000000012f99     0x1d4c /tmp/ccruX3QJ.ltrans16.ltrans.o

.debug_abbrev   0x0000000000000000     0x1cf9
 .debug_abbrev  0x0000000000000000      0x258 /tmp/ccruX3QJ.ltrans0.ltrans.o
 .debug_abbrev  0x0000000000000258      0x139 /tmp/ccruX3QJ.ltrans1.ltrans.o
 .debug_abbrev  0x0000000000000391      0x22c /tmp/ccruX3QJ.ltrans2.ltrans.o
 .debug_abbrev  0x00000000000005bd      0x14b /tmp/ccruX3QJ.ltrans3.ltrans.o
 .debug_abbrev  0x0000000000000708      0x280 /tmp/ccruX3QJ.ltrans4.ltrans.o
 .debug_abbrev  0x0000000000000988      0x2b5 /tmp/ccruX3QJ.ltrans5.ltrans.o
 .debug_abbrev  0x0000000000000c3d      0x245 /tmp/ccruX3QJ.ltrans6.ltrans.o
 .debug_abbrev  0x0000000000000e82      0x166 /tmp/ccruX3QJ.ltrans7.ltrans.o
 .debug_abbrev  0x0000000000000fe8       0xbe /tmp/ccruX3QJ.ltrans8.ltrans.o
 .debug_abbrev  0x00000000000010a6       0xf6 /tmp/ccruX3QJ.ltrans9.ltrans.o
 .debug_abbrev  0x000000000000119c       0xe9 /tmp/ccruX3QJ.ltrans10.ltrans.o
 .debug_abbrev  0x0000000000001285      0x192 /tmp/ccruX3QJ.ltrans11.ltrans.o
 .debug_abbrev  0x0000000000001417      0x21b /tmp/ccruX3QJ.ltrans12.ltrans.o
 .debug_abbrev  0x0000000000001632      0x253 /tmp/ccruX3QJ.ltrans14.ltrans.o
 .debug_abbrev  0x0000000000001885      0x212 /tmp/ccruX3QJ.ltrans15.ltrans.o
 .debug_abbrev  0x0000000000001a97      0x262 /tmp/ccruX3QJ.ltrans16.ltrans.o

.debug_aranges  0x0000000000000000     0x2760
 .debug_aranges
                0x0000000000000000      0x250 /tmp/ccruX3QJ.ltrans0.ltrans.o
 .debug_aranges
                0x0000000000000250      0x290 /tmp/ccruX3QJ.ltrans1.ltrans.o
 .debug_aranges
                0x00000000000004e0      0x350 /tmp/ccruX3QJ.ltrans2.ltrans.o
 .debug_aranges
                0x0000000000000830      0x2a0 /tmp/ccruX3QJ.ltrans3.ltrans.o
 .debug_aranges
                0x0000000000000ad0      0x270 /tmp/ccruX3QJ.ltrans4.ltrans.o
 .debug_aranges
                0x0000000000000d40      0x570 /tmp/ccruX3QJ.ltrans5.ltrans.o
 .debug_aranges
                0x00000000000012b0      0x3f0 /tmp/ccruX3QJ.ltrans6.ltrans.o
 .debug_aranges
                0x00000000000016a0      0x1d0 /tmp/ccruX3QJ.ltrans7.ltrans.o
 .debug_aranges
                0x0000000000001870       0x90 /tmp/ccruX3QJ.ltrans8.ltrans.o
 .debug_aranges
                0x0000000000001900       0xc0 /tmp/ccruX3QJ.ltrans9.ltrans.o
 .debug_aranges
                0x00000000000019c0       0x90 /tmp/ccruX3QJ.ltrans10.ltrans.o
 .debug_aranges
                0x0000000000001a50      0x220 /tmp/ccruX3QJ.ltrans11.ltrans.o
 .debug_aranges
                0x0000000000001c70      0x380 /tmp/ccruX3QJ.ltrans12.ltrans.o
 .debug_aranges
                0x0000000000001ff0      0x350 /tmp/ccruX3QJ.ltrans14.ltrans.o
 .debug_aranges
                0x0000000000002340      0x350 /tmp/ccruX3QJ.ltrans15.ltrans.o
 .debug_aranges
                0x0000000000002690       0xd0 /tmp/ccruX3QJ.ltrans16.ltrans.o

.debug_ranges   0x0000000000000000     0x2660
 .debug_ranges  0x0000000000000000      0x240 /tmp/ccruX3QJ.ltrans0.ltrans.o
 .debug_ranges  0x0000000000000240      0x280 /tmp/ccruX3QJ.ltrans1.ltrans.o
 .debug_ranges  0x00000000000004c0      0x340 /tmp/ccruX3QJ.ltrans2.ltrans.o
 .debug_ranges  0x0000000000000800      0x290 /tmp/ccruX3QJ.ltrans3.ltrans.o
 .debug_ranges  0x0000000000000a90      0x260 /tmp/ccruX3QJ.ltrans4.ltrans.o
 .debug_ranges  0x0000000000000cf0      0x560 /tmp/ccruX3QJ.ltrans5.ltrans.o
 .debug_ranges  0x0000000000001250      0x3e0 /tmp/ccruX3QJ.ltrans6.ltrans.o
 .debug_ranges  0x0000000000001630      0x1c0 /tmp/ccruX3QJ.ltrans7.ltrans.o
 .debug_ranges  0x00000000000017f0       0x80 /tmp/ccruX3QJ.ltrans8.ltrans.o
 .debug_ranges  0x0000000000001870       0xb0 /tmp/ccruX3QJ.ltrans9.ltrans.o
 .debug_ranges  0x0000000000001920       0x80 /tmp/ccruX3QJ.ltrans10.ltrans.o
 .debug_ranges  0x00000000000019a0      0x210 /tmp/ccruX3QJ.ltrans11.ltrans.o
 .debug_ranges  0x0000000000001bb0      0x370 /tmp/ccruX3QJ.ltrans12.ltrans.o
 .debug_ranges  0x0000000000001f20      0x340 /tmp/ccruX3QJ.ltrans14.ltrans.o
 .debug_ranges  0x0000000000002260      0x340 /tmp/ccruX3QJ.ltrans15.ltrans.o
 .debug_ranges  0x00000000000025a0       0xc0 /tmp/ccruX3QJ.ltrans16.ltrans.o

.debug_line     0x0000000000000000     0x77bf
 .debug_line    0x0000000000000000      0xa9d /tmp/ccruX3QJ.ltrans0.ltrans.o
 .debug_line    0x0000000000000a9d      0x755 /tmp/ccruX3QJ.ltrans1.ltrans.o
 .debug_line    0x00000000000011f2      0x85b /tmp/ccruX3QJ.ltrans2.ltrans.o
 .debug_line    0x0000000000001a4d      0x827 /tmp/ccruX3QJ.ltrans3.ltrans.o
 .debug_line    0x0000000000002274      0x85b /tmp/ccruX3QJ.ltrans4.ltrans.o
 .debug_line    0x0000000000002acf      0xbe5 /tmp/ccruX3QJ.ltrans5.ltrans.o
 .debug_line    0x00000000000036b4      0x969 /tmp/ccruX3QJ.ltrans6.ltrans.o
 .debug_line    0x000000000000401d      0x505 /tmp/ccruX3QJ.ltrans7.ltrans.o
 .debug_line    0x0000000000004522      0x2b5 /tmp/ccruX3QJ.ltrans8.ltrans.o
 .debug_line    0x00000000000047d7      0x30c /tmp/ccruX3QJ.ltrans9.ltrans.o
 .debug_line    0x0000000000004ae3      0x2e3 /tmp/ccruX3QJ.ltrans10.ltrans.o
 .debug_line    0x0000000000004dc6      0x536 /tmp/ccruX3QJ.ltrans11.ltrans.o
 .debug_line    0x00000000000052fc      0x9a3 /tmp/ccruX3QJ.ltrans12.ltrans.o
 .debug_line    0x0000000000005c9f      0xaad /tmp/ccruX3QJ.ltrans14.ltrans.o
 .debug_line    0x000000000000674c      0x988 /tmp/ccruX3QJ.ltrans15.ltrans.o
 .debug_line    0x00000000000070d4      0x6eb /tmp/ccruX3QJ.ltrans16.ltrans.o

.debug_str      0x0000000000000000     0x670d
 .debug_str     0x0000000000000000     0x28c9 /tmp/ccruX3QJ.ltrans0.ltrans.o
                                       0x2dab (size before relaxing)
 .debug_str     0x00000000000028c9      0xa43 /tmp/ccruX3QJ.ltrans1.ltrans.o
                                        0xe1a (size before relaxing)
 .debug_str     0x000000000000330c      0x817 /tmp/ccruX3QJ.ltrans2.ltrans.o
                                        0xcb2 (size before relaxing)
 .debug_str     0x0000000000003b23      0x37a /tmp/ccruX3QJ.ltrans3.ltrans.o
                                        0xe31 (size before relaxing)
 .debug_str     0x0000000000003e9d      0x4eb /tmp/ccruX3QJ.ltrans4.ltrans.o
                                        0xb05 (size before relaxing)
 .debug_str     0x0000000000004388      0x531 /tmp/ccruX3QJ.ltrans5.ltrans.o
                                        0x84f (size before relaxing)
 .debug_str     0x00000000000048b9      0x782 /tmp/ccruX3QJ.ltrans6.ltrans.o
                                        0xab3 (size before relaxing)
 .debug_str     0x000000000000503b      0x2a5 /tmp/ccruX3QJ.ltrans7.ltrans.o
                                        0x649 (size before relaxing)
 .debug_str     0x00000000000052e0      0x18d /tmp/ccruX3QJ.ltrans8.ltrans.o
                                        0x41c (size before relaxing)
 .debug_str     0x000000000000546d      0x16b /tmp/ccruX3QJ.ltrans9.ltrans.o
                                        0x500 (size before relaxing)
 .debug_str     0x00000000000055d8       0xd2 /tmp/ccruX3QJ.ltrans10.ltrans.o
                                        0x476 (size before relaxing)
 .debug_str     0x00000000000056aa      0x220 /tmp/ccruX3QJ.ltrans11.ltrans.o
                                        0x5da (size before relaxing)
 .debug_str     0x00000000000058ca      0x32f /tmp/ccruX3QJ.ltrans12.ltrans.o
                                        0x738 (size before relaxing)
 .debug_str     0x0000000000005bf9      0x483 /tmp/ccruX3QJ.ltrans14.ltrans.o
                                        0xec8 (size before relaxing)
 .debug_str     0x000000000000607c      0x45f /tmp/ccruX3QJ.ltrans15.ltrans.o
                                        0xb40 (size before relaxing)
 .debug_str     0x00000000000064db      0x232 /tmp/ccruX3QJ.ltrans16.ltrans.o
                                       0x1619 (size before relaxing)

.debug_frame    0x0000000000000000     0x6990
 .debug_frame   0x0000000000000000      0x5f0 /tmp/ccruX3QJ.ltrans0.ltrans.o
 .debug_frame   0x00000000000005f0      0x638 /tmp/ccruX3QJ.ltrans1.ltrans.o
 .debug_frame   0x0000000000000c28      0x8a0 /tmp/ccruX3QJ.ltrans2.ltrans.o
 .debug_frame   0x00000000000014c8      0x688 /tmp/ccruX3QJ.ltrans3.ltrans.o
 .debug_frame   0x0000000000001b50      0x618 /tmp/ccruX3QJ.ltrans4.ltrans.o
 .debug_frame   0x0000000000002168      0xd90 /tmp/ccruX3QJ.ltrans5.ltrans.o
 .debug_frame   0x0000000000002ef8      0x9a8 /tmp/ccruX3QJ.ltrans6.ltrans.o
 .debug_frame   0x00000000000038a0      0x458 /tmp/ccruX3QJ.ltrans7.ltrans.o
 .debug_frame   0x0000000000003cf8      0x208 /tmp/ccruX3QJ.ltrans8.ltrans.o
 .debug_frame   0x0000000000003f00      0x270 /tmp/ccruX3QJ.ltrans9.ltrans.o
 .debug_frame   0x0000000000004170      0x1a8 /tmp/ccruX3QJ.ltrans10.ltrans.o
 .debug_frame   0x0000000000004318      0x588 /tmp/ccruX3QJ.ltrans11.ltrans.o
 .debug_frame   0x00000000000048a0      0x8c8 /tmp/ccruX3QJ.ltrans12.ltrans.o
 .debug_frame   0x0000000000005168      0x868 /tmp/ccruX3QJ.ltrans14.ltrans.o
 .debug_frame   0x00000000000059d0      0xde8 /tmp/ccruX3QJ.ltrans15.ltrans.o
 .debug_frame   0x00000000000067b8      0x1d8 /tmp/ccruX3QJ.ltrans16.ltrans.o
