Archive member included to satisfy reference by file (symbol)

/home/hcj/UEFIWorkspace/Build/MdeModule/DEBUG_GCC5/X64/MdeModulePkg/Application/UiApp/UiApp/OUTPUT/UiApp.lib(FrontPageVfr.obj)
                              (--whole-archive)
/home/hcj/UEFIWorkspace/Build/MdeModule/DEBUG_GCC5/X64/MdeModulePkg/Application/UiApp/UiApp/OUTPUT/UiApp.lib(FrontPage.obj)
                              (--whole-archive)
/home/hcj/UEFIWorkspace/Build/MdeModule/DEBUG_GCC5/X64/MdeModulePkg/Application/UiApp/UiApp/OUTPUT/UiApp.lib(String.obj)
                              (--whole-archive)
/home/hcj/UEFIWorkspace/Build/MdeModule/DEBUG_GCC5/X64/MdeModulePkg/Application/UiApp/UiApp/OUTPUT/UiApp.lib(FrontPageCustomizedUi.obj)
                              (--whole-archive)
/home/hcj/UEFIWorkspace/Build/MdeModule/DEBUG_GCC5/X64/MdeModulePkg/Application/UiApp/UiApp/OUTPUT/UiApp.lib(FrontPageCustomizedUiSupport.obj)
                              (--whole-archive)
/home/hcj/UEFIWorkspace/Build/MdeModule/DEBUG_GCC5/X64/MdeModulePkg/Application/UiApp/UiApp/OUTPUT/UiApp.lib(AutoGen.obj)
                              (--whole-archive)
/home/hcj/UEFIWorkspace/Build/MdeModule/DEBUG_GCC5/X64/MdePkg/Library/RegisterFilterLibNull/RegisterFilterLibNull/OUTPUT/FilterLibNull.lib(RegisterFilterLibNull.obj)
                              (--whole-archive)
/home/hcj/UEFIWorkspace/Build/MdeModule/DEBUG_GCC5/X64/MdePkg/Library/BasePcdLibNull/BasePcdLibNull/OUTPUT/BasePcdLibNull.lib(PcdLib.obj)
                              (--whole-archive)
/home/hcj/UEFIWorkspace/Build/MdeModule/DEBUG_GCC5/X64/MdePkg/Library/BaseMemoryLib/BaseMemoryLib/OUTPUT/BaseMemoryLib.lib(SetMem.obj)
                              (--whole-archive)
/home/hcj/UEFIWorkspace/Build/MdeModule/DEBUG_GCC5/X64/MdePkg/Library/BaseMemoryLib/BaseMemoryLib/OUTPUT/BaseMemoryLib.lib(ScanMem64Wrapper.obj)
                              (--whole-archive)
/home/hcj/UEFIWorkspace/Build/MdeModule/DEBUG_GCC5/X64/MdePkg/Library/BaseMemoryLib/BaseMemoryLib/OUTPUT/BaseMemoryLib.lib(ScanMem32Wrapper.obj)
                              (--whole-archive)
/home/hcj/UEFIWorkspace/Build/MdeModule/DEBUG_GCC5/X64/MdePkg/Library/BaseMemoryLib/BaseMemoryLib/OUTPUT/BaseMemoryLib.lib(ScanMem16Wrapper.obj)
                              (--whole-archive)
/home/hcj/UEFIWorkspace/Build/MdeModule/DEBUG_GCC5/X64/MdePkg/Library/BaseMemoryLib/BaseMemoryLib/OUTPUT/BaseMemoryLib.lib(ScanMem8Wrapper.obj)
                              (--whole-archive)
/home/hcj/UEFIWorkspace/Build/MdeModule/DEBUG_GCC5/X64/MdePkg/Library/BaseMemoryLib/BaseMemoryLib/OUTPUT/BaseMemoryLib.lib(ZeroMemWrapper.obj)
                              (--whole-archive)
/home/hcj/UEFIWorkspace/Build/MdeModule/DEBUG_GCC5/X64/MdePkg/Library/BaseMemoryLib/BaseMemoryLib/OUTPUT/BaseMemoryLib.lib(CompareMemWrapper.obj)
                              (--whole-archive)
/home/hcj/UEFIWorkspace/Build/MdeModule/DEBUG_GCC5/X64/MdePkg/Library/BaseMemoryLib/BaseMemoryLib/OUTPUT/BaseMemoryLib.lib(SetMem64Wrapper.obj)
                              (--whole-archive)
/home/hcj/UEFIWorkspace/Build/MdeModule/DEBUG_GCC5/X64/MdePkg/Library/BaseMemoryLib/BaseMemoryLib/OUTPUT/BaseMemoryLib.lib(SetMem32Wrapper.obj)
                              (--whole-archive)
/home/hcj/UEFIWorkspace/Build/MdeModule/DEBUG_GCC5/X64/MdePkg/Library/BaseMemoryLib/BaseMemoryLib/OUTPUT/BaseMemoryLib.lib(SetMem16Wrapper.obj)
                              (--whole-archive)
/home/hcj/UEFIWorkspace/Build/MdeModule/DEBUG_GCC5/X64/MdePkg/Library/BaseMemoryLib/BaseMemoryLib/OUTPUT/BaseMemoryLib.lib(SetMemWrapper.obj)
                              (--whole-archive)
/home/hcj/UEFIWorkspace/Build/MdeModule/DEBUG_GCC5/X64/MdePkg/Library/BaseMemoryLib/BaseMemoryLib/OUTPUT/BaseMemoryLib.lib(CopyMemWrapper.obj)
                              (--whole-archive)
/home/hcj/UEFIWorkspace/Build/MdeModule/DEBUG_GCC5/X64/MdePkg/Library/BaseMemoryLib/BaseMemoryLib/OUTPUT/BaseMemoryLib.lib(IsZeroBufferWrapper.obj)
                              (--whole-archive)
/home/hcj/UEFIWorkspace/Build/MdeModule/DEBUG_GCC5/X64/MdePkg/Library/BaseMemoryLib/BaseMemoryLib/OUTPUT/BaseMemoryLib.lib(MemLibGeneric.obj)
                              (--whole-archive)
/home/hcj/UEFIWorkspace/Build/MdeModule/DEBUG_GCC5/X64/MdePkg/Library/BaseMemoryLib/BaseMemoryLib/OUTPUT/BaseMemoryLib.lib(MemLibGuid.obj)
                              (--whole-archive)
/home/hcj/UEFIWorkspace/Build/MdeModule/DEBUG_GCC5/X64/MdePkg/Library/BaseMemoryLib/BaseMemoryLib/OUTPUT/BaseMemoryLib.lib(CopyMem.obj)
                              (--whole-archive)
/home/hcj/UEFIWorkspace/Build/MdeModule/DEBUG_GCC5/X64/MdePkg/Library/BaseLib/BaseLib/OUTPUT/BaseLib.lib(CheckSum.obj)
                              (--whole-archive)
/home/hcj/UEFIWorkspace/Build/MdeModule/DEBUG_GCC5/X64/MdePkg/Library/BaseLib/BaseLib/OUTPUT/BaseLib.lib(SwitchStack.obj)
                              (--whole-archive)
[...]
Memory Configuration

Name             Origin             Length             Attributes
*default*        0x0000000000000000 0xffffffffffffffff

Linker script and memory map

LOAD /tmp/ccx0bwyx.ltrans0.ltrans.o
LOAD /tmp/ccx0bwyx.ltrans1.ltrans.o
LOAD /tmp/ccx0bwyx.ltrans2.ltrans.o
LOAD /tmp/ccx0bwyx.ltrans3.ltrans.o
LOAD /tmp/ccx0bwyx.ltrans4.ltrans.o
LOAD /tmp/ccx0bwyx.ltrans5.ltrans.o
LOAD /tmp/ccx0bwyx.ltrans6.ltrans.o
LOAD /tmp/ccx0bwyx.ltrans7.ltrans.o
LOAD /tmp/ccx0bwyx.ltrans8.ltrans.o
LOAD /tmp/ccx0bwyx.ltrans9.ltrans.o
LOAD /tmp/ccx0bwyx.ltrans10.ltrans.o
LOAD /tmp/ccx0bwyx.ltrans11.ltrans.o
LOAD /tmp/ccx0bwyx.ltrans12.ltrans.o
LOAD /tmp/ccx0bwyx.ltrans13.ltrans.o
LOAD /tmp/ccx0bwyx.ltrans14.ltrans.o
LOAD /tmp/ccx0bwyx.ltrans15.ltrans.o
LOAD /tmp/ccx0bwyx.ltrans16.ltrans.o
LOAD /tmp/ccx0bwyx.ltrans17.ltrans.o
LOAD /tmp/ccx0bwyx.ltrans18.ltrans.o
LOAD /tmp/ccx0bwyx.ltrans19.ltrans.o
LOAD /tmp/ccx0bwyx.ltrans20.ltrans.o
LOAD /tmp/ccx0bwyx.ltrans21.ltrans.o
LOAD /tmp/ccx0bwyx.ltrans22.ltrans.o
LOAD /tmp/ccx0bwyx.ltrans23.ltrans.o
LOAD /tmp/ccx0bwyx.ltrans24.ltrans.o
LOAD /tmp/ccx0bwyx.ltrans25.ltrans.o
LOAD /tmp/ccx0bwyx.ltrans26.ltrans.o
LOAD /tmp/ccx0bwyx.ltrans27.ltrans.o
LOAD /tmp/ccx0bwyx.ltrans28.ltrans.o
LOAD /tmp/ccx0bwyx.ltrans29.ltrans.o
LOAD /tmp/ccx0bwyx.ltrans30.ltrans.o
LOAD /tmp/ccx0bwyx.ltrans31.ltrans.o
START GROUP
LOAD /home/hcj/UEFIWorkspace/Build/MdeModule/DEBUG_GCC5/X64/MdeModulePkg/Application/UiApp/UiApp/OUTPUT/UiApp.lib
LOAD /home/hcj/UEFIWorkspace/Build/MdeModule/DEBUG_GCC5/X64/MdePkg/Library/RegisterFilterLibNull/RegisterFilterLibNull/OUTPUT/FilterLibNull.lib
LOAD /home/hcj/UEFIWorkspace/Build/MdeModule/DEBUG_GCC5/X64/MdePkg/Library/BasePcdLibNull/BasePcdLibNull/OUTPUT/BasePcdLibNull.lib
LOAD /home/hcj/UEFIWorkspace/Build/MdeModule/DEBUG_GCC5/X64/MdePkg/Library/BaseMemoryLib/BaseMemoryLib/OUTPUT/BaseMemoryLib.lib
LOAD /home/hcj/UEFIWorkspace/Build/MdeModule/DEBUG_GCC5/X64/MdePkg/Library/BaseLib/BaseLib/OUTPUT/BaseLib.lib
LOAD /home/hcj/UEFIWorkspace/Build/MdeModule/DEBUG_GCC5/X64/MdePkg/Library/BaseDebugPrintErrorLevelLib/BaseDebugPrintErrorLevelLib/OUTPUT/BaseDebugPrintErrorLevelLib.lib
LOAD /home/hcj/UEFIWorkspace/Build/MdeModule/DEBUG_GCC5/X64/MdePkg/Library/BasePrintLib/BasePrintLib/OUTPUT/BasePrintLib.lib
LOAD /home/hcj/UEFIWorkspace/Build/MdeModule/DEBUG_GCC5/X64/MdePkg/Library/UefiDebugLibStdErr/UefiDebugLibStdErr/OUTPUT/UefiDebugLibStdErr.lib
LOAD /home/hcj/UEFIWorkspace/Build/MdeModule/DEBUG_GCC5/X64/MdePkg/Library/UefiBootServicesTableLib/UefiBootServicesTableLib/OUTPUT/UefiBootServicesTableLib.lib
LOAD /home/hcj/UEFIWorkspace/Build/MdeModule/DEBUG_GCC5/X64/MdePkg/Library/UefiMemoryAllocationLib/UefiMemoryAllocationLib/OUTPUT/UefiMemoryAllocationLib.lib
LOAD /home/hcj/UEFIWorkspace/Build/MdeModule/DEBUG_GCC5/X64/MdePkg/Library/UefiRuntimeServicesTableLib/UefiRuntimeServicesTableLib/OUTPUT/UefiRuntimeServicesTableLib.lib
LOAD /home/hcj/UEFIWorkspace/Build/MdeModule/DEBUG_GCC5/X64/MdePkg/Library/UefiDevicePathLib/UefiDevicePathLib/OUTPUT/UefiDevicePathLib.lib
LOAD /home/hcj/UEFIWorkspace/Build/MdeModule/DEBUG_GCC5/X64/MdePkg/Library/UefiLib/UefiLib/OUTPUT/UefiLib.lib
LOAD /home/hcj/UEFIWorkspace/Build/MdeModule/DEBUG_GCC5/X64/MdePkg/Library/DxeHobLib/DxeHobLib/OUTPUT/DxeHobLib.lib
LOAD /home/hcj/UEFIWorkspace/Build/MdeModule/DEBUG_GCC5/X64/MdeModulePkg/Library/UefiHiiServicesLib/UefiHiiServicesLib/OUTPUT/UefiHiiServicesLib.lib
LOAD /home/hcj/UEFIWorkspace/Build/MdeModule/DEBUG_GCC5/X64/MdeModulePkg/Library/BaseSortLib/BaseSortLib/OUTPUT/BaseSortLib.lib
LOAD /home/hcj/UEFIWorkspace/Build/MdeModule/DEBUG_GCC5/X64/MdePkg/Library/DxeServicesLib/DxeServicesLib/OUTPUT/DxeServicesLib.lib
LOAD /home/hcj/UEFIWorkspace/Build/MdeModule/DEBUG_GCC5/X64/MdePkg/Library/DxeServicesTableLib/DxeServicesTableLib/OUTPUT/DxeServicesTableLib.lib
LOAD /home/hcj/UEFIWorkspace/Build/MdeModule/DEBUG_GCC5/X64/MdePkg/Library/BasePeCoffGetEntryPointLib/BasePeCoffGetEntryPointLib/OUTPUT/BasePeCoffGetEntryPointLib.lib
LOAD /home/hcj/UEFIWorkspace/Build/MdeModule/DEBUG_GCC5/X64/MdePkg/Library/BasePerformanceLibNull/BasePerformanceLibNull/OUTPUT/BasePerformanceLibNull.lib
LOAD /home/hcj/UEFIWorkspace/Build/MdeModule/DEBUG_GCC5/X64/MdeModulePkg/Library/UefiHiiLib/UefiHiiLib/OUTPUT/UefiHiiLib.lib
LOAD /home/hcj/UEFIWorkspace/Build/MdeModule/DEBUG_GCC5/X64/MdePkg/Library/BaseReportStatusCodeLibNull/BaseReportStatusCodeLibNull/OUTPUT/BaseReportStatusCodeLibNull.lib
LOAD /home/hcj/UEFIWorkspace/Build/MdeModule/DEBUG_GCC5/X64/MdeModulePkg/Library/UefiBootManagerLib/UefiBootManagerLib/OUTPUT/UefiBootManagerLib.lib
LOAD /home/hcj/UEFIWorkspace/Build/MdeModule/DEBUG_GCC5/X64/MdeModulePkg/Library/FileExplorerLib/FileExplorerLib/OUTPUT/FileExplorerLib.lib
LOAD /home/hcj/UEFIWorkspace/Build/MdeModule/DEBUG_GCC5/X64/MdePkg/Library/UefiApplicationEntryPoint/UefiApplicationEntryPoint/OUTPUT/UefiApplicationEntryPoint.lib
LOAD /home/hcj/UEFIWorkspace/Build/MdeModule/DEBUG_GCC5/X64/MdeModulePkg/Library/DeviceManagerUiLib/DeviceManagerUiLib/OUTPUT/DeviceManagerUiLib.lib
LOAD /home/hcj/UEFIWorkspace/Build/MdeModule/DEBUG_GCC5/X64/MdeModulePkg/Library/BootDiscoveryPolicyUiLib/BootDiscoveryPolicyUiLib/OUTPUT/BootDiscoveryPolicyUiLib.lib
LOAD /home/hcj/UEFIWorkspace/Build/MdeModule/DEBUG_GCC5/X64/MdeModulePkg/Library/BootManagerUiLib/BootManagerUiLib/OUTPUT/BootManagerUiLib.lib
LOAD /home/hcj/UEFIWorkspace/Build/MdeModule/DEBUG_GCC5/X64/MdeModulePkg/Library/BootMaintenanceManagerUiLib/BootMaintenanceManagerUiLib/OUTPUT/BootMaintenanceManagerUiLib.lib
END GROUP
                0x0000000000000228                PECOFF_HEADER_SIZE = 0x228
                0x0000000000000228                . = PECOFF_HEADER_SIZE

.text           0x0000000000000240    0x22630
 *(.text .text.* .stub .gnu.linkonce.t.*)
 .text._ModuleEntryPoint
                0x0000000000000240     0x1a6f /tmp/ccx0bwyx.ltrans0.ltrans.o
                0x0000000000000240                _ModuleEntryPoint
 .text.BootMaintCallback
                0x0000000000001caf     0x1f20 /tmp/ccx0bwyx.ltrans1.ltrans.o
                0x0000000000001caf                BootMaintCallback
 .text.EfiBootManagerBoot
                0x0000000000003bcf     0x13c3 /tmp/ccx0bwyx.ltrans2.ltrans.o
                0x0000000000003bcf                EfiBootManagerBoot
 .text.ProcessLibraryConstructorList
                0x0000000000004f92     0x175d /tmp/ccx0bwyx.ltrans3.ltrans.o
                0x0000000000004f92                ProcessLibraryConstructorList
 .text.BmDestroyRamDisk
                0x00000000000066ef      0x2ed /tmp/ccx0bwyx.ltrans4.ltrans.o
                0x00000000000066ef                BmDestroyRamDisk
 .text.BmGetRamDiskDevicePath
                0x00000000000069dc       0xde /tmp/ccx0bwyx.ltrans4.ltrans.o
                0x00000000000069dc                BmGetRamDiskDevicePath
 .text.BmExpandMediaDevicePath
                0x0000000000006aba      0x376 /tmp/ccx0bwyx.ltrans4.ltrans.o
                0x0000000000006aba                BmExpandMediaDevicePath
 .text.BmExpandLoadFile
                0x0000000000006e30      0x3c7 /tmp/ccx0bwyx.ltrans4.ltrans.o
                0x0000000000006e30                BmExpandLoadFile
 .text.BmCachePartitionDevicePath
                0x00000000000071f7       0xcb /tmp/ccx0bwyx.ltrans4.ltrans.o
                0x00000000000071f7                BmCachePartitionDevicePath
 .text.BmAdjustFvFilePath
                0x00000000000072c2      0x1bb /tmp/ccx0bwyx.ltrans4.ltrans.o
                0x00000000000072c2                BmAdjustFvFilePath
 .text.EfiBootManagerConnectConsoleVariable.part.1.lto_priv.89
                0x000000000000747d      0x367 /tmp/ccx0bwyx.ltrans4.ltrans.o
                0x000000000000747d                EfiBootManagerConnectConsoleVariable.part.1.lto_priv.89
 .text.UnicodeVSPrintAsciiFormat.constprop.80
                0x00000000000077e4       0xe6 /tmp/ccx0bwyx.ltrans5.ltrans.o
 .text.UnicodeSPrintAsciiFormat.constprop.79
                0x00000000000078ca       0x29 /tmp/ccx0bwyx.ltrans5.ltrans.o
                0x00000000000078ca                UnicodeSPrintAsciiFormat.constprop.79
 .text.DebugPrintMarker.constprop.77
                0x00000000000078f3       0xac /tmp/ccx0bwyx.ltrans5.ltrans.o
                0x00000000000078f3                DebugPrintMarker.constprop.77
 .text.InternalAllocatePool.constprop.76
                0x000000000000799f       0x37 /tmp/ccx0bwyx.ltrans5.ltrans.o
                0x000000000000799f                InternalAllocatePool.constprop.76
 .text.LShiftU64.constprop.74
                0x00000000000079d6        0x8 /tmp/ccx0bwyx.ltrans5.ltrans.o
                0x00000000000079d6                LShiftU64.constprop.74
 .text.CreatePopUp.constprop.72
                0x00000000000079de      0x7b6 /tmp/ccx0bwyx.ltrans5.ltrans.o
                0x00000000000079de                CreatePopUp.constprop.72
 .text.HiiCreateActionOpCode.constprop.70
                0x0000000000008194       0x6e /tmp/ccx0bwyx.ltrans5.ltrans.o
                0x0000000000008194                HiiCreateActionOpCode.constprop.70
 .text.HiiCreateSubTitleOpCode.constprop.69
                0x0000000000008202       0x8d /tmp/ccx0bwyx.ltrans5.ltrans.o
                0x0000000000008202                HiiCreateSubTitleOpCode.constprop.69
 .text.HiiCreateGotoExOpCode.constprop.68
                0x000000000000828f       0xc1 /tmp/ccx0bwyx.ltrans5.ltrans.o
                0x000000000000828f                HiiCreateGotoExOpCode.constprop.68
 .text.HiiSetString.constprop.66
                0x0000000000008350      0x165 /tmp/ccx0bwyx.ltrans5.ltrans.o
                0x0000000000008350                HiiSetString.constprop.66
 .text.HiiGetString.constprop.63
                0x00000000000084b5      0x194 /tmp/ccx0bwyx.ltrans5.ltrans.o
                0x00000000000084b5                HiiGetString.constprop.63
 .text.HiiGetHiiHandles.constprop.62
                0x0000000000008649       0x8b /tmp/ccx0bwyx.ltrans5.ltrans.o
                0x0000000000008649                HiiGetHiiHandles.constprop.62
 .text.HiiCreateOneOfOpCode.constprop.60
                0x00000000000086d4      0x12f /tmp/ccx0bwyx.ltrans5.ltrans.o
                0x00000000000086d4                HiiCreateOneOfOpCode.constprop.60
 .text.HiiCreateGuidOpCode.constprop.59
                0x0000000000008803       0x5a /tmp/ccx0bwyx.ltrans5.ltrans.o
                0x0000000000008803                HiiCreateGuidOpCode.constprop.59
 .text.BmUpdateSystemTableConsole
                0x000000000000885d      0x2a4 /tmp/ccx0bwyx.ltrans6.ltrans.o
 .text.EfiBootManagerConnectAllDefaultConsoles
                0x0000000000008b01      0x195 /tmp/ccx0bwyx.ltrans6.ltrans.o
 .text.InternalHiiGrowOpCodeHandle
                0x0000000000008c96       0xad /tmp/ccx0bwyx.ltrans6.ltrans.o
 .text.BmPrintDp
                0x0000000000008d43       0x55 /tmp/ccx0bwyx.ltrans6.ltrans.o
                0x0000000000008d43                BmPrintDp
 .text.BmSetVariableAndReportStatusCodeOnError
                0x0000000000008d98       0xd4 /tmp/ccx0bwyx.ltrans6.ltrans.o
                0x0000000000008d98                BmSetVariableAndReportStatusCodeOnError
 .text.BmDelPartMatchInstance
                0x0000000000008e6c       0xff /tmp/ccx0bwyx.ltrans6.ltrans.o
                0x0000000000008e6c                BmDelPartMatchInstance
 .text.EfiBootManagerConnectDevicePath.part.0.lto_priv.87
                0x0000000000008f6b      0x14d /tmp/ccx0bwyx.ltrans6.ltrans.o
                0x0000000000008f6b                EfiBootManagerConnectDevicePath.part.0.lto_priv.87
 .text.BmConnectUsbShortFormDevicePath
                0x00000000000090b8      0x197 /tmp/ccx0bwyx.ltrans6.ltrans.o
                0x00000000000090b8                BmConnectUsbShortFormDevicePath
 .text.EfiBootManagerConnectAll
                0x000000000000924f       0x8a /tmp/ccx0bwyx.ltrans6.ltrans.o
                0x000000000000924f                EfiBootManagerConnectAll
 .text.HiiGetSupportedLanguages
                0x00000000000092d9       0xa7 /tmp/ccx0bwyx.ltrans6.ltrans.o
                0x00000000000092d9                HiiGetSupportedLanguages
 .text.HiiUpdateForm
                0x0000000000009380      0x519 /tmp/ccx0bwyx.ltrans6.ltrans.o
                0x0000000000009380                HiiUpdateForm
 .text.InternalHiiAppendOpCodes
                0x0000000000009899       0x85 /tmp/ccx0bwyx.ltrans6.ltrans.o
                0x0000000000009899                InternalHiiAppendOpCodes
 .text.InternalHiiCreateOpCodeExtended
                0x000000000000991e       0xa8 /tmp/ccx0bwyx.ltrans6.ltrans.o
                0x000000000000991e                InternalHiiCreateOpCodeExtended
 .text.InternalHiiCreateOpCode
                0x00000000000099c6       0x23 /tmp/ccx0bwyx.ltrans6.ltrans.o
                0x00000000000099c6                InternalHiiCreateOpCode
 .text.HiiCreateGotoOpCode
                0x00000000000099e9       0xa3 /tmp/ccx0bwyx.ltrans6.ltrans.o
                0x00000000000099e9                HiiCreateGotoOpCode
 .text.HiiCreateOneOfOptionOpCode
                0x0000000000009a8c       0xa2 /tmp/ccx0bwyx.ltrans6.ltrans.o
                0x0000000000009a8c                HiiCreateOneOfOptionOpCode
 .text.HiiCreateEndOpCode
                0x0000000000009b2e       0x1f /tmp/ccx0bwyx.ltrans6.ltrans.o
                0x0000000000009b2e                HiiCreateEndOpCode
 .text.HiiFreeOpCodeHandle
                0x0000000000009b4d       0x48 /tmp/ccx0bwyx.ltrans6.ltrans.o
                0x0000000000009b4d                HiiFreeOpCodeHandle
 .text.EfiEventEmptyFunction
                0x0000000000009b95        0x1 /tmp/ccx0bwyx.ltrans7.ltrans.o
                0x0000000000009b95                EfiEventEmptyFunction
 .text.DevPathToTextNodeGeneric
                0x0000000000009b96      0x117 /tmp/ccx0bwyx.ltrans7.ltrans.o
 .text.DevPathToTextEndInstance
                0x0000000000009cad       0x18 /tmp/ccx0bwyx.ltrans7.ltrans.o
 .text.DevPathToTextBBS
                0x0000000000009cc5       0xce /tmp/ccx0bwyx.ltrans7.ltrans.o
 .text.DevPathRelativeOffsetRange
                0x0000000000009d93       0x20 /tmp/ccx0bwyx.ltrans7.ltrans.o
 .text.DevPathToTextFvFile
                0x0000000000009db3       0x1c /tmp/ccx0bwyx.ltrans7.ltrans.o
 .text.DevPathToTextFv
                0x0000000000009dcf       0x1c /tmp/ccx0bwyx.ltrans7.ltrans.o
 .text.DevPathToTextMediaProtocol
                0x0000000000009deb       0x1c /tmp/ccx0bwyx.ltrans7.ltrans.o
 .text.DevPathToTextFilePath
                0x0000000000009e07       0x1c /tmp/ccx0bwyx.ltrans7.ltrans.o
 .text.DevPathToTextCDROM
                0x0000000000009e23       0x40 /tmp/ccx0bwyx.ltrans7.ltrans.o
 .text.DevPathToTextHardDrive
                0x0000000000009e63       0x96 /tmp/ccx0bwyx.ltrans7.ltrans.o
 .text.DevPathToTextUri
                0x0000000000009ef9       0x9f /tmp/ccx0bwyx.ltrans7.ltrans.o
 .text.DevPathToTextRamDisk
                0x0000000000009f98      0x20d /tmp/ccx0bwyx.ltrans7.ltrans.o
 .text.HiiAllocateOpCodeHandle
                0x000000000000a1a5       0x58 /tmp/ccx0bwyx.ltrans7.ltrans.o
                0x000000000000a1a5                HiiAllocateOpCodeHandle
 .text.InternalHiiCompareSubString
                0x000000000000a1fd      0x113 /tmp/ccx0bwyx.ltrans7.ltrans.o
                0x000000000000a1fd                InternalHiiCompareSubString
 .text.HiiGetFormSetFromHiiHandle
                0x000000000000a310      0x1fc /tmp/ccx0bwyx.ltrans7.ltrans.o
                0x000000000000a310                HiiGetFormSetFromHiiHandle
 .text.HiiRemovePackages
                0x000000000000a50c       0x93 /tmp/ccx0bwyx.ltrans7.ltrans.o
                0x000000000000a50c                HiiRemovePackages
 .text.HiiAddPackages
                0x000000000000a59f      0x12a /tmp/ccx0bwyx.ltrans7.ltrans.o
                0x000000000000a59f                HiiAddPackages
 .text.GetBestLanguage
                0x000000000000a6c9      0x13e /tmp/ccx0bwyx.ltrans7.ltrans.o
                0x000000000000a6c9                GetBestLanguage
 .text.GetVariable2
                0x000000000000a807      0x136 /tmp/ccx0bwyx.ltrans7.ltrans.o
                0x000000000000a807                GetVariable2
 .text.GetEfiGlobalVariable2
                0x000000000000a93d       0x12 /tmp/ccx0bwyx.ltrans7.ltrans.o
                0x000000000000a93d                GetEfiGlobalVariable2
 .text.EfiGetSystemConfigurationTable
                0x000000000000a94f       0xaa /tmp/ccx0bwyx.ltrans7.ltrans.o
                0x000000000000a94f                EfiGetSystemConfigurationTable
 .text.GetHobList
                0x000000000000a9f9       0xa3 /tmp/ccx0bwyx.ltrans7.ltrans.o
                0x000000000000a9f9                GetHobList
 .text.UefiLibGetStringWidth
                0x000000000000aa9c       0x71 /tmp/ccx0bwyx.ltrans7.ltrans.o
                0x000000000000aa9c                UefiLibGetStringWidth
 .text.EfiGetNameGuidFromFwVolDevicePathNode
                0x000000000000ab0d       0x54 /tmp/ccx0bwyx.ltrans7.ltrans.o
                0x000000000000ab0d                EfiGetNameGuidFromFwVolDevicePathNode
 .text.Print    0x000000000000ab61       0xfa /tmp/ccx0bwyx.ltrans7.ltrans.o
                0x000000000000ab61                Print
 .text.UefiDevicePathLibConvertDevicePathToText
                0x000000000000ac5b      0x1bc /tmp/ccx0bwyx.ltrans7.ltrans.o
                0x000000000000ac5b                UefiDevicePathLibConvertDevicePathToText
 .text.BootMaintRouteConfig
                0x000000000000ae17     0x1435 /tmp/ccx0bwyx.ltrans8.ltrans.o
                0x000000000000ae17                BootMaintRouteConfig
 .text.BmGetNextLoadOptionDevicePath
                0x000000000000c24c     0x127d /tmp/ccx0bwyx.ltrans9.ltrans.o
                0x000000000000c24c                BmGetNextLoadOptionDevicePath
 .text.UnicodeVSPrint
                0x000000000000d4c9       0xe9 /tmp/ccx0bwyx.ltrans10.ltrans.o
                0x000000000000d4c9                UnicodeVSPrint
 .text.UnicodeSPrint
                0x000000000000d5b2       0x1d /tmp/ccx0bwyx.ltrans10.ltrans.o
                0x000000000000d5b2                UnicodeSPrint
 .text.BasePrintLibValueToString
                0x000000000000d5cf       0x7e /tmp/ccx0bwyx.ltrans10.ltrans.o
                0x000000000000d5cf                BasePrintLibValueToString
 .text.BasePrintLibFillBuffer
                0x000000000000d64d       0x2e /tmp/ccx0bwyx.ltrans10.ltrans.o
                0x000000000000d64d                BasePrintLibFillBuffer
 .text.UnicodeValueToStringS
                0x000000000000d67b      0x42b /tmp/ccx0bwyx.ltrans10.ltrans.o
                0x000000000000d67b                UnicodeValueToStringS
 .text.WriteUnaligned64
                0x000000000000daa6       0x3f /tmp/ccx0bwyx.ltrans10.ltrans.o
                0x000000000000daa6                WriteUnaligned64
 .text.ReadUnaligned64
                0x000000000000dae5       0x37 /tmp/ccx0bwyx.ltrans10.ltrans.o
                0x000000000000dae5                ReadUnaligned64
 .text.WriteUnaligned32
                0x000000000000db1c       0x3c /tmp/ccx0bwyx.ltrans10.ltrans.o
                0x000000000000db1c                WriteUnaligned32
 .text.ReadUnaligned32
                0x000000000000db58       0x36 /tmp/ccx0bwyx.ltrans10.ltrans.o
                0x000000000000db58                ReadUnaligned32
 .text.WriteUnaligned16
                0x000000000000db8e       0x3d /tmp/ccx0bwyx.ltrans10.ltrans.o
                0x000000000000db8e                WriteUnaligned16
 .text.ReadUnaligned16
                0x000000000000dbcb       0x37 /tmp/ccx0bwyx.ltrans10.ltrans.o
                0x000000000000dbcb                ReadUnaligned16
 .text.AsciiStrLen
                0x000000000000dc02       0x85 /tmp/ccx0bwyx.ltrans10.ltrans.o
                0x000000000000dc02                AsciiStrLen
 .text.AsciiStrSize
                0x000000000000dc87       0x11 /tmp/ccx0bwyx.ltrans10.ltrans.o
                0x000000000000dc87                AsciiStrSize
 .text.AsciiStrnCmp.part.4.lto_priv.84
                0x000000000000dc98       0xd6 /tmp/ccx0bwyx.ltrans10.ltrans.o
                0x000000000000dc98                AsciiStrnCmp.part.4.lto_priv.84
 .text.StrLen   0x000000000000dd6e       0x90 /tmp/ccx0bwyx.ltrans10.ltrans.o
                0x000000000000dd6e                StrLen
 .text.StrSize  0x000000000000ddfe       0x13 /tmp/ccx0bwyx.ltrans10.ltrans.o
                0x000000000000ddfe                StrSize
 .text.StrnCmp.part.0.lto_priv.86
                0x000000000000de11       0xc1 /tmp/ccx0bwyx.ltrans10.ltrans.o
                0x000000000000de11                StrnCmp.part.0.lto_priv.86
 .text.StrStr   0x000000000000ded2       0xa6 /tmp/ccx0bwyx.ltrans10.ltrans.o
                0x000000000000ded2                StrStr
 .text.StrCmp   0x000000000000df78       0x84 /tmp/ccx0bwyx.ltrans10.ltrans.o
                0x000000000000df78                StrCmp
 .text.AsciiStrnLenS
                0x000000000000dffc       0x26 /tmp/ccx0bwyx.ltrans10.ltrans.o
                0x000000000000dffc                AsciiStrnLenS
 .text.AsciiStrToUnicodeStrS
                0x000000000000e022      0x299 /tmp/ccx0bwyx.ltrans10.ltrans.o
                0x000000000000e022                AsciiStrToUnicodeStrS
 .text.StrCatS  0x000000000000e2bb      0x341 /tmp/ccx0bwyx.ltrans10.ltrans.o
                0x000000000000e2bb                StrCatS
 .text.EfiBootManagerIsValidLoadOptionVariableName
                0x000000000000e5fc       0xd1 /tmp/ccx0bwyx.ltrans11.ltrans.o
 .text.BmGetMiscDescription
                0x000000000000e6cd      0x28b /tmp/ccx0bwyx.ltrans11.ltrans.o
 .text.EfiBootManagerFreeLoadOption
                0x000000000000e958       0x4b /tmp/ccx0bwyx.ltrans11.ltrans.o
                0x000000000000e958                EfiBootManagerFreeLoadOption
 .text.EfiBootManagerFreeLoadOptions
                0x000000000000e9a3       0x4c /tmp/ccx0bwyx.ltrans11.ltrans.o
                0x000000000000e9a3                EfiBootManagerFreeLoadOptions
 .text.EfiBootManagerDeleteLoadOptionVariable
                0x000000000000e9ef      0x168 /tmp/ccx0bwyx.ltrans11.ltrans.o
                0x000000000000e9ef                EfiBootManagerDeleteLoadOptionVariable
 .text.EfiBootManagerFindLoadOption
                0x000000000000eb57       0x89 /tmp/ccx0bwyx.ltrans11.ltrans.o
                0x000000000000eb57                EfiBootManagerFindLoadOption
 .text.EfiBootManagerInitializeLoadOption
                0x000000000000ebe0       0xd7 /tmp/ccx0bwyx.ltrans11.ltrans.o
                0x000000000000ebe0                EfiBootManagerInitializeLoadOption
 .text.EfiBootManagerVariableToLoadOptionEx.part.5.lto_priv.85
                0x000000000000ecb7      0x24c /tmp/ccx0bwyx.ltrans11.ltrans.o
                0x000000000000ecb7                EfiBootManagerVariableToLoadOptionEx.part.5.lto_priv.85
 .text.EfiBootManagerLoadOptionToVariable
                0x000000000000ef03      0x21a /tmp/ccx0bwyx.ltrans11.ltrans.o
                0x000000000000ef03                EfiBootManagerLoadOptionToVariable
 .text.BmGetFreeOptionNumber
                0x000000000000f11d      0x1ff /tmp/ccx0bwyx.ltrans11.ltrans.o
                0x000000000000f11d                BmGetFreeOptionNumber
 .text.BmGetBootDescription
                0x000000000000f31c      0x1be /tmp/ccx0bwyx.ltrans11.ltrans.o
                0x000000000000f31c                BmGetBootDescription
 .text.ExitBootServicesCallback
                0x000000000000f4da        0x8 /tmp/ccx0bwyx.ltrans12.ltrans.o
                0x000000000000f4da                ExitBootServicesCallback
 .text.DebugAssert.part.0
                0x000000000000f4e2       0x5e /tmp/ccx0bwyx.ltrans12.ltrans.o
 .text.DevicePathFromHandle
                0x000000000000f540       0x35 /tmp/ccx0bwyx.ltrans12.ltrans.o
                0x000000000000f540                DevicePathFromHandle
 .text.AllocateZeroPool
                0x000000000000f575       0xf9 /tmp/ccx0bwyx.ltrans12.ltrans.o
                0x000000000000f575                AllocateZeroPool
 .text.AllocatePool
                0x000000000000f66e       0x99 /tmp/ccx0bwyx.ltrans12.ltrans.o
                0x000000000000f66e                AllocatePool
 .text.DebugPrintEnabled
                0x000000000000f707        0x3 /tmp/ccx0bwyx.ltrans12.ltrans.o
                0x000000000000f707                DebugPrintEnabled
 .text.DebugAssertEnabled
                0x000000000000f70a        0x3 /tmp/ccx0bwyx.ltrans12.ltrans.o
                0x000000000000f70a                DebugAssertEnabled
 .text.DebugAssert
                0x000000000000f70d        0xf /tmp/ccx0bwyx.ltrans12.ltrans.o
                0x000000000000f70d                DebugAssert
 .text.SetDevicePathEndNode
                0x000000000000f71c       0x48 /tmp/ccx0bwyx.ltrans12.ltrans.o
                0x000000000000f71c                SetDevicePathEndNode
 .text.SetDevicePathNodeLength
                0x000000000000f764       0x68 /tmp/ccx0bwyx.ltrans12.ltrans.o
                0x000000000000f764                SetDevicePathNodeLength
 .text.DevicePathNodeLength
                0x000000000000f7cc       0x40 /tmp/ccx0bwyx.ltrans12.ltrans.o
                0x000000000000f7cc                DevicePathNodeLength
 .text.NextDevicePathNode
                0x000000000000f80c       0x3f /tmp/ccx0bwyx.ltrans12.ltrans.o
                0x000000000000f80c                NextDevicePathNode
 .text.DevicePathSubType
                0x000000000000f84b       0x37 /tmp/ccx0bwyx.ltrans12.ltrans.o
                0x000000000000f84b                DevicePathSubType
 .text.DevicePathType
                0x000000000000f882       0x36 /tmp/ccx0bwyx.ltrans12.ltrans.o
                0x000000000000f882                DevicePathType
 .text.IsDevicePathEndType
                0x000000000000f8b8       0x41 /tmp/ccx0bwyx.ltrans12.ltrans.o
                0x000000000000f8b8                IsDevicePathEndType
 .text.IsDevicePathEnd
                0x000000000000f8f9       0x53 /tmp/ccx0bwyx.ltrans12.ltrans.o
                0x000000000000f8f9                IsDevicePathEnd
 .text.IsDevicePathValid
                0x000000000000f94c       0xd7 /tmp/ccx0bwyx.ltrans12.ltrans.o
                0x000000000000f94c                IsDevicePathValid
 .text.UefiDevicePathLibGetDevicePathSize
                0x000000000000fa23       0x4e /tmp/ccx0bwyx.ltrans12.ltrans.o
                0x000000000000fa23                UefiDevicePathLibGetDevicePathSize
 .text.AllocateCopyPool
                0x000000000000fa71      0x160 /tmp/ccx0bwyx.ltrans12.ltrans.o
                0x000000000000fa71                AllocateCopyPool
 .text.UefiDevicePathLibDuplicateDevicePath
                0x000000000000fbd1       0x2a /tmp/ccx0bwyx.ltrans12.ltrans.o
                0x000000000000fbd1                UefiDevicePathLibDuplicateDevicePath
 .text.UefiDevicePathLibGetNextDevicePathInstance
                0x000000000000fbfb       0xc7 /tmp/ccx0bwyx.ltrans12.ltrans.o
                0x000000000000fbfb                UefiDevicePathLibGetNextDevicePathInstance
 .text.UefiDevicePathLibAppendDevicePathInstance
                0x000000000000fcc2       0xbc /tmp/ccx0bwyx.ltrans12.ltrans.o
                0x000000000000fcc2                UefiDevicePathLibAppendDevicePathInstance
 .text.UefiDevicePathLibAppendDevicePath
                0x000000000000fd7e       0x9c /tmp/ccx0bwyx.ltrans12.ltrans.o
                0x000000000000fd7e                UefiDevicePathLibAppendDevicePath
 .text.DebugPrint
                0x000000000000fe1a       0xc1 /tmp/ccx0bwyx.ltrans12.ltrans.o
                0x000000000000fe1a                DebugPrint
 .text.FreePool
                0x000000000000fedb       0x5a /tmp/ccx0bwyx.ltrans12.ltrans.o
                0x000000000000fedb                FreePool
 .text.FileDevicePath
                0x000000000000ff35       0x95 /tmp/ccx0bwyx.ltrans12.ltrans.o
                0x000000000000ff35                FileDevicePath
 .text.UefiDevicePathLibAppendDevicePathNode
                0x000000000000ffca       0x86 /tmp/ccx0bwyx.ltrans12.ltrans.o
                0x000000000000ffca                UefiDevicePathLibAppendDevicePathNode
 .text.ReallocatePool
                0x0000000000010050       0xfc /tmp/ccx0bwyx.ltrans12.ltrans.o
                0x0000000000010050                ReallocatePool
 .text.UefiDevicePathLibCatPrint
                0x000000000001014c      0x169 /tmp/ccx0bwyx.ltrans12.ltrans.o
                0x000000000001014c                UefiDevicePathLibCatPrint
 .text.DevPathToTextVendor
                0x00000000000102b5      0x378 /tmp/ccx0bwyx.ltrans12.ltrans.o
                0x00000000000102b5                DevPathToTextVendor
 .text.DevPathToTextMemMap
                0x000000000001062d       0x27 /tmp/ccx0bwyx.ltrans12.ltrans.o
                0x000000000001062d                DevPathToTextMemMap
 .text.DevPathToTextPccard
                0x0000000000010654       0x1d /tmp/ccx0bwyx.ltrans12.ltrans.o
                0x0000000000010654                DevPathToTextPccard
 .text.DevPathToTextPci
                0x0000000000010671       0x22 /tmp/ccx0bwyx.ltrans12.ltrans.o
                0x0000000000010671                DevPathToTextPci
 .text.FreePages
                0x0000000000010693       0x92 /tmp/ccx0bwyx.ltrans12.ltrans.o
                0x0000000000010693                FreePages
 .text.EfiBootManagerAddLoadOptionVariable.constprop.50
                0x0000000000010725      0x274 /tmp/ccx0bwyx.ltrans13.ltrans.o
                0x0000000000010725                EfiBootManagerAddLoadOptionVariable.constprop.50
 .text.EfiBootManagerGetLoadOptions.part.7.constprop.48
                0x0000000000010999      0x1ab /tmp/ccx0bwyx.ltrans13.ltrans.o
                0x0000000000010999                EfiBootManagerGetLoadOptions.part.7.constprop.48
 .text.IsZeroBuffer.constprop.37
                0x0000000000010b44       0x5d /tmp/ccx0bwyx.ltrans13.ltrans.o
                0x0000000000010b44                IsZeroBuffer.constprop.37
 .text.EfiAcquireLock.constprop.27
                0x0000000000010ba1       0x55 /tmp/ccx0bwyx.ltrans13.ltrans.o
                0x0000000000010ba1                EfiAcquireLock.constprop.27
 .text.EfiReleaseLock.constprop.26
                0x0000000000010bf6       0x50 /tmp/ccx0bwyx.ltrans13.ltrans.o
                0x0000000000010bf6                EfiReleaseLock.constprop.26
 .text.InternalHiiBrowserCallback.constprop.20
                0x0000000000010c46      0x114 /tmp/ccx0bwyx.ltrans13.ltrans.o
                0x0000000000010c46                InternalHiiBrowserCallback.constprop.20
 .text.HiiConstructConfigHdr.constprop.19
                0x0000000000010d5a      0x220 /tmp/ccx0bwyx.ltrans13.ltrans.o
                0x0000000000010d5a                HiiConstructConfigHdr.constprop.19
 .text.HiiIsConfigHdrMatch.constprop.18
                0x0000000000010f7a       0x9c /tmp/ccx0bwyx.ltrans13.ltrans.o
                0x0000000000010f7a                HiiIsConfigHdrMatch.constprop.18
 .text.HiiCreateCheckBoxOpCode.constprop.15
                0x0000000000011016       0xc1 /tmp/ccx0bwyx.ltrans13.ltrans.o
                0x0000000000011016                HiiCreateCheckBoxOpCode.constprop.15
 .text.ChooseFile.part.1.constprop.4
                0x00000000000110d7      0x4eb /tmp/ccx0bwyx.ltrans13.ltrans.o
                0x00000000000110d7                ChooseFile.part.1.constprop.4
 .text.EfiLibDeleteVariable.constprop.2
                0x00000000000115c2       0x29 /tmp/ccx0bwyx.ltrans13.ltrans.o
                0x00000000000115c2                EfiLibDeleteVariable.constprop.2
 .text.RequiredDriver
                0x00000000000115eb      0x102 /tmp/ccx0bwyx.ltrans13.ltrans.o
                0x00000000000115eb                IsRequiredDriver
                0x00000000000115eb                RequiredDriver
 .text.UpdatePageBody
                0x00000000000116ed       0x84 /tmp/ccx0bwyx.ltrans13.ltrans.o
                0x00000000000116ed                UpdatePageBody
 .text.DevPathToTextBluetoothLE
                0x0000000000011771       0x3f /tmp/ccx0bwyx.ltrans14.ltrans.o
                0x0000000000011771                DevPathToTextBluetoothLE
 .text.DevPathToTextBluetooth
                0x00000000000117b0       0x37 /tmp/ccx0bwyx.ltrans14.ltrans.o
                0x00000000000117b0                DevPathToTextBluetooth
 .text.DevPathToTextVlan
                0x00000000000117e7       0x1d /tmp/ccx0bwyx.ltrans14.ltrans.o
                0x00000000000117e7                DevPathToTextVlan
 .text.DevPathToTextiSCSI
                0x0000000000011804      0x124 /tmp/ccx0bwyx.ltrans14.ltrans.o
                0x0000000000011804                DevPathToTextiSCSI
 .text.DevPathToTextUart
                0x0000000000011928      0x107 /tmp/ccx0bwyx.ltrans14.ltrans.o
                0x0000000000011928                DevPathToTextUart
 .text.DevPathToTextInfiniBand
                0x0000000000011a2f       0x2d /tmp/ccx0bwyx.ltrans14.ltrans.o
                0x0000000000011a2f                DevPathToTextInfiniBand
 .text.CatIPv6Address
                0x0000000000011a5c       0x6b /tmp/ccx0bwyx.ltrans14.ltrans.o
 .text.CatIPv4Address
                0x0000000000011ac7       0x2c /tmp/ccx0bwyx.ltrans14.ltrans.o
 .text.CatNetworkProtocol
                0x0000000000011af3       0x49 /tmp/ccx0bwyx.ltrans14.ltrans.o
 .text.DevPathToTextMacAddr
                0x0000000000011b3c       0x80 /tmp/ccx0bwyx.ltrans14.ltrans.o
                0x0000000000011b3c                DevPathToTextMacAddr
 .text.DevPathToTextI2O
                0x0000000000011bbc       0x1c /tmp/ccx0bwyx.ltrans14.ltrans.o
                0x0000000000011bbc                DevPathToTextI2O
 .text.DevPathToTextSata
                0x0000000000011bd8       0x2b /tmp/ccx0bwyx.ltrans14.ltrans.o
                0x0000000000011bd8                DevPathToTextSata
 .text.DevPathToTextUsbClass
                0x0000000000011c03      0x1ad /tmp/ccx0bwyx.ltrans14.ltrans.o
                0x0000000000011c03                DevPathToTextUsbClass
 .text.DevPathToTextLogicalUnit
                0x0000000000011db0       0x1d /tmp/ccx0bwyx.ltrans14.ltrans.o
                0x0000000000011db0                DevPathToTextLogicalUnit
 .text.DevPathToTextUsb
                0x0000000000011dcd       0x22 /tmp/ccx0bwyx.ltrans14.ltrans.o
                0x0000000000011dcd                DevPathToTextUsb
 .text.DevPathToText1394
                0x0000000000011def       0x1c /tmp/ccx0bwyx.ltrans14.ltrans.o
                0x0000000000011def                DevPathToText1394
 .text.DevPathToTextEmmc
                0x0000000000011e0b       0x1d /tmp/ccx0bwyx.ltrans14.ltrans.o
                0x0000000000011e0b                DevPathToTextEmmc
 .text.DevPathToTextSd
                0x0000000000011e28       0x1d /tmp/ccx0bwyx.ltrans14.ltrans.o
                0x0000000000011e28                DevPathToTextSd
 .text.DevPathToTextUfs
                0x0000000000011e45       0x22 /tmp/ccx0bwyx.ltrans14.ltrans.o
                0x0000000000011e45                DevPathToTextUfs
 .text.DevPathToTextNVMe
                0x0000000000011e67       0x48 /tmp/ccx0bwyx.ltrans14.ltrans.o
                0x0000000000011e67                DevPathToTextNVMe
 .text.DevPathToTextSasEx
                0x0000000000011eaf      0x1a0 /tmp/ccx0bwyx.ltrans14.ltrans.o
                0x0000000000011eaf                DevPathToTextSasEx
 .text.DevPathToTextFibreEx
                0x000000000001204f       0xa4 /tmp/ccx0bwyx.ltrans14.ltrans.o
                0x000000000001204f                DevPathToTextFibreEx
 .text.DevPathToTextFibre
                0x00000000000120f3       0x20 /tmp/ccx0bwyx.ltrans14.ltrans.o
                0x00000000000120f3                DevPathToTextFibre
 .text.DevPathToTextScsi
                0x0000000000012113       0x22 /tmp/ccx0bwyx.ltrans14.ltrans.o
                0x0000000000012113                DevPathToTextScsi
 .text.DevPathToTextAtapi
                0x0000000000012135       0x6b /tmp/ccx0bwyx.ltrans14.ltrans.o
                0x0000000000012135                DevPathToTextAtapi
 .text.DevPathToTextAcpi
                0x00000000000121a0       0xc6 /tmp/ccx0bwyx.ltrans14.ltrans.o
                0x00000000000121a0                DevPathToTextAcpi
 .text.DevPathToTextController
                0x0000000000012266       0x1c /tmp/ccx0bwyx.ltrans14.ltrans.o
                0x0000000000012266                DevPathToTextController
 .text.DevPathToTextDns
                0x0000000000012282       0xa5 /tmp/ccx0bwyx.ltrans14.ltrans.o
                0x0000000000012282                DevPathToTextDns
 .text.DevPathToTextIPv6
                0x0000000000012327      0x103 /tmp/ccx0bwyx.ltrans14.ltrans.o
                0x0000000000012327                DevPathToTextIPv6
 .text.DevPathToTextIPv4
                0x000000000001242a      0x112 /tmp/ccx0bwyx.ltrans14.ltrans.o
                0x000000000001242a                DevPathToTextIPv4
 .text.DevPathToTextAcpiAdr
                0x000000000001253c       0x88 /tmp/ccx0bwyx.ltrans14.ltrans.o
                0x000000000001253c                DevPathToTextAcpiAdr
 .text.DevPathToTextWiFi
                0x00000000000125c4       0x42 /tmp/ccx0bwyx.ltrans14.ltrans.o
                0x00000000000125c4                DevPathToTextWiFi
 .text.DevPathToTextUsbWWID
                0x0000000000012606       0xbe /tmp/ccx0bwyx.ltrans14.ltrans.o
                0x0000000000012606                DevPathToTextUsbWWID
 .text.DevPathToTextAcpiEx
                0x00000000000126c4      0x2ba /tmp/ccx0bwyx.ltrans14.ltrans.o
                0x00000000000126c4                DevPathToTextAcpiEx
 .text.DevPathToTextBmc
                0x000000000001297e       0x33 /tmp/ccx0bwyx.ltrans14.ltrans.o
                0x000000000001297e                DevPathToTextBmc
 .text.EfiBootManagerFreeDriverHealthInfo
                0x00000000000129b1       0x43 /tmp/ccx0bwyx.ltrans15.ltrans.o
 .text.BmRepairNotify
                0x00000000000129f4       0x47 /tmp/ccx0bwyx.ltrans15.ltrans.o
 .text.BmGetSingleControllerHealthStatus
                0x0000000000012a3b      0x2b9 /tmp/ccx0bwyx.ltrans15.ltrans.o
 .text.EfiBootManagerGetDriverHealthInfo
                0x0000000000012cf4      0x328 /tmp/ccx0bwyx.ltrans15.ltrans.o
 .text.BmGetControllerName
                0x000000000001301c      0x184 /tmp/ccx0bwyx.ltrans15.ltrans.o
 .text.BmDisplayMessages
                0x00000000000131a0      0x117 /tmp/ccx0bwyx.ltrans15.ltrans.o
 .text.BmHotkeyCallback
                0x00000000000132b7      0x21a /tmp/ccx0bwyx.ltrans15.ltrans.o
                0x00000000000132b7                BmHotkeyCallback
 .text.BmRepairAllControllers
                0x00000000000134d1      0x42f /tmp/ccx0bwyx.ltrans15.ltrans.o
                0x00000000000134d1                BmRepairAllControllers
 .text.LibExtractConfig
                0x0000000000013900       0x23 /tmp/ccx0bwyx.ltrans16.ltrans.o
                0x0000000000013900                LibExtractConfig
 .text.LibGetMenuEntry
                0x0000000000013923       0x94 /tmp/ccx0bwyx.ltrans16.ltrans.o
 .text.LibGetDevicePath
                0x00000000000139b7       0x55 /tmp/ccx0bwyx.ltrans16.ltrans.o
 .text.LibAppendFileName
                0x0000000000013a0c      0x1ec /tmp/ccx0bwyx.ltrans16.ltrans.o
 .text.LibCreateNewFile
                0x0000000000013bf8      0x32c /tmp/ccx0bwyx.ltrans16.ltrans.o
 .text.LibRouteConfig
                0x0000000000013f24        0x5 /tmp/ccx0bwyx.ltrans16.ltrans.o
                0x0000000000013f24                LibRouteConfig
 .text.LibUpdateFileExplorePage
                0x0000000000013f29      0x244 /tmp/ccx0bwyx.ltrans16.ltrans.o
                0x0000000000013f29                LibUpdateFileExplorePage
 .text.LibToLowerString
                0x000000000001416d       0x1e /tmp/ccx0bwyx.ltrans16.ltrans.o
                0x000000000001416d                LibToLowerString
 .text.LibStrDuplicate
                0x000000000001418b       0x78 /tmp/ccx0bwyx.ltrans16.ltrans.o
                0x000000000001418b                LibStrDuplicate
 .text.LibDestroyMenuEntry
                0x0000000000014203       0xa0 /tmp/ccx0bwyx.ltrans16.ltrans.o
                0x0000000000014203                LibDestroyMenuEntry
 .text.LibFreeMenu
                0x00000000000142a3       0x90 /tmp/ccx0bwyx.ltrans16.ltrans.o
                0x00000000000142a3                LibFreeMenu
 .text.LibCreateMenuEntry
                0x0000000000014333       0x58 /tmp/ccx0bwyx.ltrans16.ltrans.o
                0x0000000000014333                LibCreateMenuEntry
 .text.LibCallback
                0x000000000001438b      0x5e9 /tmp/ccx0bwyx.ltrans16.ltrans.o
                0x000000000001438b                LibCallback
 .text.BootManagerExtractConfig
                0x0000000000014974       0x23 /tmp/ccx0bwyx.ltrans17.ltrans.o
 .text.BmSetConsoleMode
                0x0000000000014997      0x491 /tmp/ccx0bwyx.ltrans17.ltrans.o
 .text.BootManagerCallback
                0x0000000000014e28      0x934 /tmp/ccx0bwyx.ltrans17.ltrans.o
 .text.BootManagerRouteConfig
                0x000000000001575c        0x5 /tmp/ccx0bwyx.ltrans17.ltrans.o
 .text.DeviceManagerRouteConfig
                0x0000000000015761        0x5 /tmp/ccx0bwyx.ltrans17.ltrans.o
 .text.DeviceManagerCallback
                0x0000000000015766      0x145 /tmp/ccx0bwyx.ltrans17.ltrans.o
 .text.UpdatePageEnd
                0x00000000000158ab       0xaa /tmp/ccx0bwyx.ltrans18.ltrans.o
                0x00000000000158ab                UpdatePageEnd
 .text.RefreshUpdateData
                0x0000000000015955       0x52 /tmp/ccx0bwyx.ltrans18.ltrans.o
                0x0000000000015955                RefreshUpdateData
 .text.CleanUpPage
                0x00000000000159a7       0x45 /tmp/ccx0bwyx.ltrans18.ltrans.o
                0x00000000000159a7                CleanUpPage
 .text.UpdatePageStart
                0x00000000000159ec       0x4c /tmp/ccx0bwyx.ltrans18.ltrans.o
                0x00000000000159ec                UpdatePageStart
 .text.UpdateOrderPage
                0x0000000000015a38      0x284 /tmp/ccx0bwyx.ltrans18.ltrans.o
                0x0000000000015a38                UpdateOrderPage
 .text.UpdateConsolePage
                0x0000000000015cbc      0x289 /tmp/ccx0bwyx.ltrans18.ltrans.o
                0x0000000000015cbc                UpdateConsolePage
 .text.GetConsoleOutMode
                0x0000000000015f45       0x95 /tmp/ccx0bwyx.ltrans18.ltrans.o
                0x0000000000015f45                GetConsoleOutMode
 .text.UpdateComAttributeFromVariable
                0x0000000000015fda      0x21c /tmp/ccx0bwyx.ltrans18.ltrans.o
                0x0000000000015fda                UpdateComAttributeFromVariable
 .text.RetrieveUartUid
                0x00000000000161f6       0xd0 /tmp/ccx0bwyx.ltrans18.ltrans.o
                0x00000000000161f6                RetrieveUartUid
 .text.ChangeTerminalDevicePath
                0x00000000000162c6      0x1f8 /tmp/ccx0bwyx.ltrans18.ltrans.o
                0x00000000000162c6                ChangeTerminalDevicePath
 .text.Var_UpdateConsoleOption
                0x00000000000164be      0x226 /tmp/ccx0bwyx.ltrans18.ltrans.o
                0x00000000000164be                Var_UpdateConsoleOption
 .text.GetConsoleMenu
                0x00000000000166e4      0x441 /tmp/ccx0bwyx.ltrans18.ltrans.o
                0x00000000000166e4                GetConsoleMenu
 .text.ReSendForm
                0x0000000000016b25      0x1e8 /tmp/ccx0bwyx.ltrans19.ltrans.o
 .text.CreateDriverOptionFromFile
                0x0000000000016d0d       0x9e /tmp/ccx0bwyx.ltrans19.ltrans.o
                0x0000000000016d0d                CreateDriverOptionFromFile
 .text.CreateBootOptionFromFile
                0x0000000000016dab       0x9e /tmp/ccx0bwyx.ltrans19.ltrans.o
                0x0000000000016dab                CreateBootOptionFromFile
 .text.BootFromFile
                0x0000000000016e49      0x266 /tmp/ccx0bwyx.ltrans19.ltrans.o
                0x0000000000016e49                BootFromFile
 .text.IsIsaSerialNode
                0x00000000000170af       0x4e /tmp/ccx0bwyx.ltrans19.ltrans.o
                0x00000000000170af                IsIsaSerialNode
 .text.BmMatchDevicePaths
                0x00000000000170fd       0x8f /tmp/ccx0bwyx.ltrans19.ltrans.o
                0x00000000000170fd                BmMatchDevicePaths
                0x00000000000170fd                MatchDevicePaths
 .text.BOpt_GetOptionNumber
                0x000000000001718c      0x11c /tmp/ccx0bwyx.ltrans19.ltrans.o
                0x000000000001718c                BOpt_GetOptionNumber
 .text.BOpt_FreeMenu
                0x00000000000172a8       0x90 /tmp/ccx0bwyx.ltrans19.ltrans.o
                0x00000000000172a8                BOpt_FreeMenu
 .text.BOpt_GetDriverOptions
                0x0000000000017338      0x35a /tmp/ccx0bwyx.ltrans19.ltrans.o
                0x0000000000017338                BOpt_GetDriverOptions
 .text.BOpt_GetBootOptions
                0x0000000000017692      0x509 /tmp/ccx0bwyx.ltrans19.ltrans.o
                0x0000000000017692                BOpt_GetBootOptions
 .text.BOpt_GetMenuEntry
                0x0000000000017b9b       0x94 /tmp/ccx0bwyx.ltrans19.ltrans.o
                0x0000000000017b9b                BOpt_GetMenuEntry
 .text.GetDriverOrder
                0x0000000000017c2f       0xc0 /tmp/ccx0bwyx.ltrans19.ltrans.o
                0x0000000000017c2f                GetDriverOrder
 .text.GetBootOrder
                0x0000000000017cef       0xc0 /tmp/ccx0bwyx.ltrans19.ltrans.o
                0x0000000000017cef                GetBootOrder
 .text.InternalBaseLibIsListValid
                0x0000000000017daf       0x9e /tmp/ccx0bwyx.ltrans20.ltrans.o
 .text.IsNodeInList
                0x0000000000017e4d       0x93 /tmp/ccx0bwyx.ltrans20.ltrans.o
 .text.StrnLenS
                0x0000000000017ee0       0x5e /tmp/ccx0bwyx.ltrans20.ltrans.o
                0x0000000000017ee0                StrnLenS
 .text.InternalSafeStringNoStrOverlap
                0x0000000000017f3e       0x29 /tmp/ccx0bwyx.ltrans20.ltrans.o
                0x0000000000017f3e                InternalSafeStringNoStrOverlap
 .text.StrCpyS  0x0000000000017f67      0x2e0 /tmp/ccx0bwyx.ltrans20.ltrans.o
                0x0000000000017f67                StrCpyS
 .text.IsNull   0x0000000000018247       0x70 /tmp/ccx0bwyx.ltrans20.ltrans.o
                0x0000000000018247                IsNull
 .text.IsListEmpty
                0x00000000000182b7       0x41 /tmp/ccx0bwyx.ltrans20.ltrans.o
                0x00000000000182b7                IsListEmpty
 .text.RemoveEntryList
                0x00000000000182f8       0x53 /tmp/ccx0bwyx.ltrans20.ltrans.o
                0x00000000000182f8                RemoveEntryList
 .text.GetNextNode
                0x000000000001834b       0x71 /tmp/ccx0bwyx.ltrans20.ltrans.o
                0x000000000001834b                GetNextNode
 .text.GetFirstNode
                0x00000000000183bc       0x3e /tmp/ccx0bwyx.ltrans20.ltrans.o
                0x00000000000183bc                GetFirstNode
 .text.InsertTailList
                0x00000000000183fa       0x7f /tmp/ccx0bwyx.ltrans20.ltrans.o
                0x00000000000183fa                InsertTailList
 .text.InitializeListHead
                0x0000000000018479       0x3e /tmp/ccx0bwyx.ltrans20.ltrans.o
                0x0000000000018479                InitializeListHead
 .text.CompareGuid
                0x00000000000184b7       0x4d /tmp/ccx0bwyx.ltrans20.ltrans.o
                0x00000000000184b7                CompareGuid
 .text.CopyGuid
                0x0000000000018504       0x3e /tmp/ccx0bwyx.ltrans20.ltrans.o
                0x0000000000018504                CopyGuid
 .text.CopyMem  0x0000000000018542      0x260 /tmp/ccx0bwyx.ltrans20.ltrans.o
                0x0000000000018542                CopyMem
 .text.SetMem16.part.0.lto_priv.83
                0x00000000000187a2       0xb8 /tmp/ccx0bwyx.ltrans20.ltrans.o
                0x00000000000187a2                SetMem16.part.0.lto_priv.83
 .text.CompareMem
                0x000000000001885a       0xec /tmp/ccx0bwyx.ltrans20.ltrans.o
                0x000000000001885a                CompareMem
 .text.ZeroMem  0x0000000000018946       0x72 /tmp/ccx0bwyx.ltrans20.ltrans.o
                0x0000000000018946                ZeroMem
 .text.BmEliminateExtraSpaces
                0x00000000000189b8       0x34 /tmp/ccx0bwyx.ltrans21.ltrans.o
 .text.BmGetNvmeDescription
                0x00000000000189ec      0x278 /tmp/ccx0bwyx.ltrans21.ltrans.o
                0x00000000000189ec                BmGetNvmeDescription
 .text.BmGetLoadFileDescription
                0x0000000000018c64       0xbe /tmp/ccx0bwyx.ltrans21.ltrans.o
                0x0000000000018c64                BmGetLoadFileDescription
 .text.BmGetNetworkDescription
                0x0000000000018d22      0x3a0 /tmp/ccx0bwyx.ltrans21.ltrans.o
                0x0000000000018d22                BmGetNetworkDescription
 .text.BmGetUsbDescription
                0x00000000000190c2      0x21b /tmp/ccx0bwyx.ltrans21.ltrans.o
                0x00000000000190c2                BmGetUsbDescription
 .text.BmGetDescriptionFromDiskInfo
                0x00000000000192dd      0x32b /tmp/ccx0bwyx.ltrans21.ltrans.o
                0x00000000000192dd                BmGetDescriptionFromDiskInfo
 .text.BmMatchPartitionDevicePathNode.part.6.lto_priv.88
                0x0000000000019608       0xac /tmp/ccx0bwyx.ltrans21.ltrans.o
                0x0000000000019608                BmMatchPartitionDevicePathNode.part.6.lto_priv.88
 .text.BasePrintLibSPrintMarker.constprop.81
                0x00000000000196b4     0x1074 /tmp/ccx0bwyx.ltrans22.ltrans.o
                0x00000000000196b4                BasePrintLibSPrintMarker.constprop.81
 .text.DeviceManagerExtractConfig
                0x000000000001a728       0x23 /tmp/ccx0bwyx.ltrans23.ltrans.o
                0x000000000001a728                DeviceManagerExtractConfig
 .text.IsMacAddressDevicePath
                0x000000000001a74b      0x411 /tmp/ccx0bwyx.ltrans23.ltrans.o
 .text.CreateDeviceManagerForm
                0x000000000001ab5c      0x7ee /tmp/ccx0bwyx.ltrans23.ltrans.o
                0x000000000001ab5c                CreateDeviceManagerForm
 .text.BootMaintExtractConfig
                0x000000000001b34a      0x1c0 /tmp/ccx0bwyx.ltrans24.ltrans.o
                0x000000000001b34a                BootMaintExtractConfig
 .text.UpdateConsoleContent
                0x000000000001b50a      0x334 /tmp/ccx0bwyx.ltrans24.ltrans.o
                0x000000000001b50a                UpdateConsoleContent
 .text.UiDevicePathToStr
                0x000000000001b83e       0xea /tmp/ccx0bwyx.ltrans24.ltrans.o
                0x000000000001b83e                UiDevicePathToStr
 .text.ExtractFileNameFromDevicePath
                0x000000000001b928       0xb9 /tmp/ccx0bwyx.ltrans24.ltrans.o
                0x000000000001b928                ExtractFileNameFromDevicePath
 .text.BmmSetConsoleMode
                0x000000000001b9e1      0x491 /tmp/ccx0bwyx.ltrans24.ltrans.o
                0x000000000001b9e1                BmmSetConsoleMode
 .text.EfiBootManagerRefreshAllBootOption
                0x000000000001be72      0x80b /tmp/ccx0bwyx.ltrans25.ltrans.o
                0x000000000001be72                EfiBootManagerRefreshAllBootOption
 .text.FakeRouteConfig
                0x000000000001c67d       0x23 /tmp/ccx0bwyx.ltrans26.ltrans.o
                0x000000000001c67d                FakeRouteConfig
 .text.FakeExtractConfig
                0x000000000001c6a0       0x23 /tmp/ccx0bwyx.ltrans26.ltrans.o
                0x000000000001c6a0                FakeExtractConfig
 .text.GetNextLanguage
                0x000000000001c6c3       0xe6 /tmp/ccx0bwyx.ltrans26.ltrans.o
                0x000000000001c6c3                GetNextLanguage
 .text.FrontPageCallback
                0x000000000001c7a9      0x263 /tmp/ccx0bwyx.ltrans26.ltrans.o
                0x000000000001c7a9                FrontPageCallback
 .text.UiCustomizeFrontPageBanner
                0x000000000001ca0c       0x3e /tmp/ccx0bwyx.ltrans26.ltrans.o
                0x000000000001ca0c                UiCustomizeFrontPageBanner
 .text.UiSetConsoleMode
                0x000000000001ca4a      0x491 /tmp/ccx0bwyx.ltrans26.ltrans.o
                0x000000000001ca4a                UiSetConsoleMode
 .text.GetOptionalStringByIndex
                0x000000000001cedb       0xaa /tmp/ccx0bwyx.ltrans26.ltrans.o
                0x000000000001cedb                GetOptionalStringByIndex
 .text.BOpt_DestroyMenuEntry
                0x000000000001cf85      0x10d /tmp/ccx0bwyx.ltrans27.ltrans.o
                0x000000000001cf85                BOpt_DestroyMenuEntry
 .text.BOpt_CreateMenuEntry
                0x000000000001d092       0x7b /tmp/ccx0bwyx.ltrans27.ltrans.o
                0x000000000001d092                BOpt_CreateMenuEntry
 .text.CleanUselessBeforeSubmit
                0x000000000001d10d       0x8f /tmp/ccx0bwyx.ltrans27.ltrans.o
                0x000000000001d10d                CleanUselessBeforeSubmit
 .text.BmReportLoadFailure
                0x000000000001d19c        0x1 /tmp/ccx0bwyx.ltrans28.ltrans.o
                0x000000000001d19c                BmReportLoadFailure
 .text.BmIsBootManagerMenuFilePath
                0x000000000001d19d       0x6b /tmp/ccx0bwyx.ltrans28.ltrans.o
                0x000000000001d19d                BmIsBootManagerMenuFilePath
 .text.InternalMemSetMem
                0x000000000001d208       0xed /tmp/ccx0bwyx.ltrans29.ltrans.o
                0x000000000001d208                InternalMemSetMem
 .text.DmExtractDevicePathFromHiiHandle
                0x000000000001d2f5       0x8c /tmp/ccx0bwyx.ltrans30.ltrans.o
                0x000000000001d2f5                DmExtractDevicePathFromHiiHandle
 .text.BasePrintLibSPrint.constprop.82
                0x000000000001d381       0xb8 /tmp/ccx0bwyx.ltrans31.ltrans.o
                0x000000000001d381                BasePrintLibSPrint.constprop.82
 *(.rodata .rodata.* .gnu.linkonce.r.*)
 .rodata.str1.1
                0x000000000001d439      0x437 /tmp/ccx0bwyx.ltrans0.ltrans.o
                                        0x4c1 (size before relaxing)
 .rodata.str2.2
                0x000000000001d870       0xde /tmp/ccx0bwyx.ltrans0.ltrans.o
                                         0xe2 (size before relaxing)
 *fill*         0x000000000001d94e        0x2 
 .rodata._gPcd_FixedAtBuild_PcdUefiVariableDefaultPlatformLangCodes
                0x000000000001d950       0x12 /tmp/ccx0bwyx.ltrans0.ltrans.o
 *fill*         0x000000000001d962        0x2 
 .rodata._gUefiDriverRevision
                0x000000000001d964        0x4 /tmp/ccx0bwyx.ltrans0.ltrans.o
                0x000000000001d964                _gPcd_FixedAtBuild_PcdMaximumDevicePathNodeCount
                0x000000000001d964                _gUefiDriverRevision
                0x000000000001d964                _gPcd_FixedAtBuild_PcdControlFlowEnforcementPropertyMask
                0x000000000001d964                _gPcd_FixedAtBuild_PcdMaxRepairCount
 .rodata.str1.1
                0x000000000001d968      0x673 /tmp/ccx0bwyx.ltrans1.ltrans.o
                                        0x776 (size before relaxing)
 *fill*         0x000000000001dfdb        0x1 
 .rodata.str2.2
                0x000000000001dfdc       0x78 /tmp/ccx0bwyx.ltrans1.ltrans.o
 .rodata.BootMaintCallback
                0x000000000001e054       0xc0 /tmp/ccx0bwyx.ltrans1.ltrans.o
 *fill*         0x000000000001e114        0xc 
 .rodata.TerminalType
                0x000000000001e120       0x12 /tmp/ccx0bwyx.ltrans1.ltrans.o
 *fill*         0x000000000001e132        0xe 
 .rodata.StopBitsList
                0x000000000001e140       0x30 /tmp/ccx0bwyx.ltrans1.ltrans.o
                0x000000000001e140                StopBitsList
 *fill*         0x000000000001e170       0x10 
 .rodata.ParityList
                0x000000000001e180       0x50 /tmp/ccx0bwyx.ltrans1.ltrans.o
                0x000000000001e180                ParityList
 *fill*         0x000000000001e1d0       0x10 
 .rodata.DataBitsList
                0x000000000001e1e0       0x40 /tmp/ccx0bwyx.ltrans1.ltrans.o
                0x000000000001e1e0                DataBitsList
 .rodata.BaudRateList
                0x000000000001e220      0x130 /tmp/ccx0bwyx.ltrans1.ltrans.o
                0x000000000001e220                BaudRateList
 .rodata.__FUNCTION__.2881
                0x000000000001e350        0x9 /tmp/ccx0bwyx.ltrans1.ltrans.o
 *fill*         0x000000000001e359        0x7 
 .rodata.mConfigHdrTemplate
                0x000000000001e360       0x70 /tmp/ccx0bwyx.ltrans1.ltrans.o
 .rodata.str2.2
                0x000000000001e3d0       0x5c /tmp/ccx0bwyx.ltrans2.ltrans.o
 .rodata.str1.1
                0x000000000001e42c      0x404 /tmp/ccx0bwyx.ltrans2.ltrans.o
                                        0x463 (size before relaxing)
 .rodata.str1.1
                0x000000000001e830      0x413 /tmp/ccx0bwyx.ltrans3.ltrans.o
                                        0x646 (size before relaxing)
 *fill*         0x000000000001ec43        0x1 
 .rodata.str2.2
                0x000000000001ec44       0x28 /tmp/ccx0bwyx.ltrans3.ltrans.o
                                         0x50 (size before relaxing)
 .rodata.str1.1
                0x000000000001ec6c       0xff /tmp/ccx0bwyx.ltrans4.ltrans.o
                                        0x195 (size before relaxing)
 *fill*         0x000000000001ed6b        0x1 
 .rodata.str2.2
                0x000000000001ed6c       0x66 /tmp/ccx0bwyx.ltrans4.ltrans.o
                                         0x8e (size before relaxing)
 *fill*         0x000000000001edd2        0xe 
 .rodata.__FUNCTION__.19307
                0x000000000001ede0       0x11 /tmp/ccx0bwyx.ltrans4.ltrans.o
 .rodata.str1.1
                0x000000000001edf1      0x2e6 /tmp/ccx0bwyx.ltrans5.ltrans.o
                                        0x499 (size before relaxing)
 *fill*         0x000000000001f0d7        0x1 
 .rodata.str2.2
                0x000000000001f0d8        0x8 /tmp/ccx0bwyx.ltrans5.ltrans.o
                                         0x22 (size before relaxing)
 .rodata.__FUNCTION__.2856
                0x000000000001f0e0        0x9 /tmp/ccx0bwyx.ltrans5.ltrans.o
 .rodata.str1.1
                0x000000000001f0e9      0x29e /tmp/ccx0bwyx.ltrans6.ltrans.o
                                        0x354 (size before relaxing)
 .rodata.str2.2
                0x000000000001f387       0x28 /tmp/ccx0bwyx.ltrans6.ltrans.o
 *fill*         0x000000000001f387        0x1 
 .rodata.mHiiDefaultTypeToWidth
                0x000000000001f388        0x8 /tmp/ccx0bwyx.ltrans6.ltrans.o
 .rodata.str2.2
                0x000000000001f390      0x296 /tmp/ccx0bwyx.ltrans7.ltrans.o
                                        0x382 (size before relaxing)
 *fill*         0x000000000001f626        0x2 
 .rodata.DevPathToTextBBS
                0x000000000001f628       0x18 /tmp/ccx0bwyx.ltrans7.ltrans.o
 .rodata.str1.1
                0x000000000001f640      0x287 /tmp/ccx0bwyx.ltrans7.ltrans.o
                                        0x3df (size before relaxing)
 .rodata.mEndOfPakageList
                0x000000000001f8c7        0x4 /tmp/ccx0bwyx.ltrans7.ltrans.o
 .rodata.str1.1
                0x000000000001f8cb      0x21e /tmp/ccx0bwyx.ltrans8.ltrans.o
                                        0x2f8 (size before relaxing)
 *fill*         0x000000000001fae9        0x1 
 .rodata.str2.2
                0x000000000001faea       0xb0 /tmp/ccx0bwyx.ltrans8.ltrans.o
                                         0xe2 (size before relaxing)
 .rodata.str1.1
                0x000000000001fb9a       0x19 /tmp/ccx0bwyx.ltrans9.ltrans.o
                                         0xaf (size before relaxing)
 *fill*         0x000000000001fbb3        0x1 
 .rodata.str2.2
                0x000000000001fbb4        0xa /tmp/ccx0bwyx.ltrans9.ltrans.o
 .rodata.str1.1
                0x000000000001fbbe      0x436 /tmp/ccx0bwyx.ltrans10.ltrans.o
                                        0x70d (size before relaxing)
 *fill*         0x000000000001fff4        0x4 
 .rodata.__FUNCTION__.2868
                0x000000000001fff8        0x8 /tmp/ccx0bwyx.ltrans10.ltrans.o
 .rodata.__FUNCTION__.3147
                0x0000000000020000       0x16 /tmp/ccx0bwyx.ltrans10.ltrans.o
 *fill*         0x0000000000020016        0xa 
 .rodata.mHexStr
                0x0000000000020020       0x10 /tmp/ccx0bwyx.ltrans10.ltrans.o
 .rodata.str2.2
                0x0000000000020030       0xa4 /tmp/ccx0bwyx.ltrans11.ltrans.o
                                         0xe8 (size before relaxing)
 .rodata.str1.1
                0x00000000000200d4      0x23f /tmp/ccx0bwyx.ltrans11.ltrans.o
                                        0x2d9 (size before relaxing)
 .rodata.str1.1
                0x0000000000020313      0x16c /tmp/ccx0bwyx.ltrans12.ltrans.o
                                        0x24f (size before relaxing)
 *fill*         0x000000000002047f        0x1 
 .rodata.str2.2
                0x0000000000020480      0x236 /tmp/ccx0bwyx.ltrans12.ltrans.o
                                        0x26e (size before relaxing)
 .rodata.mUefiDevicePathLibEndDevicePath
                0x00000000000206b6        0x4 /tmp/ccx0bwyx.ltrans12.ltrans.o
 .rodata.str1.1
                0x00000000000206ba      0x248 /tmp/ccx0bwyx.ltrans13.ltrans.o
                                        0x457 (size before relaxing)
 .rodata.str2.2
                0x0000000000020902       0xd2 /tmp/ccx0bwyx.ltrans13.ltrans.o
                                        0x12e (size before relaxing)
 .rodata.UpdatePageBody
                0x00000000000209d4       0x20 /tmp/ccx0bwyx.ltrans13.ltrans.o
 .rodata._gPcd_FixedAtBuild_PcdPerformanceLibraryPropertyMask
                0x00000000000209f4        0x1 /tmp/ccx0bwyx.ltrans13.ltrans.o
                0x00000000000209f4                _gPcd_FixedAtBuild_PcdVerifyNodeInList
                0x00000000000209f4                _gPcd_FixedAtBuild_PcdPerformanceLibraryPropertyMask
 *fill*         0x00000000000209f5        0x1 
 .rodata.str2.2
                0x00000000000209f6      0xa6a /tmp/ccx0bwyx.ltrans14.ltrans.o
                                        0xb70 (size before relaxing)
 .rodata.str1.1
                0x0000000000021460       0x17 /tmp/ccx0bwyx.ltrans14.ltrans.o
                                         0x68 (size before relaxing)
 .rodata.CSWTCH.43
                0x0000000000021477        0x6 /tmp/ccx0bwyx.ltrans14.ltrans.o
 .rodata.str1.1
                0x000000000002147d      0x21c /tmp/ccx0bwyx.ltrans15.ltrans.o
                                        0x2ca (size before relaxing)
 *fill*         0x0000000000021699        0x1 
 .rodata.str2.2
                0x000000000002169a      0x112 /tmp/ccx0bwyx.ltrans15.ltrans.o
                                        0x14e (size before relaxing)
 *fill*         0x00000000000217ac        0x4 
 .rodata.__FUNCTION__.19161
                0x00000000000217b0       0x17 /tmp/ccx0bwyx.ltrans15.ltrans.o
 *fill*         0x00000000000217c7        0x9 
 .rodata._gPcd_FixedAtBuild_PcdDriverHealthConfigureForm
                0x00000000000217d0       0x10 /tmp/ccx0bwyx.ltrans15.ltrans.o
 .rodata.str1.1
                0x00000000000217e0       0x50 /tmp/ccx0bwyx.ltrans16.ltrans.o
                                         0xca (size before relaxing)
 .rodata.str2.2
                0x0000000000021830        0xa /tmp/ccx0bwyx.ltrans16.ltrans.o
                                          0xe (size before relaxing)
 .rodata.str1.1
                0x000000000002183a      0x14d /tmp/ccx0bwyx.ltrans17.ltrans.o
                                        0x2b3 (size before relaxing)
 *fill*         0x0000000000021987        0x1 
 .rodata.str2.2
                0x0000000000021988      0x11e /tmp/ccx0bwyx.ltrans17.ltrans.o
                                        0x1ca (size before relaxing)
 .rodata.str1.1
                0x0000000000021aa6       0xdc /tmp/ccx0bwyx.ltrans18.ltrans.o
                                        0x274 (size before relaxing)
 .rodata.str2.2
                0x0000000000021b82       0x62 /tmp/ccx0bwyx.ltrans18.ltrans.o
 .rodata.str1.1
                0x0000000000021b82       0x85 /tmp/ccx0bwyx.ltrans19.ltrans.o
                                        0x20f (size before relaxing)
 *fill*         0x0000000000021c07        0x1 
 .rodata.str2.2
                0x0000000000021c08       0x10 /tmp/ccx0bwyx.ltrans19.ltrans.o
                                        0x10a (size before relaxing)
 .rodata.str1.1
                0x0000000000021c18      0x49c /tmp/ccx0bwyx.ltrans20.ltrans.o
                                        0x6df (size before relaxing)
 *fill*         0x00000000000220b4        0x4 
 .rodata.__FUNCTION__.2845
                0x00000000000220b8        0x8 /tmp/ccx0bwyx.ltrans20.ltrans.o
 .rodata.str1.1
                0x00000000000220c0      0x49c /tmp/ccx0bwyx.ltrans21.ltrans.o
                                         0xbd (size before relaxing)
 .rodata.str2.2
                0x00000000000220c0       0xe0 /tmp/ccx0bwyx.ltrans21.ltrans.o
                                         0xe4 (size before relaxing)
 .rodata.str1.1
                0x00000000000221a0      0x227 /tmp/ccx0bwyx.ltrans22.ltrans.o
                                        0x2a3 (size before relaxing)
 *fill*         0x00000000000223c7       0x19 
 .rodata.mWarningString
                0x00000000000223e0       0x96 /tmp/ccx0bwyx.ltrans22.ltrans.o
 *fill*         0x0000000000022476        0xa 
 .rodata.mErrorString
                0x0000000000022480      0x2b5 /tmp/ccx0bwyx.ltrans22.ltrans.o
 *fill*         0x0000000000022735        0x3 
 .rodata._gPcd_FixedAtBuild_PcdMaximumUnicodeStringLength
                0x0000000000022738        0x4 /tmp/ccx0bwyx.ltrans22.ltrans.o
                0x0000000000022738                _gPcd_FixedAtBuild_PcdMaximumLinkedListLength
                0x0000000000022738                _gPcd_FixedAtBuild_PcdMaximumAsciiStringLength
                0x0000000000022738                _gPcd_FixedAtBuild_PcdMaximumUnicodeStringLength
 .rodata.str1.1
                0x000000000002273c       0x1f /tmp/ccx0bwyx.ltrans23.ltrans.o
                                         0xfd (size before relaxing)
 *fill*         0x000000000002275b        0x1 
 .rodata.str2.2
                0x000000000002275c       0x16 /tmp/ccx0bwyx.ltrans23.ltrans.o
 .rodata.str1.1
                0x0000000000022772       0x1e /tmp/ccx0bwyx.ltrans24.ltrans.o
                                        0x191 (size before relaxing)
 .rodata.str2.2
                0x0000000000022790        0xe /tmp/ccx0bwyx.ltrans24.ltrans.o
                                         0x6c (size before relaxing)
 .rodata.str1.1
                0x000000000002279e       0x34 /tmp/ccx0bwyx.ltrans25.ltrans.o
                                        0x123 (size before relaxing)
 .rodata.str2.2
                0x00000000000227d2        0xc /tmp/ccx0bwyx.ltrans25.ltrans.o
 .rodata.str1.1
                0x00000000000227de       0x5e /tmp/ccx0bwyx.ltrans26.ltrans.o
                                        0x189 (size before relaxing)
 .rodata.str2.2
                0x000000000002283c       0x1a /tmp/ccx0bwyx.ltrans26.ltrans.o
 .rodata.BOpt_DestroyMenuEntry
                0x000000000002283c       0x18 /tmp/ccx0bwyx.ltrans27.ltrans.o
 .rodata.CSWTCH.33
                0x0000000000022854        0x6 /tmp/ccx0bwyx.ltrans27.ltrans.o
 *fill*         0x000000000002285a        0x6 
 .rodata._gPcd_FixedAtBuild_PcdBootManagerMenuFile
                0x0000000000022860       0x10 /tmp/ccx0bwyx.ltrans28.ltrans.o
 .rodata.str1.1
                0x0000000000022870       0x6c /tmp/ccx0bwyx.ltrans30.ltrans.o
 *(.got .got.*)
 .got           0x0000000000022870        0x0 FrontPageVfr.obj (symbol from plugin)
 .got.plt       0x0000000000022870        0x0 FrontPageVfr.obj (symbol from plugin)
 *:AutoGen.obj(.data.g*Guid)

.plt            0x0000000000022870        0x0
 .plt           0x0000000000022870        0x0 FrontPageVfr.obj (symbol from plugin)

.plt.got        0x0000000000022870        0x0
 .plt.got       0x0000000000022870        0x0 FrontPageVfr.obj (symbol from plugin)

.data           0x0000000000022880     0x7738
 *(.data .data.* .gnu.linkonce.d.*)
 .data.mBmmHiiVendorDevicePath
                0x0000000000022880       0x18 /tmp/ccx0bwyx.ltrans0.ltrans.o
                0x0000000000022880                mBmmHiiVendorDevicePath
 *fill*         0x0000000000022898        0x8 
 .data.mBootManagerHiiVendorDevicePath
                0x00000000000228a0       0x18 /tmp/ccx0bwyx.ltrans0.ltrans.o
                0x00000000000228a0                mBootManagerHiiVendorDevicePath
 *fill*         0x00000000000228b8        0x8 
 .data.mVendorDevicePath.lto_priv.90
                0x00000000000228c0       0x18 /tmp/ccx0bwyx.ltrans0.ltrans.o
                0x00000000000228c0                mVendorDevicePath.lto_priv.90
 *fill*         0x00000000000228d8        0x8 
 .data.mDeviceManagerHiiVendorDevicePath
                0x00000000000228e0       0x18 /tmp/ccx0bwyx.ltrans0.ltrans.o
                0x00000000000228e0                mDeviceManagerHiiVendorDevicePath
 *fill*         0x00000000000228f8        0x8 
 .data.mFontBin
                0x0000000000022900      0xda0 /tmp/ccx0bwyx.ltrans0.ltrans.o
 .data.mFontPackageGuid
                0x00000000000236a0       0x10 /tmp/ccx0bwyx.ltrans0.ltrans.o
 .data.mUiStringPackGuid
                0x00000000000236b0       0x10 /tmp/ccx0bwyx.ltrans0.ltrans.o
 .data.gEfiHiiStringProtocolGuid
                0x00000000000236c0       0x10 /tmp/ccx0bwyx.ltrans0.ltrans.o
                0x00000000000236c0                gEfiHiiStringProtocolGuid
 .data.gEfiIfrFrontPageGuid
                0x00000000000236d0       0x10 /tmp/ccx0bwyx.ltrans0.ltrans.o
 .data.gEfiSmbiosProtocolGuid
                0x00000000000236e0       0x10 /tmp/ccx0bwyx.ltrans0.ltrans.o
 *fill*         0x00000000000236f0       0x10 
 .data.UiAppStrings
                0x0000000000023700      0x426 /tmp/ccx0bwyx.ltrans0.ltrans.o
 *fill*         0x0000000000023b26       0x1a 
 .data.FrontPageVfrBin
                0x0000000000023b40      0x147 /tmp/ccx0bwyx.ltrans0.ltrans.o
 *fill*         0x0000000000023c87        0x9 
 .data.mFrontPageGuid
                0x0000000000023c90       0x10 /tmp/ccx0bwyx.ltrans0.ltrans.o
 .data.gEfiHiiConfigAccessProtocolGuid
                0x0000000000023ca0       0x10 /tmp/ccx0bwyx.ltrans0.ltrans.o
                0x0000000000023ca0                gEfiHiiConfigAccessProtocolGuid
 .data.mFrontPageHiiVendorDevicePath
                0x0000000000023cb0       0x18 /tmp/ccx0bwyx.ltrans0.ltrans.o
 *fill*         0x0000000000023cc8       0x18 
 .data.rel.local.gFrontPagePrivate
                0x0000000000023ce0       0x38 /tmp/ccx0bwyx.ltrans0.ltrans.o
                0x0000000000023ce0                gFrontPagePrivate
 *fill*         0x0000000000023d18        0x8 
 .data.gEfiBootLogoProtocolGuid
                0x0000000000023d20       0x10 /tmp/ccx0bwyx.ltrans0.ltrans.o
                0x0000000000023d20                gEfiBootLogoProtocolGuid
 .data._gPcd_BinaryPatch_PcdSetupVideoVerticalResolution
                0x0000000000023d30        0x4 /tmp/ccx0bwyx.ltrans0.ltrans.o
                0x0000000000023d30                _gPcd_BinaryPatch_PcdSetupVideoVerticalResolution
 .data._gPcd_BinaryPatch_PcdSetupVideoHorizontalResolution
                0x0000000000023d34        0x4 /tmp/ccx0bwyx.ltrans0.ltrans.o
                0x0000000000023d34                _gPcd_BinaryPatch_PcdSetupVideoHorizontalResolution
 *fill*         0x0000000000023d38        0x8 
 .data.gEfiIfrBootMaintenanceGuid
                0x0000000000023d40       0x10 /tmp/ccx0bwyx.ltrans1.ltrans.o
 *fill*         0x0000000000023d50       0x10 
 .data.DriverMenu
                0x0000000000023d60       0x20 /tmp/ccx0bwyx.ltrans1.ltrans.o
                0x0000000000023d60                DriverMenu
 .data.gEfiSimpleTextInputExProtocolGuid
                0x0000000000023d80       0x10 /tmp/ccx0bwyx.ltrans2.ltrans.o
 .data.gEfiEventReadyToBootGuid
                0x0000000000023d90       0x10 /tmp/ccx0bwyx.ltrans2.ltrans.o
 .data.gEfiMemoryTypeInformationGuid
                0x0000000000023da0       0x10 /tmp/ccx0bwyx.ltrans2.ltrans.o
 .data.gEfiFileInfoGuid
                0x0000000000023db0       0x10 /tmp/ccx0bwyx.ltrans2.ltrans.o
 .data.gEfiFirmwareVolume2ProtocolGuid
                0x0000000000023dc0       0x10 /tmp/ccx0bwyx.ltrans2.ltrans.o
                0x0000000000023dc0                gEfiFirmwareVolume2ProtocolGuid
 .data.gEfiLoadedImageProtocolGuid
                0x0000000000023dd0       0x10 /tmp/ccx0bwyx.ltrans2.ltrans.o
                0x0000000000023dd0                gEfiLoadedImageProtocolGuid
 .data.gEfiHiiImageProtocolGuid
                0x0000000000023de0       0x10 /tmp/ccx0bwyx.ltrans3.ltrans.o
 .data.gEfiHiiFontProtocolGuid
                0x0000000000023df0       0x10 /tmp/ccx0bwyx.ltrans3.ltrans.o
 .data.gEfiHiiDatabaseProtocolGuid
                0x0000000000023e00       0x10 /tmp/ccx0bwyx.ltrans3.ltrans.o
 .data.gEfiDxeServicesTableGuid
                0x0000000000023e10       0x10 /tmp/ccx0bwyx.ltrans3.ltrans.o
 .data.FileExplorerLibStrings
                0x0000000000023e20      0x81a /tmp/ccx0bwyx.ltrans3.ltrans.o
 *fill*         0x000000000002463a        0x6 
 .data.FileExplorerVfrBin
                0x0000000000024640       0xf9 /tmp/ccx0bwyx.ltrans3.ltrans.o
 *fill*         0x0000000000024739        0x7 
 .data.FeHiiVendorDevicePath
                0x0000000000024740       0x18 /tmp/ccx0bwyx.ltrans3.ltrans.o
 *fill*         0x0000000000024758        0x8 
 .data.DeviceManagerUiLibStrings
                0x0000000000024760      0x4b8 /tmp/ccx0bwyx.ltrans3.ltrans.o
 *fill*         0x0000000000024c18        0x8 
 .data.DeviceManagerVfrBin
                0x0000000000024c20      0x12d /tmp/ccx0bwyx.ltrans3.ltrans.o
 *fill*         0x0000000000024d4d       0x13 
 .data.BootDiscoveryPolicyUiLibStrings
                0x0000000000024d60       0xe2 /tmp/ccx0bwyx.ltrans3.ltrans.o
 *fill*         0x0000000000024e42       0x1e 
 .data.BootDiscoveryPolicyUiLibVfrBin
                0x0000000000024e60       0xad /tmp/ccx0bwyx.ltrans3.ltrans.o
 *fill*         0x0000000000024f0d        0x3 
 .data._gPcd_BinaryPatch_PcdBootDiscoveryPolicy
                0x0000000000024f10        0x4 /tmp/ccx0bwyx.ltrans3.ltrans.o
 *fill*         0x0000000000024f14        0xc 
 .data.gBootDiscoveryPolicyMgrFormsetGuid
                0x0000000000024f20       0x10 /tmp/ccx0bwyx.ltrans3.ltrans.o
 *fill*         0x0000000000024f30       0x10 
 .data.BootManagerUiLibStrings
                0x0000000000024f40      0x434 /tmp/ccx0bwyx.ltrans3.ltrans.o
 *fill*         0x0000000000025374        0xc 
 .data.BootManagerVfrBin
                0x0000000000025380       0xb3 /tmp/ccx0bwyx.ltrans3.ltrans.o
 *fill*         0x0000000000025433        0xd 
 .data.gEfiSerialIoProtocolGuid
                0x0000000000025440       0x10 /tmp/ccx0bwyx.ltrans3.ltrans.o
 *fill*         0x0000000000025450       0x10 
 .data.BootMaintenanceManagerUiLibStrings
                0x0000000000025460     0x1bbe /tmp/ccx0bwyx.ltrans3.ltrans.o
 *fill*         0x000000000002701e        0x2 
 .data.BootMaintenanceManagerBin
                0x0000000000027020      0x594 /tmp/ccx0bwyx.ltrans3.ltrans.o
 *fill*         0x00000000000275b4        0xc 
 .data.rel.ro.local.mConVarName
                0x00000000000275c0       0x30 /tmp/ccx0bwyx.ltrans4.ltrans.o
 .data.gEfiCallerIdGuid
                0x00000000000275f0       0x10 /tmp/ccx0bwyx.ltrans4.ltrans.o
                0x00000000000275f0                gEfiCallerIdGuid
 .data.gEfiRamDiskProtocolGuid
                0x0000000000027600       0x10 /tmp/ccx0bwyx.ltrans4.ltrans.o
 .data.gEfiIfrTianoGuid
                0x0000000000027610       0x10 /tmp/ccx0bwyx.ltrans5.ltrans.o
                0x0000000000027610                gEfiIfrTianoGuid
 .data.gEfiSimpleTextInProtocolGuid
                0x0000000000027620       0x10 /tmp/ccx0bwyx.ltrans6.ltrans.o
 .data.gEfiPersistentVirtualCdGuid
                0x0000000000027630       0x10 /tmp/ccx0bwyx.ltrans7.ltrans.o
 .data.gEfiPersistentVirtualDiskGuid
                0x0000000000027640       0x10 /tmp/ccx0bwyx.ltrans7.ltrans.o
 .data.gEfiVirtualCdGuid
                0x0000000000027650       0x10 /tmp/ccx0bwyx.ltrans7.ltrans.o
 .data.gEfiVirtualDiskGuid
                0x0000000000027660       0x10 /tmp/ccx0bwyx.ltrans7.ltrans.o
 *fill*         0x0000000000027670       0x10 
 .data.rel.ro.local.mUefiDevicePathLibToTextTableGeneric
                0x0000000000027680       0x60 /tmp/ccx0bwyx.ltrans7.ltrans.o
 .data.rel.ro.local.mUefiDevicePathLibToTextTable
                0x00000000000276e0      0x320 /tmp/ccx0bwyx.ltrans7.ltrans.o
 .data.gEfiHobListGuid
                0x0000000000027a00       0x10 /tmp/ccx0bwyx.ltrans7.ltrans.o
 .data.gEfiHiiConfigRoutingProtocolGuid
                0x0000000000027a10       0x10 /tmp/ccx0bwyx.ltrans8.ltrans.o
                0x0000000000027a10                gEfiHiiConfigRoutingProtocolGuid
 .data.mBmHardDriveBootVariableGuid
                0x0000000000027a20       0x10 /tmp/ccx0bwyx.ltrans9.ltrans.o
 .data.gEfiBlockIoProtocolGuid
                0x0000000000027a30       0x10 /tmp/ccx0bwyx.ltrans11.ltrans.o
                0x0000000000027a30                gEfiBlockIoProtocolGuid
 .data.rel.local.mPlatformBootDescriptionHandlers
                0x0000000000027a40       0x10 /tmp/ccx0bwyx.ltrans11.ltrans.o
 .data.mBmUefiPrefix
                0x0000000000027a50        0xc /tmp/ccx0bwyx.ltrans11.ltrans.o
 *fill*         0x0000000000027a5c        0x4 
 .data.rel.ro.local.mBmBootDescriptionHandlers
                0x0000000000027a60       0x30 /tmp/ccx0bwyx.ltrans11.ltrans.o
 .data.gEdkiiVariableLockProtocolGuid
                0x0000000000027a90       0x10 /tmp/ccx0bwyx.ltrans11.ltrans.o
 .data.gEfiDebugPortProtocolGuid
                0x0000000000027aa0       0x10 /tmp/ccx0bwyx.ltrans12.ltrans.o
 .data.gEfiSasDevicePathGuid
                0x0000000000027ab0       0x10 /tmp/ccx0bwyx.ltrans12.ltrans.o
 .data.gEfiUartDevicePathGuid
                0x0000000000027ac0       0x10 /tmp/ccx0bwyx.ltrans12.ltrans.o
 .data.gEfiVTUTF8Guid
                0x0000000000027ad0       0x10 /tmp/ccx0bwyx.ltrans12.ltrans.o
 .data.gEfiVT100PlusGuid
                0x0000000000027ae0       0x10 /tmp/ccx0bwyx.ltrans12.ltrans.o
 .data.gEfiVT100Guid
                0x0000000000027af0       0x10 /tmp/ccx0bwyx.ltrans12.ltrans.o
 .data.gEfiPcAnsiGuid
                0x0000000000027b00       0x10 /tmp/ccx0bwyx.ltrans12.ltrans.o
 *fill*         0x0000000000027b10       0x10 
 .data.mFsOptionMenu
                0x0000000000027b20       0x28 /tmp/ccx0bwyx.ltrans13.ltrans.o
 *fill*         0x0000000000027b48       0x18 
 .data.DriverOptionMenu
                0x0000000000027b60       0x20 /tmp/ccx0bwyx.ltrans13.ltrans.o
                0x0000000000027b60                DriverOptionMenu
 .data.BootOptionMenu
                0x0000000000027b80       0x20 /tmp/ccx0bwyx.ltrans13.ltrans.o
                0x0000000000027b80                BootOptionMenu
 .data.ConsoleErrMenu
                0x0000000000027ba0       0x20 /tmp/ccx0bwyx.ltrans13.ltrans.o
                0x0000000000027ba0                ConsoleErrMenu
 .data.ConsoleOutMenu
                0x0000000000027bc0       0x20 /tmp/ccx0bwyx.ltrans13.ltrans.o
                0x0000000000027bc0                ConsoleOutMenu
 .data.ConsoleInpMenu
                0x0000000000027be0       0x20 /tmp/ccx0bwyx.ltrans13.ltrans.o
                0x0000000000027be0                ConsoleInpMenu
 .data.gEfiDevicePathToTextProtocolGuid
                0x0000000000027c00       0x10 /tmp/ccx0bwyx.ltrans13.ltrans.o
                0x0000000000027c00                gEfiDevicePathToTextProtocolGuid
 .data.gEfiFileSystemVolumeLabelInfoIdGuid
                0x0000000000027c10       0x10 /tmp/ccx0bwyx.ltrans13.ltrans.o
 .data.gEfiSimpleFileSystemProtocolGuid
                0x0000000000027c20       0x10 /tmp/ccx0bwyx.ltrans13.ltrans.o
                0x0000000000027c20                gEfiSimpleFileSystemProtocolGuid
 .data.FileExplorerGuid
                0x0000000000027c30       0x10 /tmp/ccx0bwyx.ltrans13.ltrans.o
                0x0000000000027c30                FileExplorerGuid
 .data.rel.local.gFileExplorerPrivate
                0x0000000000027c40       0x58 /tmp/ccx0bwyx.ltrans13.ltrans.o
                0x0000000000027c40                gFileExplorerPrivate
 *fill*         0x0000000000027c98        0x8 
 .data.mBootMaintStorageName
                0x0000000000027ca0       0x10 /tmp/ccx0bwyx.ltrans13.ltrans.o
                0x0000000000027ca0                mBootMaintStorageName
 .data.mBootMaintGuid
                0x0000000000027cb0       0x10 /tmp/ccx0bwyx.ltrans13.ltrans.o
                0x0000000000027cb0                mBootMaintGuid
 .data.gEfiFormBrowser2ProtocolGuid
                0x0000000000027cc0       0x10 /tmp/ccx0bwyx.ltrans13.ltrans.o
                0x0000000000027cc0                gEfiFormBrowser2ProtocolGuid
 .data.mBmHotkeyLock
                0x0000000000027cd0       0x18 /tmp/ccx0bwyx.ltrans13.ltrans.o
                0x0000000000027cd0                mBmHotkeyLock
 *fill*         0x0000000000027ce8       0x18 
 .data.rel.ro.local.mBmLoadOptionName
                0x0000000000027d00       0x20 /tmp/ccx0bwyx.ltrans13.ltrans.o
                0x0000000000027d00                mBmLoadOptionName
 .data.gEfiGlobalVariableGuid
                0x0000000000027d20       0x10 /tmp/ccx0bwyx.ltrans13.ltrans.o
                0x0000000000027d20                gEfiGlobalVariableGuid
 *fill*         0x0000000000027d30       0x10 
 .data.rel.ro.local.mBmLoadOptionOrderName
                0x0000000000027d40       0x20 /tmp/ccx0bwyx.ltrans13.ltrans.o
                0x0000000000027d40                mBmLoadOptionOrderName
 .data.rel.local.mBmHotkeyList
                0x0000000000027d60       0x10 /tmp/ccx0bwyx.ltrans15.ltrans.o
                0x0000000000027d60                mBmHotkeyList
 *fill*         0x0000000000027d70       0x10 
 .data.mBmHotkeyBootOption
                0x0000000000027d80       0x58 /tmp/ccx0bwyx.ltrans15.ltrans.o
 *fill*         0x0000000000027dd8        0x8 
 .data.gEfiComponentNameProtocolGuid
                0x0000000000027de0       0x10 /tmp/ccx0bwyx.ltrans15.ltrans.o
 .data.gEfiComponentName2ProtocolGuid
                0x0000000000027df0       0x10 /tmp/ccx0bwyx.ltrans15.ltrans.o
 .data.gEfiDriverHealthProtocolGuid
                0x0000000000027e00       0x10 /tmp/ccx0bwyx.ltrans15.ltrans.o
 *fill*         0x0000000000027e10       0x10 
 .data.rel.ro.local.mBmHealthStatusText
                0x0000000000027e20       0x30 /tmp/ccx0bwyx.ltrans15.ltrans.o
 .data.mNewFolderQuestionId
                0x0000000000027e50        0x8 /tmp/ccx0bwyx.ltrans16.ltrans.o
 .data.mNewFileQuestionId
                0x0000000000027e58        0x8 /tmp/ccx0bwyx.ltrans16.ltrans.o
 .data.rel.local.gDeviceManagerPrivate
                0x0000000000027e60       0x38 /tmp/ccx0bwyx.ltrans17.ltrans.o
                0x0000000000027e60                gDeviceManagerPrivate
 *fill*         0x0000000000027e98        0x8 
 .data.mBootManagerGuid
                0x0000000000027ea0       0x10 /tmp/ccx0bwyx.ltrans17.ltrans.o
                0x0000000000027ea0                mBootManagerGuid
 *fill*         0x0000000000027eb0       0x10 
 .data.rel.ro.local.mDeviceTypeStr
                0x0000000000027ec0       0x40 /tmp/ccx0bwyx.ltrans17.ltrans.o
 .data.rel.local.gBootManagerPrivate
                0x0000000000027f00       0x30 /tmp/ccx0bwyx.ltrans17.ltrans.o
                0x0000000000027f00                gBootManagerPrivate
 *fill*         0x0000000000027f30       0x10 
 .data.rel.local.gBootMaintenancePrivate
                0x0000000000027f40     0x1c60 /tmp/ccx0bwyx.ltrans18.ltrans.o
                0x0000000000027f40                gBootMaintenancePrivate
 .data.gEfiDevicePathProtocolGuid
                0x0000000000029ba0       0x10 /tmp/ccx0bwyx.ltrans18.ltrans.o
                0x0000000000029ba0                gEfiDevicePathProtocolGuid
 .data._gPcd_BinaryPatch_PcdSetupConOutRow
                0x0000000000029bb0        0x4 /tmp/ccx0bwyx.ltrans18.ltrans.o
                0x0000000000029bb0                _gPcd_BinaryPatch_PcdSetupConOutRow
 .data._gPcd_BinaryPatch_PcdSetupConOutColumn
                0x0000000000029bb4        0x4 /tmp/ccx0bwyx.ltrans18.ltrans.o
                0x0000000000029bb4                _gPcd_BinaryPatch_PcdSetupConOutColumn
 *fill*         0x0000000000029bb8        0x8 
 .data.TerminalTypeGuid
                0x0000000000029bc0       0x90 /tmp/ccx0bwyx.ltrans18.ltrans.o
                0x0000000000029bc0                TerminalTypeGuid
 *fill*         0x0000000000029c50       0x10 
 .data.TerminalMenu
                0x0000000000029c60       0x20 /tmp/ccx0bwyx.ltrans18.ltrans.o
                0x0000000000029c60                TerminalMenu
 .data.gEdkiiFormBrowserEx2ProtocolGuid
                0x0000000000029c80       0x10 /tmp/ccx0bwyx.ltrans19.ltrans.o
                0x0000000000029c80                gEdkiiFormBrowserEx2ProtocolGuid
 .data.gEfiDiskInfoSdMmcInterfaceGuid
                0x0000000000029c90       0x10 /tmp/ccx0bwyx.ltrans21.ltrans.o
 .data.gEfiDiskInfoScsiInterfaceGuid
                0x0000000000029ca0       0x10 /tmp/ccx0bwyx.ltrans21.ltrans.o
 .data.gEfiDiskInfoIdeInterfaceGuid
                0x0000000000029cb0       0x10 /tmp/ccx0bwyx.ltrans21.ltrans.o
 .data.gEfiDiskInfoAhciInterfaceGuid
                0x0000000000029cc0       0x10 /tmp/ccx0bwyx.ltrans21.ltrans.o
 .data.gEfiDiskInfoProtocolGuid
                0x0000000000029cd0       0x10 /tmp/ccx0bwyx.ltrans21.ltrans.o
 .data.gEfiUsbIoProtocolGuid
                0x0000000000029ce0       0x10 /tmp/ccx0bwyx.ltrans21.ltrans.o
                0x0000000000029ce0                gEfiUsbIoProtocolGuid
 .data.gEfiLoadFileProtocolGuid
                0x0000000000029cf0       0x10 /tmp/ccx0bwyx.ltrans21.ltrans.o
                0x0000000000029cf0                gEfiLoadFileProtocolGuid
 .data.gEfiNvmExpressPassThruProtocolGuid
                0x0000000000029d00       0x10 /tmp/ccx0bwyx.ltrans21.ltrans.o
 .data.gEfiPciIoProtocolGuid
                0x0000000000029d10       0x10 /tmp/ccx0bwyx.ltrans23.ltrans.o
                0x0000000000029d10                gEfiPciIoProtocolGuid
 .data.mDeviceManagerGuid
                0x0000000000029d20       0x10 /tmp/ccx0bwyx.ltrans23.ltrans.o
                0x0000000000029d20                mDeviceManagerGuid
 .data.gEfiHiiPlatformSetupFormsetGuid
                0x0000000000029d30       0x10 /tmp/ccx0bwyx.ltrans23.ltrans.o
 .data._gPcd_BinaryPatch_PcdVideoVerticalResolution
                0x0000000000029d40        0x4 /tmp/ccx0bwyx.ltrans24.ltrans.o
                0x0000000000029d40                _gPcd_BinaryPatch_PcdVideoVerticalResolution
 .data._gPcd_BinaryPatch_PcdVideoHorizontalResolution
                0x0000000000029d44        0x4 /tmp/ccx0bwyx.ltrans24.ltrans.o
                0x0000000000029d44                _gPcd_BinaryPatch_PcdVideoHorizontalResolution
 .data._gPcd_BinaryPatch_PcdConOutRow
                0x0000000000029d48        0x4 /tmp/ccx0bwyx.ltrans24.ltrans.o
                0x0000000000029d48                _gPcd_BinaryPatch_PcdConOutRow
 .data._gPcd_BinaryPatch_PcdConOutColumn
                0x0000000000029d4c        0x4 /tmp/ccx0bwyx.ltrans24.ltrans.o
                0x0000000000029d4c                _gPcd_BinaryPatch_PcdConOutColumn
 .data.gEfiSimpleTextOutProtocolGuid
                0x0000000000029d50       0x10 /tmp/ccx0bwyx.ltrans24.ltrans.o
                0x0000000000029d50                gEfiSimpleTextOutProtocolGuid
 .data.gEfiGraphicsOutputProtocolGuid
                0x0000000000029d60       0x10 /tmp/ccx0bwyx.ltrans24.ltrans.o
                0x0000000000029d60                gEfiGraphicsOutputProtocolGuid
 .data.gEdkiiPlatformBootManagerProtocolGuid
                0x0000000000029d70       0x10 /tmp/ccx0bwyx.ltrans25.ltrans.o
 .data.mBmAutoCreateBootOptionGuid
                0x0000000000029d80       0x10 /tmp/ccx0bwyx.ltrans25.ltrans.o
                0x0000000000029d80                mBmAutoCreateBootOptionGuid
 .data.rel.ro   0x0000000000029d90        0x0 FrontPageVfr.obj (symbol from plugin)
 *(.bss .bss.*)
 .bss.mAllMenuInit
                0x0000000000029d90        0x1 /tmp/ccx0bwyx.ltrans0.ltrans.o
                0x0000000000029d90                mAllMenuInit
 *fill*         0x0000000000029d91        0x7 
 .bss.mBPHiiHandle
                0x0000000000029d98        0x8 /tmp/ccx0bwyx.ltrans0.ltrans.o
                0x0000000000029d98                mBPHiiHandle
 .bss.mBPDriverHandle
                0x0000000000029da0        0x8 /tmp/ccx0bwyx.ltrans0.ltrans.o
                0x0000000000029da0                mBPDriverHandle
 .bss.gHiiVendorDevicePath
                0x0000000000029da8        0x8 /tmp/ccx0bwyx.ltrans0.ltrans.o
                0x0000000000029da8                gHiiVendorDevicePath
 .bss.mExitBootServicesEvent.lto_priv.91
                0x0000000000029db0        0x8 /tmp/ccx0bwyx.ltrans0.ltrans.o
                0x0000000000029db0                mExitBootServicesEvent.lto_priv.91
 .bss.gImageHandle
                0x0000000000029db8        0x8 /tmp/ccx0bwyx.ltrans0.ltrans.o
                0x0000000000029db8                gImageHandle
 .bss.mResetRequired
                0x0000000000029dc0        0x1 /tmp/ccx0bwyx.ltrans0.ltrans.o
 .bss.gCurrentLanguageIndex
                0x0000000000029dc1        0x1 /tmp/ccx0bwyx.ltrans0.ltrans.o
                0x0000000000029dc1                gCurrentLanguageIndex
 *fill*         0x0000000000029dc2        0x6 
 .bss.gLanguageToken
                0x0000000000029dc8        0x8 /tmp/ccx0bwyx.ltrans0.ltrans.o
 .bss.gLanguageString
                0x0000000000029dd0        0x8 /tmp/ccx0bwyx.ltrans0.ltrans.o
                0x0000000000029dd0                gLanguageString
 .bss.gHiiDriverList
                0x0000000000029dd8        0x8 /tmp/ccx0bwyx.ltrans0.ltrans.o
 .bss.gFormBrowser2
                0x0000000000029de0        0x8 /tmp/ccx0bwyx.ltrans0.ltrans.o
 .bss.mLanguageString
                0x0000000000029de8        0x8 /tmp/ccx0bwyx.ltrans0.ltrans.o
 .bss.gStringPackHandle
                0x0000000000029df0        0x8 /tmp/ccx0bwyx.ltrans0.ltrans.o
                0x0000000000029df0                gStringPackHandle
 .bss.mSetupTextModeRow
                0x0000000000029df8        0x4 /tmp/ccx0bwyx.ltrans0.ltrans.o
                0x0000000000029df8                mSetupTextModeRow
 .bss.mSetupTextModeColumn
                0x0000000000029dfc        0x4 /tmp/ccx0bwyx.ltrans0.ltrans.o
                0x0000000000029dfc                mSetupTextModeColumn
 .bss.mSetupVerticalResolution
                0x0000000000029e00        0x4 /tmp/ccx0bwyx.ltrans0.ltrans.o
                0x0000000000029e00                mSetupVerticalResolution
 .bss.mSetupHorizontalResolution
                0x0000000000029e04        0x4 /tmp/ccx0bwyx.ltrans0.ltrans.o
                0x0000000000029e04                mSetupHorizontalResolution
 .bss.mBootTextModeRow
                0x0000000000029e08        0x4 /tmp/ccx0bwyx.ltrans0.ltrans.o
                0x0000000000029e08                mBootTextModeRow
 .bss.mBootTextModeColumn
                0x0000000000029e0c        0x4 /tmp/ccx0bwyx.ltrans0.ltrans.o
                0x0000000000029e0c                mBootTextModeColumn
 .bss.mBootVerticalResolution
                0x0000000000029e10        0x4 /tmp/ccx0bwyx.ltrans0.ltrans.o
                0x0000000000029e10                mBootVerticalResolution
 .bss.mBootHorizontalResolution
                0x0000000000029e14        0x4 /tmp/ccx0bwyx.ltrans0.ltrans.o
                0x0000000000029e14                mBootHorizontalResolution
 .bss.mModeInitialized
                0x0000000000029e18        0x1 /tmp/ccx0bwyx.ltrans0.ltrans.o
 *fill*         0x0000000000029e19        0x7 
 .bss.gHiiConfigRouting
                0x0000000000029e20        0x8 /tmp/ccx0bwyx.ltrans1.ltrans.o
                0x0000000000029e20                gHiiConfigRouting
 .bss.gHiiDriverList
                0x0000000000029e28        0x8 /tmp/ccx0bwyx.ltrans1.ltrans.o
 .bss.mFirstEnterBMMForm
                0x0000000000029e30        0x1 /tmp/ccx0bwyx.ltrans1.ltrans.o
 *fill*         0x0000000000029e31        0x7 
 .bss.gHiiImage
                0x0000000000029e38        0x8 /tmp/ccx0bwyx.ltrans3.ltrans.o
 .bss.gHiiFont  0x0000000000029e40        0x8 /tmp/ccx0bwyx.ltrans3.ltrans.o
 .bss.mBmModeInitialized
                0x0000000000029e48        0x1 /tmp/ccx0bwyx.ltrans3.ltrans.o
 .bss.mBmmModeInitialized
                0x0000000000029e49        0x1 /tmp/ccx0bwyx.ltrans3.ltrans.o
 *fill*         0x0000000000029e4a        0x6 
 .bss.mRamDisk  0x0000000000029e50        0x8 /tmp/ccx0bwyx.ltrans4.ltrans.o
 .bss.gHiiDatabase
                0x0000000000029e58        0x8 /tmp/ccx0bwyx.ltrans5.ltrans.o
                0x0000000000029e58                gHiiDatabase
 .bss.gHiiString
                0x0000000000029e60        0x8 /tmp/ccx0bwyx.ltrans5.ltrans.o
                0x0000000000029e60                gHiiString
 .bss.gST       0x0000000000029e68        0x8 /tmp/ccx0bwyx.ltrans5.ltrans.o
                0x0000000000029e68                gST
 .bss.gBS       0x0000000000029e70        0x8 /tmp/ccx0bwyx.ltrans5.ltrans.o
                0x0000000000029e70                gBS
 .bss.mDebugST  0x0000000000029e78        0x8 /tmp/ccx0bwyx.ltrans5.ltrans.o
                0x0000000000029e78                mDebugST
 .bss.mPostEBS  0x0000000000029e80        0x1 /tmp/ccx0bwyx.ltrans5.ltrans.o
                0x0000000000029e80                mPostEBS
 *fill*         0x0000000000029e81        0x7 
 .bss.gDS       0x0000000000029e88        0x8 /tmp/ccx0bwyx.ltrans6.ltrans.o
                0x0000000000029e88                gDS
 .bss.mHobList  0x0000000000029e90        0x8 /tmp/ccx0bwyx.ltrans7.ltrans.o
 .bss.mQuestionIdUpdate
                0x0000000000029e98        0x2 /tmp/ccx0bwyx.ltrans13.ltrans.o
                0x0000000000029e98                mQuestionIdUpdate
 *fill*         0x0000000000029e9a        0x6 
 .bss.mUefiFormBrowser2