Archive member included to satisfy reference by file (symbol)

/home/hcj/UEFIWorkspace/Build/OvmfX64/DEBUG_GCC5/X64/MdeModulePkg/Universal/SetupBrowserDxe/SetupBrowserDxe/OUTPUT/SetupBrowser.lib(Setup.obj)
                              (--whole-archive)
/home/hcj/UEFIWorkspace/Build/OvmfX64/DEBUG_GCC5/X64/MdeModulePkg/Universal/SetupBrowserDxe/SetupBrowserDxe/OUTPUT/SetupBrowser.lib(IfrParse.obj)
                              (--whole-archive)
/home/hcj/UEFIWorkspace/Build/OvmfX64/DEBUG_GCC5/X64/MdeModulePkg/Universal/SetupBrowserDxe/SetupBrowserDxe/OUTPUT/SetupBrowser.lib(Expression.obj)
                              (--whole-archive)
/home/hcj/UEFIWorkspace/Build/OvmfX64/DEBUG_GCC5/X64/MdeModulePkg/Universal/SetupBrowserDxe/SetupBrowserDxe/OUTPUT/SetupBrowser.lib(Presentation.obj)
                              (--whole-archive)
/home/hcj/UEFIWorkspace/Build/OvmfX64/DEBUG_GCC5/X64/MdeModulePkg/Universal/SetupBrowserDxe/SetupBrowserDxe/OUTPUT/SetupBrowser.lib(AutoGen.obj)
                              (--whole-archive)
/home/hcj/UEFIWorkspace/Build/OvmfX64/DEBUG_GCC5/X64/MdePkg/Library/RegisterFilterLibNull/RegisterFilterLibNull/OUTPUT/FilterLibNull.lib(RegisterFilterLibNull.obj)
                              (--whole-archive)
/home/hcj/UEFIWorkspace/Build/OvmfX64/DEBUG_GCC5/X64/MdePkg/Library/DxePcdLib/DxePcdLib/OUTPUT/DxePcdLib.lib(DxePcdLib.obj)
                              (--whole-archive)
/home/hcj/UEFIWorkspace/Build/OvmfX64/DEBUG_GCC5/X64/MdePkg/Library/BaseMemoryLibRepStr/BaseMemoryLibRepStr/OUTPUT/BaseMemoryLibRepStr.lib(ScanMem64Wrapper.obj)
                              (--whole-archive)
/home/hcj/UEFIWorkspace/Build/OvmfX64/DEBUG_GCC5/X64/MdePkg/Library/BaseMemoryLibRepStr/BaseMemoryLibRepStr/OUTPUT/BaseMemoryLibRepStr.lib(ScanMem32Wrapper.obj)
                              (--whole-archive)
/home/hcj/UEFIWorkspace/Build/OvmfX64/DEBUG_GCC5/X64/MdePkg/Library/BaseMemoryLibRepStr/BaseMemoryLibRepStr/OUTPUT/BaseMemoryLibRepStr.lib(ScanMem16Wrapper.obj)
                              (--whole-archive)
/home/hcj/UEFIWorkspace/Build/OvmfX64/DEBUG_GCC5/X64/MdePkg/Library/BaseMemoryLibRepStr/BaseMemoryLibRepStr/OUTPUT/BaseMemoryLibRepStr.lib(ScanMem8Wrapper.obj)
                              (--whole-archive)
/home/hcj/UEFIWorkspace/Build/OvmfX64/DEBUG_GCC5/X64/MdePkg/Library/BaseMemoryLibRepStr/BaseMemoryLibRepStr/OUTPUT/BaseMemoryLibRepStr.lib(ZeroMemWrapper.obj)
                              (--whole-archive)
/home/hcj/UEFIWorkspace/Build/OvmfX64/DEBUG_GCC5/X64/MdePkg/Library/BaseMemoryLibRepStr/BaseMemoryLibRepStr/OUTPUT/BaseMemoryLibRepStr.lib(CompareMemWrapper.obj)
                              (--whole-archive)
/home/hcj/UEFIWorkspace/Build/OvmfX64/DEBUG_GCC5/X64/MdePkg/Library/BaseMemoryLibRepStr/BaseMemoryLibRepStr/OUTPUT/BaseMemoryLibRepStr.lib(SetMem64Wrapper.obj)
                              (--whole-archive)
/home/hcj/UEFIWorkspace/Build/OvmfX64/DEBUG_GCC5/X64/MdePkg/Library/BaseMemoryLibRepStr/BaseMemoryLibRepStr/OUTPUT/BaseMemoryLibRepStr.lib(SetMem32Wrapper.obj)
                              (--whole-archive)
/home/hcj/UEFIWorkspace/Build/OvmfX64/DEBUG_GCC5/X64/MdePkg/Library/BaseMemoryLibRepStr/BaseMemoryLibRepStr/OUTPUT/BaseMemoryLibRepStr.lib(SetMem16Wrapper.obj)
                              (--whole-archive)
/home/hcj/UEFIWorkspace/Build/OvmfX64/DEBUG_GCC5/X64/MdePkg/Library/BaseMemoryLibRepStr/BaseMemoryLibRepStr/OUTPUT/BaseMemoryLibRepStr.lib(SetMemWrapper.obj)
                              (--whole-archive)
/home/hcj/UEFIWorkspace/Build/OvmfX64/DEBUG_GCC5/X64/MdePkg/Library/BaseMemoryLibRepStr/BaseMemoryLibRepStr/OUTPUT/BaseMemoryLibRepStr.lib(CopyMemWrapper.obj)
                              (--whole-archive)
/home/hcj/UEFIWorkspace/Build/OvmfX64/DEBUG_GCC5/X64/MdePkg/Library/BaseMemoryLibRepStr/BaseMemoryLibRepStr/OUTPUT/BaseMemoryLibRepStr.lib(IsZeroBufferWrapper.obj)
                              (--whole-archive)
/home/hcj/UEFIWorkspace/Build/OvmfX64/DEBUG_GCC5/X64/MdePkg/Library/BaseMemoryLibRepStr/BaseMemoryLibRepStr/OUTPUT/BaseMemoryLibRepStr.lib(MemLibGuid.obj)
                              (--whole-archive)
/home/hcj/UEFIWorkspace/Build/OvmfX64/DEBUG_GCC5/X64/MdePkg/Library/BaseMemoryLibRepStr/BaseMemoryLibRepStr/OUTPUT/BaseMemoryLibRepStr.lib(ScanMem64.obj)
                              (--whole-archive)
/home/hcj/UEFIWorkspace/Build/OvmfX64/DEBUG_GCC5/X64/MdePkg/Library/BaseMemoryLibRepStr/BaseMemoryLibRepStr/OUTPUT/BaseMemoryLibRepStr.lib(ScanMem32.obj)
                              (--whole-archive)
/home/hcj/UEFIWorkspace/Build/OvmfX64/DEBUG_GCC5/X64/MdePkg/Library/BaseMemoryLibRepStr/BaseMemoryLibRepStr/OUTPUT/BaseMemoryLibRepStr.lib(ScanMem16.obj)
                              (--whole-archive)
/home/hcj/UEFIWorkspace/Build/OvmfX64/DEBUG_GCC5/X64/MdePkg/Library/BaseMemoryLibRepStr/BaseMemoryLibRepStr/OUTPUT/BaseMemoryLibRepStr.lib(ScanMem8.obj)
                              (--whole-archive)
[...]
Memory Configuration

Name             Origin             Length             Attributes
*default*        0x0000000000000000 0xffffffffffffffff

Linker script and memory map

LOAD /tmp/ccpprOyd.ltrans0.ltrans.o
LOAD /tmp/ccpprOyd.ltrans1.ltrans.o
LOAD /tmp/ccpprOyd.ltrans2.ltrans.o
LOAD /tmp/ccpprOyd.ltrans3.ltrans.o
LOAD /tmp/ccpprOyd.ltrans4.ltrans.o
LOAD /tmp/ccpprOyd.ltrans5.ltrans.o
LOAD /tmp/ccpprOyd.ltrans6.ltrans.o
LOAD /tmp/ccpprOyd.ltrans7.ltrans.o
LOAD /tmp/ccpprOyd.ltrans8.ltrans.o
LOAD /tmp/ccpprOyd.ltrans9.ltrans.o
LOAD /tmp/ccpprOyd.ltrans10.ltrans.o
LOAD /tmp/ccpprOyd.ltrans11.ltrans.o
LOAD /tmp/ccpprOyd.ltrans12.ltrans.o
LOAD /tmp/ccpprOyd.ltrans13.ltrans.o
LOAD /tmp/ccpprOyd.ltrans14.ltrans.o
LOAD /tmp/ccpprOyd.ltrans15.ltrans.o
LOAD /tmp/ccpprOyd.ltrans16.ltrans.o
LOAD /tmp/ccpprOyd.ltrans17.ltrans.o
LOAD /tmp/ccpprOyd.ltrans18.ltrans.o
LOAD /tmp/ccpprOyd.ltrans19.ltrans.o
START GROUP
LOAD /home/hcj/UEFIWorkspace/Build/OvmfX64/DEBUG_GCC5/X64/MdeModulePkg/Universal/SetupBrowserDxe/SetupBrowserDxe/OUTPUT/SetupBrowser.lib
LOAD /home/hcj/UEFIWorkspace/Build/OvmfX64/DEBUG_GCC5/X64/MdePkg/Library/RegisterFilterLibNull/RegisterFilterLibNull/OUTPUT/FilterLibNull.lib
LOAD /home/hcj/UEFIWorkspace/Build/OvmfX64/DEBUG_GCC5/X64/MdePkg/Library/DxePcdLib/DxePcdLib/OUTPUT/DxePcdLib.lib
LOAD /home/hcj/UEFIWorkspace/Build/OvmfX64/DEBUG_GCC5/X64/MdePkg/Library/BaseMemoryLibRepStr/BaseMemoryLibRepStr/OUTPUT/BaseMemoryLibRepStr.lib
LOAD /home/hcj/UEFIWorkspace/Build/OvmfX64/DEBUG_GCC5/X64/MdePkg/Library/BaseLib/BaseLib/OUTPUT/BaseLib.lib
LOAD /home/hcj/UEFIWorkspace/Build/OvmfX64/DEBUG_GCC5/X64/MdePkg/Library/BaseDebugPrintErrorLevelLib/BaseDebugPrintErrorLevelLib/OUTPUT/BaseDebugPrintErrorLevelLib.lib
LOAD /home/hcj/UEFIWorkspace/Build/OvmfX64/DEBUG_GCC5/X64/MdePkg/Library/BaseIoLibIntrinsic/BaseIoLibIntrinsicSev/OUTPUT/BaseIoLibIntrinsicSev.lib
LOAD /home/hcj/UEFIWorkspace/Build/OvmfX64/DEBUG_GCC5/X64/MdePkg/Library/BasePrintLib/BasePrintLib/OUTPUT/BasePrintLib.lib
LOAD /home/hcj/UEFIWorkspace/Build/OvmfX64/DEBUG_GCC5/X64/OvmfPkg/Library/PlatformDebugLibIoPort/PlatformDebugLibIoPort/OUTPUT/PlatformDebugLibIoPort.lib
LOAD /home/hcj/UEFIWorkspace/Build/OvmfX64/DEBUG_GCC5/X64/MdePkg/Library/UefiBootServicesTableLib/UefiBootServicesTableLib/OUTPUT/UefiBootServicesTableLib.lib
LOAD /home/hcj/UEFIWorkspace/Build/OvmfX64/DEBUG_GCC5/X64/MdePkg/Library/UefiMemoryAllocationLib/UefiMemoryAllocationLib/OUTPUT/UefiMemoryAllocationLib.lib
LOAD /home/hcj/UEFIWorkspace/Build/OvmfX64/DEBUG_GCC5/X64/MdePkg/Library/UefiDevicePathLibDevicePathProtocol/UefiDevicePathLibDevicePathProtocol/OUTPUT/UefiDevicePathLibDevicePathProtocol.lib
LOAD /home/hcj/UEFIWorkspace/Build/OvmfX64/DEBUG_GCC5/X64/MdePkg/Library/UefiRuntimeServicesTableLib/UefiRuntimeServicesTableLib/OUTPUT/UefiRuntimeServicesTableLib.lib
LOAD /home/hcj/UEFIWorkspace/Build/OvmfX64/DEBUG_GCC5/X64/MdeModulePkg/Library/UefiHiiServicesLib/UefiHiiServicesLib/OUTPUT/UefiHiiServicesLib.lib
LOAD /home/hcj/UEFIWorkspace/Build/OvmfX64/DEBUG_GCC5/X64/MdePkg/Library/UefiLib/UefiLib/OUTPUT/UefiLib.lib
LOAD /home/hcj/UEFIWorkspace/Build/OvmfX64/DEBUG_GCC5/X64/MdePkg/Library/UefiDriverEntryPoint/UefiDriverEntryPoint/OUTPUT/UefiDriverEntryPoint.lib
LOAD /home/hcj/UEFIWorkspace/Build/OvmfX64/DEBUG_GCC5/X64/MdeModulePkg/Library/UefiHiiLib/UefiHiiLib/OUTPUT/UefiHiiLib.lib
END GROUP
                0x0000000000000228                PECOFF_HEADER_SIZE = 0x228
                0x0000000000000228                . = PECOFF_HEADER_SIZE

.text           0x0000000000000240    0x19957
 *(.text .text.* .stub .gnu.linkonce.t.*)
 .text.EvaluateExpression
                0x0000000000000240     0x2c5e /tmp/ccpprOyd.ltrans0.ltrans.o
                0x0000000000000240                EvaluateExpression
 .text.InitializeFormSet
                0x0000000000002e9e     0x2b9f /tmp/ccpprOyd.ltrans1.ltrans.o
                0x0000000000002e9e                InitializeFormSet
 .text.SendForm
                0x0000000000005a3d     0x20a8 /tmp/ccpprOyd.ltrans2.ltrans.o
                0x0000000000005a3d                SendForm
 .text.InternalSafeStringNoStrOverlap
                0x0000000000007ae5       0x29 /tmp/ccpprOyd.ltrans3.ltrans.o
 .text.DebugPrint
                0x0000000000007b0e       0x65 /tmp/ccpprOyd.ltrans3.ltrans.o
                0x0000000000007b0e                DebugPrint
 .text.UnicodeSPrint
                0x0000000000007b73       0x63 /tmp/ccpprOyd.ltrans3.ltrans.o
                0x0000000000007b73                UnicodeSPrint
 .text.BasePrintLibValueToString
                0x0000000000007bd6       0x7e /tmp/ccpprOyd.ltrans3.ltrans.o
                0x0000000000007bd6                BasePrintLibValueToString
 .text.BasePrintLibFillBuffer
                0x0000000000007c54       0x2e /tmp/ccpprOyd.ltrans3.ltrans.o
                0x0000000000007c54                BasePrintLibFillBuffer
 .text.WriteUnaligned64
                0x0000000000007c82       0x3f /tmp/ccpprOyd.ltrans3.ltrans.o
                0x0000000000007c82                WriteUnaligned64
 .text.ReadUnaligned64
                0x0000000000007cc1       0x37 /tmp/ccpprOyd.ltrans3.ltrans.o
                0x0000000000007cc1                ReadUnaligned64
 .text.ReadUnaligned16
                0x0000000000007cf8       0x37 /tmp/ccpprOyd.ltrans3.ltrans.o
                0x0000000000007cf8                ReadUnaligned16
 .text.AsciiStrLen
                0x0000000000007d2f       0x7f /tmp/ccpprOyd.ltrans3.ltrans.o
                0x0000000000007d2f                AsciiStrLen
 .text.AsciiStrnCmp.part.4.lto_priv.30
                0x0000000000007dae       0xd6 /tmp/ccpprOyd.ltrans3.ltrans.o
                0x0000000000007dae                AsciiStrnCmp.part.4.lto_priv.30
 .text.StrLen   0x0000000000007e84       0x90 /tmp/ccpprOyd.ltrans3.ltrans.o
                0x0000000000007e84                StrLen
 .text.StrSize  0x0000000000007f14       0x13 /tmp/ccpprOyd.ltrans3.ltrans.o
                0x0000000000007f14                StrSize
 .text.StrStr   0x0000000000007f27       0xa6 /tmp/ccpprOyd.ltrans3.ltrans.o
                0x0000000000007f27                StrStr
 .text.StrCmp   0x0000000000007fcd       0x84 /tmp/ccpprOyd.ltrans3.ltrans.o
                0x0000000000007fcd                StrCmp
 .text.AsciiStrnLenS
                0x0000000000008051       0x26 /tmp/ccpprOyd.ltrans3.ltrans.o
                0x0000000000008051                AsciiStrnLenS
 .text.StrnLenS
                0x0000000000008077       0x5e /tmp/ccpprOyd.ltrans3.ltrans.o
                0x0000000000008077                StrnLenS
 .text.StrCatS  0x00000000000080d5      0x2a3 /tmp/ccpprOyd.ltrans3.ltrans.o
                0x00000000000080d5                StrCatS
 .text.StrnCpyS
                0x0000000000008378      0x2ad /tmp/ccpprOyd.ltrans3.ltrans.o
                0x0000000000008378                StrnCpyS
 .text.StrCpyS  0x0000000000008625      0x242 /tmp/ccpprOyd.ltrans3.ltrans.o
                0x0000000000008625                StrCpyS
 .text.IsNull   0x0000000000008867       0x70 /tmp/ccpprOyd.ltrans3.ltrans.o
                0x0000000000008867                IsNull
 .text.IsListEmpty
                0x00000000000088d7       0x41 /tmp/ccpprOyd.ltrans3.ltrans.o
                0x00000000000088d7                IsListEmpty
 .text.RemoveEntryList
                0x0000000000008918       0x53 /tmp/ccpprOyd.ltrans3.ltrans.o
                0x0000000000008918                RemoveEntryList
 .text.DestroyExpression
                0x000000000000896b      0x15f /tmp/ccpprOyd.ltrans4.ltrans.o
                0x000000000000896b                DestroyExpression
 .text.DestroyFormSet
                0x0000000000008aca      0x7ee /tmp/ccpprOyd.ltrans4.ltrans.o
                0x0000000000008aca                DestroyFormSet
 .text.GetFstStgFromBrsStg
                0x00000000000092b8      0x138 /tmp/ccpprOyd.ltrans4.ltrans.o
                0x00000000000092b8                GetFstStgFromBrsStg
 .text.GetFstStgFromVarId
                0x00000000000093f0       0x9b /tmp/ccpprOyd.ltrans4.ltrans.o
                0x00000000000093f0                GetFstStgFromVarId
 .text.InitializeRequestElement
                0x000000000000948b      0x421 /tmp/ccpprOyd.ltrans4.ltrans.o
                0x000000000000948b                InitializeRequestElement
 .text.CreateStorage
                0x00000000000098ac      0x714 /tmp/ccpprOyd.ltrans4.ltrans.o
                0x00000000000098ac                CreateStorage
 .text.UnicodeValueToStringS.constprop.10
                0x0000000000009fc0      0x205 /tmp/ccpprOyd.ltrans5.ltrans.o
                0x0000000000009fc0                UnicodeValueToStringS.constprop.10
 .text.StrHexToUint64S.constprop.8
                0x000000000000a1c5      0x223 /tmp/ccpprOyd.ltrans5.ltrans.o
                0x000000000000a1c5                StrHexToUint64S.constprop.8
 .text.HiiGetHiiHandles.constprop.7
                0x000000000000a3e8       0x8b /tmp/ccpprOyd.ltrans5.ltrans.o
                0x000000000000a3e8                HiiGetHiiHandles.constprop.7
 .text.StorageToConfigResp.constprop.4
                0x000000000000a473      0x196 /tmp/ccpprOyd.ltrans5.ltrans.o
                0x000000000000a473                StorageToConfigResp.constprop.4
 .text.ProcessCallBackFunction.constprop.0
                0x000000000000a609      0x5f0 /tmp/ccpprOyd.ltrans5.ltrans.o
                0x000000000000a609                ProcessCallBackFunction.constprop.0
 .text.HiiGetSupportedLanguages
                0x000000000000abf9       0xa7 /tmp/ccpprOyd.ltrans5.ltrans.o
                0x000000000000abf9                HiiGetSupportedLanguages
 .text.HiiSetString.constprop.12
                0x000000000000aca0      0x165 /tmp/ccpprOyd.ltrans5.ltrans.o
                0x000000000000aca0                HiiSetString.constprop.12
 .text.IsResetRequired
                0x000000000000ae05        0x7 /tmp/ccpprOyd.ltrans6.ltrans.o
                0x000000000000ae05                IsResetRequired
 .text.RegiserExitHandler
                0x000000000000ae0c        0x8 /tmp/ccpprOyd.ltrans6.ltrans.o
                0x000000000000ae0c                RegiserExitHandler
 .text.SetScope
                0x000000000000ae14       0x5f /tmp/ccpprOyd.ltrans6.ltrans.o
                0x000000000000ae14                SetScope
 .text.SaveReminder
                0x000000000000ae73       0xd8 /tmp/ccpprOyd.ltrans6.ltrans.o
                0x000000000000ae73                SaveReminder
 .text.ExecuteAction
                0x000000000000af4b      0x134 /tmp/ccpprOyd.ltrans6.ltrans.o
                0x000000000000af4b                ExecuteAction
 .text.IsBrowserDataModified
                0x000000000000b07f       0xe6 /tmp/ccpprOyd.ltrans6.ltrans.o
                0x000000000000b07f                IsBrowserDataModified
 .text.RegisterHotKey
                0x000000000000b165      0x197 /tmp/ccpprOyd.ltrans6.ltrans.o
                0x000000000000b165                RegisterHotKey
 .text.PasswordCheck
                0x000000000000b2fc       0xe5 /tmp/ccpprOyd.ltrans6.ltrans.o
                0x000000000000b2fc                PasswordCheck
 .text.ValueChangeResetFlagUpdate.part.14.lto_priv.37
                0x000000000000b3e1       0xb2 /tmp/ccpprOyd.ltrans6.ltrans.o
                0x000000000000b3e1                ValueChangeResetFlagUpdate.part.14.lto_priv.37
 .text.SubmitCallbackForForm.part.11.lto_priv.36
                0x000000000000b493      0x113 /tmp/ccpprOyd.ltrans6.ltrans.o
                0x000000000000b493                SubmitCallbackForForm.part.11.lto_priv.36
 .text.SubmitCallback.part.12.lto_priv.35
                0x000000000000b5a6       0xb4 /tmp/ccpprOyd.ltrans6.ltrans.o
                0x000000000000b5a6                SubmitCallback.part.12.lto_priv.35
 .text.SubmitForFormSet.part.15.lto_priv.34
                0x000000000000b65a      0x9c1 /tmp/ccpprOyd.ltrans6.ltrans.o
                0x000000000000b65a                SubmitForFormSet.part.15.lto_priv.34
 .text.SetValueByName.part.6.lto_priv.31
                0x000000000000c01b      0x169 /tmp/ccpprOyd.ltrans6.ltrans.o
                0x000000000000c01b                SetValueByName.part.6.lto_priv.31
 .text.GetValueByName.part.5.lto_priv.32
                0x000000000000c184       0xf1 /tmp/ccpprOyd.ltrans6.ltrans.o
                0x000000000000c184                GetValueByName.part.5.lto_priv.32
 .text.IsHiiHandleInBrowserContext
                0x000000000000c275       0xb3 /tmp/ccpprOyd.ltrans6.ltrans.o
                0x000000000000c275                IsHiiHandleInBrowserContext
 .text.GetFormSetFromHiiHandle
                0x000000000000c328       0xbd /tmp/ccpprOyd.ltrans6.ltrans.o
                0x000000000000c328                GetFormSetFromHiiHandle
 .text.ConfirmSaveFail
                0x000000000000c3e5       0xae /tmp/ccpprOyd.ltrans7.ltrans.o
                0x000000000000c3e5                ConfirmSaveFail
 .text.GetSyncRestoreConfigRequest
                0x000000000000c493      0x338 /tmp/ccpprOyd.ltrans7.ltrans.o
                0x000000000000c493                GetSyncRestoreConfigRequest
 .text.UpdateFlagForForm
                0x000000000000c7cb      0x107 /tmp/ccpprOyd.ltrans7.ltrans.o
                0x000000000000c7cb                UpdateFlagForForm
 .text.ValidateHiiHandle
                0x000000000000c8d2       0x7d /tmp/ccpprOyd.ltrans7.ltrans.o
                0x000000000000c8d2                ValidateHiiHandle
 .text.ValidateFormSet
                0x000000000000c94f       0x80 /tmp/ccpprOyd.ltrans7.ltrans.o
                0x000000000000c94f                ValidateFormSet
 .text.SendDiscardInfoToDriver
                0x000000000000c9cf      0x169 /tmp/ccpprOyd.ltrans7.ltrans.o
                0x000000000000c9cf                SendDiscardInfoToDriver
 .text.SynchronizeStorage
                0x000000000000cb38      0x1c9 /tmp/ccpprOyd.ltrans7.ltrans.o
                0x000000000000cb38                SynchronizeStorage
 .text.DiscardForm
                0x000000000000cd01      0x39a /tmp/ccpprOyd.ltrans7.ltrans.o
                0x000000000000cd01                DiscardForm
 .text.NoSubmitCheck
                0x000000000000d09b      0x19e /tmp/ccpprOyd.ltrans7.ltrans.o
                0x000000000000d09b                NoSubmitCheck
 .text.SubmitForSystem
                0x000000000000d239      0x6bd /tmp/ccpprOyd.ltrans7.ltrans.o
                0x000000000000d239                SubmitForSystem
 .text.ValueChangedValidation
                0x000000000000d8f6       0x81 /tmp/ccpprOyd.ltrans7.ltrans.o
                0x000000000000d8f6                ValueChangedValidation
 .text.ProcessLibraryDestructorList
                0x000000000000d977        0x1 /tmp/ccpprOyd.ltrans8.ltrans.o
 .text.AllocateZeroPool
                0x000000000000d978       0x27 /tmp/ccpprOyd.ltrans8.ltrans.o
                0x000000000000d978                AllocateZeroPool
 .text.AllocatePool
                0x000000000000d99f        0xf /tmp/ccpprOyd.ltrans8.ltrans.o
                0x000000000000d99f                AllocatePool
 .text.PlatformDebugLibIoPortFound
                0x000000000000d9ae       0x26 /tmp/ccpprOyd.ltrans8.ltrans.o
                0x000000000000d9ae                PlatformDebugLibIoPortFound
 .text.DebugPrintEnabled
                0x000000000000d9d4        0x3 /tmp/ccpprOyd.ltrans8.ltrans.o
                0x000000000000d9d4                DebugPrintEnabled
 .text.DebugAssertEnabled
                0x000000000000d9d7        0x3 /tmp/ccpprOyd.ltrans8.ltrans.o
                0x000000000000d9d7                DebugAssertEnabled
 .text.DebugAssert
                0x000000000000d9da       0x6a /tmp/ccpprOyd.ltrans8.ltrans.o
                0x000000000000d9da                DebugAssert
 .text._ModuleEntryPoint
                0x000000000000da44      0x6b8 /tmp/ccpprOyd.ltrans8.ltrans.o
                0x000000000000da44                _ModuleEntryPoint
 .text.FreePool
                0x000000000000e0fc       0x5a /tmp/ccpprOyd.ltrans8.ltrans.o
                0x000000000000e0fc                FreePool
 .text.AllocateCopyPool
                0x000000000000e156       0x85 /tmp/ccpprOyd.ltrans8.ltrans.o
                0x000000000000e156                AllocateCopyPool
 .text.GetBestLanguage.constprop.17
                0x000000000000e1db      0x11f /tmp/ccpprOyd.ltrans9.ltrans.o
 .text.BasePrintLibSPrintMarker.constprop.26
                0x000000000000e2fa     0x103d /tmp/ccpprOyd.ltrans9.ltrans.o
                0x000000000000e2fa                BasePrintLibSPrintMarker.constprop.26
 .text.AsciiSPrint.constprop.24
                0x000000000000f337       0x32 /tmp/ccpprOyd.ltrans9.ltrans.o
                0x000000000000f337                AsciiSPrint.constprop.24
 .text.InternalAllocatePool.constprop.23
                0x000000000000f369       0x37 /tmp/ccpprOyd.ltrans9.ltrans.o
                0x000000000000f369                InternalAllocatePool.constprop.23
 .text.DebugPrintMarker.part.0.constprop.20
                0x000000000000f3a0       0x3d /tmp/ccpprOyd.ltrans9.ltrans.o
                0x000000000000f3a0                DebugPrintMarker.part.0.constprop.20
 .text.HiiGetStringEx.constprop.14
                0x000000000000f3dd      0x220 /tmp/ccpprOyd.ltrans9.ltrans.o
                0x000000000000f3dd                HiiGetStringEx.constprop.14
 .text.ValidateQuestion
                0x000000000000f5fd      0x213 /tmp/ccpprOyd.ltrans10.ltrans.o
                0x000000000000f5fd                ValidateQuestion
 .text.SetQuestionValue
                0x000000000000f810      0x74c /tmp/ccpprOyd.ltrans10.ltrans.o
                0x000000000000f810                SetQuestionValue
 .text.BufferToValue
                0x000000000000ff5c      0x23f /tmp/ccpprOyd.ltrans10.ltrans.o
                0x000000000000ff5c                BufferToValue
 .text.GetQuestionValue
                0x000000000001019b      0x6ea /tmp/ccpprOyd.ltrans10.ltrans.o
                0x000000000001019b                GetQuestionValue
 .text.HiiToLower
                0x0000000000010885       0x6d /tmp/ccpprOyd.ltrans11.ltrans.o
                0x0000000000010885                HiiToLower
 .text.GetQuestionDefault
                0x00000000000108f2      0xd6b /tmp/ccpprOyd.ltrans11.ltrans.o
                0x00000000000108f2                GetQuestionDefault
 .text.SubmitForm
                0x000000000001165d      0x415 /tmp/ccpprOyd.ltrans11.ltrans.o
                0x000000000001165d                SubmitForm
 .text.ConfigRequestAdjust
                0x0000000000011a72      0x33e /tmp/ccpprOyd.ltrans12.ltrans.o
                0x0000000000011a72                ConfigRequestAdjust
 .text.CleanBrowserStorage
                0x0000000000011db0      0x258 /tmp/ccpprOyd.ltrans12.ltrans.o
                0x0000000000011db0                CleanBrowserStorage
 .text.LoadFormSetConfig
                0x0000000000012008      0x19b /tmp/ccpprOyd.ltrans12.ltrans.o
                0x0000000000012008                LoadFormSetConfig
 .text.IsQuestionValueChanged
                0x00000000000121a3      0x455 /tmp/ccpprOyd.ltrans12.ltrans.o
                0x00000000000121a3                IsQuestionValueChanged
 .text.ExtractDefault
                0x00000000000125f8       0x42 /tmp/ccpprOyd.ltrans12.ltrans.o
                0x00000000000125f8                ExtractDefault
 .text.InitializeCurrentSetting
                0x000000000001263a      0x56b /tmp/ccpprOyd.ltrans12.ltrans.o
                0x000000000001263a                InitializeCurrentSetting
 .text.RefreshEventNotifyForForm
                0x0000000000012ba5       0x23 /tmp/ccpprOyd.ltrans13.ltrans.o
                0x0000000000012ba5                RefreshEventNotifyForForm
 .text.FindParentFormSet
                0x0000000000012bc8       0x73 /tmp/ccpprOyd.ltrans13.ltrans.o
 .text.GetFormsetGuidFromHiiHandle
                0x0000000000012c3b      0x1a3 /tmp/ccpprOyd.ltrans13.ltrans.o
 .text.UpdateStatementStatusForForm
                0x0000000000012dde       0xbf /tmp/ccpprOyd.ltrans13.ltrans.o
 .text.FreeStatementData
                0x0000000000012e9d      0x134 /tmp/ccpprOyd.ltrans13.ltrans.o
 .text.UpdateStatement
                0x0000000000012fd1       0x65 /tmp/ccpprOyd.ltrans13.ltrans.o
 .text.RefreshIntervalProcess
                0x0000000000013036       0xb2 /tmp/ccpprOyd.ltrans13.ltrans.o
                0x0000000000013036                RefreshIntervalProcess
 .text.RefreshEventNotifyForStatement
                0x00000000000130e8       0x22 /tmp/ccpprOyd.ltrans13.ltrans.o
                0x00000000000130e8                RefreshEventNotifyForStatement
 .text.ProcessChangedData
                0x000000000001310a       0x59 /tmp/ccpprOyd.ltrans13.ltrans.o
                0x000000000001310a                ProcessChangedData
 .text.DevicePathToHiiHandle
                0x0000000000013163      0x174 /tmp/ccpprOyd.ltrans13.ltrans.o
                0x0000000000013163                DevicePathToHiiHandle
 .text.UpdateStatementStatusForFormSet
                0x00000000000132d7       0xa9 /tmp/ccpprOyd.ltrans13.ltrans.o
                0x00000000000132d7                UpdateStatementStatusForFormSet
 .text.UpdateStatementStatus
                0x0000000000013380       0xd9 /tmp/ccpprOyd.ltrans13.ltrans.o
                0x0000000000013380                UpdateStatementStatus
 .text.GetBrowserStatement
                0x0000000000013459       0xbb /tmp/ccpprOyd.ltrans13.ltrans.o
                0x0000000000013459                GetBrowserStatement
 .text.FreeDisplayFormData
                0x0000000000013514      0x107 /tmp/ccpprOyd.ltrans13.ltrans.o
                0x0000000000013514                FreeDisplayFormData
 .text.IsTrue   0x000000000001361b       0x3a /tmp/ccpprOyd.ltrans13.ltrans.o
                0x000000000001361b                IsTrue
 .text.EvaluateExpressionList
                0x0000000000013655       0xdc /tmp/ccpprOyd.ltrans13.ltrans.o
                0x0000000000013655                EvaluateExpressionList
 .text.ProcessGotoOpCode
                0x0000000000013731      0x319 /tmp/ccpprOyd.ltrans13.ltrans.o
                0x0000000000013731                ProcessGotoOpCode
 .text.IdToQuestion2
                0x0000000000013a4a       0xaf /tmp/ccpprOyd.ltrans14.ltrans.o
 .text.PushConditionalStack
                0x0000000000013af9       0xd3 /tmp/ccpprOyd.ltrans14.ltrans.o
 .text.HiiValueToUINT64
                0x0000000000013bcc       0x35 /tmp/ccpprOyd.ltrans14.ltrans.o
                0x0000000000013bcc                HiiValueToUINT64
 .text.ExtendValueToU64
                0x0000000000013c01       0x36 /tmp/ccpprOyd.ltrans14.ltrans.o
                0x0000000000013c01                ExtendValueToU64
 .text.GetBufferForValue
                0x0000000000013c37       0x2a /tmp/ccpprOyd.ltrans14.ltrans.o
                0x0000000000013c37                GetBufferForValue
 .text.GetLengthForValue
                0x0000000000013c61       0x30 /tmp/ccpprOyd.ltrans14.ltrans.o
                0x0000000000013c61                GetLengthForValue
 .text.IsTypeInBuffer
                0x0000000000013c91       0x1a /tmp/ccpprOyd.ltrans14.ltrans.o
                0x0000000000013c91                IsTypeInBuffer
 .text.CompareHiiValue
                0x0000000000013cab      0x1aa /tmp/ccpprOyd.ltrans14.ltrans.o
                0x0000000000013cab                CompareHiiValue
 .text.IfrStrToUpper
                0x0000000000013e55       0x1e /tmp/ccpprOyd.ltrans14.ltrans.o
                0x0000000000013e55                IfrStrToUpper
 .text.InitializeUnicodeCollationProtocol
                0x0000000000013e73       0x34 /tmp/ccpprOyd.ltrans14.ltrans.o
                0x0000000000013e73                InitializeUnicodeCollationProtocol
 .text.IdToQuestion
                0x0000000000013ea7       0xf1 /tmp/ccpprOyd.ltrans14.ltrans.o
                0x0000000000013ea7                IdToQuestion
 .text.GetQuestionValueFromForm
                0x0000000000013f98      0x276 /tmp/ccpprOyd.ltrans14.ltrans.o
                0x0000000000013f98                GetQuestionValueFromForm
 .text.IdToForm
                0x000000000001420e       0x9b /tmp/ccpprOyd.ltrans14.ltrans.o
                0x000000000001420e                IdToForm
 .text.PopExpression
                0x00000000000142a9       0x4b /tmp/ccpprOyd.ltrans14.ltrans.o
                0x00000000000142a9                PopExpression
 .text.PopScope
                0x00000000000142f4       0x53 /tmp/ccpprOyd.ltrans14.ltrans.o
                0x00000000000142f4                PopScope
 .text.PopConditionalExpression
                0x0000000000014347       0xf2 /tmp/ccpprOyd.ltrans14.ltrans.o
                0x0000000000014347                PopConditionalExpression
 .text.PushConditionalExpression
                0x0000000000014439       0xba /tmp/ccpprOyd.ltrans14.ltrans.o
                0x0000000000014439                PushConditionalExpression
 .text.GetConditionalExpressionList
                0x00000000000144f3       0x5c /tmp/ccpprOyd.ltrans14.ltrans.o
                0x00000000000144f3                GetConditionalExpressionList
 .text.GetConditionalExpressionCount
                0x000000000001454f       0x7d /tmp/ccpprOyd.ltrans14.ltrans.o
                0x000000000001454f                GetConditionalExpressionCount
 .text.PushStack
                0x00000000000145cc      0x14b /tmp/ccpprOyd.ltrans14.ltrans.o
                0x00000000000145cc                PushStack
 .text.PushScope
                0x0000000000014717       0x32 /tmp/ccpprOyd.ltrans14.ltrans.o
                0x0000000000014717                PushScope
 .text.IsStatementOpCode
                0x0000000000014749       0x5a /tmp/ccpprOyd.ltrans14.ltrans.o
                0x0000000000014749                IsStatementOpCode
 .text.IsExpressionOpCode
                0x00000000000147a3       0x42 /tmp/ccpprOyd.ltrans14.ltrans.o
                0x00000000000147a3                IsExpressionOpCode
 .text.CreateExpression
                0x00000000000147e5       0x6a /tmp/ccpprOyd.ltrans15.ltrans.o
                0x00000000000147e5                CreateExpression
 .text.CreateStatement
                0x000000000001484f      0x1c7 /tmp/ccpprOyd.ltrans15.ltrans.o
                0x000000000001484f                CreateStatement
 .text.CreateQuestion
                0x0000000000014a16      0x3b9 /tmp/ccpprOyd.ltrans15.ltrans.o
                0x0000000000014a16                CreateQuestion
 .text.ExtractDefault.part.22.lto_priv.33
                0x0000000000014dcf      0xb65 /tmp/ccpprOyd.ltrans15.ltrans.o
                0x0000000000014dcf                ExtractDefault.part.22.lto_priv.33
 .text.FormDisplayCallback
                0x0000000000015934       0x2b /tmp/ccpprOyd.ltrans16.ltrans.o
                0x0000000000015934                FormDisplayCallback
 .text.SetBitsQuestionValue
                0x000000000001595f      0x262 /tmp/ccpprOyd.ltrans16.ltrans.o
                0x000000000001595f                SetBitsQuestionValue
 .text.GetBitsQuestionValue
                0x0000000000015bc1       0xcd /tmp/ccpprOyd.ltrans16.ltrans.o
                0x0000000000015bc1                GetBitsQuestionValue
 .text.ConfigRespToStorage
                0x0000000000015c8e      0x112 /tmp/ccpprOyd.ltrans16.ltrans.o
                0x0000000000015c8e                ConfigRespToStorage
 .text.ProcessStorage
                0x0000000000015da0      0x213 /tmp/ccpprOyd.ltrans16.ltrans.o
 .text.BrowserCallback
                0x0000000000015fb3      0x25b /tmp/ccpprOyd.ltrans16.ltrans.o
                0x0000000000015fb3                BrowserCallback
 .text.NewStringCpy
                0x000000000001620e       0x72 /tmp/ccpprOyd.ltrans16.ltrans.o
                0x000000000001620e                NewStringCpy
 .text.NewStringCat
                0x0000000000016280       0xaa /tmp/ccpprOyd.ltrans16.ltrans.o
                0x0000000000016280                NewStringCat
 .text.GetToken
                0x000000000001632a       0x82 /tmp/ccpprOyd.ltrans16.ltrans.o
                0x000000000001632a                GetToken
 .text.DeleteString
                0x00000000000163ac       0x25 /tmp/ccpprOyd.ltrans16.ltrans.o
                0x00000000000163ac                DeleteString
 .text.NewString
                0x00000000000163d1       0x4d /tmp/ccpprOyd.ltrans16.ltrans.o
                0x00000000000163d1                NewString
 .text.FormUpdateNotify
                0x000000000001641e       0x11 /tmp/ccpprOyd.ltrans17.ltrans.o
                0x000000000001641e                FormUpdateNotify
 .text.InitializeListHead
                0x000000000001642f       0x3e /tmp/ccpprOyd.ltrans17.ltrans.o
                0x000000000001642f                InitializeListHead
 .text.InternalBaseLibIsListValid
                0x000000000001646d       0x9e /tmp/ccpprOyd.ltrans17.ltrans.o
                0x000000000001646d                InternalBaseLibIsListValid
 .text.GetFirstNode
                0x000000000001650b       0x3e /tmp/ccpprOyd.ltrans17.ltrans.o
                0x000000000001650b                GetFirstNode
 .text.IsNodeInList
                0x0000000000016549       0x93 /tmp/ccpprOyd.ltrans17.ltrans.o
                0x0000000000016549                IsNodeInList
 .text.GetNextNode
                0x00000000000165dc       0x71 /tmp/ccpprOyd.ltrans17.ltrans.o
                0x00000000000165dc                GetNextNode
 .text.InsertTailList
                0x000000000001664d       0x7f /tmp/ccpprOyd.ltrans17.ltrans.o
                0x000000000001664d                InsertTailList
 .text.InsertHeadList
                0x00000000000166cc       0x7e /tmp/ccpprOyd.ltrans17.ltrans.o
                0x00000000000166cc                InsertHeadList
 .text.IsZeroGuid
                0x000000000001674a       0x27 /tmp/ccpprOyd.ltrans17.ltrans.o
                0x000000000001674a                IsZeroGuid
 .text.CompareGuid
                0x0000000000016771       0x4d /tmp/ccpprOyd.ltrans17.ltrans.o
                0x0000000000016771                CompareGuid
 .text.CopyGuid
                0x00000000000167be       0x3e /tmp/ccpprOyd.ltrans17.ltrans.o
                0x00000000000167be                CopyGuid
 .text.CopyMem  0x00000000000167fc       0x90 /tmp/ccpprOyd.ltrans17.ltrans.o
                0x00000000000167fc                CopyMem
 .text.CompareMem
                0x000000000001688c       0xd4 /tmp/ccpprOyd.ltrans17.ltrans.o
                0x000000000001688c                CompareMem
 .text.ZeroMem  0x0000000000016960       0x6f /tmp/ccpprOyd.ltrans17.ltrans.o
                0x0000000000016960                ZeroMem
 .text.IsNvUpdateRequiredForForm
                0x00000000000169cf       0x98 /tmp/ccpprOyd.ltrans17.ltrans.o
                0x00000000000169cf                IsNvUpdateRequiredForForm
 .text.IsNvUpdateRequiredForFormSet
                0x0000000000016a67       0xa6 /tmp/ccpprOyd.ltrans17.ltrans.o
                0x0000000000016a67                IsNvUpdateRequiredForFormSet
 .text.FindNextMenu
                0x0000000000016b0d      0x124 /tmp/ccpprOyd.ltrans17.ltrans.o
                0x0000000000016b0d                FindNextMenu
 .text.PopupErrorMessage
                0x0000000000016c31       0xdf /tmp/ccpprOyd.ltrans18.ltrans.o
                0x0000000000016c31                PopupErrorMessage
 .text.UiFreeMenuList
                0x0000000000016d10       0x82 /tmp/ccpprOyd.ltrans18.ltrans.o
                0x0000000000016d10                UiFreeMenuList
 .text.UiCopyMenuList
                0x0000000000016d92      0x130 /tmp/ccpprOyd.ltrans18.ltrans.o
                0x0000000000016d92                UiCopyMenuList
 .text.UiFindParentMenu
                0x0000000000016ec2       0xe0 /tmp/ccpprOyd.ltrans18.ltrans.o
                0x0000000000016ec2                UiFindParentMenu
 .text.BasePrintLibSPrint.constprop.27
                0x0000000000016fa2       0x29 /tmp/ccpprOyd.ltrans19.ltrans.o
                0x0000000000016fa2                BasePrintLibSPrint.constprop.27
 *fill*         0x0000000000016fcb        0x5 
 .text          0x0000000000016fd0       0x1d /home/hcj/UEFIWorkspace/Build/OvmfX64/DEBUG_GCC5/X64/MdePkg/Library/BaseMemoryLibRepStr/BaseMemoryLibRepStr/OUTPUT/BaseMemoryLibRepStr.lib(CompareMem.obj)
                0x0000000000016fd0                InternalMemCompareMem
 *fill*         0x0000000000016fed        0x3 
 .text          0x0000000000016ff0       0x1d /home/hcj/UEFIWorkspace/Build/OvmfX64/DEBUG_GCC5/X64/MdePkg/Library/BaseMemoryLibRepStr/BaseMemoryLibRepStr/OUTPUT/BaseMemoryLibRepStr.lib(ZeroMem.obj)
                0x0000000000016ff0                InternalMemZeroMem
 *fill*         0x000000000001700d        0x3 
 .text          0x0000000000017010       0x3c /home/hcj/UEFIWorkspace/Build/OvmfX64/DEBUG_GCC5/X64/MdePkg/Library/BaseMemoryLibRepStr/BaseMemoryLibRepStr/OUTPUT/BaseMemoryLibRepStr.lib(CopyMem.obj)
                0x0000000000017010                InternalMemCopyMem
 *fill*         0x000000000001704c        0x4 
 .text          0x0000000000017050      0x116 /home/hcj/UEFIWorkspace/Build/OvmfX64/DEBUG_GCC5/X64/MdePkg/Library/BaseIoLibIntrinsic/BaseIoLibIntrinsicSev/OUTPUT/BaseIoLibIntrinsicSev.lib(IoFifoSev.obj)
                0x0000000000017050                SevNoRepIo
                0x0000000000017090                IoReadFifo8
                0x00000000000170b2                IoReadFifo16
                0x00000000000170d8                IoReadFifo32
                0x00000000000170fb                IoWriteFifo8
                0x000000000001711d                IoWriteFifo16
                0x0000000000017143                IoWriteFifo32
 *(.rodata .rodata.* .gnu.linkonce.r.*)
 .rodata.str2.2
                0x0000000000017166       0x50 /tmp/ccpprOyd.ltrans0.ltrans.o
                                         0x56 (size before relaxing)
 .rodata.str1.1
                0x00000000000171b6      0x3bd /tmp/ccpprOyd.ltrans0.ltrans.o
                                        0x3d8 (size before relaxing)
 *fill*         0x0000000000017573        0x1 
 .rodata.EvaluateExpression
                0x0000000000017574      0x1c0 /tmp/ccpprOyd.ltrans0.ltrans.o
 *fill*         0x0000000000017734        0xc 
 .rodata.__FUNCTION__.2578
                0x0000000000017740       0x14 /tmp/ccpprOyd.ltrans0.ltrans.o
 .rodata.str1.1
                0x0000000000017754      0x26e /tmp/ccpprOyd.ltrans1.ltrans.o
                                        0x2cb (size before relaxing)
 *fill*         0x00000000000179c2        0x2 
 .rodata.InitializeFormSet
                0x00000000000179c4      0x1c0 /tmp/ccpprOyd.ltrans1.ltrans.o
 .rodata.CSWTCH.90
                0x0000000000017b84        0x3 /tmp/ccpprOyd.ltrans1.ltrans.o
 .rodata.str1.1
                0x0000000000017b87      0x23d /tmp/ccpprOyd.ltrans2.ltrans.o
                                        0x338 (size before relaxing)
 .rodata.str2.2
                0x0000000000017dc4       0x50 /tmp/ccpprOyd.ltrans2.ltrans.o
                                          0x2 (size before relaxing)
 .rodata.str1.1
                0x0000000000017dc4      0x50b /tmp/ccpprOyd.ltrans3.ltrans.o
                                        0x632 (size before relaxing)
 *fill*         0x00000000000182cf        0x1 
 .rodata.__FUNCTION__.2518
                0x00000000000182d0        0x8 /tmp/ccpprOyd.ltrans3.ltrans.o
 .rodata.__FUNCTION__.2529
                0x00000000000182d8        0x9 /tmp/ccpprOyd.ltrans3.ltrans.o
 *fill*         0x00000000000182e1        0x7 
 .rodata.__FUNCTION__.2541
                0x00000000000182e8        0x8 /tmp/ccpprOyd.ltrans3.ltrans.o
 .rodata.mHexStr
                0x00000000000182f0       0x10 /tmp/ccpprOyd.ltrans3.ltrans.o
 .rodata.str1.1
                0x0000000000018300       0xe5 /tmp/ccpprOyd.ltrans4.ltrans.o
                                        0x161 (size before relaxing)
 *fill*         0x00000000000183e5        0x1 
 .rodata.str2.2
                0x00000000000183e6       0x54 /tmp/ccpprOyd.ltrans4.ltrans.o
                                         0x60 (size before relaxing)
 .rodata.str1.1
                0x000000000001843a      0x270 /tmp/ccpprOyd.ltrans5.ltrans.o
                                        0x4c3 (size before relaxing)
 .rodata.str2.2
                0x00000000000186aa        0x4 /tmp/ccpprOyd.ltrans5.ltrans.o
                                          0x8 (size before relaxing)
 *fill*         0x00000000000186ae        0x2 
 .rodata.ProcessCallBackFunction.constprop.0
                0x00000000000186b0       0x20 /tmp/ccpprOyd.ltrans5.ltrans.o
 .rodata.__FUNCTION__.2608
                0x00000000000186d0       0x10 /tmp/ccpprOyd.ltrans5.ltrans.o
 .rodata.str1.1
                0x00000000000186e0       0x71 /tmp/ccpprOyd.ltrans6.ltrans.o
                                        0x119 (size before relaxing)
 *fill*         0x0000000000018751        0x1 
 .rodata.str2.2
                0x0000000000018752       0x22 /tmp/ccpprOyd.ltrans6.ltrans.o
                                         0x32 (size before relaxing)
 .rodata.str1.1
                0x0000000000018774       0xe7 /tmp/ccpprOyd.ltrans7.ltrans.o
                                        0x177 (size before relaxing)
 *fill*         0x000000000001885b        0x1 
 .rodata.str2.2
                0x000000000001885c       0x76 /tmp/ccpprOyd.ltrans7.ltrans.o
                                         0xa8 (size before relaxing)
 .rodata.str1.1
                0x00000000000188d2      0x375 /tmp/ccpprOyd.ltrans8.ltrans.o
                                        0x473 (size before relaxing)
 .rodata._gDriverUnloadImageCount
                0x0000000000018c47        0x1 /tmp/ccpprOyd.ltrans8.ltrans.o
                0x0000000000018c47                _gPcd_FixedAtBuild_PcdVerifyNodeInList
                0x0000000000018c47                _gDriverUnloadImageCount
 .rodata._gUefiDriverRevision
                0x0000000000018c48        0x4 /tmp/ccpprOyd.ltrans8.ltrans.o
                0x0000000000018c48                _gPcd_FixedAtBuild_PcdMaximumLinkedListLength
                0x0000000000018c48                _gUefiDriverRevision
                0x0000000000018c48                _gPcd_FixedAtBuild_PcdControlFlowEnforcementPropertyMask
 .rodata.str1.1
                0x0000000000018c4c      0x26f /tmp/ccpprOyd.ltrans9.ltrans.o
                                        0x3a1 (size before relaxing)
 *fill*         0x0000000000018ebb        0x1 
 .rodata.str2.2
                0x0000000000018ebc       0x1a /tmp/ccpprOyd.ltrans9.ltrans.o
 *fill*         0x0000000000018ed6        0xa 
 .rodata.mWarningString
                0x0000000000018ee0       0x96 /tmp/ccpprOyd.ltrans9.ltrans.o
 *fill*         0x0000000000018f76        0xa 
 .rodata.mErrorString
                0x0000000000018f80      0x2b5 /tmp/ccpprOyd.ltrans9.ltrans.o
 *fill*         0x0000000000019235        0x3 
 .rodata._gPcd_FixedAtBuild_PcdMaximumUnicodeStringLength
                0x0000000000019238        0x4 /tmp/ccpprOyd.ltrans9.ltrans.o
                0x0000000000019238                _gPcd_FixedAtBuild_PcdMaximumAsciiStringLength
                0x0000000000019238                _gPcd_FixedAtBuild_PcdMaximumUnicodeStringLength
 .rodata.str1.1
                0x000000000001923c       0x7a /tmp/ccpprOyd.ltrans10.ltrans.o
                                        0x12e (size before relaxing)
 .rodata.str2.2
                0x00000000000192b6        0xe /tmp/ccpprOyd.ltrans10.ltrans.o
                                         0x26 (size before relaxing)
 .rodata.str1.1
                0x00000000000192c4       0xed /tmp/ccpprOyd.ltrans11.ltrans.o
                                        0x168 (size before relaxing)
 .rodata.str2.2
                0x00000000000193b1       0x10 /tmp/ccpprOyd.ltrans11.ltrans.o
 *fill*         0x00000000000193b1        0x1 
 .rodata.str2.2
                0x00000000000193b2       0x56 /tmp/ccpprOyd.ltrans12.ltrans.o
                                         0x68 (size before relaxing)
 .rodata.str1.1
                0x0000000000019408       0x8a /tmp/ccpprOyd.ltrans12.ltrans.o
                                        0x1a4 (size before relaxing)
 .rodata.str1.1
                0x0000000000019492       0x67 /tmp/ccpprOyd.ltrans13.ltrans.o
                                        0x1d3 (size before relaxing)
 *fill*         0x00000000000194f9        0x3 
 .rodata.IsTrue
                0x00000000000194fc       0x14 /tmp/ccpprOyd.ltrans13.ltrans.o
 .rodata.str1.1
                0x0000000000019510       0xa5 /tmp/ccpprOyd.ltrans14.ltrans.o
                                        0x164 (size before relaxing)
 *fill*         0x00000000000195b5        0x3 
 .rodata.HiiValueToUINT64
                0x00000000000195b8       0x1c /tmp/ccpprOyd.ltrans14.ltrans.o
 .rodata.ExtendValueToU64
                0x00000000000195d4       0x1c /tmp/ccpprOyd.ltrans14.ltrans.o
 .rodata.str1.1
                0x00000000000195f0      0x150 /tmp/ccpprOyd.ltrans15.ltrans.o
                                        0x2e3 (size before relaxing)
 .rodata.str1.1
                0x0000000000019740       0xbd /tmp/ccpprOyd.ltrans16.ltrans.o
                                        0x1ae (size before relaxing)
 *fill*         0x00000000000197fd        0x1 
 .rodata.str2.2
                0x00000000000197fe        0x4 /tmp/ccpprOyd.ltrans16.ltrans.o
                                         0x16 (size before relaxing)
 .rodata.str1.1
                0x0000000000019802      0x33e /tmp/ccpprOyd.ltrans17.ltrans.o
                                        0x48e (size before relaxing)
 .rodata.str1.1
                0x0000000000019b40       0x57 /tmp/ccpprOyd.ltrans18.ltrans.o
                                         0xd2 (size before relaxing)
 *(.got .got.*)
 .got           0x0000000000019b97        0x0 Setup.obj (symbol from plugin)
 .got.plt       0x0000000000019b97        0x0 Setup.obj (symbol from plugin)
 *:AutoGen.obj(.data.g*Guid)

.plt            0x0000000000019ba0        0x0
 .plt           0x0000000000019ba0        0x0 Setup.obj (symbol from plugin)

.plt.got        0x0000000000019b98        0x0
 .plt.got       0x0000000000019b98        0x0 Setup.obj (symbol from plugin)

.data           0x0000000000019bc0      0x4c2
 *(.data .data.* .gnu.linkonce.d.*)
 .data.gEfiUserManagerProtocolGuid
                0x0000000000019bc0       0x10 /tmp/ccpprOyd.ltrans0.ltrans.o
 .data.gEfiRegularExpressionProtocolGuid
                0x0000000000019bd0       0x10 /tmp/ccpprOyd.ltrans0.ltrans.o
 .data.gEfiHiiPlatformSetupFormsetGuid
                0x0000000000019be0       0x10 /tmp/ccpprOyd.ltrans1.ltrans.o
                0x0000000000019be0                gEfiHiiPlatformSetupFormsetGuid
 .data.gEdkiiIfrBitVarstoreGuid
                0x0000000000019bf0       0x10 /tmp/ccpprOyd.ltrans1.ltrans.o
 .data.gEfiHiiStandardFormGuid
                0x0000000000019c00       0x10 /tmp/ccpprOyd.ltrans1.ltrans.o
 .data.gEfiHiiConfigAccessProtocolGuid
                0x0000000000019c10       0x10 /tmp/ccpprOyd.ltrans1.ltrans.o
                0x0000000000019c10                gEfiHiiConfigAccessProtocolGuid
 .data.rel.local.gBrowserStorageList
                0x0000000000019c20       0x10 /tmp/ccpprOyd.ltrans4.ltrans.o
                0x0000000000019c20                gBrowserStorageList
 .data.rel.local.gBrowserContextList
                0x0000000000019c30       0x10 /tmp/ccpprOyd.ltrans6.ltrans.o
                0x0000000000019c30                gBrowserContextList
 .data.mBrowserScopeFirstSet
                0x0000000000019c40        0x1 /tmp/ccpprOyd.ltrans6.ltrans.o
 *fill*         0x0000000000019c41        0xf 
 .data.rel.local.gBrowserHotKeyList
                0x0000000000019c50       0x10 /tmp/ccpprOyd.ltrans6.ltrans.o
                0x0000000000019c50                gBrowserHotKeyList
 .data.rel.local.gBrowserSaveFailFormSetList
                0x0000000000019c60       0x10 /tmp/ccpprOyd.ltrans6.ltrans.o
                0x0000000000019c60                gBrowserSaveFailFormSetList
 .data.gEdkiiFormDisplayEngineProtocolGuid
                0x0000000000019c70       0x10 /tmp/ccpprOyd.ltrans8.ltrans.o
                0x0000000000019c70                gEdkiiFormDisplayEngineProtocolGuid
 .data.gEdkiiFormBrowserExProtocolGuid
                0x0000000000019c80       0x10 /tmp/ccpprOyd.ltrans8.ltrans.o
 .data.gEdkiiFormBrowserEx2ProtocolGuid
                0x0000000000019c90       0x10 /tmp/ccpprOyd.ltrans8.ltrans.o
 .data.gEfiFormBrowser2ProtocolGuid
                0x0000000000019ca0       0x10 /tmp/ccpprOyd.ltrans8.ltrans.o
 *fill*         0x0000000000019cb0       0x10 
 .data.rel.local.mPrivateData
                0x0000000000019cc0       0x98 /tmp/ccpprOyd.ltrans8.ltrans.o
                0x0000000000019cc0                mPrivateData
 *fill*         0x0000000000019d58        0x8 
 .data.gEfiDevicePathFromTextProtocolGuid
                0x0000000000019d60       0x10 /tmp/ccpprOyd.ltrans8.ltrans.o
 .data.gEfiDevicePathUtilitiesProtocolGuid
                0x0000000000019d70       0x10 /tmp/ccpprOyd.ltrans8.ltrans.o
 .data.gEfiHiiImageProtocolGuid
                0x0000000000019d80       0x10 /tmp/ccpprOyd.ltrans8.ltrans.o
 .data.gEfiHiiFontProtocolGuid
                0x0000000000019d90       0x10 /tmp/ccpprOyd.ltrans8.ltrans.o
 .data.gEfiHiiConfigRoutingProtocolGuid
                0x0000000000019da0       0x10 /tmp/ccpprOyd.ltrans8.ltrans.o
 .data.gEfiHiiDatabaseProtocolGuid
                0x0000000000019db0       0x10 /tmp/ccpprOyd.ltrans8.ltrans.o
 .data.gEfiHiiStringProtocolGuid
                0x0000000000019dc0       0x10 /tmp/ccpprOyd.ltrans8.ltrans.o
 .data.gEfiGlobalVariableGuid
                0x0000000000019dd0       0x10 /tmp/ccpprOyd.ltrans9.ltrans.o
 .data.rel.local.mRefreshEventList
                0x0000000000019de0       0x10 /tmp/ccpprOyd.ltrans13.ltrans.o
                0x0000000000019de0                mRefreshEventList
 .data.rel.local.gBrowserFormSetList
                0x0000000000019df0       0x10 /tmp/ccpprOyd.ltrans13.ltrans.o
                0x0000000000019df0                gBrowserFormSetList
 .data.gEfiDevicePathProtocolGuid
                0x0000000000019e00       0x10 /tmp/ccpprOyd.ltrans13.ltrans.o
                0x0000000000019e00                gEfiDevicePathProtocolGuid
 .data.gEfiUnicodeCollation2ProtocolGuid
                0x0000000000019e10       0x10 /tmp/ccpprOyd.ltrans14.ltrans.o
 .data.gBrowserSettingScope
                0x0000000000019e20        0x4 /tmp/ccpprOyd.ltrans17.ltrans.o
                0x0000000000019e20                gBrowserSettingScope
 .data.rel.ro   0x0000000000019e24        0x0 Setup.obj (symbol from plugin)
 *(.bss .bss.*)
 *fill*         0x0000000000019e24        0x4 
 .bss.mUserManager
                0x0000000000019e28        0x8 /tmp/ccpprOyd.ltrans0.ltrans.o
 .bss.mExpressionEvaluationStackEnd
                0x0000000000019e30        0x8 /tmp/ccpprOyd.ltrans0.ltrans.o
 .bss.mExpressionEvaluationStackPointer
                0x0000000000019e38        0x8 /tmp/ccpprOyd.ltrans0.ltrans.o
                0x0000000000019e38                mExpressionEvaluationStackPointer
 .bss.mExpressionEvaluationStack
                0x0000000000019e40        0x8 /tmp/ccpprOyd.ltrans0.ltrans.o
                0x0000000000019e40                mExpressionEvaluationStack
 .bss.mExpressionEvaluationStackOffset
                0x0000000000019e48        0x8 /tmp/ccpprOyd.ltrans0.ltrans.o
                0x0000000000019e48                mExpressionEvaluationStackOffset
 .bss.mUnicodeCollation
                0x0000000000019e50        0x8 /tmp/ccpprOyd.ltrans0.ltrans.o
                0x0000000000019e50                mUnicodeCollation
 .bss.gEmptyString
                0x0000000000019e58        0x8 /tmp/ccpprOyd.ltrans0.ltrans.o
                0x0000000000019e58                gEmptyString
 .bss.gZeroGuid
                0x0000000000019e60       0x10 /tmp/ccpprOyd.ltrans1.ltrans.o
                0x0000000000019e60                gZeroGuid
 .bss.mMapExpressionListEnd
                0x0000000000019e70        0x8 /tmp/ccpprOyd.ltrans1.ltrans.o
 .bss.mCurrentExpressionEnd
                0x0000000000019e78        0x8 /tmp/ccpprOyd.ltrans1.ltrans.o
 .bss.mMapExpressionListPointer
                0x0000000000019e80        0x8 /tmp/ccpprOyd.ltrans1.ltrans.o
 .bss.mMapExpressionListStack
                0x0000000000019e88        0x8 /tmp/ccpprOyd.ltrans1.ltrans.o
 .bss.mCurrentExpressionPointer
                0x0000000000019e90        0x8 /tmp/ccpprOyd.ltrans1.ltrans.o
 .bss.mCurrentExpressionStack
                0x0000000000019e98        0x8 /tmp/ccpprOyd.ltrans1.ltrans.o
 .bss.mExpressionOpCodeIndex
                0x0000000000019ea0        0x8 /tmp/ccpprOyd.ltrans1.ltrans.o
 .bss.mUsedQuestionId
                0x0000000000019ea8        0x2 /tmp/ccpprOyd.ltrans1.ltrans.o
 *fill*         0x0000000000019eaa        0x6 
 .bss.gBrowserContextCount
                0x0000000000019eb0        0x8 /tmp/ccpprOyd.ltrans2.ltrans.o
 .bss.mFinishRetrieveCall
                0x0000000000019eb8        0x1 /tmp/ccpprOyd.ltrans2.ltrans.o
 *fill*         0x0000000000019eb9        0x1 
 .bss.mCurrentFormId
                0x0000000000019eba        0x2 /tmp/ccpprOyd.ltrans2.ltrans.o
 *fill*         0x0000000000019ebc        0x4 
 .bss.mCurrentFormSetGuid
                0x0000000000019ec0       0x10 /tmp/ccpprOyd.ltrans2.ltrans.o
 .bss.mCurFakeQestId
                0x0000000000019ed0        0x2 /tmp/ccpprOyd.ltrans2.ltrans.o
 *fill*         0x0000000000019ed2        0x6 
 .bss.gCurrentSelection
                0x0000000000019ed8        0x8 /tmp/ccpprOyd.ltrans5.ltrans.o
                0x0000000000019ed8                gCurrentSelection
 .bss.gCallbackReconnect
                0x0000000000019ee0        0x1 /tmp/ccpprOyd.ltrans5.ltrans.o
                0x0000000000019ee0                gCallbackReconnect
 .bss.gResetRequiredSystemLevel
                0x0000000000019ee1        0x1 /tmp/ccpprOyd.ltrans5.ltrans.o
                0x0000000000019ee1                gResetRequiredSystemLevel
 .bss.gResetRequiredFormLevel
                0x0000000000019ee2        0x1 /tmp/ccpprOyd.ltrans5.ltrans.o
                0x0000000000019ee2                gResetRequiredFormLevel
 *fill*         0x0000000000019ee3        0x5 
 .bss.mHiiConfigRouting
                0x0000000000019ee8        0x8 /tmp/ccpprOyd.ltrans5.ltrans.o
                0x0000000000019ee8                mHiiConfigRouting
 .bss.gHiiDatabase
                0x0000000000019ef0        0x8 /tmp/ccpprOyd.ltrans5.ltrans.o
                0x0000000000019ef0                gHiiDatabase
 .bss.mCurrentHiiHandle
                0x0000000000019ef8        0x8 /tmp/ccpprOyd.ltrans6.ltrans.o
                0x0000000000019ef8                mCurrentHiiHandle
 .bss.gExitRequired
                0x0000000000019f00        0x1 /tmp/ccpprOyd.ltrans6.ltrans.o
                0x0000000000019f00                gExitRequired
 *fill*         0x0000000000019f01        0x7 
 .bss.ExitHandlerFunction
                0x0000000000019f08        0x8 /tmp/ccpprOyd.ltrans6.ltrans.o
                0x0000000000019f08                ExitHandlerFunction
 .bss.gFlagReconnect
                0x0000000000019f10        0x1 /tmp/ccpprOyd.ltrans7.ltrans.o
                0x0000000000019f10                gFlagReconnect
 .bss.mSystemSubmit
                0x0000000000019f11        0x1 /tmp/ccpprOyd.ltrans7.ltrans.o
                0x0000000000019f11                mSystemSubmit
 .bss.mDebugIoPortFound
                0x0000000000019f12        0x1 /tmp/ccpprOyd.ltrans8.ltrans.o
 .bss.mDebugIoPortChecked
                0x0000000000019f13        0x1 /tmp/ccpprOyd.ltrans8.ltrans.o
 *fill*         0x0000000000019f14        0x4 
 .bss.mValueChangedEvent
                0x0000000000019f18        0x8 /tmp/ccpprOyd.ltrans8.ltrans.o
                0x0000000000019f18                mValueChangedEvent
 .bss.gDisplayFormData
                0x0000000000019f20       0x90 /tmp/ccpprOyd.ltrans8.ltrans.o
                0x0000000000019f20                gDisplayFormData
 .bss.mFormDisplay
                0x0000000000019fb0        0x8 /tmp/ccpprOyd.ltrans8.ltrans.o
                0x0000000000019fb0                mFormDisplay
 .bss.mPathFromText
                0x0000000000019fb8        0x8 /tmp/ccpprOyd.ltrans8.ltrans.o
                0x0000000000019fb8                mPathFromText
 .bss.mHiiDatabase
                0x0000000000019fc0        0x8 /tmp/ccpprOyd.ltrans8.ltrans.o
                0x0000000000019fc0                mHiiDatabase
 .bss.gST       0x0000000000019fc8        0x8 /tmp/ccpprOyd.ltrans8.ltrans.o
 .bss.gImageHandle
                0x0000000000019fd0        0x8 /tmp/ccpprOyd.ltrans8.ltrans.o
 .bss.mDevicePathLibDevicePathUtilities
                0x0000000000019fd8        0x8 /tmp/ccpprOyd.ltrans8.ltrans.o
                0x0000000000019fd8                mDevicePathLibDevicePathUtilities
 .bss.gHiiImage
                0x0000000000019fe0        0x8 /tmp/ccpprOyd.ltrans8.ltrans.o
 .bss.gHiiFont  0x0000000000019fe8        0x8 /tmp/ccpprOyd.ltrans8.ltrans.o
 .bss.gHiiConfigRouting
                0x0000000000019ff0        0x8 /tmp/ccpprOyd.ltrans8.ltrans.o
 .bss.gRT       0x0000000000019ff8        0x8 /tmp/ccpprOyd.ltrans9.ltrans.o
                0x0000000000019ff8                gRT
 .bss.gHiiString
                0x000000000001a000        0x8 /tmp/ccpprOyd.ltrans9.ltrans.o
                0x000000000001a000                gHiiString
 .bss.gBS       0x000000000001a008        0x8 /tmp/ccpprOyd.ltrans9.ltrans.o
                0x000000000001a008                gBS
 .bss.mOptionExpressionEnd
                0x000000000001a010        0x8 /tmp/ccpprOyd.ltrans14.ltrans.o
 .bss.mStatementExpressionEnd
                0x000000000001a018        0x8 /tmp/ccpprOyd.ltrans14.ltrans.o
 .bss.mFormExpressionEnd
                0x000000000001a020        0x8 /tmp/ccpprOyd.ltrans14.ltrans.o
 .bss.mOptionExpressionPointer
                0x000000000001a028        0x8 /tmp/ccpprOyd.ltrans14.ltrans.o
                0x000000000001a028                mOptionExpressionPointer
 .bss.mOptionExpressionStack
                0x000000000001a030        0x8 /tmp/ccpprOyd.ltrans14.ltrans.o
                0x000000000001a030                mOptionExpressionStack
 .bss.mStatementExpressionPointer
                0x000000000001a038        0x8 /tmp/ccpprOyd.ltrans14.ltrans.o
                0x000000000001a038                mStatementExpressionPointer
 .bss.mStatementExpressionStack
                0x000000000001a040        0x8 /tmp/ccpprOyd.ltrans14.ltrans.o
                0x000000000001a040                mStatementExpressionStack
 .bss.mFormExpressionPointer
                0x000000000001a048        0x8 /tmp/ccpprOyd.ltrans14.ltrans.o
                0x000000000001a048                mFormExpressionPointer
 .bss.mFormExpressionStack
                0x000000000001a050        0x8 /tmp/ccpprOyd.ltrans14.ltrans.o
                0x000000000001a050                mFormExpressionStack
 .bss.mOpCodeScopeStackEnd
                0x000000000001a058        0x8 /tmp/ccpprOyd.ltrans14.ltrans.o
 .bss.mOpCodeScopeStackPointer
                0x000000000001a060        0x8 /tmp/ccpprOyd.ltrans14.ltrans.o
                0x000000000001a060                mOpCodeScopeStackPointer
 .bss.mOpCodeScopeStack
                0x000000000001a068        0x8 /tmp/ccpprOyd.ltrans14.ltrans.o
                0x000000000001a068                mOpCodeScopeStack
 .bss.mSystemLevelFormSet
                0x000000000001a070        0x8 /tmp/ccpprOyd.ltrans15.ltrans.o
                0x000000000001a070                mSystemLevelFormSet
 .bss.mStatementIndex
                0x000000000001a078        0x8 /tmp/ccpprOyd.ltrans15.ltrans.o
                0x000000000001a078                mStatementIndex
 .bss.mDynamicFormUpdated
                0x000000000001a080        0x1 /tmp/ccpprOyd.ltrans17.ltrans.o
                0x000000000001a080                mDynamicFormUpdated
 .bss.mHiiPackageListUpdated
                0x000000000001a081        0x1 /tmp/ccpprOyd.ltrans17.ltrans.o
                0x000000000001a081                mHiiPackageListUpdated

.eh_frame       0x000000000001a0c0        0x0
 *(.eh_frame)
 .eh_frame      0x000000000001a0c0        0x0 Setup.obj (symbol from plugin)
 .eh_frame      0x000000000001a0c0        0x0 Setup.obj (symbol from plugin)

.dynbss         0x000000000001a0c0        0x0
 .dynbss        0x000000000001a0c0        0x0 Setup.obj (symbol from plugin)

.gnu.version_d  0x000000000001a0c0        0x0
 .gnu.version_d
                0x000000000001a0c0        0x0 Setup.obj (symbol from plugin)

.gnu.version    0x000000000001a0c0        0x0
 .gnu.version   0x000000000001a0c0        0x0 Setup.obj (symbol from plugin)

.gnu.version_r  0x000000000001a0c0        0x0
 .gnu.version_r
                0x000000000001a0c0        0x0 Setup.obj (symbol from plugin)

.rela           0x000000000001a0c0      0x240
 *(.rela .rela.*)
 .rela.plt      0x000000000001a0c0        0x0 Setup.obj (symbol from plugin)
 .rela.got      0x000000000001a0c0        0x0 Setup.obj (symbol from plugin)
 .rela.bss      0x000000000001a0c0        0x0 Setup.obj (symbol from plugin)
 .rela.data.rel.ro
                0x000000000001a0c0        0x0 Setup.obj (symbol from plugin)
 .rela.ifunc    0x000000000001a0c0        0x0 Setup.obj (symbol from plugin)
 .rela.data.rel.local.gBrowserStorageList
                0x000000000001a0c0       0x30 Setup.obj (symbol from plugin)
 .rela.data.rel.local.gBrowserContextList
                0x000000000001a0f0       0x30 Setup.obj (symbol from plugin)
 .rela.data.rel.local.gBrowserHotKeyList
                0x000000000001a120       0x30 Setup.obj (symbol from plugin)
 .rela.data.rel.local.gBrowserSaveFailFormSetList
                0x000000000001a150       0x30 Setup.obj (symbol from plugin)
 .rela.data.rel.local.mPrivateData
                0x000000000001a180      0x120 Setup.obj (symbol from plugin)
 .rela.data.rel.local.mRefreshEventList
                0x000000000001a2a0       0x30 Setup.obj (symbol from plugin)
 .rela.data.rel.local.gBrowserFormSetList
                0x000000000001a2d0       0x30 Setup.obj (symbol from plugin)

.hii
 *(.hii)

.build-id       0x000000000001a300       0x24
 *(.note.gnu.build-id)
 .note.gnu.build-id
                0x000000000001a300       0x24 Setup.obj (symbol from plugin)

/DISCARD/
 *(.note.GNU-stack)
 *(.gnu_debuglink)
 *(.interp)
 *(.dynsym)
 *(.dynstr)
 *(.dynamic)
 *(.hash .gnu.hash)
 *(.comment)
OUTPUT(/home/hcj/UEFIWorkspace/Build/OvmfX64/DEBUG_GCC5/X64/MdeModulePkg/Universal/SetupBrowserDxe/SetupBrowserDxe/DEBUG/SetupBrowser.dll elf64-x86-64)

.debug_info     0x0000000000000000    0x31423
 .debug_info    0x0000000000000000     0x40d2 /tmp/ccpprOyd.ltrans0.ltrans.o
 .debug_info    0x00000000000040d2     0x36e6 /tmp/ccpprOyd.ltrans1.ltrans.o
 .debug_info    0x00000000000077b8     0x3f9a /tmp/ccpprOyd.ltrans2.ltrans.o
 .debug_info    0x000000000000b752     0x16b7 /tmp/ccpprOyd.ltrans3.ltrans.o
 .debug_info    0x000000000000ce09     0x2ae9 /tmp/ccpprOyd.ltrans4.ltrans.o
 .debug_info    0x000000000000f8f2     0x2a85 /tmp/ccpprOyd.ltrans5.ltrans.o
 .debug_info    0x0000000000012377     0x3045 /tmp/ccpprOyd.ltrans6.ltrans.o
 .debug_info    0x00000000000153bc     0x2c77 /tmp/ccpprOyd.ltrans7.ltrans.o
 .debug_info    0x0000000000018033     0x4876 /tmp/ccpprOyd.ltrans8.ltrans.o
 .debug_info    0x000000000001c8a9     0x2740 /tmp/ccpprOyd.ltrans9.ltrans.o
 .debug_info    0x000000000001efe9     0x2058 /tmp/ccpprOyd.ltrans10.ltrans.o
 .debug_info    0x0000000000021041     0x24ef /tmp/ccpprOyd.ltrans11.ltrans.o
 .debug_info    0x0000000000023530     0x25d8 /tmp/ccpprOyd.ltrans12.ltrans.o
 .debug_info    0x0000000000025b08     0x2911 /tmp/ccpprOyd.ltrans13.ltrans.o
 .debug_info    0x0000000000028419     0x226b /tmp/ccpprOyd.ltrans14.ltrans.o
 .debug_info    0x000000000002a684     0x2336 /tmp/ccpprOyd.ltrans15.ltrans.o
 .debug_info    0x000000000002c9ba     0x1f7e /tmp/ccpprOyd.ltrans16.ltrans.o
 .debug_info    0x000000000002e938     0x1e9f /tmp/ccpprOyd.ltrans17.ltrans.o
 .debug_info    0x00000000000307d7      0xaf1 /tmp/ccpprOyd.ltrans18.ltrans.o
 .debug_info    0x00000000000312c8      0x15b /tmp/ccpprOyd.ltrans19.ltrans.o

.debug_abbrev   0x0000000000000000     0x4037
 .debug_abbrev  0x0000000000000000      0x357 /tmp/ccpprOyd.ltrans0.ltrans.o
 .debug_abbrev  0x0000000000000357      0x320 /tmp/ccpprOyd.ltrans1.ltrans.o
 .debug_abbrev  0x0000000000000677      0x35e /tmp/ccpprOyd.ltrans2.ltrans.o
 .debug_abbrev  0x00000000000009d5      0x308 /tmp/ccpprOyd.ltrans3.ltrans.o
 .debug_abbrev  0x0000000000000cdd      0x2fb /tmp/ccpprOyd.ltrans4.ltrans.o
 .debug_abbrev  0x0000000000000fd8      0x359 /tmp/ccpprOyd.ltrans5.ltrans.o
 .debug_abbrev  0x0000000000001331      0x3e0 /tmp/ccpprOyd.ltrans6.ltrans.o
 .debug_abbrev  0x0000000000001711      0x355 /tmp/ccpprOyd.ltrans7.ltrans.o
 .debug_abbrev  0x0000000000001a66      0x4f4 /tmp/ccpprOyd.ltrans8.ltrans.o
 .debug_abbrev  0x0000000000001f5a      0x2d1 /tmp/ccpprOyd.ltrans9.ltrans.o
 .debug_abbrev  0x000000000000222b      0x2a6 /tmp/ccpprOyd.ltrans10.ltrans.o
 .debug_abbrev  0x00000000000024d1      0x329 /tmp/ccpprOyd.ltrans11.ltrans.o
 .debug_abbrev  0x00000000000027fa      0x32a /tmp/ccpprOyd.ltrans12.ltrans.o
 .debug_abbrev  0x0000000000002b24      0x479 /tmp/ccpprOyd.ltrans13.ltrans.o
 .debug_abbrev  0x0000000000002f9d      0x3ed /tmp/ccpprOyd.ltrans14.ltrans.o
 .debug_abbrev  0x000000000000338a      0x2e4 /tmp/ccpprOyd.ltrans15.ltrans.o
 .debug_abbrev  0x000000000000366e      0x399 /tmp/ccpprOyd.ltrans16.ltrans.o
 .debug_abbrev  0x0000000000003a07      0x36c /tmp/ccpprOyd.ltrans17.ltrans.o
 .debug_abbrev  0x0000000000003d73      0x1fe /tmp/ccpprOyd.ltrans18.ltrans.o
 .debug_abbrev  0x0000000000003f71       0xc6 /tmp/ccpprOyd.ltrans19.ltrans.o

.debug_loc      0x0000000000000000    0x20854
 .debug_loc     0x0000000000000000     0x32a3 /tmp/ccpprOyd.ltrans0.ltrans.o
 .debug_loc     0x00000000000032a3     0x4670 /tmp/ccpprOyd.ltrans1.ltrans.o
 .debug_loc     0x0000000000007913     0x1a06 /tmp/ccpprOyd.ltrans2.ltrans.o
 .debug_loc     0x0000000000009319     0x1890 /tmp/ccpprOyd.ltrans3.ltrans.o
 .debug_loc     0x000000000000aba9     0x1f33 /tmp/ccpprOyd.ltrans4.ltrans.o
 .debug_loc     0x000000000000cadc     0x1720 /tmp/ccpprOyd.ltrans5.ltrans.o
 .debug_loc     0x000000000000e1fc     0x1d75 /tmp/ccpprOyd.ltrans6.ltrans.o
 .debug_loc     0x000000000000ff71     0x1c11 /tmp/ccpprOyd.ltrans7.ltrans.o
 .debug_loc     0x0000000000011b82      0xcbe /tmp/ccpprOyd.ltrans8.ltrans.o
 .debug_loc     0x0000000000012840     0x2055 /tmp/ccpprOyd.ltrans9.ltrans.o
 .debug_loc     0x0000000000014895     0x1b7b /tmp/ccpprOyd.ltrans10.ltrans.o
 .debug_loc     0x0000000000016410     0x1960 /tmp/ccpprOyd.ltrans11.ltrans.o
 .debug_loc     0x0000000000017d70     0x19ef /tmp/ccpprOyd.ltrans12.ltrans.o
 .debug_loc     0x000000000001975f     0x14d2 /tmp/ccpprOyd.ltrans13.ltrans.o
 .debug_loc     0x000000000001ac31     0x1a50 /tmp/ccpprOyd.ltrans14.ltrans.o
 .debug_loc     0x000000000001c681     0x121a /tmp/ccpprOyd.ltrans15.ltrans.o
 .debug_loc     0x000000000001d89b     0x187a /tmp/ccpprOyd.ltrans16.ltrans.o
 .debug_loc     0x000000000001f115     0x120c /tmp/ccpprOyd.ltrans17.ltrans.o
 .debug_loc     0x0000000000020321      0x43c /tmp/ccpprOyd.ltrans18.ltrans.o
 .debug_loc     0x000000000002075d       0xf7 /tmp/ccpprOyd.ltrans19.ltrans.o

.debug_aranges  0x0000000000000000      0xd50
 .debug_aranges
                0x0000000000000000       0x30 /tmp/ccpprOyd.ltrans0.ltrans.o
 .debug_aranges
                0x0000000000000030       0x30 /tmp/ccpprOyd.ltrans1.ltrans.o
 .debug_aranges
                0x0000000000000060       0x30 /tmp/ccpprOyd.ltrans2.ltrans.o
 .debug_aranges
                0x0000000000000090      0x180 /tmp/ccpprOyd.ltrans3.ltrans.o
 .debug_aranges
                0x0000000000000210       0x80 /tmp/ccpprOyd.ltrans4.ltrans.o
 .debug_aranges
                0x0000000000000290       0x90 /tmp/ccpprOyd.ltrans5.ltrans.o
 .debug_aranges
                0x0000000000000320      0x120 /tmp/ccpprOyd.ltrans6.ltrans.o
 .debug_aranges
                0x0000000000000440       0xd0 /tmp/ccpprOyd.ltrans7.ltrans.o
 .debug_aranges
                0x0000000000000510       0xd0 /tmp/ccpprOyd.ltrans8.ltrans.o
 .debug_aranges
                0x00000000000005e0       0x80 /tmp/ccpprOyd.ltrans9.ltrans.o
 .debug_aranges
                0x0000000000000660       0x60 /tmp/ccpprOyd.ltrans10.ltrans.o
 .debug_aranges
                0x00000000000006c0       0x50 /tmp/ccpprOyd.ltrans11.ltrans.o
 .debug_aranges
                0x0000000000000710       0x80 /tmp/ccpprOyd.ltrans12.ltrans.o
 .debug_aranges
                0x0000000000000790      0x130 /tmp/ccpprOyd.ltrans13.ltrans.o
 .debug_aranges
                0x00000000000008c0      0x190 /tmp/ccpprOyd.ltrans14.ltrans.o
 .debug_aranges
                0x0000000000000a50       0x60 /tmp/ccpprOyd.ltrans15.ltrans.o
 .debug_aranges
                0x0000000000000ab0       0xd0 /tmp/ccpprOyd.ltrans16.ltrans.o
 .debug_aranges
                0x0000000000000b80      0x140 /tmp/ccpprOyd.ltrans17.ltrans.o
 .debug_aranges
                0x0000000000000cc0       0x60 /tmp/ccpprOyd.ltrans18.ltrans.o
 .debug_aranges
                0x0000000000000d20       0x30 /tmp/ccpprOyd.ltrans19.ltrans.o

.debug_ranges   0x0000000000000000     0x3130
 .debug_ranges  0x0000000000000000      0x560 /tmp/ccpprOyd.ltrans0.ltrans.o
 .debug_ranges  0x0000000000000560      0x6d0 /tmp/ccpprOyd.ltrans1.ltrans.o
 .debug_ranges  0x0000000000000c30      0x890 /tmp/ccpprOyd.ltrans2.ltrans.o
 .debug_ranges  0x00000000000014c0      0x210 /tmp/ccpprOyd.ltrans3.ltrans.o
 .debug_ranges  0x00000000000016d0      0x2c0 /tmp/ccpprOyd.ltrans4.ltrans.o
 .debug_ranges  0x0000000000001990      0x190 /tmp/ccpprOyd.ltrans5.ltrans.o
 .debug_ranges  0x0000000000001b20      0x1e0 /tmp/ccpprOyd.ltrans6.ltrans.o
 .debug_ranges  0x0000000000001d00      0x1d0 /tmp/ccpprOyd.ltrans7.ltrans.o
 .debug_ranges  0x0000000000001ed0      0x1d0 /tmp/ccpprOyd.ltrans8.ltrans.o
 .debug_ranges  0x00000000000020a0       0xd0 /tmp/ccpprOyd.ltrans9.ltrans.o
 .debug_ranges  0x0000000000002170      0x150 /tmp/ccpprOyd.ltrans10.ltrans.o
 .debug_ranges  0x00000000000022c0      0x210 /tmp/ccpprOyd.ltrans11.ltrans.o
 .debug_ranges  0x00000000000024d0      0x1a0 /tmp/ccpprOyd.ltrans12.ltrans.o
 .debug_ranges  0x0000000000002670      0x210 /tmp/ccpprOyd.ltrans13.ltrans.o
 .debug_ranges  0x0000000000002880      0x300 /tmp/ccpprOyd.ltrans14.ltrans.o
 .debug_ranges  0x0000000000002b80       0xc0 /tmp/ccpprOyd.ltrans15.ltrans.o
 .debug_ranges  0x0000000000002c40      0x220 /tmp/ccpprOyd.ltrans16.ltrans.o
 .debug_ranges  0x0000000000002e60      0x260 /tmp/ccpprOyd.ltrans17.ltrans.o
 .debug_ranges  0x00000000000030c0       0x50 /tmp/ccpprOyd.ltrans18.ltrans.o
 .debug_ranges  0x0000000000003110       0x20 /tmp/ccpprOyd.ltrans19.ltrans.o

.debug_line     0x0000000000000000     0x7fcd
 .debug_line    0x0000000000000000      0xb0d /tmp/ccpprOyd.ltrans0.ltrans.o
 .debug_line    0x0000000000000b0d      0x90f /tmp/ccpprOyd.ltrans1.ltrans.o
 .debug_line    0x000000000000141c      0x7bd /tmp/ccpprOyd.ltrans2.ltrans.o
 .debug_line    0x0000000000001bd9      0x5a4 /tmp/ccpprOyd.ltrans3.ltrans.o
 .debug_line    0x000000000000217d      0x6a1 /tmp/ccpprOyd.ltrans4.ltrans.o
 .debug_line    0x000000000000281e      0x7d9 /tmp/ccpprOyd.ltrans5.ltrans.o
 .debug_line    0x0000000000002ff7      0x6b6 /tmp/ccpprOyd.ltrans6.ltrans.o
 .debug_line    0x00000000000036ad      0x589 /tmp/ccpprOyd.ltrans7.ltrans.o
 .debug_line    0x0000000000003c36      0xa33 /tmp/ccpprOyd.ltrans8.ltrans.o
 .debug_line    0x0000000000004669      0x8d9 /tmp/ccpprOyd.ltrans9.ltrans.o
 .debug_line    0x0000000000004f42      0x5a8 /tmp/ccpprOyd.ltrans10.ltrans.o
 .debug_line    0x00000000000054ea      0x51d /tmp/ccpprOyd.ltrans11.ltrans.o
 .debug_line    0x0000000000005a07      0x516 /tmp/ccpprOyd.ltrans12.ltrans.o
 .debug_line    0x0000000000005f1d      0x6c4 /tmp/ccpprOyd.ltrans13.ltrans.o
 .debug_line    0x00000000000065e1      0x693 /tmp/ccpprOyd.ltrans14.ltrans.o
 .debug_line    0x0000000000006c74      0x4b0 /tmp/ccpprOyd.ltrans15.ltrans.o
 .debug_line    0x0000000000007124      0x4d3 /tmp/ccpprOyd.ltrans16.ltrans.o
 .debug_line    0x00000000000075f7      0x618 /tmp/ccpprOyd.ltrans17.ltrans.o
 .debug_line    0x0000000000007c0f      0x2ba /tmp/ccpprOyd.ltrans18.ltrans.o
 .debug_line    0x0000000000007ec9      0x104 /tmp/ccpprOyd.ltrans19.ltrans.o

.debug_str      0x0000000000000000     0x67b5
 .debug_str     0x0000000000000000     0x1289 /tmp/ccpprOyd.ltrans0.ltrans.o
                                       0x15d3 (size before relaxing)
 .debug_str     0x0000000000001289      0x57d /tmp/ccpprOyd.ltrans1.ltrans.o
                                       0x115f (size before relaxing)
 .debug_str     0x0000000000001806      0x78c /tmp/ccpprOyd.ltrans2.ltrans.o
                                       0x1452 (size before relaxing)
 .debug_str     0x0000000000001f92      0x302 /tmp/ccpprOyd.ltrans3.ltrans.o
                                        0x6a0 (size before relaxing)
 .debug_str     0x0000000000002294      0x204 /tmp/ccpprOyd.ltrans4.ltrans.o
                                        0xe6e (size before relaxing)
 .debug_str     0x0000000000002498      0x764 /tmp/ccpprOyd.ltrans5.ltrans.o
                                       0x1589 (size before relaxing)
 .debug_str     0x0000000000002bfc      0x438 /tmp/ccpprOyd.ltrans6.ltrans.o
                                       0x1471 (size before relaxing)
 .debug_str     0x0000000000003034      0x204 /tmp/ccpprOyd.ltrans7.ltrans.o
                                        0xeb8 (size before relaxing)
 .debug_str     0x0000000000003238     0x1fb6 /tmp/ccpprOyd.ltrans8.ltrans.o
                                       0x2eca (size before relaxing)
 .debug_str     0x00000000000051ee      0x3f1 /tmp/ccpprOyd.ltrans9.ltrans.o
                                       0x160d (size before relaxing)
 .debug_str     0x00000000000055df       0x97 /tmp/ccpprOyd.ltrans10.ltrans.o
                                        0xd97 (size before relaxing)
 .debug_str     0x0000000000005676      0x11e /tmp/ccpprOyd.ltrans11.ltrans.o
                                        0xeb4 (size before relaxing)
 .debug_str     0x0000000000005794      0x1ab /tmp/ccpprOyd.ltrans12.ltrans.o
                                        0xfb9 (size before relaxing)
 .debug_str     0x000000000000593f      0x32a /tmp/ccpprOyd.ltrans13.ltrans.o
                                       0x12ad (size before relaxing)
 .debug_str     0x0000000000005c69      0x47f /tmp/ccpprOyd.ltrans14.ltrans.o
                                        0xfb9 (size before relaxing)
 .debug_str     0x00000000000060e8      0x176 /tmp/ccpprOyd.ltrans15.ltrans.o
                                        0xec3 (size before relaxing)
 .debug_str     0x000000000000625e      0x1e5 /tmp/ccpprOyd.ltrans16.ltrans.o
                                        0xc0f (size before relaxing)
 .debug_str     0x0000000000006443      0x2bf /tmp/ccpprOyd.ltrans17.ltrans.o
                                        0xed9 (size before relaxing)
 .debug_str     0x0000000000006702       0x80 /tmp/ccpprOyd.ltrans18.ltrans.o
                                        0x795 (size before relaxing)
 .debug_str     0x0000000000006782       0x33 /tmp/ccpprOyd.ltrans19.ltrans.o
                                        0x28d (size before relaxing)

.debug_frame    0x0000000000000000     0x5140
 .debug_frame   0x0000000000000000      0x530 /tmp/ccpprOyd.ltrans0.ltrans.o
 .debug_frame   0x0000000000000530      0x600 /tmp/ccpprOyd.ltrans1.ltrans.o
 .debug_frame   0x0000000000000b30       0x88 /tmp/ccpprOyd.ltrans2.ltrans.o
 .debug_frame   0x0000000000000bb8      0x4b8 /tmp/ccpprOyd.ltrans3.ltrans.o
 .debug_frame   0x0000000000001070      0x608 /tmp/ccpprOyd.ltrans4.ltrans.o
 .debug_frame   0x0000000000001678      0x320 /tmp/ccpprOyd.ltrans5.ltrans.o
 .debug_frame   0x0000000000001998      0x6f0 /tmp/ccpprOyd.ltrans6.ltrans.o
 .debug_frame   0x0000000000002088      0x688 /tmp/ccpprOyd.ltrans7.ltrans.o
 .debug_frame   0x0000000000002710      0x200 /tmp/ccpprOyd.ltrans8.ltrans.o
 .debug_frame   0x0000000000002910      0x2b0 /tmp/ccpprOyd.ltrans9.ltrans.o
 .debug_frame   0x0000000000002bc0      0x430 /tmp/ccpprOyd.ltrans10.ltrans.o
 .debug_frame   0x0000000000002ff0      0x3c8 /tmp/ccpprOyd.ltrans11.ltrans.o
 .debug_frame   0x00000000000033b8      0x4e0 /tmp/ccpprOyd.ltrans12.ltrans.o
 .debug_frame   0x0000000000003898      0x578 /tmp/ccpprOyd.ltrans13.ltrans.o
 .debug_frame   0x0000000000003e10      0x540 /tmp/ccpprOyd.ltrans14.ltrans.o
 .debug_frame   0x0000000000004350      0x430 /tmp/ccpprOyd.ltrans15.ltrans.o
 .debug_frame   0x0000000000004780      0x398 /tmp/ccpprOyd.ltrans16.ltrans.o
 .debug_frame   0x0000000000004b18      0x428 /tmp/ccpprOyd.ltrans17.ltrans.o
 .debug_frame   0x0000000000004f40      0x1b8 /tmp/ccpprOyd.ltrans18.ltrans.o
 .debug_frame   0x00000000000050f8       0x48 /tmp/ccpprOyd.ltrans19.ltrans.o
