Archive member included to satisfy reference by file (symbol)

/home/hcj/UEFIWorkspace/Build/MdeModule/DEBUG_GCC5/X64/MdeModulePkg/Universal/PlatformDriOverrideDxe/PlatformDriOverrideDxe/OUTPUT/PlatDriOverrideDxe.lib(Vfr.obj)
                              (--whole-archive)
/home/hcj/UEFIWorkspace/Build/MdeModule/DEBUG_GCC5/X64/MdeModulePkg/Universal/PlatformDriOverrideDxe/PlatformDriOverrideDxe/OUTPUT/PlatDriOverrideDxe.lib(PlatDriOverrideDxe.obj)
                              (--whole-archive)
/home/hcj/UEFIWorkspace/Build/MdeModule/DEBUG_GCC5/X64/MdeModulePkg/Universal/PlatformDriOverrideDxe/PlatformDriOverrideDxe/OUTPUT/PlatDriOverrideDxe.lib(PlatDriOverrideLib.obj)
                              (--whole-archive)
/home/hcj/UEFIWorkspace/Build/MdeModule/DEBUG_GCC5/X64/MdeModulePkg/Universal/PlatformDriOverrideDxe/PlatformDriOverrideDxe/OUTPUT/PlatDriOverrideDxe.lib(AutoGen.obj)
                              (--whole-archive)
/home/hcj/UEFIWorkspace/Build/MdeModule/DEBUG_GCC5/X64/MdePkg/Library/RegisterFilterLibNull/RegisterFilterLibNull/OUTPUT/FilterLibNull.lib(RegisterFilterLibNull.obj)
                              (--whole-archive)
/home/hcj/UEFIWorkspace/Build/MdeModule/DEBUG_GCC5/X64/MdePkg/Library/BasePcdLibNull/BasePcdLibNull/OUTPUT/BasePcdLibNull.lib(PcdLib.obj)
                              (--whole-archive)
/home/hcj/UEFIWorkspace/Build/MdeModule/DEBUG_GCC5/X64/MdePkg/Library/BaseMemoryLib/BaseMemoryLib/OUTPUT/BaseMemoryLib.lib(SetMem.obj)
                              (--whole-archive)
/home/hcj/UEFIWorkspace/Build/MdeModule/DEBUG_GCC5/X64/MdePkg/Library/BaseMemoryLib/BaseMemoryLib/OUTPUT/BaseMemoryLib.lib(ScanMem64Wrapper.obj)
                              (--whole-archive)
/home/hcj/UEFIWorkspace/Build/MdeModule/DEBUG_GCC5/X64/MdePkg/Library/BaseMemoryLib/BaseMemoryLib/OUTPUT/BaseMemoryLib.lib(ScanMem32Wrapper.obj)
                              (--whole-archive)
/home/hcj/UEFIWorkspace/Build/MdeModule/DEBUG_GCC5/X64/MdePkg/Library/BaseMemoryLib/BaseMemoryLib/OUTPUT/BaseMemoryLib.lib(ScanMem16Wrapper.obj)
                              (--whole-archive)
/home/hcj/UEFIWorkspace/Build/MdeModule/DEBUG_GCC5/X64/MdePkg/Library/BaseMemoryLib/BaseMemoryLib/OUTPUT/BaseMemoryLib.lib(ScanMem8Wrapper.obj)
                              (--whole-archive)
/home/hcj/UEFIWorkspace/Build/MdeModule/DEBUG_GCC5/X64/MdePkg/Library/BaseMemoryLib/BaseMemoryLib/OUTPUT/BaseMemoryLib.lib(ZeroMemWrapper.obj)
                              (--whole-archive)
/home/hcj/UEFIWorkspace/Build/MdeModule/DEBUG_GCC5/X64/MdePkg/Library/BaseMemoryLib/BaseMemoryLib/OUTPUT/BaseMemoryLib.lib(CompareMemWrapper.obj)
                              (--whole-archive)
/home/hcj/UEFIWorkspace/Build/MdeModule/DEBUG_GCC5/X64/MdePkg/Library/BaseMemoryLib/BaseMemoryLib/OUTPUT/BaseMemoryLib.lib(SetMem64Wrapper.obj)
                              (--whole-archive)
/home/hcj/UEFIWorkspace/Build/MdeModule/DEBUG_GCC5/X64/MdePkg/Library/BaseMemoryLib/BaseMemoryLib/OUTPUT/BaseMemoryLib.lib(SetMem32Wrapper.obj)
                              (--whole-archive)
/home/hcj/UEFIWorkspace/Build/MdeModule/DEBUG_GCC5/X64/MdePkg/Library/BaseMemoryLib/BaseMemoryLib/OUTPUT/BaseMemoryLib.lib(SetMem16Wrapper.obj)
                              (--whole-archive)
/home/hcj/UEFIWorkspace/Build/MdeModule/DEBUG_GCC5/X64/MdePkg/Library/BaseMemoryLib/BaseMemoryLib/OUTPUT/BaseMemoryLib.lib(SetMemWrapper.obj)
                              (--whole-archive)
/home/hcj/UEFIWorkspace/Build/MdeModule/DEBUG_GCC5/X64/MdePkg/Library/BaseMemoryLib/BaseMemoryLib/OUTPUT/BaseMemoryLib.lib(CopyMemWrapper.obj)
                              (--whole-archive)
/home/hcj/UEFIWorkspace/Build/MdeModule/DEBUG_GCC5/X64/MdePkg/Library/BaseMemoryLib/BaseMemoryLib/OUTPUT/BaseMemoryLib.lib(IsZeroBufferWrapper.obj)
                              (--whole-archive)
/home/hcj/UEFIWorkspace/Build/MdeModule/DEBUG_GCC5/X64/MdePkg/Library/BaseMemoryLib/BaseMemoryLib/OUTPUT/BaseMemoryLib.lib(MemLibGeneric.obj)
                              (--whole-archive)
/home/hcj/UEFIWorkspace/Build/MdeModule/DEBUG_GCC5/X64/MdePkg/Library/BaseMemoryLib/BaseMemoryLib/OUTPUT/BaseMemoryLib.lib(MemLibGuid.obj)
                              (--whole-archive)
/home/hcj/UEFIWorkspace/Build/MdeModule/DEBUG_GCC5/X64/MdePkg/Library/BaseMemoryLib/BaseMemoryLib/OUTPUT/BaseMemoryLib.lib(CopyMem.obj)
                              (--whole-archive)
/home/hcj/UEFIWorkspace/Build/MdeModule/DEBUG_GCC5/X64/MdePkg/Library/BaseDebugLibNull/BaseDebugLibNull/OUTPUT/BaseDebugLibNull.lib(DebugLib.obj)
                              (--whole-archive)
/home/hcj/UEFIWorkspace/Build/MdeModule/DEBUG_GCC5/X64/MdePkg/Library/BaseLib/BaseLib/OUTPUT/BaseLib.lib(CheckSum.obj)
                              (--whole-archive)
/home/hcj/UEFIWorkspace/Build/MdeModule/DEBUG_GCC5/X64/MdePkg/Library/BaseLib/BaseLib/OUTPUT/BaseLib.lib(SwitchStack.obj)
                              (--whole-archive)
[...]
Memory Configuration

Name             Origin             Length             Attributes
*default*        0x0000000000000000 0xffffffffffffffff

Linker script and memory map

LOAD /tmp/ccUBM7tT.ltrans0.ltrans.o
LOAD /tmp/ccUBM7tT.ltrans1.ltrans.o
LOAD /tmp/ccUBM7tT.ltrans2.ltrans.o
LOAD /tmp/ccUBM7tT.ltrans3.ltrans.o
LOAD /tmp/ccUBM7tT.ltrans4.ltrans.o
LOAD /tmp/ccUBM7tT.ltrans5.ltrans.o
LOAD /tmp/ccUBM7tT.ltrans6.ltrans.o
LOAD /tmp/ccUBM7tT.ltrans7.ltrans.o
LOAD /tmp/ccUBM7tT.ltrans8.ltrans.o
LOAD /tmp/ccUBM7tT.ltrans9.ltrans.o
LOAD /tmp/ccUBM7tT.ltrans10.ltrans.o
LOAD /tmp/ccUBM7tT.ltrans11.ltrans.o
LOAD /tmp/ccUBM7tT.ltrans12.ltrans.o
LOAD /tmp/ccUBM7tT.ltrans13.ltrans.o
START GROUP
LOAD /home/hcj/UEFIWorkspace/Build/MdeModule/DEBUG_GCC5/X64/MdeModulePkg/Universal/PlatformDriOverrideDxe/PlatformDriOverrideDxe/OUTPUT/PlatDriOverrideDxe.lib
LOAD /home/hcj/UEFIWorkspace/Build/MdeModule/DEBUG_GCC5/X64/MdePkg/Library/RegisterFilterLibNull/RegisterFilterLibNull/OUTPUT/FilterLibNull.lib
LOAD /home/hcj/UEFIWorkspace/Build/MdeModule/DEBUG_GCC5/X64/MdePkg/Library/BasePcdLibNull/BasePcdLibNull/OUTPUT/BasePcdLibNull.lib
LOAD /home/hcj/UEFIWorkspace/Build/MdeModule/DEBUG_GCC5/X64/MdePkg/Library/BaseMemoryLib/BaseMemoryLib/OUTPUT/BaseMemoryLib.lib
LOAD /home/hcj/UEFIWorkspace/Build/MdeModule/DEBUG_GCC5/X64/MdePkg/Library/BaseDebugLibNull/BaseDebugLibNull/OUTPUT/BaseDebugLibNull.lib
LOAD /home/hcj/UEFIWorkspace/Build/MdeModule/DEBUG_GCC5/X64/MdePkg/Library/BaseLib/BaseLib/OUTPUT/BaseLib.lib
LOAD /home/hcj/UEFIWorkspace/Build/MdeModule/DEBUG_GCC5/X64/MdePkg/Library/UefiBootServicesTableLib/UefiBootServicesTableLib/OUTPUT/UefiBootServicesTableLib.lib
LOAD /home/hcj/UEFIWorkspace/Build/MdeModule/DEBUG_GCC5/X64/MdePkg/Library/BasePrintLib/BasePrintLib/OUTPUT/BasePrintLib.lib
LOAD /home/hcj/UEFIWorkspace/Build/MdeModule/DEBUG_GCC5/X64/MdePkg/Library/UefiMemoryAllocationLib/UefiMemoryAllocationLib/OUTPUT/UefiMemoryAllocationLib.lib
LOAD /home/hcj/UEFIWorkspace/Build/MdeModule/DEBUG_GCC5/X64/MdePkg/Library/UefiRuntimeServicesTableLib/UefiRuntimeServicesTableLib/OUTPUT/UefiRuntimeServicesTableLib.lib
LOAD /home/hcj/UEFIWorkspace/Build/MdeModule/DEBUG_GCC5/X64/MdePkg/Library/UefiDevicePathLib/UefiDevicePathLib/OUTPUT/UefiDevicePathLib.lib
LOAD /home/hcj/UEFIWorkspace/Build/MdeModule/DEBUG_GCC5/X64/MdeModulePkg/Library/UefiHiiServicesLib/UefiHiiServicesLib/OUTPUT/UefiHiiServicesLib.lib
LOAD /home/hcj/UEFIWorkspace/Build/MdeModule/DEBUG_GCC5/X64/MdePkg/Library/UefiLib/UefiLib/OUTPUT/UefiLib.lib
LOAD /home/hcj/UEFIWorkspace/Build/MdeModule/DEBUG_GCC5/X64/MdePkg/Library/UefiDriverEntryPoint/UefiDriverEntryPoint/OUTPUT/UefiDriverEntryPoint.lib
LOAD /home/hcj/UEFIWorkspace/Build/MdeModule/DEBUG_GCC5/X64/MdeModulePkg/Library/UefiHiiLib/UefiHiiLib/OUTPUT/UefiHiiLib.lib
LOAD /home/hcj/UEFIWorkspace/Build/MdeModule/DEBUG_GCC5/X64/MdePkg/Library/DxeServicesTableLib/DxeServicesTableLib/OUTPUT/DxeServicesTableLib.lib
END GROUP
                0x0000000000000228                PECOFF_HEADER_SIZE = 0x228
                0x0000000000000228                . = PECOFF_HEADER_SIZE

.text           0x0000000000000240     0xa0d4
 *(.text .text.* .stub .gnu.linkonce.t.*)
 .text.PlatOverMngrExtractConfig
                0x0000000000000240      0x169 /tmp/ccUBM7tT.ltrans0.ltrans.o
                0x0000000000000240                PlatOverMngrExtractConfig
 .text.CommitChanges
                0x00000000000003a9      0x3bc /tmp/ccUBM7tT.ltrans0.ltrans.o
                0x00000000000003a9                CommitChanges
 .text.UpdatePrioritySelectPage
                0x0000000000000765      0x3df /tmp/ccUBM7tT.ltrans0.ltrans.o
                0x0000000000000765                UpdatePrioritySelectPage
 .text.UpdateDeviceSelectPage
                0x0000000000000b44      0x498 /tmp/ccUBM7tT.ltrans0.ltrans.o
                0x0000000000000b44                UpdateDeviceSelectPage
 .text.GetComponentNameWorker
                0x0000000000000fdc       0xdb /tmp/ccUBM7tT.ltrans0.ltrans.o
                0x0000000000000fdc                GetComponentNameWorker
 .text.GetDriver
                0x00000000000010b7      0xc83 /tmp/ccUBM7tT.ltrans1.ltrans.o
                0x00000000000010b7                GetDriver
 .text.DevPathRelativeOffsetRange
                0x0000000000001d3a       0x20 /tmp/ccUBM7tT.ltrans2.ltrans.o
                0x0000000000001d3a                DevPathRelativeOffsetRange
 .text.DevPathToTextFvFile
                0x0000000000001d5a       0x1c /tmp/ccUBM7tT.ltrans2.ltrans.o
                0x0000000000001d5a                DevPathToTextFvFile
 .text.DevPathToTextFv
                0x0000000000001d76       0x1c /tmp/ccUBM7tT.ltrans2.ltrans.o
                0x0000000000001d76                DevPathToTextFv
 .text.DevPathToTextMediaProtocol
                0x0000000000001d92       0x1c /tmp/ccUBM7tT.ltrans2.ltrans.o
                0x0000000000001d92                DevPathToTextMediaProtocol
 .text.DevPathToTextFilePath
                0x0000000000001dae       0x1c /tmp/ccUBM7tT.ltrans2.ltrans.o
                0x0000000000001dae                DevPathToTextFilePath
 .text.DevPathToTextCDROM
                0x0000000000001dca       0x40 /tmp/ccUBM7tT.ltrans2.ltrans.o
                0x0000000000001dca                DevPathToTextCDROM
 .text.DevPathToTextHardDrive
                0x0000000000001e0a       0x96 /tmp/ccUBM7tT.ltrans2.ltrans.o
                0x0000000000001e0a                DevPathToTextHardDrive
 .text.DevPathToTextBluetoothLE
                0x0000000000001ea0       0x3f /tmp/ccUBM7tT.ltrans2.ltrans.o
                0x0000000000001ea0                DevPathToTextBluetoothLE
 .text.DevPathToTextBluetooth
                0x0000000000001edf       0x37 /tmp/ccUBM7tT.ltrans2.ltrans.o
                0x0000000000001edf                DevPathToTextBluetooth
 .text.DevPathToTextVlan
                0x0000000000001f16       0x1d /tmp/ccUBM7tT.ltrans2.ltrans.o
                0x0000000000001f16                DevPathToTextVlan
 .text.DevPathToTextiSCSI
                0x0000000000001f33      0x124 /tmp/ccUBM7tT.ltrans2.ltrans.o
                0x0000000000001f33                DevPathToTextiSCSI
 .text.DevPathToTextUart
                0x0000000000002057      0x107 /tmp/ccUBM7tT.ltrans2.ltrans.o
                0x0000000000002057                DevPathToTextUart
 .text.DevPathToTextInfiniBand
                0x000000000000215e       0x2d /tmp/ccUBM7tT.ltrans2.ltrans.o
                0x000000000000215e                DevPathToTextInfiniBand
 .text.CatIPv6Address
                0x000000000000218b       0x6b /tmp/ccUBM7tT.ltrans2.ltrans.o
 .text.CatIPv4Address
                0x00000000000021f6       0x2c /tmp/ccUBM7tT.ltrans2.ltrans.o
 .text.CatNetworkProtocol
                0x0000000000002222       0x49 /tmp/ccUBM7tT.ltrans2.ltrans.o
 .text.DevPathToTextMacAddr
                0x000000000000226b       0x80 /tmp/ccUBM7tT.ltrans2.ltrans.o
                0x000000000000226b                DevPathToTextMacAddr
 .text.DevPathToTextI2O
                0x00000000000022eb       0x1c /tmp/ccUBM7tT.ltrans2.ltrans.o
                0x00000000000022eb                DevPathToTextI2O
 .text.DevPathToTextSata
                0x0000000000002307       0x2b /tmp/ccUBM7tT.ltrans2.ltrans.o
                0x0000000000002307                DevPathToTextSata
 .text.DevPathToTextUsbClass
                0x0000000000002332      0x1ad /tmp/ccUBM7tT.ltrans2.ltrans.o
                0x0000000000002332                DevPathToTextUsbClass
 .text.DevPathToTextLogicalUnit
                0x00000000000024df       0x1d /tmp/ccUBM7tT.ltrans2.ltrans.o
                0x00000000000024df                DevPathToTextLogicalUnit
 .text.DevPathToTextUsb
                0x00000000000024fc       0x22 /tmp/ccUBM7tT.ltrans2.ltrans.o
                0x00000000000024fc                DevPathToTextUsb
 .text.DevPathToText1394
                0x000000000000251e       0x1c /tmp/ccUBM7tT.ltrans2.ltrans.o
                0x000000000000251e                DevPathToText1394
 .text.DevPathToTextEmmc
                0x000000000000253a       0x1d /tmp/ccUBM7tT.ltrans2.ltrans.o
                0x000000000000253a                DevPathToTextEmmc
 .text.DevPathToTextSd
                0x0000000000002557       0x1d /tmp/ccUBM7tT.ltrans2.ltrans.o
                0x0000000000002557                DevPathToTextSd
 .text.DevPathToTextUfs
                0x0000000000002574       0x22 /tmp/ccUBM7tT.ltrans2.ltrans.o
                0x0000000000002574                DevPathToTextUfs
 .text.DevPathToTextNVMe
                0x0000000000002596       0x48 /tmp/ccUBM7tT.ltrans2.ltrans.o
                0x0000000000002596                DevPathToTextNVMe
 .text.DevPathToTextRamDisk
                0x00000000000025de      0x122 /tmp/ccUBM7tT.ltrans2.ltrans.o
                0x00000000000025de                DevPathToTextRamDisk
 .text.DevPathToTextWiFi
                0x0000000000002700       0x42 /tmp/ccUBM7tT.ltrans2.ltrans.o
                0x0000000000002700                DevPathToTextWiFi
 .text.DevPathToTextDns
                0x0000000000002742       0xa5 /tmp/ccUBM7tT.ltrans2.ltrans.o
                0x0000000000002742                DevPathToTextDns
 .text.DevPathToTextIPv6
                0x00000000000027e7      0x103 /tmp/ccUBM7tT.ltrans2.ltrans.o
                0x00000000000027e7                DevPathToTextIPv6
 .text.DevPathToTextIPv4
                0x00000000000028ea      0x112 /tmp/ccUBM7tT.ltrans2.ltrans.o
                0x00000000000028ea                DevPathToTextIPv4
 .text.DevPathToTextUri
                0x00000000000029fc       0x74 /tmp/ccUBM7tT.ltrans2.ltrans.o
                0x00000000000029fc                DevPathToTextUri
 .text.DevPathToTextUsbWWID
                0x0000000000002a70       0x85 /tmp/ccUBM7tT.ltrans2.ltrans.o
                0x0000000000002a70                DevPathToTextUsbWWID
 .text.AsciiStrLen
                0x0000000000002af5        0xe /tmp/ccUBM7tT.ltrans3.ltrans.o
                0x0000000000002af5                AsciiStrLen
 .text.AsciiStrnCmp.part.4.lto_priv.56
                0x0000000000002b03       0x47 /tmp/ccUBM7tT.ltrans3.ltrans.o
                0x0000000000002b03                AsciiStrnCmp.part.4.lto_priv.56
 .text.StrLen   0x0000000000002b4a        0xf /tmp/ccUBM7tT.ltrans3.ltrans.o
                0x0000000000002b4a                StrLen
 .text.StrSize  0x0000000000002b59       0x13 /tmp/ccUBM7tT.ltrans3.ltrans.o
                0x0000000000002b59                StrSize
 .text.StrStr   0x0000000000002b6c       0x44 /tmp/ccUBM7tT.ltrans3.ltrans.o
                0x0000000000002b6c                StrStr
 .text.AsciiStrnLenS
                0x0000000000002bb0       0x26 /tmp/ccUBM7tT.ltrans3.ltrans.o
                0x0000000000002bb0                AsciiStrnLenS
 .text.StrnLenS
                0x0000000000002bd6       0x27 /tmp/ccUBM7tT.ltrans3.ltrans.o
                0x0000000000002bd6                StrnLenS
 .text.InternalSafeStringNoStrOverlap
                0x0000000000002bfd       0x29 /tmp/ccUBM7tT.ltrans3.ltrans.o
                0x0000000000002bfd                InternalSafeStringNoStrOverlap
 .text.StrCatS  0x0000000000002c26      0x14c /tmp/ccUBM7tT.ltrans3.ltrans.o
                0x0000000000002c26                StrCatS
 .text.IsNull   0x0000000000002d72        0x7 /tmp/ccUBM7tT.ltrans3.ltrans.o
                0x0000000000002d72                IsNull
 .text.IsListEmpty
                0x0000000000002d79        0x7 /tmp/ccUBM7tT.ltrans3.ltrans.o
                0x0000000000002d79                IsListEmpty
 .text.RemoveEntryList
                0x0000000000002d80       0x19 /tmp/ccUBM7tT.ltrans3.ltrans.o
                0x0000000000002d80                RemoveEntryList
 .text.GetNextNode
                0x0000000000002d99        0x4 /tmp/ccUBM7tT.ltrans3.ltrans.o
                0x0000000000002d99                GetNextNode
 .text.GetFirstNode
                0x0000000000002d9d        0x4 /tmp/ccUBM7tT.ltrans3.ltrans.o
                0x0000000000002d9d                GetFirstNode
 .text.InsertTailList
                0x0000000000002da1       0x16 /tmp/ccUBM7tT.ltrans3.ltrans.o
                0x0000000000002da1                InsertTailList
 .text.CompareGuid
                0x0000000000002db7       0x4d /tmp/ccUBM7tT.ltrans3.ltrans.o
                0x0000000000002db7                CompareGuid
 .text.CopyGuid
                0x0000000000002e04       0x2e /tmp/ccUBM7tT.ltrans3.ltrans.o
                0x0000000000002e04                CopyGuid
 .text.CopyMem  0x0000000000002e32      0x201 /tmp/ccUBM7tT.ltrans3.ltrans.o
                0x0000000000002e32                CopyMem
 .text.UnicodeVSPrint
                0x0000000000003033       0xaa /tmp/ccUBM7tT.ltrans4.ltrans.o
 .text.DevicePathFromHandle
                0x00000000000030dd       0x35 /tmp/ccUBM7tT.ltrans4.ltrans.o
                0x00000000000030dd                DevicePathFromHandle
 .text.SetDevicePathEndNode
                0x0000000000003112       0x12 /tmp/ccUBM7tT.ltrans4.ltrans.o
                0x0000000000003112                SetDevicePathEndNode
 .text.DevicePathNodeLength
                0x0000000000003124        0x5 /tmp/ccUBM7tT.ltrans4.ltrans.o
                0x0000000000003124                DevicePathNodeLength
 .text.NextDevicePathNode
                0x0000000000003129       0x11 /tmp/ccUBM7tT.ltrans4.ltrans.o
                0x0000000000003129                NextDevicePathNode
 .text.DevicePathSubType
                0x000000000000313a        0x4 /tmp/ccUBM7tT.ltrans4.ltrans.o
                0x000000000000313a                DevicePathSubType
 .text.DevicePathType
                0x000000000000313e        0x3 /tmp/ccUBM7tT.ltrans4.ltrans.o
                0x000000000000313e                DevicePathType
 .text.IsDevicePathEndType
                0x0000000000003141       0x13 /tmp/ccUBM7tT.ltrans4.ltrans.o
                0x0000000000003141                IsDevicePathEndType
 .text.IsDevicePathEnd
                0x0000000000003154       0x22 /tmp/ccUBM7tT.ltrans4.ltrans.o
                0x0000000000003154                IsDevicePathEnd
 .text.UefiDevicePathLibGetDevicePathSize
                0x0000000000003176       0x4f /tmp/ccUBM7tT.ltrans4.ltrans.o
                0x0000000000003176                UefiDevicePathLibGetDevicePathSize
 .text.UefiDevicePathLibDuplicateDevicePath
                0x00000000000031c5       0xb6 /tmp/ccUBM7tT.ltrans4.ltrans.o
                0x00000000000031c5                UefiDevicePathLibDuplicateDevicePath
 .text.FreePool
                0x000000000000327b        0xa /tmp/ccUBM7tT.ltrans4.ltrans.o
                0x000000000000327b                FreePool
 .text.ReallocatePool
                0x0000000000003285       0xe9 /tmp/ccUBM7tT.ltrans4.ltrans.o
                0x0000000000003285                ReallocatePool
 .text.UefiDevicePathLibCatPrint
                0x000000000000336e      0x13b /tmp/ccUBM7tT.ltrans4.ltrans.o
                0x000000000000336e                UefiDevicePathLibCatPrint
 .text.DevPathToTextSasEx
                0x00000000000034a9      0x1a0 /tmp/ccUBM7tT.ltrans4.ltrans.o
                0x00000000000034a9                DevPathToTextSasEx
 .text.DevPathToTextFibreEx
                0x0000000000003649       0xa4 /tmp/ccUBM7tT.ltrans4.ltrans.o
                0x0000000000003649                DevPathToTextFibreEx
 .text.DevPathToTextFibre
                0x00000000000036ed       0x20 /tmp/ccUBM7tT.ltrans4.ltrans.o
                0x00000000000036ed                DevPathToTextFibre
 .text.DevPathToTextScsi
                0x000000000000370d       0x22 /tmp/ccUBM7tT.ltrans4.ltrans.o
                0x000000000000370d                DevPathToTextScsi
 .text.DevPathToTextAtapi
                0x000000000000372f       0x6b /tmp/ccUBM7tT.ltrans4.ltrans.o
                0x000000000000372f                DevPathToTextAtapi
 .text.DevPathToTextAcpiAdr
                0x000000000000379a       0x87 /tmp/ccUBM7tT.ltrans4.ltrans.o
                0x000000000000379a                DevPathToTextAcpiAdr
 .text.DevPathToTextAcpi
                0x0000000000003821       0xc6 /tmp/ccUBM7tT.ltrans4.ltrans.o
                0x0000000000003821                DevPathToTextAcpi
 .text.DevPathToTextController
                0x00000000000038e7       0x1c /tmp/ccUBM7tT.ltrans4.ltrans.o
                0x00000000000038e7                DevPathToTextController
 .text.DevPathToTextVendor
                0x0000000000003903      0x36a /tmp/ccUBM7tT.ltrans4.ltrans.o
                0x0000000000003903                DevPathToTextVendor
 .text.DevPathToTextMemMap
                0x0000000000003c6d       0x27 /tmp/ccUBM7tT.ltrans4.ltrans.o
                0x0000000000003c6d                DevPathToTextMemMap
 .text.DevPathToTextPccard
                0x0000000000003c94       0x1d /tmp/ccUBM7tT.ltrans4.ltrans.o
                0x0000000000003c94                DevPathToTextPccard
 .text.DevPathToTextPci
                0x0000000000003cb1       0x22 /tmp/ccUBM7tT.ltrans4.ltrans.o
                0x0000000000003cb1                DevPathToTextPci
 .text.AllocateZeroPool
                0x0000000000003cd3       0x99 /tmp/ccUBM7tT.ltrans4.ltrans.o
                0x0000000000003cd3                AllocateZeroPool
 .text.UnicodeSPrint
                0x0000000000003d6c       0x1d /tmp/ccUBM7tT.ltrans4.ltrans.o
                0x0000000000003d6c                UnicodeSPrint
 .text.DevPathToTextAcpiEx
                0x0000000000003d89      0x2ba /tmp/ccUBM7tT.ltrans4.ltrans.o
                0x0000000000003d89                DevPathToTextAcpiEx
 .text.BasePrintLibValueToString
                0x0000000000004043       0x25 /tmp/ccUBM7tT.ltrans4.ltrans.o
                0x0000000000004043                BasePrintLibValueToString
 .text.BasePrintLibFillBuffer
                0x0000000000004068       0x2e /tmp/ccUBM7tT.ltrans4.ltrans.o
                0x0000000000004068                BasePrintLibFillBuffer
 .text.ReadUnaligned64
                0x0000000000004096        0x4 /tmp/ccUBM7tT.ltrans4.ltrans.o
                0x0000000000004096                ReadUnaligned64
 .text.DevPathToTextBmc
                0x000000000000409a       0x29 /tmp/ccUBM7tT.ltrans4.ltrans.o
                0x000000000000409a                DevPathToTextBmc
 .text.PlatOverMngrCallback
                0x00000000000040c3      0xb61 /tmp/ccUBM7tT.ltrans5.ltrans.o
                0x00000000000040c3                PlatOverMngrCallback
 .text.PlatOverMngrRouteConfig
                0x0000000000004c24      0x14f /tmp/ccUBM7tT.ltrans5.ltrans.o
                0x0000000000004c24                PlatOverMngrRouteConfig
 .text.BasePrintLibSPrintMarker.constprop.42
                0x0000000000004d73      0xf08 /tmp/ccUBM7tT.ltrans6.ltrans.o
                0x0000000000004d73                BasePrintLibSPrintMarker.constprop.42
 .text.HiiIsConfigHdrMatch.constprop.41
                0x0000000000005c7b       0x76 /tmp/ccUBM7tT.ltrans6.ltrans.o
                0x0000000000005c7b                HiiIsConfigHdrMatch.constprop.41
 .text.InternalAllocateCopyPool.constprop.40
                0x0000000000005cf1       0x35 /tmp/ccUBM7tT.ltrans6.ltrans.o
                0x0000000000005cf1                InternalAllocateCopyPool.constprop.40
 .text.GetBindingProtocolFromImageHandle.constprop.37
                0x0000000000005d26      0x107 /tmp/ccUBM7tT.ltrans6.ltrans.o
                0x0000000000005d26                GetBindingProtocolFromImageHandle.constprop.37
 .text.GetVariableAndSize.constprop.33
                0x0000000000005e2d       0xa3 /tmp/ccUBM7tT.ltrans6.ltrans.o
                0x0000000000005e2d                GetVariableAndSize.constprop.33
 .text.FreeMappingDatabase.part.0.constprop.32
                0x0000000000005ed0       0xe5 /tmp/ccUBM7tT.ltrans6.ltrans.o
                0x0000000000005ed0                FreeMappingDatabase.part.0.constprop.32
 .text._DriverUnloadHandler
                0x0000000000005fb5        0x5 /tmp/ccUBM7tT.ltrans7.ltrans.o
 .text.DevPathToTextNodeGeneric
                0x0000000000005fba      0x117 /tmp/ccUBM7tT.ltrans7.ltrans.o
 .text.DevPathToTextEndInstance
                0x00000000000060d1       0x18 /tmp/ccUBM7tT.ltrans7.ltrans.o
 .text.DevPathToTextBBS
                0x00000000000060e9       0xce /tmp/ccUBM7tT.ltrans7.ltrans.o
 .text._ModuleEntryPoint
                0x00000000000061b7      0x315 /tmp/ccUBM7tT.ltrans7.ltrans.o
                0x00000000000061b7                _ModuleEntryPoint
 .text.GetBestLanguage
                0x00000000000064cc      0x113 /tmp/ccUBM7tT.ltrans7.ltrans.o
                0x00000000000064cc                GetBestLanguage
 .text.UefiLibGetStringWidth
                0x00000000000065df       0x71 /tmp/ccUBM7tT.ltrans7.ltrans.o
                0x00000000000065df                UefiLibGetStringWidth
 .text.EfiGetNameGuidFromFwVolDevicePathNode
                0x0000000000006650       0x30 /tmp/ccUBM7tT.ltrans7.ltrans.o
                0x0000000000006650                EfiGetNameGuidFromFwVolDevicePathNode
 .text.UefiDevicePathLibConvertDevicePathToText
                0x0000000000006680      0x1ba /tmp/ccUBM7tT.ltrans7.ltrans.o
                0x0000000000006680                UefiDevicePathLibConvertDevicePathToText
 .text.CreatePopUp.constprop.4
                0x000000000000683a      0x4fa /tmp/ccUBM7tT.ltrans8.ltrans.o
                0x000000000000683a                CreatePopUp.constprop.4
 .text.HiiAddPackages.constprop.1
                0x0000000000006d34       0xf5 /tmp/ccUBM7tT.ltrans8.ltrans.o
                0x0000000000006d34                HiiAddPackages.constprop.1
 .text.HiiGetSupportedLanguages
                0x0000000000006e29       0x81 /tmp/ccUBM7tT.ltrans8.ltrans.o
                0x0000000000006e29                HiiGetSupportedLanguages
 .text.InternalHiiGrowOpCodeHandle
                0x0000000000006eaa       0x57 /tmp/ccUBM7tT.ltrans8.ltrans.o
                0x0000000000006eaa                InternalHiiGrowOpCodeHandle
 .text.InternalHiiCreateOpCodeExtended
                0x0000000000006f01       0x46 /tmp/ccUBM7tT.ltrans8.ltrans.o
                0x0000000000006f01                InternalHiiCreateOpCodeExtended
 .text.HiiFreeOpCodeHandle
                0x0000000000006f47       0x22 /tmp/ccUBM7tT.ltrans8.ltrans.o
                0x0000000000006f47                HiiFreeOpCodeHandle
 .text.HiiAllocateOpCodeHandle
                0x0000000000006f69       0xe4 /tmp/ccUBM7tT.ltrans8.ltrans.o
                0x0000000000006f69                HiiAllocateOpCodeHandle
 .text.InternalHiiCompareSubString
                0x000000000000704d       0xd2 /tmp/ccUBM7tT.ltrans8.ltrans.o
                0x000000000000704d                InternalHiiCompareSubString
 .text.InitOverridesMapping.part.1.constprop.30
                0x000000000000711f      0x266 /tmp/ccUBM7tT.ltrans9.ltrans.o
                0x000000000000711f                InitOverridesMapping.part.1.constprop.30
 .text.GetVariable2.constprop.26
                0x0000000000007385      0x15c /tmp/ccUBM7tT.ltrans9.ltrans.o
                0x0000000000007385                GetVariable2.constprop.26
 .text.HiiUpdateForm.constprop.23
                0x00000000000074e1      0x58e /tmp/ccUBM7tT.ltrans9.ltrans.o
                0x00000000000074e1                HiiUpdateForm.constprop.23
 .text.HiiSetString.constprop.21
                0x0000000000007a6f      0x11f /tmp/ccUBM7tT.ltrans9.ltrans.o
                0x0000000000007a6f                HiiSetString.constprop.21
 .text.CheckMapping.part.4.constprop.20
                0x0000000000007b8e      0x110 /tmp/ccUBM7tT.ltrans9.ltrans.o
                0x0000000000007b8e                CheckMapping.part.4.constprop.20
 .text.HiiGetStringEx.constprop.18
                0x0000000000007c9e      0x155 /tmp/ccUBM7tT.ltrans10.ltrans.o
                0x0000000000007c9e                HiiGetStringEx.constprop.18
 .text.HiiCreateGuidOpCode.constprop.16
                0x0000000000007df3       0x5a /tmp/ccUBM7tT.ltrans10.ltrans.o
                0x0000000000007df3                HiiCreateGuidOpCode.constprop.16
 .text.SaveOverridesMapping.constprop.11
                0x0000000000007e4d      0x2c5 /tmp/ccUBM7tT.ltrans10.ltrans.o
                0x0000000000007e4d                SaveOverridesMapping.constprop.11
 .text.InternalHiiBrowserCallback.constprop.6
                0x0000000000008112      0x114 /tmp/ccUBM7tT.ltrans10.ltrans.o
                0x0000000000008112                InternalHiiBrowserCallback.constprop.6
 .text.HiiGetBrowserData.constprop.5
                0x0000000000008226       0xce /tmp/ccUBM7tT.ltrans10.ltrans.o
                0x0000000000008226                HiiGetBrowserData.constprop.5
 .text.DriverLoaded
                0x00000000000082f4        0xb /tmp/ccUBM7tT.ltrans11.ltrans.o
                0x00000000000082f4                DriverLoaded
 .text.GetDriverPath
                0x00000000000082ff        0xb /tmp/ccUBM7tT.ltrans11.ltrans.o
                0x00000000000082ff                GetDriverPath
 .text.SetMem16.part.0.lto_priv.57
                0x000000000000830a       0x17 /tmp/ccUBM7tT.ltrans11.ltrans.o
                0x000000000000830a                SetMem16.part.0.lto_priv.57
 .text.CompareMem
                0x0000000000008321       0x31 /tmp/ccUBM7tT.ltrans11.ltrans.o
                0x0000000000008321                CompareMem
 .text.ZeroMem.part.0.lto_priv.55
                0x0000000000008352       0x91 /tmp/ccUBM7tT.ltrans11.ltrans.o
                0x0000000000008352                ZeroMem.part.0.lto_priv.55
 .text.DeleteOverridesVariables
                0x00000000000083e3      0x10b /tmp/ccUBM7tT.ltrans11.ltrans.o
                0x00000000000083e3                DeleteOverridesVariables
 .text.DevicePathToStr.part.2.lto_priv.58
                0x00000000000084ee       0x11 /tmp/ccUBM7tT.ltrans11.ltrans.o
                0x00000000000084ee                DevicePathToStr.part.2.lto_priv.58
 .text.PlatDriOverrideDxeUnload
                0x00000000000084ff       0xc5 /tmp/ccUBM7tT.ltrans11.ltrans.o
                0x00000000000084ff                PlatDriOverrideDxeUnload
 .text.HiiConstructConfigHdr.constprop.44
                0x00000000000085c4      0x30a /tmp/ccUBM7tT.ltrans12.ltrans.o
                0x00000000000085c4                HiiConstructConfigHdr.constprop.44
 .text.BasePrintLibSPrint.constprop.43
                0x00000000000088ce       0xb8 /tmp/ccUBM7tT.ltrans12.ltrans.o
                0x00000000000088ce                BasePrintLibSPrint.constprop.43
 .text.UnicodeValueToStringS.constprop.53
                0x0000000000008986      0x1ed /tmp/ccUBM7tT.ltrans13.ltrans.o
                0x0000000000008986                UnicodeValueToStringS.constprop.53
 .text.InternalAllocatePool.constprop.48
                0x0000000000008b73       0x37 /tmp/ccUBM7tT.ltrans13.ltrans.o
                0x0000000000008b73                InternalAllocatePool.constprop.48
 .text.InternalAllocateZeroPool.constprop.47
                0x0000000000008baa       0x28 /tmp/ccUBM7tT.ltrans13.ltrans.o
                0x0000000000008baa                InternalAllocateZeroPool.constprop.47
 .text.IsDevicePathValid.part.0.constprop.46
                0x0000000000008bd2       0x87 /tmp/ccUBM7tT.ltrans13.ltrans.o
                0x0000000000008bd2                IsDevicePathValid.part.0.constprop.46
 *(.rodata .rodata.* .gnu.linkonce.r.*)
 *fill*         0x0000000000008c59        0x1 
 .rodata.str2.2
                0x0000000000008c5a       0x4c /tmp/ccUBM7tT.ltrans0.ltrans.o
 .rodata.str2.2
                0x0000000000008ca6      0x8f8 /tmp/ccUBM7tT.ltrans2.ltrans.o
                                        0x9ee (size before relaxing)
 .rodata.CSWTCH.43
                0x000000000000959e        0x6 /tmp/ccUBM7tT.ltrans2.ltrans.o
 .rodata.str2.2
                0x00000000000095a4      0x596 /tmp/ccUBM7tT.ltrans4.ltrans.o
                                        0x60c (size before relaxing)
 *fill*         0x0000000000009b3a        0x6 
 .rodata.mHexStr
                0x0000000000009b40       0x10 /tmp/ccUBM7tT.ltrans4.ltrans.o
 .rodata.mUefiDevicePathLibEndDevicePath
                0x0000000000009b50        0x4 /tmp/ccUBM7tT.ltrans4.ltrans.o
                0x0000000000009b50                mUefiDevicePathLibEndDevicePath
 .rodata.str2.2
                0x0000000000009b54      0x1c2 /tmp/ccUBM7tT.ltrans5.ltrans.o
                                        0x1fe (size before relaxing)
 .rodata.str1.1
                0x0000000000009d16       0x7b /tmp/ccUBM7tT.ltrans6.ltrans.o
 *fill*         0x0000000000009d91        0x1 
 .rodata.str2.2
                0x0000000000009d92       0x28 /tmp/ccUBM7tT.ltrans6.ltrans.o
 *fill*         0x0000000000009dba        0x6 
 .rodata.mWarningString
                0x0000000000009dc0       0x96 /tmp/ccUBM7tT.ltrans6.ltrans.o
 *fill*         0x0000000000009e56        0xa 
 .rodata.mErrorString
                0x0000000000009e60      0x2b5 /tmp/ccUBM7tT.ltrans6.ltrans.o
 *fill*         0x000000000000a115        0x1 
 .rodata.str2.2
                0x000000000000a116       0xe8 /tmp/ccUBM7tT.ltrans7.ltrans.o
                                        0x110 (size before relaxing)
 *fill*         0x000000000000a1fe        0x2 
 .rodata.DevPathToTextBBS
                0x000000000000a200       0x18 /tmp/ccUBM7tT.ltrans7.ltrans.o
 .rodata.str2.2
                0x000000000000a218        0x8 /tmp/ccUBM7tT.ltrans8.ltrans.o
 .rodata.mEndOfPakageList
                0x000000000000a220        0x4 /tmp/ccUBM7tT.ltrans8.ltrans.o
 .rodata.str2.2
                0x000000000000a224       0x34 /tmp/ccUBM7tT.ltrans9.ltrans.o
 .rodata.str1.1
                0x000000000000a258        0x7 /tmp/ccUBM7tT.ltrans9.ltrans.o
 .rodata.str1.1
                0x000000000000a25f        0x7 /tmp/ccUBM7tT.ltrans10.ltrans.o
                                          0x1 (size before relaxing)
 *fill*         0x000000000000a25f        0x1 
 .rodata.str2.2
                0x000000000000a260       0x26 /tmp/ccUBM7tT.ltrans10.ltrans.o
                                         0x74 (size before relaxing)
 *fill*         0x000000000000a286       0x1a 
 .rodata.mConfigHdrTemplate
                0x000000000000a2a0       0x70 /tmp/ccUBM7tT.ltrans10.ltrans.o
                0x000000000000a2a0                mConfigHdrTemplate
 .rodata.str2.2
                0x000000000000a310       0x38 /tmp/ccUBM7tT.ltrans11.ltrans.o
 .rodata.str2.2
                0x000000000000a310       0x28 /tmp/ccUBM7tT.ltrans12.ltrans.o
 .rodata._gPcd_FixedAtBuild_PcdMaximumUnicodeStringLength
                0x000000000000a310        0x4 /tmp/ccUBM7tT.ltrans13.ltrans.o
                0x000000000000a310                _gPcd_FixedAtBuild_PcdMaximumLinkedListLength
                0x000000000000a310                _gPcd_FixedAtBuild_PcdMaximumAsciiStringLength
                0x000000000000a310                _gPcd_FixedAtBuild_PcdMaximumUnicodeStringLength
 *(.got .got.*)
 .got           0x000000000000a314        0x0 Vfr.obj (symbol from plugin)
 .got.plt       0x000000000000a314        0x0 Vfr.obj (symbol from plugin)
 *:AutoGen.obj(.data.g*Guid)

.plt            0x000000000000a320        0x0
 .plt           0x000000000000a320        0x0 Vfr.obj (symbol from plugin)

.plt.got        0x000000000000a318        0x0
 .plt.got       0x000000000000a318        0x0 Vfr.obj (symbol from plugin)

.data           0x000000000000a340     0x16f0
 *(.data .data.* .gnu.linkonce.d.*)
 .data.gEfiPciIoProtocolGuid
                0x000000000000a340       0x10 /tmp/ccUBM7tT.ltrans0.ltrans.o
 .data.gEfiFirmwareVolume2ProtocolGuid
                0x000000000000a350       0x10 /tmp/ccUBM7tT.ltrans1.ltrans.o
                0x000000000000a350                gEfiFirmwareVolume2ProtocolGuid
 .data.rel.local.mDevicePathStack
                0x000000000000a360       0x10 /tmp/ccUBM7tT.ltrans1.ltrans.o
 .data.gEfiBusSpecificDriverOverrideProtocolGuid
                0x000000000000a370       0x10 /tmp/ccUBM7tT.ltrans1.ltrans.o
                0x000000000000a370                gEfiBusSpecificDriverOverrideProtocolGuid
 .data.gEfiLoadedImageDevicePathProtocolGuid
                0x000000000000a380       0x10 /tmp/ccUBM7tT.ltrans1.ltrans.o
                0x000000000000a380                gEfiLoadedImageDevicePathProtocolGuid
 .data.gEfiPersistentVirtualCdGuid
                0x000000000000a390       0x10 /tmp/ccUBM7tT.ltrans2.ltrans.o
 .data.gEfiPersistentVirtualDiskGuid
                0x000000000000a3a0       0x10 /tmp/ccUBM7tT.ltrans2.ltrans.o
 .data.gEfiVirtualCdGuid
                0x000000000000a3b0       0x10 /tmp/ccUBM7tT.ltrans2.ltrans.o
 .data.gEfiVirtualDiskGuid
                0x000000000000a3c0       0x10 /tmp/ccUBM7tT.ltrans2.ltrans.o
 .data.gEfiDebugPortProtocolGuid
                0x000000000000a3d0       0x10 /tmp/ccUBM7tT.ltrans4.ltrans.o
 .data.gEfiSasDevicePathGuid
                0x000000000000a3e0       0x10 /tmp/ccUBM7tT.ltrans4.ltrans.o
 .data.gEfiUartDevicePathGuid
                0x000000000000a3f0       0x10 /tmp/ccUBM7tT.ltrans4.ltrans.o
 .data.gEfiVTUTF8Guid
                0x000000000000a400       0x10 /tmp/ccUBM7tT.ltrans4.ltrans.o
 .data.gEfiVT100PlusGuid
                0x000000000000a410       0x10 /tmp/ccUBM7tT.ltrans4.ltrans.o
 .data.gEfiVT100Guid
                0x000000000000a420       0x10 /tmp/ccUBM7tT.ltrans4.ltrans.o
 .data.gEfiPcAnsiGuid
                0x000000000000a430       0x10 /tmp/ccUBM7tT.ltrans4.ltrans.o
 .data.gEfiComponentNameProtocolGuid
                0x000000000000a440       0x10 /tmp/ccUBM7tT.ltrans5.ltrans.o
                0x000000000000a440                gEfiComponentNameProtocolGuid
 .data.gEfiComponentName2ProtocolGuid
                0x000000000000a450       0x10 /tmp/ccUBM7tT.ltrans5.ltrans.o
 .data.rel.local.mMappingDataBase
                0x000000000000a460       0x10 /tmp/ccUBM7tT.ltrans6.ltrans.o
                0x000000000000a460                mMappingDataBase
 .data.gEfiCallerIdGuid
                0x000000000000a470       0x10 /tmp/ccUBM7tT.ltrans6.ltrans.o
                0x000000000000a470                gEfiCallerIdGuid
 .data.gEfiDriverBindingProtocolGuid
                0x000000000000a480       0x10 /tmp/ccUBM7tT.ltrans6.ltrans.o
                0x000000000000a480                gEfiDriverBindingProtocolGuid
 *fill*         0x000000000000a490       0x10 
 .data.rel.ro.local.mUefiDevicePathLibToTextTableGeneric
                0x000000000000a4a0       0x60 /tmp/ccUBM7tT.ltrans7.ltrans.o
 .data.rel.ro.local.mUefiDevicePathLibToTextTable
                0x000000000000a500      0x320 /tmp/ccUBM7tT.ltrans7.ltrans.o
 .data.PlatDriOverrideDxeStrings
                0x000000000000a820      0xeb8 /tmp/ccUBM7tT.ltrans7.ltrans.o
 *fill*         0x000000000000b6d8        0x8 
 .data.VfrBin   0x000000000000b6e0      0x16e /tmp/ccUBM7tT.ltrans7.ltrans.o
 *fill*         0x000000000000b84e        0x2 
 .data.gEfiHiiConfigAccessProtocolGuid
                0x000000000000b850       0x10 /tmp/ccUBM7tT.ltrans7.ltrans.o
                0x000000000000b850                gEfiHiiConfigAccessProtocolGuid
 .data.mHiiVendorDevicePath
                0x000000000000b860       0x18 /tmp/ccUBM7tT.ltrans7.ltrans.o
                0x000000000000b860                mHiiVendorDevicePath
 *fill*         0x000000000000b878        0x8 
 .data.gEfiDevicePathProtocolGuid
                0x000000000000b880       0x10 /tmp/ccUBM7tT.ltrans7.ltrans.o
                0x000000000000b880                gEfiDevicePathProtocolGuid
 .data.gEfiPlatformDriverOverrideProtocolGuid
                0x000000000000b890       0x10 /tmp/ccUBM7tT.ltrans7.ltrans.o
                0x000000000000b890                gEfiPlatformDriverOverrideProtocolGuid
 .data.gEfiHiiImageProtocolGuid
                0x000000000000b8a0       0x10 /tmp/ccUBM7tT.ltrans7.ltrans.o
 .data.gEfiHiiFontProtocolGuid
                0x000000000000b8b0       0x10 /tmp/ccUBM7tT.ltrans7.ltrans.o
 .data.gEfiHiiConfigRoutingProtocolGuid
                0x000000000000b8c0       0x10 /tmp/ccUBM7tT.ltrans7.ltrans.o
 .data.gEfiHiiDatabaseProtocolGuid
                0x000000000000b8d0       0x10 /tmp/ccUBM7tT.ltrans7.ltrans.o
 .data.gEfiHiiStringProtocolGuid
                0x000000000000b8e0       0x10 /tmp/ccUBM7tT.ltrans7.ltrans.o
 .data.gEfiDxeServicesTableGuid
                0x000000000000b8f0       0x10 /tmp/ccUBM7tT.ltrans7.ltrans.o
 .data.gEfiLoadedImageProtocolGuid
                0x000000000000b900       0x10 /tmp/ccUBM7tT.ltrans7.ltrans.o
                0x000000000000b900                gEfiLoadedImageProtocolGuid
 .data.gEfiGlobalVariableGuid
                0x000000000000b910       0x10 /tmp/ccUBM7tT.ltrans9.ltrans.o
                0x000000000000b910                gEfiGlobalVariableGuid
 .data.gEfiFormBrowser2ProtocolGuid
                0x000000000000b920       0x10 /tmp/ccUBM7tT.ltrans10.ltrans.o
                0x000000000000b920                gEfiFormBrowser2ProtocolGuid
 .data.gEfiIfrTianoGuid
                0x000000000000b930       0x10 /tmp/ccUBM7tT.ltrans10.ltrans.o
                0x000000000000b930                gEfiIfrTianoGuid
 .data.mVariableName
                0x000000000000b940        0xa /tmp/ccUBM7tT.ltrans12.ltrans.o
                0x000000000000b940                mVariableName
 *fill*         0x000000000000b94a        0x6 
 .data.gPlatformOverridesManagerGuid
                0x000000000000b950       0x10 /tmp/ccUBM7tT.ltrans12.ltrans.o
                0x000000000000b950                gPlatformOverridesManagerGuid
 .data.rel.ro   0x000000000000b960        0x0 Vfr.obj (symbol from plugin)
 *(.bss .bss.*)
 .bss.mDevicePathHandleBuffer
                0x000000000000b960        0x8 /tmp/ccUBM7tT.ltrans0.ltrans.o
 .bss.mSelectedDriverImageNum
                0x000000000000b968        0x8 /tmp/ccUBM7tT.ltrans0.ltrans.o
 .bss.mEnvironmentVariableRead
                0x000000000000b970        0x1 /tmp/ccUBM7tT.ltrans1.ltrans.o
 *fill*         0x000000000000b971        0x7 
 .bss.mDriverImageHandleBuffer
                0x000000000000b978        0x8 /tmp/ccUBM7tT.ltrans5.ltrans.o
                0x000000000000b978                mDriverImageHandleBuffer
 .bss.mLastSavedDriverImageNum
                0x000000000000b980        0x8 /tmp/ccUBM7tT.ltrans5.ltrans.o
                0x000000000000b980                mLastSavedDriverImageNum
 .bss.mDriSelection
                0x000000000000b988        0x8 /tmp/ccUBM7tT.ltrans5.ltrans.o
                0x000000000000b988                mDriSelection
 .bss.mSelectedCtrIndex
                0x000000000000b990        0x8 /tmp/ccUBM7tT.ltrans5.ltrans.o
                0x000000000000b990                mSelectedCtrIndex
 .bss.mMaxDeviceCount
                0x000000000000b998        0x8 /tmp/ccUBM7tT.ltrans5.ltrans.o
                0x000000000000b998                mMaxDeviceCount
 .bss.gRT       0x000000000000b9a0        0x8 /tmp/ccUBM7tT.ltrans6.ltrans.o
                0x000000000000b9a0                gRT
 .bss.mCurrentPage
                0x000000000000b9a8        0x2 /tmp/ccUBM7tT.ltrans7.ltrans.o
                0x000000000000b9a8                mCurrentPage
 *fill*         0x000000000000b9aa        0x6 
 .bss.mDriverImageHandleCount
                0x000000000000b9b0        0x8 /tmp/ccUBM7tT.ltrans7.ltrans.o
                0x000000000000b9b0                mDriverImageHandleCount
 .bss.mCallbackInfo
                0x000000000000b9b8        0x8 /tmp/ccUBM7tT.ltrans7.ltrans.o
                0x000000000000b9b8                mCallbackInfo
 .bss.mCallerImageHandle
                0x000000000000b9c0        0x8 /tmp/ccUBM7tT.ltrans7.ltrans.o
                0x000000000000b9c0                mCallerImageHandle
 .bss.gImageHandle
                0x000000000000b9c8        0x8 /tmp/ccUBM7tT.ltrans7.ltrans.o
 .bss.gHiiImage
                0x000000000000b9d0        0x8 /tmp/ccUBM7tT.ltrans7.ltrans.o
 .bss.gHiiFont  0x000000000000b9d8        0x8 /tmp/ccUBM7tT.ltrans7.ltrans.o
 .bss.gDS       0x000000000000b9e0        0x8 /tmp/ccUBM7tT.ltrans7.ltrans.o
                0x000000000000b9e0                gDS
 .bss.gST       0x000000000000b9e8        0x8 /tmp/ccUBM7tT.ltrans8.ltrans.o
                0x000000000000b9e8                gST
 .bss.gHiiString
                0x000000000000b9f0        0x8 /tmp/ccUBM7tT.ltrans9.ltrans.o
                0x000000000000b9f0                gHiiString
 .bss.gHiiDatabase
                0x000000000000b9f8        0x8 /tmp/ccUBM7tT.ltrans9.ltrans.o
                0x000000000000b9f8                gHiiDatabase
 .bss.gHiiConfigRouting
                0x000000000000ba00        0x8 /tmp/ccUBM7tT.ltrans10.ltrans.o
                0x000000000000ba00                gHiiConfigRouting
 .bss.mUefiFormBrowser2
                0x000000000000ba08        0x8 /tmp/ccUBM7tT.ltrans10.ltrans.o
 .bss.mDriverImageToken
                0x000000000000ba10        0x8 /tmp/ccUBM7tT.ltrans11.ltrans.o
                0x000000000000ba10                mDriverImageToken
 .bss.mControllerDevicePathProtocol
                0x000000000000ba18        0x8 /tmp/ccUBM7tT.ltrans11.ltrans.o
                0x000000000000ba18                mControllerDevicePathProtocol
 .bss.mControllerToken
                0x000000000000ba20        0x8 /tmp/ccUBM7tT.ltrans11.ltrans.o
                0x000000000000ba20                mControllerToken
 .bss.gBS       0x000000000000ba28        0x8 /tmp/ccUBM7tT.ltrans13.ltrans.o
                0x000000000000ba28                gBS

.eh_frame       0x000000000000ba40        0x0
 *(.eh_frame)
 .eh_frame      0x000000000000ba40        0x0 Vfr.obj (symbol from plugin)
 .eh_frame      0x000000000000ba40        0x0 Vfr.obj (symbol from plugin)

.dynbss         0x000000000000ba40        0x0
 .dynbss        0x000000000000ba40        0x0 Vfr.obj (symbol from plugin)

.gnu.version_d  0x000000000000ba40        0x0
 .gnu.version_d
                0x000000000000ba40        0x0 Vfr.obj (symbol from plugin)

.gnu.version    0x000000000000ba40        0x0
 .gnu.version   0x000000000000ba40        0x0 Vfr.obj (symbol from plugin)

.gnu.version_r  0x000000000000ba40        0x0
 .gnu.version_r
                0x000000000000ba40        0x0 Vfr.obj (symbol from plugin)

.rela           0x000000000000ba40      0x570
 *(.rela .rela.*)
 .rela.plt      0x000000000000ba40        0x0 Vfr.obj (symbol from plugin)
 .rela.got      0x000000000000ba40        0x0 Vfr.obj (symbol from plugin)
 .rela.bss      0x000000000000ba40        0x0 Vfr.obj (symbol from plugin)
 .rela.data.rel.ro
                0x000000000000ba40        0x0 Vfr.obj (symbol from plugin)
 .rela.ifunc    0x000000000000ba40        0x0 Vfr.obj (symbol from plugin)
 .rela.data.rel.local.mDevicePathStack
                0x000000000000ba40       0x30 Vfr.obj (symbol from plugin)
 .rela.data.rel.local.mMappingDataBase
                0x000000000000ba70       0x30 Vfr.obj (symbol from plugin)
 .rela.data.rel.ro.local.mUefiDevicePathLibToTextTableGeneric
                0x000000000000baa0       0x78 Vfr.obj (symbol from plugin)
 .rela.data.rel.ro.local.mUefiDevicePathLibToTextTable
                0x000000000000bb18      0x498 Vfr.obj (symbol from plugin)

.hii
 *(.hii)

.build-id       0x000000000000bfb0       0x24
 *(.note.gnu.build-id)
 .note.gnu.build-id
                0x000000000000bfb0       0x24 Vfr.obj (symbol from plugin)

/DISCARD/
 *(.note.GNU-stack)
 *(.gnu_debuglink)
 *(.interp)
 *(.dynsym)
 *(.dynstr)
 *(.dynamic)
 *(.hash .gnu.hash)
 *(.comment)
OUTPUT(/home/hcj/UEFIWorkspace/Build/MdeModule/DEBUG_GCC5/X64/MdeModulePkg/Universal/PlatformDriOverrideDxe/PlatformDriOverrideDxe/DEBUG/PlatDriOverrideDxe.dll elf64-x86-64)

.debug_info     0x0000000000000000    0x1d794
 .debug_info    0x0000000000000000     0x33e9 /tmp/ccUBM7tT.ltrans0.ltrans.o
 .debug_info    0x00000000000033e9     0x39c6 /tmp/ccUBM7tT.ltrans1.ltrans.o
 .debug_info    0x0000000000006daf     0x2989 /tmp/ccUBM7tT.ltrans2.ltrans.o
 .debug_info    0x0000000000009738      0xea9 /tmp/ccUBM7tT.ltrans3.ltrans.o
 .debug_info    0x000000000000a5e1     0x21e4 /tmp/ccUBM7tT.ltrans4.ltrans.o
 .debug_info    0x000000000000c7c5     0x3b2e /tmp/ccUBM7tT.ltrans5.ltrans.o
 .debug_info    0x00000000000102f3     0x1750 /tmp/ccUBM7tT.ltrans6.ltrans.o
 .debug_info    0x0000000000011a43     0x4070 /tmp/ccUBM7tT.ltrans7.ltrans.o
 .debug_info    0x0000000000015ab3     0x25ca /tmp/ccUBM7tT.ltrans8.ltrans.o
 .debug_info    0x000000000001807d     0x1ad0 /tmp/ccUBM7tT.ltrans9.ltrans.o
 .debug_info    0x0000000000019b4d     0x15d5 /tmp/ccUBM7tT.ltrans10.ltrans.o
 .debug_info    0x000000000001b122      0xa72 /tmp/ccUBM7tT.ltrans11.ltrans.o
 .debug_info    0x000000000001bb94      0x821 /tmp/ccUBM7tT.ltrans12.ltrans.o
 .debug_info    0x000000000001c3b5     0x13df /tmp/ccUBM7tT.ltrans13.ltrans.o

.debug_abbrev   0x0000000000000000     0x2a84
 .debug_abbrev  0x0000000000000000      0x38e /tmp/ccUBM7tT.ltrans0.ltrans.o
 .debug_abbrev  0x000000000000038e      0x330 /tmp/ccUBM7tT.ltrans1.ltrans.o
 .debug_abbrev  0x00000000000006be      0x2ff /tmp/ccUBM7tT.ltrans2.ltrans.o
 .debug_abbrev  0x00000000000009bd      0x367 /tmp/ccUBM7tT.ltrans3.ltrans.o
 .debug_abbrev  0x0000000000000d24      0x3da /tmp/ccUBM7tT.ltrans4.ltrans.o
 .debug_abbrev  0x00000000000010fe      0x351 /tmp/ccUBM7tT.ltrans5.ltrans.o
 .debug_abbrev  0x000000000000144f      0x24b /tmp/ccUBM7tT.ltrans6.ltrans.o
 .debug_abbrev  0x000000000000169a      0x461 /tmp/ccUBM7tT.ltrans7.ltrans.o
 .debug_abbrev  0x0000000000001afb      0x3c1 /tmp/ccUBM7tT.ltrans8.ltrans.o
 .debug_abbrev  0x0000000000001ebc      0x266 /tmp/ccUBM7tT.ltrans9.ltrans.o
 .debug_abbrev  0x0000000000002122      0x250 /tmp/ccUBM7tT.ltrans10.ltrans.o
 .debug_abbrev  0x0000000000002372      0x2d5 /tmp/ccUBM7tT.ltrans11.ltrans.o
 .debug_abbrev  0x0000000000002647      0x1c0 /tmp/ccUBM7tT.ltrans12.ltrans.o
 .debug_abbrev  0x0000000000002807      0x27d /tmp/ccUBM7tT.ltrans13.ltrans.o

.debug_loc      0x0000000000000000    0x12657
 .debug_loc     0x0000000000000000     0x203f /tmp/ccUBM7tT.ltrans0.ltrans.o
 .debug_loc     0x000000000000203f     0x154c /tmp/ccUBM7tT.ltrans1.ltrans.o
 .debug_loc     0x000000000000358b     0x2feb /tmp/ccUBM7tT.ltrans2.ltrans.o
 .debug_loc     0x0000000000006576     0x1897 /tmp/ccUBM7tT.ltrans3.ltrans.o
 .debug_loc     0x0000000000007e0d     0x1f8c /tmp/ccUBM7tT.ltrans4.ltrans.o
 .debug_loc     0x0000000000009d99     0x12b6 /tmp/ccUBM7tT.ltrans5.ltrans.o
 .debug_loc     0x000000000000b04f     0x1bba /tmp/ccUBM7tT.ltrans6.ltrans.o
 .debug_loc     0x000000000000cc09      0xfdb /tmp/ccUBM7tT.ltrans7.ltrans.o
 .debug_loc     0x000000000000dbe4     0x1032 /tmp/ccUBM7tT.ltrans8.ltrans.o
 .debug_loc     0x000000000000ec16     0x15cf /tmp/ccUBM7tT.ltrans9.ltrans.o
 .debug_loc     0x00000000000101e5      0xf1e /tmp/ccUBM7tT.ltrans10.ltrans.o
 .debug_loc     0x0000000000011103      0x718 /tmp/ccUBM7tT.ltrans11.ltrans.o
 .debug_loc     0x000000000001181b      0x6a2 /tmp/ccUBM7tT.ltrans12.ltrans.o
 .debug_loc     0x0000000000011ebd      0x79a /tmp/ccUBM7tT.ltrans13.ltrans.o

.debug_aranges  0x0000000000000000      0xab0
 .debug_aranges
                0x0000000000000000       0x70 /tmp/ccUBM7tT.ltrans0.ltrans.o
 .debug_aranges
                0x0000000000000070       0x30 /tmp/ccUBM7tT.ltrans1.ltrans.o
 .debug_aranges
                0x00000000000000a0      0x240 /tmp/ccUBM7tT.ltrans2.ltrans.o
 .debug_aranges
                0x00000000000002e0      0x170 /tmp/ccUBM7tT.ltrans3.ltrans.o
 .debug_aranges
                0x0000000000000450      0x230 /tmp/ccUBM7tT.ltrans4.ltrans.o
 .debug_aranges
                0x0000000000000680       0x40 /tmp/ccUBM7tT.ltrans5.ltrans.o
 .debug_aranges
                0x00000000000006c0       0x80 /tmp/ccUBM7tT.ltrans6.ltrans.o
 .debug_aranges
                0x0000000000000740       0xb0 /tmp/ccUBM7tT.ltrans7.ltrans.o
 .debug_aranges
                0x00000000000007f0       0xa0 /tmp/ccUBM7tT.ltrans8.ltrans.o
 .debug_aranges
                0x0000000000000890       0x70 /tmp/ccUBM7tT.ltrans9.ltrans.o
 .debug_aranges
                0x0000000000000900       0x70 /tmp/ccUBM7tT.ltrans10.ltrans.o
 .debug_aranges
                0x0000000000000970       0xa0 /tmp/ccUBM7tT.ltrans11.ltrans.o
 .debug_aranges
                0x0000000000000a10       0x40 /tmp/ccUBM7tT.ltrans12.ltrans.o
 .debug_aranges
                0x0000000000000a50       0x60 /tmp/ccUBM7tT.ltrans13.ltrans.o

.debug_ranges   0x0000000000000000     0x2300
 .debug_ranges  0x0000000000000000      0x5a0 /tmp/ccUBM7tT.ltrans0.ltrans.o
 .debug_ranges  0x00000000000005a0      0x670 /tmp/ccUBM7tT.ltrans1.ltrans.o
 .debug_ranges  0x0000000000000c10      0x2e0 /tmp/ccUBM7tT.ltrans2.ltrans.o
 .debug_ranges  0x0000000000000ef0      0x230 /tmp/ccUBM7tT.ltrans3.ltrans.o
 .debug_ranges  0x0000000000001120      0x2b0 /tmp/ccUBM7tT.ltrans4.ltrans.o
 .debug_ranges  0x00000000000013d0      0x3e0 /tmp/ccUBM7tT.ltrans5.ltrans.o
 .debug_ranges  0x00000000000017b0       0x70 /tmp/ccUBM7tT.ltrans6.ltrans.o
 .debug_ranges  0x0000000000001820      0x300 /tmp/ccUBM7tT.ltrans7.ltrans.o
 .debug_ranges  0x0000000000001b20      0x170 /tmp/ccUBM7tT.ltrans8.ltrans.o
 .debug_ranges  0x0000000000001c90      0x2d0 /tmp/ccUBM7tT.ltrans9.ltrans.o
 .debug_ranges  0x0000000000001f60      0x1b0 /tmp/ccUBM7tT.ltrans10.ltrans.o
 .debug_ranges  0x0000000000002110       0xc0 /tmp/ccUBM7tT.ltrans11.ltrans.o
 .debug_ranges  0x00000000000021d0       0x70 /tmp/ccUBM7tT.ltrans12.ltrans.o
 .debug_ranges  0x0000000000002240       0xc0 /tmp/ccUBM7tT.ltrans13.ltrans.o

.debug_line     0x0000000000000000     0x62de
 .debug_line    0x0000000000000000      0x905 /tmp/ccUBM7tT.ltrans0.ltrans.o
 .debug_line    0x0000000000000905      0x7e6 /tmp/ccUBM7tT.ltrans1.ltrans.o
 .debug_line    0x00000000000010eb      0x812 /tmp/ccUBM7tT.ltrans2.ltrans.o
 .debug_line    0x00000000000018fd      0x4f8 /tmp/ccUBM7tT.ltrans3.ltrans.o
 .debug_line    0x0000000000001df5      0x8d2 /tmp/ccUBM7tT.ltrans4.ltrans.o
 .debug_line    0x00000000000026c7      0x7df /tmp/ccUBM7tT.ltrans5.ltrans.o
 .debug_line    0x0000000000002ea6      0x822 /tmp/ccUBM7tT.ltrans6.ltrans.o
 .debug_line    0x00000000000036c8      0x98c /tmp/ccUBM7tT.ltrans7.ltrans.o
 .debug_line    0x0000000000004054      0x655 /tmp/ccUBM7tT.ltrans8.ltrans.o
 .debug_line    0x00000000000046a9      0x7fa /tmp/ccUBM7tT.ltrans9.ltrans.o
 .debug_line    0x0000000000004ea3      0x63e /tmp/ccUBM7tT.ltrans10.ltrans.o
 .debug_line    0x00000000000054e1      0x4f2 /tmp/ccUBM7tT.ltrans11.ltrans.o
 .debug_line    0x00000000000059d3      0x460 /tmp/ccUBM7tT.ltrans12.ltrans.o
 .debug_line    0x0000000000005e33      0x4ab /tmp/ccUBM7tT.ltrans13.ltrans.o

.debug_str      0x0000000000000000     0x62fa
 .debug_str     0x0000000000000000     0x1500 /tmp/ccUBM7tT.ltrans0.ltrans.o
                                       0x190d (size before relaxing)
 .debug_str     0x0000000000001500     0x14b4 /tmp/ccUBM7tT.ltrans1.ltrans.o
                                       0x1ff5 (size before relaxing)
 .debug_str     0x00000000000029b4      0x991 /tmp/ccUBM7tT.ltrans2.ltrans.o
                                        0xdee (size before relaxing)
 .debug_str     0x0000000000003345      0x344 /tmp/ccUBM7tT.ltrans3.ltrans.o
                                        0x714 (size before relaxing)
 .debug_str     0x0000000000003689      0x66b /tmp/ccUBM7tT.ltrans4.ltrans.o
                                        0xcc7 (size before relaxing)
 .debug_str     0x0000000000003cf4      0x2ed /tmp/ccUBM7tT.ltrans5.ltrans.o
                                       0x2378 (size before relaxing)
 .debug_str     0x0000000000003fe1      0x318 /tmp/ccUBM7tT.ltrans6.ltrans.o
                                        0xecf (size before relaxing)
 .debug_str     0x00000000000042f9     0x1146 /tmp/ccUBM7tT.ltrans7.ltrans.o
                                       0x2c3b (size before relaxing)
 .debug_str     0x000000000000543f      0x228 /tmp/ccUBM7tT.ltrans8.ltrans.o
                                       0x173d (size before relaxing)
 .debug_str     0x0000000000005667      0x57a /tmp/ccUBM7tT.ltrans9.ltrans.o
                                        0xd8d (size before relaxing)
 .debug_str     0x0000000000005be1      0x299 /tmp/ccUBM7tT.ltrans10.ltrans.o
                                        0xaca (size before relaxing)
 .debug_str     0x0000000000005e7a      0x1a3 /tmp/ccUBM7tT.ltrans11.ltrans.o
                                        0x70f (size before relaxing)
 .debug_str     0x000000000000601d       0xe2 /tmp/ccUBM7tT.ltrans12.ltrans.o
                                        0x512 (size before relaxing)
 .debug_str     0x00000000000060ff      0x1fb /tmp/ccUBM7tT.ltrans13.ltrans.o
                                        0xf65 (size before relaxing)

.debug_frame    0x0000000000000000     0x2788
 .debug_frame   0x0000000000000000      0x3e8 /tmp/ccUBM7tT.ltrans0.ltrans.o
 .debug_frame   0x00000000000003e8       0xa8 /tmp/ccUBM7tT.ltrans1.ltrans.o
 .debug_frame   0x0000000000000490      0x850 /tmp/ccUBM7tT.ltrans2.ltrans.o
 .debug_frame   0x0000000000000ce0      0x2d8 /tmp/ccUBM7tT.ltrans3.ltrans.o
 .debug_frame   0x0000000000000fb8      0x820 /tmp/ccUBM7tT.ltrans4.ltrans.o
 .debug_frame   0x00000000000017d8      0x138 /tmp/ccUBM7tT.ltrans5.ltrans.o
 .debug_frame   0x0000000000001910      0x248 /tmp/ccUBM7tT.ltrans6.ltrans.o
 .debug_frame   0x0000000000001b58      0x2b0 /tmp/ccUBM7tT.ltrans7.ltrans.o
 .debug_frame   0x0000000000001e08      0x260 /tmp/ccUBM7tT.ltrans8.ltrans.o
 .debug_frame   0x0000000000002068      0x248 /tmp/ccUBM7tT.ltrans9.ltrans.o
 .debug_frame   0x00000000000022b0      0x1a0 /tmp/ccUBM7tT.ltrans10.ltrans.o
 .debug_frame   0x0000000000002450      0x108 /tmp/ccUBM7tT.ltrans11.ltrans.o
 .debug_frame   0x0000000000002558       0xf0 /tmp/ccUBM7tT.ltrans12.ltrans.o
 .debug_frame   0x0000000000002648      0x140 /tmp/ccUBM7tT.ltrans13.ltrans.o
