Archive member included to satisfy reference by file (symbol)

/home/hcj/UEFIWorkspace/Build/MdeModule/DEBUG_GCC5/X64/MdeModulePkg/Universal/StatusCodeHandler/Smm/StatusCodeHandlerSmm/OUTPUT/StatusCodeHandlerSmm.lib(StatusCodeHandlerMm.obj)
                              (--whole-archive)
/home/hcj/UEFIWorkspace/Build/MdeModule/DEBUG_GCC5/X64/MdeModulePkg/Universal/StatusCodeHandler/Smm/StatusCodeHandlerSmm/OUTPUT/StatusCodeHandlerSmm.lib(StatusCodeHandlerTraditional.obj)
                              (--whole-archive)
/home/hcj/UEFIWorkspace/Build/MdeModule/DEBUG_GCC5/X64/MdeModulePkg/Universal/StatusCodeHandler/Smm/StatusCodeHandlerSmm/OUTPUT/StatusCodeHandlerSmm.lib(SerialStatusCodeWorker.obj)
                              (--whole-archive)
/home/hcj/UEFIWorkspace/Build/MdeModule/DEBUG_GCC5/X64/MdeModulePkg/Universal/StatusCodeHandler/Smm/StatusCodeHandlerSmm/OUTPUT/StatusCodeHandlerSmm.lib(MemoryStatusCodeWorker.obj)
                              (--whole-archive)
/home/hcj/UEFIWorkspace/Build/MdeModule/DEBUG_GCC5/X64/MdeModulePkg/Universal/StatusCodeHandler/Smm/StatusCodeHandlerSmm/OUTPUT/StatusCodeHandlerSmm.lib(AutoGen.obj)
                              (--whole-archive)
/home/hcj/UEFIWorkspace/Build/MdeModule/DEBUG_GCC5/X64/MdePkg/Library/RegisterFilterLibNull/RegisterFilterLibNull/OUTPUT/FilterLibNull.lib(RegisterFilterLibNull.obj)
                              (--whole-archive)
/home/hcj/UEFIWorkspace/Build/MdeModule/DEBUG_GCC5/X64/MdePkg/Library/BaseLib/BaseLib/OUTPUT/BaseLib.lib(CheckSum.obj)
                              (--whole-archive)
/home/hcj/UEFIWorkspace/Build/MdeModule/DEBUG_GCC5/X64/MdePkg/Library/BaseLib/BaseLib/OUTPUT/BaseLib.lib(SwitchStack.obj)
                              (--whole-archive)
/home/hcj/UEFIWorkspace/Build/MdeModule/DEBUG_GCC5/X64/MdePkg/Library/BaseLib/BaseLib/OUTPUT/BaseLib.lib(SwapBytes64.obj)
                              (--whole-archive)
/home/hcj/UEFIWorkspace/Build/MdeModule/DEBUG_GCC5/X64/MdePkg/Library/BaseLib/BaseLib/OUTPUT/BaseLib.lib(SwapBytes32.obj)
                              (--whole-archive)
/home/hcj/UEFIWorkspace/Build/MdeModule/DEBUG_GCC5/X64/MdePkg/Library/BaseLib/BaseLib/OUTPUT/BaseLib.lib(SwapBytes16.obj)
                              (--whole-archive)
/home/hcj/UEFIWorkspace/Build/MdeModule/DEBUG_GCC5/X64/MdePkg/Library/BaseLib/BaseLib/OUTPUT/BaseLib.lib(LongJump.obj)
                              (--whole-archive)
/home/hcj/UEFIWorkspace/Build/MdeModule/DEBUG_GCC5/X64/MdePkg/Library/BaseLib/BaseLib/OUTPUT/BaseLib.lib(SetJump.obj)
                              (--whole-archive)
/home/hcj/UEFIWorkspace/Build/MdeModule/DEBUG_GCC5/X64/MdePkg/Library/BaseLib/BaseLib/OUTPUT/BaseLib.lib(QuickSort.obj)
                              (--whole-archive)
/home/hcj/UEFIWorkspace/Build/MdeModule/DEBUG_GCC5/X64/MdePkg/Library/BaseLib/BaseLib/OUTPUT/BaseLib.lib(RShiftU64.obj)
                              (--whole-archive)
/home/hcj/UEFIWorkspace/Build/MdeModule/DEBUG_GCC5/X64/MdePkg/Library/BaseLib/BaseLib/OUTPUT/BaseLib.lib(RRotU64.obj)
                              (--whole-archive)
/home/hcj/UEFIWorkspace/Build/MdeModule/DEBUG_GCC5/X64/MdePkg/Library/BaseLib/BaseLib/OUTPUT/BaseLib.lib(RRotU32.obj)
                              (--whole-archive)
/home/hcj/UEFIWorkspace/Build/MdeModule/DEBUG_GCC5/X64/MdePkg/Library/BaseLib/BaseLib/OUTPUT/BaseLib.lib(MultU64x64.obj)
                              (--whole-archive)
/home/hcj/UEFIWorkspace/Build/MdeModule/DEBUG_GCC5/X64/MdePkg/Library/BaseLib/BaseLib/OUTPUT/BaseLib.lib(MultU64x32.obj)
                              (--whole-archive)
/home/hcj/UEFIWorkspace/Build/MdeModule/DEBUG_GCC5/X64/MdePkg/Library/BaseLib/BaseLib/OUTPUT/BaseLib.lib(MultS64x64.obj)
                              (--whole-archive)
/home/hcj/UEFIWorkspace/Build/MdeModule/DEBUG_GCC5/X64/MdePkg/Library/BaseLib/BaseLib/OUTPUT/BaseLib.lib(ModU64x32.obj)
                              (--whole-archive)
/home/hcj/UEFIWorkspace/Build/MdeModule/DEBUG_GCC5/X64/MdePkg/Library/BaseLib/BaseLib/OUTPUT/BaseLib.lib(LShiftU64.obj)
                              (--whole-archive)
/home/hcj/UEFIWorkspace/Build/MdeModule/DEBUG_GCC5/X64/MdePkg/Library/BaseLib/BaseLib/OUTPUT/BaseLib.lib(LRotU64.obj)
                              (--whole-archive)
/home/hcj/UEFIWorkspace/Build/MdeModule/DEBUG_GCC5/X64/MdePkg/Library/BaseLib/BaseLib/OUTPUT/BaseLib.lib(LRotU32.obj)
                              (--whole-archive)
/home/hcj/UEFIWorkspace/Build/MdeModule/DEBUG_GCC5/X64/MdePkg/Library/BaseLib/BaseLib/OUTPUT/BaseLib.lib(LowBitSet64.obj)
                              (--whole-archive)
/home/hcj/UEFIWorkspace/Build/MdeModule/DEBUG_GCC5/X64/MdePkg/Library/BaseLib/BaseLib/OUTPUT/BaseLib.lib(LowBitSet32.obj)
                              (--whole-archive)
/home/hcj/UEFIWorkspace/Build/MdeModule/DEBUG_GCC5/X64/MdePkg/Library/BaseLib/BaseLib/OUTPUT/BaseLib.lib(HighBitSet64.obj)
                              (--whole-archive)
/home/hcj/UEFIWorkspace/Build/MdeModule/DEBUG_GCC5/X64/MdePkg/Library/BaseLib/BaseLib/OUTPUT/BaseLib.lib(HighBitSet32.obj)
                              (--whole-archive)
/home/hcj/UEFIWorkspace/Build/MdeModule/DEBUG_GCC5/X64/MdePkg/Library/BaseLib/BaseLib/OUTPUT/BaseLib.lib(GetPowerOfTwo64.obj)
                              (--whole-archive)
/home/hcj/UEFIWorkspace/Build/MdeModule/DEBUG_GCC5/X64/MdePkg/Library/BaseLib/BaseLib/OUTPUT/BaseLib.lib(GetPowerOfTwo32.obj)
                              (--whole-archive)
/home/hcj/UEFIWorkspace/Build/MdeModule/DEBUG_GCC5/X64/MdePkg/Library/BaseLib/BaseLib/OUTPUT/BaseLib.lib(DivU64x64Remainder.obj)
                              (--whole-archive)
/home/hcj/UEFIWorkspace/Build/MdeModule/DEBUG_GCC5/X64/MdePkg/Library/BaseLib/BaseLib/OUTPUT/BaseLib.lib(DivU64x32Remainder.obj)
                              (--whole-archive)
/home/hcj/UEFIWorkspace/Build/MdeModule/DEBUG_GCC5/X64/MdePkg/Library/BaseLib/BaseLib/OUTPUT/BaseLib.lib(DivU64x32.obj)
                              (--whole-archive)
/home/hcj/UEFIWorkspace/Build/MdeModule/DEBUG_GCC5/X64/MdePkg/Library/BaseLib/BaseLib/OUTPUT/BaseLib.lib(DivS64x64Remainder.obj)
                              (--whole-archive)
/home/hcj/UEFIWorkspace/Build/MdeModule/DEBUG_GCC5/X64/MdePkg/Library/BaseLib/BaseLib/OUTPUT/BaseLib.lib(ARShiftU64.obj)
                              (--whole-archive)
/home/hcj/UEFIWorkspace/Build/MdeModule/DEBUG_GCC5/X64/MdePkg/Library/BaseLib/BaseLib/OUTPUT/BaseLib.lib(BitField.obj)
                              (--whole-archive)
/home/hcj/UEFIWorkspace/Build/MdeModule/DEBUG_GCC5/X64/MdePkg/Library/BaseLib/BaseLib/OUTPUT/BaseLib.lib(CpuDeadLoop.obj)
                              (--whole-archive)
/home/hcj/UEFIWorkspace/Build/MdeModule/DEBUG_GCC5/X64/MdePkg/Library/BaseLib/BaseLib/OUTPUT/BaseLib.lib(Cpu.obj)
                              (--whole-archive)
/home/hcj/UEFIWorkspace/Build/MdeModule/DEBUG_GCC5/X64/MdePkg/Library/BaseLib/BaseLib/OUTPUT/BaseLib.lib(LinkedList.obj)
                              (--whole-archive)
/home/hcj/UEFIWorkspace/Build/MdeModule/DEBUG_GCC5/X64/MdePkg/Library/BaseLib/BaseLib/OUTPUT/BaseLib.lib(SafeString.obj)
                              (--whole-archive)
/home/hcj/UEFIWorkspace/Build/MdeModule/DEBUG_GCC5/X64/MdePkg/Library/BaseLib/BaseLib/OUTPUT/BaseLib.lib(String.obj)
                              (--whole-archive)
/home/hcj/UEFIWorkspace/Build/MdeModule/DEBUG_GCC5/X64/MdePkg/Library/BaseLib/BaseLib/OUTPUT/BaseLib.lib(FilePaths.obj)
                              (--whole-archive)
/home/hcj/UEFIWorkspace/Build/MdeModule/DEBUG_GCC5/X64/MdePkg/Library/BaseLib/BaseLib/OUTPUT/BaseLib.lib(Thunk16.obj)
                              (--whole-archive)
/home/hcj/UEFIWorkspace/Build/MdeModule/DEBUG_GCC5/X64/MdePkg/Library/BaseLib/BaseLib/OUTPUT/BaseLib.lib(CpuIdEx.obj)
                              (--whole-archive)
/home/hcj/UEFIWorkspace/Build/MdeModule/DEBUG_GCC5/X64/MdePkg/Library/BaseLib/BaseLib/OUTPUT/BaseLib.lib(CpuId.obj)
                              (--whole-archive)
/home/hcj/UEFIWorkspace/Build/MdeModule/DEBUG_GCC5/X64/MdePkg/Library/BaseLib/BaseLib/OUTPUT/BaseLib.lib(LongJump.obj)
                              (--whole-archive)
/home/hcj/UEFIWorkspace/Build/MdeModule/DEBUG_GCC5/X64/MdePkg/Library/BaseLib/BaseLib/OUTPUT/BaseLib.lib(SetJump.obj)
                              (--whole-archive)
/home/hcj/UEFIWorkspace/Build/MdeModule/DEBUG_GCC5/X64/MdePkg/Library/BaseLib/BaseLib/OUTPUT/BaseLib.lib(SwitchStack.obj)
                              (--whole-archive)
/home/hcj/UEFIWorkspace/Build/MdeModule/DEBUG_GCC5/X64/MdePkg/Library/BaseLib/BaseLib/OUTPUT/BaseLib.lib(EnableCache.obj)
                              (--whole-archive)
/home/hcj/UEFIWorkspace/Build/MdeModule/DEBUG_GCC5/X64/MdePkg/Library/BaseLib/BaseLib/OUTPUT/BaseLib.lib(DisableCache.obj)
                              (--whole-archive)
/home/hcj/UEFIWorkspace/Build/MdeModule/DEBUG_GCC5/X64/MdePkg/Library/BaseLib/BaseLib/OUTPUT/BaseLib.lib(WriteTr.obj)
                              (--whole-archive)
/home/hcj/UEFIWorkspace/Build/MdeModule/DEBUG_GCC5/X64/MdePkg/Library/BaseLib/BaseLib/OUTPUT/BaseLib.lib(Lfence.obj)
                              (--whole-archive)
/home/hcj/UEFIWorkspace/Build/MdeModule/DEBUG_GCC5/X64/MdePkg/Library/BaseLib/BaseLib/OUTPUT/BaseLib.lib(Non-existing.obj)
                              (--whole-archive)
/home/hcj/UEFIWorkspace/Build/MdeModule/DEBUG_GCC5/X64/MdePkg/Library/BaseLib/BaseLib/OUTPUT/BaseLib.lib(Math64.obj)
                              (--whole-archive)
/home/hcj/UEFIWorkspace/Build/MdeModule/DEBUG_GCC5/X64/MdePkg/Library/BaseLib/BaseLib/OUTPUT/BaseLib.lib(Unaligned.obj)
                              (--whole-archive)
/home/hcj/UEFIWorkspace/Build/MdeModule/DEBUG_GCC5/X64/MdePkg/Library/BaseLib/BaseLib/OUTPUT/BaseLib.lib(X86WriteIdtr.obj)
                              (--whole-archive)
/home/hcj/UEFIWorkspace/Build/MdeModule/DEBUG_GCC5/X64/MdePkg/Library/BaseLib/BaseLib/OUTPUT/BaseLib.lib(X86WriteGdtr.obj)
                              (--whole-archive)
/home/hcj/UEFIWorkspace/Build/MdeModule/DEBUG_GCC5/X64/MdePkg/Library/BaseLib/BaseLib/OUTPUT/BaseLib.lib(X86Thunk.obj)
                              (--whole-archive)
/home/hcj/UEFIWorkspace/Build/MdeModule/DEBUG_GCC5/X64/MdePkg/Library/BaseLib/BaseLib/OUTPUT/BaseLib.lib(X86ReadIdtr.obj)
                              (--whole-archive)
/home/hcj/UEFIWorkspace/Build/MdeModule/DEBUG_GCC5/X64/MdePkg/Library/BaseLib/BaseLib/OUTPUT/BaseLib.lib(X86ReadGdtr.obj)
                              (--whole-archive)
/home/hcj/UEFIWorkspace/Build/MdeModule/DEBUG_GCC5/X64/MdePkg/Library/BaseLib/BaseLib/OUTPUT/BaseLib.lib(X86Msr.obj)
                              (--whole-archive)
/home/hcj/UEFIWorkspace/Build/MdeModule/DEBUG_GCC5/X64/MdePkg/Library/BaseLib/BaseLib/OUTPUT/BaseLib.lib(X86GetInterruptState.obj)
                              (--whole-archive)
/home/hcj/UEFIWorkspace/Build/MdeModule/DEBUG_GCC5/X64/MdePkg/Library/BaseLib/BaseLib/OUTPUT/BaseLib.lib(X86FxSave.obj)
                              (--whole-archive)
/home/hcj/UEFIWorkspace/Build/MdeModule/DEBUG_GCC5/X64/MdePkg/Library/BaseLib/BaseLib/OUTPUT/BaseLib.lib(X86FxRestore.obj)
                              (--whole-archive)
/home/hcj/UEFIWorkspace/Build/MdeModule/DEBUG_GCC5/X64/MdePkg/Library/BaseLib/BaseLib/OUTPUT/BaseLib.lib(X86EnablePaging64.obj)
                              (--whole-archive)
/home/hcj/UEFIWorkspace/Build/MdeModule/DEBUG_GCC5/X64/MdePkg/Library/BaseLib/BaseLib/OUTPUT/BaseLib.lib(X86EnablePaging32.obj)
                              (--whole-archive)
/home/hcj/UEFIWorkspace/Build/MdeModule/DEBUG_GCC5/X64/MdePkg/Library/BaseLib/BaseLib/OUTPUT/BaseLib.lib(X86DisablePaging64.obj)
                              (--whole-archive)
/home/hcj/UEFIWorkspace/Build/MdeModule/DEBUG_GCC5/X64/MdePkg/Library/BaseLib/BaseLib/OUTPUT/BaseLib.lib(X86DisablePaging32.obj)
                              (--whole-archive)
/home/hcj/UEFIWorkspace/Build/MdeModule/DEBUG_GCC5/X64/MdePkg/Library/BaseLib/BaseLib/OUTPUT/BaseLib.lib(X86RdRand.obj)
                              (--whole-archive)
/home/hcj/UEFIWorkspace/Build/MdeModule/DEBUG_GCC5/X64/MdePkg/Library/BaseLib/BaseLib/OUTPUT/BaseLib.lib(X86PatchInstruction.obj)
                              (--whole-archive)
/home/hcj/UEFIWorkspace/Build/MdeModule/DEBUG_GCC5/X64/MdePkg/Library/BaseLib/BaseLib/OUTPUT/BaseLib.lib(X86SpeculationBarrier.obj)
                              (--whole-archive)
/home/hcj/UEFIWorkspace/Build/MdeModule/DEBUG_GCC5/X64/MdePkg/Library/BaseLib/BaseLib/OUTPUT/BaseLib.lib(GccInline.obj)
                              (--whole-archive)
/home/hcj/UEFIWorkspace/Build/MdeModule/DEBUG_GCC5/X64/MdePkg/Library/BaseLib/BaseLib/OUTPUT/BaseLib.lib(GccInlinePriv.obj)
                              (--whole-archive)
/home/hcj/UEFIWorkspace/Build/MdeModule/DEBUG_GCC5/X64/MdePkg/Library/BaseLib/BaseLib/OUTPUT/BaseLib.lib(EnableDisableInterrupts.obj)
                              (--whole-archive)
/home/hcj/UEFIWorkspace/Build/MdeModule/DEBUG_GCC5/X64/MdePkg/Library/BaseLib/BaseLib/OUTPUT/BaseLib.lib(DisablePaging64.obj)
                              (--whole-archive)
/home/hcj/UEFIWorkspace/Build/MdeModule/DEBUG_GCC5/X64/MdePkg/Library/BaseLib/BaseLib/OUTPUT/BaseLib.lib(Pvalidate.obj)
                              (--whole-archive)
/home/hcj/UEFIWorkspace/Build/MdeModule/DEBUG_GCC5/X64/MdePkg/Library/BaseLib/BaseLib/OUTPUT/BaseLib.lib(RdRand.obj)
                              (--whole-archive)
/home/hcj/UEFIWorkspace/Build/MdeModule/DEBUG_GCC5/X64/MdePkg/Library/BaseLib/BaseLib/OUTPUT/BaseLib.lib(RmpAdjust.obj)
                              (--whole-archive)
/home/hcj/UEFIWorkspace/Build/MdeModule/DEBUG_GCC5/X64/MdePkg/Library/BaseLib/BaseLib/OUTPUT/BaseLib.lib(XGetBv.obj)
                              (--whole-archive)
/home/hcj/UEFIWorkspace/Build/MdeModule/DEBUG_GCC5/X64/MdePkg/Library/BaseLib/BaseLib/OUTPUT/BaseLib.lib(XSetBv.obj)
                              (--whole-archive)
/home/hcj/UEFIWorkspace/Build/MdeModule/DEBUG_GCC5/X64/MdePkg/Library/BaseLib/BaseLib/OUTPUT/BaseLib.lib(VmgExit.obj)
                              (--whole-archive)
/home/hcj/UEFIWorkspace/Build/MdeModule/DEBUG_GCC5/X64/MdePkg/Library/BaseLib/BaseLib/OUTPUT/BaseLib.lib(ChkStkGcc.obj)
                              (--whole-archive)
/home/hcj/UEFIWorkspace/Build/MdeModule/DEBUG_GCC5/X64/MdePkg/Library/BaseMemoryLib/BaseMemoryLib/OUTPUT/BaseMemoryLib.lib(SetMem.obj)
                              (--whole-archive)
/home/hcj/UEFIWorkspace/Build/MdeModule/DEBUG_GCC5/X64/MdePkg/Library/BaseMemoryLib/BaseMemoryLib/OUTPUT/BaseMemoryLib.lib(ScanMem64Wrapper.obj)
                              (--whole-archive)
/home/hcj/UEFIWorkspace/Build/MdeModule/DEBUG_GCC5/X64/MdePkg/Library/BaseMemoryLib/BaseMemoryLib/OUTPUT/BaseMemoryLib.lib(ScanMem32Wrapper.obj)
                              (--whole-archive)
/home/hcj/UEFIWorkspace/Build/MdeModule/DEBUG_GCC5/X64/MdePkg/Library/BaseMemoryLib/BaseMemoryLib/OUTPUT/BaseMemoryLib.lib(ScanMem16Wrapper.obj)
                              (--whole-archive)
/home/hcj/UEFIWorkspace/Build/MdeModule/DEBUG_GCC5/X64/MdePkg/Library/BaseMemoryLib/BaseMemoryLib/OUTPUT/BaseMemoryLib.lib(ScanMem8Wrapper.obj)
                              (--whole-archive)
/home/hcj/UEFIWorkspace/Build/MdeModule/DEBUG_GCC5/X64/MdePkg/Library/BaseMemoryLib/BaseMemoryLib/OUTPUT/BaseMemoryLib.lib(ZeroMemWrapper.obj)
                              (--whole-archive)
/home/hcj/UEFIWorkspace/Build/MdeModule/DEBUG_GCC5/X64/MdePkg/Library/BaseMemoryLib/BaseMemoryLib/OUTPUT/BaseMemoryLib.lib(CompareMemWrapper.obj)
                              (--whole-archive)
/home/hcj/UEFIWorkspace/Build/MdeModule/DEBUG_GCC5/X64/MdePkg/Library/BaseMemoryLib/BaseMemoryLib/OUTPUT/BaseMemoryLib.lib(SetMem64Wrapper.obj)
                              (--whole-archive)
/home/hcj/UEFIWorkspace/Build/MdeModule/DEBUG_GCC5/X64/MdePkg/Library/BaseMemoryLib/BaseMemoryLib/OUTPUT/BaseMemoryLib.lib(SetMem32Wrapper.obj)
                              (--whole-archive)
/home/hcj/UEFIWorkspace/Build/MdeModule/DEBUG_GCC5/X64/MdePkg/Library/BaseMemoryLib/BaseMemoryLib/OUTPUT/BaseMemoryLib.lib(SetMem16Wrapper.obj)
                              (--whole-archive)
/home/hcj/UEFIWorkspace/Build/MdeModule/DEBUG_GCC5/X64/MdePkg/Library/BaseMemoryLib/BaseMemoryLib/OUTPUT/BaseMemoryLib.lib(SetMemWrapper.obj)
                              (--whole-archive)
/home/hcj/UEFIWorkspace/Build/MdeModule/DEBUG_GCC5/X64/MdePkg/Library/BaseMemoryLib/BaseMemoryLib/OUTPUT/BaseMemoryLib.lib(CopyMemWrapper.obj)
                              (--whole-archive)
/home/hcj/UEFIWorkspace/Build/MdeModule/DEBUG_GCC5/X64/MdePkg/Library/BaseMemoryLib/BaseMemoryLib/OUTPUT/BaseMemoryLib.lib(IsZeroBufferWrapper.obj)
                              (--whole-archive)
/home/hcj/UEFIWorkspace/Build/MdeModule/DEBUG_GCC5/X64/MdePkg/Library/BaseMemoryLib/BaseMemoryLib/OUTPUT/BaseMemoryLib.lib(MemLibGeneric.obj)
                              (--whole-archive)
/home/hcj/UEFIWorkspace/Build/MdeModule/DEBUG_GCC5/X64/MdePkg/Library/BaseMemoryLib/BaseMemoryLib/OUTPUT/BaseMemoryLib.lib(MemLibGuid.obj)
                              (--whole-archive)
/home/hcj/UEFIWorkspace/Build/MdeModule/DEBUG_GCC5/X64/MdePkg/Library/BaseMemoryLib/BaseMemoryLib/OUTPUT/BaseMemoryLib.lib(CopyMem.obj)
                              (--whole-archive)
/home/hcj/UEFIWorkspace/Build/MdeModule/DEBUG_GCC5/X64/MdePkg/Library/BaseDebugLibNull/BaseDebugLibNull/OUTPUT/BaseDebugLibNull.lib(DebugLib.obj)
                              (--whole-archive)
/home/hcj/UEFIWorkspace/Build/MdeModule/DEBUG_GCC5/X64/MdePkg/Library/BasePcdLibNull/BasePcdLibNull/OUTPUT/BasePcdLibNull.lib(PcdLib.obj)
                              (--whole-archive)
/home/hcj/UEFIWorkspace/Build/MdeModule/DEBUG_GCC5/X64/MdePkg/Library/UefiBootServicesTableLib/UefiBootServicesTableLib/OUTPUT/UefiBootServicesTableLib.lib(UefiBootServicesTableLib.obj)
                              (--whole-archive)
/home/hcj/UEFIWorkspace/Build/MdeModule/DEBUG_GCC5/X64/MdePkg/Library/SmmServicesTableLib/SmmServicesTableLib/OUTPUT/SmmServicesTableLib.lib(SmmServicesTableLib.obj)
                              (--whole-archive)
/home/hcj/UEFIWorkspace/Build/MdeModule/DEBUG_GCC5/X64/MdePkg/Library/BaseSerialPortLibNull/BaseSerialPortLibNull/OUTPUT/BaseSerialPortLibNull.lib(BaseSerialPortLibNull.obj)
                              (--whole-archive)
/home/hcj/UEFIWorkspace/Build/MdeModule/DEBUG_GCC5/X64/MdePkg/Library/MmServicesTableLib/MmServicesTableLib/OUTPUT/MmServicesTableLib.lib(MmServicesTableLib.obj)
                              (--whole-archive)
/home/hcj/UEFIWorkspace/Build/MdeModule/DEBUG_GCC5/X64/MdePkg/Library/UefiDriverEntryPoint/UefiDriverEntryPoint/OUTPUT/UefiDriverEntryPoint.lib(DriverEntryPoint.obj)
                              (--whole-archive)
/home/hcj/UEFIWorkspace/Build/MdeModule/DEBUG_GCC5/X64/MdePkg/Library/BasePrintLib/BasePrintLib/OUTPUT/BasePrintLib.lib(PrintLibInternal.obj)
                              (--whole-archive)
/home/hcj/UEFIWorkspace/Build/MdeModule/DEBUG_GCC5/X64/MdePkg/Library/BasePrintLib/BasePrintLib/OUTPUT/BasePrintLib.lib(PrintLib.obj)
                              (--whole-archive)
/home/hcj/UEFIWorkspace/Build/MdeModule/DEBUG_GCC5/X64/MdePkg/Library/BaseReportStatusCodeLibNull/BaseReportStatusCodeLibNull/OUTPUT/BaseReportStatusCodeLibNull.lib(BaseReportStatusCodeLib.obj)
                              (--whole-archive)
/home/hcj/UEFIWorkspace/Build/MdeModule/DEBUG_GCC5/X64/MdePkg/Library/SmmMemoryAllocationLib/SmmMemoryAllocationLib/OUTPUT/SmmMemoryAllocationLib.lib(MemoryAllocationLib.obj)
                              (--whole-archive)

Discarded input sections

 .text          0x0000000000000000        0x0 /tmp/cclxvTUJ.ltrans0.ltrans.o
 .data          0x0000000000000000        0x0 /tmp/cclxvTUJ.ltrans0.ltrans.o
 .bss           0x0000000000000000        0x0 /tmp/cclxvTUJ.ltrans0.ltrans.o
 .text.unlikely.MemoryStatusCodeReportWorker
                0x0000000000000000        0x0 /tmp/cclxvTUJ.ltrans0.ltrans.o
 .text.MemoryStatusCodeReportWorker
                0x0000000000000000       0x44 /tmp/cclxvTUJ.ltrans0.ltrans.o
 .text.unlikely.ProcessLibraryDestructorList
                0x0000000000000000        0x0 /tmp/cclxvTUJ.ltrans0.ltrans.o
 .text.unlikely._DriverUnloadHandler
                0x0000000000000000        0x0 /tmp/cclxvTUJ.ltrans0.ltrans.o
 .text._DriverUnloadHandler
                0x0000000000000000       0x17 /tmp/cclxvTUJ.ltrans0.ltrans.o
 .text.unlikely.AsciiSPrint
                0x0000000000000000        0x0 /tmp/cclxvTUJ.ltrans0.ltrans.o
 .text.unlikely.SerialStatusCodeReportWorker
                0x0000000000000000        0x0 /tmp/cclxvTUJ.ltrans0.ltrans.o
 .text.unlikely.BasePrintLibFillBuffer
                0x0000000000000000        0x0 /tmp/cclxvTUJ.ltrans0.ltrans.o
 .text.unlikely.AsciiStrnLenS
                0x0000000000000000        0x0 /tmp/cclxvTUJ.ltrans0.ltrans.o
 .text.unlikely.StrnLenS
                0x0000000000000000        0x0 /tmp/cclxvTUJ.ltrans0.ltrans.o
 .text.StrnLenS
                0x0000000000000000       0x27 /tmp/cclxvTUJ.ltrans0.ltrans.o
 .text.unlikely.InternalAssertJumpBuffer
                0x0000000000000000        0x0 /tmp/cclxvTUJ.ltrans0.ltrans.o
 .text.unlikely.ProcessModuleEntryPointList
                0x0000000000000000        0x0 /tmp/cclxvTUJ.ltrans0.ltrans.o
 .text.unlikely._ModuleEntryPoint
                0x0000000000000000        0x0 /tmp/cclxvTUJ.ltrans0.ltrans.o
 .bss.mMmMemoryStatusCodeTable
                0x0000000000000000        0x8 /tmp/cclxvTUJ.ltrans0.ltrans.o
 .comment       0x0000000000000000       0x2e /tmp/cclxvTUJ.ltrans0.ltrans.o
 .note.GNU-stack
                0x0000000000000000        0x0 /tmp/cclxvTUJ.ltrans0.ltrans.o
 .text          0x0000000000000000        0x0 /tmp/cclxvTUJ.ltrans1.ltrans.o
 .data          0x0000000000000000        0x0 /tmp/cclxvTUJ.ltrans1.ltrans.o
 .bss           0x0000000000000000        0x0 /tmp/cclxvTUJ.ltrans1.ltrans.o
 .text.unlikely.BasePrintLibSPrintMarker.constprop.3
                0x0000000000000000        0x0 /tmp/cclxvTUJ.ltrans1.ltrans.o
 .comment       0x0000000000000000       0x2e /tmp/cclxvTUJ.ltrans1.ltrans.o
 .note.GNU-stack
                0x0000000000000000        0x0 /tmp/cclxvTUJ.ltrans1.ltrans.o
 .text          0x0000000000000000        0x0 /tmp/cclxvTUJ.ltrans2.ltrans.o
 .data          0x0000000000000000        0x0 /tmp/cclxvTUJ.ltrans2.ltrans.o
 .bss           0x0000000000000000        0x0 /tmp/cclxvTUJ.ltrans2.ltrans.o
 .text.unlikely.InternalAllocatePool.constprop.8
                0x0000000000000000        0x0 /tmp/cclxvTUJ.ltrans2.ltrans.o
 .text.unlikely.BasePrintLibSPrint.constprop.4
                0x0000000000000000        0x0 /tmp/cclxvTUJ.ltrans2.ltrans.o
 .comment       0x0000000000000000       0x2e /tmp/cclxvTUJ.ltrans2.ltrans.o
 .note.GNU-stack
                0x0000000000000000        0x0 /tmp/cclxvTUJ.ltrans2.ltrans.o
 .text          0x0000000000000000      0x204 /home/hcj/UEFIWorkspace/Build/MdeModule/DEBUG_GCC5/X64/MdePkg/Library/BaseLib/BaseLib/OUTPUT/BaseLib.lib(Thunk16.obj)
 .data          0x0000000000000000        0xa /home/hcj/UEFIWorkspace/Build/MdeModule/DEBUG_GCC5/X64/MdePkg/Library/BaseLib/BaseLib/OUTPUT/BaseLib.lib(Thunk16.obj)
 .text          0x0000000000000000       0x2f /home/hcj/UEFIWorkspace/Build/MdeModule/DEBUG_GCC5/X64/MdePkg/Library/BaseLib/BaseLib/OUTPUT/BaseLib.lib(CpuIdEx.obj)
 .text          0x0000000000000000       0x27 /home/hcj/UEFIWorkspace/Build/MdeModule/DEBUG_GCC5/X64/MdePkg/Library/BaseLib/BaseLib/OUTPUT/BaseLib.lib(CpuId.obj)
 .text          0x0000000000000000        0xf /home/hcj/UEFIWorkspace/Build/MdeModule/DEBUG_GCC5/X64/MdePkg/Library/BaseLib/BaseLib/OUTPUT/BaseLib.lib(SwitchStack.obj)
 .text          0x0000000000000000       0x13 /home/hcj/UEFIWorkspace/Build/MdeModule/DEBUG_GCC5/X64/MdePkg/Library/BaseLib/BaseLib/OUTPUT/BaseLib.lib(EnableCache.obj)
 .text          0x0000000000000000       0x13 /home/hcj/UEFIWorkspace/Build/MdeModule/DEBUG_GCC5/X64/MdePkg/Library/BaseLib/BaseLib/OUTPUT/BaseLib.lib(DisableCache.obj)
 .text          0x0000000000000000        0x6 /home/hcj/UEFIWorkspace/Build/MdeModule/DEBUG_GCC5/X64/MdePkg/Library/BaseLib/BaseLib/OUTPUT/BaseLib.lib(WriteTr.obj)
 .text          0x0000000000000000        0x4 /home/hcj/UEFIWorkspace/Build/MdeModule/DEBUG_GCC5/X64/MdePkg/Library/BaseLib/BaseLib/OUTPUT/BaseLib.lib(Lfence.obj)
 .text          0x0000000000000000        0x3 /home/hcj/UEFIWorkspace/Build/MdeModule/DEBUG_GCC5/X64/MdePkg/Library/BaseLib/BaseLib/OUTPUT/BaseLib.lib(EnableDisableInterrupts.obj)
 .text          0x0000000000000000       0x61 /home/hcj/UEFIWorkspace/Build/MdeModule/DEBUG_GCC5/X64/MdePkg/Library/BaseLib/BaseLib/OUTPUT/BaseLib.lib(DisablePaging64.obj)
 .text          0x0000000000000000       0x1b /home/hcj/UEFIWorkspace/Build/MdeModule/DEBUG_GCC5/X64/MdePkg/Library/BaseLib/BaseLib/OUTPUT/BaseLib.lib(Pvalidate.obj)
 .text          0x0000000000000000       0x36 /home/hcj/UEFIWorkspace/Build/MdeModule/DEBUG_GCC5/X64/MdePkg/Library/BaseLib/BaseLib/OUTPUT/BaseLib.lib(RdRand.obj)
 .text          0x0000000000000000        0xe /home/hcj/UEFIWorkspace/Build/MdeModule/DEBUG_GCC5/X64/MdePkg/Library/BaseLib/BaseLib/OUTPUT/BaseLib.lib(RmpAdjust.obj)
 .text          0x0000000000000000        0xb /home/hcj/UEFIWorkspace/Build/MdeModule/DEBUG_GCC5/X64/MdePkg/Library/BaseLib/BaseLib/OUTPUT/BaseLib.lib(XGetBv.obj)
 .text          0x0000000000000000        0xb /home/hcj/UEFIWorkspace/Build/MdeModule/DEBUG_GCC5/X64/MdePkg/Library/BaseLib/BaseLib/OUTPUT/BaseLib.lib(XSetBv.obj)
 .text          0x0000000000000000        0x5 /home/hcj/UEFIWorkspace/Build/MdeModule/DEBUG_GCC5/X64/MdePkg/Library/BaseLib/BaseLib/OUTPUT/BaseLib.lib(VmgExit.obj)

Memory Configuration

Name             Origin             Length             Attributes
*default*        0x0000000000000000 0xffffffffffffffff

Linker script and memory map

LOAD /tmp/cclxvTUJ.ltrans0.ltrans.o
LOAD /tmp/cclxvTUJ.ltrans1.ltrans.o
LOAD /tmp/cclxvTUJ.ltrans2.ltrans.o
START GROUP
LOAD /home/hcj/UEFIWorkspace/Build/MdeModule/DEBUG_GCC5/X64/MdeModulePkg/Universal/StatusCodeHandler/Smm/StatusCodeHandlerSmm/OUTPUT/StatusCodeHandlerSmm.lib
LOAD /home/hcj/UEFIWorkspace/Build/MdeModule/DEBUG_GCC5/X64/MdePkg/Library/RegisterFilterLibNull/RegisterFilterLibNull/OUTPUT/FilterLibNull.lib
LOAD /home/hcj/UEFIWorkspace/Build/MdeModule/DEBUG_GCC5/X64/MdePkg/Library/BaseLib/BaseLib/OUTPUT/BaseLib.lib
LOAD /home/hcj/UEFIWorkspace/Build/MdeModule/DEBUG_GCC5/X64/MdePkg/Library/BaseMemoryLib/BaseMemoryLib/OUTPUT/BaseMemoryLib.lib
LOAD /home/hcj/UEFIWorkspace/Build/MdeModule/DEBUG_GCC5/X64/MdePkg/Library/BaseDebugLibNull/BaseDebugLibNull/OUTPUT/BaseDebugLibNull.lib
LOAD /home/hcj/UEFIWorkspace/Build/MdeModule/DEBUG_GCC5/X64/MdePkg/Library/BasePcdLibNull/BasePcdLibNull/OUTPUT/BasePcdLibNull.lib
LOAD /home/hcj/UEFIWorkspace/Build/MdeModule/DEBUG_GCC5/X64/MdePkg/Library/UefiBootServicesTableLib/UefiBootServicesTableLib/OUTPUT/UefiBootServicesTableLib.lib
LOAD /home/hcj/UEFIWorkspace/Build/MdeModule/DEBUG_GCC5/X64/MdePkg/Library/SmmServicesTableLib/SmmServicesTableLib/OUTPUT/SmmServicesTableLib.lib
LOAD /home/hcj/UEFIWorkspace/Build/MdeModule/DEBUG_GCC5/X64/MdePkg/Library/BaseSerialPortLibNull/BaseSerialPortLibNull/OUTPUT/BaseSerialPortLibNull.lib
LOAD /home/hcj/UEFIWorkspace/Build/MdeModule/DEBUG_GCC5/X64/MdePkg/Library/MmServicesTableLib/MmServicesTableLib/OUTPUT/MmServicesTableLib.lib
LOAD /home/hcj/UEFIWorkspace/Build/MdeModule/DEBUG_GCC5/X64/MdePkg/Library/UefiDriverEntryPoint/UefiDriverEntryPoint/OUTPUT/UefiDriverEntryPoint.lib
LOAD /home/hcj/UEFIWorkspace/Build/MdeModule/DEBUG_GCC5/X64/MdePkg/Library/BasePrintLib/BasePrintLib/OUTPUT/BasePrintLib.lib
LOAD /home/hcj/UEFIWorkspace/Build/MdeModule/DEBUG_GCC5/X64/MdePkg/Library/BaseReportStatusCodeLibNull/BaseReportStatusCodeLibNull/OUTPUT/BaseReportStatusCodeLibNull.lib
LOAD /home/hcj/UEFIWorkspace/Build/MdeModule/DEBUG_GCC5/X64/MdePkg/Library/SmmMemoryAllocationLib/SmmMemoryAllocationLib/OUTPUT/SmmMemoryAllocationLib.lib
END GROUP
                0x0000000000000228                PECOFF_HEADER_SIZE = 0x228
                0x0000000000000228                . = PECOFF_HEADER_SIZE

.text           0x0000000000000240     0x1735
 *(.text .text.* .stub .gnu.linkonce.t.*)
 .text.ProcessLibraryDestructorList
                0x0000000000000240       0x4e /tmp/cclxvTUJ.ltrans0.ltrans.o
 .text.AsciiSPrint
                0x000000000000028e       0xbf /tmp/cclxvTUJ.ltrans0.ltrans.o
 .text.SerialStatusCodeReportWorker
                0x000000000000034d      0x141 /tmp/cclxvTUJ.ltrans0.ltrans.o
 .text.BasePrintLibFillBuffer
                0x000000000000048e       0x2e /tmp/cclxvTUJ.ltrans0.ltrans.o
                0x000000000000048e                BasePrintLibFillBuffer
 .text.AsciiStrnLenS
                0x00000000000004bc       0x26 /tmp/cclxvTUJ.ltrans0.ltrans.o
                0x00000000000004bc                AsciiStrnLenS
 .text.InternalAssertJumpBuffer
                0x00000000000004e2        0x1 /tmp/cclxvTUJ.ltrans0.ltrans.o
                0x00000000000004e2                InternalAssertJumpBuffer
 .text.ProcessModuleEntryPointList
                0x00000000000004e3       0x7a /tmp/cclxvTUJ.ltrans0.ltrans.o
 .text._ModuleEntryPoint
                0x000000000000055d      0x1c2 /tmp/cclxvTUJ.ltrans0.ltrans.o
                0x000000000000055d                _ModuleEntryPoint
 .text.BasePrintLibSPrintMarker.constprop.3
                0x000000000000071f      0xbac /tmp/cclxvTUJ.ltrans1.ltrans.o
                0x000000000000071f                BasePrintLibSPrintMarker.constprop.3
 .text.InternalAllocatePool.constprop.8
                0x00000000000012cb       0x37 /tmp/cclxvTUJ.ltrans2.ltrans.o
                0x00000000000012cb                InternalAllocatePool.constprop.8
 .text.BasePrintLibSPrint.constprop.4
                0x0000000000001302       0xb9 /tmp/cclxvTUJ.ltrans2.ltrans.o
                0x0000000000001302                BasePrintLibSPrint.constprop.4
 *fill*         0x00000000000013bb        0x5 
 .text          0x00000000000013c0       0xac /home/hcj/UEFIWorkspace/Build/MdeModule/DEBUG_GCC5/X64/MdePkg/Library/BaseLib/BaseLib/OUTPUT/BaseLib.lib(LongJump.obj)
                0x00000000000013c0                InternalLongJump
 *fill*         0x000000000000146c        0x4 
 .text          0x0000000000001470       0xc2 /home/hcj/UEFIWorkspace/Build/MdeModule/DEBUG_GCC5/X64/MdePkg/Library/BaseLib/BaseLib/OUTPUT/BaseLib.lib(SetJump.obj)
                0x0000000000001470                SetJump
 *(.rodata .rodata.* .gnu.linkonce.r.*)
 .rodata.str1.1
                0x0000000000001532       0x5a /tmp/cclxvTUJ.ltrans0.ltrans.o
                                         0x5d (size before relaxing)
 .rodata._gUefiDriverRevision
                0x000000000000158c        0x4 /tmp/cclxvTUJ.ltrans0.ltrans.o
                0x000000000000158c                _gPcd_FixedAtBuild_PcdControlFlowEnforcementPropertyMask
 .rodata.str1.1
                0x0000000000001590       0x79 /tmp/cclxvTUJ.ltrans1.ltrans.o
                                         0x7b (size before relaxing)
 *fill*         0x0000000000001609        0x7 
 .rodata.mHexStr
                0x0000000000001610       0x10 /tmp/cclxvTUJ.ltrans1.ltrans.o
 .rodata.mWarningString
                0x0000000000001620       0x96 /tmp/cclxvTUJ.ltrans1.ltrans.o
 *fill*         0x00000000000016b6        0xa 
 .rodata.mErrorString
                0x00000000000016c0      0x2b5 /tmp/cclxvTUJ.ltrans1.ltrans.o
 *(.got .got.*)
 .got           0x0000000000001975        0x0 StatusCodeHandlerMm.obj (symbol from plugin)
 .got.plt       0x0000000000001975        0x0 StatusCodeHandlerMm.obj (symbol from plugin)
 *:AutoGen.obj(.data.g*Guid)

.plt            0x0000000000001980        0x0
 .plt           0x0000000000001980        0x0 StatusCodeHandlerMm.obj (symbol from plugin)

.plt.got        0x0000000000001978        0x0
 .plt.got       0x0000000000001978        0x0 StatusCodeHandlerMm.obj (symbol from plugin)

.data           0x0000000000001980      0x1a0
 *(.data .data.* .gnu.linkonce.d.*)
 .data.gEfiStatusCodeDataTypeStringGuid
                0x0000000000001980       0x10 /tmp/cclxvTUJ.ltrans0.ltrans.o
 .data.gEfiMmRscHandlerProtocolGuid
                0x0000000000001990       0x10 /tmp/cclxvTUJ.ltrans0.ltrans.o
 .data.gEfiSmmBase2ProtocolGuid
                0x00000000000019a0       0x10 /tmp/cclxvTUJ.ltrans0.ltrans.o
 .data.gEfiMmBaseProtocolGuid
                0x00000000000019b0       0x10 /tmp/cclxvTUJ.ltrans0.ltrans.o
 .data.gEfiSmmAccess2ProtocolGuid
                0x00000000000019c0       0x10 /tmp/cclxvTUJ.ltrans0.ltrans.o
 .data.rel.ro   0x00000000000019d0        0x0 StatusCodeHandlerMm.obj (symbol from plugin)
 *(.bss .bss.*)
 .bss.mRscHandlerProtocol
                0x00000000000019d0        0x8 /tmp/cclxvTUJ.ltrans0.ltrans.o
 *fill*         0x00000000000019d8        0x8 
 .bss.mJumpContext
                0x00000000000019e0      0x100 /tmp/cclxvTUJ.ltrans0.ltrans.o
 .bss.mDriverEntryPointStatus
                0x0000000000001ae0        0x8 /tmp/cclxvTUJ.ltrans0.ltrans.o
 .bss.gST       0x0000000000001ae8        0x8 /tmp/cclxvTUJ.ltrans0.ltrans.o
 .bss.gImageHandle
                0x0000000000001af0        0x8 /tmp/cclxvTUJ.ltrans0.ltrans.o
 .bss.gMmst     0x0000000000001af8        0x8 /tmp/cclxvTUJ.ltrans0.ltrans.o
 .bss.mSmramRangeCount
                0x0000000000001b00        0x8 /tmp/cclxvTUJ.ltrans0.ltrans.o
 .bss.mSmramRanges
                0x0000000000001b08        0x8 /tmp/cclxvTUJ.ltrans0.ltrans.o
 .bss.gBS       0x0000000000001b10        0x8 /tmp/cclxvTUJ.ltrans0.ltrans.o
 .bss.gSmst     0x0000000000001b18        0x8 /tmp/cclxvTUJ.ltrans2.ltrans.o
                0x0000000000001b18                gSmst

.eh_frame       0x0000000000001b40        0x0
 *(.eh_frame)
 .eh_frame      0x0000000000001b40        0x0 StatusCodeHandlerMm.obj (symbol from plugin)
 .eh_frame      0x0000000000001b40        0x0 StatusCodeHandlerMm.obj (symbol from plugin)

.dynbss         0x0000000000001b40        0x0
 .dynbss        0x0000000000001b40        0x0 StatusCodeHandlerMm.obj (symbol from plugin)

.gnu.version_d  0x0000000000001b40        0x0
 .gnu.version_d
                0x0000000000001b40        0x0 StatusCodeHandlerMm.obj (symbol from plugin)

.gnu.version    0x0000000000001b40        0x0
 .gnu.version   0x0000000000001b40        0x0 StatusCodeHandlerMm.obj (symbol from plugin)

.gnu.version_r  0x0000000000001b40        0x0
 .gnu.version_r
                0x0000000000001b40        0x0 StatusCodeHandlerMm.obj (symbol from plugin)

.rela           0x0000000000001b40        0x0
 *(.rela .rela.*)
 .rela.plt      0x0000000000001b40        0x0 StatusCodeHandlerMm.obj (symbol from plugin)
 .rela.got      0x0000000000001b40        0x0 StatusCodeHandlerMm.obj (symbol from plugin)
 .rela.bss      0x0000000000001b40        0x0 StatusCodeHandlerMm.obj (symbol from plugin)
 .rela.data.rel.ro
                0x0000000000001b40        0x0 StatusCodeHandlerMm.obj (symbol from plugin)
 .rela.ifunc    0x0000000000001b40        0x0 StatusCodeHandlerMm.obj (symbol from plugin)

.hii
 *(.hii)

.build-id       0x0000000000001b40       0x24
 *(.note.gnu.build-id)
 .note.gnu.build-id
                0x0000000000001b40       0x24 StatusCodeHandlerMm.obj (symbol from plugin)

/DISCARD/
 *(.note.GNU-stack)
 *(.gnu_debuglink)
 *(.interp)
 *(.dynsym)
 *(.dynstr)
 *(.dynamic)
 *(.hash .gnu.hash)
 *(.comment)
OUTPUT(/home/hcj/UEFIWorkspace/Build/MdeModule/DEBUG_GCC5/X64/MdeModulePkg/Universal/StatusCodeHandler/Smm/StatusCodeHandlerSmm/DEBUG/StatusCodeHandlerSmm.dll elf64-x86-64)

.debug_info     0x0000000000000000     0x4a0f
 .debug_info    0x0000000000000000     0x3684 /tmp/cclxvTUJ.ltrans0.ltrans.o
 .debug_info    0x0000000000003684      0x99a /tmp/cclxvTUJ.ltrans1.ltrans.o
 .debug_info    0x000000000000401e      0x9f1 /tmp/cclxvTUJ.ltrans2.ltrans.o

.debug_abbrev   0x0000000000000000      0x734
 .debug_abbrev  0x0000000000000000      0x412 /tmp/cclxvTUJ.ltrans0.ltrans.o
 .debug_abbrev  0x0000000000000412      0x18a /tmp/cclxvTUJ.ltrans1.ltrans.o
 .debug_abbrev  0x000000000000059c      0x198 /tmp/cclxvTUJ.ltrans2.ltrans.o

.debug_loc      0x0000000000000000     0x2688
 .debug_loc     0x0000000000000000      0xcaf /tmp/cclxvTUJ.ltrans0.ltrans.o
 .debug_loc     0x0000000000000caf     0x1886 /tmp/cclxvTUJ.ltrans1.ltrans.o
 .debug_loc     0x0000000000002535      0x153 /tmp/cclxvTUJ.ltrans2.ltrans.o

.debug_aranges  0x0000000000000000      0x140
 .debug_aranges
                0x0000000000000000       0xd0 /tmp/cclxvTUJ.ltrans0.ltrans.o
 .debug_aranges
                0x00000000000000d0       0x30 /tmp/cclxvTUJ.ltrans1.ltrans.o
 .debug_aranges
                0x0000000000000100       0x40 /tmp/cclxvTUJ.ltrans2.ltrans.o

.debug_ranges   0x0000000000000000      0x400
 .debug_ranges  0x0000000000000000      0x3b0 /tmp/cclxvTUJ.ltrans0.ltrans.o
 .debug_ranges  0x00000000000003b0       0x20 /tmp/cclxvTUJ.ltrans1.ltrans.o
 .debug_ranges  0x00000000000003d0       0x30 /tmp/cclxvTUJ.ltrans2.ltrans.o

.debug_line     0x0000000000000000     0x11c0
 .debug_line    0x0000000000000000      0xa8c /tmp/cclxvTUJ.ltrans0.ltrans.o
 .debug_line    0x0000000000000a8c      0x43e /tmp/cclxvTUJ.ltrans1.ltrans.o
 .debug_line    0x0000000000000eca      0x2f6 /tmp/cclxvTUJ.ltrans2.ltrans.o

.debug_str      0x0000000000000000     0x242f
 .debug_str     0x0000000000000000     0x21cc /tmp/cclxvTUJ.ltrans0.ltrans.o
                                       0x24e2 (size before relaxing)
 .debug_str     0x00000000000021cc      0x1f5 /tmp/cclxvTUJ.ltrans1.ltrans.o
                                        0x5ac (size before relaxing)
 .debug_str     0x00000000000023c1       0x6e /tmp/cclxvTUJ.ltrans2.ltrans.o
                                        0xac4 (size before relaxing)

.debug_frame    0x0000000000000000      0x378
 .debug_frame   0x0000000000000000      0x1f8 /tmp/cclxvTUJ.ltrans0.ltrans.o
 .debug_frame   0x00000000000001f8       0xe8 /tmp/cclxvTUJ.ltrans1.ltrans.o
 .debug_frame   0x00000000000002e0       0x98 /tmp/cclxvTUJ.ltrans2.ltrans.o
