Archive member included to satisfy reference by file (symbol)

/home/hcj/UEFIWorkspace/Build/RobinPkg/DEBUG_GCC5/X64/StdLib/LibC/gdtoa/gdtoa/OUTPUT/LibGdtoa.lib(strtof.obj)
                              (--whole-archive)
/home/hcj/UEFIWorkspace/Build/RobinPkg/DEBUG_GCC5/X64/StdLib/LibC/gdtoa/gdtoa/OUTPUT/LibGdtoa.lib(strtold_px.obj)
                              (--whole-archive)
/home/hcj/UEFIWorkspace/Build/RobinPkg/DEBUG_GCC5/X64/StdLib/LibC/gdtoa/gdtoa/OUTPUT/LibGdtoa.lib(strtopx.obj)
                              (--whole-archive)
/home/hcj/UEFIWorkspace/Build/RobinPkg/DEBUG_GCC5/X64/StdLib/LibC/gdtoa/gdtoa/OUTPUT/LibGdtoa.lib(strtod.obj)
                              (--whole-archive)
/home/hcj/UEFIWorkspace/Build/RobinPkg/DEBUG_GCC5/X64/StdLib/LibC/gdtoa/gdtoa/OUTPUT/LibGdtoa.lib(atof.obj)
                              (--whole-archive)
/home/hcj/UEFIWorkspace/Build/RobinPkg/DEBUG_GCC5/X64/StdLib/LibC/gdtoa/gdtoa/OUTPUT/LibGdtoa.lib(dtoa.obj)
                              (--whole-archive)
/home/hcj/UEFIWorkspace/Build/RobinPkg/DEBUG_GCC5/X64/StdLib/LibC/gdtoa/gdtoa/OUTPUT/LibGdtoa.lib(gdtoa.obj)
                              (--whole-archive)
/home/hcj/UEFIWorkspace/Build/RobinPkg/DEBUG_GCC5/X64/StdLib/LibC/gdtoa/gdtoa/OUTPUT/LibGdtoa.lib(dmisc.obj)
                              (--whole-archive)
/home/hcj/UEFIWorkspace/Build/RobinPkg/DEBUG_GCC5/X64/StdLib/LibC/gdtoa/gdtoa/OUTPUT/LibGdtoa.lib(gmisc.obj)
                              (--whole-archive)
/home/hcj/UEFIWorkspace/Build/RobinPkg/DEBUG_GCC5/X64/StdLib/LibC/gdtoa/gdtoa/OUTPUT/LibGdtoa.lib(hd_init.obj)
                              (--whole-archive)
/home/hcj/UEFIWorkspace/Build/RobinPkg/DEBUG_GCC5/X64/StdLib/LibC/gdtoa/gdtoa/OUTPUT/LibGdtoa.lib(hexnan.obj)
                              (--whole-archive)
/home/hcj/UEFIWorkspace/Build/RobinPkg/DEBUG_GCC5/X64/StdLib/LibC/gdtoa/gdtoa/OUTPUT/LibGdtoa.lib(misc.obj)
                              (--whole-archive)
/home/hcj/UEFIWorkspace/Build/RobinPkg/DEBUG_GCC5/X64/StdLib/LibC/gdtoa/gdtoa/OUTPUT/LibGdtoa.lib(smisc.obj)
                              (--whole-archive)
/home/hcj/UEFIWorkspace/Build/RobinPkg/DEBUG_GCC5/X64/StdLib/LibC/gdtoa/gdtoa/OUTPUT/LibGdtoa.lib(strtodg.obj)
                              (--whole-archive)
/home/hcj/UEFIWorkspace/Build/RobinPkg/DEBUG_GCC5/X64/StdLib/LibC/gdtoa/gdtoa/OUTPUT/LibGdtoa.lib(sum.obj)
                              (--whole-archive)
/home/hcj/UEFIWorkspace/Build/RobinPkg/DEBUG_GCC5/X64/StdLib/LibC/gdtoa/gdtoa/OUTPUT/LibGdtoa.lib(ulp.obj)
                              (--whole-archive)
/home/hcj/UEFIWorkspace/Build/RobinPkg/DEBUG_GCC5/X64/StdLib/PosixLib/Gen/LibGen/OUTPUT/LibGen.lib(dirname.obj)
                              (--whole-archive)
/home/hcj/UEFIWorkspace/Build/RobinPkg/DEBUG_GCC5/X64/StdLib/PosixLib/Gen/LibGen/OUTPUT/LibGen.lib(opendir.obj)
                              (--whole-archive)
/home/hcj/UEFIWorkspace/Build/RobinPkg/DEBUG_GCC5/X64/StdLib/PosixLib/Gen/LibGen/OUTPUT/LibGen.lib(closedir.obj)
                              (--whole-archive)
/home/hcj/UEFIWorkspace/Build/RobinPkg/DEBUG_GCC5/X64/StdLib/PosixLib/Gen/LibGen/OUTPUT/LibGen.lib(readdir.obj)
                              (--whole-archive)
/home/hcj/UEFIWorkspace/Build/RobinPkg/DEBUG_GCC5/X64/StdLib/PosixLib/Gen/LibGen/OUTPUT/LibGen.lib(access.obj)
                              (--whole-archive)
/home/hcj/UEFIWorkspace/Build/RobinPkg/DEBUG_GCC5/X64/StdLib/PosixLib/Gen/LibGen/OUTPUT/LibGen.lib(utime.obj)
                              (--whole-archive)
/home/hcj/UEFIWorkspace/Build/RobinPkg/DEBUG_GCC5/X64/StdLib/LibC/Time/Time/OUTPUT/LibTime.lib(Time.obj)
                              (--whole-archive)
/home/hcj/UEFIWorkspace/Build/RobinPkg/DEBUG_GCC5/X64/StdLib/LibC/Time/Time/OUTPUT/LibTime.lib(ZoneProc.obj)
                              (--whole-archive)
/home/hcj/UEFIWorkspace/Build/RobinPkg/DEBUG_GCC5/X64/StdLib/LibC/Time/Time/OUTPUT/LibTime.lib(strftime.obj)
                              (--whole-archive)
/home/hcj/UEFIWorkspace/Build/RobinPkg/DEBUG_GCC5/X64/StdLib/LibC/Time/Time/OUTPUT/LibTime.lib(strptime.obj)
                              (--whole-archive)
/home/hcj/UEFIWorkspace/Build/RobinPkg/DEBUG_GCC5/X64/StdLib/LibC/Time/Time/OUTPUT/LibTime.lib(TimeEfi.obj)
                              (--whole-archive)
/home/hcj/UEFIWorkspace/Build/RobinPkg/DEBUG_GCC5/X64/StdLib/LibC/Time/Time/OUTPUT/LibTime.lib(gettimeofday.obj)
                              (--whole-archive)
/home/hcj/UEFIWorkspace/Build/RobinPkg/DEBUG_GCC5/X64/StdLib/LibC/Time/Time/OUTPUT/LibTime.lib(timegm.obj)
                              (--whole-archive)
/home/hcj/UEFIWorkspace/Build/RobinPkg/DEBUG_GCC5/X64/StdLib/LibC/Time/Time/OUTPUT/LibTime.lib(itimer.obj)
                              (--whole-archive)
/home/hcj/UEFIWorkspace/Build/RobinPkg/DEBUG_GCC5/X64/StdLib/LibC/Locale/Locale/OUTPUT/LibLocale.lib(__mb_cur_max.obj)
                              (--whole-archive)
[...]
Memory Configuration

Name             Origin             Length             Attributes
*default*        0x0000000000000000 0xffffffffffffffff

Linker script and memory map

LOAD /tmp/ccKKsiNW.ltrans0.ltrans.o
LOAD /tmp/ccKKsiNW.ltrans1.ltrans.o
LOAD /tmp/ccKKsiNW.ltrans2.ltrans.o
LOAD /tmp/ccKKsiNW.ltrans3.ltrans.o
LOAD /tmp/ccKKsiNW.ltrans4.ltrans.o
LOAD /tmp/ccKKsiNW.ltrans5.ltrans.o
LOAD /tmp/ccKKsiNW.ltrans6.ltrans.o
LOAD /tmp/ccKKsiNW.ltrans7.ltrans.o
LOAD /tmp/ccKKsiNW.ltrans8.ltrans.o
LOAD /tmp/ccKKsiNW.ltrans9.ltrans.o
LOAD /tmp/ccKKsiNW.ltrans10.ltrans.o
LOAD /tmp/ccKKsiNW.ltrans11.ltrans.o
LOAD /tmp/ccKKsiNW.ltrans12.ltrans.o
LOAD /tmp/ccKKsiNW.ltrans13.ltrans.o
LOAD /tmp/ccKKsiNW.ltrans14.ltrans.o
LOAD /tmp/ccKKsiNW.ltrans15.ltrans.o
LOAD /tmp/ccKKsiNW.ltrans16.ltrans.o
LOAD /tmp/ccKKsiNW.ltrans17.ltrans.o
LOAD /tmp/ccKKsiNW.ltrans18.ltrans.o
LOAD /tmp/ccKKsiNW.ltrans19.ltrans.o
LOAD /tmp/ccKKsiNW.ltrans20.ltrans.o
LOAD /tmp/ccKKsiNW.ltrans21.ltrans.o
LOAD /tmp/ccKKsiNW.ltrans22.ltrans.o
LOAD /tmp/ccKKsiNW.ltrans23.ltrans.o
LOAD /tmp/ccKKsiNW.ltrans24.ltrans.o
LOAD /tmp/ccKKsiNW.ltrans25.ltrans.o
LOAD /tmp/ccKKsiNW.ltrans26.ltrans.o
LOAD /tmp/ccKKsiNW.ltrans27.ltrans.o
LOAD /tmp/ccKKsiNW.ltrans28.ltrans.o
LOAD /tmp/ccKKsiNW.ltrans29.ltrans.o
LOAD /tmp/ccKKsiNW.ltrans30.ltrans.o
LOAD /tmp/ccKKsiNW.ltrans31.ltrans.o
START GROUP
LOAD /home/hcj/UEFIWorkspace/Build/RobinPkg/DEBUG_GCC5/X64/StdLib/LibC/gdtoa/gdtoa/OUTPUT/LibGdtoa.lib
LOAD /home/hcj/UEFIWorkspace/Build/RobinPkg/DEBUG_GCC5/X64/StdLib/PosixLib/Gen/LibGen/OUTPUT/LibGen.lib
LOAD /home/hcj/UEFIWorkspace/Build/RobinPkg/DEBUG_GCC5/X64/StdLib/LibC/Time/Time/OUTPUT/LibTime.lib
LOAD /home/hcj/UEFIWorkspace/Build/RobinPkg/DEBUG_GCC5/X64/StdLib/LibC/Locale/Locale/OUTPUT/LibLocale.lib
LOAD /home/hcj/UEFIWorkspace/Build/RobinPkg/DEBUG_GCC5/X64/StdLib/LibC/Uefi/Uefi/OUTPUT/LibUefi.lib
LOAD /home/hcj/UEFIWorkspace/Build/RobinPkg/DEBUG_GCC5/X64/StdLib/LibC/Signal/Signal/OUTPUT/LibSignal.lib
LOAD /home/hcj/UEFIWorkspace/Build/RobinPkg/DEBUG_GCC5/X64/StdLib/LibC/Ctype/Ctype/OUTPUT/LibCtype.lib
LOAD /home/hcj/UEFIWorkspace/Build/RobinPkg/DEBUG_GCC5/X64/StdLib/LibC/String/String/OUTPUT/LibString.lib
LOAD /home/hcj/UEFIWorkspace/Build/RobinPkg/DEBUG_GCC5/X64/StdLib/LibC/StdLib/StdLib/OUTPUT/LibStdLib.lib
LOAD /home/hcj/UEFIWorkspace/Build/RobinPkg/DEBUG_GCC5/X64/StdLib/LibC/Uefi/Devices/daUtility/OUTPUT/DevUtility.lib
LOAD /home/hcj/UEFIWorkspace/Build/RobinPkg/DEBUG_GCC5/X64/MdePkg/Library/UefiApplicationEntryPoint/UefiApplicationEntryPoint/OUTPUT/UefiApplicationEntryPoint.lib
LOAD /home/hcj/UEFIWorkspace/Build/RobinPkg/DEBUG_GCC5/X64/MdePkg/Library/RegisterFilterLibNull/RegisterFilterLibNull/OUTPUT/FilterLibNull.lib
LOAD /home/hcj/UEFIWorkspace/Build/RobinPkg/DEBUG_GCC5/X64/MdePkg/Library/BaseLib/BaseLib/OUTPUT/BaseLib.lib
LOAD /home/hcj/UEFIWorkspace/Build/RobinPkg/DEBUG_GCC5/X64/MdePkg/Library/UefiMemoryAllocationLib/UefiMemoryAllocationLib/OUTPUT/UefiMemoryAllocationLib.lib
LOAD /home/hcj/UEFIWorkspace/Build/RobinPkg/DEBUG_GCC5/X64/MdePkg/Library/BasePcdLibNull/BasePcdLibNull/OUTPUT/BasePcdLibNull.lib
LOAD /home/hcj/UEFIWorkspace/Build/RobinPkg/DEBUG_GCC5/X64/MdePkg/Library/BasePrintLib/BasePrintLib/OUTPUT/BasePrintLib.lib
LOAD /home/hcj/UEFIWorkspace/Build/RobinPkg/DEBUG_GCC5/X64/ShellPkg/Library/UefiShellCEntryLib/UefiShellCEntryLib/OUTPUT/UefiShellCEntryLib.lib
LOAD /home/hcj/UEFIWorkspace/Build/RobinPkg/DEBUG_GCC5/X64/MdePkg/Library/BaseMemoryLib/BaseMemoryLib/OUTPUT/BaseMemoryLib.lib
LOAD /home/hcj/UEFIWorkspace/Build/RobinPkg/DEBUG_GCC5/X64/MdePkg/Library/BaseDebugLibNull/BaseDebugLibNull/OUTPUT/BaseDebugLibNull.lib
LOAD /home/hcj/UEFIWorkspace/Build/RobinPkg/DEBUG_GCC5/X64/StdLib/LibC/Stdio/Stdio/OUTPUT/LibStdio.lib
LOAD /home/hcj/UEFIWorkspace/Build/RobinPkg/DEBUG_GCC5/X64/StdLib/LibC/LibC/OUTPUT/LibC.lib
LOAD /home/hcj/UEFIWorkspace/Build/RobinPkg/DEBUG_GCC5/X64/StdLib/LibC/Wchar/Wchar/OUTPUT/LibWchar.lib
LOAD /home/hcj/UEFIWorkspace/Build/RobinPkg/DEBUG_GCC5/X64/MdePkg/Library/UefiDevicePathLib/UefiDevicePathLib/OUTPUT/UefiDevicePathLib.lib
LOAD /home/hcj/UEFIWorkspace/Build/RobinPkg/DEBUG_GCC5/X64/MdePkg/Library/UefiRuntimeServicesTableLib/UefiRuntimeServicesTableLib/OUTPUT/UefiRuntimeServicesTableLib.lib
LOAD /home/hcj/UEFIWorkspace/Build/RobinPkg/DEBUG_GCC5/X64/MdePkg/Library/UefiBootServicesTableLib/UefiBootServicesTableLib/OUTPUT/UefiBootServicesTableLib.lib
LOAD /home/hcj/UEFIWorkspace/Build/RobinPkg/DEBUG_GCC5/X64/MdePkg/Library/UefiLib/UefiLib/OUTPUT/UefiLib.lib
LOAD /home/hcj/UEFIWorkspace/Build/RobinPkg/DEBUG_GCC5/X64/StdLib/LibC/Containers/ContainerLib/OUTPUT/LibContainer.lib
LOAD /home/hcj/UEFIWorkspace/Build/RobinPkg/DEBUG_GCC5/X64/StdLib/LibC/Uefi/InteractiveIO/IIO/OUTPUT/LibIIO.lib
LOAD /home/hcj/UEFIWorkspace/Build/RobinPkg/DEBUG_GCC5/X64/StdLib/LibC/Uefi/Devices/daConsole/OUTPUT/DevConsole.lib
LOAD /home/hcj/UEFIWorkspace/Build/RobinPkg/DEBUG_GCC5/X64/MdeModulePkg/Library/UefiSortLib/UefiSortLib/OUTPUT/UefiSortLib.lib
LOAD /home/hcj/UEFIWorkspace/Build/RobinPkg/DEBUG_GCC5/X64/MdeModulePkg/Library/UefiHiiLib/UefiHiiLib/OUTPUT/UefiHiiLib.lib
LOAD /home/hcj/UEFIWorkspace/Build/RobinPkg/DEBUG_GCC5/X64/MdePkg/Library/UefiFileHandleLib/UefiFileHandleLib/OUTPUT/UefiFileHandleLib.lib
LOAD /home/hcj/UEFIWorkspace/Build/RobinPkg/DEBUG_GCC5/X64/ShellPkg/Library/UefiShellLib/UefiShellLib/OUTPUT/UefiShellLib.lib
LOAD /home/hcj/UEFIWorkspace/Build/RobinPkg/DEBUG_GCC5/X64/MdeModulePkg/Library/UefiHiiServicesLib/UefiHiiServicesLib/OUTPUT/UefiHiiServicesLib.lib
LOAD /home/hcj/UEFIWorkspace/Build/RobinPkg/DEBUG_GCC5/X64/StdLib/LibC/NetUtil/NetUtil/OUTPUT/LibNetUtil.lib
LOAD /home/hcj/UEFIWorkspace/Build/RobinPkg/DEBUG_GCC5/X64/StdLib/LibC/Uefi/Devices/daShell/OUTPUT/DevShell.lib
LOAD /home/hcj/UEFIWorkspace/Build/RobinPkg/DEBUG_GCC5/X64/StdLib/BsdSocketLib/BsdSocketLib/OUTPUT/BsdSocketLib.lib
LOAD /home/hcj/UEFIWorkspace/Build/RobinPkg/DEBUG_GCC5/X64/StdLib/EfiSocketLib/EfiSocketLib/OUTPUT/EfiSocketLib.lib
LOAD /home/hcj/UEFIWorkspace/Build/RobinPkg/DEBUG_GCC5/X64/RobinPkg/Applications/stdEchoTcp4/stdEchoTcp4/OUTPUT/stdEchoTcp4.lib
END GROUP
                0x0000000000000228                PECOFF_HEADER_SIZE = 0x228
                0x0000000000000228                . = PECOFF_HEADER_SIZE

.text           0x0000000000000240    0x1bed0
 *(.text .text.* .stub .gnu.linkonce.t.*)
 .text.__vfprintf_unlocked
                0x0000000000000240     0x3087 /tmp/ccKKsiNW.ltrans0.ltrans.o
                0x0000000000000240                __vfprintf_unlocked
 .text.sscanf   0x00000000000032c7     0x2b8a /tmp/ccKKsiNW.ltrans1.ltrans.o
                0x00000000000032c7                sscanf
 .text.__any_on_D2A
                0x0000000000005e51       0x55 /tmp/ccKKsiNW.ltrans2.ltrans.o
 .text.__copybits_D2A
                0x0000000000005ea6       0x3e /tmp/ccKKsiNW.ltrans2.ltrans.o
 .text.__lo0bits_D2A
                0x0000000000005ee4       0x6c /tmp/ccKKsiNW.ltrans2.ltrans.o
 .text.__rshift_D2A
                0x0000000000005f50       0x9b /tmp/ccKKsiNW.ltrans2.ltrans.o
 .text.__match_D2A
                0x0000000000005feb       0x35 /tmp/ccKKsiNW.ltrans2.ltrans.o
                0x0000000000005feb                __match_D2A
 .text.__cmp_D2A
                0x0000000000006020       0x3c /tmp/ccKKsiNW.ltrans2.ltrans.o
                0x0000000000006020                __cmp_D2A
 .text.__hi0bits_D2A
                0x000000000000605c       0x53 /tmp/ccKKsiNW.ltrans2.ltrans.o
                0x000000000000605c                __hi0bits_D2A
 .text.__b2d_D2A
                0x00000000000060af       0xd0 /tmp/ccKKsiNW.ltrans2.ltrans.o
 .text.__ratio_D2A
                0x000000000000617f       0x67 /tmp/ccKKsiNW.ltrans2.ltrans.o
                0x000000000000617f                __ratio_D2A
 .text.__Bfree_D2A
                0x00000000000061e6       0x1c /tmp/ccKKsiNW.ltrans2.ltrans.o
                0x00000000000061e6                __Bfree_D2A
 .text.__Balloc_D2A
                0x0000000000006202       0xa4 /tmp/ccKKsiNW.ltrans2.ltrans.o
                0x0000000000006202                __Balloc_D2A
 .text.unlikely.__set_ones_D2A
                0x00000000000062a6       0x64 /tmp/ccKKsiNW.ltrans2.ltrans.o
 .text.__increment_D2A
                0x000000000000630a       0x89 /tmp/ccKKsiNW.ltrans2.ltrans.o
 .text.__d2b_D2A
                0x0000000000006393      0x10c /tmp/ccKKsiNW.ltrans2.ltrans.o
                0x0000000000006393                __d2b_D2A
 .text.__diff_D2A
                0x000000000000649f       0xf6 /tmp/ccKKsiNW.ltrans2.ltrans.o
                0x000000000000649f                __diff_D2A
 .text.__lshift_D2A
                0x0000000000006595       0xe9 /tmp/ccKKsiNW.ltrans2.ltrans.o
                0x0000000000006595                __lshift_D2A
 .text.rvOK     0x000000000000667e      0x2e3 /tmp/ccKKsiNW.ltrans2.ltrans.o
 .text.__mult_D2A
                0x0000000000006961       0xeb /tmp/ccKKsiNW.ltrans2.ltrans.o
                0x0000000000006961                __mult_D2A
 .text.__i2b_D2A
                0x0000000000006a4c       0x1e /tmp/ccKKsiNW.ltrans2.ltrans.o
                0x0000000000006a4c                __i2b_D2A
 .text.__multadd_D2A
                0x0000000000006a6a       0xa6 /tmp/ccKKsiNW.ltrans2.ltrans.o
                0x0000000000006a6a                __multadd_D2A
 .text.__s2b_D2A
                0x0000000000006b10       0xbe /tmp/ccKKsiNW.ltrans2.ltrans.o
                0x0000000000006b10                __s2b_D2A
 .text.__pow5mult_D2A
                0x0000000000006bce       0xb6 /tmp/ccKKsiNW.ltrans2.ltrans.o
                0x0000000000006bce                __pow5mult_D2A
 .text.__strtodg_D2A
                0x0000000000006c84     0x16b6 /tmp/ccKKsiNW.ltrans2.ltrans.o
                0x0000000000006c84                __strtodg_D2A
 .text.__quorem_D2A
                0x000000000000833a      0x15d /tmp/ccKKsiNW.ltrans2.ltrans.o
                0x000000000000833a                __quorem_D2A
 .text.__freedtoa
                0x0000000000008497       0x31 /tmp/ccKKsiNW.ltrans2.ltrans.o
                0x0000000000008497                __freedtoa
 .text.__rv_alloc_D2A
                0x00000000000084c8       0x38 /tmp/ccKKsiNW.ltrans2.ltrans.o
                0x00000000000084c8                __rv_alloc_D2A
 .text.__nrv_alloc_D2A
                0x0000000000008500       0x3f /tmp/ccKKsiNW.ltrans2.ltrans.o
                0x0000000000008500                __nrv_alloc_D2A
 .text.fbadop_delete
                0x000000000000853f        0xe /tmp/ccKKsiNW.ltrans3.ltrans.o
                0x000000000000853f                fbadop_delete
 .text.fbadop_rmdir
                0x000000000000854d        0xe /tmp/ccKKsiNW.ltrans3.ltrans.o
                0x000000000000854d                fbadop_rmdir
 .text.fbadop_rename
                0x000000000000855b        0xe /tmp/ccKKsiNW.ltrans3.ltrans.o
                0x000000000000855b                fbadop_rename
 .text.fbadop_mkdir
                0x0000000000008569        0xe /tmp/ccKKsiNW.ltrans3.ltrans.o
                0x0000000000008569                fbadop_mkdir
 .text.fbadop_ioctl
                0x0000000000008577        0xe /tmp/ccKKsiNW.ltrans3.ltrans.o
                0x0000000000008577                fbadop_ioctl
 .text.fbadop_stat
                0x0000000000008585        0xe /tmp/ccKKsiNW.ltrans3.ltrans.o
                0x0000000000008585                fbadop_stat
 .text.fnullop_flush
                0x0000000000008593        0x3 /tmp/ccKKsiNW.ltrans3.ltrans.o
                0x0000000000008593                fnullop_flush
 .text.fnullop_fcntl
                0x0000000000008596        0x3 /tmp/ccKKsiNW.ltrans3.ltrans.o
                0x0000000000008596                fnullop_fcntl
 .text.ClassifyPath.part.0
                0x0000000000008599      0x116 /tmp/ccKKsiNW.ltrans3.ltrans.o
 .text.NormalizePath
                0x00000000000086af       0xa5 /tmp/ccKKsiNW.ltrans3.ltrans.o
                0x00000000000086af                NormalizePath
 .text.free     0x0000000000008754       0x6e /tmp/ccKKsiNW.ltrans3.ltrans.o
                0x0000000000008754                free
 .text.malloc   0x00000000000087c2       0xb3 /tmp/ccKKsiNW.ltrans3.ltrans.o
                0x00000000000087c2                malloc
 .text.realloc  0x0000000000008875       0xc6 /tmp/ccKKsiNW.ltrans3.ltrans.o
                0x0000000000008875                realloc
 .text.strcmp   0x000000000000893b       0x14 /tmp/ccKKsiNW.ltrans3.ltrans.o
                0x000000000000893b                strcmp
 .text.strncpyX
                0x000000000000894f       0x2e /tmp/ccKKsiNW.ltrans3.ltrans.o
                0x000000000000894f                strncpyX
 .text.strncpy  0x000000000000897d       0xad /tmp/ccKKsiNW.ltrans3.ltrans.o
                0x000000000000897d                strncpy
 .text.memcpy   0x0000000000008a2a       0x17 /tmp/ccKKsiNW.ltrans3.ltrans.o
                0x0000000000008a2a                memcpy
 .text.strlen   0x0000000000008a41       0x11 /tmp/ccKKsiNW.ltrans3.ltrans.o
                0x0000000000008a41                strlen
 .text.EFI2errno
                0x0000000000008a52      0x180 /tmp/ccKKsiNW.ltrans3.ltrans.o
                0x0000000000008a52                EFI2errno
 .text.open     0x0000000000008bd2      0x5a9 /tmp/ccKKsiNW.ltrans3.ltrans.o
                0x0000000000008bd2                open
 .text.lseek    0x000000000000917b       0x80 /tmp/ccKKsiNW.ltrans3.ltrans.o
                0x000000000000917b                lseek
 .text.abort    0x00000000000091fb       0x87 /tmp/ccKKsiNW.ltrans3.ltrans.o
                0x00000000000091fb                abort
 .text._ModuleEntryPoint
                0x0000000000009282      0xba7 /tmp/ccKKsiNW.ltrans4.ltrans.o
                0x0000000000009282                _ModuleEntryPoint
 .text.da_ConWrite.lto_priv.86
                0x0000000000009e29       0x8e /tmp/ccKKsiNW.ltrans5.ltrans.o
                0x0000000000009e29                da_ConWrite.lto_priv.86
 .text.da_ConSeek.lto_priv.108
                0x0000000000009eb7       0x6b /tmp/ccKKsiNW.ltrans5.ltrans.o
                0x0000000000009eb7                da_ConSeek.lto_priv.108
 .text.IIO_WriteOne
                0x0000000000009f22      0x230 /tmp/ccKKsiNW.ltrans5.ltrans.o
 .text.FifoDelete
                0x000000000000a152       0x14 /tmp/ccKKsiNW.ltrans5.ltrans.o
 .text.FIFO_FreeSpace.lto_priv.77
                0x000000000000a166       0x20 /tmp/ccKKsiNW.ltrans5.ltrans.o
                0x000000000000a166                FIFO_FreeSpace.lto_priv.77
 .text.FIFO_NumInQueue.lto_priv.76
                0x000000000000a186       0x1e /tmp/ccKKsiNW.ltrans5.ltrans.o
                0x000000000000a186                FIFO_NumInQueue.lto_priv.76
 .text.IIO_EchoOne
                0x000000000000a1a4      0x223 /tmp/ccKKsiNW.ltrans5.ltrans.o
 .text.FIFO_Truncate.lto_priv.79
                0x000000000000a3c7       0xf2 /tmp/ccKKsiNW.ltrans5.ltrans.o
                0x000000000000a3c7                FIFO_Truncate.lto_priv.79
 .text.FIFO_Flush.lto_priv.78
                0x000000000000a4b9      0x109 /tmp/ccKKsiNW.ltrans5.ltrans.o
                0x000000000000a4b9                FIFO_Flush.lto_priv.78
 .text.FIFO_GetWDex.lto_priv.82
                0x000000000000a5c2       0x70 /tmp/ccKKsiNW.ltrans5.ltrans.o
                0x000000000000a5c2                FIFO_GetWDex.lto_priv.82
 .text.FIFO_GetRDex.lto_priv.81
                0x000000000000a632       0x70 /tmp/ccKKsiNW.ltrans5.ltrans.o
                0x000000000000a632                FIFO_GetRDex.lto_priv.81
 .text.FIFO_IsFull.lto_priv.75
                0x000000000000a6a2       0x90 /tmp/ccKKsiNW.ltrans5.ltrans.o
                0x000000000000a6a2                FIFO_IsFull.lto_priv.75
 .text.FIFO_IsEmpty.lto_priv.74
                0x000000000000a732       0x76 /tmp/ccKKsiNW.ltrans5.ltrans.o
                0x000000000000a732                FIFO_IsEmpty.lto_priv.74
 .text.IIO_GetDeviceProto
                0x000000000000a7a8       0xc7 /tmp/ccKKsiNW.ltrans5.ltrans.o
 .text.IIO_GetOutputSize
                0x000000000000a86f       0x8c /tmp/ccKKsiNW.ltrans5.ltrans.o
 .text.IIO_SetCursorPosition
                0x000000000000a8fb       0x58 /tmp/ccKKsiNW.ltrans5.ltrans.o
 .text.IIO_GetCursorPosition
                0x000000000000a953       0x5d /tmp/ccKKsiNW.ltrans5.ltrans.o
 .text.IIO_Delete.lto_priv.112
                0x000000000000a9b0       0xde /tmp/ccKKsiNW.ltrans5.ltrans.o
                0x000000000000a9b0                IIO_Delete.lto_priv.112
 .text.FIFO_Delete.lto_priv.80
                0x000000000000aa8e       0xe5 /tmp/ccKKsiNW.ltrans5.ltrans.o
                0x000000000000aa8e                FIFO_Delete.lto_priv.80
 .text.IIO_Echo.lto_priv.115
                0x000000000000ab73      0x255 /tmp/ccKKsiNW.ltrans5.ltrans.o
                0x000000000000ab73                IIO_Echo.lto_priv.115
 .text.IIO_Read.lto_priv.113
                0x000000000000adc8      0x413 /tmp/ccKKsiNW.ltrans5.ltrans.o
                0x000000000000adc8                IIO_Read.lto_priv.113
 .text.IIO_Write.lto_priv.114
                0x000000000000b1db      0x2a4 /tmp/ccKKsiNW.ltrans5.ltrans.o
                0x000000000000b1db                IIO_Write.lto_priv.114
 .text.FIFO_Dequeue
                0x000000000000b47f      0x17b /tmp/ccKKsiNW.ltrans5.ltrans.o
 .text.FIFO_Copy.lto_priv.73
                0x000000000000b5fa        0x8 /tmp/ccKKsiNW.ltrans5.ltrans.o
                0x000000000000b5fa                FIFO_Copy.lto_priv.73
 .text.FIFO_Read.lto_priv.72
                0x000000000000b602        0xb /tmp/ccKKsiNW.ltrans5.ltrans.o
                0x000000000000b602                FIFO_Read.lto_priv.72
 .text.FIFO_Enqueue.lto_priv.71
                0x000000000000b60d      0x171 /tmp/ccKKsiNW.ltrans5.ltrans.o
                0x000000000000b60d                FIFO_Enqueue.lto_priv.71
 .text.da_ConRawRead.lto_priv.85
                0x000000000000b77e       0x96 /tmp/ccKKsiNW.ltrans5.ltrans.o
                0x000000000000b77e                da_ConRawRead.lto_priv.85
 .text.EfiGetCurrentTpl
                0x000000000000b814       0x2f /tmp/ccKKsiNW.ltrans5.ltrans.o
                0x000000000000b814                EfiGetCurrentTpl
 .text.FileHandleFlush
                0x000000000000b843       0x16 /tmp/ccKKsiNW.ltrans6.ltrans.o
                0x000000000000b843                FileHandleFlush
 .text.FileHandleGetPosition
                0x000000000000b859       0x1b /tmp/ccKKsiNW.ltrans6.ltrans.o
                0x000000000000b859                FileHandleGetPosition
 .text.FileHandleSetPosition
                0x000000000000b874       0x16 /tmp/ccKKsiNW.ltrans6.ltrans.o
                0x000000000000b874                FileHandleSetPosition
 .text.FileHandleDelete
                0x000000000000b88a       0x16 /tmp/ccKKsiNW.ltrans6.ltrans.o
                0x000000000000b88a                FileHandleDelete
 .text.FileHandleClose
                0x000000000000b8a0       0x16 /tmp/ccKKsiNW.ltrans6.ltrans.o
                0x000000000000b8a0                FileHandleClose
 .text.FileHandleWrite
                0x000000000000b8b6       0x16 /tmp/ccKKsiNW.ltrans6.ltrans.o
                0x000000000000b8b6                FileHandleWrite
 .text.FileHandleRead
                0x000000000000b8cc       0x16 /tmp/ccKKsiNW.ltrans6.ltrans.o
                0x000000000000b8cc                FileHandleRead
 .text.FileHandleSetInfo
                0x000000000000b8e2       0x28 /tmp/ccKKsiNW.ltrans6.ltrans.o
                0x000000000000b8e2                FileHandleSetInfo
 .text.da_ConOpen
                0x000000000000b90a       0x70 /tmp/ccKKsiNW.ltrans6.ltrans.o
                0x000000000000b90a                da_ConOpen
 .text.da_ConIoctl.lto_priv.109
                0x000000000000b97a        0xe /tmp/ccKKsiNW.ltrans6.ltrans.o
                0x000000000000b97a                da_ConIoctl.lto_priv.109
 .text.da_ConStat.lto_priv.107
                0x000000000000b988       0xd0 /tmp/ccKKsiNW.ltrans6.ltrans.o
                0x000000000000b988                da_ConStat.lto_priv.107
 .text.da_ShellSeek.lto_priv.84
                0x000000000000ba58      0x17a /tmp/ccKKsiNW.ltrans6.ltrans.o
                0x000000000000ba58                da_ShellSeek.lto_priv.84
 .text.da_ShellDelete.lto_priv.100
                0x000000000000bbd2       0xcd /tmp/ccKKsiNW.ltrans6.ltrans.o
                0x000000000000bbd2                da_ShellDelete.lto_priv.100
 .text.FileHandleGetInfo
                0x000000000000bc9f       0x81 /tmp/ccKKsiNW.ltrans6.ltrans.o
                0x000000000000bc9f                FileHandleGetInfo
 .text.FileHandleGetSize
                0x000000000000bd20       0x50 /tmp/ccKKsiNW.ltrans6.ltrans.o
                0x000000000000bd20                FileHandleGetSize
 .text.da_ConPoll.lto_priv.110
                0x000000000000bd70      0x123 /tmp/ccKKsiNW.ltrans6.ltrans.o
                0x000000000000bd70                da_ConPoll.lto_priv.110
 .text.da_ConRead.lto_priv.106
                0x000000000000be93      0x18c /tmp/ccKKsiNW.ltrans6.ltrans.o
                0x000000000000be93                da_ConRead.lto_priv.106
 .text.da_ConFlush.lto_priv.111
                0x000000000000c01f       0x9c /tmp/ccKKsiNW.ltrans6.ltrans.o
                0x000000000000c01f                da_ConFlush.lto_priv.111
 .text.da_ConClose.lto_priv.105
                0x000000000000c0bb       0x62 /tmp/ccKKsiNW.ltrans6.ltrans.o
                0x000000000000c0bb                da_ConClose.lto_priv.105
 .text.ShellCloseFile
                0x000000000000c11d        0x9 /tmp/ccKKsiNW.ltrans6.ltrans.o
                0x000000000000c11d                ShellCloseFile
 .text.da_ShellClose.lto_priv.94
                0x000000000000c126       0x1d /tmp/ccKKsiNW.ltrans6.ltrans.o
                0x000000000000c126                da_ShellClose.lto_priv.94
 .text.ShellOpenFileByName
                0x000000000000c143      0x568 /tmp/ccKKsiNW.ltrans6.ltrans.o
                0x000000000000c143                ShellOpenFileByName
 .text.ShellCreateDirectory
                0x000000000000c6ab       0x32 /tmp/ccKKsiNW.ltrans6.ltrans.o
                0x000000000000c6ab                ShellCreateDirectory
 .text.ShellGetFileInfo
                0x000000000000c6dd        0x6 /tmp/ccKKsiNW.ltrans6.ltrans.o
                0x000000000000c6dd                ShellGetFileInfo
 .text.FileHandleIsDirectory.part.8.lto_priv.83
                0x000000000000c6e3       0x3e /tmp/ccKKsiNW.ltrans6.ltrans.o
                0x000000000000c6e3                FileHandleIsDirectory.part.8.lto_priv.83
 .text.EslSocket
                0x000000000000c721      0x14e /tmp/ccKKsiNW.ltrans7.ltrans.o
                0x000000000000c721                EslSocket
 .text.EslIp4RemoteAddressSet
                0x000000000000c86f       0x37 /tmp/ccKKsiNW.ltrans7.ltrans.o
 .text.EslSocketAccept
                0x000000000000c8a6      0x1ef /tmp/ccKKsiNW.ltrans7.ltrans.o
                0x000000000000c8a6                EslSocketAccept
 .text.EslIp4VerifyLocalIpAddress
                0x000000000000ca95      0x11d /tmp/ccKKsiNW.ltrans7.ltrans.o
 .text.EslIp4TxComplete
                0x000000000000cbb2       0x58 /tmp/ccKKsiNW.ltrans7.ltrans.o
 .text.EslIp4RemoteAddressGet
                0x000000000000cc0a       0x23 /tmp/ccKKsiNW.ltrans7.ltrans.o
 .text.EslIp4TxBuffer
                0x000000000000cc2d      0x25e /tmp/ccKKsiNW.ltrans7.ltrans.o
 .text.EslIp4SocketIsConfigured
                0x000000000000ce8b      0x19b /tmp/ccKKsiNW.ltrans7.ltrans.o
 .text.EslIp4RxComplete
                0x000000000000d026       0x20 /tmp/ccKKsiNW.ltrans7.ltrans.o
 .text.EslIp4Receive
                0x000000000000d046       0xba /tmp/ccKKsiNW.ltrans7.ltrans.o
 .text.transtime
                0x000000000000d100      0x17c /tmp/ccKKsiNW.ltrans8.ltrans.o
 .text.getnum   0x000000000000d27c       0x4d /tmp/ccKKsiNW.ltrans8.ltrans.o
 .text.getsecs  0x000000000000d2c9       0x89 /tmp/ccKKsiNW.ltrans8.ltrans.o
 .text.getrule  0x000000000000d352       0xbe /tmp/ccKKsiNW.ltrans8.ltrans.o
 .text.getoffset
                0x000000000000d410       0x40 /tmp/ccKKsiNW.ltrans8.ltrans.o
 .text.getzname
                0x000000000000d450       0x20 /tmp/ccKKsiNW.ltrans8.ltrans.o
 .text.timesub.isra.0
                0x000000000000d470      0x22e /tmp/ccKKsiNW.ltrans8.ltrans.o
 .text.tzparse  0x000000000000d69e      0x429 /tmp/ccKKsiNW.ltrans8.ltrans.o
 .text.gmtsub   0x000000000000dac7       0x62 /tmp/ccKKsiNW.ltrans8.ltrans.o
 .text.localsub.lto_priv.68
                0x000000000000db29       0x9e /tmp/ccKKsiNW.ltrans8.ltrans.o
                0x000000000000db29                localsub.lto_priv.68
 .text.isatty   0x000000000000dbc7       0x31 /tmp/ccKKsiNW.ltrans8.ltrans.o
                0x000000000000dbc7                isatty
 .text.EncodeUtf8
                0x000000000000dbf8       0xa4 /tmp/ccKKsiNW.ltrans8.ltrans.o
                0x000000000000dbf8                EncodeUtf8
 .text.OneWcToMcLen
                0x000000000000dc9c       0x30 /tmp/ccKKsiNW.ltrans8.ltrans.o
                0x000000000000dc9c                OneWcToMcLen
 .text.EstimateWtoM
                0x000000000000dccc       0x43 /tmp/ccKKsiNW.ltrans8.ltrans.o
                0x000000000000dccc                EstimateWtoM
 .text.wcsrtombs
                0x000000000000dd0f       0xd3 /tmp/ccKKsiNW.ltrans8.ltrans.o
                0x000000000000dd0f                wcsrtombs
 .text.DecodeOneStateful
                0x000000000000dde2      0x28e /tmp/ccKKsiNW.ltrans8.ltrans.o
                0x000000000000dde2                DecodeOneStateful
 .text.localeconv
                0x000000000000e070       0xef /tmp/ccKKsiNW.ltrans8.ltrans.o
                0x000000000000e070                localeconv
 .text.Time2Efi
                0x000000000000e15f       0xa6 /tmp/ccKKsiNW.ltrans8.ltrans.o
                0x000000000000e15f                Time2Efi
 .text.tzset    0x000000000000e205      0x150 /tmp/ccKKsiNW.ltrans8.ltrans.o
                0x000000000000e205                tzset
 .text.Efi2Time
                0x000000000000e355       0x83 /tmp/ccKKsiNW.ltrans8.ltrans.o
                0x000000000000e355                Efi2Time
 .text.tmcomp.lto_priv.70
                0x000000000000e3d8       0x2d /tmp/ccKKsiNW.ltrans8.ltrans.o
                0x000000000000e3d8                tmcomp.lto_priv.70
 .text.normalize_overflow.lto_priv.69
                0x000000000000e405       0x37 /tmp/ccKKsiNW.ltrans8.ltrans.o
                0x000000000000e405                normalize_overflow.lto_priv.69
 .text.__ulp_D2A
                0x000000000000e43c       0x6f /tmp/ccKKsiNW.ltrans8.ltrans.o
                0x000000000000e43c                __ulp_D2A
 .text.EslSocketClosePoll
                0x000000000000e4ab      0x11b /tmp/ccKKsiNW.ltrans9.ltrans.o
                0x000000000000e4ab                EslSocketClosePoll
 .text.EslSocketGetPeerAddress
                0x000000000000e5c6      0x1c1 /tmp/ccKKsiNW.ltrans9.ltrans.o
                0x000000000000e5c6                EslSocketGetPeerAddress
 .text.EslSocketGetLocalAddress
                0x000000000000e787      0x1a6 /tmp/ccKKsiNW.ltrans9.ltrans.o
                0x000000000000e787                EslSocketGetLocalAddress
 .text.EslSocketCloseStart
                0x000000000000e92d       0xe7 /tmp/ccKKsiNW.ltrans9.ltrans.o
                0x000000000000e92d                EslSocketCloseStart
 .text.EslSocketBind
                0x000000000000ea14      0x1c2 /tmp/ccKKsiNW.ltrans9.ltrans.o
                0x000000000000ea14                EslSocketBind
 .text.EslSocketConnect
                0x000000000000ebd6      0x262 /tmp/ccKKsiNW.ltrans9.ltrans.o
                0x000000000000ebd6                EslSocketConnect
 .text.EslSocketCopyFragmentedBuffer
                0x000000000000ee38       0x8c /tmp/ccKKsiNW.ltrans9.ltrans.o
                0x000000000000ee38                EslSocketCopyFragmentedBuffer
 .text.EslSocketBindTest
                0x000000000000eec4       0x68 /tmp/ccKKsiNW.ltrans9.ltrans.o
                0x000000000000eec4                EslSocketBindTest
 .text.__find_arguments.lto_priv.92
                0x000000000000ef2c      0xa71 /tmp/ccKKsiNW.ltrans10.ltrans.o
                0x000000000000ef2c                __find_arguments.lto_priv.92
 .text.eofread.lto_priv.93
                0x000000000000f99d        0x3 /tmp/ccKKsiNW.ltrans11.ltrans.o
                0x000000000000f99d                eofread.lto_priv.93
 .text.__sflush
                0x000000000000f9a0       0x76 /tmp/ccKKsiNW.ltrans11.ltrans.o
                0x000000000000f9a0                __sflush
 .text.printf   0x000000000000fa16       0x9e /tmp/ccKKsiNW.ltrans11.ltrans.o
                0x000000000000fa16                printf
 .text.fflush   0x000000000000fab4       0x2a /tmp/ccKKsiNW.ltrans11.ltrans.o
                0x000000000000fab4                fflush
 .text.CompareGuid
                0x000000000000fade       0x19 /tmp/ccKKsiNW.ltrans11.ltrans.o
                0x000000000000fade                CompareGuid
 .text.CopyMem.part.0.lto_priv.116
                0x000000000000faf7      0x1f8 /tmp/ccKKsiNW.ltrans11.ltrans.o
                0x000000000000faf7                CopyMem.part.0.lto_priv.116
 .text.CopyMem  0x000000000000fcef        0xe /tmp/ccKKsiNW.ltrans11.ltrans.o
                0x000000000000fcef                CopyMem
 .text.ScanMem8
                0x000000000000fcfd       0x20 /tmp/ccKKsiNW.ltrans11.ltrans.o
                0x000000000000fcfd                ScanMem8
 .text.InternalMemSetMem
                0x000000000000fd1d       0xd2 /tmp/ccKKsiNW.ltrans11.ltrans.o
                0x000000000000fd1d                InternalMemSetMem
 .text.ZeroMem  0x000000000000fdef       0x11 /tmp/ccKKsiNW.ltrans11.ltrans.o
                0x000000000000fdef                ZeroMem
 .text.BasePrintLibFillBuffer
                0x000000000000fe00       0x2e /tmp/ccKKsiNW.ltrans11.ltrans.o
                0x000000000000fe00                BasePrintLibFillBuffer
 .text.FreePool
                0x000000000000fe2e        0xa /tmp/ccKKsiNW.ltrans11.ltrans.o
                0x000000000000fe2e                FreePool
 .text.AllocateZeroPool
                0x000000000000fe38       0xf9 /tmp/ccKKsiNW.ltrans11.ltrans.o
                0x000000000000fe38                AllocateZeroPool
 .text.PathRemoveLastItem
                0x000000000000ff31       0x5d /tmp/ccKKsiNW.ltrans11.ltrans.o
                0x000000000000ff31                PathRemoveLastItem
 .text.AsciiStrLen
                0x000000000000ff8e        0xe /tmp/ccKKsiNW.ltrans11.ltrans.o
                0x000000000000ff8e                AsciiStrLen
 .text.AsciiStrCmp
                0x000000000000ff9c       0x1b /tmp/ccKKsiNW.ltrans11.ltrans.o
                0x000000000000ff9c                AsciiStrCmp
 .text.StrLen   0x000000000000ffb7        0xf /tmp/ccKKsiNW.ltrans11.ltrans.o
                0x000000000000ffb7                StrLen
 .text.StrSize  0x000000000000ffc6       0x13 /tmp/ccKKsiNW.ltrans11.ltrans.o
                0x000000000000ffc6                StrSize
 .text.StrStr   0x000000000000ffd9       0x44 /tmp/ccKKsiNW.ltrans11.ltrans.o
                0x000000000000ffd9                StrStr
 .text.AsciiStrnLenS
                0x000000000001001d       0x26 /tmp/ccKKsiNW.ltrans11.ltrans.o
                0x000000000001001d                AsciiStrnLenS
 .text.StrnLenS
                0x0000000000010043       0x27 /tmp/ccKKsiNW.ltrans11.ltrans.o
                0x0000000000010043                StrnLenS
 .text.InternalSafeStringIsOverlap
                0x000000000001006a       0x20 /tmp/ccKKsiNW.ltrans11.ltrans.o
                0x000000000001006a                InternalSafeStringIsOverlap
 .text.StrnCpyS
                0x000000000001008a      0x158 /tmp/ccKKsiNW.ltrans11.ltrans.o
                0x000000000001008a                StrnCpyS
 .text.EslUdp4RemoteAddressSet
                0x00000000000101e2       0x44 /tmp/ccKKsiNW.ltrans12.ltrans.o
                0x00000000000101e2                EslUdp4RemoteAddressSet
 .text.EslUdp4PortAllocate
                0x0000000000010226       0x8a /tmp/ccKKsiNW.ltrans12.ltrans.o
                0x0000000000010226                EslUdp4PortAllocate
 .text.EslUdp4PacketFree
                0x00000000000102b0       0x29 /tmp/ccKKsiNW.ltrans12.ltrans.o
                0x00000000000102b0                EslUdp4PacketFree
 .text.EslTcp6SocketIsConfigured
                0x00000000000102d9       0x1b /tmp/ccKKsiNW.ltrans12.ltrans.o
                0x00000000000102d9                EslTcp6SocketIsConfigured
 .text.EslUdp4SocketIsConfigured
                0x00000000000102f4      0x18a /tmp/ccKKsiNW.ltrans12.ltrans.o
                0x00000000000102f4                EslUdp4SocketIsConfigured
 .text.EslUdp4RxComplete
                0x000000000001047e       0x1d /tmp/ccKKsiNW.ltrans12.ltrans.o
                0x000000000001047e                EslUdp4RxComplete
 .text.EslUdp4RemoteAddressGet
                0x000000000001049b       0x2f /tmp/ccKKsiNW.ltrans12.ltrans.o
                0x000000000001049b                EslUdp4RemoteAddressGet
 .text.EslUdp4LocalAddressGet
                0x00000000000104ca       0x30 /tmp/ccKKsiNW.ltrans12.ltrans.o
                0x00000000000104ca                EslUdp4LocalAddressGet
 .text.EslTcp6RemoteAddressSet
                0x00000000000104fa       0x38 /tmp/ccKKsiNW.ltrans12.ltrans.o
                0x00000000000104fa                EslTcp6RemoteAddressSet
 .text.EslUdp4Receive
                0x0000000000010532       0x92 /tmp/ccKKsiNW.ltrans12.ltrans.o
                0x0000000000010532                EslUdp4Receive
 .text.EslUdp4LocalAddressSet
                0x00000000000105c4       0xd3 /tmp/ccKKsiNW.ltrans12.ltrans.o
                0x00000000000105c4                EslUdp4LocalAddressSet
 .text.EslTcp6VerifyLocalIpAddress
                0x0000000000010697      0x257 /tmp/ccKKsiNW.ltrans12.ltrans.o
                0x0000000000010697                EslTcp6VerifyLocalIpAddress
 .text.EslTcp6TxOobComplete
                0x00000000000108ee        0x5 /tmp/ccKKsiNW.ltrans12.ltrans.o
                0x00000000000108ee                EslTcp6TxOobComplete
 .text.EslTcp6TxComplete
                0x00000000000108f3        0x5 /tmp/ccKKsiNW.ltrans12.ltrans.o
                0x00000000000108f3                EslTcp6TxComplete
 .text.EslTcp6TxBuffer
                0x00000000000108f8      0x25a /tmp/ccKKsiNW.ltrans12.ltrans.o
                0x00000000000108f8                EslTcp6TxBuffer
 .text.EslTcp6RxStart
                0x0000000000010b52        0x5 /tmp/ccKKsiNW.ltrans12.ltrans.o
                0x0000000000010b52                EslTcp6RxStart
 .text.EslTcp6RxComplete
                0x0000000000010b57        0x5 /tmp/ccKKsiNW.ltrans12.ltrans.o
                0x0000000000010b57                EslTcp6RxComplete
 .text.time1.constprop.53
                0x0000000000010b5c      0x18b /tmp/ccKKsiNW.ltrans13.ltrans.o
                0x0000000000010b5c                time1.constprop.53
 .text.AsciiStrToUnicodeStrS.constprop.51
                0x0000000000010ce7      0x147 /tmp/ccKKsiNW.ltrans13.ltrans.o
                0x0000000000010ce7                AsciiStrToUnicodeStrS.constprop.51
 .text.getenv.constprop.50
                0x0000000000010e2e       0xe8 /tmp/ccKKsiNW.ltrans13.ltrans.o
                0x0000000000010e2e                getenv.constprop.50
 .text.time.constprop.49
                0x0000000000010f16       0xd9 /tmp/ccKKsiNW.ltrans13.ltrans.o
                0x0000000000010f16                time.constprop.49
 .text._closeX.constprop.46
                0x0000000000010fef       0xeb /tmp/ccKKsiNW.ltrans13.ltrans.o
                0x0000000000010fef                _closeX.constprop.46
 .text.FindFreeFD.constprop.45
                0x00000000000110da       0x28 /tmp/ccKKsiNW.ltrans13.ltrans.o
                0x00000000000110da                FindFreeFD.constprop.45
 .text.calloc.constprop.38
                0x0000000000011102       0x37 /tmp/ccKKsiNW.ltrans13.ltrans.o
                0x0000000000011102                calloc.constprop.38
 .text.AsciiSPrint.constprop.31
                0x0000000000011139       0xc8 /tmp/ccKKsiNW.ltrans13.ltrans.o
                0x0000000000011139                AsciiSPrint.constprop.31
 .text.__DevRegister.constprop.20
                0x0000000000011201       0xbc /tmp/ccKKsiNW.ltrans13.ltrans.o
                0x0000000000011201                __DevRegister.constprop.20
 .text.New_cFIFO.constprop.18
                0x00000000000112bd      0x17c /tmp/ccKKsiNW.ltrans13.ltrans.o
                0x00000000000112bd                New_cFIFO.constprop.18
 .text.EslSocketAllocate.constprop.15
                0x0000000000011439      0x173 /tmp/ccKKsiNW.ltrans13.ltrans.o
                0x0000000000011439                EslSocketAllocate.constprop.15
 .text.BslFdToSocketProtocol.constprop.12
                0x00000000000115ac       0x6e /tmp/ccKKsiNW.ltrans13.ltrans.o
                0x00000000000115ac                BslFdToSocketProtocol.constprop.12
 .text.sendto.constprop.9
                0x000000000001161a       0xc6 /tmp/ccKKsiNW.ltrans13.ltrans.o
                0x000000000001161a                sendto.constprop.9
 .text.exit.constprop.28
                0x00000000000116e0       0x31 /tmp/ccKKsiNW.ltrans13.ltrans.o
                0x00000000000116e0                exit.constprop.28
 .text.time2sub.constprop.56
                0x0000000000011711      0x418 /tmp/ccKKsiNW.ltrans14.ltrans.o
 .text.BasePrintLibSPrintMarker.constprop.64
                0x0000000000011b29      0xef6 /tmp/ccKKsiNW.ltrans14.ltrans.o
                0x0000000000011b29                BasePrintLibSPrintMarker.constprop.64
 .text.InternalAllocatePool.constprop.63
                0x0000000000012a1f       0x37 /tmp/ccKKsiNW.ltrans14.ltrans.o
                0x0000000000012a1f                InternalAllocatePool.constprop.63
 .text.ValidateFD.constprop.58
                0x0000000000012a56       0x2d /tmp/ccKKsiNW.ltrans14.ltrans.o
                0x0000000000012a56                ValidateFD.constprop.58
 .text.time2.constprop.54
                0x0000000000012a83       0x2d /tmp/ccKKsiNW.ltrans14.ltrans.o
                0x0000000000012a83                time2.constprop.54
 .text.EslTcp4ConnectStart
                0x0000000000012ab0      0x115 /tmp/ccKKsiNW.ltrans15.ltrans.o
                0x0000000000012ab0                EslTcp4ConnectStart
 .text.EslTcp4ConnectPoll
                0x0000000000012bc5      0x1c4 /tmp/ccKKsiNW.ltrans15.ltrans.o
                0x0000000000012bc5                EslTcp4ConnectPoll
 .text.EslTcp4ListenComplete
                0x0000000000012d89      0x1d8 /tmp/ccKKsiNW.ltrans15.ltrans.o
 .text.EslTcp4Listen
                0x0000000000012f61      0x1f8 /tmp/ccKKsiNW.ltrans15.ltrans.o
                0x0000000000012f61                EslTcp4Listen
 .text.EslTcp4ConnectComplete
                0x0000000000013159       0x8e /tmp/ccKKsiNW.ltrans15.ltrans.o
                0x0000000000013159                EslTcp4ConnectComplete
 .text.EslTcp4Accept
                0x00000000000131e7       0x7b /tmp/ccKKsiNW.ltrans15.ltrans.o
                0x00000000000131e7                EslTcp4Accept
 .text.EslSocketTxStart
                0x0000000000013262       0xc6 /tmp/ccKKsiNW.ltrans15.ltrans.o
                0x0000000000013262                EslSocketTxStart
 .text.EslUdp6PortAllocate
                0x0000000000013328       0x8d /tmp/ccKKsiNW.ltrans16.ltrans.o
                0x0000000000013328                EslUdp6PortAllocate
 .text.EslUdp6PacketFree
                0x00000000000133b5       0x29 /tmp/ccKKsiNW.ltrans16.ltrans.o
                0x00000000000133b5                EslUdp6PacketFree
 .text.EslUdp6SocketIsConfigured
                0x00000000000133de      0x196 /tmp/ccKKsiNW.ltrans16.ltrans.o
                0x00000000000133de                EslUdp6SocketIsConfigured
 .text.EslUdp6RxComplete
                0x0000000000013574       0x1d /tmp/ccKKsiNW.ltrans16.ltrans.o
                0x0000000000013574                EslUdp6RxComplete
 .text.EslUdp6RemoteAddressSet
                0x0000000000013591       0x38 /tmp/ccKKsiNW.ltrans16.ltrans.o
                0x0000000000013591                EslUdp6RemoteAddressSet
 .text.EslUdp6RemoteAddressGet
                0x00000000000135c9       0x30 /tmp/ccKKsiNW.ltrans16.ltrans.o
                0x00000000000135c9                EslUdp6RemoteAddressGet
 .text.EslUdp6LocalAddressGet
                0x00000000000135f9       0x2f /tmp/ccKKsiNW.ltrans16.ltrans.o
                0x00000000000135f9                EslUdp6LocalAddressGet
 .text.EslUdp6Receive
                0x0000000000013628       0x92 /tmp/ccKKsiNW.ltrans16.ltrans.o
                0x0000000000013628                EslUdp6Receive
 .text.EslUdp6LocalAddressSet
                0x00000000000136ba       0x6a /tmp/ccKKsiNW.ltrans16.ltrans.o
                0x00000000000136ba                EslUdp6LocalAddressSet
 .text.EslUdp4VerifyLocalIpAddress
                0x0000000000013724      0x12c /tmp/ccKKsiNW.ltrans16.ltrans.o
                0x0000000000013724                EslUdp4VerifyLocalIpAddress
 .text.EslUdp4TxComplete
                0x0000000000013850       0x58 /tmp/ccKKsiNW.ltrans16.ltrans.o
                0x0000000000013850                EslUdp4TxComplete
 .text.EslUdp4TxBuffer
                0x00000000000138a8      0x22e /tmp/ccKKsiNW.ltrans16.ltrans.o
                0x00000000000138a8                EslUdp4TxBuffer
 .text.EslServiceNetworkConnect
                0x0000000000013ad6      0x3c2 /tmp/ccKKsiNW.ltrans17.ltrans.o
                0x0000000000013ad6                EslServiceNetworkConnect
 .text.EslUdp6VerifyLocalIpAddress
                0x0000000000013e98      0x20b /tmp/ccKKsiNW.ltrans17.ltrans.o
                0x0000000000013e98                EslUdp6VerifyLocalIpAddress
 .text.EslUdp6TxComplete
                0x00000000000140a3       0x58 /tmp/ccKKsiNW.ltrans17.ltrans.o
                0x00000000000140a3                EslUdp6TxComplete
 .text.EslUdp6TxBuffer
                0x00000000000140fb      0x217 /tmp/ccKKsiNW.ltrans17.ltrans.o
                0x00000000000140fb                EslUdp6TxBuffer
 .text.EslSocketOptionSet
                0x0000000000014312      0x178 /tmp/ccKKsiNW.ltrans18.ltrans.o
                0x0000000000014312                EslSocketOptionSet
 .text.EslSocketOptionGet
                0x000000000001448a      0x1dc /tmp/ccKKsiNW.ltrans18.ltrans.o
                0x000000000001448a                EslSocketOptionGet
 .text.EslSocketListen
                0x0000000000014666      0x19a /tmp/ccKKsiNW.ltrans18.ltrans.o
                0x0000000000014666                EslSocketListen
 .text.EslSocketPacketFree
                0x0000000000014800       0x16 /tmp/ccKKsiNW.ltrans18.ltrans.o
                0x0000000000014800                EslSocketPacketFree
 .text.EslSocketPacketAllocate
                0x0000000000014816       0x80 /tmp/ccKKsiNW.ltrans18.ltrans.o
                0x0000000000014816                EslSocketPacketAllocate
 .text.EslSocketIsConfigured
                0x0000000000014896       0x98 /tmp/ccKKsiNW.ltrans18.ltrans.o
                0x0000000000014896                EslSocketIsConfigured
 .text.EslSocketIoInit
                0x000000000001492e       0x98 /tmp/ccKKsiNW.ltrans18.ltrans.o
                0x000000000001492e                EslSocketIoInit
 .text.EslSocketIoFree
                0x00000000000149c6       0x55 /tmp/ccKKsiNW.ltrans18.ltrans.o
                0x00000000000149c6                EslSocketIoFree
 .text.lflush   0x0000000000014a1b       0x27 /tmp/ccKKsiNW.ltrans19.ltrans.o
 .text.__sclose
                0x0000000000014a42       0x1c /tmp/ccKKsiNW.ltrans19.ltrans.o
                0x0000000000014a42                __sclose
 .text.__sseek  0x0000000000014a5e       0x3e /tmp/ccKKsiNW.ltrans19.ltrans.o
                0x0000000000014a5e                __sseek
 .text.__swrite
                0x0000000000014a9c       0xe1 /tmp/ccKKsiNW.ltrans19.ltrans.o
                0x0000000000014a9c                __swrite
 .text.__sread  0x0000000000014b7d       0xe5 /tmp/ccKKsiNW.ltrans19.ltrans.o
                0x0000000000014b7d                __sread
 .text.__smakebuf
                0x0000000000014c62      0x14a /tmp/ccKKsiNW.ltrans19.ltrans.o
 .text.Print    0x0000000000014dac      0x145 /tmp/ccKKsiNW.ltrans19.ltrans.o
                0x0000000000014dac                Print
 .text.exitCleanup
                0x0000000000014ef1       0x50 /tmp/ccKKsiNW.ltrans19.ltrans.o
                0x0000000000014ef1                exitCleanup
 .text.ShellAppMain
                0x0000000000014f41      0x396 /tmp/ccKKsiNW.ltrans19.ltrans.o
                0x0000000000014f41                ShellAppMain
 .text.__assert
                0x00000000000152d7       0x3b /tmp/ccKKsiNW.ltrans19.ltrans.o
                0x00000000000152d7                __assert
 .text._fwalk   0x0000000000015312       0x4f /tmp/ccKKsiNW.ltrans19.ltrans.o
                0x0000000000015312                _fwalk
 .text._cleanup
                0x0000000000015361        0xc /tmp/ccKKsiNW.ltrans19.ltrans.o
 .text.__sinit  0x000000000001536d       0x46 /tmp/ccKKsiNW.ltrans19.ltrans.o
                0x000000000001536d                __sinit
 .text.__swsetup
                0x00000000000153b3       0xb0 /tmp/ccKKsiNW.ltrans19.ltrans.o
                0x00000000000153b3                __swsetup
 .text.__srefill
                0x0000000000015463      0x121 /tmp/ccKKsiNW.ltrans19.ltrans.o
                0x0000000000015463                __srefill
 .text.__grow_type_table.lto_priv.89
                0x0000000000015584       0xa9 /tmp/ccKKsiNW.ltrans19.ltrans.o
                0x0000000000015584                __grow_type_table.lto_priv.89
 .text.EslSocketTxComplete
                0x000000000001562d      0x118 /tmp/ccKKsiNW.ltrans20.ltrans.o
                0x000000000001562d                EslSocketTxComplete
 .text.EslSocketRxStart
                0x0000000000015745      0x16c /tmp/ccKKsiNW.ltrans20.ltrans.o
                0x0000000000015745                EslSocketRxStart
 .text.EslSocketRxPoll
                0x00000000000158b1       0x2a /tmp/ccKKsiNW.ltrans20.ltrans.o
                0x00000000000158b1                EslSocketRxPoll
 .text.EslSocketTransmit
                0x00000000000158db      0x19c /tmp/ccKKsiNW.ltrans20.ltrans.o
                0x00000000000158db                EslSocketTransmit
 .text.EslSocketRxComplete
                0x0000000000015a77      0x198 /tmp/ccKKsiNW.ltrans20.ltrans.o
                0x0000000000015a77                EslSocketRxComplete
 .text.EslSocketRxCancel
                0x0000000000015c0f       0x1a /tmp/ccKKsiNW.ltrans20.ltrans.o
                0x0000000000015c0f                EslSocketRxCancel
 .text.EslSocketShutdown
                0x0000000000015c29      0x126 /tmp/ccKKsiNW.ltrans20.ltrans.o
                0x0000000000015c29                EslSocketShutdown
 .text.EslTcp6PortCloseOp
                0x0000000000015d4f       0x26 /tmp/ccKKsiNW.ltrans21.ltrans.o
                0x0000000000015d4f                EslTcp6PortCloseOp
 .text.EslTcp6PortClose
                0x0000000000015d75       0x62 /tmp/ccKKsiNW.ltrans21.ltrans.o
                0x0000000000015d75                EslTcp6PortClose
 .text.EslTcp6PortAllocate
                0x0000000000015dd7       0xe7 /tmp/ccKKsiNW.ltrans21.ltrans.o
                0x0000000000015dd7                EslTcp6PortAllocate
 .text.EslTcp6PacketFree
                0x0000000000015ebe        0x7 /tmp/ccKKsiNW.ltrans21.ltrans.o
                0x0000000000015ebe                EslTcp6PacketFree
 .text.EslTcp6RemoteAddressGet
                0x0000000000015ec5       0x2f /tmp/ccKKsiNW.ltrans21.ltrans.o
                0x0000000000015ec5                EslTcp6RemoteAddressGet
 .text.EslTcp6Receive
                0x0000000000015ef4       0xd1 /tmp/ccKKsiNW.ltrans21.ltrans.o
                0x0000000000015ef4                EslTcp6Receive
 .text.EslTcp6LocalAddressGet
                0x0000000000015fc5       0x30 /tmp/ccKKsiNW.ltrans21.ltrans.o
                0x0000000000015fc5                EslTcp6LocalAddressGet
 .text.EslTcp6LocalAddressSet
                0x0000000000015ff5       0x6a /tmp/ccKKsiNW.ltrans21.ltrans.o
                0x0000000000015ff5                EslTcp6LocalAddressSet
 .text.EslTcp6ListenComplete
                0x000000000001605f      0x1fb /tmp/ccKKsiNW.ltrans21.ltrans.o
                0x000000000001605f                EslTcp6ListenComplete
 .text.EslTcp6ConnectStart
                0x000000000001625a      0x11c /tmp/ccKKsiNW.ltrans22.ltrans.o
                0x000000000001625a                EslTcp6ConnectStart
 .text.EslTcp6Listen
                0x0000000000016376      0x1f8 /tmp/ccKKsiNW.ltrans22.ltrans.o
                0x0000000000016376                EslTcp6Listen
 .text.EslTcp6ConnectPoll
                0x000000000001656e        0x5 /tmp/ccKKsiNW.ltrans22.ltrans.o
                0x000000000001656e                EslTcp6ConnectPoll
 .text.EslTcp6ConnectComplete
                0x0000000000016573       0x8e /tmp/ccKKsiNW.ltrans22.ltrans.o
                0x0000000000016573                EslTcp6ConnectComplete
 .text.EslTcp6Accept
                0x0000000000016601       0x6e /tmp/ccKKsiNW.ltrans22.ltrans.o
                0x0000000000016601                EslTcp6Accept
 .text.EslTcp4VerifyLocalIpAddress
                0x000000000001666f      0x12d /tmp/ccKKsiNW.ltrans22.ltrans.o
                0x000000000001666f                EslTcp4VerifyLocalIpAddress
 .text.EslTcp4TxOobComplete
                0x000000000001679c       0x4e /tmp/ccKKsiNW.ltrans22.ltrans.o
                0x000000000001679c                EslTcp4TxOobComplete
 .text.EslTcp4TxComplete
                0x00000000000167ea       0x4b /tmp/ccKKsiNW.ltrans22.ltrans.o
                0x00000000000167ea                EslTcp4TxComplete
 .text.EslTcp4SocketIsConfigured
                0x0000000000016835       0x1b /tmp/ccKKsiNW.ltrans23.ltrans.o
                0x0000000000016835                EslTcp4SocketIsConfigured
 .text.EslTcp4RxStart
                0x0000000000016850       0x2a /tmp/ccKKsiNW.ltrans23.ltrans.o
                0x0000000000016850                EslTcp4RxStart
 .text.EslTcp4RemoteAddressSet
                0x000000000001687a       0x57 /tmp/ccKKsiNW.ltrans23.ltrans.o
                0x000000000001687a                EslTcp4RemoteAddressSet
 .text.EslTcp4PortCloseOp
                0x00000000000168d1       0x26 /tmp/ccKKsiNW.ltrans23.ltrans.o
                0x00000000000168d1                EslTcp4PortCloseOp
 .text.EslTcp4PortClose
                0x00000000000168f7       0x62 /tmp/ccKKsiNW.ltrans23.ltrans.o
                0x00000000000168f7                EslTcp4PortClose
 .text.EslTcp4PortAllocate
                0x0000000000016959       0xe0 /tmp/ccKKsiNW.ltrans23.ltrans.o
                0x0000000000016959                EslTcp4PortAllocate
 .text.EslTcp4PacketFree
                0x0000000000016a39        0x7 /tmp/ccKKsiNW.ltrans23.ltrans.o
                0x0000000000016a39                EslTcp4PacketFree
 .text.EslTcp4RemoteAddressGet
                0x0000000000016a40       0x30 /tmp/ccKKsiNW.ltrans23.ltrans.o
                0x0000000000016a40                EslTcp4RemoteAddressGet
 .text.EslTcp4Receive
                0x0000000000016a70       0xd2 /tmp/ccKKsiNW.ltrans23.ltrans.o
                0x0000000000016a70                EslTcp4Receive
 .text.EslTcp4LocalAddressGet
                0x0000000000016b42       0x2f /tmp/ccKKsiNW.ltrans23.ltrans.o
                0x0000000000016b42                EslTcp4LocalAddressGet
 .text.EslTcp4TxBuffer
                0x0000000000016b71      0x25a /tmp/ccKKsiNW.ltrans23.ltrans.o
                0x0000000000016b71                EslTcp4TxBuffer
 .text.EslTcp4RxComplete
                0x0000000000016dcb       0x23 /tmp/ccKKsiNW.ltrans23.ltrans.o
                0x0000000000016dcb                EslTcp4RxComplete
 .text.EslTcp4LocalAddressSet
                0x0000000000016dee       0xde /tmp/ccKKsiNW.ltrans23.ltrans.o
                0x0000000000016dee                EslTcp4LocalAddressSet
 .text.EslSocketPoll
                0x0000000000016ecc      0x166 /tmp/ccKKsiNW.ltrans24.ltrans.o
                0x0000000000016ecc                EslSocketPoll
 .text.EslSocketPortClose
                0x0000000000017032      0x229 /tmp/ccKKsiNW.ltrans24.ltrans.o
                0x0000000000017032                EslSocketPortClose
 .text.EslSocketPortAllocate
                0x000000000001725b      0x2a4 /tmp/ccKKsiNW.ltrans24.ltrans.o
                0x000000000001725b                EslSocketPortAllocate
 .text.EslSocketReceive
                0x00000000000174ff      0x4db /tmp/ccKKsiNW.ltrans25.ltrans.o
                0x00000000000174ff                EslSocketReceive
 .text.EslSocketPortCloseRxDone
                0x00000000000179da       0x50 /tmp/ccKKsiNW.ltrans25.ltrans.o
                0x00000000000179da                EslSocketPortCloseRxDone
 .text.EslSocketPortCloseComplete
                0x0000000000017a2a       0x4b /tmp/ccKKsiNW.ltrans25.ltrans.o
                0x0000000000017a2a                EslSocketPortCloseComplete
 .text.EslSocketPortCloseTxDone
                0x0000000000017a75       0x99 /tmp/ccKKsiNW.ltrans25.ltrans.o
                0x0000000000017a75                EslSocketPortCloseTxDone
 .text.EslSocketPortCloseStart
                0x0000000000017b0e       0x5d /tmp/ccKKsiNW.ltrans25.ltrans.o
                0x0000000000017b0e                EslSocketPortCloseStart
 .text.EslIp4PortAllocate
                0x0000000000017b6b       0xba /tmp/ccKKsiNW.ltrans26.ltrans.o
                0x0000000000017b6b                EslIp4PortAllocate
 .text.EslIp4PacketFree
                0x0000000000017c25       0x2c /tmp/ccKKsiNW.ltrans26.ltrans.o
                0x0000000000017c25                EslIp4PacketFree
 .text.EslIp4OptionSet
                0x0000000000017c51       0x27 /tmp/ccKKsiNW.ltrans26.ltrans.o
                0x0000000000017c51                EslIp4OptionSet
 .text.EslIp4OptionGet
                0x0000000000017c78       0x37 /tmp/ccKKsiNW.ltrans26.ltrans.o
                0x0000000000017c78                EslIp4OptionGet
 .text.EslIp4LocalAddressSet
                0x0000000000017caf       0x9e /tmp/ccKKsiNW.ltrans26.ltrans.o
                0x0000000000017caf                EslIp4LocalAddressSet
 .text.BslSocketPoll
                0x0000000000017d4d       0xe4 /tmp/ccKKsiNW.ltrans26.ltrans.o
                0x0000000000017d4d                BslSocketPoll
 .text.da_ShellPoll.lto_priv.97
                0x0000000000017e31       0x27 /tmp/ccKKsiNW.ltrans26.ltrans.o
                0x0000000000017e31                da_ShellPoll.lto_priv.97
 .text.EslIp4LocalAddressGet
                0x0000000000017e58       0x23 /tmp/ccKKsiNW.ltrans26.ltrans.o
                0x0000000000017e58                EslIp4LocalAddressGet
 .text.BslSocketWrite
                0x0000000000017e7b       0xa0 /tmp/ccKKsiNW.ltrans26.ltrans.o
                0x0000000000017e7b                BslSocketWrite
 .text.BslSocketRead
                0x0000000000017f1b       0xa0 /tmp/ccKKsiNW.ltrans26.ltrans.o
                0x0000000000017f1b                BslSocketRead
 .text.BslSocketClose
                0x0000000000017fbb      0x1ec /tmp/ccKKsiNW.ltrans26.ltrans.o
                0x0000000000017fbb                BslSocketClose
 .text.da_ShellRmdir.lto_priv.101
                0x00000000000181a7      0x294 /tmp/ccKKsiNW.ltrans26.ltrans.o
                0x00000000000181a7                da_ShellRmdir.lto_priv.101
 .text.da_ShellRename.lto_priv.103
                0x000000000001843b      0x1e4 /tmp/ccKKsiNW.ltrans26.ltrans.o
                0x000000000001843b                da_ShellRename.lto_priv.103
 .text.EslServiceNetworkDisconnect
                0x000000000001861f      0x246 /tmp/ccKKsiNW.ltrans27.ltrans.o
                0x000000000001861f                EslServiceNetworkDisconnect
 .text.recvfrom.constprop.6
                0x0000000000018865      0x21c /tmp/ccKKsiNW.ltrans27.ltrans.o
                0x0000000000018865                recvfrom.constprop.6
 .text.InternalAllocateCopyPool.constprop.2
                0x0000000000018a81       0x35 /tmp/ccKKsiNW.ltrans27.ltrans.o
                0x0000000000018a81                InternalAllocateCopyPool.constprop.2
 .text.tcp4Client.part.0.lto_priv.88
                0x0000000000018ab6      0x38e /tmp/ccKKsiNW.ltrans27.ltrans.o
                0x0000000000018ab6                tcp4Client.part.0.lto_priv.88
 .text.da_ShellOpen
                0x0000000000018e44      0x44a /tmp/ccKKsiNW.ltrans28.ltrans.o
                0x0000000000018e44                da_ShellOpen
 .text.da_ShellIoctl.lto_priv.99
                0x000000000001928e      0x1cc /tmp/ccKKsiNW.ltrans28.ltrans.o
                0x000000000001928e                da_ShellIoctl.lto_priv.99
 .text.da_ShellStat.lto_priv.98
                0x000000000001945a      0x15d /tmp/ccKKsiNW.ltrans28.ltrans.o
                0x000000000001945a                da_ShellStat.lto_priv.98
 .text.da_ShellWrite.lto_priv.96
                0x00000000000195b7      0x150 /tmp/ccKKsiNW.ltrans28.ltrans.o
                0x00000000000195b7                da_ShellWrite.lto_priv.96
 .text.da_ShellRead.lto_priv.95
                0x0000000000019707      0x139 /tmp/ccKKsiNW.ltrans28.ltrans.o
                0x0000000000019707                da_ShellRead.lto_priv.95
 .text.da_ShellMkdir.lto_priv.102
                0x0000000000019840      0x197 /tmp/ccKKsiNW.ltrans28.ltrans.o
                0x0000000000019840                da_ShellMkdir.lto_priv.102
 .text.__ultoa.lto_priv.91
                0x00000000000199d7      0x115 /tmp/ccKKsiNW.ltrans29.ltrans.o
                0x00000000000199d7                __ultoa.lto_priv.91
 .text.__sprint.lto_priv.90
                0x0000000000019aec      0x390 /tmp/ccKKsiNW.ltrans29.ltrans.o
                0x0000000000019aec                __sprint.lto_priv.90
 .text.ungetc   0x0000000000019e7c      0x1c0 /tmp/ccKKsiNW.ltrans29.ltrans.o
                0x0000000000019e7c                ungetc
 .text.InsertTailList
                0x000000000001a03c       0x16 /tmp/ccKKsiNW.ltrans30.ltrans.o
                0x000000000001a03c                InsertTailList
 .text.InternalAssertJumpBuffer
                0x000000000001a052        0x1 /tmp/ccKKsiNW.ltrans30.ltrans.o
                0x000000000001a052                InternalAssertJumpBuffer
 .text.BasePrintLibSPrint.constprop.65
                0x000000000001a053       0xb8 /tmp/ccKKsiNW.ltrans31.ltrans.o
                0x000000000001a053                BasePrintLibSPrint.constprop.65
 *fill*         0x000000000001a10b        0x5 
 .text          0x000000000001a110       0xac /home/hcj/UEFIWorkspace/Build/RobinPkg/DEBUG_GCC5/X64/MdePkg/Library/BaseLib/BaseLib/OUTPUT/BaseLib.lib(LongJump.obj)
                0x000000000001a110                InternalLongJump
 *fill*         0x000000000001a1bc        0x4 
 .text          0x000000000001a1c0       0xc2 /home/hcj/UEFIWorkspace/Build/RobinPkg/DEBUG_GCC5/X64/MdePkg/Library/BaseLib/BaseLib/OUTPUT/BaseLib.lib(SetJump.obj)
                0x000000000001a1c0                SetJump
 .text          0x000000000001a282        0xf /home/hcj/UEFIWorkspace/Build/RobinPkg/DEBUG_GCC5/X64/StdLib/LibC/LibC/OUTPUT/LibC.lib(fpu_rmode.obj)
                0x000000000001a282                internal_FPU_rmode
 *(.rodata .rodata.* .gnu.linkonce.r.*)
 .rodata.str1.1
                0x000000000001a291       0x24 /tmp/ccKKsiNW.ltrans0.ltrans.o
                                         0x26 (size before relaxing)
 *fill*         0x000000000001a2b5        0x3 
 .rodata.__vfprintf_unlocked
                0x000000000001a2b8      0x16c /tmp/ccKKsiNW.ltrans0.ltrans.o
 *fill*         0x000000000001a424       0x1c 
 .rodata.__bigtens_D2A
                0x000000000001a440       0x28 /tmp/ccKKsiNW.ltrans0.ltrans.o
                0x000000000001a440                __bigtens_D2A
 *fill*         0x000000000001a468       0x18 
 .rodata.__tens_D2A
                0x000000000001a480       0xb8 /tmp/ccKKsiNW.ltrans0.ltrans.o
                0x000000000001a480                __tens_D2A
 *fill*         0x000000000001a538        0x8 
 .rodata.xdigs_lower.9204
                0x000000000001a540       0x11 /tmp/ccKKsiNW.ltrans0.ltrans.o
 *fill*         0x000000000001a551        0xf 
 .rodata.xdigs_upper.9205
                0x000000000001a560       0x11 /tmp/ccKKsiNW.ltrans0.ltrans.o
 *fill*         0x000000000001a571        0x7 
 .rodata.cst8   0x000000000001a578       0x50 /tmp/ccKKsiNW.ltrans0.ltrans.o
 *fill*         0x000000000001a5c8        0x8 
 .rodata.cst16  0x000000000001a5d0       0x10 /tmp/ccKKsiNW.ltrans0.ltrans.o
 .rodata.str1.1
                0x000000000001a5e0        0x8 /tmp/ccKKsiNW.ltrans1.ltrans.o
                                         0x1c (size before relaxing)
 .rodata.sscanf
                0x000000000001a5e8       0x54 /tmp/ccKKsiNW.ltrans1.ltrans.o
 *fill*         0x000000000001a63c        0x4 
 .rodata._C_CharClassTable
                0x000000000001a640      0x100 /tmp/ccKKsiNW.ltrans1.ltrans.o
                0x000000000001a640                _C_CharClassTable
 .rodata.fpi.8268
                0x000000000001a740       0x14 /tmp/ccKKsiNW.ltrans1.ltrans.o
 .rodata.rmode.lto_priv.118
                0x000000000001a754        0x4 /tmp/ccKKsiNW.ltrans1.ltrans.o
                0x000000000001a754                rmode.lto_priv.118
 *fill*         0x000000000001a758        0x8 
 .rodata.tinytens
                0x000000000001a760       0x28 /tmp/ccKKsiNW.ltrans1.ltrans.o
 .rodata.__infinityf
                0x000000000001a788        0x4 /tmp/ccKKsiNW.ltrans1.ltrans.o
 *fill*         0x000000000001a78c        0x4 
 .rodata.fpi.8267
                0x000000000001a790       0x14 /tmp/ccKKsiNW.ltrans1.ltrans.o
 *fill*         0x000000000001a7a4       0x1c 
 .rodata.basefix.8833
                0x000000000001a7c0       0x22 /tmp/ccKKsiNW.ltrans1.ltrans.o
 *fill*         0x000000000001a7e2        0x6 
 .rodata.cst8   0x000000000001a7e8       0x30 /tmp/ccKKsiNW.ltrans1.ltrans.o
                                         0x40 (size before relaxing)
 .rodata.cst16  0x000000000001a818       0x10 /tmp/ccKKsiNW.ltrans1.ltrans.o
 .rodata.str1.1
                0x000000000001a818        0xc /tmp/ccKKsiNW.ltrans2.ltrans.o
 .rodata.p05.8340
                0x000000000001a818        0xc /tmp/ccKKsiNW.ltrans2.ltrans.o
 *fill*         0x000000000001a824       0x1c 
 .rodata.__tinytens_D2A
                0x000000000001a840       0x28 /tmp/ccKKsiNW.ltrans2.ltrans.o
 *fill*         0x000000000001a868       0x18 
 .rodata.fivesbits
                0x000000000001a880       0x5c /tmp/ccKKsiNW.ltrans2.ltrans.o
 *fill*         0x000000000001a8dc        0x4 
 .rodata.cst8   0x000000000001a8e0       0x10 /tmp/ccKKsiNW.ltrans2.ltrans.o
                                         0x38 (size before relaxing)
 .rodata.cst16  0x000000000001a8f0       0x10 /tmp/ccKKsiNW.ltrans2.ltrans.o
 .rodata.str2.2
                0x000000000001a8f0       0x2e /tmp/ccKKsiNW.ltrans3.ltrans.o
 .rodata.str1.1
                0x000000000001a91e       0x4b /tmp/ccKKsiNW.ltrans3.ltrans.o
 *fill*         0x000000000001a969       0x17 
 .rodata.CSWTCH.16
                0x000000000001a980       0x4b /tmp/ccKKsiNW.ltrans3.ltrans.o
 .rodata.__func__.8866
                0x000000000001a9cb        0x7 /tmp/ccKKsiNW.ltrans3.ltrans.o
 .rodata.__func__.8877
                0x000000000001a9d2        0x5 /tmp/ccKKsiNW.ltrans3.ltrans.o
 *fill*         0x000000000001a9d7        0x1 
 .rodata.__func__.8887
                0x000000000001a9d8        0x8 /tmp/ccKKsiNW.ltrans3.ltrans.o
 .rodata.BitMask
                0x000000000001a9e0        0x8 /tmp/ccKKsiNW.ltrans3.ltrans.o
 .rodata.str2.2
                0x000000000001a9e8       0x2e /tmp/ccKKsiNW.ltrans4.ltrans.o
 *fill*         0x000000000001aa16        0x2 
 .rodata.stdioFlags
                0x000000000001aa18        0xc /tmp/ccKKsiNW.ltrans4.ltrans.o
 .rodata._gUefiDriverRevision
                0x000000000001aa24        0x4 /tmp/ccKKsiNW.ltrans4.ltrans.o
                0x000000000001aa24                _gPcd_FixedAtBuild_PcdControlFlowEnforcementPropertyMask
 .rodata.IIO_WriteOne
                0x000000000001aa28       0x28 /tmp/ccKKsiNW.ltrans5.ltrans.o
 .rodata.str1.1
                0x000000000001aa50       0xc3 /tmp/ccKKsiNW.ltrans5.ltrans.o
 *fill*         0x000000000001ab13        0x5 
 .rodata.__func__.9727
                0x000000000001ab18        0xd /tmp/ccKKsiNW.ltrans5.ltrans.o
 *fill*         0x000000000001ab25        0x3 
 .rodata.__func__.9731
                0x000000000001ab28        0xc /tmp/ccKKsiNW.ltrans5.ltrans.o
 *fill*         0x000000000001ab34        0x4 
 .rodata.__func__.9742
                0x000000000001ab38        0xd /tmp/ccKKsiNW.ltrans5.ltrans.o
 *fill*         0x000000000001ab45        0x3 
 .rodata.__func__.9756
                0x000000000001ab48        0xd /tmp/ccKKsiNW.ltrans5.ltrans.o
 *fill*         0x000000000001ab55        0x3 
 .rodata.__func__.9773
                0x000000000001ab58        0xd /tmp/ccKKsiNW.ltrans5.ltrans.o
 *fill*         0x000000000001ab65        0x3 
 .rodata.__func__.9777
                0x000000000001ab68        0xd /tmp/ccKKsiNW.ltrans5.ltrans.o
 *fill*         0x000000000001ab75        0x3 
 .rodata.__func__.9781
                0x000000000001ab78        0xc /tmp/ccKKsiNW.ltrans5.ltrans.o
 *fill*         0x000000000001ab84        0x4 
 .rodata.__func__.9788
                0x000000000001ab88        0xb /tmp/ccKKsiNW.ltrans5.ltrans.o
 *fill*         0x000000000001ab93        0x5 
 .rodata.__func__.9793
                0x000000000001ab98        0xe /tmp/ccKKsiNW.ltrans5.ltrans.o
 *fill*         0x000000000001aba6        0xa 
 .rodata.__func__.10270
                0x000000000001abb0       0x10 /tmp/ccKKsiNW.ltrans5.ltrans.o
 .rodata.str2.2
                0x000000000001abc0       0x2e /tmp/ccKKsiNW.ltrans6.ltrans.o
 .rodata.str1.1
                0x000000000001abee       0x22 /tmp/ccKKsiNW.ltrans7.ltrans.o
 .rodata.EslIp4SocketIsConfigured
                0x000000000001ac10       0x40 /tmp/ccKKsiNW.ltrans7.ltrans.o
 .rodata.str1.1
                0x000000000001ac50       0xd0 /tmp/ccKKsiNW.ltrans8.ltrans.o
                                         0xd3 (size before relaxing)
 .rodata.gmt    0x000000000001ad20        0x4 /tmp/ccKKsiNW.ltrans8.ltrans.o
 *fill*         0x000000000001ad24        0x4 
 .rodata.__func__.8559
                0x000000000001ad28        0xf /tmp/ccKKsiNW.ltrans8.ltrans.o
 *fill*         0x000000000001ad37        0x9 
 .rodata.utf8_code_length
                0x000000000001ad40      0x100 /tmp/ccKKsiNW.ltrans8.ltrans.o
 .rodata.__find_arguments.lto_priv.92
                0x000000000001ae40      0x1d0 /tmp/ccKKsiNW.ltrans10.ltrans.o
 .rodata.EslUdp4SocketIsConfigured
                0x000000000001b010       0x40 /tmp/ccKKsiNW.ltrans12.ltrans.o
 .rodata.str1.1
                0x000000000001b050       0x16 /tmp/ccKKsiNW.ltrans13.ltrans.o
 .rodata.str1.1
                0x000000000001b066       0x7b /tmp/ccKKsiNW.ltrans14.ltrans.o
 *fill*         0x000000000001b0e1       0x1f 
 .rodata.mon_lengths
                0x000000000001b100       0x60 /tmp/ccKKsiNW.ltrans14.ltrans.o
                0x000000000001b100                mon_lengths
 .rodata.year_lengths
                0x000000000001b160        0x8 /tmp/ccKKsiNW.ltrans14.ltrans.o
                0x000000000001b160                year_lengths
 *fill*         0x000000000001b168        0x8 
 .rodata.mHexStr
                0x000000000001b170       0x10 /tmp/ccKKsiNW.ltrans14.ltrans.o
 .rodata.mWarningString
                0x000000000001b180       0x96 /tmp/ccKKsiNW.ltrans14.ltrans.o
 *fill*         0x000000000001b216        0xa 
 .rodata.mErrorString
                0x000000000001b220      0x2b5 /tmp/ccKKsiNW.ltrans14.ltrans.o
 *fill*         0x000000000001b4d5        0x3 
 .rodata._gPcd_FixedAtBuild_PcdMaximumUnicodeStringLength
                0x000000000001b4d8        0x4 /tmp/ccKKsiNW.ltrans14.ltrans.o
                0x000000000001b4d8                _gPcd_FixedAtBuild_PcdMaximumLinkedListLength
                0x000000000001b4d8                _gPcd_FixedAtBuild_PcdMaximumAsciiStringLength
                0x000000000001b4d8                _gPcd_FixedAtBuild_PcdMaximumUnicodeStringLength
 .rodata.EslTcp4Listen
                0x000000000001b4dc       0x40 /tmp/ccKKsiNW.ltrans15.ltrans.o
 .rodata.EslUdp6SocketIsConfigured
                0x000000000001b51c       0x40 /tmp/ccKKsiNW.ltrans16.ltrans.o
 .rodata.str1.1
                0x000000000001b55c        0x5 /tmp/ccKKsiNW.ltrans16.ltrans.o
 .rodata.str1.1
                0x000000000001b561        0x5 /tmp/ccKKsiNW.ltrans17.ltrans.o
 *fill*         0x000000000001b561        0xf 
 .rodata.mEfiServiceBinding
                0x000000000001b570       0x10 /tmp/ccKKsiNW.ltrans17.ltrans.o
 .rodata.str1.1
                0x000000000001b580      0x998 /tmp/ccKKsiNW.ltrans19.ltrans.o
                                        0x9ab (size before relaxing)
 .rodata.str2.2
                0x000000000001bf18       0x58 /tmp/ccKKsiNW.ltrans19.ltrans.o
 .rodata.EslTcp6Listen
                0x000000000001bf70       0x40 /tmp/ccKKsiNW.ltrans22.ltrans.o
 .rodata.str1.1
                0x000000000001bfb0       0x10 /tmp/ccKKsiNW.ltrans22.ltrans.o
 .rodata.str1.1
                0x000000000001bfc0       0x28 /tmp/ccKKsiNW.ltrans24.ltrans.o
 .rodata.EslSocketReceive
                0x000000000001bfe8       0x1c /tmp/ccKKsiNW.ltrans25.ltrans.o
 .rodata.CSWTCH.36
                0x000000000001c004        0x3 /tmp/ccKKsiNW.ltrans26.ltrans.o
 .rodata.str1.1
                0x000000000001c007       0x82 /tmp/ccKKsiNW.ltrans27.ltrans.o
                                         0x85 (size before relaxing)
 *fill*         0x000000000001c089        0x7 
 .rodata.mEslUdp6ServiceGuid
                0x000000000001c090       0x10 /tmp/ccKKsiNW.ltrans27.ltrans.o
                0x000000000001c090                mEslUdp6ServiceGuid
 .rodata.mEslUdp4ServiceGuid
                0x000000000001c0a0       0x10 /tmp/ccKKsiNW.ltrans27.ltrans.o
                0x000000000001c0a0                mEslUdp4ServiceGuid
 .rodata.mEslTcp6ServiceGuid
                0x000000000001c0b0       0x10 /tmp/ccKKsiNW.ltrans27.ltrans.o
                0x000000000001c0b0                mEslTcp6ServiceGuid
 .rodata.mEslTcp4ServiceGuid
                0x000000000001c0c0       0x10 /tmp/ccKKsiNW.ltrans27.ltrans.o
                0x000000000001c0c0                mEslTcp4ServiceGuid
 .rodata.mEslIp4ServiceGuid
                0x000000000001c0d0       0x10 /tmp/ccKKsiNW.ltrans27.ltrans.o
                0x000000000001c0d0                mEslIp4ServiceGuid
 .rodata.str2.2
                0x000000000001c0e0       0x30 /tmp/ccKKsiNW.ltrans27.ltrans.o
 *(.got .got.*)
 .got           0x000000000001c110        0x0 strtof.obj (symbol from plugin)
 .got.plt       0x000000000001c110        0x0 strtof.obj (symbol from plugin)
 *:AutoGen.obj(.data.g*Guid)

.plt            0x000000000001c110        0x0
 .plt           0x000000000001c110        0x0 strtof.obj (symbol from plugin)

.plt.got        0x000000000001c110        0x0
 .plt.got       0x000000000001c110        0x0 strtof.obj (symbol from plugin)

.data           0x000000000001c140    0x11438
 *(.data .data.* .gnu.linkonce.d.*)
 .data.zeroes.9203
                0x000000000001c140       0x10 /tmp/ccKKsiNW.ltrans0.ltrans.o
 .data.blanks.9202
                0x000000000001c150       0x10 /tmp/ccKKsiNW.ltrans0.ltrans.o
 .data.rel.local.pmem_next
                0x000000000001c160        0x8 /tmp/ccKKsiNW.ltrans2.ltrans.o
 *fill*         0x000000000001c168        0x8 
 .data.rel.local.MemPoolHead
                0x000000000001c170       0x10 /tmp/ccKKsiNW.ltrans3.ltrans.o
 .data.rel.ro.local.stdioNames
                0x000000000001c180       0x18 /tmp/ccKKsiNW.ltrans4.ltrans.o
 *fill*         0x000000000001c198        0x8 
 .data.gEfiShellEnvironment2ExtGuid
                0x000000000001c1a0       0x10 /tmp/ccKKsiNW.ltrans4.ltrans.o
 .data.gEfiShellEnvironment2Guid
                0x000000000001c1b0       0x10 /tmp/ccKKsiNW.ltrans4.ltrans.o
 .data.gEfiShellInterfaceGuid
                0x000000000001c1c0       0x10 /tmp/ccKKsiNW.ltrans4.ltrans.o
 .data.gEfiShellParametersProtocolGuid
                0x000000000001c1d0       0x10 /tmp/ccKKsiNW.ltrans4.ltrans.o
 .data.gEfiShellProtocolGuid
                0x000000000001c1e0       0x10 /tmp/ccKKsiNW.ltrans4.ltrans.o
 .data.gEfiHiiImageProtocolGuid
                0x000000000001c1f0       0x10 /tmp/ccKKsiNW.ltrans4.ltrans.o
 .data.gEfiHiiFontProtocolGuid
                0x000000000001c200       0x10 /tmp/ccKKsiNW.ltrans4.ltrans.o
 .data.gEfiHiiConfigRoutingProtocolGuid
                0x000000000001c210       0x10 /tmp/ccKKsiNW.ltrans4.ltrans.o
 .data.gEfiHiiDatabaseProtocolGuid
                0x000000000001c220       0x10 /tmp/ccKKsiNW.ltrans4.ltrans.o
 .data.gEfiHiiStringProtocolGuid
                0x000000000001c230       0x10 /tmp/ccKKsiNW.ltrans4.ltrans.o
 .data.Spaces   0x000000000001c240       0x22 /tmp/ccKKsiNW.ltrans5.ltrans.o
 *fill*         0x000000000001c262        0xe 
 .data.gEfiFileInfoGuid
                0x000000000001c270       0x10 /tmp/ccKKsiNW.ltrans6.ltrans.o
 .data.gEfiSimpleFileSystemProtocolGuid
                0x000000000001c280       0x10 /tmp/ccKKsiNW.ltrans6.ltrans.o
 .data.gEfiUnicodeCollation2ProtocolGuid
                0x000000000001c290       0x10 /tmp/ccKKsiNW.ltrans6.ltrans.o
 .data.rel.ro.local.cEslUdp6Api
                0x000000000001c2a0      0x108 /tmp/ccKKsiNW.ltrans7.ltrans.o
 *fill*         0x000000000001c3a8       0x18 
 .data.rel.ro.local.cEslTcp6Api
                0x000000000001c3c0      0x108 /tmp/ccKKsiNW.ltrans7.ltrans.o
 *fill*         0x000000000001c4c8       0x18 
 .data.rel.ro.local.cEslIp4Api
                0x000000000001c4e0      0x108 /tmp/ccKKsiNW.ltrans7.ltrans.o
 *fill*         0x000000000001c5e8       0x18 
 .data.rel.ro.local.cEslUdp4Api
                0x000000000001c600      0x108 /tmp/ccKKsiNW.ltrans7.ltrans.o
 *fill*         0x000000000001c708       0x18 
 .data.rel.ro.local.cEslTcp4Api
                0x000000000001c720      0x108 /tmp/ccKKsiNW.ltrans7.ltrans.o
 *fill*         0x000000000001c828       0x18 
 .data.rel.local.cEslAfInet6Api
                0x000000000001c840       0x30 /tmp/ccKKsiNW.ltrans7.ltrans.o
 *fill*         0x000000000001c870       0x10 
 .data.rel.local.cEslAfInetApi
                0x000000000001c880       0x30 /tmp/ccKKsiNW.ltrans7.ltrans.o
 .data.__nlocale_changed
                0x000000000001c8b0        0x4 /tmp/ccKKsiNW.ltrans8.ltrans.o
 .data.__mlocale_changed
                0x000000000001c8b4        0x4 /tmp/ccKKsiNW.ltrans8.ltrans.o
 *fill*         0x000000000001c8b8        0x8 
 .data.gEfiSocketProtocolGuid
                0x000000000001c8c0       0x10 /tmp/ccKKsiNW.ltrans13.ltrans.o
                0x000000000001c8c0                gEfiSocketProtocolGuid
 .data.rel.local.daDeviceList
                0x000000000001c8d0       0x10 /tmp/ccKKsiNW.ltrans13.ltrans.o
                0x000000000001c8d0                daDeviceList
 .data.gEfiIp4Config2ProtocolGuid
                0x000000000001c8e0       0x10 /tmp/ccKKsiNW.ltrans16.ltrans.o
                0x000000000001c8e0                gEfiIp4Config2ProtocolGuid
 .data.gEfiIp6ConfigProtocolGuid
                0x000000000001c8f0       0x10 /tmp/ccKKsiNW.ltrans17.ltrans.o
                0x000000000001c8f0                gEfiIp6ConfigProtocolGuid
 .data.rel.local.uglue
                0x000000000001c900       0x18 /tmp/ccKKsiNW.ltrans19.ltrans.o
 *fill*         0x000000000001c918        0x8 
 .data.rel.local.__sglue
                0x000000000001c920       0x18 /tmp/ccKKsiNW.ltrans19.ltrans.o
 *fill*         0x000000000001c938        0x8 
 .data.rel.ro.local.sys_errlist
                0x000000000001c940      0x320 /tmp/ccKKsiNW.ltrans19.ltrans.o
 .data.gEfiUdp6ProtocolGuid
                0x000000000001cc60       0x10 /tmp/ccKKsiNW.ltrans27.ltrans.o
                0x000000000001cc60                gEfiUdp6ProtocolGuid
 .data.gEfiUdp6ServiceBindingProtocolGuid
                0x000000000001cc70       0x10 /tmp/ccKKsiNW.ltrans27.ltrans.o
                0x000000000001cc70                gEfiUdp6ServiceBindingProtocolGuid
 .data.gEfiUdp4ProtocolGuid
                0x000000000001cc80       0x10 /tmp/ccKKsiNW.ltrans27.ltrans.o
                0x000000000001cc80                gEfiUdp4ProtocolGuid
 .data.gEfiUdp4ServiceBindingProtocolGuid
                0x000000000001cc90       0x10 /tmp/ccKKsiNW.ltrans27.ltrans.o
                0x000000000001cc90                gEfiUdp4ServiceBindingProtocolGuid
 .data.gEfiTcp6ProtocolGuid
                0x000000000001cca0       0x10 /tmp/ccKKsiNW.ltrans27.ltrans.o
                0x000000000001cca0                gEfiTcp6ProtocolGuid
 .data.gEfiTcp6ServiceBindingProtocolGuid
                0x000000000001ccb0       0x10 /tmp/ccKKsiNW.ltrans27.ltrans.o
                0x000000000001ccb0                gEfiTcp6ServiceBindingProtocolGuid
 .data.gEfiTcp4ProtocolGuid
                0x000000000001ccc0       0x10 /tmp/ccKKsiNW.ltrans27.ltrans.o
                0x000000000001ccc0                gEfiTcp4ProtocolGuid
 .data.gEfiTcp4ServiceBindingProtocolGuid
                0x000000000001ccd0       0x10 /tmp/ccKKsiNW.ltrans27.ltrans.o
                0x000000000001ccd0                gEfiTcp4ServiceBindingProtocolGuid
 .data.gEfiIp4ProtocolGuid
                0x000000000001cce0       0x10 /tmp/ccKKsiNW.ltrans27.ltrans.o
                0x000000000001cce0                gEfiIp4ProtocolGuid
 .data.gEfiIp4ServiceBindingProtocolGuid
                0x000000000001ccf0       0x10 /tmp/ccKKsiNW.ltrans27.ltrans.o
                0x000000000001ccf0                gEfiIp4ServiceBindingProtocolGuid
 .data.gEfiCallerIdGuid
                0x000000000001cd00       0x10 /tmp/ccKKsiNW.ltrans27.ltrans.o
                0x000000000001cd00                gEfiCallerIdGuid
 *fill*         0x000000000001cd10       0x10 
 .data.rel.ro.local.cEslSocketBinding
                0x000000000001cd20      0x140 /tmp/ccKKsiNW.ltrans27.ltrans.o
                0x000000000001cd20                cEslSocketBinding
 .data.rel.local.__sF
                0x000000000001ce60      0x1f8 /tmp/ccKKsiNW.ltrans27.ltrans.o
                0x000000000001ce60                __sF
 *fill*         0x000000000001d058        0x8 
 .data.rel.ro.local.SocketOperations
                0x000000000001d060       0x68 /tmp/ccKKsiNW.ltrans27.ltrans.o
 .data.rel.ro   0x000000000001d0c8        0x0 strtof.obj (symbol from plugin)
 *(.bss .bss.*)
 .bss.__dtoa_result_D2A
                0x000000000001d0c8        0x8 /tmp/ccKKsiNW.ltrans0.ltrans.o
                0x000000000001d0c8                __dtoa_result_D2A
 .bss.LocalConvState.lto_priv.117
                0x000000000001d0d0       0x14 /tmp/ccKKsiNW.ltrans0.ltrans.o
                0x000000000001d0d0                LocalConvState.lto_priv.117
 .bss.s2.8804   0x000000000001d0e4        0x2 /tmp/ccKKsiNW.ltrans1.ltrans.o
 .bss.s1.8803   0x000000000001d0e6        0x2 /tmp/ccKKsiNW.ltrans1.ltrans.o
 *fill*         0x000000000001d0e8       0x18 
 .bss.private_mem
                0x000000000001d100      0x900 /tmp/ccKKsiNW.ltrans2.ltrans.o
 .bss.freelist  0x000000000001da00      0x208 /tmp/ccKKsiNW.ltrans2.ltrans.o
 .bss.p5s       0x000000000001dc08        0x8 /tmp/ccKKsiNW.ltrans2.ltrans.o
 .bss.__wchar_bitmap_size
                0x000000000001dc10        0x8 /tmp/ccKKsiNW.ltrans4.ltrans.o
                0x000000000001dc10                __wchar_bitmap_size
 .bss.__wchar_bitmap
                0x000000000001dc18        0x8 /tmp/ccKKsiNW.ltrans4.ltrans.o
                0x000000000001dc18                __wchar_bitmap
 .bss.ConNode   0x000000000001dc20       0x18 /tmp/ccKKsiNW.ltrans4.ltrans.o
 .bss.ConInstanceList
                0x000000000001dc38        0x8 /tmp/ccKKsiNW.ltrans4.ltrans.o
 .bss.mEfiShellEnvironment2Handle
                0x000000000001dc40        0x8 /tmp/ccKKsiNW.ltrans4.ltrans.o
 .bss.mEfiShellInterface
                0x000000000001dc48        0x8 /tmp/ccKKsiNW.ltrans4.ltrans.o
 .bss.gEfiShellParametersProtocol
                0x000000000001dc50        0x8 /tmp/ccKKsiNW.ltrans4.ltrans.o
 .bss.gHiiImage
                0x000000000001dc58        0x8 /tmp/ccKKsiNW.ltrans4.ltrans.o
 .bss.gHiiFont  0x000000000001dc60        0x8 /tmp/ccKKsiNW.ltrans4.ltrans.o
 .bss.gHiiConfigRouting
                0x000000000001dc68        0x8 /tmp/ccKKsiNW.ltrans4.ltrans.o
 .bss.gHiiDatabase
                0x000000000001dc70        0x8 /tmp/ccKKsiNW.ltrans4.ltrans.o
 .bss.gHiiString
                0x000000000001dc78        0x8 /tmp/ccKKsiNW.ltrans4.ltrans.o
 .bss.BufCnt.10234
                0x000000000001dc80        0x8 /tmp/ccKKsiNW.ltrans5.ltrans.o
 .bss.IIO.lto_priv.104
                0x000000000001dc88        0x8 /tmp/ccKKsiNW.ltrans6.ltrans.o
                0x000000000001dc88                IIO.lto_priv.104
 .bss.mUnicodeCollationProtocol
                0x000000000001dc90        0x8 /tmp/ccKKsiNW.ltrans6.ltrans.o
                0x000000000001dc90                mUnicodeCollationProtocol
 .bss.gmt_is_set
                0x000000000001dc98        0x4 /tmp/ccKKsiNW.ltrans8.ltrans.o
 *fill*         0x000000000001dc9c        0x4 
 .bss.lcl_TZname
                0x000000000001dca0      0x100 /tmp/ccKKsiNW.ltrans8.ltrans.o
 .bss.lcl_is_set
                0x000000000001dda0        0x4 /tmp/ccKKsiNW.ltrans8.ltrans.o
 *fill*         0x000000000001dda4       0x1c 
 .bss.ret.7488  0x000000000001ddc0       0x60 /tmp/ccKKsiNW.ltrans8.ltrans.o
 .bss.mEslLayer
                0x000000000001de20       0x48 /tmp/ccKKsiNW.ltrans13.ltrans.o
                0x000000000001de20                mEslLayer
 .bss.daDefaultDevice
                0x000000000001de68        0x8 /tmp/ccKKsiNW.ltrans13.ltrans.o
                0x000000000001de68                daDefaultDevice
 *fill*         0x000000000001de70       0x10 
 .bss.errorbuf.8967.lto_priv.87
                0x000000000001de80      0x100 /tmp/ccKKsiNW.ltrans13.ltrans.o
                0x000000000001de80                errorbuf.8967.lto_priv.87
 .bss.errno     0x000000000001df80        0x4 /tmp/ccKKsiNW.ltrans13.ltrans.o
                0x000000000001df80                errno
 *fill*         0x000000000001df84        0x4 
 .bss.EFIerrno  0x000000000001df88        0x8 /tmp/ccKKsiNW.ltrans13.ltrans.o
                0x000000000001df88                EFIerrno
 .bss.gRT       0x000000000001df90        0x8 /tmp/ccKKsiNW.ltrans13.ltrans.o
                0x000000000001df90                gRT
 .bss.mEfiShellEnvironment2
                0x000000000001df98        0x8 /tmp/ccKKsiNW.ltrans13.ltrans.o
                0x000000000001df98                mEfiShellEnvironment2
 .bss.gEfiShellProtocol
                0x000000000001dfa0        0x8 /tmp/ccKKsiNW.ltrans13.ltrans.o
                0x000000000001dfa0                gEfiShellProtocol
 .bss.gmtptr    0x000000000001dfa8        0x8 /tmp/ccKKsiNW.ltrans14.ltrans.o
                0x000000000001dfa8                gmtptr
 .bss.lclptr    0x000000000001dfb0        0x8 /tmp/ccKKsiNW.ltrans14.ltrans.o
                0x000000000001dfb0                lclptr
 .bss.gMD       0x000000000001dfb8        0x8 /tmp/ccKKsiNW.ltrans14.ltrans.o
                0x000000000001dfb8                gMD
 .bss.gBS       0x000000000001dfc0        0x8 /tmp/ccKKsiNW.ltrans14.ltrans.o
                0x000000000001dfc0                gBS
 *fill*         0x000000000001dfc8       0x18 
 .bss.usual     0x000000000001dfe0     0xa560 /tmp/ccKKsiNW.ltrans19.ltrans.o
 .bss.usualext  0x0000000000028540     0x4ec0 /tmp/ccKKsiNW.ltrans19.ltrans.o
 .bss.__sdidinit
                0x000000000002d400        0x4 /tmp/ccKKsiNW.ltrans19.ltrans.o
                0x000000000002d400                __sdidinit
 *fill*         0x000000000002d404        0x4 
 .bss.gST       0x000000000002d408        0x8 /tmp/ccKKsiNW.ltrans19.ltrans.o
                0x000000000002d408                gST
 *fill*         0x000000000002d410       0x10 
 .bss.FileFunctionMap
                0x000000000002d420       0x50 /tmp/ccKKsiNW.ltrans26.ltrans.o
                0x000000000002d420                FileFunctionMap
 *fill*         0x000000000002d470       0x10 
 .bss.__sFext   0x000000000002d480       0xf0 /tmp/ccKKsiNW.ltrans27.ltrans.o
 .bss.gImageHandle
                0x000000000002d570        0x8 /tmp/ccKKsiNW.ltrans27.ltrans.o
                0x000000000002d570                gImageHandle

.eh_frame       0x000000000002d580        0x0
 *(.eh_frame)
 .eh_frame      0x000000000002d580        0x0 strtof.obj (symbol from plugin)
 .eh_frame      0x000000000002d580        0x0 strtof.obj (symbol from plugin)

.dynbss         0x000000000002d580        0x0
 .dynbss        0x000000000002d580        0x0 strtof.obj (symbol from plugin)

.gnu.version_d  0x000000000002d580        0x0
 .gnu.version_d
                0x000000000002d580        0x0 strtof.obj (symbol from plugin)

.gnu.version    0x000000000002d580        0x0
 .gnu.version   0x000000000002d580        0x0 strtof.obj (symbol from plugin)

.gnu.version_r  0x000000000002d580        0x0
 .gnu.version_r
                0x000000000002d580        0x0 strtof.obj (symbol from plugin)

.rela           0x000000000002d580     0x1788
 *(.rela .rela.*)
 .rela.plt      0x000000000002d580        0x0 strtof.obj (symbol from plugin)
 .rela.got      0x000000000002d580        0x0 strtof.obj (symbol from plugin)
 .rela.bss      0x000000000002d580        0x0 strtof.obj (symbol from plugin)
 .rela.data.rel.ro
                0x000000000002d580        0x0 strtof.obj (symbol from plugin)
 .rela.ifunc    0x000000000002d580        0x0 strtof.obj (symbol from plugin)
 .rela.data.rel.local.pmem_next
                0x000000000002d580       0x18 strtof.obj (symbol from plugin)
 .rela.data.rel.local.MemPoolHead
                0x000000000002d598       0x30 strtof.obj (symbol from plugin)
 .rela.data.rel.ro.local.stdioNames
                0x000000000002d5c8       0x48 strtof.obj (symbol from plugin)
 .rela.data.rel.ro.local.cEslUdp6Api
                0x000000000002d610      0x138 strtof.obj (symbol from plugin)
 .rela.data.rel.ro.local.cEslTcp6Api
                0x000000000002d748      0x1f8 strtof.obj (symbol from plugin)
 .rela.data.rel.ro.local.cEslIp4Api
                0x000000000002d940      0x168 strtof.obj (symbol from plugin)
 .rela.data.rel.ro.local.cEslUdp4Api
                0x000000000002daa8      0x138 strtof.obj (symbol from plugin)
 .rela.data.rel.ro.local.cEslTcp4Api
                0x000000000002dbe0      0x1f8 strtof.obj (symbol from plugin)
 .rela.data.rel.local.cEslAfInet6Api
                0x000000000002ddd8       0x48 strtof.obj (symbol from plugin)
 .rela.data.rel.local.cEslAfInetApi
                0x000000000002de20       0x60 strtof.obj (symbol from plugin)
 .rela.data.rel.local.daDeviceList
                0x000000000002de80       0x30 strtof.obj (symbol from plugin)
 .rela.data.rel.local.uglue
                0x000000000002deb0       0x18 strtof.obj (symbol from plugin)
 .rela.data.rel.local.__sglue
                0x000000000002dec8       0x30 strtof.obj (symbol from plugin)
 .rela.data.rel.ro.local.sys_errlist
                0x000000000002def8      0x960 strtof.obj (symbol from plugin)
 .rela.data.rel.ro.local.cEslSocketBinding
                0x000000000002e858      0x1e0 strtof.obj (symbol from plugin)
 .rela.data.rel.local.__sF
                0x000000000002ea38      0x1b0 strtof.obj (symbol from plugin)
 .rela.data.rel.ro.local.SocketOperations
                0x000000000002ebe8      0x120 strtof.obj (symbol from plugin)

.hii
 *(.hii)

.build-id       0x000000000002ed08       0x24
 *(.note.gnu.build-id)
 .note.gnu.build-id
                0x000000000002ed08       0x24 strtof.obj (symbol from plugin)

/DISCARD/
 *(.note.GNU-stack)
 *(.gnu_debuglink)
 *(.interp)
 *(.dynsym)
 *(.dynstr)
 *(.dynamic)
 *(.hash .gnu.hash)
 *(.comment)
OUTPUT(/home/hcj/UEFIWorkspace/Build/RobinPkg/DEBUG_GCC5/X64/RobinPkg/Applications/stdEchoTcp4/stdEchoTcp4/DEBUG/stdEchoTcp4.dll elf64-x86-64)

.debug_info     0x0000000000000000    0x65cdc
 .debug_info    0x0000000000000000     0x206f /tmp/ccKKsiNW.ltrans0.ltrans.o
 .debug_info    0x000000000000206f     0x247d /tmp/ccKKsiNW.ltrans1.ltrans.o
 .debug_info    0x00000000000044ec     0x23d2 /tmp/ccKKsiNW.ltrans2.ltrans.o
 .debug_info    0x00000000000068be     0x279e /tmp/ccKKsiNW.ltrans3.ltrans.o
 .debug_info    0x000000000000905c     0x4893 /tmp/ccKKsiNW.ltrans4.ltrans.o
 .debug_info    0x000000000000d8ef     0x32bc /tmp/ccKKsiNW.ltrans5.ltrans.o
 .debug_info    0x0000000000010bab     0x3211 /tmp/ccKKsiNW.ltrans6.ltrans.o
 .debug_info    0x0000000000013dbc     0x438d /tmp/ccKKsiNW.ltrans7.ltrans.o
 .debug_info    0x0000000000018149     0x1e94 /tmp/ccKKsiNW.ltrans8.ltrans.o
 .debug_info    0x0000000000019fdd     0x3f63 /tmp/ccKKsiNW.ltrans9.ltrans.o
 .debug_info    0x000000000001df40      0x8a2 /tmp/ccKKsiNW.ltrans10.ltrans.o
 .debug_info    0x000000000001e7e2     0x146a /tmp/ccKKsiNW.ltrans11.ltrans.o
 .debug_info    0x000000000001fc4c     0x4558 /tmp/ccKKsiNW.ltrans12.ltrans.o
 .debug_info    0x00000000000241a4     0x7ad1 /tmp/ccKKsiNW.ltrans13.ltrans.o
 .debug_info    0x000000000002bc75     0x2911 /tmp/ccKKsiNW.ltrans14.ltrans.o
 .debug_info    0x000000000002e586     0x3d26 /tmp/ccKKsiNW.ltrans15.ltrans.o
 .debug_info    0x00000000000322ac     0x4472 /tmp/ccKKsiNW.ltrans16.ltrans.o
 .debug_info    0x000000000003671e     0x41c9 /tmp/ccKKsiNW.ltrans17.ltrans.o
 .debug_info    0x000000000003a8e7     0x3c25 /tmp/ccKKsiNW.ltrans18.ltrans.o
 .debug_info    0x000000000003e50c     0x3834 /tmp/ccKKsiNW.ltrans19.ltrans.o
 .debug_info    0x0000000000041d40     0x3bea /tmp/ccKKsiNW.ltrans20.ltrans.o
 .debug_info    0x000000000004592a     0x3cd1 /tmp/ccKKsiNW.ltrans21.ltrans.o
 .debug_info    0x00000000000495fb     0x3e18 /tmp/ccKKsiNW.ltrans22.ltrans.o
 .debug_info    0x000000000004d413     0x42b6 /tmp/ccKKsiNW.ltrans23.ltrans.o
 .debug_info    0x00000000000516c9     0x3b1f /tmp/ccKKsiNW.ltrans24.ltrans.o
 .debug_info    0x00000000000551e8     0x3dc4 /tmp/ccKKsiNW.ltrans25.ltrans.o
 .debug_info    0x0000000000058fac     0x5209 /tmp/ccKKsiNW.ltrans26.ltrans.o
 .debug_info    0x000000000005e1b5     0x4fc9 /tmp/ccKKsiNW.ltrans27.ltrans.o
 .debug_info    0x000000000006317e     0x1a71 /tmp/ccKKsiNW.ltrans28.ltrans.o
 .debug_info    0x0000000000064bef      0xc6a /tmp/ccKKsiNW.ltrans29.ltrans.o
 .debug_info    0x0000000000065859      0x327 /tmp/ccKKsiNW.ltrans30.ltrans.o
 .debug_info    0x0000000000065b80      0x15c /tmp/ccKKsiNW.ltrans31.ltrans.o

.debug_abbrev   0x0000000000000000     0x76e3
 .debug_abbrev  0x0000000000000000      0x3ba /tmp/ccKKsiNW.ltrans0.ltrans.o
 .debug_abbrev  0x00000000000003ba      0x404 /tmp/ccKKsiNW.ltrans1.ltrans.o
 .debug_abbrev  0x00000000000007be      0x3b4 /tmp/ccKKsiNW.ltrans2.ltrans.o
 .debug_abbrev  0x0000000000000b72      0x44a /tmp/ccKKsiNW.ltrans3.ltrans.o
 .debug_abbrev  0x0000000000000fbc      0x35d /tmp/ccKKsiNW.ltrans4.ltrans.o
 .debug_abbrev  0x0000000000001319      0x49f /tmp/ccKKsiNW.ltrans5.ltrans.o
 .debug_abbrev  0x00000000000017b8      0x4c3 /tmp/ccKKsiNW.ltrans6.ltrans.o
 .debug_abbrev  0x0000000000001c7b      0x3b7 /tmp/ccKKsiNW.ltrans7.ltrans.o
 .debug_abbrev  0x0000000000002032      0x53d /tmp/ccKKsiNW.ltrans8.ltrans.o
 .debug_abbrev  0x000000000000256f      0x306 /tmp/ccKKsiNW.ltrans9.ltrans.o
 .debug_abbrev  0x0000000000002875      0x169 /tmp/ccKKsiNW.ltrans10.ltrans.o
 .debug_abbrev  0x00000000000029de      0x408 /tmp/ccKKsiNW.ltrans11.ltrans.o
 .debug_abbrev  0x0000000000002de6      0x488 /tmp/ccKKsiNW.ltrans12.ltrans.o
 .debug_abbrev  0x000000000000326e      0x4a0 /tmp/ccKKsiNW.ltrans13.ltrans.o
 .debug_abbrev  0x000000000000370e      0x368 /tmp/ccKKsiNW.ltrans14.ltrans.o
 .debug_abbrev  0x0000000000003a76      0x404 /tmp/ccKKsiNW.ltrans15.ltrans.o
 .debug_abbrev  0x0000000000003e7a      0x48b /tmp/ccKKsiNW.ltrans16.ltrans.o
 .debug_abbrev  0x0000000000004305      0x414 /tmp/ccKKsiNW.ltrans17.ltrans.o
 .debug_abbrev  0x0000000000004719      0x376 /tmp/ccKKsiNW.ltrans18.ltrans.o
 .debug_abbrev  0x0000000000004a8f      0x4e8 /tmp/ccKKsiNW.ltrans19.ltrans.o
 .debug_abbrev  0x0000000000004f77      0x3bb /tmp/ccKKsiNW.ltrans20.ltrans.o
 .debug_abbrev  0x0000000000005332      0x375 /tmp/ccKKsiNW.ltrans21.ltrans.o
 .debug_abbrev  0x00000000000056a7      0x3e2 /tmp/ccKKsiNW.ltrans22.ltrans.o
 .debug_abbrev  0x0000000000005a89      0x3df /tmp/ccKKsiNW.ltrans23.ltrans.o
 .debug_abbrev  0x0000000000005e68      0x2e7 /tmp/ccKKsiNW.ltrans24.ltrans.o
 .debug_abbrev  0x000000000000614f      0x3c8 /tmp/ccKKsiNW.ltrans25.ltrans.o
 .debug_abbrev  0x0000000000006517      0x50b /tmp/ccKKsiNW.ltrans26.ltrans.o
 .debug_abbrev  0x0000000000006a22      0x491 /tmp/ccKKsiNW.ltrans27.ltrans.o
 .debug_abbrev  0x0000000000006eb3      0x359 /tmp/ccKKsiNW.ltrans28.ltrans.o
 .debug_abbrev  0x000000000000720c      0x26d /tmp/ccKKsiNW.ltrans29.ltrans.o
 .debug_abbrev  0x0000000000007479      0x1a4 /tmp/ccKKsiNW.ltrans30.ltrans.o
 .debug_abbrev  0x000000000000761d       0xc6 /tmp/ccKKsiNW.ltrans31.ltrans.o

.debug_loc      0x0000000000000000    0x36a59
 .debug_loc     0x0000000000000000     0x4db9 /tmp/ccKKsiNW.ltrans0.ltrans.o
 .debug_loc     0x0000000000004db9     0x47e2 /tmp/ccKKsiNW.ltrans1.ltrans.o
 .debug_loc     0x000000000000959b     0x5bd2 /tmp/ccKKsiNW.ltrans2.ltrans.o
 .debug_loc     0x000000000000f16d     0x2e81 /tmp/ccKKsiNW.ltrans3.ltrans.o
 .debug_loc     0x0000000000011fee      0xa65 /tmp/ccKKsiNW.ltrans4.ltrans.o
 .debug_loc     0x0000000000012a53     0x3b03 /tmp/ccKKsiNW.ltrans5.ltrans.o
 .debug_loc     0x0000000000016556     0x25fb /tmp/ccKKsiNW.ltrans6.ltrans.o
 .debug_loc     0x0000000000018b51     0x17a9 /tmp/ccKKsiNW.ltrans7.ltrans.o
 .debug_loc     0x000000000001a2fa     0x2db9 /tmp/ccKKsiNW.ltrans8.ltrans.o
 .debug_loc     0x000000000001d0b3     0x1b27 /tmp/ccKKsiNW.ltrans9.ltrans.o
 .debug_loc     0x000000000001ebda     0x104c /tmp/ccKKsiNW.ltrans10.ltrans.o
 .debug_loc     0x000000000001fc26     0x1dd5 /tmp/ccKKsiNW.ltrans11.ltrans.o
 .debug_loc     0x00000000000219fb     0x16f0 /tmp/ccKKsiNW.ltrans12.ltrans.o
 .debug_loc     0x00000000000230eb     0x15a4 /tmp/ccKKsiNW.ltrans13.ltrans.o
 .debug_loc     0x000000000002468f     0x1f8c /tmp/ccKKsiNW.ltrans14.ltrans.o