Archive member included to satisfy reference by file (symbol)

/home/hcj/UEFIWorkspace/Build/Shell/RELEASE_GCC5/X64/ShellPkg/DynamicCommand/DpDynamicCommand/DpDynamicCommand/OUTPUT/dpDynamicCommand.lib(Dp.obj)
                              (--whole-archive)
/home/hcj/UEFIWorkspace/Build/Shell/RELEASE_GCC5/X64/ShellPkg/DynamicCommand/DpDynamicCommand/DpDynamicCommand/OUTPUT/dpDynamicCommand.lib(Literals.obj)
                              (--whole-archive)
/home/hcj/UEFIWorkspace/Build/Shell/RELEASE_GCC5/X64/ShellPkg/DynamicCommand/DpDynamicCommand/DpDynamicCommand/OUTPUT/dpDynamicCommand.lib(DpUtilities.obj)
                              (--whole-archive)
/home/hcj/UEFIWorkspace/Build/Shell/RELEASE_GCC5/X64/ShellPkg/DynamicCommand/DpDynamicCommand/DpDynamicCommand/OUTPUT/dpDynamicCommand.lib(DpTrace.obj)
                              (--whole-archive)
/home/hcj/UEFIWorkspace/Build/Shell/RELEASE_GCC5/X64/ShellPkg/DynamicCommand/DpDynamicCommand/DpDynamicCommand/OUTPUT/dpDynamicCommand.lib(DpDynamicCommand.obj)
                              (--whole-archive)
/home/hcj/UEFIWorkspace/Build/Shell/RELEASE_GCC5/X64/ShellPkg/DynamicCommand/DpDynamicCommand/DpDynamicCommand/OUTPUT/dpDynamicCommand.lib(AutoGen.obj)
                              (--whole-archive)
/home/hcj/UEFIWorkspace/Build/Shell/RELEASE_GCC5/X64/MdePkg/Library/RegisterFilterLibNull/RegisterFilterLibNull/OUTPUT/FilterLibNull.lib(RegisterFilterLibNull.obj)
                              (--whole-archive)
/home/hcj/UEFIWorkspace/Build/Shell/RELEASE_GCC5/X64/MdePkg/Library/BasePcdLibNull/BasePcdLibNull/OUTPUT/BasePcdLibNull.lib(PcdLib.obj)
                              (--whole-archive)
/home/hcj/UEFIWorkspace/Build/Shell/RELEASE_GCC5/X64/MdePkg/Library/BaseDebugLibNull/BaseDebugLibNull/OUTPUT/BaseDebugLibNull.lib(DebugLib.obj)
                              (--whole-archive)
/home/hcj/UEFIWorkspace/Build/Shell/RELEASE_GCC5/X64/MdePkg/Library/BaseMemoryLib/BaseMemoryLib/OUTPUT/BaseMemoryLib.lib(SetMem.obj)
                              (--whole-archive)
/home/hcj/UEFIWorkspace/Build/Shell/RELEASE_GCC5/X64/MdePkg/Library/BaseMemoryLib/BaseMemoryLib/OUTPUT/BaseMemoryLib.lib(ScanMem64Wrapper.obj)
                              (--whole-archive)
/home/hcj/UEFIWorkspace/Build/Shell/RELEASE_GCC5/X64/MdePkg/Library/BaseMemoryLib/BaseMemoryLib/OUTPUT/BaseMemoryLib.lib(ScanMem32Wrapper.obj)
                              (--whole-archive)
/home/hcj/UEFIWorkspace/Build/Shell/RELEASE_GCC5/X64/MdePkg/Library/BaseMemoryLib/BaseMemoryLib/OUTPUT/BaseMemoryLib.lib(ScanMem16Wrapper.obj)
                              (--whole-archive)
/home/hcj/UEFIWorkspace/Build/Shell/RELEASE_GCC5/X64/MdePkg/Library/BaseMemoryLib/BaseMemoryLib/OUTPUT/BaseMemoryLib.lib(ScanMem8Wrapper.obj)
                              (--whole-archive)
/home/hcj/UEFIWorkspace/Build/Shell/RELEASE_GCC5/X64/MdePkg/Library/BaseMemoryLib/BaseMemoryLib/OUTPUT/BaseMemoryLib.lib(ZeroMemWrapper.obj)
                              (--whole-archive)
/home/hcj/UEFIWorkspace/Build/Shell/RELEASE_GCC5/X64/MdePkg/Library/BaseMemoryLib/BaseMemoryLib/OUTPUT/BaseMemoryLib.lib(CompareMemWrapper.obj)
                              (--whole-archive)
/home/hcj/UEFIWorkspace/Build/Shell/RELEASE_GCC5/X64/MdePkg/Library/BaseMemoryLib/BaseMemoryLib/OUTPUT/BaseMemoryLib.lib(SetMem64Wrapper.obj)
                              (--whole-archive)
/home/hcj/UEFIWorkspace/Build/Shell/RELEASE_GCC5/X64/MdePkg/Library/BaseMemoryLib/BaseMemoryLib/OUTPUT/BaseMemoryLib.lib(SetMem32Wrapper.obj)
                              (--whole-archive)
/home/hcj/UEFIWorkspace/Build/Shell/RELEASE_GCC5/X64/MdePkg/Library/BaseMemoryLib/BaseMemoryLib/OUTPUT/BaseMemoryLib.lib(SetMem16Wrapper.obj)
                              (--whole-archive)
/home/hcj/UEFIWorkspace/Build/Shell/RELEASE_GCC5/X64/MdePkg/Library/BaseMemoryLib/BaseMemoryLib/OUTPUT/BaseMemoryLib.lib(SetMemWrapper.obj)
                              (--whole-archive)
/home/hcj/UEFIWorkspace/Build/Shell/RELEASE_GCC5/X64/MdePkg/Library/BaseMemoryLib/BaseMemoryLib/OUTPUT/BaseMemoryLib.lib(CopyMemWrapper.obj)
                              (--whole-archive)
/home/hcj/UEFIWorkspace/Build/Shell/RELEASE_GCC5/X64/MdePkg/Library/BaseMemoryLib/BaseMemoryLib/OUTPUT/BaseMemoryLib.lib(IsZeroBufferWrapper.obj)
                              (--whole-archive)
/home/hcj/UEFIWorkspace/Build/Shell/RELEASE_GCC5/X64/MdePkg/Library/BaseMemoryLib/BaseMemoryLib/OUTPUT/BaseMemoryLib.lib(MemLibGeneric.obj)
                              (--whole-archive)
/home/hcj/UEFIWorkspace/Build/Shell/RELEASE_GCC5/X64/MdePkg/Library/BaseMemoryLib/BaseMemoryLib/OUTPUT/BaseMemoryLib.lib(MemLibGuid.obj)
                              (--whole-archive)
/home/hcj/UEFIWorkspace/Build/Shell/RELEASE_GCC5/X64/MdePkg/Library/BaseMemoryLib/BaseMemoryLib/OUTPUT/BaseMemoryLib.lib(CopyMem.obj)
                              (--whole-archive)
/home/hcj/UEFIWorkspace/Build/Shell/RELEASE_GCC5/X64/MdePkg/Library/BaseLib/BaseLib/OUTPUT/BaseLib.lib(CheckSum.obj)
[...]
Memory Configuration

Name             Origin             Length             Attributes
*default*        0x0000000000000000 0xffffffffffffffff

Linker script and memory map

LOAD /tmp/ccIWZ14S.ltrans0.ltrans.o
LOAD /tmp/ccIWZ14S.ltrans1.ltrans.o
LOAD /tmp/ccIWZ14S.ltrans2.ltrans.o
LOAD /tmp/ccIWZ14S.ltrans3.ltrans.o
LOAD /tmp/ccIWZ14S.ltrans4.ltrans.o
LOAD /tmp/ccIWZ14S.ltrans5.ltrans.o
LOAD /tmp/ccIWZ14S.ltrans6.ltrans.o
LOAD /tmp/ccIWZ14S.ltrans7.ltrans.o
LOAD /tmp/ccIWZ14S.ltrans8.ltrans.o
LOAD /tmp/ccIWZ14S.ltrans9.ltrans.o
LOAD /tmp/ccIWZ14S.ltrans10.ltrans.o
LOAD /tmp/ccIWZ14S.ltrans11.ltrans.o
START GROUP
LOAD /home/hcj/UEFIWorkspace/Build/Shell/RELEASE_GCC5/X64/ShellPkg/DynamicCommand/DpDynamicCommand/DpDynamicCommand/OUTPUT/dpDynamicCommand.lib
LOAD /home/hcj/UEFIWorkspace/Build/Shell/RELEASE_GCC5/X64/MdePkg/Library/RegisterFilterLibNull/RegisterFilterLibNull/OUTPUT/FilterLibNull.lib
LOAD /home/hcj/UEFIWorkspace/Build/Shell/RELEASE_GCC5/X64/MdePkg/Library/BasePcdLibNull/BasePcdLibNull/OUTPUT/BasePcdLibNull.lib
LOAD /home/hcj/UEFIWorkspace/Build/Shell/RELEASE_GCC5/X64/MdePkg/Library/BaseDebugLibNull/BaseDebugLibNull/OUTPUT/BaseDebugLibNull.lib
LOAD /home/hcj/UEFIWorkspace/Build/Shell/RELEASE_GCC5/X64/MdePkg/Library/BaseMemoryLib/BaseMemoryLib/OUTPUT/BaseMemoryLib.lib
LOAD /home/hcj/UEFIWorkspace/Build/Shell/RELEASE_GCC5/X64/MdePkg/Library/BaseLib/BaseLib/OUTPUT/BaseLib.lib
LOAD /home/hcj/UEFIWorkspace/Build/Shell/RELEASE_GCC5/X64/MdePkg/Library/UefiBootServicesTableLib/UefiBootServicesTableLib/OUTPUT/UefiBootServicesTableLib.lib
LOAD /home/hcj/UEFIWorkspace/Build/Shell/RELEASE_GCC5/X64/MdePkg/Library/BasePrintLib/BasePrintLib/OUTPUT/BasePrintLib.lib
LOAD /home/hcj/UEFIWorkspace/Build/Shell/RELEASE_GCC5/X64/MdePkg/Library/UefiMemoryAllocationLib/UefiMemoryAllocationLib/OUTPUT/UefiMemoryAllocationLib.lib
LOAD /home/hcj/UEFIWorkspace/Build/Shell/RELEASE_GCC5/X64/MdePkg/Library/UefiDevicePathLib/UefiDevicePathLibOptionalDevicePathProtocol/OUTPUT/UefiDevicePathLibOptionalDevicePathProtocol.lib
LOAD /home/hcj/UEFIWorkspace/Build/Shell/RELEASE_GCC5/X64/MdePkg/Library/UefiRuntimeServicesTableLib/UefiRuntimeServicesTableLib/OUTPUT/UefiRuntimeServicesTableLib.lib
LOAD /home/hcj/UEFIWorkspace/Build/Shell/RELEASE_GCC5/X64/MdeModulePkg/Library/UefiHiiServicesLib/UefiHiiServicesLib/OUTPUT/UefiHiiServicesLib.lib
LOAD /home/hcj/UEFIWorkspace/Build/Shell/RELEASE_GCC5/X64/MdePkg/Library/UefiLib/UefiLib/OUTPUT/UefiLib.lib
LOAD /home/hcj/UEFIWorkspace/Build/Shell/RELEASE_GCC5/X64/MdeModulePkg/Library/UefiHiiLib/UefiHiiLib/OUTPUT/UefiHiiLib.lib
LOAD /home/hcj/UEFIWorkspace/Build/Shell/RELEASE_GCC5/X64/MdePkg/Library/UefiFileHandleLib/UefiFileHandleLib/OUTPUT/UefiFileHandleLib.lib
LOAD /home/hcj/UEFIWorkspace/Build/Shell/RELEASE_GCC5/X64/MdeModulePkg/Library/UefiSortLib/UefiSortLib/OUTPUT/UefiSortLib.lib
LOAD /home/hcj/UEFIWorkspace/Build/Shell/RELEASE_GCC5/X64/MdePkg/Library/DxeHobLib/DxeHobLib/OUTPUT/DxeHobLib.lib
LOAD /home/hcj/UEFIWorkspace/Build/Shell/RELEASE_GCC5/X64/ShellPkg/Library/UefiShellLib/UefiShellLib/OUTPUT/UefiShellLib.lib
LOAD /home/hcj/UEFIWorkspace/Build/Shell/RELEASE_GCC5/X64/MdePkg/Library/UefiDriverEntryPoint/UefiDriverEntryPoint/OUTPUT/UefiDriverEntryPoint.lib
LOAD /home/hcj/UEFIWorkspace/Build/Shell/RELEASE_GCC5/X64/MdePkg/Library/BasePerformanceLibNull/BasePerformanceLibNull/OUTPUT/BasePerformanceLibNull.lib
LOAD /home/hcj/UEFIWorkspace/Build/Shell/RELEASE_GCC5/X64/MdePkg/Library/DxeServicesLib/DxeServicesLib/OUTPUT/DxeServicesLib.lib
LOAD /home/hcj/UEFIWorkspace/Build/Shell/RELEASE_GCC5/X64/MdePkg/Library/BasePeCoffGetEntryPointLib/BasePeCoffGetEntryPointLib/OUTPUT/BasePeCoffGetEntryPointLib.lib
LOAD /home/hcj/UEFIWorkspace/Build/Shell/RELEASE_GCC5/X64/ShellPkg/DynamicCommand/DpDynamicCommand/DpDynamicCommand/OUTPUT/dpDynamicCommandhii.lib
END GROUP
                0x0000000000000228                PECOFF_HEADER_SIZE = 0x228
                0x0000000000000228                . = PECOFF_HEADER_SIZE

.text           0x0000000000000240     0x9e7e
 *(.text .text.* .stub .gnu.linkonce.t.*)
 .text.DpCommandHandler
                0x0000000000000240     0x20db /tmp/ccIWZ14S.ltrans0.ltrans.o
                0x0000000000000240                DpCommandHandler
 .text.GetHandleFormModuleGuid
                0x000000000000231b       0x8e /tmp/ccIWZ14S.ltrans1.ltrans.o
 .text.unlikely.ProcessCumulative
                0x00000000000023a9      0x1e0 /tmp/ccIWZ14S.ltrans1.ltrans.o
                0x00000000000023a9                ProcessCumulative
 .text.unlikely.GetPerformanceMeasurementRecord
                0x0000000000002589       0x70 /tmp/ccIWZ14S.ltrans1.ltrans.o
                0x0000000000002589                GetPerformanceMeasurementRecord
 .text.unlikely.GetCumulativeItem
                0x00000000000025f9       0x43 /tmp/ccIWZ14S.ltrans1.ltrans.o
                0x00000000000025f9                GetCumulativeItem
 .text.unlikely.DpGetNameFromHandle
                0x000000000000263c      0x7a3 /tmp/ccIWZ14S.ltrans1.ltrans.o
                0x000000000000263c                DpGetNameFromHandle
 .text.unlikely.IsPhase
                0x0000000000002ddf       0x86 /tmp/ccIWZ14S.ltrans1.ltrans.o
                0x0000000000002ddf                IsPhase
 .text.unlikely.GetDuration
                0x0000000000002e65       0x1d /tmp/ccIWZ14S.ltrans1.ltrans.o
                0x0000000000002e65                GetDuration
 .text.GetMeasurementInfo
                0x0000000000002e82      0x2e9 /tmp/ccIWZ14S.ltrans1.ltrans.o
                0x0000000000002e82                GetMeasurementInfo
 .text.DevPathToTextEndInstance
                0x000000000000316b       0x18 /tmp/ccIWZ14S.ltrans2.ltrans.o
                0x000000000000316b                DevPathToTextEndInstance
 .text.DevPathToTextBBS
                0x0000000000003183       0xce /tmp/ccIWZ14S.ltrans2.ltrans.o
                0x0000000000003183                DevPathToTextBBS
 .text.DevPathRelativeOffsetRange
                0x0000000000003251       0x20 /tmp/ccIWZ14S.ltrans2.ltrans.o
                0x0000000000003251                DevPathRelativeOffsetRange
 .text.DevPathToTextFvFile
                0x0000000000003271       0x1c /tmp/ccIWZ14S.ltrans2.ltrans.o
                0x0000000000003271                DevPathToTextFvFile
 .text.DevPathToTextFv
                0x000000000000328d       0x1c /tmp/ccIWZ14S.ltrans2.ltrans.o
                0x000000000000328d                DevPathToTextFv
 .text.DevPathToTextMediaProtocol
                0x00000000000032a9       0x1c /tmp/ccIWZ14S.ltrans2.ltrans.o
                0x00000000000032a9                DevPathToTextMediaProtocol
 .text.DevPathToTextFilePath
                0x00000000000032c5       0x1c /tmp/ccIWZ14S.ltrans2.ltrans.o
                0x00000000000032c5                DevPathToTextFilePath
 .text.DevPathToTextCDROM
                0x00000000000032e1       0x40 /tmp/ccIWZ14S.ltrans2.ltrans.o
                0x00000000000032e1                DevPathToTextCDROM
 .text.DevPathToTextHardDrive
                0x0000000000003321       0x96 /tmp/ccIWZ14S.ltrans2.ltrans.o
                0x0000000000003321                DevPathToTextHardDrive
 .text.DevPathToTextBluetoothLE
                0x00000000000033b7       0x3f /tmp/ccIWZ14S.ltrans2.ltrans.o
                0x00000000000033b7                DevPathToTextBluetoothLE
 .text.DevPathToTextBluetooth
                0x00000000000033f6       0x37 /tmp/ccIWZ14S.ltrans2.ltrans.o
                0x00000000000033f6                DevPathToTextBluetooth
 .text.DevPathToTextVlan
                0x000000000000342d       0x1d /tmp/ccIWZ14S.ltrans2.ltrans.o
                0x000000000000342d                DevPathToTextVlan
 .text.DevPathToTextiSCSI
                0x000000000000344a      0x124 /tmp/ccIWZ14S.ltrans2.ltrans.o
                0x000000000000344a                DevPathToTextiSCSI
 .text.DevPathToTextUart
                0x000000000000356e      0x107 /tmp/ccIWZ14S.ltrans2.ltrans.o
                0x000000000000356e                DevPathToTextUart
 .text.DevPathToTextInfiniBand
                0x0000000000003675       0x2d /tmp/ccIWZ14S.ltrans2.ltrans.o
                0x0000000000003675                DevPathToTextInfiniBand
 .text.CatIPv6Address
                0x00000000000036a2       0x6b /tmp/ccIWZ14S.ltrans2.ltrans.o
 .text.CatIPv4Address
                0x000000000000370d       0x2c /tmp/ccIWZ14S.ltrans2.ltrans.o
 .text.CatNetworkProtocol
                0x0000000000003739       0x49 /tmp/ccIWZ14S.ltrans2.ltrans.o
 .text.DevPathToTextMacAddr
                0x0000000000003782       0x80 /tmp/ccIWZ14S.ltrans2.ltrans.o
                0x0000000000003782                DevPathToTextMacAddr
 .text.DevPathToTextI2O
                0x0000000000003802       0x1c /tmp/ccIWZ14S.ltrans2.ltrans.o
                0x0000000000003802                DevPathToTextI2O
 .text.DevPathToTextSata
                0x000000000000381e       0x2b /tmp/ccIWZ14S.ltrans2.ltrans.o
                0x000000000000381e                DevPathToTextSata
 .text.DevPathToTextUsbClass
                0x0000000000003849      0x1ad /tmp/ccIWZ14S.ltrans2.ltrans.o
                0x0000000000003849                DevPathToTextUsbClass
 .text.DevPathToTextLogicalUnit
                0x00000000000039f6       0x1d /tmp/ccIWZ14S.ltrans2.ltrans.o
                0x00000000000039f6                DevPathToTextLogicalUnit
 .text.DevPathToTextDns
                0x0000000000003a13       0xa5 /tmp/ccIWZ14S.ltrans2.ltrans.o
                0x0000000000003a13                DevPathToTextDns
 .text.DevPathToTextIPv6
                0x0000000000003ab8      0x103 /tmp/ccIWZ14S.ltrans2.ltrans.o
                0x0000000000003ab8                DevPathToTextIPv6
 .text.DevPathToTextIPv4
                0x0000000000003bbb      0x112 /tmp/ccIWZ14S.ltrans2.ltrans.o
                0x0000000000003bbb                DevPathToTextIPv4
 .text.DevPathToTextNodeGeneric
                0x0000000000003ccd      0x117 /tmp/ccIWZ14S.ltrans2.ltrans.o
                0x0000000000003ccd                DevPathToTextNodeGeneric
 .text.DevPathToTextRamDisk
                0x0000000000003de4      0x122 /tmp/ccIWZ14S.ltrans2.ltrans.o
                0x0000000000003de4                DevPathToTextRamDisk
 .text.DevPathToTextWiFi
                0x0000000000003f06       0x42 /tmp/ccIWZ14S.ltrans2.ltrans.o
                0x0000000000003f06                DevPathToTextWiFi
 .text.DevPathToTextUri
                0x0000000000003f48       0x74 /tmp/ccIWZ14S.ltrans2.ltrans.o
                0x0000000000003f48                DevPathToTextUri
 .text.ScanTableInSDT.constprop.21
                0x0000000000003fbc       0x8d /tmp/ccIWZ14S.ltrans3.ltrans.o
 .text.GetBestLanguage.constprop.26
                0x0000000000004049      0x11c /tmp/ccIWZ14S.ltrans3.ltrans.o
                0x0000000000004049                GetBestLanguage.constprop.26
 .text.GetVariable2.constprop.25
                0x0000000000004165      0x160 /tmp/ccIWZ14S.ltrans3.ltrans.o
                0x0000000000004165                GetVariable2.constprop.25
 .text.ShellPrintHiiEx.constprop.22
                0x00000000000042c5      0x416 /tmp/ccIWZ14S.ltrans3.ltrans.o
                0x00000000000042c5                ShellPrintHiiEx.constprop.22
 .text.LocateAcpiTableInAcpiConfigurationTable.constprop.20
                0x00000000000046db       0x90 /tmp/ccIWZ14S.ltrans3.ltrans.o
                0x00000000000046db                LocateAcpiTableInAcpiConfigurationTable.constprop.20
 .text.unlikely.StrnCpyS.constprop.17
                0x000000000000476b      0x160 /tmp/ccIWZ14S.ltrans3.ltrans.o
                0x000000000000476b                StrnCpyS.constprop.17
 .text.InternalAllocateCopyPool.constprop.16
                0x00000000000048cb       0x35 /tmp/ccIWZ14S.ltrans3.ltrans.o
                0x00000000000048cb                InternalAllocateCopyPool.constprop.16
 .text.AsciiStrLen
                0x0000000000004900        0xe /tmp/ccIWZ14S.ltrans4.ltrans.o
                0x0000000000004900                AsciiStrLen
 .text.AsciiStrCmp
                0x000000000000490e       0x1b /tmp/ccIWZ14S.ltrans4.ltrans.o
                0x000000000000490e                AsciiStrCmp
 .text.StrLen   0x0000000000004929        0xf /tmp/ccIWZ14S.ltrans4.ltrans.o
                0x0000000000004929                StrLen
 .text.StrSize  0x0000000000004938       0x13 /tmp/ccIWZ14S.ltrans4.ltrans.o
                0x0000000000004938                StrSize
 .text.StrStr   0x000000000000494b       0x44 /tmp/ccIWZ14S.ltrans4.ltrans.o
                0x000000000000494b                StrStr
 .text.StrCmp   0x000000000000498f       0x1f /tmp/ccIWZ14S.ltrans4.ltrans.o
                0x000000000000498f                StrCmp
 .text.AsciiStrnLenS
                0x00000000000049ae       0x26 /tmp/ccIWZ14S.ltrans4.ltrans.o
                0x00000000000049ae                AsciiStrnLenS
 .text.unlikely.AsciiStrToUnicodeStrS
                0x00000000000049d4       0xe8 /tmp/ccIWZ14S.ltrans4.ltrans.o
                0x00000000000049d4                AsciiStrToUnicodeStrS
 .text.StrnLenS
                0x0000000000004abc       0x27 /tmp/ccIWZ14S.ltrans4.ltrans.o
                0x0000000000004abc                StrnLenS
 .text.InternalSafeStringNoStrOverlap
                0x0000000000004ae3       0x29 /tmp/ccIWZ14S.ltrans4.ltrans.o
                0x0000000000004ae3                InternalSafeStringNoStrOverlap
 .text.StrnCatS
                0x0000000000004b0c      0x17e /tmp/ccIWZ14S.ltrans4.ltrans.o
                0x0000000000004b0c                StrnCatS
 .text.StrCatS  0x0000000000004c8a      0x14c /tmp/ccIWZ14S.ltrans4.ltrans.o
                0x0000000000004c8a                StrCatS
 .text.IsNull   0x0000000000004dd6        0x7 /tmp/ccIWZ14S.ltrans4.ltrans.o
                0x0000000000004dd6                IsNull
 .text.ShellCommandLineFreeVarList
                0x0000000000004ddd       0x68 /tmp/ccIWZ14S.ltrans5.ltrans.o
                0x0000000000004ddd                ShellCommandLineFreeVarList
 .text.InternalIsFlag
                0x0000000000004e45       0x4c /tmp/ccIWZ14S.ltrans5.ltrans.o
                0x0000000000004e45                InternalIsFlag
 .text.unlikely.ShellGetExecutionBreakFlag
                0x0000000000004e91       0x44 /tmp/ccIWZ14S.ltrans5.ltrans.o
                0x0000000000004e91                ShellGetExecutionBreakFlag
 .text.ShellLibDestructor
                0x0000000000004ed5      0x102 /tmp/ccIWZ14S.ltrans5.ltrans.o
                0x0000000000004ed5                ShellLibDestructor
 .text.ShellLibConstructorWorker
                0x0000000000004fd7      0x30e /tmp/ccIWZ14S.ltrans5.ltrans.o
                0x0000000000004fd7                ShellLibConstructorWorker
 .text.ShellIsHexaDecimalDigitCharacter
                0x00000000000052e5       0x25 /tmp/ccIWZ14S.ltrans5.ltrans.o
                0x00000000000052e5                ShellIsHexaDecimalDigitCharacter
 .text.StringNoCaseCompare
                0x000000000000530a       0x4b /tmp/ccIWZ14S.ltrans5.ltrans.o
                0x000000000000530a                StringNoCaseCompare
 .text.ShellCommandLineGetValue
                0x0000000000005355      0x12d /tmp/ccIWZ14S.ltrans5.ltrans.o
                0x0000000000005355                ShellCommandLineGetValue
 .text.ShellCommandLineGetFlag
                0x0000000000005482      0x100 /tmp/ccIWZ14S.ltrans5.ltrans.o
                0x0000000000005482                ShellCommandLineGetFlag
 .text.HiiGetString
                0x0000000000005582      0x1c4 /tmp/ccIWZ14S.ltrans5.ltrans.o
                0x0000000000005582                HiiGetString
 .text.EfiGetSystemConfigurationTable
                0x0000000000005746       0x6a /tmp/ccIWZ14S.ltrans5.ltrans.o
                0x0000000000005746                EfiGetSystemConfigurationTable
 .text.BasePrintLibSPrintMarker.constprop.34
                0x00000000000057b0      0xef6 /tmp/ccIWZ14S.ltrans6.ltrans.o
                0x00000000000057b0                BasePrintLibSPrintMarker.constprop.34
 .text.InternalAllocatePool.constprop.32
                0x00000000000066a6       0x37 /tmp/ccIWZ14S.ltrans6.ltrans.o
                0x00000000000066a6                InternalAllocatePool.constprop.32
 .text.InternalAllocateZeroPool.constprop.31
                0x00000000000066dd       0x28 /tmp/ccIWZ14S.ltrans6.ltrans.o
                0x00000000000066dd                InternalAllocateZeroPool.constprop.31
 .text.StrnCatGrow.constprop.29
                0x0000000000006705       0x7f /tmp/ccIWZ14S.ltrans6.ltrans.o
                0x0000000000006705                StrnCatGrow.constprop.29
 .text.ShellCopySearchAndReplace.constprop.28
                0x0000000000006784      0x1a9 /tmp/ccIWZ14S.ltrans6.ltrans.o
                0x0000000000006784                ShellCopySearchAndReplace.constprop.28
 .text.unlikely.InternalGetSectionFromFv.constprop.13
                0x000000000000692d       0xe2 /tmp/ccIWZ14S.ltrans7.ltrans.o
                0x000000000000692d                InternalGetSectionFromFv.constprop.13
 .text.ShellConvertStringToUint64.constprop.5
                0x0000000000006a0f      0x325 /tmp/ccIWZ14S.ltrans7.ltrans.o
                0x0000000000006a0f                ShellConvertStringToUint64.constprop.5
 .text.InternalCommandLineParse.part.11.constprop.2
                0x0000000000006d34      0x61b /tmp/ccIWZ14S.ltrans7.ltrans.o
                0x0000000000006d34                InternalCommandLineParse.part.11.constprop.2
 .text.DevicePathNodeLength
                0x000000000000734f        0x5 /tmp/ccIWZ14S.ltrans8.ltrans.o
                0x000000000000734f                DevicePathNodeLength
 .text.DevicePathSubType
                0x0000000000007354        0x4 /tmp/ccIWZ14S.ltrans8.ltrans.o
                0x0000000000007354                DevicePathSubType
 .text.DevicePathType
                0x0000000000007358        0x3 /tmp/ccIWZ14S.ltrans8.ltrans.o
                0x0000000000007358                DevicePathType
 .text.FreePool
                0x000000000000735b        0xa /tmp/ccIWZ14S.ltrans8.ltrans.o
                0x000000000000735b                FreePool
 .text.ReallocatePool
                0x0000000000007365       0xe9 /tmp/ccIWZ14S.ltrans8.ltrans.o
                0x0000000000007365                ReallocatePool
 .text.AllocateZeroPool
                0x000000000000744e       0x99 /tmp/ccIWZ14S.ltrans8.ltrans.o
                0x000000000000744e                AllocateZeroPool
 .text.UnicodeVSPrint
                0x00000000000074e7       0xaa /tmp/ccIWZ14S.ltrans8.ltrans.o
                0x00000000000074e7                UnicodeVSPrint
 .text.UefiDevicePathLibCatPrint
                0x0000000000007591      0x13b /tmp/ccIWZ14S.ltrans8.ltrans.o
                0x0000000000007591                UefiDevicePathLibCatPrint
 .text.DevPathToTextUsbWWID
                0x00000000000076cc       0x7d /tmp/ccIWZ14S.ltrans8.ltrans.o
                0x00000000000076cc                DevPathToTextUsbWWID
 .text.DevPathToTextUsb
                0x0000000000007749       0x22 /tmp/ccIWZ14S.ltrans8.ltrans.o
                0x0000000000007749                DevPathToTextUsb
 .text.DevPathToText1394
                0x000000000000776b       0x1c /tmp/ccIWZ14S.ltrans8.ltrans.o
                0x000000000000776b                DevPathToText1394
 .text.DevPathToTextEmmc
                0x0000000000007787       0x1d /tmp/ccIWZ14S.ltrans8.ltrans.o
                0x0000000000007787                DevPathToTextEmmc
 .text.DevPathToTextSd
                0x00000000000077a4       0x1d /tmp/ccIWZ14S.ltrans8.ltrans.o
                0x00000000000077a4                DevPathToTextSd
 .text.DevPathToTextUfs
                0x00000000000077c1       0x22 /tmp/ccIWZ14S.ltrans8.ltrans.o
                0x00000000000077c1                DevPathToTextUfs
 .text.DevPathToTextNVMe
                0x00000000000077e3       0x48 /tmp/ccIWZ14S.ltrans8.ltrans.o
                0x00000000000077e3                DevPathToTextNVMe
 .text.DevPathToTextSasEx
                0x000000000000782b      0x1a0 /tmp/ccIWZ14S.ltrans8.ltrans.o
                0x000000000000782b                DevPathToTextSasEx
 .text.DevPathToTextFibreEx
                0x00000000000079cb       0xa4 /tmp/ccIWZ14S.ltrans8.ltrans.o
                0x00000000000079cb                DevPathToTextFibreEx
 .text.DevPathToTextFibre
                0x0000000000007a6f       0x20 /tmp/ccIWZ14S.ltrans8.ltrans.o
                0x0000000000007a6f                DevPathToTextFibre
 .text.DevPathToTextScsi
                0x0000000000007a8f       0x22 /tmp/ccIWZ14S.ltrans8.ltrans.o
                0x0000000000007a8f                DevPathToTextScsi
 .text.DevPathToTextAtapi
                0x0000000000007ab1       0x6b /tmp/ccIWZ14S.ltrans8.ltrans.o
                0x0000000000007ab1                DevPathToTextAtapi
 .text.DevPathToTextAcpiAdr
                0x0000000000007b1c       0x87 /tmp/ccIWZ14S.ltrans8.ltrans.o
                0x0000000000007b1c                DevPathToTextAcpiAdr
 .text.DevPathToTextAcpi
                0x0000000000007ba3       0xc6 /tmp/ccIWZ14S.ltrans8.ltrans.o
                0x0000000000007ba3                DevPathToTextAcpi
 .text.DevPathToTextController
                0x0000000000007c69       0x1c /tmp/ccIWZ14S.ltrans8.ltrans.o
                0x0000000000007c69                DevPathToTextController
 .text.DevPathToTextVendor
                0x0000000000007c85      0x36a /tmp/ccIWZ14S.ltrans8.ltrans.o
                0x0000000000007c85                DevPathToTextVendor
 .text.DevPathToTextMemMap
                0x0000000000007fef       0x27 /tmp/ccIWZ14S.ltrans8.ltrans.o
                0x0000000000007fef                DevPathToTextMemMap
 .text.DevPathToTextPccard
                0x0000000000008016       0x1d /tmp/ccIWZ14S.ltrans8.ltrans.o
                0x0000000000008016                DevPathToTextPccard
 .text.DevPathToTextPci
                0x0000000000008033       0x22 /tmp/ccIWZ14S.ltrans8.ltrans.o
                0x0000000000008033                DevPathToTextPci
 .text.UnicodeSPrint
                0x0000000000008055       0x1d /tmp/ccIWZ14S.ltrans8.ltrans.o
                0x0000000000008055                UnicodeSPrint
 .text.DevPathToTextAcpiEx
                0x0000000000008072      0x2ba /tmp/ccIWZ14S.ltrans8.ltrans.o
                0x0000000000008072                DevPathToTextAcpiEx
 .text.BasePrintLibFillBuffer
                0x000000000000832c       0x2e /tmp/ccIWZ14S.ltrans8.ltrans.o
                0x000000000000832c                BasePrintLibFillBuffer
 .text.ReadUnaligned64
                0x000000000000835a        0x4 /tmp/ccIWZ14S.ltrans8.ltrans.o
                0x000000000000835a                ReadUnaligned64
 .text.DevPathToTextBmc
                0x000000000000835e       0x29 /tmp/ccIWZ14S.ltrans8.ltrans.o
                0x000000000000835e                DevPathToTextBmc
 .text.StrnCmp.part.0.lto_priv.37
                0x0000000000008387       0x3c /tmp/ccIWZ14S.ltrans8.ltrans.o
                0x0000000000008387                StrnCmp.part.0.lto_priv.37
 .text._DriverUnloadHandler
                0x00000000000083c3       0x59 /tmp/ccIWZ14S.ltrans9.ltrans.o
 .text._ModuleEntryPoint
                0x000000000000841c      0x214 /tmp/ccIWZ14S.ltrans9.ltrans.o
                0x000000000000841c                _ModuleEntryPoint
 .text.InternalShellIsHexOrDecimalNumber
                0x0000000000008630       0xc2 /tmp/ccIWZ14S.ltrans9.ltrans.o
                0x0000000000008630                InternalShellIsHexOrDecimalNumber
 .text.InternalPrintTo
                0x00000000000086f2       0x93 /tmp/ccIWZ14S.ltrans9.ltrans.o
                0x00000000000086f2                InternalPrintTo
 .text.DpCommandGetHelp
                0x0000000000008785       0x14 /tmp/ccIWZ14S.ltrans10.ltrans.o
                0x0000000000008785                DpCommandGetHelp
 .text.GetFirstNode
                0x0000000000008799        0x4 /tmp/ccIWZ14S.ltrans10.ltrans.o
                0x0000000000008799                GetFirstNode
 .text.GetNextNode
                0x000000000000879d        0x4 /tmp/ccIWZ14S.ltrans10.ltrans.o
                0x000000000000879d                GetNextNode
 .text.InsertHeadList
                0x00000000000087a1       0x15 /tmp/ccIWZ14S.ltrans10.ltrans.o
                0x00000000000087a1                InsertHeadList
 .text.IsZeroGuid
                0x00000000000087b6       0x27 /tmp/ccIWZ14S.ltrans10.ltrans.o
                0x00000000000087b6                IsZeroGuid
 .text.CompareGuid
                0x00000000000087dd       0x4d /tmp/ccIWZ14S.ltrans10.ltrans.o
                0x00000000000087dd                CompareGuid
 .text.CopyMem  0x000000000000882a      0x201 /tmp/ccIWZ14S.ltrans10.ltrans.o
                0x000000000000882a                CopyMem
 .text.ZeroMem.part.0.lto_priv.36
                0x0000000000008a2b       0x91 /tmp/ccIWZ14S.ltrans10.ltrans.o
                0x0000000000008a2b                ZeroMem.part.0.lto_priv.36
 .text.ProcessLibraryDestructorList
                0x0000000000008abc        0x5 /tmp/ccIWZ14S.ltrans10.ltrans.o
                0x0000000000008abc                ProcessLibraryDestructorList
 .text.BasePrintLibSPrint.constprop.35
                0x0000000000008ac1       0xb8 /tmp/ccIWZ14S.ltrans11.ltrans.o
                0x0000000000008ac1                BasePrintLibSPrint.constprop.35
 *(.rodata .rodata.* .gnu.linkonce.r.*)
 *fill*         0x0000000000008b79        0x1 
 .rodata.str2.2
                0x0000000000008b7a       0x3c /tmp/ccIWZ14S.ltrans0.ltrans.o
                                         0x42 (size before relaxing)
 .rodata.str1.1
                0x0000000000008bb6       0x36 /tmp/ccIWZ14S.ltrans0.ltrans.o
 .rodata.ALit_BDS
                0x0000000000008bec        0x4 /tmp/ccIWZ14S.ltrans0.ltrans.o
                0x0000000000008bec                ALit_BDS
 .rodata.ALit_DXE
                0x0000000000008bf0        0x4 /tmp/ccIWZ14S.ltrans0.ltrans.o
                0x0000000000008bf0                ALit_DXE
 .rodata.ALit_PEI
                0x0000000000008bf4        0x4 /tmp/ccIWZ14S.ltrans0.ltrans.o
                0x0000000000008bf4                ALit_PEI
 .rodata.ALit_SEC
                0x0000000000008bf8        0x4 /tmp/ccIWZ14S.ltrans0.ltrans.o
                0x0000000000008bf8                ALit_SEC
 *fill*         0x0000000000008bfc        0x4 
 .rodata.ALit_BdsTO
                0x0000000000008c00        0xb /tmp/ccIWZ14S.ltrans0.ltrans.o
 .rodata.ALit_PEIM
                0x0000000000008c0b        0x5 /tmp/ccIWZ14S.ltrans0.ltrans.o
                0x0000000000008c0b                ALit_PEIM
 .rodata.str1.1
                0x0000000000008c10        0x6 /tmp/ccIWZ14S.ltrans1.ltrans.o
                                          0x7 (size before relaxing)
 .rodata.str2.2
                0x0000000000008c16       0x1e /tmp/ccIWZ14S.ltrans1.ltrans.o
                                         0x24 (size before relaxing)
 .rodata.GetMeasurementInfo
                0x0000000000008c34       0x5c /tmp/ccIWZ14S.ltrans1.ltrans.o
 .rodata.ALit_DB_STOP
                0x0000000000008c90        0x9 /tmp/ccIWZ14S.ltrans1.ltrans.o
 *fill*         0x0000000000008c99        0x7 
 .rodata.ALit_DB_SUPPORT
                0x0000000000008ca0        0xc /tmp/ccIWZ14S.ltrans1.ltrans.o
 *fill*         0x0000000000008cac        0x4 
 .rodata.ALit_DB_START
                0x0000000000008cb0        0xa /tmp/ccIWZ14S.ltrans1.ltrans.o
 *fill*         0x0000000000008cba        0x6 
 .rodata.ALit_LOAD_IMAGE
                0x0000000000008cc0        0xb /tmp/ccIWZ14S.ltrans1.ltrans.o
 *fill*         0x0000000000008ccb        0x5 
 .rodata.ALit_START_IMAGE
                0x0000000000008cd0        0xc /tmp/ccIWZ14S.ltrans1.ltrans.o
 .rodata.str2.2
                0x0000000000008cdc      0x8ca /tmp/ccIWZ14S.ltrans2.ltrans.o
                                        0x9ba (size before relaxing)
 *fill*         0x00000000000095a6        0x2 
 .rodata.DevPathToTextBBS
                0x00000000000095a8       0x18 /tmp/ccIWZ14S.ltrans2.ltrans.o
 .rodata.CSWTCH.43
                0x00000000000095c0        0x6 /tmp/ccIWZ14S.ltrans2.ltrans.o
 .rodata.str2.2
                0x00000000000095c6       0x2c /tmp/ccIWZ14S.ltrans3.ltrans.o
                                         0x64 (size before relaxing)
 .rodata.str1.1
                0x00000000000095f2        0x1 /tmp/ccIWZ14S.ltrans5.ltrans.o
 .rodata.str2.2
                0x00000000000095f2       0x1a /tmp/ccIWZ14S.ltrans5.ltrans.o
 .rodata.str1.1
                0x00000000000095f2       0x7b /tmp/ccIWZ14S.ltrans6.ltrans.o
 *fill*         0x000000000000966d        0x1 
 .rodata.str2.2
                0x000000000000966e        0x4 /tmp/ccIWZ14S.ltrans6.ltrans.o
 *fill*         0x0000000000009672        0xe 
 .rodata.mHexStr
                0x0000000000009680       0x10 /tmp/ccIWZ14S.ltrans6.ltrans.o
 *fill*         0x0000000000009690       0x10 
 .rodata.mWarningString
                0x00000000000096a0       0x96 /tmp/ccIWZ14S.ltrans6.ltrans.o
 *fill*         0x0000000000009736        0xa 
 .rodata.mErrorString
                0x0000000000009740      0x2b5 /tmp/ccIWZ14S.ltrans6.ltrans.o
 *fill*         0x00000000000099f5        0x3 
 .rodata._gPcd_FixedAtBuild_PcdMaximumUnicodeStringLength
                0x00000000000099f8        0x4 /tmp/ccIWZ14S.ltrans6.ltrans.o
                0x00000000000099f8                _gPcd_FixedAtBuild_PcdMaximumLinkedListLength
                0x00000000000099f8                _gPcd_FixedAtBuild_PcdMaximumAsciiStringLength
                0x00000000000099f8                _gPcd_FixedAtBuild_PcdMaximumUnicodeStringLength
 .rodata.str2.2
                0x00000000000099fc       0x12 /tmp/ccIWZ14S.ltrans7.ltrans.o
                                         0x52 (size before relaxing)
 .rodata.str2.2
                0x0000000000009a0e      0x6aa /tmp/ccIWZ14S.ltrans8.ltrans.o
                                        0x72c (size before relaxing)
 .rodata.str2.2
                0x000000000000a0b8        0x6 /tmp/ccIWZ14S.ltrans9.ltrans.o
 *(.got .got.*)
 .got           0x000000000000a0be        0x0 Dp.obj (symbol from plugin)
 .got.plt       0x000000000000a0be        0x0 Dp.obj (symbol from plugin)
 *:AutoGen.obj(.data.g*Guid)

.plt            0x000000000000a0c0        0x0
 .plt           0x000000000000a0c0        0x0 Dp.obj (symbol from plugin)

.plt.got        0x000000000000a0c0        0x0
 .plt.got       0x000000000000a0c0        0x0 Dp.obj (symbol from plugin)

.data           0x000000000000a0c0      0x920
 *(.data .data.* .gnu.linkonce.d.*)
 .data.gEfiAcpi10TableGuid
                0x000000000000a0c0       0x10 /tmp/ccIWZ14S.ltrans0.ltrans.o
 .data.gEfiAcpi20TableGuid
                0x000000000000a0d0       0x10 /tmp/ccIWZ14S.ltrans0.ltrans.o
 .data.gEfiDriverBindingProtocolGuid
                0x000000000000a0e0       0x10 /tmp/ccIWZ14S.ltrans0.ltrans.o
                0x000000000000a0e0                gEfiDriverBindingProtocolGuid
 *fill*         0x000000000000a0f0       0x10 
 .data.rel.local.CumData
                0x000000000000a100       0xc8 /tmp/ccIWZ14S.ltrans0.ltrans.o
                0x000000000000a100                CumData
 *fill*         0x000000000000a1c8        0x8 
 .data.gPerformanceProtocolGuid
                0x000000000000a1d0       0x10 /tmp/ccIWZ14S.ltrans0.ltrans.o
 .data.rel.ro.local.mUefiDevicePathLibToTextTable
                0x000000000000a1e0      0x320 /tmp/ccIWZ14S.ltrans1.ltrans.o
 .data.gEfiDevicePathToTextProtocolGuid
                0x000000000000a500       0x10 /tmp/ccIWZ14S.ltrans1.ltrans.o
 .data.gEfiLoadedImageDevicePathProtocolGuid
                0x000000000000a510       0x10 /tmp/ccIWZ14S.ltrans1.ltrans.o
 .data.gEfiComponentName2ProtocolGuid
                0x000000000000a520       0x10 /tmp/ccIWZ14S.ltrans1.ltrans.o
 .data.gEfiPersistentVirtualCdGuid
                0x000000000000a530       0x10 /tmp/ccIWZ14S.ltrans2.ltrans.o
 .data.gEfiPersistentVirtualDiskGuid
                0x000000000000a540       0x10 /tmp/ccIWZ14S.ltrans2.ltrans.o
 .data.gEfiVirtualCdGuid
                0x000000000000a550       0x10 /tmp/ccIWZ14S.ltrans2.ltrans.o
 .data.gEfiVirtualDiskGuid
                0x000000000000a560       0x10 /tmp/ccIWZ14S.ltrans2.ltrans.o
 *fill*         0x000000000000a570       0x10 
 .data.rel.ro.local.mUefiDevicePathLibToTextTableGeneric
                0x000000000000a580       0x60 /tmp/ccIWZ14S.ltrans2.ltrans.o
 .data.gEfiGlobalVariableGuid
                0x000000000000a5e0       0x10 /tmp/ccIWZ14S.ltrans3.ltrans.o
                0x000000000000a5e0                gEfiGlobalVariableGuid
 .data.gEfiUnicodeCollation2ProtocolGuid
                0x000000000000a5f0       0x10 /tmp/ccIWZ14S.ltrans5.ltrans.o
 .data.gEfiShellEnvironment2ExtGuid
                0x000000000000a600       0x10 /tmp/ccIWZ14S.ltrans5.ltrans.o
 .data.gEfiShellParametersProtocolGuid
                0x000000000000a610       0x10 /tmp/ccIWZ14S.ltrans5.ltrans.o
 .data.gEfiShellProtocolGuid
                0x000000000000a620       0x10 /tmp/ccIWZ14S.ltrans5.ltrans.o
 .data.gEfiShellInterfaceGuid
                0x000000000000a630       0x10 /tmp/ccIWZ14S.ltrans5.ltrans.o
 .data.gEfiShellEnvironment2Guid
                0x000000000000a640       0x10 /tmp/ccIWZ14S.ltrans5.ltrans.o
 *fill*         0x000000000000a650       0x10 
 .data.rel.ro.local.ParamList.lto_priv.38
                0x000000000000a660       0xa0 /tmp/ccIWZ14S.ltrans7.ltrans.o
                0x000000000000a660                ParamList.lto_priv.38
 .data.gEfiFirmwareVolume2ProtocolGuid
                0x000000000000a700       0x10 /tmp/ccIWZ14S.ltrans7.ltrans.o
                0x000000000000a700                gEfiFirmwareVolume2ProtocolGuid
 .data.gEfiDebugPortProtocolGuid
                0x000000000000a710       0x10 /tmp/ccIWZ14S.ltrans8.ltrans.o
 .data.gEfiSasDevicePathGuid
                0x000000000000a720       0x10 /tmp/ccIWZ14S.ltrans8.ltrans.o
 .data.gEfiUartDevicePathGuid
                0x000000000000a730       0x10 /tmp/ccIWZ14S.ltrans8.ltrans.o
 .data.gEfiVTUTF8Guid
                0x000000000000a740       0x10 /tmp/ccIWZ14S.ltrans8.ltrans.o
 .data.gEfiVT100PlusGuid
                0x000000000000a750       0x10 /tmp/ccIWZ14S.ltrans8.ltrans.o
 .data.gEfiVT100Guid
                0x000000000000a760       0x10 /tmp/ccIWZ14S.ltrans8.ltrans.o
 .data.gEfiPcAnsiGuid
                0x000000000000a770       0x10 /tmp/ccIWZ14S.ltrans8.ltrans.o
 .data.gEfiHiiPackageListProtocolGuid
                0x000000000000a780       0x10 /tmp/ccIWZ14S.ltrans9.ltrans.o
 .data.rel.local.mDpDynamicCommand
                0x000000000000a790       0x18 /tmp/ccIWZ14S.ltrans9.ltrans.o
 *fill*         0x000000000000a7a8        0x8 
 .data.gEfiShellDynamicCommandProtocolGuid
                0x000000000000a7b0       0x10 /tmp/ccIWZ14S.ltrans9.ltrans.o
 .data.gEfiDevicePathUtilitiesProtocolGuid
                0x000000000000a7c0       0x10 /tmp/ccIWZ14S.ltrans9.ltrans.o
 .data.gEfiHiiImageProtocolGuid
                0x000000000000a7d0       0x10 /tmp/ccIWZ14S.ltrans9.ltrans.o
 .data.gEfiHiiFontProtocolGuid
                0x000000000000a7e0       0x10 /tmp/ccIWZ14S.ltrans9.ltrans.o
 .data.gEfiHiiConfigRoutingProtocolGuid
                0x000000000000a7f0       0x10 /tmp/ccIWZ14S.ltrans9.ltrans.o
 .data.gEfiHiiDatabaseProtocolGuid
                0x000000000000a800       0x10 /tmp/ccIWZ14S.ltrans9.ltrans.o
 .data.gEfiHiiStringProtocolGuid
                0x000000000000a810       0x10 /tmp/ccIWZ14S.ltrans9.ltrans.o
 .data.gEfiHobListGuid
                0x000000000000a820       0x10 /tmp/ccIWZ14S.ltrans9.ltrans.o
 .data.gEfiLoadedImageProtocolGuid
                0x000000000000a830       0x10 /tmp/ccIWZ14S.ltrans9.ltrans.o
                0x000000000000a830                gEfiLoadedImageProtocolGuid
 .data.rel.ro   0x000000000000a840        0x0 Dp.obj (symbol from plugin)
 *(.bss .bss.*)
 .bss.mDxePhase
                0x000000000000a840        0x1 /tmp/ccIWZ14S.ltrans0.ltrans.o
                0x000000000000a840                mDxePhase
 .bss.mPeiPhase
                0x000000000000a841        0x1 /tmp/ccIWZ14S.ltrans0.ltrans.o
                0x000000000000a841                mPeiPhase
 *fill*         0x000000000000a842        0x6 
 .bss.mBootPerformanceTable
                0x000000000000a848        0x8 /tmp/ccIWZ14S.ltrans0.ltrans.o
 .bss.mBootPerformanceTableSize
                0x000000000000a850        0x8 /tmp/ccIWZ14S.ltrans0.ltrans.o
 *fill*         0x000000000000a858        0x8 
 .bss.mUnicodeToken
                0x000000000000a860       0x40 /tmp/ccIWZ14S.ltrans0.ltrans.o
 .bss.SummaryData
                0x000000000000a8a0       0x18 /tmp/ccIWZ14S.ltrans0.ltrans.o
 .bss.mCachePairCount
                0x000000000000a8b8        0x8 /tmp/ccIWZ14S.ltrans0.ltrans.o
                0x000000000000a8b8                mCachePairCount
 .bss.mMeasurementNum
                0x000000000000a8c0        0x8 /tmp/ccIWZ14S.ltrans0.ltrans.o
                0x000000000000a8c0                mMeasurementNum
 .bss.mCacheHandleGuidTable
                0x000000000000a8c8        0x8 /tmp/ccIWZ14S.ltrans0.ltrans.o
                0x000000000000a8c8                mCacheHandleGuidTable
 .bss.mMeasurementList
                0x000000000000a8d0        0x8 /tmp/ccIWZ14S.ltrans0.ltrans.o
                0x000000000000a8d0                mMeasurementList
 .bss.mInterestThreshold
                0x000000000000a8d8        0x8 /tmp/ccIWZ14S.ltrans0.ltrans.o
 .bss.mShowId   0x000000000000a8e0        0x1 /tmp/ccIWZ14S.ltrans0.ltrans.o
 *fill*         0x000000000000a8e1        0x7 
 .bss.mDevicePathLibDevicePathToText
                0x000000000000a8e8        0x8 /tmp/ccIWZ14S.ltrans1.ltrans.o
 *fill*         0x000000000000a8f0       0x10 
 .bss.mGaugeString
                0x000000000000a900       0x4a /tmp/ccIWZ14S.ltrans3.ltrans.o
                0x000000000000a900                mGaugeString
 *fill*         0x000000000000a94a        0x6 
 .bss.gST       0x000000000000a950        0x8 /tmp/ccIWZ14S.ltrans3.ltrans.o
                0x000000000000a950                gST
 .bss.gRT       0x000000000000a958        0x8 /tmp/ccIWZ14S.ltrans3.ltrans.o
                0x000000000000a958                gRT
 .bss.mUnicodeCollation
                0x000000000000a960        0x8 /tmp/ccIWZ14S.ltrans5.ltrans.o
 .bss.gBS       0x000000000000a968        0x8 /tmp/ccIWZ14S.ltrans6.ltrans.o
                0x000000000000a968                gBS
 .bss.mEfiShellEnvironment2
                0x000000000000a970        0x8 /tmp/ccIWZ14S.ltrans7.ltrans.o
                0x000000000000a970                mEfiShellEnvironment2
 .bss.gEfiShellProtocol
                0x000000000000a978        0x8 /tmp/ccIWZ14S.ltrans7.ltrans.o
                0x000000000000a978                gEfiShellProtocol
 .bss.mDpHiiHandle
                0x000000000000a980        0x8 /tmp/ccIWZ14S.ltrans9.ltrans.o
                0x000000000000a980                mDpHiiHandle
 .bss.gImageHandle
                0x000000000000a988        0x8 /tmp/ccIWZ14S.ltrans9.ltrans.o
                0x000000000000a988                gImageHandle
 .bss.mDevicePathLibDevicePathUtilities
                0x000000000000a990        0x8 /tmp/ccIWZ14S.ltrans9.ltrans.o
 .bss.gHiiImage
                0x000000000000a998        0x8 /tmp/ccIWZ14S.ltrans9.ltrans.o
 .bss.gHiiFont  0x000000000000a9a0        0x8 /tmp/ccIWZ14S.ltrans9.ltrans.o
 .bss.gHiiConfigRouting
                0x000000000000a9a8        0x8 /tmp/ccIWZ14S.ltrans9.ltrans.o
 .bss.gHiiDatabase
                0x000000000000a9b0        0x8 /tmp/ccIWZ14S.ltrans9.ltrans.o
 .bss.gHiiString
                0x000000000000a9b8        0x8 /tmp/ccIWZ14S.ltrans9.ltrans.o
                0x000000000000a9b8                gHiiString
 .bss.mHobList  0x000000000000a9c0        0x8 /tmp/ccIWZ14S.ltrans9.ltrans.o
 .bss.mEfiShellEnvironment2Handle
                0x000000000000a9c8        0x8 /tmp/ccIWZ14S.ltrans9.ltrans.o
                0x000000000000a9c8                mEfiShellEnvironment2Handle
 .bss.mEfiShellInterface
                0x000000000000a9d0        0x8 /tmp/ccIWZ14S.ltrans9.ltrans.o
                0x000000000000a9d0                mEfiShellInterface
 .bss.gEfiShellParametersProtocol
                0x000000000000a9d8        0x8 /tmp/ccIWZ14S.ltrans9.ltrans.o
                0x000000000000a9d8                gEfiShellParametersProtocol

.eh_frame       0x000000000000aa00        0x0
 *(.eh_frame)
 .eh_frame      0x000000000000aa00        0x0 Dp.obj (symbol from plugin)
 .eh_frame      0x000000000000aa00        0x0 Dp.obj (symbol from plugin)

.dynbss         0x000000000000aa00        0x0
 .dynbss        0x000000000000aa00        0x0 Dp.obj (symbol from plugin)

.gnu.version_d  0x000000000000aa00        0x0
 .gnu.version_d
                0x000000000000aa00        0x0 Dp.obj (symbol from plugin)

.gnu.version    0x000000000000aa00        0x0
 .gnu.version   0x000000000000aa00        0x0 Dp.obj (symbol from plugin)

.gnu.version_r  0x000000000000aa00        0x0
 .gnu.version_r
                0x000000000000aa00        0x0 Dp.obj (symbol from plugin)

.rela           0x000000000000aa00      0x6a8
 *(.rela .rela.*)
 .rela.plt      0x000000000000aa00        0x0 Dp.obj (symbol from plugin)
 .rela.got      0x000000000000aa00        0x0 Dp.obj (symbol from plugin)
 .rela.bss      0x000000000000aa00        0x0 Dp.obj (symbol from plugin)
 .rela.data.rel.ro
                0x000000000000aa00        0x0 Dp.obj (symbol from plugin)
 .rela.ifunc    0x000000000000aa00        0x0 Dp.obj (symbol from plugin)
 .rela.data.rel.local.CumData
                0x000000000000aa00       0x78 Dp.obj (symbol from plugin)
 .rela.data.rel.ro.local.mUefiDevicePathLibToTextTable
                0x000000000000aa78      0x498 Dp.obj (symbol from plugin)
 .rela.data.rel.ro.local.mUefiDevicePathLibToTextTableGeneric
                0x000000000000af10       0x78 Dp.obj (symbol from plugin)
 .rela.data.rel.ro.local.ParamList.lto_priv.38
                0x000000000000af88       0xd8 Dp.obj (symbol from plugin)
 .rela.data.rel.local.mDpDynamicCommand
                0x000000000000b060       0x48 Dp.obj (symbol from plugin)

.hii            0x000000000000b0c0     0x2457
 *(.hii)
 .hii           0x000000000000b0c0     0x2457 /home/hcj/UEFIWorkspace/Build/Shell/RELEASE_GCC5/X64/ShellPkg/DynamicCommand/DpDynamicCommand/DpDynamicCommand/OUTPUT/dpDynamicCommandhii.lib
                0x000000000000b0c0                _binary__home_hcj_UEFIWorkspace_Build_Shell_RELEASE_GCC5_X64_ShellPkg_DynamicCommand_DpDynamicCommand_DpDynamicCommand_OUTPUT_dpDynamicCommandhii_rc_start
                0x000000000000d517                _binary__home_hcj_UEFIWorkspace_Build_Shell_RELEASE_GCC5_X64_ShellPkg_DynamicCommand_DpDynamicCommand_DpDynamicCommand_OUTPUT_dpDynamicCommandhii_rc_end

.build-id       0x000000000000d518       0x24
 *(.note.gnu.build-id)
 .note.gnu.build-id
                0x000000000000d518       0x24 Dp.obj (symbol from plugin)

/DISCARD/
 *(.note.GNU-stack)
 *(.gnu_debuglink)
 *(.interp)
 *(.dynsym)
 *(.dynstr)
 *(.dynamic)
 *(.hash .gnu.hash)
 *(.comment)
OUTPUT(/home/hcj/UEFIWorkspace/Build/Shell/RELEASE_GCC5/X64/ShellPkg/DynamicCommand/DpDynamicCommand/DpDynamicCommand/DEBUG/dpDynamicCommand.dll elf64-x86-64)

.debug_info     0x0000000000000000    0x20e6e
 .debug_info    0x0000000000000000     0x599f /tmp/ccIWZ14S.ltrans0.ltrans.o
 .debug_info    0x000000000000599f     0x373f /tmp/ccIWZ14S.ltrans1.ltrans.o
 .debug_info    0x00000000000090de     0x2803 /tmp/ccIWZ14S.ltrans2.ltrans.o
 .debug_info    0x000000000000b8e1     0x2872 /tmp/ccIWZ14S.ltrans3.ltrans.o
 .debug_info    0x000000000000e153      0x961 /tmp/ccIWZ14S.ltrans4.ltrans.o
 .debug_info    0x000000000000eab4     0x32bd /tmp/ccIWZ14S.ltrans5.ltrans.o
 .debug_info    0x0000000000011d71     0x1d2d /tmp/ccIWZ14S.ltrans6.ltrans.o
 .debug_info    0x0000000000013a9e     0x4113 /tmp/ccIWZ14S.ltrans7.ltrans.o
 .debug_info    0x0000000000017bb1     0x2335 /tmp/ccIWZ14S.ltrans8.ltrans.o
 .debug_info    0x0000000000019ee6     0x43bc /tmp/ccIWZ14S.ltrans9.ltrans.o
 .debug_info    0x000000000001e2a2     0x2a70 /tmp/ccIWZ14S.ltrans10.ltrans.o
 .debug_info    0x0000000000020d12      0x15c /tmp/ccIWZ14S.ltrans11.ltrans.o

.debug_abbrev   0x0000000000000000     0x25e1
 .debug_abbrev  0x0000000000000000      0x399 /tmp/ccIWZ14S.ltrans0.ltrans.o
 .debug_abbrev  0x0000000000000399      0x447 /tmp/ccIWZ14S.ltrans1.ltrans.o
 .debug_abbrev  0x00000000000007e0      0x2e9 /tmp/ccIWZ14S.ltrans2.ltrans.o
 .debug_abbrev  0x0000000000000ac9      0x322 /tmp/ccIWZ14S.ltrans3.ltrans.o
 .debug_abbrev  0x0000000000000deb      0x285 /tmp/ccIWZ14S.ltrans4.ltrans.o
 .debug_abbrev  0x0000000000001070      0x3c0 /tmp/ccIWZ14S.ltrans5.ltrans.o
 .debug_abbrev  0x0000000000001430      0x2ab /tmp/ccIWZ14S.ltrans6.ltrans.o
 .debug_abbrev  0x00000000000016db      0x355 /tmp/ccIWZ14S.ltrans7.ltrans.o
 .debug_abbrev  0x0000000000001a30      0x396 /tmp/ccIWZ14S.ltrans8.ltrans.o
 .debug_abbrev  0x0000000000001dc6      0x3b6 /tmp/ccIWZ14S.ltrans9.ltrans.o
 .debug_abbrev  0x000000000000217c      0x39f /tmp/ccIWZ14S.ltrans10.ltrans.o
 .debug_abbrev  0x000000000000251b       0xc6 /tmp/ccIWZ14S.ltrans11.ltrans.o

.debug_loc      0x0000000000000000    0x107fb
 .debug_loc     0x0000000000000000     0x208f /tmp/ccIWZ14S.ltrans0.ltrans.o
 .debug_loc     0x000000000000208f     0x141c /tmp/ccIWZ14S.ltrans1.ltrans.o
 .debug_loc     0x00000000000034ab     0x2c7e /tmp/ccIWZ14S.ltrans2.ltrans.o
 .debug_loc     0x0000000000006129      0xf08 /tmp/ccIWZ14S.ltrans3.ltrans.o
 .debug_loc     0x0000000000007031      0xb86 /tmp/ccIWZ14S.ltrans4.ltrans.o
 .debug_loc     0x0000000000007bb7     0x1a2d /tmp/ccIWZ14S.ltrans5.ltrans.o
 .debug_loc     0x00000000000095e4     0x1d3b /tmp/ccIWZ14S.ltrans6.ltrans.o
 .debug_loc     0x000000000000b31f     0x11f0 /tmp/ccIWZ14S.ltrans7.ltrans.o
 .debug_loc     0x000000000000c50f     0x255a /tmp/ccIWZ14S.ltrans8.ltrans.o
 .debug_loc     0x000000000000ea69      0x731 /tmp/ccIWZ14S.ltrans9.ltrans.o
 .debug_loc     0x000000000000f19a     0x156a /tmp/ccIWZ14S.ltrans10.ltrans.o
 .debug_loc     0x0000000000010704       0xf7 /tmp/ccIWZ14S.ltrans11.ltrans.o

.debug_aranges  0x0000000000000000      0xa20
 .debug_aranges
                0x0000000000000000       0x30 /tmp/ccIWZ14S.ltrans0.ltrans.o
 .debug_aranges
                0x0000000000000030       0xa0 /tmp/ccIWZ14S.ltrans1.ltrans.o
 .debug_aranges
                0x00000000000000d0      0x200 /tmp/ccIWZ14S.ltrans2.ltrans.o
 .debug_aranges
                0x00000000000002d0       0x90 /tmp/ccIWZ14S.ltrans3.ltrans.o
 .debug_aranges
                0x0000000000000360       0xf0 /tmp/ccIWZ14S.ltrans4.ltrans.o
 .debug_aranges
                0x0000000000000450      0x170 /tmp/ccIWZ14S.ltrans5.ltrans.o
 .debug_aranges
                0x00000000000005c0       0x70 /tmp/ccIWZ14S.ltrans6.ltrans.o
 .debug_aranges
                0x0000000000000630       0x50 /tmp/ccIWZ14S.ltrans7.ltrans.o
 .debug_aranges
                0x0000000000000680      0x230 /tmp/ccIWZ14S.ltrans8.ltrans.o
 .debug_aranges
                0x00000000000008b0       0x60 /tmp/ccIWZ14S.ltrans9.ltrans.o
 .debug_aranges
                0x0000000000000910       0xe0 /tmp/ccIWZ14S.ltrans10.ltrans.o
 .debug_aranges
                0x00000000000009f0       0x30 /tmp/ccIWZ14S.ltrans11.ltrans.o

.debug_ranges   0x0000000000000000     0x1e30
 .debug_ranges  0x0000000000000000      0x930 /tmp/ccIWZ14S.ltrans0.ltrans.o
 .debug_ranges  0x0000000000000930      0x3b0 /tmp/ccIWZ14S.ltrans1.ltrans.o
 .debug_ranges  0x0000000000000ce0      0x2a0 /tmp/ccIWZ14S.ltrans2.ltrans.o
 .debug_ranges  0x0000000000000f80       0xf0 /tmp/ccIWZ14S.ltrans3.ltrans.o
 .debug_ranges  0x0000000000001070      0x1c0 /tmp/ccIWZ14S.ltrans4.ltrans.o
 .debug_ranges  0x0000000000001230      0x300 /tmp/ccIWZ14S.ltrans5.ltrans.o
 .debug_ranges  0x0000000000001530       0xe0 /tmp/ccIWZ14S.ltrans6.ltrans.o
 .debug_ranges  0x0000000000001610      0x1b0 /tmp/ccIWZ14S.ltrans7.ltrans.o
 .debug_ranges  0x00000000000017c0      0x2b0 /tmp/ccIWZ14S.ltrans8.ltrans.o
 .debug_ranges  0x0000000000001a70      0x270 /tmp/ccIWZ14S.ltrans9.ltrans.o
 .debug_ranges  0x0000000000001ce0      0x130 /tmp/ccIWZ14S.ltrans10.ltrans.o
 .debug_ranges  0x0000000000001e10       0x20 /tmp/ccIWZ14S.ltrans11.ltrans.o

.debug_line     0x0000000000000000     0x5718
 .debug_line    0x0000000000000000      0xb4d /tmp/ccIWZ14S.ltrans0.ltrans.o
 .debug_line    0x0000000000000b4d      0x97d /tmp/ccIWZ14S.ltrans1.ltrans.o
 .debug_line    0x00000000000014ca      0x7b3 /tmp/ccIWZ14S.ltrans2.ltrans.o
 .debug_line    0x0000000000001c7d      0x724 /tmp/ccIWZ14S.ltrans3.ltrans.o
 .debug_line    0x00000000000023a1      0x32a /tmp/ccIWZ14S.ltrans4.ltrans.o
 .debug_line    0x00000000000026cb      0x879 /tmp/ccIWZ14S.ltrans5.ltrans.o
 .debug_line    0x0000000000002f44      0x7ac /tmp/ccIWZ14S.ltrans6.ltrans.o
 .debug_line    0x00000000000036f0      0x809 /tmp/ccIWZ14S.ltrans7.ltrans.o
 .debug_line    0x0000000000003ef9      0x878 /tmp/ccIWZ14S.ltrans8.ltrans.o
 .debug_line    0x0000000000004771      0x882 /tmp/ccIWZ14S.ltrans9.ltrans.o
 .debug_line    0x0000000000004ff3      0x614 /tmp/ccIWZ14S.ltrans10.ltrans.o
 .debug_line    0x0000000000005607      0x111 /tmp/ccIWZ14S.ltrans11.ltrans.o

.debug_str      0x0000000000000000     0x702d
 .debug_str     0x0000000000000000     0x277b /tmp/ccIWZ14S.ltrans0.ltrans.o
                                       0x2a73 (size before relaxing)
 .debug_str     0x000000000000277b      0x9d6 /tmp/ccIWZ14S.ltrans1.ltrans.o
                                       0x2166 (size before relaxing)
 .debug_str     0x0000000000003151      0x8d3 /tmp/ccIWZ14S.ltrans2.ltrans.o
                                        0xd2e (size before relaxing)
 .debug_str     0x0000000000003a24      0x576 /tmp/ccIWZ14S.ltrans3.ltrans.o
                                       0x1aa7 (size before relaxing)
 .debug_str     0x0000000000003f9a       0xf7 /tmp/ccIWZ14S.ltrans4.ltrans.o
                                        0x4ae (size before relaxing)
 .debug_str     0x0000000000004091      0x6d4 /tmp/ccIWZ14S.ltrans5.ltrans.o
                                       0x1c6e (size before relaxing)
 .debug_str     0x0000000000004765      0x3f2 /tmp/ccIWZ14S.ltrans6.ltrans.o
                                       0x121c (size before relaxing)
 .debug_str     0x0000000000004b57      0xa41 /tmp/ccIWZ14S.ltrans7.ltrans.o
                                       0x2af4 (size before relaxing)
 .debug_str     0x0000000000005598      0x678 /tmp/ccIWZ14S.ltrans8.ltrans.o
                                        0xcd6 (size before relaxing)
 .debug_str     0x0000000000005c10     0x115d /tmp/ccIWZ14S.ltrans9.ltrans.o
                                       0x336b (size before relaxing)
 .debug_str     0x0000000000006d6d      0x28d /tmp/ccIWZ14S.ltrans10.ltrans.o
                                       0x20d2 (size before relaxing)
 .debug_str     0x0000000000006ffa       0x33 /tmp/ccIWZ14S.ltrans11.ltrans.o
                                        0x27b (size before relaxing)

.debug_frame    0x0000000000000000     0x2518
 .debug_frame   0x0000000000000000       0xa8 /tmp/ccIWZ14S.ltrans0.ltrans.o
 .debug_frame   0x00000000000000a8      0x3a8 /tmp/ccIWZ14S.ltrans1.ltrans.o
 .debug_frame   0x0000000000000450      0x810 /tmp/ccIWZ14S.ltrans2.ltrans.o
 .debug_frame   0x0000000000000c60      0x2d0 /tmp/ccIWZ14S.ltrans3.ltrans.o
 .debug_frame   0x0000000000000f30      0x1f8 /tmp/ccIWZ14S.ltrans4.ltrans.o
 .debug_frame   0x0000000000001128      0x498 /tmp/ccIWZ14S.ltrans5.ltrans.o
 .debug_frame   0x00000000000015c0      0x1d8 /tmp/ccIWZ14S.ltrans6.ltrans.o
 .debug_frame   0x0000000000001798      0x258 /tmp/ccIWZ14S.ltrans7.ltrans.o
 .debug_frame   0x00000000000019f0      0x828 /tmp/ccIWZ14S.ltrans8.ltrans.o
 .debug_frame   0x0000000000002218       0xf8 /tmp/ccIWZ14S.ltrans9.ltrans.o
 .debug_frame   0x0000000000002310      0x198 /tmp/ccIWZ14S.ltrans10.ltrans.o
 .debug_frame   0x00000000000024a8       0x70 /tmp/ccIWZ14S.ltrans11.ltrans.o
