Archive member included to satisfy reference by file (symbol)

/home/hcj/UEFIWorkspace/Build/EmulatorX64/DEBUG_GCC48/X64/MdeModulePkg/Universal/Console/ConPlatformDxe/ConPlatformDxe/OUTPUT/ConPlatformDxe.lib(ComponentName.obj)
                              (--whole-archive)
/home/hcj/UEFIWorkspace/Build/EmulatorX64/DEBUG_GCC48/X64/MdeModulePkg/Universal/Console/ConPlatformDxe/ConPlatformDxe/OUTPUT/ConPlatformDxe.lib(ConPlatform.obj)
                              (--whole-archive)
/home/hcj/UEFIWorkspace/Build/EmulatorX64/DEBUG_GCC48/X64/MdeModulePkg/Universal/Console/ConPlatformDxe/ConPlatformDxe/OUTPUT/ConPlatformDxe.lib(AutoGen.obj)
                              (--whole-archive)
/home/hcj/UEFIWorkspace/Build/EmulatorX64/DEBUG_GCC48/X64/MdePkg/Library/BaseDebugPrintErrorLevelLib/BaseDebugPrintErrorLevelLib/OUTPUT/BaseDebugPrintErrorLevelLib.lib(BaseDebugPrintErrorLevelLib.obj)
                              (--whole-archive)
/home/hcj/UEFIWorkspace/Build/EmulatorX64/DEBUG_GCC48/X64/MdePkg/Library/RegisterFilterLibNull/RegisterFilterLibNull/OUTPUT/FilterLibNull.lib(RegisterFilterLibNull.obj)
                              (--whole-archive)
/home/hcj/UEFIWorkspace/Build/EmulatorX64/DEBUG_GCC48/X64/MdeModulePkg/Library/DxeReportStatusCodeLib/DxeReportStatusCodeLib/OUTPUT/DxeReportStatusCodeLib.lib(ReportStatusCodeLib.obj)
                              (--whole-archive)
/home/hcj/UEFIWorkspace/Build/EmulatorX64/DEBUG_GCC48/X64/MdePkg/Library/BasePrintLib/BasePrintLib/OUTPUT/BasePrintLib.lib(PrintLibInternal.obj)
                              (--whole-archive)
/home/hcj/UEFIWorkspace/Build/EmulatorX64/DEBUG_GCC48/X64/MdePkg/Library/BasePrintLib/BasePrintLib/OUTPUT/BasePrintLib.lib(PrintLib.obj)
                              (--whole-archive)
/home/hcj/UEFIWorkspace/Build/EmulatorX64/DEBUG_GCC48/X64/MdePkg/Library/BaseLib/BaseLib/OUTPUT/BaseLib.lib(CheckSum.obj)
                              (--whole-archive)
/home/hcj/UEFIWorkspace/Build/EmulatorX64/DEBUG_GCC48/X64/MdePkg/Library/BaseLib/BaseLib/OUTPUT/BaseLib.lib(SwitchStack.obj)
                              (--whole-archive)
/home/hcj/UEFIWorkspace/Build/EmulatorX64/DEBUG_GCC48/X64/MdePkg/Library/BaseLib/BaseLib/OUTPUT/BaseLib.lib(SwapBytes64.obj)
                              (--whole-archive)
/home/hcj/UEFIWorkspace/Build/EmulatorX64/DEBUG_GCC48/X64/MdePkg/Library/BaseLib/BaseLib/OUTPUT/BaseLib.lib(SwapBytes32.obj)
                              (--whole-archive)
/home/hcj/UEFIWorkspace/Build/EmulatorX64/DEBUG_GCC48/X64/MdePkg/Library/BaseLib/BaseLib/OUTPUT/BaseLib.lib(SwapBytes16.obj)
                              (--whole-archive)
/home/hcj/UEFIWorkspace/Build/EmulatorX64/DEBUG_GCC48/X64/MdePkg/Library/BaseLib/BaseLib/OUTPUT/BaseLib.lib(LongJump.obj)
                              (--whole-archive)
/home/hcj/UEFIWorkspace/Build/EmulatorX64/DEBUG_GCC48/X64/MdePkg/Library/BaseLib/BaseLib/OUTPUT/BaseLib.lib(SetJump.obj)
                              (--whole-archive)
/home/hcj/UEFIWorkspace/Build/EmulatorX64/DEBUG_GCC48/X64/MdePkg/Library/BaseLib/BaseLib/OUTPUT/BaseLib.lib(QuickSort.obj)
                              (--whole-archive)
/home/hcj/UEFIWorkspace/Build/EmulatorX64/DEBUG_GCC48/X64/MdePkg/Library/BaseLib/BaseLib/OUTPUT/BaseLib.lib(RShiftU64.obj)
                              (--whole-archive)
/home/hcj/UEFIWorkspace/Build/EmulatorX64/DEBUG_GCC48/X64/MdePkg/Library/BaseLib/BaseLib/OUTPUT/BaseLib.lib(RRotU64.obj)
                              (--whole-archive)
/home/hcj/UEFIWorkspace/Build/EmulatorX64/DEBUG_GCC48/X64/MdePkg/Library/BaseLib/BaseLib/OUTPUT/BaseLib.lib(RRotU32.obj)
                              (--whole-archive)
/home/hcj/UEFIWorkspace/Build/EmulatorX64/DEBUG_GCC48/X64/MdePkg/Library/BaseLib/BaseLib/OUTPUT/BaseLib.lib(MultU64x64.obj)
                              (--whole-archive)
/home/hcj/UEFIWorkspace/Build/EmulatorX64/DEBUG_GCC48/X64/MdePkg/Library/BaseLib/BaseLib/OUTPUT/BaseLib.lib(MultU64x32.obj)
                              (--whole-archive)
/home/hcj/UEFIWorkspace/Build/EmulatorX64/DEBUG_GCC48/X64/MdePkg/Library/BaseLib/BaseLib/OUTPUT/BaseLib.lib(MultS64x64.obj)
                              (--whole-archive)
/home/hcj/UEFIWorkspace/Build/EmulatorX64/DEBUG_GCC48/X64/MdePkg/Library/BaseLib/BaseLib/OUTPUT/BaseLib.lib(ModU64x32.obj)
                              (--whole-archive)
/home/hcj/UEFIWorkspace/Build/EmulatorX64/DEBUG_GCC48/X64/MdePkg/Library/BaseLib/BaseLib/OUTPUT/BaseLib.lib(LShiftU64.obj)
                              (--whole-archive)
/home/hcj/UEFIWorkspace/Build/EmulatorX64/DEBUG_GCC48/X64/MdePkg/Library/BaseLib/BaseLib/OUTPUT/BaseLib.lib(LRotU64.obj)
                              (--whole-archive)
/home/hcj/UEFIWorkspace/Build/EmulatorX64/DEBUG_GCC48/X64/MdePkg/Library/BaseLib/BaseLib/OUTPUT/BaseLib.lib(LRotU32.obj)
                              (--whole-archive)
/home/hcj/UEFIWorkspace/Build/EmulatorX64/DEBUG_GCC48/X64/MdePkg/Library/BaseLib/BaseLib/OUTPUT/BaseLib.lib(LowBitSet64.obj)
[...]
Memory Configuration

Name             Origin             Length             Attributes
*default*        0x0000000000000000 0xffffffffffffffff

Linker script and memory map

START GROUP
LOAD /home/hcj/UEFIWorkspace/Build/EmulatorX64/DEBUG_GCC48/X64/MdeModulePkg/Universal/Console/ConPlatformDxe/ConPlatformDxe/OUTPUT/ConPlatformDxe.lib
LOAD /home/hcj/UEFIWorkspace/Build/EmulatorX64/DEBUG_GCC48/X64/MdePkg/Library/BaseDebugPrintErrorLevelLib/BaseDebugPrintErrorLevelLib/OUTPUT/BaseDebugPrintErrorLevelLib.lib
LOAD /home/hcj/UEFIWorkspace/Build/EmulatorX64/DEBUG_GCC48/X64/MdePkg/Library/RegisterFilterLibNull/RegisterFilterLibNull/OUTPUT/FilterLibNull.lib
LOAD /home/hcj/UEFIWorkspace/Build/EmulatorX64/DEBUG_GCC48/X64/MdeModulePkg/Library/DxeReportStatusCodeLib/DxeReportStatusCodeLib/OUTPUT/DxeReportStatusCodeLib.lib
LOAD /home/hcj/UEFIWorkspace/Build/EmulatorX64/DEBUG_GCC48/X64/MdePkg/Library/BasePrintLib/BasePrintLib/OUTPUT/BasePrintLib.lib
LOAD /home/hcj/UEFIWorkspace/Build/EmulatorX64/DEBUG_GCC48/X64/MdePkg/Library/BaseLib/BaseLib/OUTPUT/BaseLib.lib
LOAD /home/hcj/UEFIWorkspace/Build/EmulatorX64/DEBUG_GCC48/X64/MdePkg/Library/DxePcdLib/DxePcdLib/OUTPUT/DxePcdLib.lib
LOAD /home/hcj/UEFIWorkspace/Build/EmulatorX64/DEBUG_GCC48/X64/MdeModulePkg/Library/PeiDxeDebugLibReportStatusCode/PeiDxeDebugLibReportStatusCode/OUTPUT/PeiDxeDebugLibReportStatusCode.lib
LOAD /home/hcj/UEFIWorkspace/Build/EmulatorX64/DEBUG_GCC48/X64/MdePkg/Library/BaseMemoryLib/BaseMemoryLib/OUTPUT/BaseMemoryLib.lib
LOAD /home/hcj/UEFIWorkspace/Build/EmulatorX64/DEBUG_GCC48/X64/MdePkg/Library/UefiDevicePathLib/UefiDevicePathLib/OUTPUT/UefiDevicePathLib.lib
LOAD /home/hcj/UEFIWorkspace/Build/EmulatorX64/DEBUG_GCC48/X64/MdePkg/Library/UefiMemoryAllocationLib/UefiMemoryAllocationLib/OUTPUT/UefiMemoryAllocationLib.lib
LOAD /home/hcj/UEFIWorkspace/Build/EmulatorX64/DEBUG_GCC48/X64/MdePkg/Library/UefiBootServicesTableLib/UefiBootServicesTableLib/OUTPUT/UefiBootServicesTableLib.lib
LOAD /home/hcj/UEFIWorkspace/Build/EmulatorX64/DEBUG_GCC48/X64/MdePkg/Library/UefiRuntimeServicesTableLib/UefiRuntimeServicesTableLib/OUTPUT/UefiRuntimeServicesTableLib.lib
LOAD /home/hcj/UEFIWorkspace/Build/EmulatorX64/DEBUG_GCC48/X64/MdePkg/Library/UefiLib/UefiLib/OUTPUT/UefiLib.lib
LOAD /home/hcj/UEFIWorkspace/Build/EmulatorX64/DEBUG_GCC48/X64/MdeModulePkg/Library/UefiHiiServicesLib/UefiHiiServicesLib/OUTPUT/UefiHiiServicesLib.lib
LOAD /home/hcj/UEFIWorkspace/Build/EmulatorX64/DEBUG_GCC48/X64/MdePkg/Library/DxeHobLib/DxeHobLib/OUTPUT/DxeHobLib.lib
LOAD /home/hcj/UEFIWorkspace/Build/EmulatorX64/DEBUG_GCC48/X64/MdeModulePkg/Library/BaseSortLib/BaseSortLib/OUTPUT/BaseSortLib.lib
LOAD /home/hcj/UEFIWorkspace/Build/EmulatorX64/DEBUG_GCC48/X64/MdeModulePkg/Library/UefiHiiLib/UefiHiiLib/OUTPUT/UefiHiiLib.lib
LOAD /home/hcj/UEFIWorkspace/Build/EmulatorX64/DEBUG_GCC48/X64/MdePkg/Library/DxeServicesLib/DxeServicesLib/OUTPUT/DxeServicesLib.lib
LOAD /home/hcj/UEFIWorkspace/Build/EmulatorX64/DEBUG_GCC48/X64/MdePkg/Library/DxeServicesTableLib/DxeServicesTableLib/OUTPUT/DxeServicesTableLib.lib
LOAD /home/hcj/UEFIWorkspace/Build/EmulatorX64/DEBUG_GCC48/X64/MdePkg/Library/BasePeCoffGetEntryPointLib/BasePeCoffGetEntryPointLib/OUTPUT/BasePeCoffGetEntryPointLib.lib
LOAD /home/hcj/UEFIWorkspace/Build/EmulatorX64/DEBUG_GCC48/X64/MdePkg/Library/BasePerformanceLibNull/BasePerformanceLibNull/OUTPUT/BasePerformanceLibNull.lib
LOAD /home/hcj/UEFIWorkspace/Build/EmulatorX64/DEBUG_GCC48/X64/MdePkg/Library/UefiDriverEntryPoint/UefiDriverEntryPoint/OUTPUT/UefiDriverEntryPoint.lib
LOAD /home/hcj/UEFIWorkspace/Build/EmulatorX64/DEBUG_GCC48/X64/MdeModulePkg/Library/UefiBootManagerLib/UefiBootManagerLib/OUTPUT/UefiBootManagerLib.lib
END GROUP
                0x0000000000000228                PECOFF_HEADER_SIZE = 0x228
                0x0000000000000228                . = PECOFF_HEADER_SIZE

.text           0x0000000000000240     0x5210
 *(.text .text.* .stub .gnu.linkonce.t.*)
 .text.ConPlatformComponentNameGetControllerName
                0x0000000000000240        0xb /home/hcj/UEFIWorkspace/Build/EmulatorX64/DEBUG_GCC48/X64/MdeModulePkg/Universal/Console/ConPlatformDxe/ConPlatformDxe/OUTPUT/ConPlatformDxe.lib(ComponentName.obj)
                0x0000000000000240                ConPlatformComponentNameGetControllerName
 .text.ConPlatformComponentNameGetDriverName
                0x000000000000024b       0x36 /home/hcj/UEFIWorkspace/Build/EmulatorX64/DEBUG_GCC48/X64/MdeModulePkg/Universal/Console/ConPlatformDxe/ConPlatformDxe/OUTPUT/ConPlatformDxe.lib(ComponentName.obj)
                0x000000000000024b                ConPlatformComponentNameGetDriverName
 .text.InitializeConPlatform
                0x0000000000000281      0x113 /home/hcj/UEFIWorkspace/Build/EmulatorX64/DEBUG_GCC48/X64/MdeModulePkg/Universal/Console/ConPlatformDxe/ConPlatformDxe/OUTPUT/ConPlatformDxe.lib(ConPlatform.obj)
                0x0000000000000281                InitializeConPlatform
 .text.ConPlatformDriverBindingSupported
                0x0000000000000394       0x94 /home/hcj/UEFIWorkspace/Build/EmulatorX64/DEBUG_GCC48/X64/MdeModulePkg/Universal/Console/ConPlatformDxe/ConPlatformDxe/OUTPUT/ConPlatformDxe.lib(ConPlatform.obj)
                0x0000000000000394                ConPlatformDriverBindingSupported
 .text.ConPlatformTextInDriverBindingSupported
                0x0000000000000428       0xa3 /home/hcj/UEFIWorkspace/Build/EmulatorX64/DEBUG_GCC48/X64/MdeModulePkg/Universal/Console/ConPlatformDxe/ConPlatformDxe/OUTPUT/ConPlatformDxe.lib(ConPlatform.obj)
                0x0000000000000428                ConPlatformTextInDriverBindingSupported
 .text.ConPlatformTextOutDriverBindingSupported
                0x00000000000004cb       0xa3 /home/hcj/UEFIWorkspace/Build/EmulatorX64/DEBUG_GCC48/X64/MdeModulePkg/Universal/Console/ConPlatformDxe/ConPlatformDxe/OUTPUT/ConPlatformDxe.lib(ConPlatform.obj)
                0x00000000000004cb                ConPlatformTextOutDriverBindingSupported
 .text.ConPlatformUnInstallProtocol
                0x000000000000056e       0x55 /home/hcj/UEFIWorkspace/Build/EmulatorX64/DEBUG_GCC48/X64/MdeModulePkg/Universal/Console/ConPlatformDxe/ConPlatformDxe/OUTPUT/ConPlatformDxe.lib(ConPlatform.obj)
                0x000000000000056e                ConPlatformUnInstallProtocol
 .text.ConPlatformGetVariable
                0x00000000000005c3       0x97 /home/hcj/UEFIWorkspace/Build/EmulatorX64/DEBUG_GCC48/X64/MdeModulePkg/Universal/Console/ConPlatformDxe/ConPlatformDxe/OUTPUT/ConPlatformDxe.lib(ConPlatform.obj)
                0x00000000000005c3                ConPlatformGetVariable
 .text.IsGopSibling
                0x000000000000065a      0x148 /home/hcj/UEFIWorkspace/Build/EmulatorX64/DEBUG_GCC48/X64/MdeModulePkg/Universal/Console/ConPlatformDxe/ConPlatformDxe/OUTPUT/ConPlatformDxe.lib(ConPlatform.obj)
                0x000000000000065a                IsGopSibling
 .text.MatchUsbClass
                0x00000000000007a2       0xbf /home/hcj/UEFIWorkspace/Build/EmulatorX64/DEBUG_GCC48/X64/MdeModulePkg/Universal/Console/ConPlatformDxe/ConPlatformDxe/OUTPUT/ConPlatformDxe.lib(ConPlatform.obj)
                0x00000000000007a2                MatchUsbClass
 .text.MatchUsbWwid
                0x0000000000000861      0x17f /home/hcj/UEFIWorkspace/Build/EmulatorX64/DEBUG_GCC48/X64/MdeModulePkg/Universal/Console/ConPlatformDxe/ConPlatformDxe/OUTPUT/ConPlatformDxe.lib(ConPlatform.obj)
                0x0000000000000861                MatchUsbWwid
 .text.MatchUsbShortformDevicePath
                0x00000000000009e0      0x165 /home/hcj/UEFIWorkspace/Build/EmulatorX64/DEBUG_GCC48/X64/MdeModulePkg/Universal/Console/ConPlatformDxe/ConPlatformDxe/OUTPUT/ConPlatformDxe.lib(ConPlatform.obj)
                0x00000000000009e0                MatchUsbShortformDevicePath
 .text.ConPlatformMatchDevicePaths
                0x0000000000000b45      0x138 /home/hcj/UEFIWorkspace/Build/EmulatorX64/DEBUG_GCC48/X64/MdeModulePkg/Universal/Console/ConPlatformDxe/ConPlatformDxe/OUTPUT/ConPlatformDxe.lib(ConPlatform.obj)
                0x0000000000000b45                ConPlatformMatchDevicePaths
 .text.ConPlatformUpdateDeviceVariable
                0x0000000000000c7d       0xfd /home/hcj/UEFIWorkspace/Build/EmulatorX64/DEBUG_GCC48/X64/MdeModulePkg/Universal/Console/ConPlatformDxe/ConPlatformDxe/OUTPUT/ConPlatformDxe.lib(ConPlatform.obj)
                0x0000000000000c7d                ConPlatformUpdateDeviceVariable
 .text.ConPlatformTextInDriverBindingStart
                0x0000000000000d7a      0x19a /home/hcj/UEFIWorkspace/Build/EmulatorX64/DEBUG_GCC48/X64/MdeModulePkg/Universal/Console/ConPlatformDxe/ConPlatformDxe/OUTPUT/ConPlatformDxe.lib(ConPlatform.obj)
                0x0000000000000d7a                ConPlatformTextInDriverBindingStart
 .text.ConPlatformTextInDriverBindingStop
                0x0000000000000f14      0x12f /home/hcj/UEFIWorkspace/Build/EmulatorX64/DEBUG_GCC48/X64/MdeModulePkg/Universal/Console/ConPlatformDxe/ConPlatformDxe/OUTPUT/ConPlatformDxe.lib(ConPlatform.obj)
                0x0000000000000f14                ConPlatformTextInDriverBindingStop
 .text.ConPlatformTextOutDriverBindingStop
                0x0000000000001043      0x157 /home/hcj/UEFIWorkspace/Build/EmulatorX64/DEBUG_GCC48/X64/MdeModulePkg/Universal/Console/ConPlatformDxe/ConPlatformDxe/OUTPUT/ConPlatformDxe.lib(ConPlatform.obj)
                0x0000000000001043                ConPlatformTextOutDriverBindingStop
 .text.ConPlatformUpdateGopCandidate
                0x000000000000119a       0x9d /home/hcj/UEFIWorkspace/Build/EmulatorX64/DEBUG_GCC48/X64/MdeModulePkg/Universal/Console/ConPlatformDxe/ConPlatformDxe/OUTPUT/ConPlatformDxe.lib(ConPlatform.obj)
                0x000000000000119a                ConPlatformUpdateGopCandidate
 .text.ConPlatformTextOutDriverBindingStart
                0x0000000000001237      0x20a /home/hcj/UEFIWorkspace/Build/EmulatorX64/DEBUG_GCC48/X64/MdeModulePkg/Universal/Console/ConPlatformDxe/ConPlatformDxe/OUTPUT/ConPlatformDxe.lib(ConPlatform.obj)
                0x0000000000001237                ConPlatformTextOutDriverBindingStart
 .text.ProcessLibraryConstructorList
                0x0000000000001441      0x250 /home/hcj/UEFIWorkspace/Build/EmulatorX64/DEBUG_GCC48/X64/MdeModulePkg/Universal/Console/ConPlatformDxe/ConPlatformDxe/OUTPUT/ConPlatformDxe.lib(AutoGen.obj)
                0x0000000000001441                ProcessLibraryConstructorList
 .text.ProcessLibraryDestructorList
                0x0000000000001691        0x1 /home/hcj/UEFIWorkspace/Build/EmulatorX64/DEBUG_GCC48/X64/MdeModulePkg/Universal/Console/ConPlatformDxe/ConPlatformDxe/OUTPUT/ConPlatformDxe.lib(AutoGen.obj)
                0x0000000000001691                ProcessLibraryDestructorList
 .text.ProcessModuleEntryPointList
                0x0000000000001692        0x5 /home/hcj/UEFIWorkspace/Build/EmulatorX64/DEBUG_GCC48/X64/MdeModulePkg/Universal/Console/ConPlatformDxe/ConPlatformDxe/OUTPUT/ConPlatformDxe.lib(AutoGen.obj)
                0x0000000000001692                ProcessModuleEntryPointList
 .text.ProcessModuleUnloadList
                0x0000000000001697        0x3 /home/hcj/UEFIWorkspace/Build/EmulatorX64/DEBUG_GCC48/X64/MdeModulePkg/Universal/Console/ConPlatformDxe/ConPlatformDxe/OUTPUT/ConPlatformDxe.lib(AutoGen.obj)
                0x0000000000001697                ProcessModuleUnloadList
 .text.GetDebugPrintErrorLevel
                0x000000000000169a        0x7 /home/hcj/UEFIWorkspace/Build/EmulatorX64/DEBUG_GCC48/X64/MdePkg/Library/BaseDebugPrintErrorLevelLib/BaseDebugPrintErrorLevelLib/OUTPUT/BaseDebugPrintErrorLevelLib.lib(BaseDebugPrintErrorLevelLib.obj)
                0x000000000000169a                GetDebugPrintErrorLevel
 .text.InternalGetReportStatusCode
                0x00000000000016a1       0x4d /home/hcj/UEFIWorkspace/Build/EmulatorX64/DEBUG_GCC48/X64/MdeModulePkg/Library/DxeReportStatusCodeLib/DxeReportStatusCodeLib/OUTPUT/DxeReportStatusCodeLib.lib(ReportStatusCodeLib.obj)
                0x00000000000016a1                InternalGetReportStatusCode
 .text.ReportProgressCodeEnabled
                0x00000000000016ee        0xa /home/hcj/UEFIWorkspace/Build/EmulatorX64/DEBUG_GCC48/X64/MdeModulePkg/Library/DxeReportStatusCodeLib/DxeReportStatusCodeLib/OUTPUT/DxeReportStatusCodeLib.lib(ReportStatusCodeLib.obj)
                0x00000000000016ee                ReportProgressCodeEnabled
 .text.ReportErrorCodeEnabled
                0x00000000000016f8        0xc /home/hcj/UEFIWorkspace/Build/EmulatorX64/DEBUG_GCC48/X64/MdeModulePkg/Library/DxeReportStatusCodeLib/DxeReportStatusCodeLib/OUTPUT/DxeReportStatusCodeLib.lib(ReportStatusCodeLib.obj)
                0x00000000000016f8                ReportErrorCodeEnabled
 .text.ReportDebugCodeEnabled
                0x0000000000001704        0xd /home/hcj/UEFIWorkspace/Build/EmulatorX64/DEBUG_GCC48/X64/MdeModulePkg/Library/DxeReportStatusCodeLib/DxeReportStatusCodeLib/OUTPUT/DxeReportStatusCodeLib.lib(ReportStatusCodeLib.obj)
                0x0000000000001704                ReportDebugCodeEnabled
 .text.InternalReportStatusCode
                0x0000000000001711       0x88 /home/hcj/UEFIWorkspace/Build/EmulatorX64/DEBUG_GCC48/X64/MdeModulePkg/Library/DxeReportStatusCodeLib/DxeReportStatusCodeLib/OUTPUT/DxeReportStatusCodeLib.lib(ReportStatusCodeLib.obj)
                0x0000000000001711                InternalReportStatusCode
 .text.ReportStatusCodeEx
                0x0000000000001799      0x278 /home/hcj/UEFIWorkspace/Build/EmulatorX64/DEBUG_GCC48/X64/MdeModulePkg/Library/DxeReportStatusCodeLib/DxeReportStatusCodeLib/OUTPUT/DxeReportStatusCodeLib.lib(ReportStatusCodeLib.obj)
                0x0000000000001799                ReportStatusCodeEx
 .text.CpuDeadLoop
                0x0000000000001a11       0x23 /home/hcj/UEFIWorkspace/Build/EmulatorX64/DEBUG_GCC48/X64/MdePkg/Library/BaseLib/BaseLib/OUTPUT/BaseLib.lib(CpuDeadLoop.obj)
                0x0000000000001a11                CpuDeadLoop
 .text.InternalSafeStringIsOverlap
                0x0000000000001a34       0x20 /home/hcj/UEFIWorkspace/Build/EmulatorX64/DEBUG_GCC48/X64/MdePkg/Library/BaseLib/BaseLib/OUTPUT/BaseLib.lib(SafeString.obj)
                0x0000000000001a34                InternalSafeStringIsOverlap
 .text.InternalSafeStringNoAsciiStrOverlap
                0x0000000000001a54        0xb /home/hcj/UEFIWorkspace/Build/EmulatorX64/DEBUG_GCC48/X64/MdePkg/Library/BaseLib/BaseLib/OUTPUT/BaseLib.lib(SafeString.obj)
                0x0000000000001a54                InternalSafeStringNoAsciiStrOverlap
 .text.AsciiStrnLenS
                0x0000000000001a5f       0x26 /home/hcj/UEFIWorkspace/Build/EmulatorX64/DEBUG_GCC48/X64/MdePkg/Library/BaseLib/BaseLib/OUTPUT/BaseLib.lib(SafeString.obj)
                0x0000000000001a5f                AsciiStrnLenS
 .text.AsciiStrnCpyS
                0x0000000000001a85      0x3bc /home/hcj/UEFIWorkspace/Build/EmulatorX64/DEBUG_GCC48/X64/MdePkg/Library/BaseLib/BaseLib/OUTPUT/BaseLib.lib(SafeString.obj)
                0x0000000000001a85                AsciiStrnCpyS
 .text.StrLen   0x0000000000001e41       0xa2 /home/hcj/UEFIWorkspace/Build/EmulatorX64/DEBUG_GCC48/X64/MdePkg/Library/BaseLib/BaseLib/OUTPUT/BaseLib.lib(String.obj)
                0x0000000000001e41                StrLen
 .text.AsciiStrLen
                0x0000000000001ee3       0x7a /home/hcj/UEFIWorkspace/Build/EmulatorX64/DEBUG_GCC48/X64/MdePkg/Library/BaseLib/BaseLib/OUTPUT/BaseLib.lib(String.obj)
                0x0000000000001ee3                AsciiStrLen
 .text.AsciiStrSize
                0x0000000000001f5d       0x11 /home/hcj/UEFIWorkspace/Build/EmulatorX64/DEBUG_GCC48/X64/MdePkg/Library/BaseLib/BaseLib/OUTPUT/BaseLib.lib(String.obj)
                0x0000000000001f5d                AsciiStrSize
 .text.AsciiStrnCmp
                0x0000000000001f6e       0xdc /home/hcj/UEFIWorkspace/Build/EmulatorX64/DEBUG_GCC48/X64/MdePkg/Library/BaseLib/BaseLib/OUTPUT/BaseLib.lib(String.obj)
                0x0000000000001f6e                AsciiStrnCmp
 .text.ReadUnaligned16
                0x000000000000204a       0x37 /home/hcj/UEFIWorkspace/Build/EmulatorX64/DEBUG_GCC48/X64/MdePkg/Library/BaseLib/BaseLib/OUTPUT/BaseLib.lib(Unaligned.obj)
                0x000000000000204a                ReadUnaligned16
 .text.ReadUnaligned24
                0x0000000000002081       0x3b /home/hcj/UEFIWorkspace/Build/EmulatorX64/DEBUG_GCC48/X64/MdePkg/Library/BaseLib/BaseLib/OUTPUT/BaseLib.lib(Unaligned.obj)
                0x0000000000002081                ReadUnaligned24
 .text.ReadUnaligned64
                0x00000000000020bc       0x37 /home/hcj/UEFIWorkspace/Build/EmulatorX64/DEBUG_GCC48/X64/MdePkg/Library/BaseLib/BaseLib/OUTPUT/BaseLib.lib(Unaligned.obj)
                0x00000000000020bc                ReadUnaligned64
 .text.WriteUnaligned64
                0x00000000000020f3       0x3f /home/hcj/UEFIWorkspace/Build/EmulatorX64/DEBUG_GCC48/X64/MdePkg/Library/BaseLib/BaseLib/OUTPUT/BaseLib.lib(Unaligned.obj)
                0x00000000000020f3                WriteUnaligned64
 .text.CpuPause
                0x0000000000002132        0x3 /home/hcj/UEFIWorkspace/Build/EmulatorX64/DEBUG_GCC48/X64/MdePkg/Library/BaseLib/BaseLib/OUTPUT/BaseLib.lib(GccInline.obj)
                0x0000000000002132                CpuPause
 .text.CpuBreakpoint
                0x0000000000002135        0x2 /home/hcj/UEFIWorkspace/Build/EmulatorX64/DEBUG_GCC48/X64/MdePkg/Library/BaseLib/BaseLib/OUTPUT/BaseLib.lib(GccInline.obj)
                0x0000000000002135                CpuBreakpoint
 .text.DebugAssert
                0x0000000000002137      0x16e /home/hcj/UEFIWorkspace/Build/EmulatorX64/DEBUG_GCC48/X64/MdeModulePkg/Library/PeiDxeDebugLibReportStatusCode/PeiDxeDebugLibReportStatusCode/OUTPUT/PeiDxeDebugLibReportStatusCode.lib(DebugLib.obj)
                0x0000000000002137                DebugAssert
 .text.DebugAssertEnabled
                0x00000000000022a5        0xa /home/hcj/UEFIWorkspace/Build/EmulatorX64/DEBUG_GCC48/X64/MdeModulePkg/Library/PeiDxeDebugLibReportStatusCode/PeiDxeDebugLibReportStatusCode/OUTPUT/PeiDxeDebugLibReportStatusCode.lib(DebugLib.obj)
                0x00000000000022a5                DebugAssertEnabled
 .text.DebugPrintMarker
                0x00000000000022af      0x245 /home/hcj/UEFIWorkspace/Build/EmulatorX64/DEBUG_GCC48/X64/MdeModulePkg/Library/PeiDxeDebugLibReportStatusCode/PeiDxeDebugLibReportStatusCode/OUTPUT/PeiDxeDebugLibReportStatusCode.lib(DebugLib.obj)
                0x00000000000022af                DebugPrintMarker
 .text.DebugVPrint
                0x00000000000024f4       0xa1 /home/hcj/UEFIWorkspace/Build/EmulatorX64/DEBUG_GCC48/X64/MdeModulePkg/Library/PeiDxeDebugLibReportStatusCode/PeiDxeDebugLibReportStatusCode/OUTPUT/PeiDxeDebugLibReportStatusCode.lib(DebugLib.obj)
                0x00000000000024f4                DebugVPrint
 .text.DebugPrint
                0x0000000000002595       0x22 /home/hcj/UEFIWorkspace/Build/EmulatorX64/DEBUG_GCC48/X64/MdeModulePkg/Library/PeiDxeDebugLibReportStatusCode/PeiDxeDebugLibReportStatusCode/OUTPUT/PeiDxeDebugLibReportStatusCode.lib(DebugLib.obj)
                0x0000000000002595                DebugPrint
 .text.DebugPrintEnabled
                0x00000000000025b7        0xc /home/hcj/UEFIWorkspace/Build/EmulatorX64/DEBUG_GCC48/X64/MdeModulePkg/Library/PeiDxeDebugLibReportStatusCode/PeiDxeDebugLibReportStatusCode/OUTPUT/PeiDxeDebugLibReportStatusCode.lib(DebugLib.obj)
                0x00000000000025b7                DebugPrintEnabled
 .text.DebugPrintLevelEnabled
                0x00000000000025c3        0xa /home/hcj/UEFIWorkspace/Build/EmulatorX64/DEBUG_GCC48/X64/MdeModulePkg/Library/PeiDxeDebugLibReportStatusCode/PeiDxeDebugLibReportStatusCode/OUTPUT/PeiDxeDebugLibReportStatusCode.lib(DebugLib.obj)
                0x00000000000025c3                DebugPrintLevelEnabled
 .text.CompareMem
                0x00000000000025cd       0xed /home/hcj/UEFIWorkspace/Build/EmulatorX64/DEBUG_GCC48/X64/MdePkg/Library/BaseMemoryLib/BaseMemoryLib/OUTPUT/BaseMemoryLib.lib(CompareMemWrapper.obj)
                0x00000000000025cd                CompareMem
 .text.CopyMem  0x00000000000026ba       0x9a /home/hcj/UEFIWorkspace/Build/EmulatorX64/DEBUG_GCC48/X64/MdePkg/Library/BaseMemoryLib/BaseMemoryLib/OUTPUT/BaseMemoryLib.lib(CopyMemWrapper.obj)
                0x00000000000026ba                CopyMem
 .text.InternalMemCompareMem
                0x0000000000002754       0x24 /home/hcj/UEFIWorkspace/Build/EmulatorX64/DEBUG_GCC48/X64/MdePkg/Library/BaseMemoryLib/BaseMemoryLib/OUTPUT/BaseMemoryLib.lib(MemLibGeneric.obj)
                0x0000000000002754                InternalMemCompareMem
 .text.CopyGuid
                0x0000000000002778       0x3e /home/hcj/UEFIWorkspace/Build/EmulatorX64/DEBUG_GCC48/X64/MdePkg/Library/BaseMemoryLib/BaseMemoryLib/OUTPUT/BaseMemoryLib.lib(MemLibGuid.obj)
                0x0000000000002778                CopyGuid
 .text.CompareGuid
                0x00000000000027b6       0x4d /home/hcj/UEFIWorkspace/Build/EmulatorX64/DEBUG_GCC48/X64/MdePkg/Library/BaseMemoryLib/BaseMemoryLib/OUTPUT/BaseMemoryLib.lib(MemLibGuid.obj)
                0x00000000000027b6                CompareGuid
 .text.InternalMemCopyMem
                0x0000000000002803      0x1f4 /home/hcj/UEFIWorkspace/Build/EmulatorX64/DEBUG_GCC48/X64/MdePkg/Library/BaseMemoryLib/BaseMemoryLib/OUTPUT/BaseMemoryLib.lib(CopyMem.obj)
                0x0000000000002803                InternalMemCopyMem
 .text.DevicePathType
                0x00000000000029f7       0x36 /home/hcj/UEFIWorkspace/Build/EmulatorX64/DEBUG_GCC48/X64/MdePkg/Library/UefiDevicePathLib/UefiDevicePathLib/OUTPUT/UefiDevicePathLib.lib(DevicePathUtilities.obj)
                0x00000000000029f7                DevicePathType
 .text.DevicePathSubType
                0x0000000000002a2d       0x37 /home/hcj/UEFIWorkspace/Build/EmulatorX64/DEBUG_GCC48/X64/MdePkg/Library/UefiDevicePathLib/UefiDevicePathLib/OUTPUT/UefiDevicePathLib.lib(DevicePathUtilities.obj)
                0x0000000000002a2d                DevicePathSubType
 .text.DevicePathNodeLength
                0x0000000000002a64       0x40 /home/hcj/UEFIWorkspace/Build/EmulatorX64/DEBUG_GCC48/X64/MdePkg/Library/UefiDevicePathLib/UefiDevicePathLib/OUTPUT/UefiDevicePathLib.lib(DevicePathUtilities.obj)
                0x0000000000002a64                DevicePathNodeLength
 .text.NextDevicePathNode
                0x0000000000002aa4       0x3f /home/hcj/UEFIWorkspace/Build/EmulatorX64/DEBUG_GCC48/X64/MdePkg/Library/UefiDevicePathLib/UefiDevicePathLib/OUTPUT/UefiDevicePathLib.lib(DevicePathUtilities.obj)
                0x0000000000002aa4                NextDevicePathNode
 .text.IsDevicePathEndType
                0x0000000000002ae3       0x41 /home/hcj/UEFIWorkspace/Build/EmulatorX64/DEBUG_GCC48/X64/MdePkg/Library/UefiDevicePathLib/UefiDevicePathLib/OUTPUT/UefiDevicePathLib.lib(DevicePathUtilities.obj)
                0x0000000000002ae3                IsDevicePathEndType
 .text.IsDevicePathEnd
                0x0000000000002b24       0x53 /home/hcj/UEFIWorkspace/Build/EmulatorX64/DEBUG_GCC48/X64/MdePkg/Library/UefiDevicePathLib/UefiDevicePathLib/OUTPUT/UefiDevicePathLib.lib(DevicePathUtilities.obj)
                0x0000000000002b24                IsDevicePathEnd
 .text.IsDevicePathValid
                0x0000000000002b77       0xd3 /home/hcj/UEFIWorkspace/Build/EmulatorX64/DEBUG_GCC48/X64/MdePkg/Library/UefiDevicePathLib/UefiDevicePathLib/OUTPUT/UefiDevicePathLib.lib(DevicePathUtilities.obj)
                0x0000000000002b77                IsDevicePathValid
 .text.UefiDevicePathLibGetDevicePathSize
                0x0000000000002c4a       0x4b /home/hcj/UEFIWorkspace/Build/EmulatorX64/DEBUG_GCC48/X64/MdePkg/Library/UefiDevicePathLib/UefiDevicePathLib/OUTPUT/UefiDevicePathLib.lib(DevicePathUtilities.obj)
                0x0000000000002c4a                UefiDevicePathLibGetDevicePathSize
 .text.UefiDevicePathLibDuplicateDevicePath
                0x0000000000002c95       0x2a /home/hcj/UEFIWorkspace/Build/EmulatorX64/DEBUG_GCC48/X64/MdePkg/Library/UefiDevicePathLib/UefiDevicePathLib/OUTPUT/UefiDevicePathLib.lib(DevicePathUtilities.obj)
                0x0000000000002c95                UefiDevicePathLibDuplicateDevicePath
 .text.UefiDevicePathLibAppendDevicePathInstance
                0x0000000000002cbf       0xc2 /home/hcj/UEFIWorkspace/Build/EmulatorX64/DEBUG_GCC48/X64/MdePkg/Library/UefiDevicePathLib/UefiDevicePathLib/OUTPUT/UefiDevicePathLib.lib(DevicePathUtilities.obj)
                0x0000000000002cbf                UefiDevicePathLibAppendDevicePathInstance
 .text.UefiDevicePathLibGetNextDevicePathInstance
                0x0000000000002d81       0xc5 /home/hcj/UEFIWorkspace/Build/EmulatorX64/DEBUG_GCC48/X64/MdePkg/Library/UefiDevicePathLib/UefiDevicePathLib/OUTPUT/UefiDevicePathLib.lib(DevicePathUtilities.obj)
                0x0000000000002d81                UefiDevicePathLibGetNextDevicePathInstance
 .text.GetDevicePathSize
                0x0000000000002e46        0x5 /home/hcj/UEFIWorkspace/Build/EmulatorX64/DEBUG_GCC48/X64/MdePkg/Library/UefiDevicePathLib/UefiDevicePathLib/OUTPUT/UefiDevicePathLib.lib(UefiDevicePathLib.obj)
                0x0000000000002e46                GetDevicePathSize
 .text.DuplicateDevicePath
                0x0000000000002e4b        0x5 /home/hcj/UEFIWorkspace/Build/EmulatorX64/DEBUG_GCC48/X64/MdePkg/Library/UefiDevicePathLib/UefiDevicePathLib/OUTPUT/UefiDevicePathLib.lib(UefiDevicePathLib.obj)
                0x0000000000002e4b                DuplicateDevicePath
 .text.AppendDevicePathInstance
                0x0000000000002e50        0x5 /home/hcj/UEFIWorkspace/Build/EmulatorX64/DEBUG_GCC48/X64/MdePkg/Library/UefiDevicePathLib/UefiDevicePathLib/OUTPUT/UefiDevicePathLib.lib(UefiDevicePathLib.obj)
                0x0000000000002e50                AppendDevicePathInstance
 .text.GetNextDevicePathInstance
                0x0000000000002e55        0x5 /home/hcj/UEFIWorkspace/Build/EmulatorX64/DEBUG_GCC48/X64/MdePkg/Library/UefiDevicePathLib/UefiDevicePathLib/OUTPUT/UefiDevicePathLib.lib(UefiDevicePathLib.obj)
                0x0000000000002e55                GetNextDevicePathInstance
 .text.InternalAllocatePool
                0x0000000000002e5a       0x30 /home/hcj/UEFIWorkspace/Build/EmulatorX64/DEBUG_GCC48/X64/MdePkg/Library/UefiMemoryAllocationLib/UefiMemoryAllocationLib/OUTPUT/UefiMemoryAllocationLib.lib(MemoryAllocationLib.obj)
                0x0000000000002e5a                InternalAllocatePool
 .text.AllocatePool
                0x0000000000002e8a       0x9e /home/hcj/UEFIWorkspace/Build/EmulatorX64/DEBUG_GCC48/X64/MdePkg/Library/UefiMemoryAllocationLib/UefiMemoryAllocationLib/OUTPUT/UefiMemoryAllocationLib.lib(MemoryAllocationLib.obj)
                0x0000000000002e8a                AllocatePool
 .text.InternalAllocateCopyPool
                0x0000000000002f28       0x8a /home/hcj/UEFIWorkspace/Build/EmulatorX64/DEBUG_GCC48/X64/MdePkg/Library/UefiMemoryAllocationLib/UefiMemoryAllocationLib/OUTPUT/UefiMemoryAllocationLib.lib(MemoryAllocationLib.obj)
                0x0000000000002f28                InternalAllocateCopyPool
 .text.AllocateCopyPool
                0x0000000000002fb2       0x9e /home/hcj/UEFIWorkspace/Build/EmulatorX64/DEBUG_GCC48/X64/MdePkg/Library/UefiMemoryAllocationLib/UefiMemoryAllocationLib/OUTPUT/UefiMemoryAllocationLib.lib(MemoryAllocationLib.obj)
                0x0000000000002fb2                AllocateCopyPool
 .text.FreePool
                0x0000000000003050       0x6e /home/hcj/UEFIWorkspace/Build/EmulatorX64/DEBUG_GCC48/X64/MdePkg/Library/UefiMemoryAllocationLib/UefiMemoryAllocationLib/OUTPUT/UefiMemoryAllocationLib.lib(MemoryAllocationLib.obj)
                0x0000000000003050                FreePool
 .text.UefiBootServicesTableLibConstructor
                0x00000000000030be       0xaa /home/hcj/UEFIWorkspace/Build/EmulatorX64/DEBUG_GCC48/X64/MdePkg/Library/UefiBootServicesTableLib/UefiBootServicesTableLib/OUTPUT/UefiBootServicesTableLib.lib(UefiBootServicesTableLib.obj)
                0x00000000000030be                UefiBootServicesTableLibConstructor
 .text.UefiRuntimeServicesTableLibConstructor
                0x0000000000003168       0x41 /home/hcj/UEFIWorkspace/Build/EmulatorX64/DEBUG_GCC48/X64/MdePkg/Library/UefiRuntimeServicesTableLib/UefiRuntimeServicesTableLib/OUTPUT/UefiRuntimeServicesTableLib.lib(UefiRuntimeServicesTableLib.obj)
                0x0000000000003168                UefiRuntimeServicesTableLibConstructor
 .text.EfiLibInstallDriverBindingComponentName2
                0x00000000000031a9      0x174 /home/hcj/UEFIWorkspace/Build/EmulatorX64/DEBUG_GCC48/X64/MdePkg/Library/UefiLib/UefiLib/OUTPUT/UefiLib.lib(UefiDriverModel.obj)
                0x00000000000031a9                EfiLibInstallDriverBindingComponentName2
 .text.UefiLibConstructor
                0x000000000000331d        0x3 /home/hcj/UEFIWorkspace/Build/EmulatorX64/DEBUG_GCC48/X64/MdePkg/Library/UefiLib/UefiLib/OUTPUT/UefiLib.lib(UefiLib.obj)
                0x000000000000331d                UefiLibConstructor
 .text.CompareIso639LanguageCode
                0x0000000000003320       0x27 /home/hcj/UEFIWorkspace/Build/EmulatorX64/DEBUG_GCC48/X64/MdePkg/Library/UefiLib/UefiLib/OUTPUT/UefiLib.lib(UefiLib.obj)
                0x0000000000003320                CompareIso639LanguageCode
 .text.EfiGetSystemConfigurationTable
                0x0000000000003347       0xb3 /home/hcj/UEFIWorkspace/Build/EmulatorX64/DEBUG_GCC48/X64/MdePkg/Library/UefiLib/UefiLib/OUTPUT/UefiLib.lib(UefiLib.obj)
                0x0000000000003347                EfiGetSystemConfigurationTable
 .text.IsLanguageSupported
                0x00000000000033fa       0x64 /home/hcj/UEFIWorkspace/Build/EmulatorX64/DEBUG_GCC48/X64/MdePkg/Library/UefiLib/UefiLib/OUTPUT/UefiLib.lib(UefiLib.obj)
                0x00000000000033fa                IsLanguageSupported
 .text.LookupUnicodeString2
                0x000000000000345e      0x16e /home/hcj/UEFIWorkspace/Build/EmulatorX64/DEBUG_GCC48/X64/MdePkg/Library/UefiLib/UefiLib/OUTPUT/UefiLib.lib(UefiLib.obj)
                0x000000000000345e                LookupUnicodeString2
 .text.UefiHiiServicesLibConstructor
                0x00000000000035cc      0x19a /home/hcj/UEFIWorkspace/Build/EmulatorX64/DEBUG_GCC48/X64/MdeModulePkg/Library/UefiHiiServicesLib/UefiHiiServicesLib/OUTPUT/UefiHiiServicesLib.lib(UefiHiiServicesLib.obj)
                0x00000000000035cc                UefiHiiServicesLibConstructor
 .text.GetHobList
                0x0000000000003766       0xba /home/hcj/UEFIWorkspace/Build/EmulatorX64/DEBUG_GCC48/X64/MdePkg/Library/DxeHobLib/DxeHobLib/OUTPUT/DxeHobLib.lib(HobLib.obj)
                0x0000000000003766                GetHobList
 .text.HobLibConstructor
                0x0000000000003820       0x10 /home/hcj/UEFIWorkspace/Build/EmulatorX64/DEBUG_GCC48/X64/MdePkg/Library/DxeHobLib/DxeHobLib/OUTPUT/DxeHobLib.lib(HobLib.obj)
                0x0000000000003820                HobLibConstructor
 .text.DxeServicesTableLibConstructor
                0x0000000000003830       0xa0 /home/hcj/UEFIWorkspace/Build/EmulatorX64/DEBUG_GCC48/X64/MdePkg/Library/DxeServicesTableLib/DxeServicesTableLib/OUTPUT/DxeServicesTableLib.lib(DxeServicesTableLib.obj)
                0x0000000000003830                DxeServicesTableLibConstructor
 .text._DriverUnloadHandler
                0x00000000000038d0       0x31 /home/hcj/UEFIWorkspace/Build/EmulatorX64/DEBUG_GCC48/X64/MdePkg/Library/UefiDriverEntryPoint/UefiDriverEntryPoint/OUTPUT/UefiDriverEntryPoint.lib(DriverEntryPoint.obj)
                0x00000000000038d0                _DriverUnloadHandler
 .text._ModuleEntryPoint
                0x0000000000003901       0xef /home/hcj/UEFIWorkspace/Build/EmulatorX64/DEBUG_GCC48/X64/MdePkg/Library/UefiDriverEntryPoint/UefiDriverEntryPoint/OUTPUT/UefiDriverEntryPoint.lib(DriverEntryPoint.obj)
                0x0000000000003901                _ModuleEntryPoint
 .text.EfiBootManagerGetGopDevicePath
                0x00000000000039f0      0x24c /home/hcj/UEFIWorkspace/Build/EmulatorX64/DEBUG_GCC48/X64/MdeModulePkg/Library/UefiBootManagerLib/UefiBootManagerLib/OUTPUT/UefiBootManagerLib.lib(BmConsole.obj)
                0x00000000000039f0                EfiBootManagerGetGopDevicePath
 *(.rodata .rodata.* .gnu.linkonce.r.*)
 .rodata.str1.1
                0x0000000000003c3c        0xb /home/hcj/UEFIWorkspace/Build/EmulatorX64/DEBUG_GCC48/X64/MdeModulePkg/Universal/Console/ConPlatformDxe/ConPlatformDxe/OUTPUT/ConPlatformDxe.lib(ComponentName.obj)
                                          0xe (size before relaxing)
 *fill*         0x0000000000003c47        0x1 
 .rodata.str2.2
                0x0000000000003c48       0x46 /home/hcj/UEFIWorkspace/Build/EmulatorX64/DEBUG_GCC48/X64/MdeModulePkg/Universal/Console/ConPlatformDxe/ConPlatformDxe/OUTPUT/ConPlatformDxe.lib(ComponentName.obj)
 .rodata.str1.1
                0x0000000000003c8e       0xa1 /home/hcj/UEFIWorkspace/Build/EmulatorX64/DEBUG_GCC48/X64/MdeModulePkg/Universal/Console/ConPlatformDxe/ConPlatformDxe/OUTPUT/ConPlatformDxe.lib(ConPlatform.obj)
 *fill*         0x0000000000003d2f        0x1 
 .rodata.str2.2
                0x0000000000003d30       0x62 /home/hcj/UEFIWorkspace/Build/EmulatorX64/DEBUG_GCC48/X64/MdeModulePkg/Universal/Console/ConPlatformDxe/ConPlatformDxe/OUTPUT/ConPlatformDxe.lib(ConPlatform.obj)
 .rodata.str1.1
                0x0000000000003d92       0x96 /home/hcj/UEFIWorkspace/Build/EmulatorX64/DEBUG_GCC48/X64/MdeModulePkg/Universal/Console/ConPlatformDxe/ConPlatformDxe/OUTPUT/ConPlatformDxe.lib(AutoGen.obj)
                                         0xde (size before relaxing)
 .rodata._gDriverUnloadImageCount
                0x0000000000003e28        0x1 /home/hcj/UEFIWorkspace/Build/EmulatorX64/DEBUG_GCC48/X64/MdeModulePkg/Universal/Console/ConPlatformDxe/ConPlatformDxe/OUTPUT/ConPlatformDxe.lib(AutoGen.obj)
                0x0000000000003e28                _gDriverUnloadImageCount
 *fill*         0x0000000000003e29        0x3 
 .rodata._gUefiDriverRevision
                0x0000000000003e2c        0x4 /home/hcj/UEFIWorkspace/Build/EmulatorX64/DEBUG_GCC48/X64/MdeModulePkg/Universal/Console/ConPlatformDxe/ConPlatformDxe/OUTPUT/ConPlatformDxe.lib(AutoGen.obj)
                0x0000000000003e2c                _gUefiDriverRevision
 .rodata._gPcd_FixedAtBuild_PcdComponentName2Disable
                0x0000000000003e30        0x1 /home/hcj/UEFIWorkspace/Build/EmulatorX64/DEBUG_GCC48/X64/MdeModulePkg/Universal/Console/ConPlatformDxe/ConPlatformDxe/OUTPUT/ConPlatformDxe.lib(AutoGen.obj)
                0x0000000000003e30                _gPcd_FixedAtBuild_PcdComponentName2Disable
 .rodata._gPcd_FixedAtBuild_PcdComponentNameDisable
                0x0000000000003e31        0x1 /home/hcj/UEFIWorkspace/Build/EmulatorX64/DEBUG_GCC48/X64/MdeModulePkg/Universal/Console/ConPlatformDxe/ConPlatformDxe/OUTPUT/ConPlatformDxe.lib(AutoGen.obj)
                0x0000000000003e31                _gPcd_FixedAtBuild_PcdComponentNameDisable
 *fill*         0x0000000000003e32        0x2 
 .rodata._gPcd_FixedAtBuild_PcdMaximumDevicePathNodeCount
                0x0000000000003e34        0x4 /home/hcj/UEFIWorkspace/Build/EmulatorX64/DEBUG_GCC48/X64/MdeModulePkg/Universal/Console/ConPlatformDxe/ConPlatformDxe/OUTPUT/ConPlatformDxe.lib(AutoGen.obj)
                0x0000000000003e34                _gPcd_FixedAtBuild_PcdMaximumDevicePathNodeCount
 .rodata._gPcd_FixedAtBuild_PcdFixedDebugPrintErrorLevel
                0x0000000000003e38        0x4 /home/hcj/UEFIWorkspace/Build/EmulatorX64/DEBUG_GCC48/X64/MdeModulePkg/Universal/Console/ConPlatformDxe/ConPlatformDxe/OUTPUT/ConPlatformDxe.lib(AutoGen.obj)
                0x0000000000003e38                _gPcd_FixedAtBuild_PcdFixedDebugPrintErrorLevel
 .rodata._gPcd_FixedAtBuild_PcdDebugPropertyMask
                0x0000000000003e3c        0x1 /home/hcj/UEFIWorkspace/Build/EmulatorX64/DEBUG_GCC48/X64/MdeModulePkg/Universal/Console/ConPlatformDxe/ConPlatformDxe/OUTPUT/ConPlatformDxe.lib(AutoGen.obj)
                0x0000000000003e3c                _gPcd_FixedAtBuild_PcdDebugPropertyMask
 *fill*         0x0000000000003e3d        0x3 
 .rodata._gPcd_FixedAtBuild_PcdMaximumUnicodeStringLength
                0x0000000000003e40        0x4 /home/hcj/UEFIWorkspace/Build/EmulatorX64/DEBUG_GCC48/X64/MdeModulePkg/Universal/Console/ConPlatformDxe/ConPlatformDxe/OUTPUT/ConPlatformDxe.lib(AutoGen.obj)
                0x0000000000003e40                _gPcd_FixedAtBuild_PcdMaximumUnicodeStringLength
 .rodata._gPcd_FixedAtBuild_PcdMaximumAsciiStringLength
                0x0000000000003e44        0x4 /home/hcj/UEFIWorkspace/Build/EmulatorX64/DEBUG_GCC48/X64/MdeModulePkg/Universal/Console/ConPlatformDxe/ConPlatformDxe/OUTPUT/ConPlatformDxe.lib(AutoGen.obj)
                0x0000000000003e44                _gPcd_FixedAtBuild_PcdMaximumAsciiStringLength
 .rodata._gPcd_FixedAtBuild_PcdReportStatusCodePropertyMask
                0x0000000000003e48        0x1 /home/hcj/UEFIWorkspace/Build/EmulatorX64/DEBUG_GCC48/X64/MdeModulePkg/Universal/Console/ConPlatformDxe/ConPlatformDxe/OUTPUT/ConPlatformDxe.lib(AutoGen.obj)
                0x0000000000003e48                _gPcd_FixedAtBuild_PcdReportStatusCodePropertyMask
 *fill*         0x0000000000003e49        0x3 
 .rodata._gPcd_FixedAtBuild_PcdDebugPrintErrorLevel
                0x0000000000003e4c        0x4 /home/hcj/UEFIWorkspace/Build/EmulatorX64/DEBUG_GCC48/X64/MdeModulePkg/Universal/Console/ConPlatformDxe/ConPlatformDxe/OUTPUT/ConPlatformDxe.lib(AutoGen.obj)
                0x0000000000003e4c                _gPcd_FixedAtBuild_PcdDebugPrintErrorLevel
 .rodata.str1.1
                0x0000000000003e50      0x1d9 /home/hcj/UEFIWorkspace/Build/EmulatorX64/DEBUG_GCC48/X64/MdeModulePkg/Library/DxeReportStatusCodeLib/DxeReportStatusCodeLib/OUTPUT/DxeReportStatusCodeLib.lib(ReportStatusCodeLib.obj)
                                        0x1ee (size before relaxing)
 .rodata.str1.1
                0x0000000000004029      0x61d /home/hcj/UEFIWorkspace/Build/EmulatorX64/DEBUG_GCC48/X64/MdePkg/Library/BaseLib/BaseLib/OUTPUT/BaseLib.lib(SafeString.obj)
 *fill*         0x0000000000004646        0x2 
 .rodata.__FUNCTION__.2954
                0x0000000000004648        0xe /home/hcj/UEFIWorkspace/Build/EmulatorX64/DEBUG_GCC48/X64/MdePkg/Library/BaseLib/BaseLib/OUTPUT/BaseLib.lib(SafeString.obj)
 .rodata.str1.1
                0x0000000000004656      0x247 /home/hcj/UEFIWorkspace/Build/EmulatorX64/DEBUG_GCC48/X64/MdePkg/Library/BaseLib/BaseLib/OUTPUT/BaseLib.lib(String.obj)
                                        0x29b (size before relaxing)
 .rodata.str1.1
                0x000000000000489d       0x40 /home/hcj/UEFIWorkspace/Build/EmulatorX64/DEBUG_GCC48/X64/MdePkg/Library/BaseLib/BaseLib/OUTPUT/BaseLib.lib(Unaligned.obj)
                                         0x57 (size before relaxing)
 .rodata.str1.1
                0x00000000000048dd       0x90 /home/hcj/UEFIWorkspace/Build/EmulatorX64/DEBUG_GCC48/X64/MdeModulePkg/Library/PeiDxeDebugLibReportStatusCode/PeiDxeDebugLibReportStatusCode/OUTPUT/PeiDxeDebugLibReportStatusCode.lib(DebugLib.obj)
                                         0xbe (size before relaxing)
 .rodata.str1.1
                0x000000000000496d      0x10e /home/hcj/UEFIWorkspace/Build/EmulatorX64/DEBUG_GCC48/X64/MdePkg/Library/BaseMemoryLib/BaseMemoryLib/OUTPUT/BaseMemoryLib.lib(CompareMemWrapper.obj)
 .rodata.str1.1
                0x0000000000004a7b       0x4b /home/hcj/UEFIWorkspace/Build/EmulatorX64/DEBUG_GCC48/X64/MdePkg/Library/BaseMemoryLib/BaseMemoryLib/OUTPUT/BaseMemoryLib.lib(CopyMemWrapper.obj)
                                         0xcc (size before relaxing)
 .rodata.str1.1
                0x0000000000004ac6       0xc5 /home/hcj/UEFIWorkspace/Build/EmulatorX64/DEBUG_GCC48/X64/MdePkg/Library/UefiDevicePathLib/UefiDevicePathLib/OUTPUT/UefiDevicePathLib.lib(DevicePathUtilities.obj)
 .rodata.str1.1
                0x0000000000004b8b       0xd8 /home/hcj/UEFIWorkspace/Build/EmulatorX64/DEBUG_GCC48/X64/MdePkg/Library/UefiMemoryAllocationLib/UefiMemoryAllocationLib/OUTPUT/UefiMemoryAllocationLib.lib(MemoryAllocationLib.obj)
                                        0x137 (size before relaxing)
 .rodata.str1.1
                0x0000000000004c63       0xa5 /home/hcj/UEFIWorkspace/Build/EmulatorX64/DEBUG_GCC48/X64/MdePkg/Library/UefiBootServicesTableLib/UefiBootServicesTableLib/OUTPUT/UefiBootServicesTableLib.lib(UefiBootServicesTableLib.obj)
 .rodata.str1.1
                0x0000000000004d08       0x7a /home/hcj/UEFIWorkspace/Build/EmulatorX64/DEBUG_GCC48/X64/MdePkg/Library/UefiRuntimeServicesTableLib/UefiRuntimeServicesTableLib/OUTPUT/UefiRuntimeServicesTableLib.lib(UefiRuntimeServicesTableLib.obj)
 .rodata.str1.1
                0x0000000000004d82       0x64 /home/hcj/UEFIWorkspace/Build/EmulatorX64/DEBUG_GCC48/X64/MdePkg/Library/UefiLib/UefiLib/OUTPUT/UefiLib.lib(UefiDriverModel.obj)
                                         0xac (size before relaxing)
 .rodata.str1.1
                0x0000000000004de6      0x1da /home/hcj/UEFIWorkspace/Build/EmulatorX64/DEBUG_GCC48/X64/MdePkg/Library/UefiLib/UefiLib/OUTPUT/UefiLib.lib(UefiLib.obj)
                                        0x237 (size before relaxing)
 .rodata.str1.1
                0x0000000000004fc0       0x5a /home/hcj/UEFIWorkspace/Build/EmulatorX64/DEBUG_GCC48/X64/MdeModulePkg/Library/UefiHiiServicesLib/UefiHiiServicesLib/OUTPUT/UefiHiiServicesLib.lib(UefiHiiServicesLib.obj)
                                         0xa2 (size before relaxing)
 .rodata.str1.1
                0x000000000000501a       0x83 /home/hcj/UEFIWorkspace/Build/EmulatorX64/DEBUG_GCC48/X64/MdePkg/Library/DxeHobLib/DxeHobLib/OUTPUT/DxeHobLib.lib(HobLib.obj)
                                         0xcb (size before relaxing)
 .rodata.str1.1
                0x000000000000509d       0x6a /home/hcj/UEFIWorkspace/Build/EmulatorX64/DEBUG_GCC48/X64/MdePkg/Library/DxeServicesTableLib/DxeServicesTableLib/OUTPUT/DxeServicesTableLib.lib(DxeServicesTableLib.obj)
                                         0xb2 (size before relaxing)
 .rodata.str1.1
                0x0000000000005107       0x54 /home/hcj/UEFIWorkspace/Build/EmulatorX64/DEBUG_GCC48/X64/MdePkg/Library/UefiDriverEntryPoint/UefiDriverEntryPoint/OUTPUT/UefiDriverEntryPoint.lib(DriverEntryPoint.obj)
                                         0x9c (size before relaxing)
 .rodata.str1.1
                0x000000000000515b      0x15c /home/hcj/UEFIWorkspace/Build/EmulatorX64/DEBUG_GCC48/X64/MdeModulePkg/Library/UefiBootManagerLib/UefiBootManagerLib/OUTPUT/UefiBootManagerLib.lib(BmConsole.obj)
 *(.got .got.*)
 .got           0x00000000000052b7        0x0 /home/hcj/UEFIWorkspace/Build/EmulatorX64/DEBUG_GCC48/X64/MdeModulePkg/Universal/Console/ConPlatformDxe/ConPlatformDxe/OUTPUT/ConPlatformDxe.lib(ComponentName.obj)
 .got.plt       0x00000000000052b7        0x0 /home/hcj/UEFIWorkspace/Build/EmulatorX64/DEBUG_GCC48/X64/MdeModulePkg/Universal/Console/ConPlatformDxe/ConPlatformDxe/OUTPUT/ConPlatformDxe.lib(ComponentName.obj)
 *:AutoGen.obj(.data.g*Guid)
 *fill*         0x00000000000052b7        0x9 
 .data.gEfiLoadedImageProtocolGuid
                0x00000000000052c0       0x10 /home/hcj/UEFIWorkspace/Build/EmulatorX64/DEBUG_GCC48/X64/MdeModulePkg/Universal/Console/ConPlatformDxe/ConPlatformDxe/OUTPUT/ConPlatformDxe.lib(AutoGen.obj)
                0x00000000000052c0                gEfiLoadedImageProtocolGuid
 .data.gEfiHiiConfigRoutingProtocolGuid
                0x00000000000052d0       0x10 /home/hcj/UEFIWorkspace/Build/EmulatorX64/DEBUG_GCC48/X64/MdeModulePkg/Universal/Console/ConPlatformDxe/ConPlatformDxe/OUTPUT/ConPlatformDxe.lib(AutoGen.obj)
                0x00000000000052d0                gEfiHiiConfigRoutingProtocolGuid
 .data.gEfiHiiDatabaseProtocolGuid
                0x00000000000052e0       0x10 /home/hcj/UEFIWorkspace/Build/EmulatorX64/DEBUG_GCC48/X64/MdeModulePkg/Universal/Console/ConPlatformDxe/ConPlatformDxe/OUTPUT/ConPlatformDxe.lib(AutoGen.obj)
                0x00000000000052e0                gEfiHiiDatabaseProtocolGuid
 .data.gEfiHiiImageProtocolGuid
                0x00000000000052f0       0x10 /home/hcj/UEFIWorkspace/Build/EmulatorX64/DEBUG_GCC48/X64/MdeModulePkg/Universal/Console/ConPlatformDxe/ConPlatformDxe/OUTPUT/ConPlatformDxe.lib(AutoGen.obj)
                0x00000000000052f0                gEfiHiiImageProtocolGuid
 .data.gEfiHiiStringProtocolGuid
                0x0000000000005300       0x10 /home/hcj/UEFIWorkspace/Build/EmulatorX64/DEBUG_GCC48/X64/MdeModulePkg/Universal/Console/ConPlatformDxe/ConPlatformDxe/OUTPUT/ConPlatformDxe.lib(AutoGen.obj)
                0x0000000000005300                gEfiHiiStringProtocolGuid
 .data.gEfiComponentName2ProtocolGuid
                0x0000000000005310       0x10 /home/hcj/UEFIWorkspace/Build/EmulatorX64/DEBUG_GCC48/X64/MdeModulePkg/Universal/Console/ConPlatformDxe/ConPlatformDxe/OUTPUT/ConPlatformDxe.lib(AutoGen.obj)
                0x0000000000005310                gEfiComponentName2ProtocolGuid
 .data.gEfiComponentNameProtocolGuid
                0x0000000000005320       0x10 /home/hcj/UEFIWorkspace/Build/EmulatorX64/DEBUG_GCC48/X64/MdeModulePkg/Universal/Console/ConPlatformDxe/ConPlatformDxe/OUTPUT/ConPlatformDxe.lib(AutoGen.obj)
                0x0000000000005320                gEfiComponentNameProtocolGuid
 .data.gEfiHiiFontProtocolGuid
                0x0000000000005330       0x10 /home/hcj/UEFIWorkspace/Build/EmulatorX64/DEBUG_GCC48/X64/MdeModulePkg/Universal/Console/ConPlatformDxe/ConPlatformDxe/OUTPUT/ConPlatformDxe.lib(AutoGen.obj)
                0x0000000000005330                gEfiHiiFontProtocolGuid
 .data.gEfiDriverBindingProtocolGuid
                0x0000000000005340       0x10 /home/hcj/UEFIWorkspace/Build/EmulatorX64/DEBUG_GCC48/X64/MdeModulePkg/Universal/Console/ConPlatformDxe/ConPlatformDxe/OUTPUT/ConPlatformDxe.lib(AutoGen.obj)
                0x0000000000005340                gEfiDriverBindingProtocolGuid
 .data.gEfiStatusCodeRuntimeProtocolGuid
                0x0000000000005350       0x10 /home/hcj/UEFIWorkspace/Build/EmulatorX64/DEBUG_GCC48/X64/MdeModulePkg/Universal/Console/ConPlatformDxe/ConPlatformDxe/OUTPUT/ConPlatformDxe.lib(AutoGen.obj)
                0x0000000000005350                gEfiStatusCodeRuntimeProtocolGuid
 .data.gEfiUsbIoProtocolGuid
                0x0000000000005360       0x10 /home/hcj/UEFIWorkspace/Build/EmulatorX64/DEBUG_GCC48/X64/MdeModulePkg/Universal/Console/ConPlatformDxe/ConPlatformDxe/OUTPUT/ConPlatformDxe.lib(AutoGen.obj)
                0x0000000000005360                gEfiUsbIoProtocolGuid
 .data.gEfiGraphicsOutputProtocolGuid
                0x0000000000005370       0x10 /home/hcj/UEFIWorkspace/Build/EmulatorX64/DEBUG_GCC48/X64/MdeModulePkg/Universal/Console/ConPlatformDxe/ConPlatformDxe/OUTPUT/ConPlatformDxe.lib(AutoGen.obj)
                0x0000000000005370                gEfiGraphicsOutputProtocolGuid
 .data.gEfiPciIoProtocolGuid
                0x0000000000005380       0x10 /home/hcj/UEFIWorkspace/Build/EmulatorX64/DEBUG_GCC48/X64/MdeModulePkg/Universal/Console/ConPlatformDxe/ConPlatformDxe/OUTPUT/ConPlatformDxe.lib(AutoGen.obj)
                0x0000000000005380                gEfiPciIoProtocolGuid
 .data.gEfiSimpleTextOutProtocolGuid
                0x0000000000005390       0x10 /home/hcj/UEFIWorkspace/Build/EmulatorX64/DEBUG_GCC48/X64/MdeModulePkg/Universal/Console/ConPlatformDxe/ConPlatformDxe/OUTPUT/ConPlatformDxe.lib(AutoGen.obj)
                0x0000000000005390                gEfiSimpleTextOutProtocolGuid
 .data.gEfiSimpleTextInProtocolGuid
                0x00000000000053a0       0x10 /home/hcj/UEFIWorkspace/Build/EmulatorX64/DEBUG_GCC48/X64/MdeModulePkg/Universal/Console/ConPlatformDxe/ConPlatformDxe/OUTPUT/ConPlatformDxe.lib(AutoGen.obj)
                0x00000000000053a0                gEfiSimpleTextInProtocolGuid
 .data.gEfiDevicePathProtocolGuid
                0x00000000000053b0       0x10 /home/hcj/UEFIWorkspace/Build/EmulatorX64/DEBUG_GCC48/X64/MdeModulePkg/Universal/Console/ConPlatformDxe/ConPlatformDxe/OUTPUT/ConPlatformDxe.lib(AutoGen.obj)
                0x00000000000053b0                gEfiDevicePathProtocolGuid
 .data.gEfiDxeServicesTableGuid
                0x00000000000053c0       0x10 /home/hcj/UEFIWorkspace/Build/EmulatorX64/DEBUG_GCC48/X64/MdeModulePkg/Universal/Console/ConPlatformDxe/ConPlatformDxe/OUTPUT/ConPlatformDxe.lib(AutoGen.obj)
                0x00000000000053c0                gEfiDxeServicesTableGuid
 .data.gEfiHobListGuid
                0x00000000000053d0       0x10 /home/hcj/UEFIWorkspace/Build/EmulatorX64/DEBUG_GCC48/X64/MdeModulePkg/Universal/Console/ConPlatformDxe/ConPlatformDxe/OUTPUT/ConPlatformDxe.lib(AutoGen.obj)
                0x00000000000053d0                gEfiHobListGuid
 .data.gEfiStatusCodeDataTypeDebugGuid
                0x00000000000053e0       0x10 /home/hcj/UEFIWorkspace/Build/EmulatorX64/DEBUG_GCC48/X64/MdeModulePkg/Universal/Console/ConPlatformDxe/ConPlatformDxe/OUTPUT/ConPlatformDxe.lib(AutoGen.obj)
                0x00000000000053e0                gEfiStatusCodeDataTypeDebugGuid
 .data.gEfiStatusCodeSpecificDataGuid
                0x00000000000053f0       0x10 /home/hcj/UEFIWorkspace/Build/EmulatorX64/DEBUG_GCC48/X64/MdeModulePkg/Universal/Console/ConPlatformDxe/ConPlatformDxe/OUTPUT/ConPlatformDxe.lib(AutoGen.obj)
                0x00000000000053f0                gEfiStatusCodeSpecificDataGuid
 .data.gEfiConsoleInDeviceGuid
                0x0000000000005400       0x10 /home/hcj/UEFIWorkspace/Build/EmulatorX64/DEBUG_GCC48/X64/MdeModulePkg/Universal/Console/ConPlatformDxe/ConPlatformDxe/OUTPUT/ConPlatformDxe.lib(AutoGen.obj)
                0x0000000000005400                gEfiConsoleInDeviceGuid
 .data.gEfiConsoleOutDeviceGuid
                0x0000000000005410       0x10 /home/hcj/UEFIWorkspace/Build/EmulatorX64/DEBUG_GCC48/X64/MdeModulePkg/Universal/Console/ConPlatformDxe/ConPlatformDxe/OUTPUT/ConPlatformDxe.lib(AutoGen.obj)
                0x0000000000005410                gEfiConsoleOutDeviceGuid
 .data.gEfiStandardErrorDeviceGuid
                0x0000000000005420       0x10 /home/hcj/UEFIWorkspace/Build/EmulatorX64/DEBUG_GCC48/X64/MdeModulePkg/Universal/Console/ConPlatformDxe/ConPlatformDxe/OUTPUT/ConPlatformDxe.lib(AutoGen.obj)
                0x0000000000005420                gEfiStandardErrorDeviceGuid
 .data.gEfiGlobalVariableGuid
                0x0000000000005430       0x10 /home/hcj/UEFIWorkspace/Build/EmulatorX64/DEBUG_GCC48/X64/MdeModulePkg/Universal/Console/ConPlatformDxe/ConPlatformDxe/OUTPUT/ConPlatformDxe.lib(AutoGen.obj)
                0x0000000000005430                gEfiGlobalVariableGuid
 .data.gEfiCallerIdGuid
                0x0000000000005440       0x10 /home/hcj/UEFIWorkspace/Build/EmulatorX64/DEBUG_GCC48/X64/MdeModulePkg/Universal/Console/ConPlatformDxe/ConPlatformDxe/OUTPUT/ConPlatformDxe.lib(AutoGen.obj)
                0x0000000000005440                gEfiCallerIdGuid

.plt            0x0000000000005450        0x0
 .plt           0x0000000000005450        0x0 /home/hcj/UEFIWorkspace/Build/EmulatorX64/DEBUG_GCC48/X64/MdeModulePkg/Universal/Console/ConPlatformDxe/ConPlatformDxe/OUTPUT/ConPlatformDxe.lib(ComponentName.obj)

.plt.got        0x0000000000005450        0x0
 .plt.got       0x0000000000005450        0x0 /home/hcj/UEFIWorkspace/Build/EmulatorX64/DEBUG_GCC48/X64/MdeModulePkg/Universal/Console/ConPlatformDxe/ConPlatformDxe/OUTPUT/ConPlatformDxe.lib(ComponentName.obj)

.data           0x0000000000005460      0x128
 *(.data .data.* .gnu.linkonce.d.*)
 .data.rel.local.mConPlatformDriverNameTable
                0x0000000000005460       0x20 /home/hcj/UEFIWorkspace/Build/EmulatorX64/DEBUG_GCC48/X64/MdeModulePkg/Universal/Console/ConPlatformDxe/ConPlatformDxe/OUTPUT/ConPlatformDxe.lib(ComponentName.obj)
                0x0000000000005460                mConPlatformDriverNameTable
 .data.rel.gConPlatformComponentName2
                0x0000000000005480       0x18 /home/hcj/UEFIWorkspace/Build/EmulatorX64/DEBUG_GCC48/X64/MdeModulePkg/Universal/Console/ConPlatformDxe/ConPlatformDxe/OUTPUT/ConPlatformDxe.lib(ComponentName.obj)
                0x0000000000005480                gConPlatformComponentName2
 *fill*         0x0000000000005498        0x8 
 .data.rel.gConPlatformComponentName
                0x00000000000054a0       0x18 /home/hcj/UEFIWorkspace/Build/EmulatorX64/DEBUG_GCC48/X64/MdeModulePkg/Universal/Console/ConPlatformDxe/ConPlatformDxe/OUTPUT/ConPlatformDxe.lib(ComponentName.obj)
                0x00000000000054a0                gConPlatformComponentName
 .data.rel.ro   0x00000000000054b8        0x0 /home/hcj/UEFIWorkspace/Build/EmulatorX64/DEBUG_GCC48/X64/MdeModulePkg/Universal/Console/ConPlatformDxe/ConPlatformDxe/OUTPUT/ConPlatformDxe.lib(ComponentName.obj)
 *fill*         0x00000000000054b8        0x8 
 .data.rel.gConPlatformTextOutDriverBinding
                0x00000000000054c0       0x30 /home/hcj/UEFIWorkspace/Build/EmulatorX64/DEBUG_GCC48/X64/MdeModulePkg/Universal/Console/ConPlatformDxe/ConPlatformDxe/OUTPUT/ConPlatformDxe.lib(ConPlatform.obj)
                0x00000000000054c0                gConPlatformTextOutDriverBinding
 .data.rel.gConPlatformTextInDriverBinding
                0x00000000000054f0       0x30 /home/hcj/UEFIWorkspace/Build/EmulatorX64/DEBUG_GCC48/X64/MdeModulePkg/Universal/Console/ConPlatformDxe/ConPlatformDxe/OUTPUT/ConPlatformDxe.lib(ConPlatform.obj)
                0x00000000000054f0                gConPlatformTextInDriverBinding
 .data.rel.local.gEfiCallerBaseName
                0x0000000000005520        0x8 /home/hcj/UEFIWorkspace/Build/EmulatorX64/DEBUG_GCC48/X64/MdeModulePkg/Universal/Console/ConPlatformDxe/ConPlatformDxe/OUTPUT/ConPlatformDxe.lib(AutoGen.obj)
                0x0000000000005520                gEfiCallerBaseName
 *(.bss .bss.*)
 .bss.mReportStatusCodeLibStatusCodeProtocol
                0x0000000000005528        0x8 /home/hcj/UEFIWorkspace/Build/EmulatorX64/DEBUG_GCC48/X64/MdeModulePkg/Library/DxeReportStatusCodeLib/DxeReportStatusCodeLib/OUTPUT/DxeReportStatusCodeLib.lib(ReportStatusCodeLib.obj)
                0x0000000000005528                mReportStatusCodeLibStatusCodeProtocol
 .bss.gBS       0x0000000000005530        0x8 /home/hcj/UEFIWorkspace/Build/EmulatorX64/DEBUG_GCC48/X64/MdePkg/Library/UefiBootServicesTableLib/UefiBootServicesTableLib/OUTPUT/UefiBootServicesTableLib.lib(UefiBootServicesTableLib.obj)
                0x0000000000005530                gBS
 .bss.gST       0x0000000000005538        0x8 /home/hcj/UEFIWorkspace/Build/EmulatorX64/DEBUG_GCC48/X64/MdePkg/Library/UefiBootServicesTableLib/UefiBootServicesTableLib/OUTPUT/UefiBootServicesTableLib.lib(UefiBootServicesTableLib.obj)
                0x0000000000005538                gST
 .bss.gImageHandle
                0x0000000000005540        0x8 /home/hcj/UEFIWorkspace/Build/EmulatorX64/DEBUG_GCC48/X64/MdePkg/Library/UefiBootServicesTableLib/UefiBootServicesTableLib/OUTPUT/UefiBootServicesTableLib.lib(UefiBootServicesTableLib.obj)
                0x0000000000005540                gImageHandle
 .bss.gRT       0x0000000000005548        0x8 /home/hcj/UEFIWorkspace/Build/EmulatorX64/DEBUG_GCC48/X64/MdePkg/Library/UefiRuntimeServicesTableLib/UefiRuntimeServicesTableLib/OUTPUT/UefiRuntimeServicesTableLib.lib(UefiRuntimeServicesTableLib.obj)
                0x0000000000005548                gRT
 .bss.gHiiConfigRouting
                0x0000000000005550        0x8 /home/hcj/UEFIWorkspace/Build/EmulatorX64/DEBUG_GCC48/X64/MdeModulePkg/Library/UefiHiiServicesLib/UefiHiiServicesLib/OUTPUT/UefiHiiServicesLib.lib(UefiHiiServicesLib.obj)
                0x0000000000005550                gHiiConfigRouting
 .bss.gHiiDatabase
                0x0000000000005558        0x8 /home/hcj/UEFIWorkspace/Build/EmulatorX64/DEBUG_GCC48/X64/MdeModulePkg/Library/UefiHiiServicesLib/UefiHiiServicesLib/OUTPUT/UefiHiiServicesLib.lib(UefiHiiServicesLib.obj)
                0x0000000000005558                gHiiDatabase
 .bss.gHiiImage
                0x0000000000005560        0x8 /home/hcj/UEFIWorkspace/Build/EmulatorX64/DEBUG_GCC48/X64/MdeModulePkg/Library/UefiHiiServicesLib/UefiHiiServicesLib/OUTPUT/UefiHiiServicesLib.lib(UefiHiiServicesLib.obj)
                0x0000000000005560                gHiiImage
 .bss.gHiiString
                0x0000000000005568        0x8 /home/hcj/UEFIWorkspace/Build/EmulatorX64/DEBUG_GCC48/X64/MdeModulePkg/Library/UefiHiiServicesLib/UefiHiiServicesLib/OUTPUT/UefiHiiServicesLib.lib(UefiHiiServicesLib.obj)
                0x0000000000005568                gHiiString
 .bss.gHiiFont  0x0000000000005570        0x8 /home/hcj/UEFIWorkspace/Build/EmulatorX64/DEBUG_GCC48/X64/MdeModulePkg/Library/UefiHiiServicesLib/UefiHiiServicesLib/OUTPUT/UefiHiiServicesLib.lib(UefiHiiServicesLib.obj)
                0x0000000000005570                gHiiFont
 .bss.mHobList  0x0000000000005578        0x8 /home/hcj/UEFIWorkspace/Build/EmulatorX64/DEBUG_GCC48/X64/MdePkg/Library/DxeHobLib/DxeHobLib/OUTPUT/DxeHobLib.lib(HobLib.obj)
                0x0000000000005578                mHobList
 .bss.gDS       0x0000000000005580        0x8 /home/hcj/UEFIWorkspace/Build/EmulatorX64/DEBUG_GCC48/X64/MdePkg/Library/DxeServicesTableLib/DxeServicesTableLib/OUTPUT/DxeServicesTableLib.lib(DxeServicesTableLib.obj)
                0x0000000000005580                gDS

.eh_frame       0x00000000000055a0        0x0
 *(.eh_frame)
 .eh_frame      0x00000000000055a0        0x0 /home/hcj/UEFIWorkspace/Build/EmulatorX64/DEBUG_GCC48/X64/MdeModulePkg/Universal/Console/ConPlatformDxe/ConPlatformDxe/OUTPUT/ConPlatformDxe.lib(ComponentName.obj)
 .eh_frame      0x00000000000055a0        0x0 /home/hcj/UEFIWorkspace/Build/EmulatorX64/DEBUG_GCC48/X64/MdeModulePkg/Universal/Console/ConPlatformDxe/ConPlatformDxe/OUTPUT/ConPlatformDxe.lib(ComponentName.obj)

.dynbss         0x00000000000055a0        0x0
 .dynbss        0x00000000000055a0        0x0 /home/hcj/UEFIWorkspace/Build/EmulatorX64/DEBUG_GCC48/X64/MdeModulePkg/Universal/Console/ConPlatformDxe/ConPlatformDxe/OUTPUT/ConPlatformDxe.lib(ComponentName.obj)

.gnu.version_d  0x00000000000055a0        0x0
 .gnu.version_d
                0x00000000000055a0        0x0 /home/hcj/UEFIWorkspace/Build/EmulatorX64/DEBUG_GCC48/X64/MdeModulePkg/Universal/Console/ConPlatformDxe/ConPlatformDxe/OUTPUT/ConPlatformDxe.lib(ComponentName.obj)

.gnu.version    0x00000000000055a0        0x0
 .gnu.version   0x00000000000055a0        0x0 /home/hcj/UEFIWorkspace/Build/EmulatorX64/DEBUG_GCC48/X64/MdeModulePkg/Universal/Console/ConPlatformDxe/ConPlatformDxe/OUTPUT/ConPlatformDxe.lib(ComponentName.obj)

.gnu.version_r  0x00000000000055a0        0x0
 .gnu.version_r
                0x00000000000055a0        0x0 /home/hcj/UEFIWorkspace/Build/EmulatorX64/DEBUG_GCC48/X64/MdeModulePkg/Universal/Console/ConPlatformDxe/ConPlatformDxe/OUTPUT/ConPlatformDxe.lib(ComponentName.obj)

.rela           0x00000000000055a0      0x168
 *(.rela .rela.*)
 .rela.plt      0x00000000000055a0        0x0 /home/hcj/UEFIWorkspace/Build/EmulatorX64/DEBUG_GCC48/X64/MdeModulePkg/Universal/Console/ConPlatformDxe/ConPlatformDxe/OUTPUT/ConPlatformDxe.lib(ComponentName.obj)
 .rela.got      0x00000000000055a0        0x0 /home/hcj/UEFIWorkspace/Build/EmulatorX64/DEBUG_GCC48/X64/MdeModulePkg/Universal/Console/ConPlatformDxe/ConPlatformDxe/OUTPUT/ConPlatformDxe.lib(ComponentName.obj)
 .rela.bss      0x00000000000055a0        0x0 /home/hcj/UEFIWorkspace/Build/EmulatorX64/DEBUG_GCC48/X64/MdeModulePkg/Universal/Console/ConPlatformDxe/ConPlatformDxe/OUTPUT/ConPlatformDxe.lib(ComponentName.obj)
 .rela.data.rel.ro
                0x00000000000055a0        0x0 /home/hcj/UEFIWorkspace/Build/EmulatorX64/DEBUG_GCC48/X64/MdeModulePkg/Universal/Console/ConPlatformDxe/ConPlatformDxe/OUTPUT/ConPlatformDxe.lib(ComponentName.obj)
 .rela.ifunc    0x00000000000055a0        0x0 /home/hcj/UEFIWorkspace/Build/EmulatorX64/DEBUG_GCC48/X64/MdeModulePkg/Universal/Console/ConPlatformDxe/ConPlatformDxe/OUTPUT/ConPlatformDxe.lib(ComponentName.obj)
 .rela.data.rel.local.mConPlatformDriverNameTable
                0x00000000000055a0       0x30 /home/hcj/UEFIWorkspace/Build/EmulatorX64/DEBUG_GCC48/X64/MdeModulePkg/Universal/Console/ConPlatformDxe/ConPlatformDxe/OUTPUT/ConPlatformDxe.lib(ComponentName.obj)
 .rela.data.rel.gConPlatformComponentName2
                0x00000000000055d0       0x48 /home/hcj/UEFIWorkspace/Build/EmulatorX64/DEBUG_GCC48/X64/MdeModulePkg/Universal/Console/ConPlatformDxe/ConPlatformDxe/OUTPUT/ConPlatformDxe.lib(ComponentName.obj)
 .rela.data.rel.gConPlatformComponentName
                0x0000000000005618       0x48 /home/hcj/UEFIWorkspace/Build/EmulatorX64/DEBUG_GCC48/X64/MdeModulePkg/Universal/Console/ConPlatformDxe/ConPlatformDxe/OUTPUT/ConPlatformDxe.lib(ComponentName.obj)
 .rela.data.rel.gConPlatformTextOutDriverBinding
                0x0000000000005660       0x48 /home/hcj/UEFIWorkspace/Build/EmulatorX64/DEBUG_GCC48/X64/MdeModulePkg/Universal/Console/ConPlatformDxe/ConPlatformDxe/OUTPUT/ConPlatformDxe.lib(ComponentName.obj)
 .rela.data.rel.gConPlatformTextInDriverBinding
                0x00000000000056a8       0x48 /home/hcj/UEFIWorkspace/Build/EmulatorX64/DEBUG_GCC48/X64/MdeModulePkg/Universal/Console/ConPlatformDxe/ConPlatformDxe/OUTPUT/ConPlatformDxe.lib(ComponentName.obj)
 .rela.data.rel.local.gEfiCallerBaseName
                0x00000000000056f0       0x18 /home/hcj/UEFIWorkspace/Build/EmulatorX64/DEBUG_GCC48/X64/MdeModulePkg/Universal/Console/ConPlatformDxe/ConPlatformDxe/OUTPUT/ConPlatformDxe.lib(ComponentName.obj)

.hii
 *(.hii)

.build-id       0x0000000000005708       0x24
 *(.note.gnu.build-id)
 .note.gnu.build-id
                0x0000000000005708       0x24 /home/hcj/UEFIWorkspace/Build/EmulatorX64/DEBUG_GCC48/X64/MdeModulePkg/Universal/Console/ConPlatformDxe/ConPlatformDxe/OUTPUT/ConPlatformDxe.lib(ComponentName.obj)

/DISCARD/
 *(.note.GNU-stack)
 *(.gnu_debuglink)
 *(.interp)
 *(.dynsym)
 *(.dynstr)
 *(.dynamic)
 *(.hash .gnu.hash)
 *(.comment)
OUTPUT(/home/hcj/UEFIWorkspace/Build/EmulatorX64/DEBUG_GCC48/X64/MdeModulePkg/Universal/Console/ConPlatformDxe/ConPlatformDxe/DEBUG/ConPlatformDxe.dll elf64-x86-64)

.debug_info     0x0000000000000000    0x290b4
 .debug_info    0x0000000000000000      0x3c5 /home/hcj/UEFIWorkspace/Build/EmulatorX64/DEBUG_GCC48/X64/MdeModulePkg/Universal/Console/ConPlatformDxe/ConPlatformDxe/OUTPUT/ConPlatformDxe.lib(ComponentName.obj)
 .debug_info    0x00000000000003c5     0x3a19 /home/hcj/UEFIWorkspace/Build/EmulatorX64/DEBUG_GCC48/X64/MdeModulePkg/Universal/Console/ConPlatformDxe/ConPlatformDxe/OUTPUT/ConPlatformDxe.lib(ConPlatform.obj)
 .debug_info    0x0000000000003dde     0x269f /home/hcj/UEFIWorkspace/Build/EmulatorX64/DEBUG_GCC48/X64/MdeModulePkg/Universal/Console/ConPlatformDxe/ConPlatformDxe/OUTPUT/ConPlatformDxe.lib(AutoGen.obj)
 .debug_info    0x000000000000647d       0xde /home/hcj/UEFIWorkspace/Build/EmulatorX64/DEBUG_GCC48/X64/MdePkg/Library/BaseDebugPrintErrorLevelLib/BaseDebugPrintErrorLevelLib/OUTPUT/BaseDebugPrintErrorLevelLib.lib(BaseDebugPrintErrorLevelLib.obj)
 .debug_info    0x000000000000655b     0x1b04 /home/hcj/UEFIWorkspace/Build/EmulatorX64/DEBUG_GCC48/X64/MdeModulePkg/Library/DxeReportStatusCodeLib/DxeReportStatusCodeLib/OUTPUT/DxeReportStatusCodeLib.lib(ReportStatusCodeLib.obj)
 .debug_info    0x000000000000805f       0xc8 /home/hcj/UEFIWorkspace/Build/EmulatorX64/DEBUG_GCC48/X64/MdePkg/Library/BaseLib/BaseLib/OUTPUT/BaseLib.lib(CpuDeadLoop.obj)
 .debug_info    0x0000000000008127     0x4f44 /home/hcj/UEFIWorkspace/Build/EmulatorX64/DEBUG_GCC48/X64/MdePkg/Library/BaseLib/BaseLib/OUTPUT/BaseLib.lib(SafeString.obj)
 .debug_info    0x000000000000d06b     0x14d5 /home/hcj/UEFIWorkspace/Build/EmulatorX64/DEBUG_GCC48/X64/MdePkg/Library/BaseLib/BaseLib/OUTPUT/BaseLib.lib(String.obj)
 .debug_info    0x000000000000e540      0x4f0 /home/hcj/UEFIWorkspace/Build/EmulatorX64/DEBUG_GCC48/X64/MdePkg/Library/BaseLib/BaseLib/OUTPUT/BaseLib.lib(Unaligned.obj)
 .debug_info    0x000000000000ea30      0x4d3 /home/hcj/UEFIWorkspace/Build/EmulatorX64/DEBUG_GCC48/X64/MdePkg/Library/BaseLib/BaseLib/OUTPUT/BaseLib.lib(GccInline.obj)
 .debug_info    0x000000000000ef03      0xb76 /home/hcj/UEFIWorkspace/Build/EmulatorX64/DEBUG_GCC48/X64/MdeModulePkg/Library/PeiDxeDebugLibReportStatusCode/PeiDxeDebugLibReportStatusCode/OUTPUT/PeiDxeDebugLibReportStatusCode.lib(DebugLib.obj)
 .debug_info    0x000000000000fa79      0x26f /home/hcj/UEFIWorkspace/Build/EmulatorX64/DEBUG_GCC48/X64/MdePkg/Library/BaseMemoryLib/BaseMemoryLib/OUTPUT/BaseMemoryLib.lib(CompareMemWrapper.obj)
 .debug_info    0x000000000000fce8      0x1dd /home/hcj/UEFIWorkspace/Build/EmulatorX64/DEBUG_GCC48/X64/MdePkg/Library/BaseMemoryLib/BaseMemoryLib/OUTPUT/BaseMemoryLib.lib(CopyMemWrapper.obj)
 .debug_info    0x000000000000fec5      0x486 /home/hcj/UEFIWorkspace/Build/EmulatorX64/DEBUG_GCC48/X64/MdePkg/Library/BaseMemoryLib/BaseMemoryLib/OUTPUT/BaseMemoryLib.lib(MemLibGeneric.obj)
 .debug_info    0x000000000001034b      0x4be /home/hcj/UEFIWorkspace/Build/EmulatorX64/DEBUG_GCC48/X64/MdePkg/Library/BaseMemoryLib/BaseMemoryLib/OUTPUT/BaseMemoryLib.lib(MemLibGuid.obj)
 .debug_info    0x0000000000010809      0x19b /home/hcj/UEFIWorkspace/Build/EmulatorX64/DEBUG_GCC48/X64/MdePkg/Library/BaseMemoryLib/BaseMemoryLib/OUTPUT/BaseMemoryLib.lib(CopyMem.obj)
 .debug_info    0x00000000000109a4     0x129e /home/hcj/UEFIWorkspace/Build/EmulatorX64/DEBUG_GCC48/X64/MdePkg/Library/UefiDevicePathLib/UefiDevicePathLib/OUTPUT/UefiDevicePathLib.lib(DevicePathUtilities.obj)
 .debug_info    0x0000000000011c42      0x69d /home/hcj/UEFIWorkspace/Build/EmulatorX64/DEBUG_GCC48/X64/MdePkg/Library/UefiDevicePathLib/UefiDevicePathLib/OUTPUT/UefiDevicePathLib.lib(UefiDevicePathLib.obj)
 .debug_info    0x00000000000122df     0x1e92 /home/hcj/UEFIWorkspace/Build/EmulatorX64/DEBUG_GCC48/X64/MdePkg/Library/UefiMemoryAllocationLib/UefiMemoryAllocationLib/OUTPUT/UefiMemoryAllocationLib.lib(MemoryAllocationLib.obj)
 .debug_info    0x0000000000014171     0x17c2 /home/hcj/UEFIWorkspace/Build/EmulatorX64/DEBUG_GCC48/X64/MdePkg/Library/UefiBootServicesTableLib/UefiBootServicesTableLib/OUTPUT/UefiBootServicesTableLib.lib(UefiBootServicesTableLib.obj)
 .debug_info    0x0000000000015933     0x171a /home/hcj/UEFIWorkspace/Build/EmulatorX64/DEBUG_GCC48/X64/MdePkg/Library/UefiRuntimeServicesTableLib/UefiRuntimeServicesTableLib/OUTPUT/UefiRuntimeServicesTableLib.lib(UefiRuntimeServicesTableLib.obj)
 .debug_info    0x000000000001704d     0x2b7b /home/hcj/UEFIWorkspace/Build/EmulatorX64/DEBUG_GCC48/X64/MdePkg/Library/UefiLib/UefiLib/OUTPUT/UefiLib.lib(UefiDriverModel.obj)
 .debug_info    0x0000000000019bc8     0x39cb /home/hcj/UEFIWorkspace/Build/EmulatorX64/DEBUG_GCC48/X64/MdePkg/Library/UefiLib/UefiLib/OUTPUT/UefiLib.lib(UefiLib.obj)
 .debug_info    0x000000000001d593     0x2936 /home/hcj/UEFIWorkspace/Build/EmulatorX64/DEBUG_GCC48/X64/MdeModulePkg/Library/UefiHiiServicesLib/UefiHiiServicesLib/OUTPUT/UefiHiiServicesLib.lib(UefiHiiServicesLib.obj)
 .debug_info    0x000000000001fec9     0x275e /home/hcj/UEFIWorkspace/Build/EmulatorX64/DEBUG_GCC48/X64/MdePkg/Library/DxeHobLib/DxeHobLib/OUTPUT/DxeHobLib.lib(HobLib.obj)
 .debug_info    0x0000000000022627     0x1d4d /home/hcj/UEFIWorkspace/Build/EmulatorX64/DEBUG_GCC48/X64/MdePkg/Library/DxeServicesTableLib/DxeServicesTableLib/OUTPUT/DxeServicesTableLib.lib(DxeServicesTableLib.obj)
 .debug_info    0x0000000000024374     0x1a9c /home/hcj/UEFIWorkspace/Build/EmulatorX64/DEBUG_GCC48/X64/MdePkg/Library/UefiDriverEntryPoint/UefiDriverEntryPoint/OUTPUT/UefiDriverEntryPoint.lib(DriverEntryPoint.obj)
 .debug_info    0x0000000000025e10     0x32a4 /home/hcj/UEFIWorkspace/Build/EmulatorX64/DEBUG_GCC48/X64/MdeModulePkg/Library/UefiBootManagerLib/UefiBootManagerLib/OUTPUT/UefiBootManagerLib.lib(BmConsole.obj)

.debug_abbrev   0x0000000000000000     0x39d8
 .debug_abbrev  0x0000000000000000      0x11f /home/hcj/UEFIWorkspace/Build/EmulatorX64/DEBUG_GCC48/X64/MdeModulePkg/Universal/Console/ConPlatformDxe/ConPlatformDxe/OUTPUT/ConPlatformDxe.lib(ComponentName.obj)
 .debug_abbrev  0x000000000000011f      0x3b5 /home/hcj/UEFIWorkspace/Build/EmulatorX64/DEBUG_GCC48/X64/MdeModulePkg/Universal/Console/ConPlatformDxe/ConPlatformDxe/OUTPUT/ConPlatformDxe.lib(ConPlatform.obj)
 .debug_abbrev  0x00000000000004d4      0x2c1 /home/hcj/UEFIWorkspace/Build/EmulatorX64/DEBUG_GCC48/X64/MdeModulePkg/Universal/Console/ConPlatformDxe/ConPlatformDxe/OUTPUT/ConPlatformDxe.lib(AutoGen.obj)
 .debug_abbrev  0x0000000000000795       0x92 /home/hcj/UEFIWorkspace/Build/EmulatorX64/DEBUG_GCC48/X64/MdePkg/Library/BaseDebugPrintErrorLevelLib/BaseDebugPrintErrorLevelLib/OUTPUT/BaseDebugPrintErrorLevelLib.lib(BaseDebugPrintErrorLevelLib.obj)
 .debug_abbrev  0x0000000000000827      0x395 /home/hcj/UEFIWorkspace/Build/EmulatorX64/DEBUG_GCC48/X64/MdeModulePkg/Library/DxeReportStatusCodeLib/DxeReportStatusCodeLib/OUTPUT/DxeReportStatusCodeLib.lib(ReportStatusCodeLib.obj)
 .debug_abbrev  0x0000000000000bbc       0x81 /home/hcj/UEFIWorkspace/Build/EmulatorX64/DEBUG_GCC48/X64/MdePkg/Library/BaseLib/BaseLib/OUTPUT/BaseLib.lib(CpuDeadLoop.obj)
 .debug_abbrev  0x0000000000000c3d      0x2b8 /home/hcj/UEFIWorkspace/Build/EmulatorX64/DEBUG_GCC48/X64/MdePkg/Library/BaseLib/BaseLib/OUTPUT/BaseLib.lib(SafeString.obj)
 .debug_abbrev  0x0000000000000ef5      0x211 /home/hcj/UEFIWorkspace/Build/EmulatorX64/DEBUG_GCC48/X64/MdePkg/Library/BaseLib/BaseLib/OUTPUT/BaseLib.lib(String.obj)
 .debug_abbrev  0x0000000000001106       0xdf /home/hcj/UEFIWorkspace/Build/EmulatorX64/DEBUG_GCC48/X64/MdePkg/Library/BaseLib/BaseLib/OUTPUT/BaseLib.lib(Unaligned.obj)
 .debug_abbrev  0x00000000000011e5      0x169 /home/hcj/UEFIWorkspace/Build/EmulatorX64/DEBUG_GCC48/X64/MdePkg/Library/BaseLib/BaseLib/OUTPUT/BaseLib.lib(GccInline.obj)
 .debug_abbrev  0x000000000000134e      0x2ba /home/hcj/UEFIWorkspace/Build/EmulatorX64/DEBUG_GCC48/X64/MdeModulePkg/Library/PeiDxeDebugLibReportStatusCode/PeiDxeDebugLibReportStatusCode/OUTPUT/PeiDxeDebugLibReportStatusCode.lib(DebugLib.obj)
 .debug_abbrev  0x0000000000001608       0xe7 /home/hcj/UEFIWorkspace/Build/EmulatorX64/DEBUG_GCC48/X64/MdePkg/Library/BaseMemoryLib/BaseMemoryLib/OUTPUT/BaseMemoryLib.lib(CompareMemWrapper.obj)
 .debug_abbrev  0x00000000000016ef       0xee /home/hcj/UEFIWorkspace/Build/EmulatorX64/DEBUG_GCC48/X64/MdePkg/Library/BaseMemoryLib/BaseMemoryLib/OUTPUT/BaseMemoryLib.lib(CopyMemWrapper.obj)
 .debug_abbrev  0x00000000000017dd      0x126 /home/hcj/UEFIWorkspace/Build/EmulatorX64/DEBUG_GCC48/X64/MdePkg/Library/BaseMemoryLib/BaseMemoryLib/OUTPUT/BaseMemoryLib.lib(MemLibGeneric.obj)
 .debug_abbrev  0x0000000000001903      0x12a /home/hcj/UEFIWorkspace/Build/EmulatorX64/DEBUG_GCC48/X64/MdePkg/Library/BaseMemoryLib/BaseMemoryLib/OUTPUT/BaseMemoryLib.lib(MemLibGuid.obj)
 .debug_abbrev  0x0000000000001a2d       0x92 /home/hcj/UEFIWorkspace/Build/EmulatorX64/DEBUG_GCC48/X64/MdePkg/Library/BaseMemoryLib/BaseMemoryLib/OUTPUT/BaseMemoryLib.lib(CopyMem.obj)
 .debug_abbrev  0x0000000000001abf      0x291 /home/hcj/UEFIWorkspace/Build/EmulatorX64/DEBUG_GCC48/X64/MdePkg/Library/UefiDevicePathLib/UefiDevicePathLib/OUTPUT/UefiDevicePathLib.lib(DevicePathUtilities.obj)
 .debug_abbrev  0x0000000000001d50      0x127 /home/hcj/UEFIWorkspace/Build/EmulatorX64/DEBUG_GCC48/X64/MdePkg/Library/UefiDevicePathLib/UefiDevicePathLib/OUTPUT/UefiDevicePathLib.lib(UefiDevicePathLib.obj)
 .debug_abbrev  0x0000000000001e77      0x2b4 /home/hcj/UEFIWorkspace/Build/EmulatorX64/DEBUG_GCC48/X64/MdePkg/Library/UefiMemoryAllocationLib/UefiMemoryAllocationLib/OUTPUT/UefiMemoryAllocationLib.lib(MemoryAllocationLib.obj)
 .debug_abbrev  0x000000000000212b      0x1e5 /home/hcj/UEFIWorkspace/Build/EmulatorX64/DEBUG_GCC48/X64/MdePkg/Library/UefiBootServicesTableLib/UefiBootServicesTableLib/OUTPUT/UefiBootServicesTableLib.lib(UefiBootServicesTableLib.obj)
 .debug_abbrev  0x0000000000002310      0x1c7 /home/hcj/UEFIWorkspace/Build/EmulatorX64/DEBUG_GCC48/X64/MdePkg/Library/UefiRuntimeServicesTableLib/UefiRuntimeServicesTableLib/OUTPUT/UefiRuntimeServicesTableLib.lib(UefiRuntimeServicesTableLib.obj)
 .debug_abbrev  0x00000000000024d7      0x299 /home/hcj/UEFIWorkspace/Build/EmulatorX64/DEBUG_GCC48/X64/MdePkg/Library/UefiLib/UefiLib/OUTPUT/UefiLib.lib(UefiDriverModel.obj)
 .debug_abbrev  0x0000000000002770      0x3a9 /home/hcj/UEFIWorkspace/Build/EmulatorX64/DEBUG_GCC48/X64/MdePkg/Library/UefiLib/UefiLib/OUTPUT/UefiLib.lib(UefiLib.obj)
 .debug_abbrev  0x0000000000002b19      0x290 /home/hcj/UEFIWorkspace/Build/EmulatorX64/DEBUG_GCC48/X64/MdeModulePkg/Library/UefiHiiServicesLib/UefiHiiServicesLib/OUTPUT/UefiHiiServicesLib.lib(UefiHiiServicesLib.obj)
 .debug_abbrev  0x0000000000002da9      0x2e0 /home/hcj/UEFIWorkspace/Build/EmulatorX64/DEBUG_GCC48/X64/MdePkg/Library/DxeHobLib/DxeHobLib/OUTPUT/DxeHobLib.lib(HobLib.obj)
 .debug_abbrev  0x0000000000003089      0x254 /home/hcj/UEFIWorkspace/Build/EmulatorX64/DEBUG_GCC48/X64/MdePkg/Library/DxeServicesTableLib/DxeServicesTableLib/OUTPUT/DxeServicesTableLib.lib(DxeServicesTableLib.obj)
 .debug_abbrev  0x00000000000032dd      0x2e3 /home/hcj/UEFIWorkspace/Build/EmulatorX64/DEBUG_GCC48/X64/MdePkg/Library/UefiDriverEntryPoint/UefiDriverEntryPoint/OUTPUT/UefiDriverEntryPoint.lib(DriverEntryPoint.obj)
 .debug_abbrev  0x00000000000035c0      0x418 /home/hcj/UEFIWorkspace/Build/EmulatorX64/DEBUG_GCC48/X64/MdeModulePkg/Library/UefiBootManagerLib/UefiBootManagerLib/OUTPUT/UefiBootManagerLib.lib(BmConsole.obj)

.debug_loc      0x0000000000000000    0x11bf9
 .debug_loc     0x0000000000000000       0xd1 /home/hcj/UEFIWorkspace/Build/EmulatorX64/DEBUG_GCC48/X64/MdeModulePkg/Universal/Console/ConPlatformDxe/ConPlatformDxe/OUTPUT/ConPlatformDxe.lib(ComponentName.obj)
 .debug_loc     0x00000000000000d1     0x1893 /home/hcj/UEFIWorkspace/Build/EmulatorX64/DEBUG_GCC48/X64/MdeModulePkg/Universal/Console/ConPlatformDxe/ConPlatformDxe/OUTPUT/ConPlatformDxe.lib(ConPlatform.obj)
 .debug_loc     0x0000000000001964      0x286 /home/hcj/UEFIWorkspace/Build/EmulatorX64/DEBUG_GCC48/X64/MdeModulePkg/Universal/Console/ConPlatformDxe/ConPlatformDxe/OUTPUT/ConPlatformDxe.lib(AutoGen.obj)
 .debug_loc     0x0000000000001bea      0xaba /home/hcj/UEFIWorkspace/Build/EmulatorX64/DEBUG_GCC48/X64/MdeModulePkg/Library/DxeReportStatusCodeLib/DxeReportStatusCodeLib/OUTPUT/DxeReportStatusCodeLib.lib(ReportStatusCodeLib.obj)
 .debug_loc     0x00000000000026a4     0x3eb2 /home/hcj/UEFIWorkspace/Build/EmulatorX64/DEBUG_GCC48/X64/MdePkg/Library/BaseLib/BaseLib/OUTPUT/BaseLib.lib(SafeString.obj)
 .debug_loc     0x0000000000006556     0x15e1 /home/hcj/UEFIWorkspace/Build/EmulatorX64/DEBUG_GCC48/X64/MdePkg/Library/BaseLib/BaseLib/OUTPUT/BaseLib.lib(String.obj)
 .debug_loc     0x0000000000007b37      0x374 /home/hcj/UEFIWorkspace/Build/EmulatorX64/DEBUG_GCC48/X64/MdePkg/Library/BaseLib/BaseLib/OUTPUT/BaseLib.lib(Unaligned.obj)
 .debug_loc     0x0000000000007eab       0x46 /home/hcj/UEFIWorkspace/Build/EmulatorX64/DEBUG_GCC48/X64/MdePkg/Library/BaseLib/BaseLib/OUTPUT/BaseLib.lib(GccInline.obj)
 .debug_loc     0x0000000000007ef1      0xa2d /home/hcj/UEFIWorkspace/Build/EmulatorX64/DEBUG_GCC48/X64/MdeModulePkg/Library/PeiDxeDebugLibReportStatusCode/PeiDxeDebugLibReportStatusCode/OUTPUT/PeiDxeDebugLibReportStatusCode.lib(DebugLib.obj)
 .debug_loc     0x000000000000891e      0x169 /home/hcj/UEFIWorkspace/Build/EmulatorX64/DEBUG_GCC48/X64/MdePkg/Library/BaseMemoryLib/BaseMemoryLib/OUTPUT/BaseMemoryLib.lib(CompareMemWrapper.obj)
 .debug_loc     0x0000000000008a87      0x16c /home/hcj/UEFIWorkspace/Build/EmulatorX64/DEBUG_GCC48/X64/MdePkg/Library/BaseMemoryLib/BaseMemoryLib/OUTPUT/BaseMemoryLib.lib(CopyMemWrapper.obj)
 .debug_loc     0x0000000000008bf3      0x578 /home/hcj/UEFIWorkspace/Build/EmulatorX64/DEBUG_GCC48/X64/MdePkg/Library/BaseMemoryLib/BaseMemoryLib/OUTPUT/BaseMemoryLib.lib(MemLibGeneric.obj)
 .debug_loc     0x000000000000916b      0x3b8 /home/hcj/UEFIWorkspace/Build/EmulatorX64/DEBUG_GCC48/X64/MdePkg/Library/BaseMemoryLib/BaseMemoryLib/OUTPUT/BaseMemoryLib.lib(MemLibGuid.obj)
 .debug_loc     0x0000000000009523      0xbd7 /home/hcj/UEFIWorkspace/Build/EmulatorX64/DEBUG_GCC48/X64/MdePkg/Library/BaseMemoryLib/BaseMemoryLib/OUTPUT/BaseMemoryLib.lib(CopyMem.obj)
 .debug_loc     0x000000000000a0fa     0x1273 /home/hcj/UEFIWorkspace/Build/EmulatorX64/DEBUG_GCC48/X64/MdePkg/Library/UefiDevicePathLib/UefiDevicePathLib/OUTPUT/UefiDevicePathLib.lib(DevicePathUtilities.obj)
 .debug_loc     0x000000000000b36d      0x4e6 /home/hcj/UEFIWorkspace/Build/EmulatorX64/DEBUG_GCC48/X64/MdePkg/Library/UefiDevicePathLib/UefiDevicePathLib/OUTPUT/UefiDevicePathLib.lib(UefiDevicePathLib.obj)
 .debug_loc     0x000000000000b853     0x12c6 /home/hcj/UEFIWorkspace/Build/EmulatorX64/DEBUG_GCC48/X64/MdePkg/Library/UefiMemoryAllocationLib/UefiMemoryAllocationLib/OUTPUT/UefiMemoryAllocationLib.lib(MemoryAllocationLib.obj)
 .debug_loc     0x000000000000cb19       0x85 /home/hcj/UEFIWorkspace/Build/EmulatorX64/DEBUG_GCC48/X64/MdePkg/Library/UefiBootServicesTableLib/UefiBootServicesTableLib/OUTPUT/UefiBootServicesTableLib.lib(UefiBootServicesTableLib.obj)
 .debug_loc     0x000000000000cb9e       0x72 /home/hcj/UEFIWorkspace/Build/EmulatorX64/DEBUG_GCC48/X64/MdePkg/Library/UefiRuntimeServicesTableLib/UefiRuntimeServicesTableLib/OUTPUT/UefiRuntimeServicesTableLib.lib(UefiRuntimeServicesTableLib.obj)
 .debug_loc     0x000000000000cc10     0x12ee /home/hcj/UEFIWorkspace/Build/EmulatorX64/DEBUG_GCC48/X64/MdePkg/Library/UefiLib/UefiLib/OUTPUT/UefiLib.lib(UefiDriverModel.obj)
 .debug_loc     0x000000000000defe     0x2099 /home/hcj/UEFIWorkspace/Build/EmulatorX64/DEBUG_GCC48/X64/MdePkg/Library/UefiLib/UefiLib/OUTPUT/UefiLib.lib(UefiLib.obj)
 .debug_loc     0x000000000000ff97       0xf4 /home/hcj/UEFIWorkspace/Build/EmulatorX64/DEBUG_GCC48/X64/MdeModulePkg/Library/UefiHiiServicesLib/UefiHiiServicesLib/OUTPUT/UefiHiiServicesLib.lib(UefiHiiServicesLib.obj)
 .debug_loc     0x000000000001008b      0xc15 /home/hcj/UEFIWorkspace/Build/EmulatorX64/DEBUG_GCC48/X64/MdePkg/Library/DxeHobLib/DxeHobLib/OUTPUT/DxeHobLib.lib(HobLib.obj)
 .debug_loc     0x0000000000010ca0       0xbb /home/hcj/UEFIWorkspace/Build/EmulatorX64/DEBUG_GCC48/X64/MdePkg/Library/DxeServicesTableLib/DxeServicesTableLib/OUTPUT/DxeServicesTableLib.lib(DxeServicesTableLib.obj)
 .debug_loc     0x0000000000010d5b      0x20d /home/hcj/UEFIWorkspace/Build/EmulatorX64/DEBUG_GCC48/X64/MdePkg/Library/UefiDriverEntryPoint/UefiDriverEntryPoint/OUTPUT/UefiDriverEntryPoint.lib(DriverEntryPoint.obj)
 .debug_loc     0x0000000000010f68      0xc91 /home/hcj/UEFIWorkspace/Build/EmulatorX64/DEBUG_GCC48/X64/MdeModulePkg/Library/UefiBootManagerLib/UefiBootManagerLib/OUTPUT/UefiBootManagerLib.lib(BmConsole.obj)

.debug_aranges  0x0000000000000000     0x15d0
 .debug_aranges
                0x0000000000000000       0x40 /home/hcj/UEFIWorkspace/Build/EmulatorX64/DEBUG_GCC48/X64/MdeModulePkg/Universal/Console/ConPlatformDxe/ConPlatformDxe/OUTPUT/ConPlatformDxe.lib(ComponentName.obj)
 .debug_aranges
                0x0000000000000040      0x130 /home/hcj/UEFIWorkspace/Build/EmulatorX64/DEBUG_GCC48/X64/MdeModulePkg/Universal/Console/ConPlatformDxe/ConPlatformDxe/OUTPUT/ConPlatformDxe.lib(ConPlatform.obj)
 .debug_aranges
                0x0000000000000170       0x70 /home/hcj/UEFIWorkspace/Build/EmulatorX64/DEBUG_GCC48/X64/MdeModulePkg/Universal/Console/ConPlatformDxe/ConPlatformDxe/OUTPUT/ConPlatformDxe.lib(AutoGen.obj)
 .debug_aranges
                0x00000000000001e0       0x40 /home/hcj/UEFIWorkspace/Build/EmulatorX64/DEBUG_GCC48/X64/MdePkg/Library/BaseDebugPrintErrorLevelLib/BaseDebugPrintErrorLevelLib/OUTPUT/BaseDebugPrintErrorLevelLib.lib(BaseDebugPrintErrorLevelLib.obj)
 .debug_aranges
                0x0000000000000220       0xe0 /home/hcj/UEFIWorkspace/Build/EmulatorX64/DEBUG_GCC48/X64/MdeModulePkg/Library/DxeReportStatusCodeLib/DxeReportStatusCodeLib/OUTPUT/DxeReportStatusCodeLib.lib(ReportStatusCodeLib.obj)
 .debug_aranges
                0x0000000000000300       0x30 /home/hcj/UEFIWorkspace/Build/EmulatorX64/DEBUG_GCC48/X64/MdePkg/Library/BaseLib/BaseLib/OUTPUT/BaseLib.lib(CpuDeadLoop.obj)
 .debug_aranges
                0x0000000000000330      0x250 /home/hcj/UEFIWorkspace/Build/EmulatorX64/DEBUG_GCC48/X64/MdePkg/Library/BaseLib/BaseLib/OUTPUT/BaseLib.lib(SafeString.obj)
 .debug_aranges
                0x0000000000000580      0x210 /home/hcj/UEFIWorkspace/Build/EmulatorX64/DEBUG_GCC48/X64/MdePkg/Library/BaseLib/BaseLib/OUTPUT/BaseLib.lib(String.obj)
 .debug_aranges
                0x0000000000000790       0xa0 /home/hcj/UEFIWorkspace/Build/EmulatorX64/DEBUG_GCC48/X64/MdePkg/Library/BaseLib/BaseLib/OUTPUT/BaseLib.lib(Unaligned.obj)
 .debug_aranges
                0x0000000000000830      0x190 /home/hcj/UEFIWorkspace/Build/EmulatorX64/DEBUG_GCC48/X64/MdePkg/Library/BaseLib/BaseLib/OUTPUT/BaseLib.lib(GccInline.obj)
 .debug_aranges
                0x00000000000009c0       0xd0 /home/hcj/UEFIWorkspace/Build/EmulatorX64/DEBUG_GCC48/X64/MdeModulePkg/Library/PeiDxeDebugLibReportStatusCode/PeiDxeDebugLibReportStatusCode/OUTPUT/PeiDxeDebugLibReportStatusCode.lib(DebugLib.obj)
 .debug_aranges
                0x0000000000000a90       0x30 /home/hcj/UEFIWorkspace/Build/EmulatorX64/DEBUG_GCC48/X64/MdePkg/Library/BaseMemoryLib/BaseMemoryLib/OUTPUT/BaseMemoryLib.lib(CompareMemWrapper.obj)
 .debug_aranges
                0x0000000000000ac0       0x30 /home/hcj/UEFIWorkspace/Build/EmulatorX64/DEBUG_GCC48/X64/MdePkg/Library/BaseMemoryLib/BaseMemoryLib/OUTPUT/BaseMemoryLib.lib(CopyMemWrapper.obj)
 .debug_aranges
                0x0000000000000af0       0xc0 /home/hcj/UEFIWorkspace/Build/EmulatorX64/DEBUG_GCC48/X64/MdePkg/Library/BaseMemoryLib/BaseMemoryLib/OUTPUT/BaseMemoryLib.lib(MemLibGeneric.obj)
 .debug_aranges
                0x0000000000000bb0       0x60 /home/hcj/UEFIWorkspace/Build/EmulatorX64/DEBUG_GCC48/X64/MdePkg/Library/BaseMemoryLib/BaseMemoryLib/OUTPUT/BaseMemoryLib.lib(MemLibGuid.obj)
 .debug_aranges
                0x0000000000000c10       0x30 /home/hcj/UEFIWorkspace/Build/EmulatorX64/DEBUG_GCC48/X64/MdePkg/Library/BaseMemoryLib/BaseMemoryLib/OUTPUT/BaseMemoryLib.lib(CopyMem.obj)
 .debug_aranges
                0x0000000000000c40      0x150 /home/hcj/UEFIWorkspace/Build/EmulatorX64/DEBUG_GCC48/X64/MdePkg/Library/UefiDevicePathLib/UefiDevicePathLib/OUTPUT/UefiDevicePathLib.lib(DevicePathUtilities.obj)
 .debug_aranges
                0x0000000000000d90       0xe0 /home/hcj/UEFIWorkspace/Build/EmulatorX64/DEBUG_GCC48/X64/MdePkg/Library/UefiDevicePathLib/UefiDevicePathLib/OUTPUT/UefiDevicePathLib.lib(UefiDevicePathLib.obj)
 .debug_aranges
                0x0000000000000e70      0x1d0 /home/hcj/UEFIWorkspace/Build/EmulatorX64/DEBUG_GCC48/X64/MdePkg/Library/UefiMemoryAllocationLib/UefiMemoryAllocationLib/OUTPUT/UefiMemoryAllocationLib.lib(MemoryAllocationLib.obj)
 .debug_aranges
                0x0000000000001040       0x30 /home/hcj/UEFIWorkspace/Build/EmulatorX64/DEBUG_GCC48/X64/MdePkg/Library/UefiBootServicesTableLib/UefiBootServicesTableLib/OUTPUT/UefiBootServicesTableLib.lib(UefiBootServicesTableLib.obj)
 .debug_aranges
                0x0000000000001070       0x30 /home/hcj/UEFIWorkspace/Build/EmulatorX64/DEBUG_GCC48/X64/MdePkg/Library/UefiRuntimeServicesTableLib/UefiRuntimeServicesTableLib/OUTPUT/UefiRuntimeServicesTableLib.lib(UefiRuntimeServicesTableLib.obj)
 .debug_aranges
                0x00000000000010a0       0xa0 /home/hcj/UEFIWorkspace/Build/EmulatorX64/DEBUG_GCC48/X64/MdePkg/Library/UefiLib/UefiLib/OUTPUT/UefiLib.lib(UefiDriverModel.obj)
 .debug_aranges
                0x0000000000001140      0x1d0 /home/hcj/UEFIWorkspace/Build/EmulatorX64/DEBUG_GCC48/X64/MdePkg/Library/UefiLib/UefiLib/OUTPUT/UefiLib.lib(UefiLib.obj)
 .debug_aranges
                0x0000000000001310       0x30 /home/hcj/UEFIWorkspace/Build/EmulatorX64/DEBUG_GCC48/X64/MdeModulePkg/Library/UefiHiiServicesLib/UefiHiiServicesLib/OUTPUT/UefiHiiServicesLib.lib(UefiHiiServicesLib.obj)
 .debug_aranges
                0x0000000000001340      0x160 /home/hcj/UEFIWorkspace/Build/EmulatorX64/DEBUG_GCC48/X64/MdePkg/Library/DxeHobLib/DxeHobLib/OUTPUT/DxeHobLib.lib(HobLib.obj)
 .debug_aranges
                0x00000000000014a0       0x30 /home/hcj/UEFIWorkspace/Build/EmulatorX64/DEBUG_GCC48/X64/MdePkg/Library/DxeServicesTableLib/DxeServicesTableLib/OUTPUT/DxeServicesTableLib.lib(DxeServicesTableLib.obj)
 .debug_aranges
                0x00000000000014d0       0x50 /home/hcj/UEFIWorkspace/Build/EmulatorX64/DEBUG_GCC48/X64/MdePkg/Library/UefiDriverEntryPoint/UefiDriverEntryPoint/OUTPUT/UefiDriverEntryPoint.lib(DriverEntryPoint.obj)
 .debug_aranges
                0x0000000000001520       0xb0 /home/hcj/UEFIWorkspace/Build/EmulatorX64/DEBUG_GCC48/X64/MdeModulePkg/Library/UefiBootManagerLib/UefiBootManagerLib/OUTPUT/UefiBootManagerLib.lib(BmConsole.obj)

.debug_ranges   0x0000000000000000     0x1480
 .debug_ranges  0x0000000000000000       0x30 /home/hcj/UEFIWorkspace/Build/EmulatorX64/DEBUG_GCC48/X64/MdeModulePkg/Universal/Console/ConPlatformDxe/ConPlatformDxe/OUTPUT/ConPlatformDxe.lib(ComponentName.obj)
 .debug_ranges  0x0000000000000030      0x120 /home/hcj/UEFIWorkspace/Build/EmulatorX64/DEBUG_GCC48/X64/MdeModulePkg/Universal/Console/ConPlatformDxe/ConPlatformDxe/OUTPUT/ConPlatformDxe.lib(ConPlatform.obj)
 .debug_ranges  0x0000000000000150       0x60 /home/hcj/UEFIWorkspace/Build/EmulatorX64/DEBUG_GCC48/X64/MdeModulePkg/Universal/Console/ConPlatformDxe/ConPlatformDxe/OUTPUT/ConPlatformDxe.lib(AutoGen.obj)
 .debug_ranges  0x00000000000001b0       0x30 /home/hcj/UEFIWorkspace/Build/EmulatorX64/DEBUG_GCC48/X64/MdePkg/Library/BaseDebugPrintErrorLevelLib/BaseDebugPrintErrorLevelLib/OUTPUT/BaseDebugPrintErrorLevelLib.lib(BaseDebugPrintErrorLevelLib.obj)
 .debug_ranges  0x00000000000001e0       0xd0 /home/hcj/UEFIWorkspace/Build/EmulatorX64/DEBUG_GCC48/X64/MdeModulePkg/Library/DxeReportStatusCodeLib/DxeReportStatusCodeLib/OUTPUT/DxeReportStatusCodeLib.lib(ReportStatusCodeLib.obj)
 .debug_ranges  0x00000000000002b0       0x20 /home/hcj/UEFIWorkspace/Build/EmulatorX64/DEBUG_GCC48/X64/MdePkg/Library/BaseLib/BaseLib/OUTPUT/BaseLib.lib(CpuDeadLoop.obj)
 .debug_ranges  0x00000000000002d0      0x240 /home/hcj/UEFIWorkspace/Build/EmulatorX64/DEBUG_GCC48/X64/MdePkg/Library/BaseLib/BaseLib/OUTPUT/BaseLib.lib(SafeString.obj)
 .debug_ranges  0x0000000000000510      0x200 /home/hcj/UEFIWorkspace/Build/EmulatorX64/DEBUG_GCC48/X64/MdePkg/Library/BaseLib/BaseLib/OUTPUT/BaseLib.lib(String.obj)
 .debug_ranges  0x0000000000000710       0x90 /home/hcj/UEFIWorkspace/Build/EmulatorX64/DEBUG_GCC48/X64/MdePkg/Library/BaseLib/BaseLib/OUTPUT/BaseLib.lib(Unaligned.obj)
 .debug_ranges  0x00000000000007a0      0x180 /home/hcj/UEFIWorkspace/Build/EmulatorX64/DEBUG_GCC48/X64/MdePkg/Library/BaseLib/BaseLib/OUTPUT/BaseLib.lib(GccInline.obj)
 .debug_ranges  0x0000000000000920       0xc0 /home/hcj/UEFIWorkspace/Build/EmulatorX64/DEBUG_GCC48/X64/MdeModulePkg/Library/PeiDxeDebugLibReportStatusCode/PeiDxeDebugLibReportStatusCode/OUTPUT/PeiDxeDebugLibReportStatusCode.lib(DebugLib.obj)
 .debug_ranges  0x00000000000009e0       0x20 /home/hcj/UEFIWorkspace/Build/EmulatorX64/DEBUG_GCC48/X64/MdePkg/Library/BaseMemoryLib/BaseMemoryLib/OUTPUT/BaseMemoryLib.lib(CompareMemWrapper.obj)
 .debug_ranges  0x0000000000000a00       0x20 /home/hcj/UEFIWorkspace/Build/EmulatorX64/DEBUG_GCC48/X64/MdePkg/Library/BaseMemoryLib/BaseMemoryLib/OUTPUT/BaseMemoryLib.lib(CopyMemWrapper.obj)
 .debug_ranges  0x0000000000000a20       0xb0 /home/hcj/UEFIWorkspace/Build/EmulatorX64/DEBUG_GCC48/X64/MdePkg/Library/BaseMemoryLib/BaseMemoryLib/OUTPUT/BaseMemoryLib.lib(MemLibGeneric.obj)
 .debug_ranges  0x0000000000000ad0       0x50 /home/hcj/UEFIWorkspace/Build/EmulatorX64/DEBUG_GCC48/X64/MdePkg/Library/BaseMemoryLib/BaseMemoryLib/OUTPUT/BaseMemoryLib.lib(MemLibGuid.obj)
 .debug_ranges  0x0000000000000b20       0x20 /home/hcj/UEFIWorkspace/Build/EmulatorX64/DEBUG_GCC48/X64/MdePkg/Library/BaseMemoryLib/BaseMemoryLib/OUTPUT/BaseMemoryLib.lib(CopyMem.obj)
 .debug_ranges  0x0000000000000b40      0x140 /home/hcj/UEFIWorkspace/Build/EmulatorX64/DEBUG_GCC48/X64/MdePkg/Library/UefiDevicePathLib/UefiDevicePathLib/OUTPUT/UefiDevicePathLib.lib(DevicePathUtilities.obj)
 .debug_ranges  0x0000000000000c80       0xd0 /home/hcj/UEFIWorkspace/Build/EmulatorX64/DEBUG_GCC48/X64/MdePkg/Library/UefiDevicePathLib/UefiDevicePathLib/OUTPUT/UefiDevicePathLib.lib(UefiDevicePathLib.obj)
 .debug_ranges  0x0000000000000d50      0x1c0 /home/hcj/UEFIWorkspace/Build/EmulatorX64/DEBUG_GCC48/X64/MdePkg/Library/UefiMemoryAllocationLib/UefiMemoryAllocationLib/OUTPUT/UefiMemoryAllocationLib.lib(MemoryAllocationLib.obj)
 .debug_ranges  0x0000000000000f10       0x20 /home/hcj/UEFIWorkspace/Build/EmulatorX64/DEBUG_GCC48/X64/MdePkg/Library/UefiBootServicesTableLib/UefiBootServicesTableLib/OUTPUT/UefiBootServicesTableLib.lib(UefiBootServicesTableLib.obj)
 .debug_ranges  0x0000000000000f30       0x20 /home/hcj/UEFIWorkspace/Build/EmulatorX64/DEBUG_GCC48/X64/MdePkg/Library/UefiRuntimeServicesTableLib/UefiRuntimeServicesTableLib/OUTPUT/UefiRuntimeServicesTableLib.lib(UefiRuntimeServicesTableLib.obj)
 .debug_ranges  0x0000000000000f50       0x90 /home/hcj/UEFIWorkspace/Build/EmulatorX64/DEBUG_GCC48/X64/MdePkg/Library/UefiLib/UefiLib/OUTPUT/UefiLib.lib(UefiDriverModel.obj)
 .debug_ranges  0x0000000000000fe0      0x1c0 /home/hcj/UEFIWorkspace/Build/EmulatorX64/DEBUG_GCC48/X64/MdePkg/Library/UefiLib/UefiLib/OUTPUT/UefiLib.lib(UefiLib.obj)
 .debug_ranges  0x00000000000011a0       0x20 /home/hcj/UEFIWorkspace/Build/EmulatorX64/DEBUG_GCC48/X64/MdeModulePkg/Library/UefiHiiServicesLib/UefiHiiServicesLib/OUTPUT/UefiHiiServicesLib.lib(UefiHiiServicesLib.obj)
 .debug_ranges  0x00000000000011c0      0x150 /home/hcj/UEFIWorkspace/Build/EmulatorX64/DEBUG_GCC48/X64/MdePkg/Library/DxeHobLib/DxeHobLib/OUTPUT/DxeHobLib.lib(HobLib.obj)
 .debug_ranges  0x0000000000001310       0x20 /home/hcj/UEFIWorkspace/Build/EmulatorX64/DEBUG_GCC48/X64/MdePkg/Library/DxeServicesTableLib/DxeServicesTableLib/OUTPUT/DxeServicesTableLib.lib(DxeServicesTableLib.obj)
 .debug_ranges  0x0000000000001330       0x40 /home/hcj/UEFIWorkspace/Build/EmulatorX64/DEBUG_GCC48/X64/MdePkg/Library/UefiDriverEntryPoint/UefiDriverEntryPoint/OUTPUT/UefiDriverEntryPoint.lib(DriverEntryPoint.obj)
 .debug_ranges  0x0000000000001370      0x110 /home/hcj/UEFIWorkspace/Build/EmulatorX64/DEBUG_GCC48/X64/MdeModulePkg/Library/UefiBootManagerLib/UefiBootManagerLib/OUTPUT/UefiBootManagerLib.lib(BmConsole.obj)

.debug_line     0x0000000000000000     0x7b51
 .debug_line    0x0000000000000000      0x204 /home/hcj/UEFIWorkspace/Build/EmulatorX64/DEBUG_GCC48/X64/MdeModulePkg/Universal/Console/ConPlatformDxe/ConPlatformDxe/OUTPUT/ConPlatformDxe.lib(ComponentName.obj)
 .debug_line    0x0000000000000204      0x93f /home/hcj/UEFIWorkspace/Build/EmulatorX64/DEBUG_GCC48/X64/MdeModulePkg/Universal/Console/ConPlatformDxe/ConPlatformDxe/OUTPUT/ConPlatformDxe.lib(ConPlatform.obj)
 .debug_line    0x0000000000000b43      0x33c /home/hcj/UEFIWorkspace/Build/EmulatorX64/DEBUG_GCC48/X64/MdeModulePkg/Universal/Console/ConPlatformDxe/ConPlatformDxe/OUTPUT/ConPlatformDxe.lib(AutoGen.obj)
 .debug_line    0x0000000000000e7f      0x185 /home/hcj/UEFIWorkspace/Build/EmulatorX64/DEBUG_GCC48/X64/MdePkg/Library/BaseDebugPrintErrorLevelLib/BaseDebugPrintErrorLevelLib/OUTPUT/BaseDebugPrintErrorLevelLib.lib(BaseDebugPrintErrorLevelLib.obj)
 .debug_line    0x0000000000001004      0x60a /home/hcj/UEFIWorkspace/Build/EmulatorX64/DEBUG_GCC48/X64/MdeModulePkg/Library/DxeReportStatusCodeLib/DxeReportStatusCodeLib/OUTPUT/DxeReportStatusCodeLib.lib(ReportStatusCodeLib.obj)
 .debug_line    0x000000000000160e      0x103 /home/hcj/UEFIWorkspace/Build/EmulatorX64/DEBUG_GCC48/X64/MdePkg/Library/BaseLib/BaseLib/OUTPUT/BaseLib.lib(CpuDeadLoop.obj)
 .debug_line    0x0000000000001711      0xf8c /home/hcj/UEFIWorkspace/Build/EmulatorX64/DEBUG_GCC48/X64/MdePkg/Library/BaseLib/BaseLib/OUTPUT/BaseLib.lib(SafeString.obj)
 .debug_line    0x000000000000269d      0x6e7 /home/hcj/UEFIWorkspace/Build/EmulatorX64/DEBUG_GCC48/X64/MdePkg/Library/BaseLib/BaseLib/OUTPUT/BaseLib.lib(String.obj)
 .debug_line    0x0000000000002d84      0x1eb /home/hcj/UEFIWorkspace/Build/EmulatorX64/DEBUG_GCC48/X64/MdePkg/Library/BaseLib/BaseLib/OUTPUT/BaseLib.lib(Unaligned.obj)
 .debug_line    0x0000000000002f6f      0x2db /home/hcj/UEFIWorkspace/Build/EmulatorX64/DEBUG_GCC48/X64/MdePkg/Library/BaseLib/BaseLib/OUTPUT/BaseLib.lib(GccInline.obj)
 .debug_line    0x000000000000324a      0x573 /home/hcj/UEFIWorkspace/Build/EmulatorX64/DEBUG_GCC48/X64/MdeModulePkg/Library/PeiDxeDebugLibReportStatusCode/PeiDxeDebugLibReportStatusCode/OUTPUT/PeiDxeDebugLibReportStatusCode.lib(DebugLib.obj)
 .debug_line    0x00000000000037bd      0x14a /home/hcj/UEFIWorkspace/Build/EmulatorX64/DEBUG_GCC48/X64/MdePkg/Library/BaseMemoryLib/BaseMemoryLib/OUTPUT/BaseMemoryLib.lib(CompareMemWrapper.obj)
 .debug_line    0x0000000000003907      0x135 /home/hcj/UEFIWorkspace/Build/EmulatorX64/DEBUG_GCC48/X64/MdePkg/Library/BaseMemoryLib/BaseMemoryLib/OUTPUT/BaseMemoryLib.lib(CopyMemWrapper.obj)
 .debug_line    0x0000000000003a3c      0x1ea /home/hcj/UEFIWorkspace/Build/EmulatorX64/DEBUG_GCC48/X64/MdePkg/Library/BaseMemoryLib/BaseMemoryLib/OUTPUT/BaseMemoryLib.lib(MemLibGeneric.obj)
 .debug_line    0x0000000000003c26      0x1be /home/hcj/UEFIWorkspace/Build/EmulatorX64/DEBUG_GCC48/X64/MdePkg/Library/BaseMemoryLib/BaseMemoryLib/OUTPUT/BaseMemoryLib.lib(MemLibGuid.obj)
 .debug_line    0x0000000000003de4      0x12d /home/hcj/UEFIWorkspace/Build/EmulatorX64/DEBUG_GCC48/X64/MdePkg/Library/BaseMemoryLib/BaseMemoryLib/OUTPUT/BaseMemoryLib.lib(CopyMem.obj)
 .debug_line    0x0000000000003f11      0x581 /home/hcj/UEFIWorkspace/Build/EmulatorX64/DEBUG_GCC48/X64/MdePkg/Library/UefiDevicePathLib/UefiDevicePathLib/OUTPUT/UefiDevicePathLib.lib(DevicePathUtilities.obj)
 .debug_line    0x0000000000004492      0x20b /home/hcj/UEFIWorkspace/Build/EmulatorX64/DEBUG_GCC48/X64/MdePkg/Library/UefiDevicePathLib/UefiDevicePathLib/OUTPUT/UefiDevicePathLib.lib(UefiDevicePathLib.obj)
 .debug_line    0x000000000000469d      0x5c1 /home/hcj/UEFIWorkspace/Build/EmulatorX64/DEBUG_GCC48/X64/MdePkg/Library/UefiMemoryAllocationLib/UefiMemoryAllocationLib/OUTPUT/UefiMemoryAllocationLib.lib(MemoryAllocationLib.obj)
 .debug_line    0x0000000000004c5e      0x23f /home/hcj/UEFIWorkspace/Build/EmulatorX64/DEBUG_GCC48/X64/MdePkg/Library/UefiBootServicesTableLib/UefiBootServicesTableLib/OUTPUT/UefiBootServicesTableLib.lib(UefiBootServicesTableLib.obj)