Archive member included to satisfy reference by file (symbol)

/home/hcj/UEFIWorkspace/Build/OvmfX64/DEBUG_GCC5/X64/MdeModulePkg/Universal/HiiDatabaseDxe/HiiDatabaseDxe/OUTPUT/HiiDatabase.lib(HiiDatabaseEntry.obj)
                              (--whole-archive)
/home/hcj/UEFIWorkspace/Build/OvmfX64/DEBUG_GCC5/X64/MdeModulePkg/Universal/HiiDatabaseDxe/HiiDatabaseDxe/OUTPUT/HiiDatabase.lib(Image.obj)
                              (--whole-archive)
/home/hcj/UEFIWorkspace/Build/OvmfX64/DEBUG_GCC5/X64/MdeModulePkg/Universal/HiiDatabaseDxe/HiiDatabaseDxe/OUTPUT/HiiDatabase.lib(ImageEx.obj)
                              (--whole-archive)
/home/hcj/UEFIWorkspace/Build/OvmfX64/DEBUG_GCC5/X64/MdeModulePkg/Universal/HiiDatabaseDxe/HiiDatabaseDxe/OUTPUT/HiiDatabase.lib(ConfigRouting.obj)
                              (--whole-archive)
/home/hcj/UEFIWorkspace/Build/OvmfX64/DEBUG_GCC5/X64/MdeModulePkg/Universal/HiiDatabaseDxe/HiiDatabaseDxe/OUTPUT/HiiDatabase.lib(String.obj)
                              (--whole-archive)
/home/hcj/UEFIWorkspace/Build/OvmfX64/DEBUG_GCC5/X64/MdeModulePkg/Universal/HiiDatabaseDxe/HiiDatabaseDxe/OUTPUT/HiiDatabase.lib(Database.obj)
                              (--whole-archive)
/home/hcj/UEFIWorkspace/Build/OvmfX64/DEBUG_GCC5/X64/MdeModulePkg/Universal/HiiDatabaseDxe/HiiDatabaseDxe/OUTPUT/HiiDatabase.lib(Font.obj)
                              (--whole-archive)
/home/hcj/UEFIWorkspace/Build/OvmfX64/DEBUG_GCC5/X64/MdeModulePkg/Universal/HiiDatabaseDxe/HiiDatabaseDxe/OUTPUT/HiiDatabase.lib(ConfigKeywordHandler.obj)
                              (--whole-archive)
/home/hcj/UEFIWorkspace/Build/OvmfX64/DEBUG_GCC5/X64/MdeModulePkg/Universal/HiiDatabaseDxe/HiiDatabaseDxe/OUTPUT/HiiDatabase.lib(AutoGen.obj)
                              (--whole-archive)
/home/hcj/UEFIWorkspace/Build/OvmfX64/DEBUG_GCC5/X64/MdePkg/Library/RegisterFilterLibNull/RegisterFilterLibNull/OUTPUT/FilterLibNull.lib(RegisterFilterLibNull.obj)
                              (--whole-archive)
/home/hcj/UEFIWorkspace/Build/OvmfX64/DEBUG_GCC5/X64/MdePkg/Library/DxePcdLib/DxePcdLib/OUTPUT/DxePcdLib.lib(DxePcdLib.obj)
                              (--whole-archive)
/home/hcj/UEFIWorkspace/Build/OvmfX64/DEBUG_GCC5/X64/MdePkg/Library/BaseMemoryLibRepStr/BaseMemoryLibRepStr/OUTPUT/BaseMemoryLibRepStr.lib(ScanMem64Wrapper.obj)
                              (--whole-archive)
/home/hcj/UEFIWorkspace/Build/OvmfX64/DEBUG_GCC5/X64/MdePkg/Library/BaseMemoryLibRepStr/BaseMemoryLibRepStr/OUTPUT/BaseMemoryLibRepStr.lib(ScanMem32Wrapper.obj)
                              (--whole-archive)
/home/hcj/UEFIWorkspace/Build/OvmfX64/DEBUG_GCC5/X64/MdePkg/Library/BaseMemoryLibRepStr/BaseMemoryLibRepStr/OUTPUT/BaseMemoryLibRepStr.lib(ScanMem16Wrapper.obj)
                              (--whole-archive)
/home/hcj/UEFIWorkspace/Build/OvmfX64/DEBUG_GCC5/X64/MdePkg/Library/BaseMemoryLibRepStr/BaseMemoryLibRepStr/OUTPUT/BaseMemoryLibRepStr.lib(ScanMem8Wrapper.obj)
                              (--whole-archive)
/home/hcj/UEFIWorkspace/Build/OvmfX64/DEBUG_GCC5/X64/MdePkg/Library/BaseMemoryLibRepStr/BaseMemoryLibRepStr/OUTPUT/BaseMemoryLibRepStr.lib(ZeroMemWrapper.obj)
                              (--whole-archive)
/home/hcj/UEFIWorkspace/Build/OvmfX64/DEBUG_GCC5/X64/MdePkg/Library/BaseMemoryLibRepStr/BaseMemoryLibRepStr/OUTPUT/BaseMemoryLibRepStr.lib(CompareMemWrapper.obj)
                              (--whole-archive)
/home/hcj/UEFIWorkspace/Build/OvmfX64/DEBUG_GCC5/X64/MdePkg/Library/BaseMemoryLibRepStr/BaseMemoryLibRepStr/OUTPUT/BaseMemoryLibRepStr.lib(SetMem64Wrapper.obj)
                              (--whole-archive)
/home/hcj/UEFIWorkspace/Build/OvmfX64/DEBUG_GCC5/X64/MdePkg/Library/BaseMemoryLibRepStr/BaseMemoryLibRepStr/OUTPUT/BaseMemoryLibRepStr.lib(SetMem32Wrapper.obj)
                              (--whole-archive)
/home/hcj/UEFIWorkspace/Build/OvmfX64/DEBUG_GCC5/X64/MdePkg/Library/BaseMemoryLibRepStr/BaseMemoryLibRepStr/OUTPUT/BaseMemoryLibRepStr.lib(SetMem16Wrapper.obj)
                              (--whole-archive)
/home/hcj/UEFIWorkspace/Build/OvmfX64/DEBUG_GCC5/X64/MdePkg/Library/BaseMemoryLibRepStr/BaseMemoryLibRepStr/OUTPUT/BaseMemoryLibRepStr.lib(SetMemWrapper.obj)
                              (--whole-archive)
/home/hcj/UEFIWorkspace/Build/OvmfX64/DEBUG_GCC5/X64/MdePkg/Library/BaseMemoryLibRepStr/BaseMemoryLibRepStr/OUTPUT/BaseMemoryLibRepStr.lib(CopyMemWrapper.obj)
                              (--whole-archive)
/home/hcj/UEFIWorkspace/Build/OvmfX64/DEBUG_GCC5/X64/MdePkg/Library/BaseMemoryLibRepStr/BaseMemoryLibRepStr/OUTPUT/BaseMemoryLibRepStr.lib(IsZeroBufferWrapper.obj)
                              (--whole-archive)
/home/hcj/UEFIWorkspace/Build/OvmfX64/DEBUG_GCC5/X64/MdePkg/Library/BaseMemoryLibRepStr/BaseMemoryLibRepStr/OUTPUT/BaseMemoryLibRepStr.lib(MemLibGuid.obj)
                              (--whole-archive)
[...]
Memory Configuration

Name             Origin             Length             Attributes
*default*        0x0000000000000000 0xffffffffffffffff

Linker script and memory map

LOAD /tmp/ccvc91s3.ltrans0.ltrans.o
LOAD /tmp/ccvc91s3.ltrans1.ltrans.o
LOAD /tmp/ccvc91s3.ltrans2.ltrans.o
LOAD /tmp/ccvc91s3.ltrans3.ltrans.o
LOAD /tmp/ccvc91s3.ltrans4.ltrans.o
LOAD /tmp/ccvc91s3.ltrans5.ltrans.o
LOAD /tmp/ccvc91s3.ltrans6.ltrans.o
LOAD /tmp/ccvc91s3.ltrans7.ltrans.o
LOAD /tmp/ccvc91s3.ltrans8.ltrans.o
LOAD /tmp/ccvc91s3.ltrans9.ltrans.o
LOAD /tmp/ccvc91s3.ltrans10.ltrans.o
LOAD /tmp/ccvc91s3.ltrans11.ltrans.o
LOAD /tmp/ccvc91s3.ltrans12.ltrans.o
LOAD /tmp/ccvc91s3.ltrans13.ltrans.o
LOAD /tmp/ccvc91s3.ltrans14.ltrans.o
LOAD /tmp/ccvc91s3.ltrans15.ltrans.o
LOAD /tmp/ccvc91s3.ltrans16.ltrans.o
LOAD /tmp/ccvc91s3.ltrans17.ltrans.o
LOAD /tmp/ccvc91s3.ltrans18.ltrans.o
LOAD /tmp/ccvc91s3.ltrans19.ltrans.o
LOAD /tmp/ccvc91s3.ltrans20.ltrans.o
LOAD /tmp/ccvc91s3.ltrans21.ltrans.o
LOAD /tmp/ccvc91s3.ltrans22.ltrans.o
LOAD /tmp/ccvc91s3.ltrans23.ltrans.o
LOAD /tmp/ccvc91s3.ltrans24.ltrans.o
LOAD /tmp/ccvc91s3.ltrans25.ltrans.o
START GROUP
LOAD /home/hcj/UEFIWorkspace/Build/OvmfX64/DEBUG_GCC5/X64/MdeModulePkg/Universal/HiiDatabaseDxe/HiiDatabaseDxe/OUTPUT/HiiDatabase.lib
LOAD /home/hcj/UEFIWorkspace/Build/OvmfX64/DEBUG_GCC5/X64/MdePkg/Library/RegisterFilterLibNull/RegisterFilterLibNull/OUTPUT/FilterLibNull.lib
LOAD /home/hcj/UEFIWorkspace/Build/OvmfX64/DEBUG_GCC5/X64/MdePkg/Library/DxePcdLib/DxePcdLib/OUTPUT/DxePcdLib.lib
LOAD /home/hcj/UEFIWorkspace/Build/OvmfX64/DEBUG_GCC5/X64/MdePkg/Library/BaseMemoryLibRepStr/BaseMemoryLibRepStr/OUTPUT/BaseMemoryLibRepStr.lib
LOAD /home/hcj/UEFIWorkspace/Build/OvmfX64/DEBUG_GCC5/X64/MdePkg/Library/BaseLib/BaseLib/OUTPUT/BaseLib.lib
LOAD /home/hcj/UEFIWorkspace/Build/OvmfX64/DEBUG_GCC5/X64/MdePkg/Library/BaseDebugPrintErrorLevelLib/BaseDebugPrintErrorLevelLib/OUTPUT/BaseDebugPrintErrorLevelLib.lib
LOAD /home/hcj/UEFIWorkspace/Build/OvmfX64/DEBUG_GCC5/X64/MdePkg/Library/BaseIoLibIntrinsic/BaseIoLibIntrinsicSev/OUTPUT/BaseIoLibIntrinsicSev.lib
LOAD /home/hcj/UEFIWorkspace/Build/OvmfX64/DEBUG_GCC5/X64/MdePkg/Library/BasePrintLib/BasePrintLib/OUTPUT/BasePrintLib.lib
LOAD /home/hcj/UEFIWorkspace/Build/OvmfX64/DEBUG_GCC5/X64/OvmfPkg/Library/PlatformDebugLibIoPort/PlatformDebugLibIoPort/OUTPUT/PlatformDebugLibIoPort.lib
LOAD /home/hcj/UEFIWorkspace/Build/OvmfX64/DEBUG_GCC5/X64/MdePkg/Library/UefiBootServicesTableLib/UefiBootServicesTableLib/OUTPUT/UefiBootServicesTableLib.lib
LOAD /home/hcj/UEFIWorkspace/Build/OvmfX64/DEBUG_GCC5/X64/MdePkg/Library/UefiMemoryAllocationLib/UefiMemoryAllocationLib/OUTPUT/UefiMemoryAllocationLib.lib
LOAD /home/hcj/UEFIWorkspace/Build/OvmfX64/DEBUG_GCC5/X64/MdePkg/Library/UefiRuntimeServicesTableLib/UefiRuntimeServicesTableLib/OUTPUT/UefiRuntimeServicesTableLib.lib
LOAD /home/hcj/UEFIWorkspace/Build/OvmfX64/DEBUG_GCC5/X64/MdePkg/Library/UefiDevicePathLibDevicePathProtocol/UefiDevicePathLibDevicePathProtocol/OUTPUT/UefiDevicePathLibDevicePathProtocol.lib
LOAD /home/hcj/UEFIWorkspace/Build/OvmfX64/DEBUG_GCC5/X64/MdePkg/Library/UefiDriverEntryPoint/UefiDriverEntryPoint/OUTPUT/UefiDriverEntryPoint.lib
LOAD /home/hcj/UEFIWorkspace/Build/OvmfX64/DEBUG_GCC5/X64/MdePkg/Library/UefiLib/UefiLib/OUTPUT/UefiLib.lib
END GROUP
                0x0000000000000228                PECOFF_HEADER_SIZE = 0x228
                0x0000000000000228                . = PECOFF_HEADER_SIZE

.text           0x0000000000000240    0x1e954
 *(.text .text.* .stub .gnu.linkonce.t.*)
 .text.GetFullStringFromHiiFormPackages.part.5.lto_priv.37
                0x0000000000000240     0x2027 /tmp/ccvc91s3.ltrans0.ltrans.o
                0x0000000000000240                GetFullStringFromHiiFormPackages.part.5.lto_priv.37
 .text.KeyboardLayoutChangeNullEvent
                0x0000000000002267        0x1 /tmp/ccvc91s3.ltrans1.ltrans.o
                0x0000000000002267                KeyboardLayoutChangeNullEvent
 .text.CopyRgbToGopPixel
                0x0000000000002268       0x7c /tmp/ccvc91s3.ltrans1.ltrans.o
 .text.CopyGopToRgbPixel
                0x00000000000022e4       0x7c /tmp/ccvc91s3.ltrans1.ltrans.o
 .text.Output8bitPixel
                0x0000000000002360      0x18e /tmp/ccvc91s3.ltrans1.ltrans.o
 .text.ImageToBlt
                0x00000000000024ee      0x15e /tmp/ccvc91s3.ltrans1.ltrans.o
 .text.HiiDrawImage
                0x000000000000264c      0x3ec /tmp/ccvc91s3.ltrans1.ltrans.o
                0x000000000000264c                HiiDrawImage
 .text.LocatePackageList
                0x0000000000002a38      0x193 /tmp/ccvc91s3.ltrans1.ltrans.o
                0x0000000000002a38                LocatePackageList
 .text.GetImageIdOrAddress
                0x0000000000002bcb      0x297 /tmp/ccvc91s3.ltrans1.ltrans.o
                0x0000000000002bcb                GetImageIdOrAddress
 .text.HiiSetImage
                0x0000000000002e62      0x321 /tmp/ccvc91s3.ltrans1.ltrans.o
                0x0000000000002e62                HiiSetImage
 .text.IGetImage
                0x0000000000003183      0x67a /tmp/ccvc91s3.ltrans1.ltrans.o
                0x0000000000003183                IGetImage
 .text.HiiGetImage
                0x00000000000037fd       0x63 /tmp/ccvc91s3.ltrans1.ltrans.o
                0x00000000000037fd                HiiGetImage
 .text.HiiNewImage
                0x0000000000003860      0x28f /tmp/ccvc91s3.ltrans1.ltrans.o
                0x0000000000003860                HiiNewImage
 .text.AddPackages
                0x0000000000003aef     0x1828 /tmp/ccvc91s3.ltrans2.ltrans.o
                0x0000000000003aef                AddPackages
 .text.GlyphToBlt
                0x0000000000005317      0x236 /tmp/ccvc91s3.ltrans3.ltrans.o
 .text.NarrowGlyphToBlt
                0x000000000000554d      0x108 /tmp/ccvc91s3.ltrans3.ltrans.o
 .text.HiiGetKeyboardLayout
                0x0000000000005655      0x242 /tmp/ccvc91s3.ltrans3.ltrans.o
                0x0000000000005655                HiiGetKeyboardLayout
 .text.HiiFindKeyboardLayouts
                0x0000000000005897      0x1f3 /tmp/ccvc91s3.ltrans3.ltrans.o
                0x0000000000005897                HiiFindKeyboardLayouts
 .text.HiiGetPackageListHandle
                0x0000000000005a8a       0xff /tmp/ccvc91s3.ltrans3.ltrans.o
                0x0000000000005a8a                HiiGetPackageListHandle
 .text.HiiSetKeyboardLayout
                0x0000000000005b89      0x1d1 /tmp/ccvc91s3.ltrans3.ltrans.o
                0x0000000000005b89                HiiSetKeyboardLayout
 .text.HiiUnregisterPackageNotify
                0x0000000000005d5a      0x177 /tmp/ccvc91s3.ltrans3.ltrans.o
                0x0000000000005d5a                HiiUnregisterPackageNotify
 .text.IsSystemFontInfo
                0x0000000000005ed1      0x259 /tmp/ccvc91s3.ltrans3.ltrans.o
                0x0000000000005ed1                IsSystemFontInfo
 .text.SaveFontName
                0x000000000000612a       0x98 /tmp/ccvc91s3.ltrans3.ltrans.o
                0x000000000000612a                SaveFontName
 .text.GlyphToImage
                0x00000000000061c2      0x183 /tmp/ccvc91s3.ltrans3.ltrans.o
                0x00000000000061c2                GlyphToImage
 .text.GetGlyphBuffer
                0x0000000000006345      0x371 /tmp/ccvc91s3.ltrans3.ltrans.o
                0x0000000000006345                GetGlyphBuffer
 .text.GetCell  0x00000000000066b6       0xce /tmp/ccvc91s3.ltrans3.ltrans.o
                0x00000000000066b6                GetCell
 .text.NewCell  0x0000000000006784       0xb9 /tmp/ccvc91s3.ltrans3.ltrans.o
                0x0000000000006784                NewCell
 .text.ConstructConfigHdr
                0x000000000000683d      0x3a3 /tmp/ccvc91s3.ltrans4.ltrans.o
                0x000000000000683d                ConstructConfigHdr
 .text.GetWidth
                0x0000000000006be0      0x198 /tmp/ccvc91s3.ltrans4.ltrans.o
                0x0000000000006be0                GetWidth
 .text.FindStorageFromVarId
                0x0000000000006d78       0x93 /tmp/ccvc91s3.ltrans4.ltrans.o
                0x0000000000006d78                FindStorageFromVarId
 .text.FindQuestionFromStringId
                0x0000000000006e0b       0xbd /tmp/ccvc91s3.ltrans4.ltrans.o
                0x0000000000006e0b                FindQuestionFromStringId
 .text.GetUnicodeStringTextAndSize
                0x0000000000006ec8       0xc5 /tmp/ccvc91s3.ltrans4.ltrans.o
                0x0000000000006ec8                GetUnicodeStringTextAndSize
 .text.GetStringIdFromRecord
                0x0000000000006f8d      0x7e4 /tmp/ccvc91s3.ltrans4.ltrans.o
                0x0000000000006f8d                GetStringIdFromRecord
 .text.ExtractReadOnlyFromOpCode
                0x0000000000007771       0x42 /tmp/ccvc91s3.ltrans4.ltrans.o
                0x0000000000007771                ExtractReadOnlyFromOpCode
 .text.ExtractKeyword
                0x00000000000077b3      0x13c /tmp/ccvc91s3.ltrans4.ltrans.o
                0x00000000000077b3                ExtractKeyword
 .text.ExtractNameSpace
                0x00000000000078ef      0x16c /tmp/ccvc91s3.ltrans4.ltrans.o
                0x00000000000078ef                ExtractNameSpace
 .text.ExtractDevicePath
                0x0000000000007a5b      0x249 /tmp/ccvc91s3.ltrans4.ltrans.o
                0x0000000000007a5b                ExtractDevicePath
 .text.GetSystemFont.part.1.lto_priv.35
                0x0000000000007ca4      0x106 /tmp/ccvc91s3.ltrans4.ltrans.o
                0x0000000000007ca4                GetSystemFont.part.1.lto_priv.35
 .text.AsciiStrnLenS
                0x0000000000007daa       0x26 /tmp/ccvc91s3.ltrans5.ltrans.o
                0x0000000000007daa                AsciiStrnLenS
 .text.StrnLenS
                0x0000000000007dd0       0x5e /tmp/ccvc91s3.ltrans5.ltrans.o
                0x0000000000007dd0                StrnLenS
 .text.InternalSafeStringIsOverlap
                0x0000000000007e2e       0x20 /tmp/ccvc91s3.ltrans5.ltrans.o
                0x0000000000007e2e                InternalSafeStringIsOverlap
 .text.StrnCatS
                0x0000000000007e4e      0x315 /tmp/ccvc91s3.ltrans5.ltrans.o
                0x0000000000007e4e                StrnCatS
 .text.StrCatS  0x0000000000008163      0x2a7 /tmp/ccvc91s3.ltrans5.ltrans.o
                0x0000000000008163                StrCatS
 .text.StrCpyS  0x000000000000840a      0x246 /tmp/ccvc91s3.ltrans5.ltrans.o
                0x000000000000840a                StrCpyS
 .text.InitializeListHead
                0x0000000000008650       0x3e /tmp/ccvc91s3.ltrans5.ltrans.o
                0x0000000000008650                InitializeListHead
 .text.InternalBaseLibIsListValid
                0x000000000000868e       0x9e /tmp/ccvc91s3.ltrans5.ltrans.o
                0x000000000000868e                InternalBaseLibIsListValid
 .text.IsListEmpty
                0x000000000000872c       0x41 /tmp/ccvc91s3.ltrans5.ltrans.o
                0x000000000000872c                IsListEmpty
 .text.RemoveEntryList
                0x000000000000876d       0x53 /tmp/ccvc91s3.ltrans5.ltrans.o
                0x000000000000876d                RemoveEntryList
 .text.IsNodeInList
                0x00000000000087c0       0x93 /tmp/ccvc91s3.ltrans5.ltrans.o
                0x00000000000087c0                IsNodeInList
 .text.InsertTailList
                0x0000000000008853       0x7f /tmp/ccvc91s3.ltrans5.ltrans.o
                0x0000000000008853                InsertTailList
 .text.LShiftU64
                0x00000000000088d2       0x43 /tmp/ccvc91s3.ltrans5.ltrans.o
                0x00000000000088d2                LShiftU64
 .text.BitFieldRead64
                0x0000000000008915       0xb5 /tmp/ccvc91s3.ltrans5.ltrans.o
                0x0000000000008915                BitFieldRead64
 .text.CompareGuid
                0x00000000000089ca       0x4d /tmp/ccvc91s3.ltrans5.ltrans.o
                0x00000000000089ca                CompareGuid
 .text.CopyGuid
                0x0000000000008a17       0x3e /tmp/ccvc91s3.ltrans5.ltrans.o
                0x0000000000008a17                CopyGuid
 .text.CopyMem  0x0000000000008a55       0x90 /tmp/ccvc91s3.ltrans5.ltrans.o
                0x0000000000008a55                CopyMem
 .text.CompareMem.part.0.lto_priv.38
                0x0000000000008ae5       0xbf /tmp/ccvc91s3.ltrans5.ltrans.o
                0x0000000000008ae5                CompareMem.part.0.lto_priv.38
 .text.CompareMem
                0x0000000000008ba4       0x12 /tmp/ccvc91s3.ltrans5.ltrans.o
                0x0000000000008ba4                CompareMem
 .text.BasePrintLibSPrintMarker.constprop.30
                0x0000000000008bb6     0x1074 /tmp/ccvc91s3.ltrans6.ltrans.o
                0x0000000000008bb6                BasePrintLibSPrintMarker.constprop.30
 .text.AsciiSPrint.constprop.28
                0x0000000000009c2a       0x32 /tmp/ccvc91s3.ltrans6.ltrans.o
                0x0000000000009c2a                AsciiSPrint.constprop.28
 .text.DebugPrintMarker.part.0.constprop.26
                0x0000000000009c5c       0x3d /tmp/ccvc91s3.ltrans6.ltrans.o
                0x0000000000009c5c                DebugPrintMarker.part.0.constprop.26
 .text.GetFormPackageData.part.4.constprop.24
                0x0000000000009c99       0xd3 /tmp/ccvc91s3.ltrans6.ltrans.o
                0x0000000000009c99                GetFormPackageData.part.4.constprop.24
 .text.StrHexToUint64S.constprop.22
                0x0000000000009d6c      0x202 /tmp/ccvc91s3.ltrans6.ltrans.o
                0x0000000000009d6c                StrHexToUint64S.constprop.22
 .text.GetBestLanguage.constprop.20
                0x0000000000009f6e      0x11f /tmp/ccvc91s3.ltrans6.ltrans.o
                0x0000000000009f6e                GetBestLanguage.constprop.20
 .text.IsLineBreak
                0x000000000000a08d       0xb6 /tmp/ccvc91s3.ltrans7.ltrans.o
 .text.IsFontInfoExisted
                0x000000000000a143      0x535 /tmp/ccvc91s3.ltrans7.ltrans.o
                0x000000000000a143                IsFontInfoExisted
 .text.HiiStringToImage
                0x000000000000a678     0x1181 /tmp/ccvc91s3.ltrans7.ltrans.o
                0x000000000000a678                HiiStringToImage
 .text.HiiRegisterPackageNotify
                0x000000000000b7f9      0x160 /tmp/ccvc91s3.ltrans8.ltrans.o
                0x000000000000b7f9                HiiRegisterPackageNotify
 .text.HiiExportPackageLists
                0x000000000000b959      0x284 /tmp/ccvc91s3.ltrans8.ltrans.o
                0x000000000000b959                HiiExportPackageLists
 .text.HiiListPackageLists
                0x000000000000bbdd      0x225 /tmp/ccvc91s3.ltrans8.ltrans.o
                0x000000000000bbdd                HiiListPackageLists
 .text.HiiGetDatabaseInfo
                0x000000000000be02      0x1fb /tmp/ccvc91s3.ltrans8.ltrans.o
                0x000000000000be02                HiiGetDatabaseInfo
 .text.HiiGetConfigRespInfo
                0x000000000000bffd      0x1ba /tmp/ccvc91s3.ltrans8.ltrans.o
                0x000000000000bffd                HiiGetConfigRespInfo
 .text.HiiUpdatePackageList
                0x000000000000c1b7      0x296 /tmp/ccvc91s3.ltrans8.ltrans.o
                0x000000000000c1b7                HiiUpdatePackageList
 .text.HiiRemovePackageList
                0x000000000000c44d      0x2b5 /tmp/ccvc91s3.ltrans8.ltrans.o
                0x000000000000c44d                HiiRemovePackageList
 .text.HiiNewPackageList
                0x000000000000c702      0x310 /tmp/ccvc91s3.ltrans8.ltrans.o
                0x000000000000c702                HiiNewPackageList
 .text.DebugPrint
                0x000000000000ca12       0x65 /tmp/ccvc91s3.ltrans9.ltrans.o
                0x000000000000ca12                DebugPrint
 .text.UnicodeSPrint
                0x000000000000ca77       0x63 /tmp/ccvc91s3.ltrans9.ltrans.o
                0x000000000000ca77                UnicodeSPrint
 .text.BasePrintLibValueToString
                0x000000000000cada       0x7e /tmp/ccvc91s3.ltrans9.ltrans.o
                0x000000000000cada                BasePrintLibValueToString
 .text.BasePrintLibFillBuffer
                0x000000000000cb58       0x2e /tmp/ccvc91s3.ltrans9.ltrans.o
                0x000000000000cb58                BasePrintLibFillBuffer
 .text.WriteUnaligned64
                0x000000000000cb86       0x3f /tmp/ccvc91s3.ltrans9.ltrans.o
                0x000000000000cb86                WriteUnaligned64
 .text.ReadUnaligned64
                0x000000000000cbc5       0x37 /tmp/ccvc91s3.ltrans9.ltrans.o
                0x000000000000cbc5                ReadUnaligned64
 .text.ReadUnaligned32
                0x000000000000cbfc       0x36 /tmp/ccvc91s3.ltrans9.ltrans.o
                0x000000000000cbfc                ReadUnaligned32
 .text.WriteUnaligned16
                0x000000000000cc32       0x3d /tmp/ccvc91s3.ltrans9.ltrans.o
                0x000000000000cc32                WriteUnaligned16
 .text.ReadUnaligned16
                0x000000000000cc6f       0x37 /tmp/ccvc91s3.ltrans9.ltrans.o
                0x000000000000cc6f                ReadUnaligned16
 .text.AsciiStrLen
                0x000000000000cca6       0x85 /tmp/ccvc91s3.ltrans9.ltrans.o
                0x000000000000cca6                AsciiStrLen
 .text.AsciiStrSize
                0x000000000000cd2b       0x11 /tmp/ccvc91s3.ltrans9.ltrans.o
                0x000000000000cd2b                AsciiStrSize
 .text.AsciiStrnCmp.part.4.lto_priv.34
                0x000000000000cd3c       0xd6 /tmp/ccvc91s3.ltrans9.ltrans.o
                0x000000000000cd3c                AsciiStrnCmp.part.4.lto_priv.34
 .text.AsciiStrCmp
                0x000000000000ce12       0x80 /tmp/ccvc91s3.ltrans9.ltrans.o
                0x000000000000ce12                AsciiStrCmp
 .text.StrLen   0x000000000000ce92       0x90 /tmp/ccvc91s3.ltrans9.ltrans.o
                0x000000000000ce92                StrLen
 .text.StrSize  0x000000000000cf22       0x13 /tmp/ccvc91s3.ltrans9.ltrans.o
                0x000000000000cf22                StrSize
 .text.StrStr   0x000000000000cf35       0xa6 /tmp/ccvc91s3.ltrans9.ltrans.o
                0x000000000000cf35                StrStr
 .text.StrnCmp  0x000000000000cfdb       0xcd /tmp/ccvc91s3.ltrans9.ltrans.o
                0x000000000000cfdb                StrnCmp
 .text.StrCmp   0x000000000000d0a8       0x84 /tmp/ccvc91s3.ltrans9.ltrans.o
                0x000000000000d0a8                StrCmp
 .text.AsciiStrToUnicodeStrS
                0x000000000000d12c      0x270 /tmp/ccvc91s3.ltrans9.ltrans.o
                0x000000000000d12c                AsciiStrToUnicodeStrS
 .text.UnicodeStrToAsciiStrS
                0x000000000000d39c      0x29f /tmp/ccvc91s3.ltrans9.ltrans.o
                0x000000000000d39c                UnicodeStrToAsciiStrS
 .text.AsciiStrCpyS
                0x000000000000d63b      0x1fd /tmp/ccvc91s3.ltrans9.ltrans.o
                0x000000000000d63b                AsciiStrCpyS
 .text.GetNameFromId
                0x000000000000d838      0x1c3 /tmp/ccvc91s3.ltrans10.ltrans.o
 .text.ConstructRequestElement
                0x000000000000d9fb       0xcd /tmp/ccvc91s3.ltrans10.ltrans.o
 .text.MergeToMultiKeywordResp
                0x000000000000dac8       0xb5 /tmp/ccvc91s3.ltrans10.ltrans.o
                0x000000000000dac8                MergeToMultiKeywordResp
 .text.GenerateKeywordResp
                0x000000000000db7d      0x21b /tmp/ccvc91s3.ltrans10.ltrans.o
                0x000000000000db7d                GenerateKeywordResp
 .text.GetStringIdFromDatabase
                0x000000000000dd98      0x2b8 /tmp/ccvc91s3.ltrans10.ltrans.o
                0x000000000000dd98                GetStringIdFromDatabase
 .text.EfiConfigKeywordHandlerSetData
                0x000000000000e050      0x83d /tmp/ccvc91s3.ltrans10.ltrans.o
                0x000000000000e050                EfiConfigKeywordHandlerSetData
 .text.ExtractValueFromDriver
                0x000000000000e88d      0x137 /tmp/ccvc91s3.ltrans10.ltrans.o
                0x000000000000e88d                ExtractValueFromDriver
 .text.ExtractConfigRequest
                0x000000000000e9c4      0x2b7 /tmp/ccvc91s3.ltrans10.ltrans.o
                0x000000000000e9c4                ExtractConfigRequest
 .text.HiiSetString
                0x000000000000ec7b      0x91f /tmp/ccvc91s3.ltrans11.ltrans.o
                0x000000000000ec7b                HiiSetString
 .text.HiiGetString
                0x000000000000f59a      0x254 /tmp/ccvc91s3.ltrans11.ltrans.o
                0x000000000000f59a                HiiGetString
 .text.HiiNewString
                0x000000000000f7ee      0xa1f /tmp/ccvc91s3.ltrans11.ltrans.o
                0x000000000000f7ee                HiiNewString
 .text.HiiGetAltCfg
                0x000000000001020d      0x64a /tmp/ccvc91s3.ltrans12.ltrans.o
                0x000000000001020d                HiiGetAltCfg
 .text.HiiConfigToBlock
                0x0000000000010857      0x411 /tmp/ccvc91s3.ltrans12.ltrans.o
                0x0000000000010857                HiiConfigToBlock
 .text.HiiBlockToConfig
                0x0000000000010c68      0x5e1 /tmp/ccvc91s3.ltrans12.ltrans.o
                0x0000000000010c68                HiiBlockToConfig
 .text.GetDevicePath.part.0.lto_priv.36
                0x0000000000011249      0x1cb /tmp/ccvc91s3.ltrans12.ltrans.o
                0x0000000000011249                GetDevicePath.part.0.lto_priv.36
 .text.GetVarStoreType
                0x0000000000011414      0x32b /tmp/ccvc91s3.ltrans13.ltrans.o
                0x0000000000011414                GetVarStoreType
 .text.GetSupportedLanguages
                0x000000000001173f       0xd5 /tmp/ccvc91s3.ltrans13.ltrans.o
                0x000000000001173f                GetSupportedLanguages
 .text.InternalGetString
                0x0000000000011814      0x1de /tmp/ccvc91s3.ltrans13.ltrans.o
                0x0000000000011814                InternalGetString
 .text.BlockArrayCheck
                0x00000000000119f2      0x10b /tmp/ccvc91s3.ltrans13.ltrans.o
                0x00000000000119f2                BlockArrayCheck
 .text.InsertBlockData
                0x0000000000011afd       0x7b /tmp/ccvc91s3.ltrans13.ltrans.o
                0x0000000000011afd                InsertBlockData
 .text.InsertDefaultValue
                0x0000000000011b78       0xcf /tmp/ccvc91s3.ltrans13.ltrans.o
                0x0000000000011b78                InsertDefaultValue
 .text.MergeDefaultString
                0x0000000000011c47      0xa9e /tmp/ccvc91s3.ltrans13.ltrans.o
                0x0000000000011c47                MergeDefaultString
 .text.IsThisOpcodeRequired
                0x00000000000126e5      0x1b5 /tmp/ccvc91s3.ltrans14.ltrans.o
                0x00000000000126e5                IsThisOpcodeRequired
 .text.IsThisVarstore
                0x000000000001289a      0x191 /tmp/ccvc91s3.ltrans14.ltrans.o
                0x000000000001289a                IsThisVarstore
 .text.IsThisPackageList
                0x0000000000012a2b      0x1f5 /tmp/ccvc91s3.ltrans14.ltrans.o
                0x0000000000012a2b                IsThisPackageList
 .text.GetElementsFromRequest
                0x0000000000012c20       0x88 /tmp/ccvc91s3.ltrans14.ltrans.o
                0x0000000000012c20                GetElementsFromRequest
 .text.HiiConfigRoutingExtractConfig
                0x0000000000012ca8      0xcc3 /tmp/ccvc91s3.ltrans14.ltrans.o
                0x0000000000012ca8                HiiConfigRoutingExtractConfig
 .text.EfiConfigKeywordHandlerGetData
                0x000000000001396b     0x1103 /tmp/ccvc91s3.ltrans15.ltrans.o
                0x000000000001396b                EfiConfigKeywordHandlerGetData
 .text.ZeroMem  0x0000000000014a6e       0x6f /tmp/ccvc91s3.ltrans15.ltrans.o
                0x0000000000014a6e                ZeroMem
 .text.GetPiPcdProtocol
                0x0000000000014add       0xad /tmp/ccvc91s3.ltrans15.ltrans.o
                0x0000000000014add                GetPiPcdProtocol
 .text.InternalAllocatePool
                0x0000000000014b8a       0x34 /tmp/ccvc91s3.ltrans16.ltrans.o
 .text.DevicePathFromHandle
                0x0000000000014bbe       0x35 /tmp/ccvc91s3.ltrans16.ltrans.o
                0x0000000000014bbe                DevicePathFromHandle
 .text.GetDevicePathSize
                0x0000000000014bf3        0xc /tmp/ccvc91s3.ltrans16.ltrans.o
                0x0000000000014bf3                GetDevicePathSize
 .text.InternalAllocateZeroPool
                0x0000000000014bff       0x23 /tmp/ccvc91s3.ltrans16.ltrans.o
                0x0000000000014bff                InternalAllocateZeroPool
 .text.AllocateZeroPool
                0x0000000000014c22       0x14 /tmp/ccvc91s3.ltrans16.ltrans.o
                0x0000000000014c22                AllocateZeroPool
 .text.AllocatePool
                0x0000000000014c36       0x14 /tmp/ccvc91s3.ltrans16.ltrans.o
                0x0000000000014c36                AllocatePool
 .text.PlatformDebugLibIoPortFound
                0x0000000000014c4a       0x26 /tmp/ccvc91s3.ltrans16.ltrans.o
                0x0000000000014c4a                PlatformDebugLibIoPortFound
 .text.DebugPrintEnabled
                0x0000000000014c70        0x3 /tmp/ccvc91s3.ltrans16.ltrans.o
                0x0000000000014c70                DebugPrintEnabled
 .text.DebugAssertEnabled
                0x0000000000014c73        0x3 /tmp/ccvc91s3.ltrans16.ltrans.o
                0x0000000000014c73                DebugAssertEnabled
 .text.DebugAssert
                0x0000000000014c76       0x6a /tmp/ccvc91s3.ltrans16.ltrans.o
                0x0000000000014c76                DebugAssert
 .text._ModuleEntryPoint
                0x0000000000014ce0      0x41c /tmp/ccvc91s3.ltrans16.ltrans.o
                0x0000000000014ce0                _ModuleEntryPoint
 .text.IsDevicePathEnd
                0x00000000000150fc       0x74 /tmp/ccvc91s3.ltrans16.ltrans.o
                0x00000000000150fc                IsDevicePathEnd
 .text.DevicePathNodeLength
                0x0000000000015170       0x40 /tmp/ccvc91s3.ltrans16.ltrans.o
                0x0000000000015170                DevicePathNodeLength
 .text.NextDevicePathNode
                0x00000000000151b0       0x3f /tmp/ccvc91s3.ltrans16.ltrans.o
                0x00000000000151b0                NextDevicePathNode
 .text.FreePool
                0x00000000000151ef       0x5a /tmp/ccvc91s3.ltrans16.ltrans.o
                0x00000000000151ef                FreePool
 .text.ReallocatePool
                0x0000000000015249       0x5c /tmp/ccvc91s3.ltrans16.ltrans.o
                0x0000000000015249                ReallocatePool
 .text.AllocateCopyPool
                0x00000000000152a5       0x8a /tmp/ccvc91s3.ltrans16.ltrans.o
                0x00000000000152a5                AllocateCopyPool
 .text.RemoveKeyboardLayoutPackages
                0x000000000001532f       0xf4 /tmp/ccvc91s3.ltrans17.ltrans.o
                0x000000000001532f                RemoveKeyboardLayoutPackages
 .text.AddDevicePathPackage
                0x0000000000015423      0x158 /tmp/ccvc91s3.ltrans17.ltrans.o
                0x0000000000015423                AddDevicePathPackage
 .text.RemoveDevicePathPackage
                0x000000000001557b       0x7a /tmp/ccvc91s3.ltrans17.ltrans.o
                0x000000000001557b                RemoveDevicePathPackage
 .text.RemoveSimpleFontPackages
                0x00000000000155f5       0xe8 /tmp/ccvc91s3.ltrans17.ltrans.o
                0x00000000000155f5                RemoveSimpleFontPackages
 .text.RemoveImagePackages
                0x00000000000156dd       0x81 /tmp/ccvc91s3.ltrans17.ltrans.o
                0x00000000000156dd                RemoveImagePackages
 .text.RemoveFontPackages
                0x000000000001575e      0x21e /tmp/ccvc91s3.ltrans17.ltrans.o
                0x000000000001575e                RemoveFontPackages
 .text.RemoveStringPackages
                0x000000000001597c      0x186 /tmp/ccvc91s3.ltrans17.ltrans.o
                0x000000000001597c                RemoveStringPackages
 .text.RemoveFormPackages
                0x0000000000015b02       0xe4 /tmp/ccvc91s3.ltrans17.ltrans.o
                0x0000000000015b02                RemoveFormPackages
 .text.ExportFormPackages
                0x0000000000015be6      0x1d1 /tmp/ccvc91s3.ltrans17.ltrans.o
                0x0000000000015be6                ExportFormPackages
 .text.FindQuestionDefaultSetting
                0x0000000000015db7      0x4a3 /tmp/ccvc91s3.ltrans17.ltrans.o
                0x0000000000015db7                FindQuestionDefaultSetting
 .text.IsEfiVarStoreQuestion
                0x000000000001625a       0x1b /tmp/ccvc91s3.ltrans17.ltrans.o
                0x000000000001625a                IsEfiVarStoreQuestion
 .text.RemoveGuidPackages
                0x0000000000016275       0xf4 /tmp/ccvc91s3.ltrans17.ltrans.o
                0x0000000000016275                RemoveGuidPackages
 .text.ExportPackageList
                0x0000000000016369      0xcaa /tmp/ccvc91s3.ltrans18.ltrans.o
                0x0000000000016369                ExportPackageList
 .text.HiiDrawImageEx
                0x0000000000017013       0x8a /tmp/ccvc91s3.ltrans19.ltrans.o
                0x0000000000017013                HiiDrawImageEx
 .text.HiiSetImageEx
                0x000000000001709d       0x67 /tmp/ccvc91s3.ltrans19.ltrans.o
                0x000000000001709d                HiiSetImageEx
 .text.HiiGetImageEx
                0x0000000000017104       0x60 /tmp/ccvc91s3.ltrans19.ltrans.o
                0x0000000000017104                HiiGetImageEx
 .text.HiiDrawImageIdEx
                0x0000000000017164       0x9b /tmp/ccvc91s3.ltrans19.ltrans.o
                0x0000000000017164                HiiDrawImageIdEx
 .text.HiiNewImageEx
                0x00000000000171ff       0x66 /tmp/ccvc91s3.ltrans19.ltrans.o
                0x00000000000171ff                HiiNewImageEx
 .text.HiiDrawImageId
                0x0000000000017265       0x9b /tmp/ccvc91s3.ltrans19.ltrans.o
                0x0000000000017265                HiiDrawImageId
 .text.GetValueOfNumber
                0x0000000000017300      0x186 /tmp/ccvc91s3.ltrans19.ltrans.o
                0x0000000000017300                GetValueOfNumber
 .text.AppendToMultiString
                0x0000000000017486       0xe7 /tmp/ccvc91s3.ltrans19.ltrans.o
                0x0000000000017486                AppendToMultiString
 .text.OutputConfigBody
                0x000000000001756d       0xeb /tmp/ccvc91s3.ltrans19.ltrans.o
                0x000000000001756d                OutputConfigBody
 .text.HiiToLower
                0x0000000000017658       0x6d /tmp/ccvc91s3.ltrans19.ltrans.o
                0x0000000000017658                HiiToLower
 .text.GenerateSubStr
                0x00000000000176c5      0x34b /tmp/ccvc91s3.ltrans19.ltrans.o
                0x00000000000176c5                GenerateSubStr
 .text.CalculateConfigStringLen
                0x0000000000017a10       0xbb /tmp/ccvc91s3.ltrans19.ltrans.o
                0x0000000000017a10                CalculateConfigStringLen
 .text.LocateHiiImageDecoder
                0x0000000000017acb      0x143 /tmp/ccvc91s3.ltrans19.ltrans.o
                0x0000000000017acb                LocateHiiImageDecoder
 .text.HiiGetImageInfo
                0x0000000000017c0e      0x17c /tmp/ccvc91s3.ltrans19.ltrans.o
                0x0000000000017c0e                HiiGetImageInfo
 .text.GetUnicodeStringTextOrSize
                0x0000000000017d8a       0xb3 /tmp/ccvc91s3.ltrans20.ltrans.o
                0x0000000000017d8a                GetUnicodeStringTextOrSize
 .text.ReferFontInfoLocally
                0x0000000000017e3d      0x171 /tmp/ccvc91s3.ltrans20.ltrans.o
                0x0000000000017e3d                ReferFontInfoLocally
 .text.FindStringBlock
                0x0000000000017fae      0x8e2 /tmp/ccvc91s3.ltrans20.ltrans.o
                0x0000000000017fae                FindStringBlock
 .text.GetStringWorker
                0x0000000000018890      0x2e2 /tmp/ccvc91s3.ltrans20.ltrans.o
                0x0000000000018890                GetStringWorker
 .text.WriteOutputParam.constprop.3
                0x0000000000018b72       0x92 /tmp/ccvc91s3.ltrans21.ltrans.o
 .text.GetVariable2.constprop.19
                0x0000000000018c04      0x110 /tmp/ccvc91s3.ltrans21.ltrans.o
                0x0000000000018c04                GetVariable2.constprop.19
 .text.UnicodeValueToStringS.constprop.16
                0x0000000000018d14      0x205 /tmp/ccvc91s3.ltrans21.ltrans.o
                0x0000000000018d14                UnicodeValueToStringS.constprop.16
 .text.EfiAcquireLock.constprop.8
                0x0000000000018f19       0x55 /tmp/ccvc91s3.ltrans21.ltrans.o
                0x0000000000018f19                EfiAcquireLock.constprop.8
 .text.EfiReleaseLock.constprop.7
                0x0000000000018f6e       0x50 /tmp/ccvc91s3.ltrans21.ltrans.o
                0x0000000000018f6e                EfiReleaseLock.constprop.7
 .text.FindGlyphBlock.constprop.2
                0x0000000000018fbe      0x598 /tmp/ccvc91s3.ltrans21.ltrans.o
                0x0000000000018fbe                FindGlyphBlock.constprop.2
 .text.HiiConfigRoutingRouteConfig
                0x0000000000019556      0x5aa /tmp/ccvc91s3.ltrans22.ltrans.o
                0x0000000000019556                HiiConfigRoutingRouteConfig
 .text.HiiConfigRoutingExportConfig
                0x0000000000019b00      0x52e /tmp/ccvc91s3.ltrans22.ltrans.o
                0x0000000000019b00                HiiConfigRoutingExportConfig
 .text.HiiGetFontInfo
                0x000000000001a02e      0x356 /tmp/ccvc91s3.ltrans23.ltrans.o
                0x000000000001a02e                HiiGetFontInfo
 .text.HiiGetGlyph
                0x000000000001a384      0x396 /tmp/ccvc91s3.ltrans23.ltrans.o
                0x000000000001a384                HiiGetGlyph
 .text.HiiStringIdToImage
                0x000000000001a71a      0x479 /tmp/ccvc91s3.ltrans23.ltrans.o
                0x000000000001a71a                HiiStringIdToImage
 .text.AsciiHiiToLower
                0x000000000001ab93       0x4c /tmp/ccvc91s3.ltrans24.ltrans.o
 .text.IsHiiHandleValid
                0x000000000001abdf       0x12 /tmp/ccvc91s3.ltrans24.ltrans.o
                0x000000000001abdf                IsHiiHandleValid
 .text.InvokeRegisteredFunction
                0x000000000001abf1      0x490 /tmp/ccvc91s3.ltrans24.ltrans.o
                0x000000000001abf1                InvokeRegisteredFunction
 .text.HiiGetLanguages
                0x000000000001b081      0x1bd /tmp/ccvc91s3.ltrans24.ltrans.o
                0x000000000001b081                HiiGetLanguages
 .text.HiiCompareLanguage
                0x000000000001b23e      0x13e /tmp/ccvc91s3.ltrans24.ltrans.o
                0x000000000001b23e                HiiCompareLanguage
 .text.HiiGetSecondaryLanguages
                0x000000000001b37c      0x253 /tmp/ccvc91s3.ltrans24.ltrans.o
                0x000000000001b37c                HiiGetSecondaryLanguages
 .text.BasePrintLibSPrint.constprop.31
                0x000000000001b5cf       0x29 /tmp/ccvc91s3.ltrans25.ltrans.o
                0x000000000001b5cf                BasePrintLibSPrint.constprop.31
 *fill*         0x000000000001b5f8        0x8 
 .text          0x000000000001b600       0x1d /home/hcj/UEFIWorkspace/Build/OvmfX64/DEBUG_GCC5/X64/MdePkg/Library/BaseMemoryLibRepStr/BaseMemoryLibRepStr/OUTPUT/BaseMemoryLibRepStr.lib(CompareMem.obj)
                0x000000000001b600                InternalMemCompareMem
 *fill*         0x000000000001b61d        0x3 
 .text          0x000000000001b620       0x1d /home/hcj/UEFIWorkspace/Build/OvmfX64/DEBUG_GCC5/X64/MdePkg/Library/BaseMemoryLibRepStr/BaseMemoryLibRepStr/OUTPUT/BaseMemoryLibRepStr.lib(ZeroMem.obj)
                0x000000000001b620                InternalMemZeroMem
 *fill*         0x000000000001b63d        0x3 
 .text          0x000000000001b640       0x11 /home/hcj/UEFIWorkspace/Build/OvmfX64/DEBUG_GCC5/X64/MdePkg/Library/BaseMemoryLibRepStr/BaseMemoryLibRepStr/OUTPUT/BaseMemoryLibRepStr.lib(SetMem32.obj)
                0x000000000001b640                InternalMemSetMem32
 *fill*         0x000000000001b651        0xf 
 .text          0x000000000001b660       0x3c /home/hcj/UEFIWorkspace/Build/OvmfX64/DEBUG_GCC5/X64/MdePkg/Library/BaseMemoryLibRepStr/BaseMemoryLibRepStr/OUTPUT/BaseMemoryLibRepStr.lib(CopyMem.obj)
                0x000000000001b660                InternalMemCopyMem
 *fill*         0x000000000001b69c        0x4 
 .text          0x000000000001b6a0      0x116 /home/hcj/UEFIWorkspace/Build/OvmfX64/DEBUG_GCC5/X64/MdePkg/Library/BaseIoLibIntrinsic/BaseIoLibIntrinsicSev/OUTPUT/BaseIoLibIntrinsicSev.lib(IoFifoSev.obj)
                0x000000000001b6a0                SevNoRepIo
                0x000000000001b6e0                IoReadFifo8
                0x000000000001b702                IoReadFifo16
                0x000000000001b728                IoReadFifo32
                0x000000000001b74b                IoWriteFifo8
                0x000000000001b76d                IoWriteFifo16
                0x000000000001b793                IoWriteFifo32
 *(.rodata .rodata.* .gnu.linkonce.r.*)
 .rodata.str2.2
                0x000000000001b7b6       0xde /tmp/ccvc91s3.ltrans0.ltrans.o
                                        0x11a (size before relaxing)
 .rodata.str1.1
                0x000000000001b894      0x12e /tmp/ccvc91s3.ltrans0.ltrans.o
 .rodata.str1.1
                0x000000000001b9c2      0x229 /tmp/ccvc91s3.ltrans1.ltrans.o
                                        0x242 (size before relaxing)
 *fill*         0x000000000001bbeb        0x1 
 .rodata.GetImageIdOrAddress
                0x000000000001bbec       0x8c /tmp/ccvc91s3.ltrans1.ltrans.o
 .rodata.HiiSetImage
                0x000000000001bc78       0x28 /tmp/ccvc91s3.ltrans1.ltrans.o
 .rodata.IGetImage
                0x000000000001bca0       0x28 /tmp/ccvc91s3.ltrans1.ltrans.o
 .rodata.str1.1
                0x000000000001bcc8       0x4e /tmp/ccvc91s3.ltrans2.ltrans.o
                                         0x81 (size before relaxing)
 *fill*         0x000000000001bd16        0x2 
 .rodata.AddPackages
                0x000000000001bd18       0x24 /tmp/ccvc91s3.ltrans2.ltrans.o
 .rodata.str1.1
                0x000000000001bd3c      0x253 /tmp/ccvc91s3.ltrans3.ltrans.o
                                        0x2b6 (size before relaxing)
 .rodata.str1.1
                0x000000000001bf8f      0x2f0 /tmp/ccvc91s3.ltrans4.ltrans.o
                                        0x378 (size before relaxing)
 *fill*         0x000000000001c27f        0x1 
 .rodata.str2.2
                0x000000000001c280       0x3e /tmp/ccvc91s3.ltrans4.ltrans.o
                                         0x76 (size before relaxing)
 *fill*         0x000000000001c2be        0x2 
 .rodata.GetStringIdFromRecord
                0x000000000001c2c0       0x8c /tmp/ccvc91s3.ltrans4.ltrans.o
 *fill*         0x000000000001c34c       0x14 
 .rodata.mHiiEfiColors
                0x000000000001c360       0x40 /tmp/ccvc91s3.ltrans4.ltrans.o
 .rodata.str1.1
                0x000000000001c3a0      0x5cc /tmp/ccvc91s3.ltrans5.ltrans.o
                                        0x674 (size before relaxing)
 *fill*         0x000000000001c96c        0x4 
 .rodata.__FUNCTION__.2518
                0x000000000001c970        0x8 /tmp/ccvc91s3.ltrans5.ltrans.o
 .rodata.__FUNCTION__.2541
                0x000000000001c978        0x8 /tmp/ccvc91s3.ltrans5.ltrans.o
 .rodata.__FUNCTION__.2554
                0x000000000001c980        0x9 /tmp/ccvc91s3.ltrans5.ltrans.o
 .rodata.str1.1
                0x000000000001c989      0x39a /tmp/ccvc91s3.ltrans6.ltrans.o
                                        0x44b (size before relaxing)
 *fill*         0x000000000001cd23        0xd 
 .rodata.__FUNCTION__.2608
                0x000000000001cd30       0x10 /tmp/ccvc91s3.ltrans6.ltrans.o
 .rodata.mWarningString
                0x000000000001cd40       0x96 /tmp/ccvc91s3.ltrans6.ltrans.o
 *fill*         0x000000000001cdd6        0xa 
 .rodata.mErrorString
                0x000000000001cde0      0x2b5 /tmp/ccvc91s3.ltrans6.ltrans.o
 *fill*         0x000000000001d095        0x3 
 .rodata._gPcd_FixedAtBuild_PcdMaximumUnicodeStringLength
                0x000000000001d098        0x4 /tmp/ccvc91s3.ltrans6.ltrans.o
                0x000000000001d098                _gPcd_FixedAtBuild_PcdMaximumAsciiStringLength
                0x000000000001d098                _gPcd_FixedAtBuild_PcdMaximumUnicodeStringLength
 .rodata.str1.1
                0x000000000001d09c      0x125 /tmp/ccvc91s3.ltrans7.ltrans.o
                                        0x219 (size before relaxing)
 .rodata.str1.1
                0x000000000001d1c1      0x17d /tmp/ccvc91s3.ltrans8.ltrans.o
                                        0x228 (size before relaxing)
 *fill*         0x000000000001d33e        0x2 
 .rodata.HiiListPackageLists
                0x000000000001d340       0x28 /tmp/ccvc91s3.ltrans8.ltrans.o
 .rodata.HiiUpdatePackageList
                0x000000000001d368       0x24 /tmp/ccvc91s3.ltrans8.ltrans.o
 .rodata.str1.1
                0x000000000001d38c      0x46e /tmp/ccvc91s3.ltrans9.ltrans.o
                                        0x656 (size before relaxing)
 *fill*         0x000000000001d7fa        0x6 
 .rodata.__FUNCTION__.2692
                0x000000000001d800        0xd /tmp/ccvc91s3.ltrans9.ltrans.o
 *fill*         0x000000000001d80d        0x3 
 .rodata.__FUNCTION__.2798
                0x000000000001d810       0x16 /tmp/ccvc91s3.ltrans9.ltrans.o
 *fill*         0x000000000001d826        0xa 
 .rodata.__FUNCTION__.2820
                0x000000000001d830       0x16 /tmp/ccvc91s3.ltrans9.ltrans.o
 *fill*         0x000000000001d846        0xa 
 .rodata.mHexStr
                0x000000000001d850       0x10 /tmp/ccvc91s3.ltrans9.ltrans.o
 .rodata.str1.1
                0x000000000001d860      0x372 /tmp/ccvc91s3.ltrans10.ltrans.o
                                        0x42d (size before relaxing)
 .rodata.str2.2
                0x000000000001dbd2       0x2e /tmp/ccvc91s3.ltrans10.ltrans.o
                                         0xba (size before relaxing)
 .rodata.str1.1
                0x000000000001dc00       0x4c /tmp/ccvc91s3.ltrans11.ltrans.o
                                         0xbf (size before relaxing)
 .rodata.str2.2
                0x000000000001dc4c       0x2e /tmp/ccvc91s3.ltrans12.ltrans.o
                                         0x88 (size before relaxing)
 .rodata.str1.1
                0x000000000001dc4c       0x18 /tmp/ccvc91s3.ltrans12.ltrans.o
                                        0x25e (size before relaxing)
 *fill*         0x000000000001dc64        0x4 
 .rodata.__FUNCTION__.2529
                0x000000000001dc68        0x9 /tmp/ccvc91s3.ltrans12.ltrans.o
 *fill*         0x000000000001dc71        0x1 
 .rodata.str2.2
                0x000000000001dc72       0x1e /tmp/ccvc91s3.ltrans13.ltrans.o
                                         0x86 (size before relaxing)
 .rodata.str1.1
                0x000000000001dc90       0xc2 /tmp/ccvc91s3.ltrans13.ltrans.o
                                        0x145 (size before relaxing)
 .rodata.str2.2
                0x000000000001dd52       0x1c /tmp/ccvc91s3.ltrans14.ltrans.o
                                         0x94 (size before relaxing)
 .rodata.str1.1
                0x000000000001dd6e       0x68 /tmp/ccvc91s3.ltrans14.ltrans.o
                                        0x118 (size before relaxing)
 .rodata.str1.1
                0x000000000001ddd6       0xfb /tmp/ccvc91s3.ltrans15.ltrans.o
                                        0x24f (size before relaxing)
 *fill*         0x000000000001ded1        0x1 
 .rodata.str2.2
                0x000000000001ded2       0x62 /tmp/ccvc91s3.ltrans15.ltrans.o
 .rodata.EfiConfigKeywordHandlerGetData
                0x000000000001df34       0x8c /tmp/ccvc91s3.ltrans15.ltrans.o
 .rodata.str1.1
                0x000000000001dfc0      0x499 /tmp/ccvc91s3.ltrans16.ltrans.o
                                        0x50c (size before relaxing)
 .rodata._gDriverUnloadImageCount
                0x000000000001e459        0x1 /tmp/ccvc91s3.ltrans16.ltrans.o
                0x000000000001e459                _gPcd_FixedAtBuild_PcdVerifyNodeInList
                0x000000000001e459                _gDriverUnloadImageCount
 *fill*         0x000000000001e45a        0x2 
 .rodata._gUefiDriverRevision
                0x000000000001e45c        0x4 /tmp/ccvc91s3.ltrans16.ltrans.o
                0x000000000001e45c                _gPcd_FixedAtBuild_PcdMaximumLinkedListLength
                0x000000000001e45c                _gUefiDriverRevision
                0x000000000001e45c                _gPcd_FixedAtBuild_PcdControlFlowEnforcementPropertyMask
 .rodata.str1.1
                0x000000000001e460       0x5a /tmp/ccvc91s3.ltrans17.ltrans.o
                                        0x1bd (size before relaxing)
 .rodata.str1.1
                0x000000000001e4ba       0xeb /tmp/ccvc91s3.ltrans18.ltrans.o
                                        0x1e2 (size before relaxing)
 .rodata.str1.1
                0x000000000001e5a5      0x135 /tmp/ccvc91s3.ltrans19.ltrans.o
                                        0x1da (size before relaxing)
 .rodata.str2.2
                0x000000000001e6da       0x30 /tmp/ccvc91s3.ltrans19.ltrans.o
 .rodata.str1.1
                0x000000000001e6da      0x18b /tmp/ccvc91s3.ltrans20.ltrans.o
                                        0x2c3 (size before relaxing)
 *fill*         0x000000000001e865        0x3 
 .rodata.FindStringBlock
                0x000000000001e868       0x8c /tmp/ccvc91s3.ltrans20.ltrans.o
 .rodata.str1.1
                0x000000000001e8f4      0x1b4 /tmp/ccvc91s3.ltrans21.ltrans.o
                                        0x2f7 (size before relaxing)
 .rodata.str2.2
                0x000000000001eaa8       0x1a /tmp/ccvc91s3.ltrans21.ltrans.o
 .rodata.str1.1
                0x000000000001eaa8       0x1d /tmp/ccvc91s3.ltrans22.ltrans.o
                                        0x105 (size before relaxing)
 .rodata.str2.2
                0x000000000001eac5       0x1e /tmp/ccvc91s3.ltrans22.ltrans.o
 .rodata.str1.1
                0x000000000001eac5       0x3b /tmp/ccvc91s3.ltrans23.ltrans.o
                                         0xd2 (size before relaxing)
 .rodata.str2.2
                0x000000000001eb00       0x1a /tmp/ccvc91s3.ltrans23.ltrans.o
 .rodata._gPcd_FixedAtBuild_PcdUefiVariableDefaultPlatformLang
                0x000000000001eb00        0x6 /tmp/ccvc91s3.ltrans23.ltrans.o
 .rodata.str1.1
                0x000000000001eb06       0x68 /tmp/ccvc91s3.ltrans24.ltrans.o
                                        0x188 (size before relaxing)
 *fill*         0x000000000001eb6e        0x2 
 .rodata.InvokeRegisteredFunction
                0x000000000001eb70       0x24 /tmp/ccvc91s3.ltrans24.ltrans.o
 *(.got .got.*)
 .got           0x000000000001eb94        0x0 HiiDatabaseEntry.obj (symbol from plugin)
 .got.plt       0x000000000001eb94        0x0 HiiDatabaseEntry.obj (symbol from plugin)
 *:AutoGen.obj(.data.g*Guid)

.plt            0x000000000001eba0        0x0
 .plt           0x000000000001eba0        0x0 HiiDatabaseEntry.obj (symbol from plugin)

.plt.got        0x000000000001eb98        0x0
 .plt.got       0x000000000001eb98        0x0 HiiDatabaseEntry.obj (symbol from plugin)

.data           0x000000000001ebc0      0x3e8
 *(.data .data.* .gnu.linkonce.d.*)
 .data.gEdkiiIfrBitVarstoreGuid
                0x000000000001ebc0       0x10 /tmp/ccvc91s3.ltrans2.ltrans.o
                0x000000000001ebc0                gEdkiiIfrBitVarstoreGuid
 .data.gEfiMdeModulePkgTokenSpaceGuid
                0x000000000001ebd0       0x10 /tmp/ccvc91s3.ltrans2.ltrans.o
                0x000000000001ebd0                gEfiMdeModulePkgTokenSpaceGuid
 .data.gEfiCallerIdGuid
                0x000000000001ebe0       0x10 /tmp/ccvc91s3.ltrans3.ltrans.o
                0x000000000001ebe0                gEfiCallerIdGuid
 *fill*         0x000000000001ebf0       0x10 
 .data.rel.local.mPrivate
                0x000000000001ec00      0x1a8 /tmp/ccvc91s3.ltrans6.ltrans.o
                0x000000000001ec00                mPrivate
 *fill*         0x000000000001eda8       0x18 
 .data.mLanguageWindow
                0x000000000001edc0       0x20 /tmp/ccvc91s3.ltrans11.ltrans.o
 .data.gEfiPcdProtocolGuid
                0x000000000001ede0       0x10 /tmp/ccvc91s3.ltrans15.ltrans.o
 .data.gEfiDevicePathProtocolGuid
                0x000000000001edf0       0x10 /tmp/ccvc91s3.ltrans16.ltrans.o
                0x000000000001edf0                gEfiDevicePathProtocolGuid
 .data.gEfiHiiImageExProtocolGuid
                0x000000000001ee00       0x10 /tmp/ccvc91s3.ltrans16.ltrans.o
 .data.gEfiHiiKeyBoardLayoutGuid
                0x000000000001ee10       0x10 /tmp/ccvc91s3.ltrans16.ltrans.o
 .data.gEfiConfigKeywordHandlerProtocolGuid
                0x000000000001ee20       0x10 /tmp/ccvc91s3.ltrans16.ltrans.o
 .data.gEfiHiiConfigRoutingProtocolGuid
                0x000000000001ee30       0x10 /tmp/ccvc91s3.ltrans16.ltrans.o
                0x000000000001ee30                gEfiHiiConfigRoutingProtocolGuid
 .data.gEfiHiiStringProtocolGuid
                0x000000000001ee40       0x10 /tmp/ccvc91s3.ltrans16.ltrans.o
 .data.gEfiHiiImageProtocolGuid
                0x000000000001ee50       0x10 /tmp/ccvc91s3.ltrans16.ltrans.o
 .data.gEfiHiiFontProtocolGuid
                0x000000000001ee60       0x10 /tmp/ccvc91s3.ltrans16.ltrans.o
 .data.gEfiHiiDatabaseProtocolGuid
                0x000000000001ee70       0x10 /tmp/ccvc91s3.ltrans16.ltrans.o
                0x000000000001ee70                gEfiHiiDatabaseProtocolGuid
 .data.gEfiDevicePathUtilitiesProtocolGuid
                0x000000000001ee80       0x10 /tmp/ccvc91s3.ltrans16.ltrans.o
 .data.gEfiGetPcdInfoProtocolGuid
                0x000000000001ee90       0x10 /tmp/ccvc91s3.ltrans17.ltrans.o
 .data.rel.local.gVarStorageList
                0x000000000001eea0       0x10 /tmp/ccvc91s3.ltrans17.ltrans.o
 .data.gSkuId   0x000000000001eeb0        0x8 /tmp/ccvc91s3.ltrans17.ltrans.o
 *fill*         0x000000000001eeb8        0x8 
 .data.gEfiHiiImageDecoderNamePngGuid
                0x000000000001eec0       0x10 /tmp/ccvc91s3.ltrans19.ltrans.o
 .data.gEfiHiiImageDecoderNameJpegGuid
                0x000000000001eed0       0x10 /tmp/ccvc91s3.ltrans19.ltrans.o
 .data.gEfiHiiImageDecoderProtocolGuid
                0x000000000001eee0       0x10 /tmp/ccvc91s3.ltrans19.ltrans.o
 .data.mHiiDatabaseLock
                0x000000000001eef0       0x18 /tmp/ccvc91s3.ltrans21.ltrans.o
                0x000000000001eef0                mHiiDatabaseLock
 *fill*         0x000000000001ef08        0x8 
 .data.gEfiGlobalVariableGuid
                0x000000000001ef10       0x10 /tmp/ccvc91s3.ltrans21.ltrans.o
                0x000000000001ef10                gEfiGlobalVariableGuid
 .data.gEfiHiiConfigAccessProtocolGuid
                0x000000000001ef20       0x10 /tmp/ccvc91s3.ltrans22.ltrans.o
                0x000000000001ef20                gEfiHiiConfigAccessProtocolGuid
 .data.rel.ro   0x000000000001ef30        0x0 HiiDatabaseEntry.obj (symbol from plugin)
 *(.bss .bss.*)
 .bss.gNvDefaultStoreSize
                0x000000000001ef30        0x8 /tmp/ccvc91s3.ltrans2.ltrans.o
                0x000000000001ef30                gNvDefaultStoreSize
 .bss.gRTConfigRespBuffer
                0x000000000001ef38        0x8 /tmp/ccvc91s3.ltrans8.ltrans.o
 .bss.gConfigRespSize
                0x000000000001ef40        0x8 /tmp/ccvc91s3.ltrans8.ltrans.o
 .bss.gRTDatabaseInfoBuffer
                0x000000000001ef48        0x8 /tmp/ccvc91s3.ltrans8.ltrans.o
 .bss.gDatabaseInfoSize
                0x000000000001ef50        0x8 /tmp/ccvc91s3.ltrans8.ltrans.o
 .bss.gExportConfigResp
                0x000000000001ef58        0x1 /tmp/ccvc91s3.ltrans8.ltrans.o
                0x000000000001ef58                gExportConfigResp
 .bss.gExportAfterReadyToBoot
                0x000000000001ef59        0x1 /tmp/ccvc91s3.ltrans8.ltrans.o
                0x000000000001ef59                gExportAfterReadyToBoot
 *fill*         0x000000000001ef5a        0x6 
 .bss.mPiPcd    0x000000000001ef60        0x8 /tmp/ccvc91s3.ltrans15.ltrans.o
 .bss.mDebugIoPortFound
                0x000000000001ef68        0x1 /tmp/ccvc91s3.ltrans16.ltrans.o
 .bss.mDebugIoPortChecked
                0x000000000001ef69        0x1 /tmp/ccvc91s3.ltrans16.ltrans.o
 *fill*         0x000000000001ef6a        0x6 
 .bss.gHiiKeyboardLayoutChanged
                0x000000000001ef70        0x8 /tmp/ccvc91s3.ltrans16.ltrans.o
                0x000000000001ef70                gHiiKeyboardLayoutChanged
 .bss.gST       0x000000000001ef78        0x8 /tmp/ccvc91s3.ltrans16.ltrans.o
 .bss.gImageHandle
                0x000000000001ef80        0x8 /tmp/ccvc91s3.ltrans16.ltrans.o
 .bss.mDevicePathLibDevicePathUtilities
                0x000000000001ef88        0x8 /tmp/ccvc91s3.ltrans16.ltrans.o
 .bss.mPiPcdInfo
                0x000000000001ef90        0x8 /tmp/ccvc91s3.ltrans17.ltrans.o
 .bss.gBS       0x000000000001ef98        0x8 /tmp/ccvc91s3.ltrans21.ltrans.o
                0x000000000001ef98                gBS
 .bss.gRT       0x000000000001efa0        0x8 /tmp/ccvc91s3.ltrans21.ltrans.o
                0x000000000001efa0                gRT

.eh_frame       0x000000000001efc0        0x0
 *(.eh_frame)
 .eh_frame      0x000000000001efc0        0x0 HiiDatabaseEntry.obj (symbol from plugin)
 .eh_frame      0x000000000001efc0        0x0 HiiDatabaseEntry.obj (symbol from plugin)

.dynbss         0x000000000001efc0        0x0
 .dynbss        0x000000000001efc0        0x0 HiiDatabaseEntry.obj (symbol from plugin)

.gnu.version_d  0x000000000001efc0        0x0
 .gnu.version_d
                0x000000000001efc0        0x0 HiiDatabaseEntry.obj (symbol from plugin)

.gnu.version    0x000000000001efc0        0x0
 .gnu.version   0x000000000001efc0        0x0 HiiDatabaseEntry.obj (symbol from plugin)

.gnu.version_r  0x000000000001efc0        0x0
 .gnu.version_r
                0x000000000001efc0        0x0 HiiDatabaseEntry.obj (symbol from plugin)

.rela           0x000000000001efc0      0x3d8
 *(.rela .rela.*)
 .rela.plt      0x000000000001efc0        0x0 HiiDatabaseEntry.obj (symbol from plugin)
 .rela.got      0x000000000001efc0        0x0 HiiDatabaseEntry.obj (symbol from plugin)
 .rela.bss      0x000000000001efc0        0x0 HiiDatabaseEntry.obj (symbol from plugin)
 .rela.data.rel.ro
                0x000000000001efc0        0x0 HiiDatabaseEntry.obj (symbol from plugin)
 .rela.ifunc    0x000000000001efc0        0x0 HiiDatabaseEntry.obj (symbol from plugin)
 .rela.data.rel.local.mPrivate
                0x000000000001efc0      0x3a8 HiiDatabaseEntry.obj (symbol from plugin)
 .rela.data.rel.local.gVarStorageList
                0x000000000001f368       0x30 HiiDatabaseEntry.obj (symbol from plugin)

.hii
 *(.hii)

.build-id       0x000000000001f398       0x24
 *(.note.gnu.build-id)
 .note.gnu.build-id
                0x000000000001f398       0x24 HiiDatabaseEntry.obj (symbol from plugin)

/DISCARD/
 *(.note.GNU-stack)
 *(.gnu_debuglink)
 *(.interp)
 *(.dynsym)
 *(.dynstr)
 *(.dynamic)
 *(.hash .gnu.hash)
 *(.comment)
OUTPUT(/home/hcj/UEFIWorkspace/Build/OvmfX64/DEBUG_GCC5/X64/MdeModulePkg/Universal/HiiDatabaseDxe/HiiDatabaseDxe/DEBUG/HiiDatabase.dll elf64-x86-64)

.debug_info     0x0000000000000000    0x44493
 .debug_info    0x0000000000000000     0x3154 /tmp/ccvc91s3.ltrans0.ltrans.o
 .debug_info    0x0000000000003154     0x396d /tmp/ccvc91s3.ltrans1.ltrans.o
 .debug_info    0x0000000000006ac1     0x3d3c /tmp/ccvc91s3.ltrans2.ltrans.o
 .debug_info    0x000000000000a7fd     0x38b7 /tmp/ccvc91s3.ltrans3.ltrans.o
 .debug_info    0x000000000000e0b4     0x2fbf /tmp/ccvc91s3.ltrans4.ltrans.o
 .debug_info    0x0000000000011073     0x1641 /tmp/ccvc91s3.ltrans5.ltrans.o
 .debug_info    0x00000000000126b4     0x27e7 /tmp/ccvc91s3.ltrans6.ltrans.o
 .debug_info    0x0000000000014e9b     0x2875 /tmp/ccvc91s3.ltrans7.ltrans.o
 .debug_info    0x0000000000017710     0x33e0 /tmp/ccvc91s3.ltrans8.ltrans.o
 .debug_info    0x000000000001aaf0     0x14db /tmp/ccvc91s3.ltrans9.ltrans.o
 .debug_info    0x000000000001bfcb     0x240e /tmp/ccvc91s3.ltrans10.ltrans.o
 .debug_info    0x000000000001e3d9     0x3386 /tmp/ccvc91s3.ltrans11.ltrans.o
 .debug_info    0x000000000002175f     0x25ab /tmp/ccvc91s3.ltrans12.ltrans.o
 .debug_info    0x0000000000023d0a     0x2257 /tmp/ccvc91s3.ltrans13.ltrans.o
 .debug_info    0x0000000000025f61     0x38f3 /tmp/ccvc91s3.ltrans14.ltrans.o
 .debug_info    0x0000000000029854     0x21c9 /tmp/ccvc91s3.ltrans15.ltrans.o
 .debug_info    0x000000000002ba1d     0x3272 /tmp/ccvc91s3.ltrans16.ltrans.o
 .debug_info    0x000000000002ec8f     0x3646 /tmp/ccvc91s3.ltrans17.ltrans.o
 .debug_info    0x00000000000322d5     0x2f41 /tmp/ccvc91s3.ltrans18.ltrans.o
 .debug_info    0x0000000000035216     0x2e03 /tmp/ccvc91s3.ltrans19.ltrans.o
 .debug_info    0x0000000000038019     0x24a3 /tmp/ccvc91s3.ltrans20.ltrans.o
 .debug_info    0x000000000003a4bc     0x2123 /tmp/ccvc91s3.ltrans21.ltrans.o
 .debug_info    0x000000000003c5df     0x2e89 /tmp/ccvc91s3.ltrans22.ltrans.o
 .debug_info    0x000000000003f468     0x275e /tmp/ccvc91s3.ltrans23.ltrans.o
 .debug_info    0x0000000000041bc6     0x2772 /tmp/ccvc91s3.ltrans24.ltrans.o
 .debug_info    0x0000000000044338      0x15b /tmp/ccvc91s3.ltrans25.ltrans.o

.debug_abbrev   0x0000000000000000     0x4af9
 .debug_abbrev  0x0000000000000000      0x296 /tmp/ccvc91s3.ltrans0.ltrans.o
 .debug_abbrev  0x0000000000000296      0x3cd /tmp/ccvc91s3.ltrans1.ltrans.o
 .debug_abbrev  0x0000000000000663      0x2ef /tmp/ccvc91s3.ltrans2.ltrans.o
 .debug_abbrev  0x0000000000000952      0x37a /tmp/ccvc91s3.ltrans3.ltrans.o
 .debug_abbrev  0x0000000000000ccc      0x342 /tmp/ccvc91s3.ltrans4.ltrans.o
 .debug_abbrev  0x000000000000100e      0x2f9 /tmp/ccvc91s3.ltrans5.ltrans.o
 .debug_abbrev  0x0000000000001307      0x2f9 /tmp/ccvc91s3.ltrans6.ltrans.o
 .debug_abbrev  0x0000000000001600      0x2c5 /tmp/ccvc91s3.ltrans7.ltrans.o
 .debug_abbrev  0x00000000000018c5      0x308 /tmp/ccvc91s3.ltrans8.ltrans.o
 .debug_abbrev  0x0000000000001bcd      0x286 /tmp/ccvc91s3.ltrans9.ltrans.o
 .debug_abbrev  0x0000000000001e53      0x293 /tmp/ccvc91s3.ltrans10.ltrans.o
 .debug_abbrev  0x00000000000020e6      0x278 /tmp/ccvc91s3.ltrans11.ltrans.o
 .debug_abbrev  0x000000000000235e      0x2dd /tmp/ccvc91s3.ltrans12.ltrans.o
 .debug_abbrev  0x000000000000263b      0x28a /tmp/ccvc91s3.ltrans13.ltrans.o
 .debug_abbrev  0x00000000000028c5      0x34a /tmp/ccvc91s3.ltrans14.ltrans.o
 .debug_abbrev  0x0000000000002c0f      0x275 /tmp/ccvc91s3.ltrans15.ltrans.o
 .debug_abbrev  0x0000000000002e84      0x497 /tmp/ccvc91s3.ltrans16.ltrans.o
 .debug_abbrev  0x000000000000331b      0x351 /tmp/ccvc91s3.ltrans17.ltrans.o
 .debug_abbrev  0x000000000000366c      0x23c /tmp/ccvc91s3.ltrans18.ltrans.o
 .debug_abbrev  0x00000000000038a8      0x38b /tmp/ccvc91s3.ltrans19.ltrans.o
 .debug_abbrev  0x0000000000003c33      0x294 /tmp/ccvc91s3.ltrans20.ltrans.o
 .debug_abbrev  0x0000000000003ec7      0x293 /tmp/ccvc91s3.ltrans21.ltrans.o
 .debug_abbrev  0x000000000000415a      0x2ce /tmp/ccvc91s3.ltrans22.ltrans.o
 .debug_abbrev  0x0000000000004428      0x2e3 /tmp/ccvc91s3.ltrans23.ltrans.o
 .debug_abbrev  0x000000000000470b      0x328 /tmp/ccvc91s3.ltrans24.ltrans.o
 .debug_abbrev  0x0000000000004a33       0xc6 /tmp/ccvc91s3.ltrans25.ltrans.o

.debug_loc      0x0000000000000000    0x2f5a9
 .debug_loc     0x0000000000000000     0x2e0d /tmp/ccvc91s3.ltrans0.ltrans.o
 .debug_loc     0x0000000000002e0d     0x2d7c /tmp/ccvc91s3.ltrans1.ltrans.o
 .debug_loc     0x0000000000005b89     0x358f /tmp/ccvc91s3.ltrans2.ltrans.o
 .debug_loc     0x0000000000009118     0x239a /tmp/ccvc91s3.ltrans3.ltrans.o
 .debug_loc     0x000000000000b4b2     0x287e /tmp/ccvc91s3.ltrans4.ltrans.o
 .debug_loc     0x000000000000dd30     0x1a3f /tmp/ccvc91s3.ltrans5.ltrans.o
 .debug_loc     0x000000000000f76f     0x203e /tmp/ccvc91s3.ltrans6.ltrans.o
 .debug_loc     0x00000000000117ad     0x2251 /tmp/ccvc91s3.ltrans7.ltrans.o
 .debug_loc     0x00000000000139fe     0x1e3c /tmp/ccvc91s3.ltrans8.ltrans.o
 .debug_loc     0x000000000001583a     0x17bb /tmp/ccvc91s3.ltrans9.ltrans.o
 .debug_loc     0x0000000000016ff5     0x233e /tmp/ccvc91s3.ltrans10.ltrans.o
 .debug_loc     0x0000000000019333     0x2255 /tmp/ccvc91s3.ltrans11.ltrans.o
 .debug_loc     0x000000000001b588     0x16c7 /tmp/ccvc91s3.ltrans12.ltrans.o
 .debug_loc     0x000000000001cc4f     0x224f /tmp/ccvc91s3.ltrans13.ltrans.o
 .debug_loc     0x000000000001ee9e     0x1f90 /tmp/ccvc91s3.ltrans14.ltrans.o
 .debug_loc     0x0000000000020e2e     0x213b /tmp/ccvc91s3.ltrans15.ltrans.o
 .debug_loc     0x0000000000022f69      0xe47 /tmp/ccvc91s3.ltrans16.ltrans.o
 .debug_loc     0x0000000000023db0     0x20d2 /tmp/ccvc91s3.ltrans17.ltrans.o
 .debug_loc     0x0000000000025e82     0x166d /tmp/ccvc91s3.ltrans18.ltrans.o
 .debug_loc     0x00000000000274ef     0x1d24 /tmp/ccvc91s3.ltrans19.ltrans.o
 .debug_loc     0x0000000000029213     0x18c0 /tmp/ccvc91s3.ltrans20.ltrans.o
 .debug_loc     0x000000000002aad3      0xf6a /tmp/ccvc91s3.ltrans21.ltrans.o
 .debug_loc     0x000000000002ba3d     0x10d3 /tmp/ccvc91s3.ltrans22.ltrans.o
 .debug_loc     0x000000000002cb10     0x1479 /tmp/ccvc91s3.ltrans23.ltrans.o
 .debug_loc     0x000000000002df89     0x1529 /tmp/ccvc91s3.ltrans24.ltrans.o
 .debug_loc     0x000000000002f4b2       0xf7 /tmp/ccvc91s3.ltrans25.ltrans.o

.debug_aranges  0x0000000000000000      0xf60
 .debug_aranges
                0x0000000000000000       0x30 /tmp/ccvc91s3.ltrans0.ltrans.o
 .debug_aranges
                0x0000000000000030       0xf0 /tmp/ccvc91s3.ltrans1.ltrans.o
 .debug_aranges
                0x0000000000000120       0x30 /tmp/ccvc91s3.ltrans2.ltrans.o
 .debug_aranges
                0x0000000000000150       0xf0 /tmp/ccvc91s3.ltrans3.ltrans.o
 .debug_aranges
                0x0000000000000240       0xd0 /tmp/ccvc91s3.ltrans4.ltrans.o
 .debug_aranges
                0x0000000000000310      0x160 /tmp/ccvc91s3.ltrans5.ltrans.o
 .debug_aranges
                0x0000000000000470       0x80 /tmp/ccvc91s3.ltrans6.ltrans.o
 .debug_aranges
                0x00000000000004f0       0x50 /tmp/ccvc91s3.ltrans7.ltrans.o
 .debug_aranges
                0x0000000000000540       0xa0 /tmp/ccvc91s3.ltrans8.ltrans.o
 .debug_aranges
                0x00000000000005e0      0x170 /tmp/ccvc91s3.ltrans9.ltrans.o
 .debug_aranges
                0x0000000000000750       0xa0 /tmp/ccvc91s3.ltrans10.ltrans.o
 .debug_aranges
                0x00000000000007f0       0x50 /tmp/ccvc91s3.ltrans11.ltrans.o
 .debug_aranges
                0x0000000000000840       0x60 /tmp/ccvc91s3.ltrans12.ltrans.o
 .debug_aranges
                0x00000000000008a0       0x90 /tmp/ccvc91s3.ltrans13.ltrans.o
 .debug_aranges
                0x0000000000000930       0x70 /tmp/ccvc91s3.ltrans14.ltrans.o
 .debug_aranges
                0x00000000000009a0       0x50 /tmp/ccvc91s3.ltrans15.ltrans.o
 .debug_aranges
                0x00000000000009f0      0x140 /tmp/ccvc91s3.ltrans16.ltrans.o
 .debug_aranges
                0x0000000000000b30       0xe0 /tmp/ccvc91s3.ltrans17.ltrans.o
 .debug_aranges
                0x0000000000000c10       0x30 /tmp/ccvc91s3.ltrans18.ltrans.o
 .debug_aranges
                0x0000000000000c40      0x100 /tmp/ccvc91s3.ltrans19.ltrans.o
 .debug_aranges
                0x0000000000000d40       0x60 /tmp/ccvc91s3.ltrans20.ltrans.o
 .debug_aranges
                0x0000000000000da0       0x80 /tmp/ccvc91s3.ltrans21.ltrans.o
 .debug_aranges
                0x0000000000000e20       0x40 /tmp/ccvc91s3.ltrans22.ltrans.o
 .debug_aranges
                0x0000000000000e60       0x50 /tmp/ccvc91s3.ltrans23.ltrans.o
 .debug_aranges
                0x0000000000000eb0       0x80 /tmp/ccvc91s3.ltrans24.ltrans.o
 .debug_aranges
                0x0000000000000f30       0x30 /tmp/ccvc91s3.ltrans25.ltrans.o

.debug_ranges   0x0000000000000000     0x41e0
 .debug_ranges  0x0000000000000000      0x560 /tmp/ccvc91s3.ltrans0.ltrans.o
 .debug_ranges  0x0000000000000560      0x2f0 /tmp/ccvc91s3.ltrans1.ltrans.o
 .debug_ranges  0x0000000000000850      0x760 /tmp/ccvc91s3.ltrans2.ltrans.o
 .debug_ranges  0x0000000000000fb0      0x300 /tmp/ccvc91s3.ltrans3.ltrans.o
 .debug_ranges  0x00000000000012b0      0x240 /tmp/ccvc91s3.ltrans4.ltrans.o
 .debug_ranges  0x00000000000014f0      0x220 /tmp/ccvc91s3.ltrans5.ltrans.o
 .debug_ranges  0x0000000000001710      0x110 /tmp/ccvc91s3.ltrans6.ltrans.o
 .debug_ranges  0x0000000000001820      0x230 /tmp/ccvc91s3.ltrans7.ltrans.o
 .debug_ranges  0x0000000000001a50      0x260 /tmp/ccvc91s3.ltrans8.ltrans.o
 .debug_ranges  0x0000000000001cb0      0x190 /tmp/ccvc91s3.ltrans9.ltrans.o
 .debug_ranges  0x0000000000001e40      0x2a0 /tmp/ccvc91s3.ltrans10.ltrans.o
 .debug_ranges  0x00000000000020e0      0x390 /tmp/ccvc91s3.ltrans11.ltrans.o
 .debug_ranges  0x0000000000002470       0xa0 /tmp/ccvc91s3.ltrans12.ltrans.o
 .debug_ranges  0x0000000000002510      0x340 /tmp/ccvc91s3.ltrans13.ltrans.o
 .debug_ranges  0x0000000000002850      0x2a0 /tmp/ccvc91s3.ltrans14.ltrans.o
 .debug_ranges  0x0000000000002af0      0x760 /tmp/ccvc91s3.ltrans15.ltrans.o
 .debug_ranges  0x0000000000003250      0x1e0 /tmp/ccvc91s3.ltrans16.ltrans.o
 .debug_ranges  0x0000000000003430      0x1c0 /tmp/ccvc91s3.ltrans17.ltrans.o
 .debug_ranges  0x00000000000035f0      0x270 /tmp/ccvc91s3.ltrans18.ltrans.o
 .debug_ranges  0x0000000000003860      0x270 /tmp/ccvc91s3.ltrans19.ltrans.o
 .debug_ranges  0x0000000000003ad0       0x50 /tmp/ccvc91s3.ltrans20.ltrans.o
 .debug_ranges  0x0000000000003b20      0x140 /tmp/ccvc91s3.ltrans21.ltrans.o
 .debug_ranges  0x0000000000003c60      0x230 /tmp/ccvc91s3.ltrans22.ltrans.o
 .debug_ranges  0x0000000000003e90      0x1c0 /tmp/ccvc91s3.ltrans23.ltrans.o
 .debug_ranges  0x0000000000004050      0x170 /tmp/ccvc91s3.ltrans24.ltrans.o
 .debug_ranges  0x00000000000041c0       0x20 /tmp/ccvc91s3.ltrans25.ltrans.o

.debug_line     0x0000000000000000     0x9992
 .debug_line    0x0000000000000000      0x73a /tmp/ccvc91s3.ltrans0.ltrans.o
 .debug_line    0x000000000000073a      0x7a9 /tmp/ccvc91s3.ltrans1.ltrans.o
 .debug_line    0x0000000000000ee3      0x6ad /tmp/ccvc91s3.ltrans2.ltrans.o
 .debug_line    0x0000000000001590      0x6c5 /tmp/ccvc91s3.ltrans3.ltrans.o
 .debug_line    0x0000000000001c55      0x6b2 /tmp/ccvc91s3.ltrans4.ltrans.o
 .debug_line    0x0000000000002307      0x56f /tmp/ccvc91s3.ltrans5.ltrans.o
 .debug_line    0x0000000000002876      0x827 /tmp/ccvc91s3.ltrans6.ltrans.o
 .debug_line    0x000000000000309d      0x5fb /tmp/ccvc91s3.ltrans7.ltrans.o
 .debug_line    0x0000000000003698      0x606 /tmp/ccvc91s3.ltrans8.ltrans.o
 .debug_line    0x0000000000003c9e      0x575 /tmp/ccvc91s3.ltrans9.ltrans.o
 .debug_line    0x0000000000004213      0x63d /tmp/ccvc91s3.ltrans10.ltrans.o
 .debug_line    0x0000000000004850      0x582 /tmp/ccvc91s3.ltrans11.ltrans.o
 .debug_line    0x0000000000004dd2      0x5cd /tmp/ccvc91s3.ltrans12.ltrans.o
 .debug_line    0x000000000000539f      0x54c /tmp/ccvc91s3.ltrans13.ltrans.o
 .debug_line    0x00000000000058eb      0x5bc /tmp/ccvc91s3.ltrans14.ltrans.o
 .debug_line    0x0000000000005ea7      0x6ec /tmp/ccvc91s3.ltrans15.ltrans.o
 .debug_line    0x0000000000006593      0x921 /tmp/ccvc91s3.ltrans16.ltrans.o
 .debug_line    0x0000000000006eb4      0x74f /tmp/ccvc91s3.ltrans17.ltrans.o
 .debug_line    0x0000000000007603      0x41c /tmp/ccvc91s3.ltrans18.ltrans.o
 .debug_line    0x0000000000007a1f      0x634 /tmp/ccvc91s3.ltrans19.ltrans.o
 .debug_line    0x0000000000008053      0x440 /tmp/ccvc91s3.ltrans20.ltrans.o
 .debug_line    0x0000000000008493      0x5c6 /tmp/ccvc91s3.ltrans21.ltrans.o
 .debug_line    0x0000000000008a59      0x4d0 /tmp/ccvc91s3.ltrans22.ltrans.o
 .debug_line    0x0000000000008f29      0x502 /tmp/ccvc91s3.ltrans23.ltrans.o
 .debug_line    0x000000000000942b      0x463 /tmp/ccvc91s3.ltrans24.ltrans.o
 .debug_line    0x000000000000988e      0x104 /tmp/ccvc91s3.ltrans25.ltrans.o

.debug_str      0x0000000000000000     0x6c4e
 .debug_str     0x0000000000000000      0xd37 /tmp/ccvc91s3.ltrans0.ltrans.o
                                       0x1056 (size before relaxing)
 .debug_str     0x0000000000000d37      0xf5f /tmp/ccvc91s3.ltrans1.ltrans.o
                                       0x1a16 (size before relaxing)
 .debug_str     0x0000000000001c96      0x62c /tmp/ccvc91s3.ltrans2.ltrans.o
                                       0x1f72 (size before relaxing)
 .debug_str     0x00000000000022c2      0x372 /tmp/ccvc91s3.ltrans3.ltrans.o
                                       0x1ae9 (size before relaxing)
 .debug_str     0x0000000000002634      0x33c /tmp/ccvc91s3.ltrans4.ltrans.o
                                       0x1a38 (size before relaxing)
 .debug_str     0x0000000000002970      0x2b2 /tmp/ccvc91s3.ltrans5.ltrans.o
                                        0x646 (size before relaxing)
 .debug_str     0x0000000000002c22      0x47f /tmp/ccvc91s3.ltrans6.ltrans.o
                                       0x19a4 (size before relaxing)
 .debug_str     0x00000000000030a1      0x19e /tmp/ccvc91s3.ltrans7.ltrans.o
                                       0x1574 (size before relaxing)
 .debug_str     0x000000000000323f      0x27f /tmp/ccvc91s3.ltrans8.ltrans.o
                                       0x17c8 (size before relaxing)
 .debug_str     0x00000000000034be      0x22a /tmp/ccvc91s3.ltrans9.ltrans.o
                                        0x625 (size before relaxing)
 .debug_str     0x00000000000036e8      0x26d /tmp/ccvc91s3.ltrans10.ltrans.o
                                        0xb9a (size before relaxing)
 .debug_str     0x0000000000003955      0x1a7 /tmp/ccvc91s3.ltrans11.ltrans.o
                                       0x18b7 (size before relaxing)
 .debug_str     0x0000000000003afc       0xe8 /tmp/ccvc91s3.ltrans12.ltrans.o
                                       0x1406 (size before relaxing)
 .debug_str     0x0000000000003be4      0x296 /tmp/ccvc91s3.ltrans13.ltrans.o
                                        0xc84 (size before relaxing)
 .debug_str     0x0000000000003e7a      0x32e /tmp/ccvc91s3.ltrans14.ltrans.o
                                       0x1cb9 (size before relaxing)
 .debug_str     0x00000000000041a8      0x40c /tmp/ccvc91s3.ltrans15.ltrans.o
                                        0xec5 (size before relaxing)
 .debug_str     0x00000000000045b4     0x1828 /tmp/ccvc91s3.ltrans16.ltrans.o
                                       0x1d7c (size before relaxing)
 .debug_str     0x0000000000005ddc      0x460 /tmp/ccvc91s3.ltrans17.ltrans.o
                                       0x1efc (size before relaxing)
 .debug_str     0x000000000000623c      0x193 /tmp/ccvc91s3.ltrans18.ltrans.o
                                       0x18b8 (size before relaxing)
 .debug_str     0x00000000000063cf      0x227 /tmp/ccvc91s3.ltrans19.ltrans.o
                                       0x18c6 (size before relaxing)
 .debug_str     0x00000000000065f6       0xbe /tmp/ccvc91s3.ltrans20.ltrans.o
                                       0x1638 (size before relaxing)
 .debug_str     0x00000000000066b4      0x249 /tmp/ccvc91s3.ltrans21.ltrans.o
                                       0x1465 (size before relaxing)
 .debug_str     0x00000000000068fd       0xd8 /tmp/ccvc91s3.ltrans22.ltrans.o
                                       0x1a46 (size before relaxing)
 .debug_str     0x00000000000069d5      0x105 /tmp/ccvc91s3.ltrans23.ltrans.o
                                       0x156d (size before relaxing)
 .debug_str     0x0000000000006ada      0x141 /tmp/ccvc91s3.ltrans24.ltrans.o
                                       0x173d (size before relaxing)
 .debug_str     0x0000000000006c1b       0x33 /tmp/ccvc91s3.ltrans25.ltrans.o
                                        0x28d (size before relaxing)

.debug_frame    0x0000000000000000     0x4dd8
 .debug_frame   0x0000000000000000       0x88 /tmp/ccvc91s3.ltrans0.ltrans.o
 .debug_frame   0x0000000000000088      0x5b0 /tmp/ccvc91s3.ltrans1.ltrans.o
 .debug_frame   0x0000000000000638      0x2d0 /tmp/ccvc91s3.ltrans2.ltrans.o
 .debug_frame   0x0000000000000908      0x5d0 /tmp/ccvc91s3.ltrans3.ltrans.o
 .debug_frame   0x0000000000000ed8      0x5d8 /tmp/ccvc91s3.ltrans4.ltrans.o
 .debug_frame   0x00000000000014b0      0x460 /tmp/ccvc91s3.ltrans5.ltrans.o
 .debug_frame   0x0000000000001910      0x2d0 /tmp/ccvc91s3.ltrans6.ltrans.o
 .debug_frame   0x0000000000001be0      0x158 /tmp/ccvc91s3.ltrans7.ltrans.o
 .debug_frame   0x0000000000001d38      0x398 /tmp/ccvc91s3.ltrans8.ltrans.o
 .debug_frame   0x00000000000020d0      0x4b8 /tmp/ccvc91s3.ltrans9.ltrans.o
 .debug_frame   0x0000000000002588      0x440 /tmp/ccvc91s3.ltrans10.ltrans.o
 .debug_frame   0x00000000000029c8      0x168 /tmp/ccvc91s3.ltrans11.ltrans.o
 .debug_frame   0x0000000000002b30      0x200 /tmp/ccvc91s3.ltrans12.ltrans.o
 .debug_frame   0x0000000000002d30      0x380 /tmp/ccvc91s3.ltrans13.ltrans.o
 .debug_frame   0x00000000000030b0      0x230 /tmp/ccvc91s3.ltrans14.ltrans.o
 .debug_frame   0x00000000000032e0       0xe8 /tmp/ccvc91s3.ltrans15.ltrans.o
 .debug_frame   0x00000000000033c8      0x328 /tmp/ccvc91s3.ltrans16.ltrans.o
 .debug_frame   0x00000000000036f0      0x558 /tmp/ccvc91s3.ltrans17.ltrans.o
 .debug_frame   0x0000000000003c48      0x1f0 /tmp/ccvc91s3.ltrans18.ltrans.o
 .debug_frame   0x0000000000003e38      0x518 /tmp/ccvc91s3.ltrans19.ltrans.o
 .debug_frame   0x0000000000004350      0x300 /tmp/ccvc91s3.ltrans20.ltrans.o
 .debug_frame   0x0000000000004650      0x238 /tmp/ccvc91s3.ltrans21.ltrans.o
 .debug_frame   0x0000000000004888       0xf8 /tmp/ccvc91s3.ltrans22.ltrans.o
 .debug_frame   0x0000000000004980      0x168 /tmp/ccvc91s3.ltrans23.ltrans.o
 .debug_frame   0x0000000000004ae8      0x2a8 /tmp/ccvc91s3.ltrans24.ltrans.o
 .debug_frame   0x0000000000004d90       0x48 /tmp/ccvc91s3.ltrans25.ltrans.o
