Archive member included to satisfy reference by file (symbol)

/home/hcj/UEFIWorkspace/Build/AppPkg/DEBUG_GCC5/X64/AppPkg/Applications/Enquire/Enquire/OUTPUT/Enquire.lib(Enquire.obj)
                              (--whole-archive)
/home/hcj/UEFIWorkspace/Build/AppPkg/DEBUG_GCC5/X64/AppPkg/Applications/Enquire/Enquire/OUTPUT/Enquire.lib(AutoGen.obj)
                              (--whole-archive)
/home/hcj/UEFIWorkspace/Build/AppPkg/DEBUG_GCC5/X64/MdePkg/Library/UefiApplicationEntryPoint/UefiApplicationEntryPoint/OUTPUT/UefiApplicationEntryPoint.lib(ApplicationEntryPoint.obj)
                              (--whole-archive)
/home/hcj/UEFIWorkspace/Build/AppPkg/DEBUG_GCC5/X64/ShellPkg/Library/UefiShellCEntryLib/UefiShellCEntryLib/OUTPUT/UefiShellCEntryLib.lib(UefiShellCEntryLib.obj)
                              (--whole-archive)
/home/hcj/UEFIWorkspace/Build/AppPkg/DEBUG_GCC5/X64/StdLib/LibC/Uefi/Devices/daUtility/OUTPUT/DevUtility.lib(DevGenisis.obj)
                              (--whole-archive)
/home/hcj/UEFIWorkspace/Build/AppPkg/DEBUG_GCC5/X64/StdLib/LibC/Uefi/Devices/daUtility/OUTPUT/DevUtility.lib(DevSearch.obj)
                              (--whole-archive)
/home/hcj/UEFIWorkspace/Build/AppPkg/DEBUG_GCC5/X64/StdLib/LibC/Uefi/Devices/daUtility/OUTPUT/DevUtility.lib(Path.obj)
                              (--whole-archive)
/home/hcj/UEFIWorkspace/Build/AppPkg/DEBUG_GCC5/X64/StdLib/PosixLib/Gen/LibGen/OUTPUT/LibGen.lib(dirname.obj)
                              (--whole-archive)
/home/hcj/UEFIWorkspace/Build/AppPkg/DEBUG_GCC5/X64/StdLib/PosixLib/Gen/LibGen/OUTPUT/LibGen.lib(opendir.obj)
                              (--whole-archive)
/home/hcj/UEFIWorkspace/Build/AppPkg/DEBUG_GCC5/X64/StdLib/PosixLib/Gen/LibGen/OUTPUT/LibGen.lib(closedir.obj)
                              (--whole-archive)
/home/hcj/UEFIWorkspace/Build/AppPkg/DEBUG_GCC5/X64/StdLib/PosixLib/Gen/LibGen/OUTPUT/LibGen.lib(readdir.obj)
                              (--whole-archive)
/home/hcj/UEFIWorkspace/Build/AppPkg/DEBUG_GCC5/X64/StdLib/PosixLib/Gen/LibGen/OUTPUT/LibGen.lib(access.obj)
                              (--whole-archive)
/home/hcj/UEFIWorkspace/Build/AppPkg/DEBUG_GCC5/X64/StdLib/PosixLib/Gen/LibGen/OUTPUT/LibGen.lib(utime.obj)
                              (--whole-archive)
/home/hcj/UEFIWorkspace/Build/AppPkg/DEBUG_GCC5/X64/StdLib/LibC/Uefi/Uefi/OUTPUT/LibUefi.lib(select.obj)
                              (--whole-archive)
/home/hcj/UEFIWorkspace/Build/AppPkg/DEBUG_GCC5/X64/StdLib/LibC/Uefi/Uefi/OUTPUT/LibUefi.lib(SysCalls.obj)
                              (--whole-archive)
/home/hcj/UEFIWorkspace/Build/AppPkg/DEBUG_GCC5/X64/StdLib/LibC/Uefi/Uefi/OUTPUT/LibUefi.lib(writev.obj)
                              (--whole-archive)
/home/hcj/UEFIWorkspace/Build/AppPkg/DEBUG_GCC5/X64/StdLib/LibC/Uefi/Uefi/OUTPUT/LibUefi.lib(Xform.obj)
                              (--whole-archive)
/home/hcj/UEFIWorkspace/Build/AppPkg/DEBUG_GCC5/X64/StdLib/LibC/Uefi/Uefi/OUTPUT/LibUefi.lib(compat.obj)
                              (--whole-archive)
/home/hcj/UEFIWorkspace/Build/AppPkg/DEBUG_GCC5/X64/StdLib/LibC/Uefi/Uefi/OUTPUT/LibUefi.lib(StubFunctions.obj)
                              (--whole-archive)
/home/hcj/UEFIWorkspace/Build/AppPkg/DEBUG_GCC5/X64/StdLib/LibC/Time/Time/OUTPUT/LibTime.lib(Time.obj)
                              (--whole-archive)
/home/hcj/UEFIWorkspace/Build/AppPkg/DEBUG_GCC5/X64/StdLib/LibC/Time/Time/OUTPUT/LibTime.lib(ZoneProc.obj)
                              (--whole-archive)
/home/hcj/UEFIWorkspace/Build/AppPkg/DEBUG_GCC5/X64/StdLib/LibC/Time/Time/OUTPUT/LibTime.lib(strftime.obj)
                              (--whole-archive)
/home/hcj/UEFIWorkspace/Build/AppPkg/DEBUG_GCC5/X64/StdLib/LibC/Time/Time/OUTPUT/LibTime.lib(strptime.obj)
                              (--whole-archive)
/home/hcj/UEFIWorkspace/Build/AppPkg/DEBUG_GCC5/X64/StdLib/LibC/Time/Time/OUTPUT/LibTime.lib(TimeEfi.obj)
                              (--whole-archive)
/home/hcj/UEFIWorkspace/Build/AppPkg/DEBUG_GCC5/X64/StdLib/LibC/Time/Time/OUTPUT/LibTime.lib(gettimeofday.obj)
                              (--whole-archive)
/home/hcj/UEFIWorkspace/Build/AppPkg/DEBUG_GCC5/X64/StdLib/LibC/Time/Time/OUTPUT/LibTime.lib(timegm.obj)
                              (--whole-archive)
/home/hcj/UEFIWorkspace/Build/AppPkg/DEBUG_GCC5/X64/StdLib/LibC/Time/Time/OUTPUT/LibTime.lib(itimer.obj)
                              (--whole-archive)
/home/hcj/UEFIWorkspace/Build/AppPkg/DEBUG_GCC5/X64/MdePkg/Library/BasePrintLib/BasePrintLib/OUTPUT/BasePrintLib.lib(PrintLibInternal.obj)
                              (--whole-archive)
/home/hcj/UEFIWorkspace/Build/AppPkg/DEBUG_GCC5/X64/MdePkg/Library/BasePrintLib/BasePrintLib/OUTPUT/BasePrintLib.lib(PrintLib.obj)
                              (--whole-archive)
/home/hcj/UEFIWorkspace/Build/AppPkg/DEBUG_GCC5/X64/StdLib/LibC/Signal/Signal/OUTPUT/LibSignal.lib(Signal.obj)
                              (--whole-archive)
[...]
Memory Configuration

Name             Origin             Length             Attributes
*default*        0x0000000000000000 0xffffffffffffffff

Linker script and memory map

LOAD /tmp/ccnwbTDl.ltrans0.ltrans.o
LOAD /tmp/ccnwbTDl.ltrans1.ltrans.o
LOAD /tmp/ccnwbTDl.ltrans2.ltrans.o
LOAD /tmp/ccnwbTDl.ltrans3.ltrans.o
LOAD /tmp/ccnwbTDl.ltrans4.ltrans.o
LOAD /tmp/ccnwbTDl.ltrans5.ltrans.o
LOAD /tmp/ccnwbTDl.ltrans6.ltrans.o
LOAD /tmp/ccnwbTDl.ltrans7.ltrans.o
LOAD /tmp/ccnwbTDl.ltrans8.ltrans.o
LOAD /tmp/ccnwbTDl.ltrans9.ltrans.o
LOAD /tmp/ccnwbTDl.ltrans10.ltrans.o
LOAD /tmp/ccnwbTDl.ltrans11.ltrans.o
LOAD /tmp/ccnwbTDl.ltrans12.ltrans.o
LOAD /tmp/ccnwbTDl.ltrans13.ltrans.o
LOAD /tmp/ccnwbTDl.ltrans14.ltrans.o
LOAD /tmp/ccnwbTDl.ltrans15.ltrans.o
LOAD /tmp/ccnwbTDl.ltrans16.ltrans.o
LOAD /tmp/ccnwbTDl.ltrans17.ltrans.o
LOAD /tmp/ccnwbTDl.ltrans18.ltrans.o
LOAD /tmp/ccnwbTDl.ltrans19.ltrans.o
LOAD /tmp/ccnwbTDl.ltrans20.ltrans.o
LOAD /tmp/ccnwbTDl.ltrans21.ltrans.o
LOAD /tmp/ccnwbTDl.ltrans22.ltrans.o
LOAD /tmp/ccnwbTDl.ltrans23.ltrans.o
LOAD /tmp/ccnwbTDl.ltrans24.ltrans.o
LOAD /tmp/ccnwbTDl.ltrans25.ltrans.o
START GROUP
LOAD /home/hcj/UEFIWorkspace/Build/AppPkg/DEBUG_GCC5/X64/AppPkg/Applications/Enquire/Enquire/OUTPUT/Enquire.lib
LOAD /home/hcj/UEFIWorkspace/Build/AppPkg/DEBUG_GCC5/X64/MdePkg/Library/UefiApplicationEntryPoint/UefiApplicationEntryPoint/OUTPUT/UefiApplicationEntryPoint.lib
LOAD /home/hcj/UEFIWorkspace/Build/AppPkg/DEBUG_GCC5/X64/ShellPkg/Library/UefiShellCEntryLib/UefiShellCEntryLib/OUTPUT/UefiShellCEntryLib.lib
LOAD /home/hcj/UEFIWorkspace/Build/AppPkg/DEBUG_GCC5/X64/StdLib/LibC/Uefi/Devices/daUtility/OUTPUT/DevUtility.lib
LOAD /home/hcj/UEFIWorkspace/Build/AppPkg/DEBUG_GCC5/X64/StdLib/PosixLib/Gen/LibGen/OUTPUT/LibGen.lib
LOAD /home/hcj/UEFIWorkspace/Build/AppPkg/DEBUG_GCC5/X64/StdLib/LibC/Uefi/Uefi/OUTPUT/LibUefi.lib
LOAD /home/hcj/UEFIWorkspace/Build/AppPkg/DEBUG_GCC5/X64/StdLib/LibC/Time/Time/OUTPUT/LibTime.lib
LOAD /home/hcj/UEFIWorkspace/Build/AppPkg/DEBUG_GCC5/X64/MdePkg/Library/BasePrintLib/BasePrintLib/OUTPUT/BasePrintLib.lib
LOAD /home/hcj/UEFIWorkspace/Build/AppPkg/DEBUG_GCC5/X64/StdLib/LibC/Signal/Signal/OUTPUT/LibSignal.lib
LOAD /home/hcj/UEFIWorkspace/Build/AppPkg/DEBUG_GCC5/X64/StdLib/LibC/Ctype/Ctype/OUTPUT/LibCtype.lib
LOAD /home/hcj/UEFIWorkspace/Build/AppPkg/DEBUG_GCC5/X64/StdLib/LibC/StdLib/StdLib/OUTPUT/LibStdLib.lib
LOAD /home/hcj/UEFIWorkspace/Build/AppPkg/DEBUG_GCC5/X64/StdLib/LibC/Locale/Locale/OUTPUT/LibLocale.lib
LOAD /home/hcj/UEFIWorkspace/Build/AppPkg/DEBUG_GCC5/X64/MdePkg/Library/RegisterFilterLibNull/RegisterFilterLibNull/OUTPUT/FilterLibNull.lib
LOAD /home/hcj/UEFIWorkspace/Build/AppPkg/DEBUG_GCC5/X64/MdePkg/Library/BasePcdLibNull/BasePcdLibNull/OUTPUT/BasePcdLibNull.lib
LOAD /home/hcj/UEFIWorkspace/Build/AppPkg/DEBUG_GCC5/X64/MdePkg/Library/BaseDebugLibNull/BaseDebugLibNull/OUTPUT/BaseDebugLibNull.lib
LOAD /home/hcj/UEFIWorkspace/Build/AppPkg/DEBUG_GCC5/X64/MdePkg/Library/UefiMemoryAllocationLib/UefiMemoryAllocationLib/OUTPUT/UefiMemoryAllocationLib.lib
LOAD /home/hcj/UEFIWorkspace/Build/AppPkg/DEBUG_GCC5/X64/MdePkg/Library/BaseMemoryLib/BaseMemoryLib/OUTPUT/BaseMemoryLib.lib
LOAD /home/hcj/UEFIWorkspace/Build/AppPkg/DEBUG_GCC5/X64/MdePkg/Library/BaseLib/BaseLib/OUTPUT/BaseLib.lib
LOAD /home/hcj/UEFIWorkspace/Build/AppPkg/DEBUG_GCC5/X64/StdLib/LibC/gdtoa/gdtoa/OUTPUT/LibGdtoa.lib
LOAD /home/hcj/UEFIWorkspace/Build/AppPkg/DEBUG_GCC5/X64/StdLib/LibC/Stdio/Stdio/OUTPUT/LibStdio.lib
LOAD /home/hcj/UEFIWorkspace/Build/AppPkg/DEBUG_GCC5/X64/StdLib/LibC/String/String/OUTPUT/LibString.lib
LOAD /home/hcj/UEFIWorkspace/Build/AppPkg/DEBUG_GCC5/X64/StdLib/LibC/LibC/OUTPUT/LibC.lib
LOAD /home/hcj/UEFIWorkspace/Build/AppPkg/DEBUG_GCC5/X64/StdLib/LibC/Containers/ContainerLib/OUTPUT/LibContainer.lib
LOAD /home/hcj/UEFIWorkspace/Build/AppPkg/DEBUG_GCC5/X64/StdLib/LibC/Uefi/InteractiveIO/IIO/OUTPUT/LibIIO.lib
LOAD /home/hcj/UEFIWorkspace/Build/AppPkg/DEBUG_GCC5/X64/MdePkg/Library/UefiBootServicesTableLib/UefiBootServicesTableLib/OUTPUT/UefiBootServicesTableLib.lib
LOAD /home/hcj/UEFIWorkspace/Build/AppPkg/DEBUG_GCC5/X64/StdLib/LibC/Wchar/Wchar/OUTPUT/LibWchar.lib
LOAD /home/hcj/UEFIWorkspace/Build/AppPkg/DEBUG_GCC5/X64/StdLib/LibC/Uefi/Devices/daConsole/OUTPUT/DevConsole.lib
LOAD /home/hcj/UEFIWorkspace/Build/AppPkg/DEBUG_GCC5/X64/MdePkg/Library/UefiRuntimeServicesTableLib/UefiRuntimeServicesTableLib/OUTPUT/UefiRuntimeServicesTableLib.lib
LOAD /home/hcj/UEFIWorkspace/Build/AppPkg/DEBUG_GCC5/X64/MdePkg/Library/UefiDevicePathLib/UefiDevicePathLib/OUTPUT/UefiDevicePathLib.lib
LOAD /home/hcj/UEFIWorkspace/Build/AppPkg/DEBUG_GCC5/X64/MdePkg/Library/UefiLib/UefiLib/OUTPUT/UefiLib.lib
LOAD /home/hcj/UEFIWorkspace/Build/AppPkg/DEBUG_GCC5/X64/MdeModulePkg/Library/UefiSortLib/UefiSortLib/OUTPUT/UefiSortLib.lib
LOAD /home/hcj/UEFIWorkspace/Build/AppPkg/DEBUG_GCC5/X64/MdeModulePkg/Library/UefiHiiLib/UefiHiiLib/OUTPUT/UefiHiiLib.lib
LOAD /home/hcj/UEFIWorkspace/Build/AppPkg/DEBUG_GCC5/X64/MdePkg/Library/UefiFileHandleLib/UefiFileHandleLib/OUTPUT/UefiFileHandleLib.lib
LOAD /home/hcj/UEFIWorkspace/Build/AppPkg/DEBUG_GCC5/X64/ShellPkg/Library/UefiShellLib/UefiShellLib/OUTPUT/UefiShellLib.lib
LOAD /home/hcj/UEFIWorkspace/Build/AppPkg/DEBUG_GCC5/X64/MdeModulePkg/Library/UefiHiiServicesLib/UefiHiiServicesLib/OUTPUT/UefiHiiServicesLib.lib
END GROUP
                0x0000000000000228                PECOFF_HEADER_SIZE = 0x228
                0x0000000000000228                . = PECOFF_HEADER_SIZE

.text           0x0000000000000240    0x217e8
 *(.text .text.* .stub .gnu.linkonce.t.*)
 .text.IIO_GetInChar
                0x0000000000000240       0x80 /tmp/ccnwbTDl.ltrans0.ltrans.o
                0x0000000000000240                IIO_GetInChar
 .text.IIO_GetCursorPosition
                0x00000000000002c0       0x5d /tmp/ccnwbTDl.ltrans0.ltrans.o
                0x00000000000002c0                IIO_GetCursorPosition
 .text.IIO_SetCursorPosition
                0x000000000000031d       0x58 /tmp/ccnwbTDl.ltrans0.ltrans.o
                0x000000000000031d                IIO_SetCursorPosition
 .text.IIO_GetOutputSize
                0x0000000000000375       0x8e /tmp/ccnwbTDl.ltrans0.ltrans.o
                0x0000000000000375                IIO_GetOutputSize
 .text.IIO_CursorDelta
                0x0000000000000403       0x7a /tmp/ccnwbTDl.ltrans0.ltrans.o
 .text.IIO_WriteOne
                0x000000000000047d      0x261 /tmp/ccnwbTDl.ltrans0.ltrans.o
                0x000000000000047d                IIO_WriteOne
 .text.IIO_EchoOne
                0x00000000000006de      0x1fd /tmp/ccnwbTDl.ltrans0.ltrans.o
                0x00000000000006de                IIO_EchoOne
 .text.UefiBootServicesTableLibConstructor
                0x00000000000008db       0x1c /tmp/ccnwbTDl.ltrans0.ltrans.o
                0x00000000000008db                UefiBootServicesTableLibConstructor
 .text.__wchar_construct
                0x00000000000008f7       0x1a /tmp/ccnwbTDl.ltrans0.ltrans.o
                0x00000000000008f7                __wchar_construct
 .text.__wchar_deconstruct
                0x0000000000000911       0x2a /tmp/ccnwbTDl.ltrans0.ltrans.o
                0x0000000000000911                __wchar_deconstruct
 .text.__wchar_construct.part.0
                0x000000000000093b       0x44 /tmp/ccnwbTDl.ltrans0.ltrans.o
 .text.wmemcpy  0x000000000000097f       0x18 /tmp/ccnwbTDl.ltrans0.ltrans.o
                0x000000000000097f                wmemcpy
 .text.wmemmove
                0x0000000000000997       0x18 /tmp/ccnwbTDl.ltrans0.ltrans.o
                0x0000000000000997                wmemmove
 .text.wcsncmp  0x00000000000009af       0x17 /tmp/ccnwbTDl.ltrans0.ltrans.o
                0x00000000000009af                wcsncmp
 .text.wcslen   0x00000000000009c6       0x11 /tmp/ccnwbTDl.ltrans0.ltrans.o
                0x00000000000009c6                wcslen
 .text.da_ConSeek
                0x00000000000009d7       0x75 /tmp/ccnwbTDl.ltrans0.ltrans.o
 .text.da_ConWrite
                0x0000000000000a4c       0x9b /tmp/ccnwbTDl.ltrans0.ltrans.o
 .text.da_ConRawRead
                0x0000000000000ae7       0x96 /tmp/ccnwbTDl.ltrans0.ltrans.o
 .text.da_ConRead
                0x0000000000000b7d      0x190 /tmp/ccnwbTDl.ltrans0.ltrans.o
 .text.da_ConStat
                0x0000000000000d0d       0xd2 /tmp/ccnwbTDl.ltrans0.ltrans.o
 .text.da_ConIoctl
                0x0000000000000ddf        0xe /tmp/ccnwbTDl.ltrans0.ltrans.o
 .text.da_ConOpen
                0x0000000000000ded       0x72 /tmp/ccnwbTDl.ltrans0.ltrans.o
                0x0000000000000ded                da_ConOpen
 .text.da_ConFlush
                0x0000000000000e5f       0x9c /tmp/ccnwbTDl.ltrans0.ltrans.o
 .text.da_ConClose
                0x0000000000000efb       0x62 /tmp/ccnwbTDl.ltrans0.ltrans.o
 .text.da_ConPoll
                0x0000000000000f5d      0x123 /tmp/ccnwbTDl.ltrans0.ltrans.o
 .text.__Cons_construct
                0x0000000000001080       0x61 /tmp/ccnwbTDl.ltrans0.ltrans.o
                0x0000000000001080                __Cons_construct
 .text.__Cons_deconstruct
                0x00000000000010e1       0x5b /tmp/ccnwbTDl.ltrans0.ltrans.o
                0x00000000000010e1                __Cons_deconstruct
 .text.__Cons_construct.part.0
                0x000000000000113c      0x17b /tmp/ccnwbTDl.ltrans0.ltrans.o
 .text.UefiRuntimeServicesTableLibConstructor
                0x00000000000012b7        0xe /tmp/ccnwbTDl.ltrans0.ltrans.o
                0x00000000000012b7                UefiRuntimeServicesTableLibConstructor
 .text.InternalPrint
                0x00000000000012c5       0x81 /tmp/ccnwbTDl.ltrans0.ltrans.o
 .text.Print    0x0000000000001346       0xd1 /tmp/ccnwbTDl.ltrans0.ltrans.o
                0x0000000000001346                Print
 .text.UefiLibConstructor
                0x0000000000001417        0x3 /tmp/ccnwbTDl.ltrans0.ltrans.o
                0x0000000000001417                UefiLibConstructor
 .text.strcmp   0x000000000000141a       0x14 /tmp/ccnwbTDl.ltrans1.ltrans.o
                0x000000000000141a                strcoll
                0x000000000000141a                strcmp
 .text.memchr   0x000000000000142e       0x15 /tmp/ccnwbTDl.ltrans1.ltrans.o
                0x000000000000142e                memchr
 .text.__assert
                0x0000000000001443       0x3b /tmp/ccnwbTDl.ltrans1.ltrans.o
                0x0000000000001443                __assert
 .text.__isinfd
                0x000000000000147e       0x26 /tmp/ccnwbTDl.ltrans1.ltrans.o
                0x000000000000147e                __isinfd
 .text.__isnand
                0x00000000000014a4       0x30 /tmp/ccnwbTDl.ltrans1.ltrans.o
                0x00000000000014a4                __isnand
 .text.exitCleanup
                0x00000000000014d4       0x50 /tmp/ccnwbTDl.ltrans1.ltrans.o
                0x00000000000014d4                exitCleanup
 .text.ArgvConvert
                0x0000000000001524       0xed /tmp/ccnwbTDl.ltrans1.ltrans.o
 .text.ShellAppMain
                0x0000000000001611      0x277 /tmp/ccnwbTDl.ltrans1.ltrans.o
                0x0000000000001611                ShellAppMain
 .text.longjmp  0x0000000000001888       0x1f /tmp/ccnwbTDl.ltrans1.ltrans.o
                0x0000000000001888                longjmp
 .text.__flt_rounds
                0x00000000000018a7       0x15 /tmp/ccnwbTDl.ltrans1.ltrans.o
                0x00000000000018a7                __flt_rounds
 .text.FIFO_NumInQueue.lto_priv.54
                0x00000000000018bc       0x1e /tmp/ccnwbTDl.ltrans1.ltrans.o
                0x00000000000018bc                FIFO_NumInQueue.lto_priv.54
 .text.FIFO_FreeSpace.lto_priv.55
                0x00000000000018da       0x27 /tmp/ccnwbTDl.ltrans1.ltrans.o
                0x00000000000018da                FIFO_FreeSpace.lto_priv.55
 .text.FIFO_Reduce
                0x0000000000001901       0x7c /tmp/ccnwbTDl.ltrans1.ltrans.o
 .text.FIFO_IsEmpty.lto_priv.52
                0x000000000000197d       0x76 /tmp/ccnwbTDl.ltrans1.ltrans.o
                0x000000000000197d                FIFO_IsEmpty.lto_priv.52
 .text.FIFO_IsFull.lto_priv.53
                0x00000000000019f3       0xd9 /tmp/ccnwbTDl.ltrans1.ltrans.o
                0x00000000000019f3                FIFO_IsFull.lto_priv.53
 .text.FIFO_Enqueue.lto_priv.49
                0x0000000000001acc      0x16c /tmp/ccnwbTDl.ltrans1.ltrans.o
                0x0000000000001acc                FIFO_Enqueue.lto_priv.49
 .text.FIFO_Dequeue
                0x0000000000001c38      0x183 /tmp/ccnwbTDl.ltrans1.ltrans.o
 .text.FIFO_Read.lto_priv.50
                0x0000000000001dbb        0xb /tmp/ccnwbTDl.ltrans1.ltrans.o
                0x0000000000001dbb                FIFO_Read.lto_priv.50
 .text.FIFO_Copy.lto_priv.51
                0x0000000000001dc6        0x8 /tmp/ccnwbTDl.ltrans1.ltrans.o
                0x0000000000001dc6                FIFO_Copy.lto_priv.51
 .text.FIFO_GetRDex.lto_priv.59
                0x0000000000001dce       0x70 /tmp/ccnwbTDl.ltrans1.ltrans.o
                0x0000000000001dce                FIFO_GetRDex.lto_priv.59
 .text.FIFO_GetWDex.lto_priv.60
                0x0000000000001e3e       0x70 /tmp/ccnwbTDl.ltrans1.ltrans.o
                0x0000000000001e3e                FIFO_GetWDex.lto_priv.60
 .text.FIFO_Delete.lto_priv.58
                0x0000000000001eae       0xe5 /tmp/ccnwbTDl.ltrans1.ltrans.o
                0x0000000000001eae                FIFO_Delete.lto_priv.58
 .text.FIFO_Flush.lto_priv.56
                0x0000000000001f93       0xec /tmp/ccnwbTDl.ltrans1.ltrans.o
                0x0000000000001f93                FIFO_Flush.lto_priv.56
 .text.FIFO_Truncate.lto_priv.57
                0x000000000000207f       0xeb /tmp/ccnwbTDl.ltrans1.ltrans.o
                0x000000000000207f                FIFO_Truncate.lto_priv.57
 .text.FIFO_Dequeue.part.0
                0x000000000000216a       0x96 /tmp/ccnwbTDl.ltrans1.ltrans.o
 .text.FIFO_Enqueue.part.1
                0x0000000000002200       0x87 /tmp/ccnwbTDl.ltrans1.ltrans.o
 .text.ModuloIncrement
                0x0000000000002287       0x15 /tmp/ccnwbTDl.ltrans1.ltrans.o
 .text.ModuloDecrement
                0x000000000000229c       0x11 /tmp/ccnwbTDl.ltrans1.ltrans.o
                0x000000000000229c                ModuloDecrement
 .text.ModuloAdd
                0x00000000000022ad       0x16 /tmp/ccnwbTDl.ltrans1.ltrans.o
                0x00000000000022ad                ModuloAdd
 .text.IIO_Read
                0x00000000000022c3      0x16c /tmp/ccnwbTDl.ltrans1.ltrans.o
 .text.IIO_Write
                0x000000000000242f      0x294 /tmp/ccnwbTDl.ltrans1.ltrans.o
 .text.IIO_Echo
                0x00000000000026c3      0x252 /tmp/ccnwbTDl.ltrans1.ltrans.o
 .text.FifoDelete
                0x0000000000002915       0x14 /tmp/ccnwbTDl.ltrans1.ltrans.o
 .text.IIO_Delete
                0x0000000000002929       0xde /tmp/ccnwbTDl.ltrans1.ltrans.o
 .text.New_cIIO
                0x0000000000002a07      0x126 /tmp/ccnwbTDl.ltrans1.ltrans.o
                0x0000000000002a07                New_cIIO
 .text.IIO_NonCanonRead
                0x0000000000002b2d       0x7d /tmp/ccnwbTDl.ltrans1.ltrans.o
 .text.IIO_CanonRead
                0x0000000000002baa      0x22b /tmp/ccnwbTDl.ltrans1.ltrans.o
 .text.IIO_GetDeviceProto
                0x0000000000002dd5       0xc9 /tmp/ccnwbTDl.ltrans1.ltrans.o
                0x0000000000002dd5                IIO_GetDeviceProto
 .text.__sccl.lto_priv.105
                0x0000000000002e9e       0xed /tmp/ccnwbTDl.ltrans2.ltrans.o
                0x0000000000002e9e                __sccl.lto_priv.105
 .text.parsefloat.lto_priv.104
                0x0000000000002f8b      0x325 /tmp/ccnwbTDl.ltrans2.ltrans.o
                0x0000000000002f8b                parsefloat.lto_priv.104
 .text.__swbuf  0x00000000000032b0       0xc0 /tmp/ccnwbTDl.ltrans2.ltrans.o
                0x00000000000032b0                __swbuf
 .text.__swsetup
                0x0000000000003370       0xb2 /tmp/ccnwbTDl.ltrans2.ltrans.o
                0x0000000000003370                __swsetup
 .text.strerror
                0x0000000000003422       0x19 /tmp/ccnwbTDl.ltrans2.ltrans.o
                0x0000000000003422                strerror
 .text.strlen   0x000000000000343b       0x11 /tmp/ccnwbTDl.ltrans2.ltrans.o
                0x000000000000343b                strlen
 .text.memcpy   0x000000000000344c       0x17 /tmp/ccnwbTDl.ltrans2.ltrans.o
                0x000000000000344c                memcpy
 .text.strncpy  0x0000000000003463       0x23 /tmp/ccnwbTDl.ltrans2.ltrans.o
                0x0000000000003463                strncpy
 .text.strncpyX
                0x0000000000003486       0x2e /tmp/ccnwbTDl.ltrans2.ltrans.o
                0x0000000000003486                strncpyX
 .text.strdup   0x00000000000034b4       0x36 /tmp/ccnwbTDl.ltrans2.ltrans.o
                0x00000000000034b4                strdup
 .text.__swrite
                0x00000000000034ea       0x4f /tmp/ccnwbTDl.ltrans3.ltrans.o
                0x00000000000034ea                __swrite
 .text.__sseek  0x0000000000003539       0x3e /tmp/ccnwbTDl.ltrans3.ltrans.o
                0x0000000000003539                __sseek
 .text.__sclose
                0x0000000000003577       0x1c /tmp/ccnwbTDl.ltrans3.ltrans.o
                0x0000000000003577                __sclose
 .text.__collate_range_cmp.lto_priv.100
                0x0000000000003593       0x21 /tmp/ccnwbTDl.ltrans3.ltrans.o
                0x0000000000003593                __collate_range_cmp.lto_priv.100
 .text.__svfscanf_unlocked
                0x00000000000035b4      0xf6d /tmp/ccnwbTDl.ltrans3.ltrans.o
                0x00000000000035b4                __svfscanf_unlocked
 .text.__grow_type_table.lto_priv.108
                0x0000000000004521       0xa9 /tmp/ccnwbTDl.ltrans4.ltrans.o
                0x0000000000004521                __grow_type_table.lto_priv.108
 .text.cvt.lto_priv.117
                0x00000000000045ca      0x110 /tmp/ccnwbTDl.ltrans4.ltrans.o
                0x00000000000045ca                cvt.lto_priv.117
 .text.exponent.lto_priv.116
                0x00000000000046da       0x8f /tmp/ccnwbTDl.ltrans4.ltrans.o
                0x00000000000046da                exponent.lto_priv.116
 .text.__ultoa.part.0.lto_priv.120
                0x0000000000004769       0xab /tmp/ccnwbTDl.ltrans4.ltrans.o
                0x0000000000004769                __ultoa.part.0.lto_priv.120
 .text.__sprint.part.1.lto_priv.121
                0x0000000000004814       0x19 /tmp/ccnwbTDl.ltrans4.ltrans.o
                0x0000000000004814                __sprint.part.1.lto_priv.121
 .text._cleanup
                0x000000000000482d        0x7 /tmp/ccnwbTDl.ltrans4.ltrans.o
 .text.__sinit  0x0000000000004834       0x46 /tmp/ccnwbTDl.ltrans4.ltrans.o
                0x0000000000004834                __sinit
 .text.__sfvwrite
                0x000000000000487a       0x5e /tmp/ccnwbTDl.ltrans4.ltrans.o
 .text.__sfvwrite.part.0
                0x00000000000048d8      0x34b /tmp/ccnwbTDl.ltrans4.ltrans.o
 .text._fwalk   0x0000000000004c23       0x4f /tmp/ccnwbTDl.ltrans4.ltrans.o
                0x0000000000004c23                _fwalk
 .text.__smakebuf
                0x0000000000004c72       0xb7 /tmp/ccnwbTDl.ltrans4.ltrans.o
                0x0000000000004c72                __smakebuf
 .text.__swhatbuf
                0x0000000000004d29       0xb0 /tmp/ccnwbTDl.ltrans4.ltrans.o
 .text.lflush   0x0000000000004dd9       0x27 /tmp/ccnwbTDl.ltrans4.ltrans.o
 .text.__srefill
                0x0000000000004e00      0x12b /tmp/ccnwbTDl.ltrans4.ltrans.o
                0x0000000000004e00                __srefill
 .text.__sread  0x0000000000004f2b       0x3b /tmp/ccnwbTDl.ltrans4.ltrans.o
                0x0000000000004f2b                __sread
 .text.__find_arguments.lto_priv.118
                0x0000000000004f66      0xab2 /tmp/ccnwbTDl.ltrans5.ltrans.o
                0x0000000000004f66                __find_arguments.lto_priv.118
 .text.__vfprintf_unlocked
                0x0000000000005a18     0x2486 /tmp/ccnwbTDl.ltrans6.ltrans.o
                0x0000000000005a18                __vfprintf_unlocked
 .text.__increment_D2A.part.0.lto_priv.127
                0x0000000000007e9e       0x61 /tmp/ccnwbTDl.ltrans7.ltrans.o
                0x0000000000007e9e                __increment_D2A.part.0.lto_priv.127
 .text.__sum_D2A
                0x0000000000007eff      0x146 /tmp/ccnwbTDl.ltrans7.ltrans.o
                0x0000000000007eff                __sum_D2A
 .text.__ulp_D2A
                0x0000000000008045       0x77 /tmp/ccnwbTDl.ltrans7.ltrans.o
                0x0000000000008045                __ulp_D2A
 .text.fflush   0x00000000000080bc       0x23 /tmp/ccnwbTDl.ltrans7.ltrans.o
                0x00000000000080bc                fflush
 .text.__sflush
                0x00000000000080df       0x76 /tmp/ccnwbTDl.ltrans7.ltrans.o
                0x00000000000080df                __sflush
 .text.fflush.part.0
                0x0000000000008155        0xc /tmp/ccnwbTDl.ltrans7.ltrans.o
 .text.fprintf  0x0000000000008161       0xa3 /tmp/ccnwbTDl.ltrans7.ltrans.o
                0x0000000000008161                fprintf
 .text.printf   0x0000000000008204       0x9e /tmp/ccnwbTDl.ltrans7.ltrans.o
                0x0000000000008204                printf
 .text.sprintf  0x00000000000082a2       0xf8 /tmp/ccnwbTDl.ltrans7.ltrans.o
                0x00000000000082a2                sprintf
 .text.eofread  0x000000000000839a        0x3 /tmp/ccnwbTDl.ltrans7.ltrans.o
 .text.sscanf   0x000000000000839d      0x117 /tmp/ccnwbTDl.ltrans7.ltrans.o
                0x000000000000839d                sscanf
 .text.__submore
                0x00000000000084b4       0xc4 /tmp/ccnwbTDl.ltrans7.ltrans.o
 .text.ungetc   0x0000000000008578      0x121 /tmp/ccnwbTDl.ltrans7.ltrans.o
                0x0000000000008578                ungetc
 .text.__sbprintf.lto_priv.119
                0x0000000000008699       0xc1 /tmp/ccnwbTDl.ltrans7.ltrans.o
                0x0000000000008699                __sbprintf.lto_priv.119
 .text.__sprint.lto_priv.113
                0x000000000000875a       0x27 /tmp/ccnwbTDl.ltrans7.ltrans.o
                0x000000000000875a                __sprint.lto_priv.113
 .text.__ultoa.lto_priv.114
                0x0000000000008781       0x73 /tmp/ccnwbTDl.ltrans7.ltrans.o
                0x0000000000008781                __ultoa.lto_priv.114
 .text.__wcsconv.lto_priv.115
                0x00000000000087f4      0x103 /tmp/ccnwbTDl.ltrans7.ltrans.o
                0x00000000000087f4                __wcsconv.lto_priv.115
 .text.vfprintf
                0x00000000000088f7       0x18 /tmp/ccnwbTDl.ltrans7.ltrans.o
 .text.mantbits
                0x000000000000890f       0x48 /tmp/ccnwbTDl.ltrans8.ltrans.o
 .text.__strtodg_D2A
                0x0000000000008957     0x14e2 /tmp/ccnwbTDl.ltrans8.ltrans.o
                0x0000000000008957                __strtodg_D2A
 .text.__pow5mult_D2A
                0x0000000000009e39       0xb6 /tmp/ccnwbTDl.ltrans9.ltrans.o
                0x0000000000009e39                __pow5mult_D2A
 .text.__lshift_D2A
                0x0000000000009eef       0xec /tmp/ccnwbTDl.ltrans9.ltrans.o
                0x0000000000009eef                __lshift_D2A
 .text.__cmp_D2A
                0x0000000000009fdb       0x3c /tmp/ccnwbTDl.ltrans9.ltrans.o
                0x0000000000009fdb                __cmp_D2A
 .text.__diff_D2A
                0x000000000000a017       0xf6 /tmp/ccnwbTDl.ltrans9.ltrans.o
                0x000000000000a017                __diff_D2A
 .text.__b2d_D2A
                0x000000000000a10d       0xe2 /tmp/ccnwbTDl.ltrans9.ltrans.o
 .text.__d2b_D2A
                0x000000000000a1ef      0x12c /tmp/ccnwbTDl.ltrans9.ltrans.o
                0x000000000000a1ef                __d2b_D2A
 .text.__s2b_D2A
                0x000000000000a31b       0xbe /tmp/ccnwbTDl.ltrans9.ltrans.o
                0x000000000000a31b                __s2b_D2A
 .text.__ratio_D2A
                0x000000000000a3d9       0x67 /tmp/ccnwbTDl.ltrans9.ltrans.o
                0x000000000000a3d9                __ratio_D2A
 .text.__match_D2A
                0x000000000000a440       0x35 /tmp/ccnwbTDl.ltrans9.ltrans.o
                0x000000000000a440                __match_D2A
 .text.__copybits_D2A
                0x000000000000a475       0x40 /tmp/ccnwbTDl.ltrans9.ltrans.o
                0x000000000000a475                __copybits_D2A
 .text.__any_on_D2A
                0x000000000000a4b5       0x55 /tmp/ccnwbTDl.ltrans9.ltrans.o
 .text.__increment_D2A
                0x000000000000a50a       0x30 /tmp/ccnwbTDl.ltrans9.ltrans.o
                0x000000000000a50a                __increment_D2A
 .text.unlikely.__decrement_D2A
                0x000000000000a53a       0x2e /tmp/ccnwbTDl.ltrans9.ltrans.o
                0x000000000000a53a                __decrement_D2A
 .text.unlikely.all_on.lto_priv.123
                0x000000000000a568       0x3f /tmp/ccnwbTDl.ltrans9.ltrans.o
                0x000000000000a568                all_on.lto_priv.123
 .text.unlikely.__set_ones_D2A
                0x000000000000a5a7       0x68 /tmp/ccnwbTDl.ltrans9.ltrans.o
                0x000000000000a5a7                __set_ones_D2A
 .text.rvOK.lto_priv.124
                0x000000000000a60f      0x2ed /tmp/ccnwbTDl.ltrans9.ltrans.o
                0x000000000000a60f                rvOK.lto_priv.124
 .text.__rv_alloc_D2A
                0x000000000000a8fc       0x38 /tmp/ccnwbTDl.ltrans10.ltrans.o
                0x000000000000a8fc                __rv_alloc_D2A
 .text.__nrv_alloc_D2A
                0x000000000000a934       0x3f /tmp/ccnwbTDl.ltrans10.ltrans.o
                0x000000000000a934                __nrv_alloc_D2A
 .text.__freedtoa
                0x000000000000a973       0x33 /tmp/ccnwbTDl.ltrans10.ltrans.o
                0x000000000000a973                __freedtoa
 .text.__quorem_D2A
                0x000000000000a9a6      0x134 /tmp/ccnwbTDl.ltrans10.ltrans.o
                0x000000000000a9a6                __quorem_D2A
 .text.__rshift_D2A
                0x000000000000aada       0x9d /tmp/ccnwbTDl.ltrans10.ltrans.o
                0x000000000000aada                __rshift_D2A
 .text.__trailz_D2A
                0x000000000000ab77       0x3f /tmp/ccnwbTDl.ltrans10.ltrans.o
                0x000000000000ab77                __trailz_D2A
 .text.__Balloc_D2A
                0x000000000000abb6       0xa4 /tmp/ccnwbTDl.ltrans10.ltrans.o
                0x000000000000abb6                __Balloc_D2A
 .text.__Bfree_D2A
                0x000000000000ac5a       0x1c /tmp/ccnwbTDl.ltrans10.ltrans.o
                0x000000000000ac5a                __Bfree_D2A
 .text.__lo0bits_D2A
                0x000000000000ac76       0x6c /tmp/ccnwbTDl.ltrans10.ltrans.o
                0x000000000000ac76                __lo0bits_D2A
 .text.__multadd_D2A
                0x000000000000ace2       0xa6 /tmp/ccnwbTDl.ltrans10.ltrans.o
                0x000000000000ace2                __multadd_D2A
 .text.__hi0bits_D2A
                0x000000000000ad88       0x53 /tmp/ccnwbTDl.ltrans10.ltrans.o
                0x000000000000ad88                __hi0bits_D2A
 .text.__i2b_D2A
                0x000000000000addb       0x1e /tmp/ccnwbTDl.ltrans10.ltrans.o
                0x000000000000addb                __i2b_D2A
 .text.__mult_D2A
                0x000000000000adf9       0xf4 /tmp/ccnwbTDl.ltrans10.ltrans.o
                0x000000000000adf9                __mult_D2A
 .text.__dtoa   0x000000000000aeed      0xe12 /tmp/ccnwbTDl.ltrans11.ltrans.o
                0x000000000000aeed                __dtoa
 .text.StrnLenS.part.0.lto_priv.137
                0x000000000000bcff       0x1c /tmp/ccnwbTDl.ltrans12.ltrans.o
                0x000000000000bcff                StrnLenS.part.0.lto_priv.137
 .text.AsciiStrnLenS.part.1.lto_priv.136
                0x000000000000bd1b       0x1b /tmp/ccnwbTDl.ltrans12.ltrans.o
                0x000000000000bd1b                AsciiStrnLenS.part.1.lto_priv.136
 .text.StrLen   0x000000000000bd36        0xf /tmp/ccnwbTDl.ltrans12.ltrans.o
                0x000000000000bd36                StrLen
 .text.StrSize  0x000000000000bd45       0x13 /tmp/ccnwbTDl.ltrans12.ltrans.o
 .text.StrnCmp  0x000000000000bd58        0xd /tmp/ccnwbTDl.ltrans12.ltrans.o
                0x000000000000bd58                StrnCmp
 .text.AsciiStrLen
                0x000000000000bd65        0xe /tmp/ccnwbTDl.ltrans12.ltrans.o
                0x000000000000bd65                AsciiStrLen
 .text.AsciiStrSize
                0x000000000000bd73       0x11 /tmp/ccnwbTDl.ltrans12.ltrans.o
 .text.AsciiStrCmp
                0x000000000000bd84       0x48 /tmp/ccnwbTDl.ltrans12.ltrans.o
                0x000000000000bd84                AsciiStrCmp
 .text.StrnCmp.part.0
                0x000000000000bdcc       0x69 /tmp/ccnwbTDl.ltrans12.ltrans.o
 .text.InternalMathDivRemU64x32
                0x000000000000be35       0x1c /tmp/ccnwbTDl.ltrans12.ltrans.o
                0x000000000000be35                InternalMathDivRemU64x32
 .text.ReadUnaligned16
                0x000000000000be51        0x4 /tmp/ccnwbTDl.ltrans12.ltrans.o
                0x000000000000be51                ReadUnaligned16
 .text.ReadUnaligned32
                0x000000000000be55        0x3 /tmp/ccnwbTDl.ltrans12.ltrans.o
                0x000000000000be55                ReadUnaligned32
 .text.ReadUnaligned64
                0x000000000000be58        0x4 /tmp/ccnwbTDl.ltrans12.ltrans.o
                0x000000000000be58                ReadUnaligned64
 .text._strtof  0x000000000000be5c       0x9e /tmp/ccnwbTDl.ltrans12.ltrans.o
                0x000000000000be5c                _strtof
 .text._strtold
                0x000000000000befa       0x14 /tmp/ccnwbTDl.ltrans12.ltrans.o
                0x000000000000befa                _strtold
 .text.__strtopx_D2A
                0x000000000000bf0e       0xe9 /tmp/ccnwbTDl.ltrans12.ltrans.o
 .text.strtod   0x000000000000bff7      0xe17 /tmp/ccnwbTDl.ltrans12.ltrans.o
                0x000000000000bff7                strtod
 .text.EstimateWtoM
                0x000000000000ce0e       0x59 /tmp/ccnwbTDl.ltrans13.ltrans.o
                0x000000000000ce0e                EstimateWtoM
 .text.CountMbcsChars
                0x000000000000ce67        0xe /tmp/ccnwbTDl.ltrans13.ltrans.o
                0x000000000000ce67                CountMbcsChars
 .text.EncodeUtf8
                0x000000000000ce75       0xa4 /tmp/ccnwbTDl.ltrans13.ltrans.o
 .text.mbrtowc  0x000000000000cf19        0xa /tmp/ccnwbTDl.ltrans13.ltrans.o
                0x000000000000cf19                mbrtowc
 .text.wcrtomb  0x000000000000cf23       0x36 /tmp/ccnwbTDl.ltrans13.ltrans.o
                0x000000000000cf23                wcrtomb
 .text.wcsrtombs
                0x000000000000cf59       0xd4 /tmp/ccnwbTDl.ltrans13.ltrans.o
                0x000000000000cf59                wcsrtombs
 .text.wcstombs
                0x000000000000d02d       0x1a /tmp/ccnwbTDl.ltrans13.ltrans.o
                0x000000000000d02d                wcstombs
 .text.wctob    0x000000000000d047        0xc /tmp/ccnwbTDl.ltrans13.ltrans.o
                0x000000000000d047                wctob
 .text.wctob.part.0
                0x000000000000d053       0x22 /tmp/ccnwbTDl.ltrans13.ltrans.o
 .text.iswdigit
                0x000000000000d075        0xd /tmp/ccnwbTDl.ltrans13.ltrans.o
                0x000000000000d075                iswdigit
 .text.iswspace
                0x000000000000d082        0xd /tmp/ccnwbTDl.ltrans13.ltrans.o
                0x000000000000d082                iswspace
 .text.iswdigit.part.5
                0x000000000000d08f       0x15 /tmp/ccnwbTDl.ltrans13.ltrans.o
 .text.iswspace.part.10
                0x000000000000d0a4       0x15 /tmp/ccnwbTDl.ltrans13.ltrans.o
 .text.DebugAssertEnabled
                0x000000000000d0b9        0x3 /tmp/ccnwbTDl.ltrans13.ltrans.o
                0x000000000000d0b9                DebugPrintEnabled
                0x000000000000d0b9                DebugAssertEnabled
                0x000000000000d0b9                DebugCodeEnabled
 .text.DebugPrintLevelEnabled
                0x000000000000d0bc        0x3 /tmp/ccnwbTDl.ltrans13.ltrans.o
                0x000000000000d0bc                DebugPrintLevelEnabled
 .text.AllocatePool
                0x000000000000d0bf       0x99 /tmp/ccnwbTDl.ltrans13.ltrans.o
                0x000000000000d0bf                AllocatePool
 .text.AllocateZeroPool
                0x000000000000d158       0x99 /tmp/ccnwbTDl.ltrans13.ltrans.o
                0x000000000000d158                AllocateZeroPool
 .text.FreePool
                0x000000000000d1f1        0xa /tmp/ccnwbTDl.ltrans13.ltrans.o
                0x000000000000d1f1                FreePool
 .text.InternalMemSetMem
                0x000000000000d1fb       0xed /tmp/ccnwbTDl.ltrans13.ltrans.o
                0x000000000000d1fb                InternalMemSetMem
 .text.ScanMem8
                0x000000000000d2e8       0x11 /tmp/ccnwbTDl.ltrans13.ltrans.o
                0x000000000000d2e8                ScanMem8
 .text.ZeroMem  0x000000000000d2f9        0xe /tmp/ccnwbTDl.ltrans13.ltrans.o
                0x000000000000d2f9                ZeroMem
 .text.ZeroMem.part.0
                0x000000000000d307        0x5 /tmp/ccnwbTDl.ltrans13.ltrans.o
 .text.SetMem16
                0x000000000000d30c       0x12 /tmp/ccnwbTDl.ltrans13.ltrans.o
                0x000000000000d30c                SetMem16
 .text.SetMem16.part.0
                0x000000000000d31e        0xc /tmp/ccnwbTDl.ltrans13.ltrans.o
 .text.CopyMem  0x000000000000d32a        0xe /tmp/ccnwbTDl.ltrans13.ltrans.o
                0x000000000000d32a                CopyMem
 .text.CopyMem.part.0
                0x000000000000d338        0xe /tmp/ccnwbTDl.ltrans13.ltrans.o
 .text.InternalMemSetMem16
                0x000000000000d346       0x14 /tmp/ccnwbTDl.ltrans13.ltrans.o
 .text.InternalMemZeroMem
                0x000000000000d35a        0x8 /tmp/ccnwbTDl.ltrans13.ltrans.o
 .text.InternalMemScanMem8
                0x000000000000d362       0x19 /tmp/ccnwbTDl.ltrans13.ltrans.o
 .text.CompareGuid
                0x000000000000d37b       0x4d /tmp/ccnwbTDl.ltrans13.ltrans.o
                0x000000000000d37b                CompareGuid
 .text.InternalMemCopyMem
                0x000000000000d3c8      0x1f5 /tmp/ccnwbTDl.ltrans13.ltrans.o
 .text.LongJump
                0x000000000000d5bd        0x5 /tmp/ccnwbTDl.ltrans13.ltrans.o
                0x000000000000d5bd                LongJump
 .text.InternalAssertJumpBuffer
                0x000000000000d5c2        0x1 /tmp/ccnwbTDl.ltrans13.ltrans.o
                0x000000000000d5c2                InternalAssertJumpBuffer
 .text.DivU64x32Remainder
                0x000000000000d5c3        0x5 /tmp/ccnwbTDl.ltrans13.ltrans.o
                0x000000000000d5c3                DivU64x32Remainder
 .text.InsertTailList
                0x000000000000d5c8       0x16 /tmp/ccnwbTDl.ltrans13.ltrans.o
                0x000000000000d5c8                InsertTailList
 .text.IsListEmpty
                0x000000000000d5de        0x7 /tmp/ccnwbTDl.ltrans13.ltrans.o
                0x000000000000d5de                IsListEmpty
 .text.RemoveEntryList
                0x000000000000d5e5       0x19 /tmp/ccnwbTDl.ltrans13.ltrans.o
                0x000000000000d5e5                RemoveEntryList
 .text.InternalSafeStringIsOverlap
                0x000000000000d5fe       0x20 /tmp/ccnwbTDl.ltrans13.ltrans.o
                0x000000000000d5fe                InternalSafeStringIsOverlap
 .text.InternalSafeStringNoAsciiStrOverlap
                0x000000000000d61e        0xb /tmp/ccnwbTDl.ltrans13.ltrans.o
 .text.StrnLenS
                0x000000000000d629       0x12 /tmp/ccnwbTDl.ltrans13.ltrans.o
                0x000000000000d629                StrnLenS
 .text.AsciiStrnLenS
                0x000000000000d63b       0x12 /tmp/ccnwbTDl.ltrans13.ltrans.o
                0x000000000000d63b                AsciiStrnLenS
 .text.AsciiStrnCpyS
                0x000000000000d64d      0x161 /tmp/ccnwbTDl.ltrans13.ltrans.o
                0x000000000000d64d                AsciiStrnCpyS
 .text.tzparse  0x000000000000d7ae      0x42d /tmp/ccnwbTDl.ltrans14.ltrans.o
 .text.gmtload  0x000000000000dbdb       0x14 /tmp/ccnwbTDl.ltrans14.ltrans.o
                0x000000000000dbdb                gmtload
 .text.tzsetwall
                0x000000000000dbef       0x47 /tmp/ccnwbTDl.ltrans14.ltrans.o
 .text.tzset    0x000000000000dc36      0x117 /tmp/ccnwbTDl.ltrans14.ltrans.o
                0x000000000000dc36                tzset
 .text.Efi2Tm   0x000000000000dd4d       0x4b /tmp/ccnwbTDl.ltrans14.ltrans.o
                0x000000000000dd4d                Efi2Tm
 .text.BasePrintLibFillBuffer
                0x000000000000dd98       0x2e /tmp/ccnwbTDl.ltrans14.ltrans.o
                0x000000000000dd98                BasePrintLibFillBuffer
 .text.BasePrintLibValueToString
                0x000000000000ddc6       0x52 /tmp/ccnwbTDl.ltrans14.ltrans.o
                0x000000000000ddc6                BasePrintLibValueToString
 .text.UnicodeVSPrint
                0x000000000000de18       0xaa /tmp/ccnwbTDl.ltrans14.ltrans.o
                0x000000000000de18                UnicodeVSPrint
 .text.signal   0x000000000000dec2       0x32 /tmp/ccnwbTDl.ltrans14.ltrans.o
                0x000000000000dec2                signal
 .text.abort    0x000000000000def4       0x35 /tmp/ccnwbTDl.ltrans14.ltrans.o
                0x000000000000def4                abort
 .text.exit     0x000000000000df29       0x12 /tmp/ccnwbTDl.ltrans14.ltrans.o
                0x000000000000df29                exit
 .text._Exit    0x000000000000df3b       0x1f /tmp/ccnwbTDl.ltrans14.ltrans.o
 .text.malloc   0x000000000000df5a       0xb3 /tmp/ccnwbTDl.ltrans14.ltrans.o
                0x000000000000df5a                malloc
 .text.free     0x000000000000e00d       0x6e /tmp/ccnwbTDl.ltrans14.ltrans.o
                0x000000000000e00d                free
 .text.realloc  0x000000000000e07b       0xc8 /tmp/ccnwbTDl.ltrans14.ltrans.o
                0x000000000000e07b                realloc
 .text.localeconv
                0x000000000000e143       0xef /tmp/ccnwbTDl.ltrans14.ltrans.o
                0x000000000000e143                localeconv
 .text.__wctoint.lto_priv.65
                0x000000000000e232       0x1b /tmp/ccnwbTDl.ltrans14.ltrans.o
                0x000000000000e232                __wctoint.lto_priv.65
 .text.ProcessOneByte
                0x000000000000e24d      0x24c /tmp/ccnwbTDl.ltrans14.ltrans.o
 .text.DecodeOneStateful
                0x000000000000e499       0x7e /tmp/ccnwbTDl.ltrans14.ltrans.o
                0x000000000000e499                DecodeOneStateful
 .text.OneWcToMcLen
                0x000000000000e517       0x30 /tmp/ccnwbTDl.ltrans14.ltrans.o
                0x000000000000e517                OneWcToMcLen
 .text.ParsePath.constprop.7
                0x000000000000e547      0x2db /tmp/ccnwbTDl.ltrans15.ltrans.o
                0x000000000000e547                ParsePath.constprop.7
 .text.AsciiStrToUnicodeStrS.constprop.8
                0x000000000000e822      0x11c /tmp/ccnwbTDl.ltrans15.ltrans.o
                0x000000000000e822                AsciiStrToUnicodeStrS.constprop.8
 .text.wcstol.constprop.9
                0x000000000000e93e        0x5 /tmp/ccnwbTDl.ltrans15.ltrans.o
                0x000000000000e93e                wcstol.constprop.9
 .text.wcstol.part.0.constprop.10
                0x000000000000e943      0x146 /tmp/ccnwbTDl.ltrans15.ltrans.o
 .text.wcscspn.constprop.11
                0x000000000000ea89        0xe /tmp/ccnwbTDl.ltrans15.ltrans.o
                0x000000000000ea89                wcscspn.constprop.11
 .text.wcscspn.part.0.constprop.12
                0x000000000000ea97       0x66 /tmp/ccnwbTDl.ltrans15.ltrans.o
 .text.BuildBitmap.constprop.13
                0x000000000000eafd       0x3f /tmp/ccnwbTDl.ltrans15.ltrans.o
 .text.wmemset.constprop.14
                0x000000000000eb3c       0x18 /tmp/ccnwbTDl.ltrans15.ltrans.o
 .text.calloc.constprop.15
                0x000000000000eb54       0x37 /tmp/ccnwbTDl.ltrans15.ltrans.o
                0x000000000000eb54                calloc.constprop.15
 .text.__DevSearch.constprop.16
                0x000000000000eb8b       0x5c /tmp/ccnwbTDl.ltrans15.ltrans.o
 .text.__DevSearch.part.0.constprop.17
                0x000000000000ebe7      0x116 /tmp/ccnwbTDl.ltrans15.ltrans.o
 .text.GetNextNode.constprop.18
                0x000000000000ecfd        0x4 /tmp/ccnwbTDl.ltrans15.ltrans.o
 .text.GetFirstNode.constprop.19
                0x000000000000ed01        0x8 /tmp/ccnwbTDl.ltrans15.ltrans.o
 .text.FindFreeFD.constprop.20
                0x000000000000ed09       0x28 /tmp/ccnwbTDl.ltrans15.ltrans.o
                0x000000000000ed09                FindFreeFD.constprop.20
 .text.strerror_r.constprop.21
                0x000000000000ed31       0x3f /tmp/ccnwbTDl.ltrans15.ltrans.o
                0x000000000000ed31                strerror_r.constprop.21
 .text.strerror_r.part.0.constprop.22
                0x000000000000ed70       0x29 /tmp/ccnwbTDl.ltrans15.ltrans.o
 .text.AsciiSPrint.constprop.23
                0x000000000000ed99       0x30 /tmp/ccnwbTDl.ltrans15.ltrans.o
 .text.AsciiVSPrint.constprop.24
                0x000000000000edc9       0xae /tmp/ccnwbTDl.ltrans15.ltrans.o
 .text._closeX.constprop.25
                0x000000000000ee77       0xa6 /tmp/ccnwbTDl.ltrans15.ltrans.o
                0x000000000000ee77                _closeX.constprop.25
 .text.New_cFIFO.constprop.26
                0x000000000000ef1d       0xe6 /tmp/ccnwbTDl.ltrans15.ltrans.o
                0x000000000000ef1d                New_cFIFO.constprop.26
 .text.__DevRegister.constprop.27
                0x000000000000f003       0xca /tmp/ccnwbTDl.ltrans15.ltrans.o
                0x000000000000f003                __DevRegister.constprop.27
 .text.InternalAllocateZeroPool.constprop.28
                0x000000000000f0cd       0x23 /tmp/ccnwbTDl.ltrans15.ltrans.o
                0x000000000000f0cd                InternalAllocateZeroPool.constprop.28
 .text.memset.constprop.29
                0x000000000000f0f0       0x1a /tmp/ccnwbTDl.ltrans15.ltrans.o
                0x000000000000f0f0                memset.constprop.29
 .text.SetMem.constprop.30
                0x000000000000f10a        0xe /tmp/ccnwbTDl.ltrans15.ltrans.o
 .text.SetMem.part.0.constprop.31
                0x000000000000f118        0xe /tmp/ccnwbTDl.ltrans15.ltrans.o
 .text.LShiftU64.constprop.32
                0x000000000000f126        0xa /tmp/ccnwbTDl.ltrans15.ltrans.o
                0x000000000000f126                LShiftU64.constprop.32
 .text.InternalMathLShiftU64.constprop.33
                0x000000000000f130        0x8 /tmp/ccnwbTDl.ltrans15.ltrans.o
 .text.fread.constprop.34
                0x000000000000f138       0x8e /tmp/ccnwbTDl.ltrans15.ltrans.o
                0x000000000000f138                fread.constprop.34
 .text._strtoimax.constprop.35
                0x000000000000f1c6      0x199 /tmp/ccnwbTDl.ltrans15.ltrans.o
                0x000000000000f1c6                _strtoimax.constprop.35
 .text._strtoumax.constprop.36
                0x000000000000f35f      0x154 /tmp/ccnwbTDl.ltrans15.ltrans.o
                0x000000000000f35f                _strtoumax.constprop.36
 .text.DivU64x32.constprop.37
                0x000000000000f4b3        0x9 /tmp/ccnwbTDl.ltrans15.ltrans.o
 .text.InternalMathDivU64x32.constprop.38
                0x000000000000f4bc        0xc /tmp/ccnwbTDl.ltrans15.ltrans.o
 .text.ModU64x32.constprop.39
                0x000000000000f4c8        0x9 /tmp/ccnwbTDl.ltrans15.ltrans.o
 .text.InternalMathModU64x32.constprop.40
                0x000000000000f4d1        0xe /tmp/ccnwbTDl.ltrans15.ltrans.o
 .text.raise.constprop.41
                0x000000000000f4df        0x5 /tmp/ccnwbTDl.ltrans15.ltrans.o
                0x000000000000f4df                raise.constprop.41
 .text.raise.part.0.constprop.42
                0x000000000000f4e4       0x2c /tmp/ccnwbTDl.ltrans15.ltrans.o
 .text.ProcessLibraryDestructorList
                0x000000000000f510       0xc3 /tmp/ccnwbTDl.ltrans16.ltrans.o
 .text.ProcessModuleEntryPointList
                0x000000000000f5d3       0x22 /tmp/ccnwbTDl.ltrans16.ltrans.o
 .text._ModuleEntryPoint
                0x000000000000f5f5        0x5 /tmp/ccnwbTDl.ltrans16.ltrans.o
                0x000000000000f5f5                _ModuleEntryPoint
 .text._ModuleEntryPoint.part.0
                0x000000000000f5fa       0x36 /tmp/ccnwbTDl.ltrans16.ltrans.o
 .text.ShellCEntryLib
                0x000000000000f630       0xb2 /tmp/ccnwbTDl.ltrans16.ltrans.o
 .text.fnullop_fcntl
                0x000000000000f6e2        0x3 /tmp/ccnwbTDl.ltrans16.ltrans.o
                0x000000000000f6e2                fnullop_fcntl
 .text.fbadop_delete
                0x000000000000f6e5        0xe /tmp/ccnwbTDl.ltrans16.ltrans.o
                0x000000000000f6e5                fbadop_delete
 .text.fbadop_mkdir
                0x000000000000f6f3        0xe /tmp/ccnwbTDl.ltrans16.ltrans.o
                0x000000000000f6f3                fbadop_mkdir
 .text.fbadop_rename
                0x000000000000f701        0xe /tmp/ccnwbTDl.ltrans16.ltrans.o
                0x000000000000f701                fbadop_rename
 .text.fbadop_rmdir
                0x000000000000f70f        0x5 /tmp/ccnwbTDl.ltrans16.ltrans.o
                0x000000000000f70f                fbadop_rmdir
 .text.ClassifyPath
                0x000000000000f714       0x35 /tmp/ccnwbTDl.ltrans16.ltrans.o
                0x000000000000f714                ClassifyPath
 .text.NormalizePath
                0x000000000000f749       0x9d /tmp/ccnwbTDl.ltrans16.ltrans.o
                0x000000000000f749                NormalizePath
 .text.PathInstance
                0x000000000000f7e6       0xd9 /tmp/ccnwbTDl.ltrans16.ltrans.o
                0x000000000000f7e6                PathInstance
 .text.PathAdjust
                0x000000000000f8bf       0xd1 /tmp/ccnwbTDl.ltrans16.ltrans.o
                0x000000000000f8bf                PathAdjust
 .text.PathAlias
                0x000000000000f990       0xe0 /tmp/ccnwbTDl.ltrans16.ltrans.o
                0x000000000000f990                PathAlias
 .text.ClassifyPath.part.0
                0x000000000000fa70       0xf2 /tmp/ccnwbTDl.ltrans16.ltrans.o
 .text.isatty   0x000000000000fb62       0x22 /tmp/ccnwbTDl.ltrans16.ltrans.o
                0x000000000000fb62                isatty
 .text.IsDupFd.lto_priv.64
                0x000000000000fb84       0x72 /tmp/ccnwbTDl.ltrans16.ltrans.o
                0x000000000000fb84                IsDupFd.lto_priv.64
 .text.close    0x000000000000fbf6        0x5 /tmp/ccnwbTDl.ltrans16.ltrans.o
                0x000000000000fbf6                close
 .text.lseek    0x000000000000fbfb       0x80 /tmp/ccnwbTDl.ltrans16.ltrans.o
                0x000000000000fbfb                lseek
 .text.open     0x000000000000fc7b      0x191 /tmp/ccnwbTDl.ltrans16.ltrans.o
                0x000000000000fc7b                open
 .text.fstat    0x000000000000fe0c       0x47 /tmp/ccnwbTDl.ltrans16.ltrans.o
                0x000000000000fe0c                fstat
 .text.read     0x000000000000fe53       0xb2 /tmp/ccnwbTDl.ltrans16.ltrans.o
                0x000000000000fe53                read
 .text.write    0x000000000000ff05       0xaf /tmp/ccnwbTDl.ltrans16.ltrans.o
                0x000000000000ff05                write
 .text.isatty.part.1
                0x000000000000ffb4       0x16 /tmp/ccnwbTDl.ltrans16.ltrans.o
 .text.increment_overflow
                0x000000000000ffca       0x16 /tmp/ccnwbTDl.ltrans16.ltrans.o
 .text.normalize_overflow.lto_priv.68
                0x000000000000ffe0       0x29 /tmp/ccnwbTDl.ltrans16.ltrans.o
                0x000000000000ffe0                normalize_overflow.lto_priv.68
 .text.tmcomp.lto_priv.69
                0x0000000000010009       0x24 /tmp/ccnwbTDl.ltrans16.ltrans.o
                0x0000000000010009                tmcomp.lto_priv.69
 .text.mktime   0x000000000001002d       0x1c /tmp/ccnwbTDl.ltrans16.ltrans.o
                0x000000000001002d                mktime
 .text.gmtsub   0x0000000000010049       0x56 /tmp/ccnwbTDl.ltrans16.ltrans.o
 .text.localsub.lto_priv.66
                0x000000000001009f       0x9e /tmp/ccnwbTDl.ltrans16.ltrans.o
                0x000000000001009f                localsub.lto_priv.66
 .text.timesub.isra.0
                0x000000000001013d      0x22f /tmp/ccnwbTDl.ltrans16.ltrans.o
 .text.tmcomp.part.1
                0x000000000001036c        0xf /tmp/ccnwbTDl.ltrans16.ltrans.o
 .text.settzname.lto_priv.148
                0x000000000001037b        0x1 /tmp/ccnwbTDl.ltrans16.ltrans.o
                0x000000000001037b                settzname.lto_priv.148
 .text.getzname.lto_priv.152
                0x000000000001037c       0x20 /tmp/ccnwbTDl.ltrans16.ltrans.o
                0x000000000001037c                getzname.lto_priv.152
 .text.getnum   0x000000000001039c       0x50 /tmp/ccnwbTDl.ltrans16.ltrans.o
 .text.getsecs  0x00000000000103ec       0x89 /tmp/ccnwbTDl.ltrans16.ltrans.o
 .text.getoffset.lto_priv.151
                0x0000000000010475       0x40 /tmp/ccnwbTDl.ltrans16.ltrans.o
                0x0000000000010475                getoffset.lto_priv.151
 .text.getrule.lto_priv.150
                0x00000000000104b5       0xcf /tmp/ccnwbTDl.ltrans16.ltrans.o
                0x00000000000104b5                getrule.lto_priv.150
 .text.transtime.lto_priv.149
                0x0000000000010584      0x17f /tmp/ccnwbTDl.ltrans16.ltrans.o
                0x0000000000010584                transtime.lto_priv.149
 .text.ShellFindSE2
                0x0000000000010703      0x1d9 /tmp/ccnwbTDl.ltrans17.ltrans.o
 .text.ShellLibConstructorWorker
                0x00000000000108dc      0x14e /tmp/ccnwbTDl.ltrans17.ltrans.o
 .text.ShellLibConstructor
                0x0000000000010a2a       0xd3 /tmp/ccnwbTDl.ltrans17.ltrans.o
                0x0000000000010a2a                ShellLibConstructor
 .text.ShellLibDestructor
                0x0000000000010afd      0x102 /tmp/ccnwbTDl.ltrans17.ltrans.o
                0x0000000000010afd                ShellLibDestructor
 .text.ShellGetEnvironmentVariable
                0x0000000000010bff       0x17 /tmp/ccnwbTDl.ltrans17.ltrans.o
 .text.ShellGetEnvironmentVariable.part.4
                0x0000000000010c16       0x15 /tmp/ccnwbTDl.ltrans17.ltrans.o
 .text.UefiHiiServicesLibConstructor
                0x0000000000010c2b       0x9c /tmp/ccnwbTDl.ltrans17.ltrans.o
                0x0000000000010c2b                UefiHiiServicesLibConstructor
 .text.time.constprop.0
                0x0000000000010cc7       0x62 /tmp/ccnwbTDl.ltrans17.ltrans.o
                0x0000000000010cc7                time.constprop.0
 .text.getenv.constprop.1
                0x0000000000010d29       0x79 /tmp/ccnwbTDl.ltrans17.ltrans.o
                0x0000000000010d29                getenv.constprop.1
 .text.UnicodeStrToAsciiStrS.constprop.2
                0x0000000000010da2      0x119 /tmp/ccnwbTDl.ltrans17.ltrans.o
 .text.time1.constprop.3
                0x0000000000010ebb      0x17f /tmp/ccnwbTDl.ltrans17.ltrans.o
                0x0000000000010ebb                time1.constprop.3
 .text.time2.constprop.4
                0x000000000001103a       0x28 /tmp/ccnwbTDl.ltrans17.ltrans.o
 .text.time2.part.2.constprop.5
                0x0000000000011062        0xa /tmp/ccnwbTDl.ltrans17.ltrans.o
 .text.time2sub.constprop.6
                0x000000000001106c      0x423 /tmp/ccnwbTDl.ltrans17.ltrans.o
 .text._defaultSignalHandler.constprop.43
                0x000000000001148f       0x1a /tmp/ccnwbTDl.ltrans18.ltrans.o
                0x000000000001148f                _defaultSignalHandler.constprop.43
 .text.InternalAllocatePool.constprop.44
                0x00000000000114a9       0x37 /tmp/ccnwbTDl.ltrans18.ltrans.o
                0x00000000000114a9                InternalAllocatePool.constprop.44
 .text.BasePrintLibSPrintMarker.constprop.45
                0x00000000000114e0      0xec7 /tmp/ccnwbTDl.ltrans18.ltrans.o
                0x00000000000114e0                BasePrintLibSPrintMarker.constprop.45
 .text.BasePrintLibSPrint.constprop.46
                0x00000000000123a7       0xb8 /tmp/ccnwbTDl.ltrans18.ltrans.o
 .text.ValidateFD.constprop.47
                0x000000000001245f       0x10 /tmp/ccnwbTDl.ltrans18.ltrans.o
                0x000000000001245f                ValidateFD.constprop.47
 .text.ValidateFD.part.0.constprop.48
                0x000000000001246f       0x23 /tmp/ccnwbTDl.ltrans18.ltrans.o
 .text.eldprop  0x0000000000012492      0x3d4 /tmp/ccnwbTDl.ltrans19.ltrans.o
                0x0000000000012492                eldprop
 .text.ProcessLibraryConstructorList
                0x0000000000012866      0x1af /tmp/ccnwbTDl.ltrans19.ltrans.o
                0x0000000000012866                ProcessLibraryConstructorList
 .text.ldprop   0x0000000000012a15     0x2819 /tmp/ccnwbTDl.ltrans20.ltrans.o
                0x0000000000012a15                ldprop
 .text.edprop   0x000000000001522e      0x3d8 /tmp/ccnwbTDl.ltrans21.ltrans.o
                0x000000000001522e                edprop
 .text.lprop    0x0000000000015606      0x425 /tmp/ccnwbTDl.ltrans21.ltrans.o
                0x0000000000015606                lprop
 .text.ulprop   0x0000000000015a2b       0xf4 /tmp/ccnwbTDl.ltrans21.ltrans.o
                0x0000000000015a2b                ulprop
 .text.ldStore  0x0000000000015b1f       0x17 /tmp/ccnwbTDl.ltrans21.ltrans.o
 .text.ldSum    0x0000000000015b36       0x24 /tmp/ccnwbTDl.ltrans21.ltrans.o
                0x0000000000015b36                ldSum
 .text.ldDiff   0x0000000000015b5a       0x24 /tmp/ccnwbTDl.ltrans21.ltrans.o
                0x0000000000015b5a                ldDiff
 .text.ldMul    0x0000000000015b7e       0x24 /tmp/ccnwbTDl.ltrans21.ltrans.o
                0x0000000000015b7e                ldMul
 .text.ldDiv    0x0000000000015ba2       0x24 /tmp/ccnwbTDl.ltrans21.ltrans.o
                0x0000000000015ba2                ldDiv
 .text.ldCheck  0x0000000000015bc6      0x318 /tmp/ccnwbTDl.ltrans21.ltrans.o
                0x0000000000015bc6                ldCheck
 .text.dprop    0x0000000000015ede     0x270c /tmp/ccnwbTDl.ltrans22.ltrans.o
                0x0000000000015ede                dprop
 .text.efprop   0x00000000000185ea      0x3d1 /tmp/ccnwbTDl.ltrans23.ltrans.o
                0x00000000000185ea                efprop
 .text.iprop    0x00000000000189bb      0x3fa /tmp/ccnwbTDl.ltrans23.ltrans.o
                0x00000000000189bb                iprop
 .text.uiprop   0x0000000000018db5       0xea /tmp/ccnwbTDl.ltrans23.ltrans.o
                0x0000000000018db5                uiprop
 .text.dStore   0x0000000000018e9f       0x20 /tmp/ccnwbTDl.ltrans23.ltrans.o
 .text.dSum     0x0000000000018ebf       0x2f /tmp/ccnwbTDl.ltrans23.ltrans.o
                0x0000000000018ebf                dSum
 .text.dDiff    0x0000000000018eee       0x2f /tmp/ccnwbTDl.ltrans23.ltrans.o
                0x0000000000018eee                dDiff
 .text.dMul     0x0000000000018f1d       0x2f /tmp/ccnwbTDl.ltrans23.ltrans.o
                0x0000000000018f1d                dMul
 .text.dDiv     0x0000000000018f4c       0x2f /tmp/ccnwbTDl.ltrans23.ltrans.o
                0x0000000000018f4c                dDiv
 .text.dCheck   0x0000000000018f7b      0x34e /tmp/ccnwbTDl.ltrans23.ltrans.o
                0x0000000000018f7b                dCheck
 .text.fprop    0x00000000000192c9     0x2562 /tmp/ccnwbTDl.ltrans24.ltrans.o
                0x00000000000192c9                fprop
 .text.__sputc  0x000000000001b82b       0x76 /tmp/ccnwbTDl.ltrans25.ltrans.o
 .text.overflow
                0x000000000001b8a1       0x2d /tmp/ccnwbTDl.ltrans25.ltrans.o
 .text.address  0x000000000001b8ce       0x2d /tmp/ccnwbTDl.ltrans25.ltrans.o
 .text.setmode  0x000000000001b8fb       0x2b /tmp/ccnwbTDl.ltrans25.ltrans.o
 .text.memeq    0x000000000001b926       0x6a /tmp/ccnwbTDl.ltrans25.ltrans.o
 .text.farewell
                0x000000000001b990       0x9c /tmp/ccnwbTDl.ltrans25.ltrans.o
                0x000000000001b990                farewell
 .text.croak    0x000000000001ba2c       0x33 /tmp/ccnwbTDl.ltrans25.ltrans.o
                0x000000000001ba2c                croak
 .text.maximum_int
                0x000000000001ba5f       0x6f /tmp/ccnwbTDl.ltrans25.ltrans.o
 .text.name_len
                0x000000000001bace       0x33 /tmp/ccnwbTDl.ltrans25.ltrans.o
 .text.long_names
                0x000000000001bb01       0xb0 /tmp/ccnwbTDl.ltrans25.ltrans.o
 .text.trap2    0x000000000001bbb1       0x1c /tmp/ccnwbTDl.ltrans25.ltrans.o
 .text.trap1    0x000000000001bbcd       0x28 /tmp/ccnwbTDl.ltrans25.ltrans.o
                0x000000000001bbcd                trap1
 .text.setsignals
                0x000000000001bbf5       0x28 /tmp/ccnwbTDl.ltrans25.ltrans.o
                0x000000000001bbf5                setsignals
 .text.main     0x000000000001bc1d      0x569 /tmp/ccnwbTDl.ltrans25.ltrans.o
                0x000000000001bc1d                main
 .text.eek_a_bug
                0x000000000001c186       0x43 /tmp/ccnwbTDl.ltrans25.ltrans.o
                0x000000000001c186                eek_a_bug
 .text.describe
                0x000000000001c1c9       0x5a /tmp/ccnwbTDl.ltrans25.ltrans.o
 .text.i_define
                0x000000000001c223      0x150 /tmp/ccnwbTDl.ltrans25.ltrans.o
                0x000000000001c223                i_define
 .text.u_define
                0x000000000001c373       0xcb /tmp/ccnwbTDl.ltrans25.ltrans.o
                0x000000000001c373                u_define
 .text.f_define
                0x000000000001c43e       0x89 /tmp/ccnwbTDl.ltrans25.ltrans.o
                0x000000000001c43e                f_define
 .text.floor_log
                0x000000000001c4c7       0x34 /tmp/ccnwbTDl.ltrans25.ltrans.o
                0x000000000001c4c7                floor_log
 .text.ceil_log
                0x000000000001c4fb       0x35 /tmp/ccnwbTDl.ltrans25.ltrans.o
                0x000000000001c4fb                ceil_log
 .text.exponent
                0x000000000001c530      0x13f /tmp/ccnwbTDl.ltrans25.ltrans.o
                0x000000000001c530                exponent
 .text.f_rep    0x000000000001c66f       0x40 /tmp/ccnwbTDl.ltrans25.ltrans.o
                0x000000000001c66f                f_rep
 .text.bitpattern
                0x000000000001c6af       0x99 /tmp/ccnwbTDl.ltrans25.ltrans.o
                0x000000000001c6af                bitpattern
 .text.fill     0x000000000001c748       0x50 /tmp/ccnwbTDl.ltrans25.ltrans.o
 .text.endian   0x000000000001c798      0x26a /tmp/ccnwbTDl.ltrans25.ltrans.o
 .text.false    0x000000000001ca02        0xb /tmp/ccnwbTDl.ltrans25.ltrans.o
 .text.type_of  0x000000000001ca0d       0x50 /tmp/ccnwbTDl.ltrans25.ltrans.o
 .text.promotions
                0x000000000001ca5d      0x178 /tmp/ccnwbTDl.ltrans25.ltrans.o
 .text.check_defines
                0x000000000001cbd5        0x6 /tmp/ccnwbTDl.ltrans25.ltrans.o
 .text.cprop    0x000000000001cbdb      0x5f9 /tmp/ccnwbTDl.ltrans25.ltrans.o
 .text.basic    0x000000000001d1d4      0x5d3 /tmp/ccnwbTDl.ltrans25.ltrans.o
 .text.sprop    0x000000000001d7a7      0x43d /tmp/ccnwbTDl.ltrans25.ltrans.o
 .text.usprop   0x000000000001dbe4      0x154 /tmp/ccnwbTDl.ltrans25.ltrans.o
 .text.fStore   0x000000000001dd38       0x20 /tmp/ccnwbTDl.ltrans25.ltrans.o
 .text.fSum     0x000000000001dd58       0x2f /tmp/ccnwbTDl.ltrans25.ltrans.o
                0x000000000001dd58                fSum
 .text.fDiff    0x000000000001dd87       0x2f /tmp/ccnwbTDl.ltrans25.ltrans.o
                0x000000000001dd87                fDiff
 .text.fMul     0x000000000001ddb6       0x2f /tmp/ccnwbTDl.ltrans25.ltrans.o
                0x000000000001ddb6                fMul
 .text.fDiv     0x000000000001dde5       0x2f /tmp/ccnwbTDl.ltrans25.ltrans.o
                0x000000000001dde5                fDiv
 .text.fCheck   0x000000000001de14      0x34b /tmp/ccnwbTDl.ltrans25.ltrans.o
                0x000000000001de14                fCheck
 *fill*         0x000000000001e15f        0x1 
 .text          0x000000000001e160       0xac /home/hcj/UEFIWorkspace/Build/AppPkg/DEBUG_GCC5/X64/MdePkg/Library/BaseLib/BaseLib/OUTPUT/BaseLib.lib(LongJump.obj)
                0x000000000001e160                InternalLongJump
 *fill*         0x000000000001e20c        0x4 
 .text          0x000000000001e210       0xc2 /home/hcj/UEFIWorkspace/Build/AppPkg/DEBUG_GCC5/X64/MdePkg/Library/BaseLib/BaseLib/OUTPUT/BaseLib.lib(SetJump.obj)
                0x000000000001e210                SetJump
 .text          0x000000000001e2d2        0xf /home/hcj/UEFIWorkspace/Build/AppPkg/DEBUG_GCC5/X64/StdLib/LibC/LibC/OUTPUT/LibC.lib(fpu_rmode.obj)
                0x000000000001e2d2                internal_FPU_rmode
 *(.rodata .rodata.* .gnu.linkonce.r.*)
 .rodata.str1.1
                0x000000000001e2e1       0x5e /tmp/ccnwbTDl.ltrans0.ltrans.o
 *fill*         0x000000000001e33f        0x1 
 .rodata.IIO_WriteOne
                0x000000000001e340       0x28 /tmp/ccnwbTDl.ltrans0.ltrans.o
 .rodata.str1.1
                0x000000000001e368       0xdf /tmp/ccnwbTDl.ltrans1.ltrans.o
 *fill*         0x000000000001e447        0x1 
 .rodata.str2.2
                0x000000000001e448       0x58 /tmp/ccnwbTDl.ltrans1.ltrans.o
 .rodata.str1.1
                0x000000000001e4a0        0x8 /tmp/ccnwbTDl.ltrans2.ltrans.o
                                         0x10 (size before relaxing)
 .rodata.parsefloat.lto_priv.104
                0x000000000001e4a8       0x24 /tmp/ccnwbTDl.ltrans2.ltrans.o
 *fill*         0x000000000001e4cc        0x4 
 .rodata.cst16  0x000000000001e4d0       0x10 /tmp/ccnwbTDl.ltrans4.ltrans.o
 .rodata.__find_arguments.lto_priv.118
                0x000000000001e4e0      0x1d0 /tmp/ccnwbTDl.ltrans5.ltrans.o
 .rodata.str1.1
                0x000000000001e6b0       0x17 /tmp/ccnwbTDl.ltrans6.ltrans.o
 *fill*         0x000000000001e6c7        0x1 
 .rodata.__vfprintf_unlocked
                0x000000000001e6c8      0x16c /tmp/ccnwbTDl.ltrans6.ltrans.o
 .rodata.str1.1
                0x000000000001e834       0x17 /tmp/ccnwbTDl.ltrans8.ltrans.o
                                          0xc (size before relaxing)
 *fill*         0x000000000001e834        0x4 
 .rodata.cst8   0x000000000001e838       0x38 /tmp/ccnwbTDl.ltrans8.ltrans.o
 .rodata.cst16  0x000000000001e870       0x10 /tmp/ccnwbTDl.ltrans8.ltrans.o
 .rodata.str1.1
                0x000000000001e870        0xd /tmp/ccnwbTDl.ltrans11.ltrans.o
                                          0xf (size before relaxing)
 *fill*         0x000000000001e87d        0x3 
 .rodata.cst8   0x000000000001e880       0x38 /tmp/ccnwbTDl.ltrans11.ltrans.o
                                         0x50 (size before relaxing)
 .rodata.cst16  0x000000000001e8b8       0x10 /tmp/ccnwbTDl.ltrans11.ltrans.o
 .rodata._strtof
                0x000000000001e8b8       0x14 /tmp/ccnwbTDl.ltrans12.ltrans.o
 .rodata.__strtopx_D2A
                0x000000000001e8cc       0x1c /tmp/ccnwbTDl.ltrans12.ltrans.o
 .rodata.str1.1
                0x000000000001e8e8        0xc /tmp/ccnwbTDl.ltrans12.ltrans.o
 .rodata.cst8   0x000000000001e8e8       0x20 /tmp/ccnwbTDl.ltrans12.ltrans.o
                                         0x40 (size before relaxing)
 .rodata.cst16  0x000000000001e908       0x10 /tmp/ccnwbTDl.ltrans12.ltrans.o
 .rodata.str1.1
                0x000000000001e908      0x11b /tmp/ccnwbTDl.ltrans14.ltrans.o
                                        0x11e (size before relaxing)
 *fill*         0x000000000001ea23        0x1 
 .rodata.str2.2
                0x000000000001ea24        0x6 /tmp/ccnwbTDl.ltrans15.ltrans.o
 .rodata.str1.1
                0x000000000001ea2a       0x13 /tmp/ccnwbTDl.ltrans15.ltrans.o
 .rodata.str1.1
                0x000000000001ea3d        0x3 /tmp/ccnwbTDl.ltrans17.ltrans.o
 .rodata.str1.1
                0x000000000001ea40      0x6f3 /tmp/ccnwbTDl.ltrans18.ltrans.o
                                        0x6f6 (size before relaxing)
 *fill*         0x000000000001f133        0x1 
 .rodata._gPcd_FixedAtBuild_PcdControlFlowEnforcementPropertyMask
                0x000000000001f134        0x4 /tmp/ccnwbTDl.ltrans18.ltrans.o
                0x000000000001f134                _gPcd_FixedAtBuild_PcdControlFlowEnforcementPropertyMask
 *fill*         0x000000000001f138        0x8 
 .rodata.mon_lengths
                0x000000000001f140       0x60 /tmp/ccnwbTDl.ltrans18.ltrans.o
                0x000000000001f140                mon_lengths
 .rodata.year_lengths
                0x000000000001f1a0        0x8 /tmp/ccnwbTDl.ltrans18.ltrans.o
                0x000000000001f1a0                year_lengths
 .rodata.gmt    0x000000000001f1a8        0x4 /tmp/ccnwbTDl.ltrans18.ltrans.o
                0x000000000001f1a8                gmt
 *fill*         0x000000000001f1ac        0x4 
 .rodata.mHexStr
                0x000000000001f1b0       0x10 /tmp/ccnwbTDl.ltrans18.ltrans.o
                0x000000000001f1b0                mHexStr
 .rodata.mWarningString
                0x000000000001f1c0       0x96 /tmp/ccnwbTDl.ltrans18.ltrans.o
 *fill*         0x000000000001f256        0xa 
 .rodata.mErrorString
                0x000000000001f260      0x2b5 /tmp/ccnwbTDl.ltrans18.ltrans.o
 *fill*         0x000000000001f515        0xb 
 .rodata._C_CharClassTable
                0x000000000001f520      0x100 /tmp/ccnwbTDl.ltrans18.ltrans.o
                0x000000000001f520                _C_CharClassTable
 .rodata.__func__.8866.lto_priv.144
                0x000000000001f620        0x7 /tmp/ccnwbTDl.ltrans18.ltrans.o
                0x000000000001f620                __func__.8866.lto_priv.144
 .rodata.__func__.8877.lto_priv.143
                0x000000000001f627        0x5 /tmp/ccnwbTDl.ltrans18.ltrans.o
                0x000000000001f627                __func__.8877.lto_priv.143
 *fill*         0x000000000001f62c        0x4 
 .rodata.__func__.8887.lto_priv.142
                0x000000000001f630        0x8 /tmp/ccnwbTDl.ltrans18.ltrans.o
                0x000000000001f630                __func__.8887.lto_priv.142
 *fill*         0x000000000001f638        0x8 
 .rodata.CSWTCH.16.lto_priv.140
                0x000000000001f640       0x4b /tmp/ccnwbTDl.ltrans18.ltrans.o
                0x000000000001f640                CSWTCH.16.lto_priv.140
 *fill*         0x000000000001f68b       0x15 
 .rodata.utf8_code_length.lto_priv.138
                0x000000000001f6a0      0x100 /tmp/ccnwbTDl.ltrans18.ltrans.o
                0x000000000001f6a0                utf8_code_length.lto_priv.138
 .rodata.__func__.8559.lto_priv.139
                0x000000000001f7a0        0xf /tmp/ccnwbTDl.ltrans18.ltrans.o
                0x000000000001f7a0                __func__.8559.lto_priv.139
 *fill*         0x000000000001f7af        0x1 
 .rodata.fpi.8267.lto_priv.133
                0x000000000001f7b0       0x14 /tmp/ccnwbTDl.ltrans18.ltrans.o
                0x000000000001f7b0                fpi.8267.lto_priv.133
 *fill*         0x000000000001f7c4        0xc 
 .rodata.fpi.8268.lto_priv.132
                0x000000000001f7d0       0x14 /tmp/ccnwbTDl.ltrans18.ltrans.o
                0x000000000001f7d0                fpi.8268.lto_priv.132
 *fill*         0x000000000001f7e4       0x1c 
 .rodata.tinytens.lto_priv.131
                0x000000000001f800       0x28 /tmp/ccnwbTDl.ltrans18.ltrans.o
                0x000000000001f800                tinytens.lto_priv.131
 *fill*         0x000000000001f828       0x18 
 .rodata.__bigtens_D2A
                0x000000000001f840       0x28 /tmp/ccnwbTDl.ltrans18.ltrans.o
                0x000000000001f840                __bigtens_D2A
 *fill*         0x000000000001f868       0x18 
 .rodata.__tinytens_D2A
                0x000000000001f880       0x28 /tmp/ccnwbTDl.ltrans18.ltrans.o
                0x000000000001f880                __tinytens_D2A
 *fill*         0x000000000001f8a8       0x18 
 .rodata.__tens_D2A
                0x000000000001f8c0       0xb8 /tmp/ccnwbTDl.ltrans18.ltrans.o
                0x000000000001f8c0                __tens_D2A
 .rodata.p05.8340.lto_priv.125
                0x000000000001f978        0xc /tmp/ccnwbTDl.ltrans18.ltrans.o
                0x000000000001f978                p05.8340.lto_priv.125
 *fill*         0x000000000001f984       0x1c 
 .rodata.fivesbits.lto_priv.122
                0x000000000001f9a0       0x5c /tmp/ccnwbTDl.ltrans18.ltrans.o
                0x000000000001f9a0                fivesbits.lto_priv.122
 *fill*         0x000000000001f9fc        0x4 
 .rodata.xdigs_lower.9204.lto_priv.110
                0x000000000001fa00       0x11 /tmp/ccnwbTDl.ltrans18.ltrans.o
                0x000000000001fa00                xdigs_lower.9204.lto_priv.110
 *fill*         0x000000000001fa11        0xf 
 .rodata.xdigs_upper.9205.lto_priv.109
                0x000000000001fa20       0x11 /tmp/ccnwbTDl.ltrans18.ltrans.o
                0x000000000001fa20                xdigs_upper.9205.lto_priv.109
 *fill*         0x000000000001fa31        0xf 
 .rodata.basefix.8833.lto_priv.101
                0x000000000001fa40       0x22 /tmp/ccnwbTDl.ltrans18.ltrans.o
                0x000000000001fa40                basefix.8833.lto_priv.101
 *fill*         0x000000000001fa62        0x6 
 .rodata.str1.8
                0x000000000001fa68      0x2be /tmp/ccnwbTDl.ltrans18.ltrans.o
 *fill*         0x000000000001fd26        0x2 
 .rodata.__infinityf
                0x000000000001fd28        0x4 /tmp/ccnwbTDl.ltrans18.ltrans.o
                0x000000000001fd28                __infinityf
 .rodata.rmode.lto_priv.99
                0x000000000001fd2c        0x4 /tmp/ccnwbTDl.ltrans18.ltrans.o
                0x000000000001fd2c                rmode.lto_priv.99
 .rodata.__func__.9777.lto_priv.92
                0x000000000001fd30        0xd /tmp/ccnwbTDl.ltrans18.ltrans.o
                0x000000000001fd30                __func__.9777.lto_priv.92
 *fill*         0x000000000001fd3d        0x3 
 .rodata.__func__.9773.lto_priv.93
                0x000000000001fd40        0xd /tmp/ccnwbTDl.ltrans18.ltrans.o
                0x000000000001fd40                __func__.9773.lto_priv.93
 *fill*         0x000000000001fd4d        0x3 
 .rodata.__func__.9781.lto_priv.91
                0x000000000001fd50        0xc /tmp/ccnwbTDl.ltrans18.ltrans.o
                0x000000000001fd50                __func__.9781.lto_priv.91
 *fill*         0x000000000001fd5c        0x4 
 .rodata.__func__.9793.lto_priv.89
                0x000000000001fd60        0xe /tmp/ccnwbTDl.ltrans18.ltrans.o
                0x000000000001fd60                __func__.9793.lto_priv.89
 *fill*         0x000000000001fd6e        0x2 
 .rodata.__func__.9788.lto_priv.90
                0x000000000001fd70        0xb /tmp/ccnwbTDl.ltrans18.ltrans.o
                0x000000000001fd70                __func__.9788.lto_priv.90
 *fill*         0x000000000001fd7b        0x5 
 .rodata.__func__.9723.lto_priv.98
                0x000000000001fd80        0xc /tmp/ccnwbTDl.ltrans18.ltrans.o
                0x000000000001fd80                __func__.9723.lto_priv.98
 *fill*         0x000000000001fd8c        0x4 
 .rodata.__func__.9731.lto_priv.96
                0x000000000001fd90        0xc /tmp/ccnwbTDl.ltrans18.ltrans.o
                0x000000000001fd90                __func__.9731.lto_priv.96
 *fill*         0x000000000001fd9c        0x4 
 .rodata.__func__.9727.lto_priv.97
                0x000000000001fda0        0xd /tmp/ccnwbTDl.ltrans18.ltrans.o
                0x000000000001fda0                __func__.9727.lto_priv.97
 *fill*         0x000000000001fdad        0x3 
 .rodata.__func__.9756.lto_priv.94
                0x000000000001fdb0        0xd /tmp/ccnwbTDl.ltrans18.ltrans.o
                0x000000000001fdb0                __func__.9756.lto_priv.94
 *fill*         0x000000000001fdbd        0x3 
 .rodata.__func__.9742.lto_priv.95
                0x000000000001fdc0        0xd /tmp/ccnwbTDl.ltrans18.ltrans.o
                0x000000000001fdc0                __func__.9742.lto_priv.95
 *fill*         0x000000000001fdcd        0x3 
 .rodata.__func__.10270.lto_priv.78
                0x000000000001fdd0       0x10 /tmp/ccnwbTDl.ltrans18.ltrans.o
                0x000000000001fdd0                __func__.10270.lto_priv.78
 .rodata.BitMask.lto_priv.62
                0x000000000001fde0        0x8 /tmp/ccnwbTDl.ltrans18.ltrans.o
                0x000000000001fde0                BitMask.lto_priv.62
 .rodata.str2.2
                0x000000000001fde8       0x56 /tmp/ccnwbTDl.ltrans18.ltrans.o
 *fill*         0x000000000001fe3e        0x2 
 .rodata.stdioFlags.lto_priv.71
                0x000000000001fe40        0xc /tmp/ccnwbTDl.ltrans18.ltrans.o
                0x000000000001fe40                stdioFlags.lto_priv.71
 *fill*         0x000000000001fe4c        0x4 
 .rodata.str1.8
                0x000000000001fe50      0x173 /tmp/ccnwbTDl.ltrans19.ltrans.o
 .rodata.str1.1
                0x000000000001ffc3       0x31 /tmp/ccnwbTDl.ltrans19.ltrans.o
 .rodata.cst8   0x000000000001fff4        0x8 /tmp/ccnwbTDl.ltrans19.ltrans.o
 .rodata.str1.1
                0x000000000001fff4      0x298 /tmp/ccnwbTDl.ltrans20.ltrans.o
                                        0x2cd (size before relaxing)
 *fill*         0x000000000002028c        0x4 
 .rodata.str1.8
                0x0000000000020290      0x95e /tmp/ccnwbTDl.ltrans20.ltrans.o
 *fill*         0x0000000000020bee        0x2 
 .rodata.cst16  0x0000000000020bf0       0x60 /tmp/ccnwbTDl.ltrans20.ltrans.o
 .rodata.str1.8
                0x0000000000020c50      0x29a /tmp/ccnwbTDl.ltrans21.ltrans.o
                                        0x412 (size before relaxing)
 .rodata.str1.1
                0x0000000000020eea       0xac /tmp/ccnwbTDl.ltrans21.ltrans.o
                                         0xf4 (size before relaxing)
 .rodata.cst8   0x0000000000020f96        0x8 /tmp/ccnwbTDl.ltrans21.ltrans.o
 *fill*         0x0000000000020f96        0xa 
 .rodata.cst16  0x0000000000020fa0       0x10 /tmp/ccnwbTDl.ltrans21.ltrans.o
 .rodata.str1.1
                0x0000000000020fb0       0xac /tmp/ccnwbTDl.ltrans22.ltrans.o
                                        0x2b4 (size before relaxing)
 .rodata.str1.8
                0x0000000000020fb0      0x95e /tmp/ccnwbTDl.ltrans22.ltrans.o
 .rodata.cst8   0x0000000000020fb0       0x18 /tmp/ccnwbTDl.ltrans22.ltrans.o
                                         0x38 (size before relaxing)
 .rodata.cst16  0x0000000000020fc8       0x10 /tmp/ccnwbTDl.ltrans22.ltrans.o
 .rodata.str1.8
                0x0000000000020fc8      0x412 /tmp/ccnwbTDl.ltrans23.ltrans.o
 .rodata.str1.1
                0x0000000000020fc8        0xf /tmp/ccnwbTDl.ltrans23.ltrans.o
                                         0xed (size before relaxing)
 *fill*         0x0000000000020fd7        0x1 
 .rodata.cst8   0x0000000000020fd8        0x8 /tmp/ccnwbTDl.ltrans23.ltrans.o
                                         0x10 (size before relaxing)
 .rodata.cst4   0x0000000000020fe0        0x4 /tmp/ccnwbTDl.ltrans23.ltrans.o
 .rodata.str1.1
                0x0000000000020fe4       0x19 /tmp/ccnwbTDl.ltrans24.ltrans.o
                                        0x2a0 (size before relaxing)
 *fill*         0x0000000000020ffd        0x3 
 .rodata.str1.8
                0x0000000000021000       0x6e /tmp/ccnwbTDl.ltrans24.ltrans.o
                                        0x956 (size before relaxing)
 *fill*         0x000000000002106e        0x2 
 .rodata.cst4   0x0000000000021070       0x18 /tmp/ccnwbTDl.ltrans24.ltrans.o
                                         0x1c (size before relaxing)
 *fill*         0x0000000000021088        0x8 
 .rodata.cst16  0x0000000000021090       0x10 /tmp/ccnwbTDl.ltrans24.ltrans.o
 .rodata.cst8   0x00000000000210a0       0x10 /tmp/ccnwbTDl.ltrans24.ltrans.o
 .rodata.str1.8
                0x00000000000210a0      0x610 /tmp/ccnwbTDl.ltrans25.ltrans.o
                                        0x8aa (size before relaxing)
 .rodata.str1.1
                0x00000000000216b0      0x378 /tmp/ccnwbTDl.ltrans25.ltrans.o
                                        0x478 (size before relaxing)
 .rodata.cst16  0x0000000000021a28       0x10 /tmp/ccnwbTDl.ltrans25.ltrans.o
 .rodata.cst4   0x0000000000021a28        0x4 /tmp/ccnwbTDl.ltrans25.ltrans.o
 .rodata.cst8   0x0000000000021a28        0x8 /tmp/ccnwbTDl.ltrans25.ltrans.o
 *(.got .got.*)
 .got           0x0000000000021a28        0x0 Enquire.obj (symbol from plugin)
 .got.plt       0x0000000000021a28        0x0 Enquire.obj (symbol from plugin)
 *:AutoGen.obj(.data.g*Guid)

.plt            0x0000000000021a30        0x0
 .plt           0x0000000000021a30        0x0 Enquire.obj (symbol from plugin)

.plt.got        0x0000000000021a28        0x0
 .plt.got       0x0000000000021a28        0x0 Enquire.obj (symbol from plugin)

.data           0x0000000000021a40    0x110f0
 *(.data .data.* .gnu.linkonce.d.*)
 .data.zzzzzzzzz1zzzzzzzzz2zzzzzzzzz3zzzzzzzzz4zzzzzzzzz5zzzzzzzzz6zzzz
                0x0000000000021a40        0x4 /tmp/ccnwbTDl.ltrans18.ltrans.o
                0x0000000000021a40                zzzzzzzzz1zzzzzzzzz2zzzzzzzzz3zzzzzzzzz4zzzzzzzzz5zzzzzzzzz6zzzz
 *fill*         0x0000000000021a44        0xc 
 .data.gEfiShellEnvironment2ExtGuid
                0x0000000000021a50       0x10 /tmp/ccnwbTDl.ltrans18.ltrans.o
                0x0000000000021a50                gEfiShellEnvironment2ExtGuid
 .data.gEfiShellParametersProtocolGuid
                0x0000000000021a60       0x10 /tmp/ccnwbTDl.ltrans18.ltrans.o
                0x0000000000021a60                gEfiShellParametersProtocolGuid
 .data.gEfiShellInterfaceGuid
                0x0000000000021a70       0x10 /tmp/ccnwbTDl.ltrans18.ltrans.o
                0x0000000000021a70                gEfiShellInterfaceGuid
 .data.gEfiHiiFontProtocolGuid
                0x0000000000021a80       0x10 /tmp/ccnwbTDl.ltrans18.ltrans.o
                0x0000000000021a80                gEfiHiiFontProtocolGuid
 .data.gEfiShellProtocolGuid
                0x0000000000021a90       0x10 /tmp/ccnwbTDl.ltrans18.ltrans.o
                0x0000000000021a90                gEfiShellProtocolGuid
 .data.gEfiShellEnvironment2Guid
                0x0000000000021aa0       0x10 /tmp/ccnwbTDl.ltrans18.ltrans.o
                0x0000000000021aa0                gEfiShellEnvironment2Guid
 .data.gEfiHiiStringProtocolGuid
                0x0000000000021ab0       0x10 /tmp/ccnwbTDl.ltrans18.ltrans.o
                0x0000000000021ab0                gEfiHiiStringProtocolGuid
 .data.gEfiHiiImageProtocolGuid
                0x0000000000021ac0       0x10 /tmp/ccnwbTDl.ltrans18.ltrans.o
                0x0000000000021ac0                gEfiHiiImageProtocolGuid
 .data.gEfiHiiDatabaseProtocolGuid
                0x0000000000021ad0       0x10 /tmp/ccnwbTDl.ltrans18.ltrans.o
                0x0000000000021ad0                gEfiHiiDatabaseProtocolGuid
 .data.gEfiHiiConfigRoutingProtocolGuid
                0x0000000000021ae0       0x10 /tmp/ccnwbTDl.ltrans18.ltrans.o
                0x0000000000021ae0                gEfiHiiConfigRoutingProtocolGuid
 .data.rel.local.daDeviceList
                0x0000000000021af0       0x10 /tmp/ccnwbTDl.ltrans18.ltrans.o
                0x0000000000021af0                daDeviceList
 .data.rel.local.MemPoolHead.lto_priv.145
                0x0000000000021b00       0x10 /tmp/ccnwbTDl.ltrans18.ltrans.o
                0x0000000000021b00                MemPoolHead.lto_priv.145
 .data.__mlocale_changed
                0x0000000000021b10        0x4 /tmp/ccnwbTDl.ltrans18.ltrans.o
                0x0000000000021b10                __mlocale_changed
 .data.__nlocale_changed
                0x0000000000021b14        0x4 /tmp/ccnwbTDl.ltrans18.ltrans.o
                0x0000000000021b14                __nlocale_changed
 .data.rel.local.pmem_next.lto_priv.129
                0x0000000000021b18        0x8 /tmp/ccnwbTDl.ltrans18.ltrans.o
                0x0000000000021b18                pmem_next.lto_priv.129
 .data.blanks.9202.lto_priv.111
                0x0000000000021b20       0x10 /tmp/ccnwbTDl.ltrans18.ltrans.o
                0x0000000000021b20                blanks.9202.lto_priv.111
 .data.zeroes.9203.lto_priv.112
                0x0000000000021b30       0x10 /tmp/ccnwbTDl.ltrans18.ltrans.o
                0x0000000000021b30                zeroes.9203.lto_priv.112
 .data.rel.local.uglue
                0x0000000000021b40       0x18 /tmp/ccnwbTDl.ltrans18.ltrans.o
 *fill*         0x0000000000021b58        0x8 
 .data.rel.local.__sF
                0x0000000000021b60      0x1f8 /tmp/ccnwbTDl.ltrans18.ltrans.o
                0x0000000000021b60                __sF
 *fill*         0x0000000000021d58        0x8 
 .data.rel.local.__sglue
                0x0000000000021d60       0x18 /tmp/ccnwbTDl.ltrans18.ltrans.o
                0x0000000000021d60                __sglue
 *fill*         0x0000000000021d78        0x8 
 .data.rel.ro.local.sys_errlist
                0x0000000000021d80      0x320 /tmp/ccnwbTDl.ltrans18.ltrans.o
                0x0000000000021d80                sys_errlist
 .data.Spaces.lto_priv.77
                0x00000000000220a0       0x22 /tmp/ccnwbTDl.ltrans18.ltrans.o
                0x00000000000220a0                Spaces.lto_priv.77
 *fill*         0x00000000000220c2        0xe 
 .data.rel.ro.local.stdioNames.lto_priv.72
                0x00000000000220d0       0x18 /tmp/ccnwbTDl.ltrans18.ltrans.o
                0x00000000000220d0                stdioNames.lto_priv.72
 .data.rel.ro   0x00000000000220e8        0x0 Enquire.obj (symbol from plugin)
 *(.bss .bss.*)
 *fill*         0x00000000000220e8       0x18 
 .bss.lab       0x0000000000022100      0x100 /tmp/ccnwbTDl.ltrans18.ltrans.o
                0x0000000000022100                lab
 .bss.mlab      0x0000000000022200      0x100 /tmp/ccnwbTDl.ltrans18.ltrans.o
                0x0000000000022200                mlab
 .bss.V         0x0000000000022300        0x4 /tmp/ccnwbTDl.ltrans18.ltrans.o
                0x0000000000022300                V
 .bss.L         0x0000000000022304        0x4 /tmp/ccnwbTDl.ltrans18.ltrans.o
                0x0000000000022304                L
 .bss.F         0x0000000000022308        0x4 /tmp/ccnwbTDl.ltrans18.ltrans.o
                0x0000000000022308                F
 .bss.bugs      0x000000000002230c        0x4 /tmp/ccnwbTDl.ltrans18.ltrans.o
                0x000000000002230c                bugs
 .bss.co        0x0000000000022310        0x4 /tmp/ccnwbTDl.ltrans18.ltrans.o
                0x0000000000022310                co
 .bss.oc        0x0000000000022314        0x4 /tmp/ccnwbTDl.ltrans18.ltrans.o
                0x0000000000022314                oc
 .bss.bits_per_byte
                0x0000000000022318        0x4 /tmp/ccnwbTDl.ltrans18.ltrans.o
                0x0000000000022318                bits_per_byte
 .bss.flt_rounds
                0x000000000002231c        0x4 /tmp/ccnwbTDl.ltrans18.ltrans.o
                0x000000000002231c                flt_rounds
 .bss.flt_radix
                0x0000000000022320        0x4 /tmp/ccnwbTDl.ltrans18.ltrans.o
                0x0000000000022320                flt_radix
 .bss.trapped   0x0000000000022324        0x4 /tmp/ccnwbTDl.ltrans18.ltrans.o
                0x0000000000022324                trapped
 .bss.maxint    0x0000000000022328        0x4 /tmp/ccnwbTDl.ltrans18.ltrans.o
                0x0000000000022328                maxint
 *fill*         0x000000000002232c       0x14 
 .bss.buf.9437.lto_priv.154
                0x0000000000022340      0x400 /tmp/ccnwbTDl.ltrans18.ltrans.o
                0x0000000000022340                buf.9437.lto_priv.154
 .bss.daDefaultDevice
                0x0000000000022740        0x8 /tmp/ccnwbTDl.ltrans18.ltrans.o
                0x0000000000022740                daDefaultDevice
 .bss.gmt_is_set.lto_priv.153
                0x0000000000022748        0x4 /tmp/ccnwbTDl.ltrans18.ltrans.o
                0x0000000000022748                gmt_is_set.lto_priv.153
 *fill*         0x000000000002274c        0x4 
 .bss.lclptr    0x0000000000022750        0x8 /tmp/ccnwbTDl.ltrans18.ltrans.o
                0x0000000000022750                lclptr
 .bss.gmtptr    0x0000000000022758        0x8 /tmp/ccnwbTDl.ltrans18.ltrans.o
                0x0000000000022758                gmtptr
 .bss.lcl_TZname.lto_priv.147
                0x0000000000022760      0x100 /tmp/ccnwbTDl.ltrans18.ltrans.o
                0x0000000000022760                lcl_TZname.lto_priv.147
 .bss.lcl_is_set.lto_priv.146
                0x0000000000022860        0x4 /tmp/ccnwbTDl.ltrans18.ltrans.o
                0x0000000000022860                lcl_is_set.lto_priv.146
 *fill*         0x0000000000022864       0x1c 
 .bss.ret.7488.lto_priv.141
                0x0000000000022880       0x60 /tmp/ccnwbTDl.ltrans18.ltrans.o
                0x0000000000022880                ret.7488.lto_priv.141
 .bss.LocalConvState.lto_priv.135
                0x00000000000228e0       0x14 /tmp/ccnwbTDl.ltrans18.ltrans.o
                0x00000000000228e0                LocalConvState.lto_priv.135
 *fill*         0x00000000000228f4        0x4 
 .bss.__dtoa_result_D2A
                0x00000000000228f8        0x8 /tmp/ccnwbTDl.ltrans18.ltrans.o
                0x00000000000228f8                __dtoa_result_D2A
 .bss.freelist.lto_priv.128
                0x0000000000022900      0x208 /tmp/ccnwbTDl.ltrans18.ltrans.o
                0x0000000000022900                freelist.lto_priv.128
 *fill*         0x0000000000022b08       0x18 
 .bss.private_mem.lto_priv.130
                0x0000000000022b20      0x900 /tmp/ccnwbTDl.ltrans18.ltrans.o
                0x0000000000022b20                private_mem.lto_priv.130
 .bss.p5s.lto_priv.126
                0x0000000000023420        0x8 /tmp/ccnwbTDl.ltrans18.ltrans.o
                0x0000000000023420                p5s.lto_priv.126
 .bss.__sdidinit
                0x0000000000023428        0x4 /tmp/ccnwbTDl.ltrans18.ltrans.o
                0x0000000000023428                __sdidinit
 *fill*         0x000000000002342c       0x14 
 .bss.usual.lto_priv.107
                0x0000000000023440     0xa560 /tmp/ccnwbTDl.ltrans18.ltrans.o
                0x0000000000023440                usual.lto_priv.107
 .bss.usualext.lto_priv.106
                0x000000000002d9a0     0x4ec0 /tmp/ccnwbTDl.ltrans18.ltrans.o
                0x000000000002d9a0                usualext.lto_priv.106
 .bss.__sFext   0x0000000000032860       0xf0 /tmp/ccnwbTDl.ltrans18.ltrans.o
 .bss.s1.8803.lto_priv.102
                0x0000000000032950        0x2 /tmp/ccnwbTDl.ltrans18.ltrans.o
                0x0000000000032950                s1.8803.lto_priv.102
 .bss.s2.8804.lto_priv.103
                0x0000000000032952        0x2 /tmp/ccnwbTDl.ltrans18.ltrans.o
                0x0000000000032952                s2.8804.lto_priv.103
 *fill*         0x0000000000032954        0xc 
 .bss.errorbuf.8967.lto_priv.61
                0x0000000000032960      0x100 /tmp/ccnwbTDl.ltrans18.ltrans.o
                0x0000000000032960                errorbuf.8967.lto_priv.61
 .bss.errno     0x0000000000032a60        0x4 /tmp/ccnwbTDl.ltrans18.ltrans.o
                0x0000000000032a60                errno
 *fill*         0x0000000000032a64        0x4 
 .bss.EFIerrno  0x0000000000032a68        0x8 /tmp/ccnwbTDl.ltrans18.ltrans.o
                0x0000000000032a68                EFIerrno
 .bss.gMD       0x0000000000032a70        0x8 /tmp/ccnwbTDl.ltrans18.ltrans.o
                0x0000000000032a70                gMD
 .bss.BufCnt.10234.lto_priv.79
                0x0000000000032a78        0x8 /tmp/ccnwbTDl.ltrans18.ltrans.o
                0x0000000000032a78                BufCnt.10234.lto_priv.79
 .bss.gImageHandle
                0x0000000000032a80        0x8 /tmp/ccnwbTDl.ltrans18.ltrans.o
                0x0000000000032a80                gImageHandle
 .bss.gST       0x0000000000032a88        0x8 /tmp/ccnwbTDl.ltrans18.ltrans.o
                0x0000000000032a88                gST
 .bss.gBS       0x0000000000032a90        0x8 /tmp/ccnwbTDl.ltrans18.ltrans.o
                0x0000000000032a90                gBS
 .bss.__wchar_bitmap
                0x0000000000032a98        0x8 /tmp/ccnwbTDl.ltrans18.ltrans.o
                0x0000000000032a98                __wchar_bitmap
 .bss.__wchar_bitmap_size
                0x0000000000032aa0        0x8 /tmp/ccnwbTDl.ltrans18.ltrans.o
                0x0000000000032aa0                __wchar_bitmap_size
 *fill*         0x0000000000032aa8        0x8 
 .bss.ConNode.lto_priv.73
                0x0000000000032ab0       0x18 /tmp/ccnwbTDl.ltrans18.ltrans.o
                0x0000000000032ab0                ConNode.lto_priv.73
 .bss.ConInstanceList.lto_priv.70
                0x0000000000032ac8        0x8 /tmp/ccnwbTDl.ltrans18.ltrans.o
                0x0000000000032ac8                ConInstanceList.lto_priv.70
 .bss.IIO.lto_priv.76
                0x0000000000032ad0        0x8 /tmp/ccnwbTDl.ltrans18.ltrans.o
                0x0000000000032ad0                IIO.lto_priv.76
 .bss.gRT       0x0000000000032ad8        0x8 /tmp/ccnwbTDl.ltrans18.ltrans.o
                0x0000000000032ad8                gRT
 .bss.mEfiShellEnvironment2
                0x0000000000032ae0        0x8 /tmp/ccnwbTDl.ltrans18.ltrans.o
                0x0000000000032ae0                mEfiShellEnvironment2
 .bss.mEfiShellInterface
                0x0000000000032ae8        0x8 /tmp/ccnwbTDl.ltrans18.ltrans.o
                0x0000000000032ae8                mEfiShellInterface
 .bss.gEfiShellProtocol
                0x0000000000032af0        0x8 /tmp/ccnwbTDl.ltrans18.ltrans.o
                0x0000000000032af0                gEfiShellProtocol
 .bss.gEfiShellParametersProtocol
                0x0000000000032af8        0x8 /tmp/ccnwbTDl.ltrans18.ltrans.o
                0x0000000000032af8                gEfiShellParametersProtocol
 .bss.mEfiShellEnvironment2Handle
                0x0000000000032b00        0x8 /tmp/ccnwbTDl.ltrans18.ltrans.o
                0x0000000000032b00                mEfiShellEnvironment2Handle
 .bss.gHiiFont  0x0000000000032b08        0x8 /tmp/ccnwbTDl.ltrans18.ltrans.o
                0x0000000000032b08                gHiiFont
 .bss.gHiiString
                0x0000000000032b10        0x8 /tmp/ccnwbTDl.ltrans18.ltrans.o
                0x0000000000032b10                gHiiString
 .bss.gHiiImage
                0x0000000000032b18        0x8 /tmp/ccnwbTDl.ltrans18.ltrans.o
                0x0000000000032b18                gHiiImage
 .bss.gHiiDatabase
                0x0000000000032b20        0x8 /tmp/ccnwbTDl.ltrans18.ltrans.o
                0x0000000000032b20                gHiiDatabase
 .bss.gHiiConfigRouting
                0x0000000000032b28        0x8 /tmp/ccnwbTDl.ltrans18.ltrans.o
                0x0000000000032b28                gHiiConfigRouting

.eh_frame       0x0000000000032b40        0x0
 *(.eh_frame)
 .eh_frame      0x0000000000032b40        0x0 Enquire.obj (symbol from plugin)
 .eh_frame      0x0000000000032b40        0x0 Enquire.obj (symbol from plugin)

.dynbss         0x0000000000032b40        0x0
 .dynbss        0x0000000000032b40        0x0 Enquire.obj (symbol from plugin)

.gnu.version_d  0x0000000000032b40        0x0
 .gnu.version_d
                0x0000000000032b40        0x0 Enquire.obj (symbol from plugin)

.gnu.version    0x0000000000032b40        0x0
 .gnu.version   0x0000000000032b40        0x0 Enquire.obj (symbol from plugin)

.gnu.version_r  0x0000000000032b40        0x0
 .gnu.version_r
                0x0000000000032b40        0x0 Enquire.obj (symbol from plugin)

.rela           0x0000000000032b40      0xc18
 *(.rela .rela.*)
 .rela.plt      0x0000000000032b40        0x0 Enquire.obj (symbol from plugin)
 .rela.got      0x0000000000032b40        0x0 Enquire.obj (symbol from plugin)
 .rela.bss      0x0000000000032b40        0x0 Enquire.obj (symbol from plugin)
 .rela.data.rel.ro
                0x0000000000032b40        0x0 Enquire.obj (symbol from plugin)
 .rela.ifunc    0x0000000000032b40        0x0 Enquire.obj (symbol from plugin)
 .rela.data.rel.local.daDeviceList
                0x0000000000032b40       0x30 Enquire.obj (symbol from plugin)
 .rela.data.rel.local.MemPoolHead.lto_priv.145
                0x0000000000032b70       0x30 Enquire.obj (symbol from plugin)
 .rela.data.rel.local.pmem_next.lto_priv.129
                0x0000000000032ba0       0x18 Enquire.obj (symbol from plugin)
 .rela.data.rel.local.uglue
                0x0000000000032bb8       0x18 Enquire.obj (symbol from plugin)
 .rela.data.rel.local.__sF
                0x0000000000032bd0      0x1b0 Enquire.obj (symbol from plugin)
 .rela.data.rel.local.__sglue
                0x0000000000032d80       0x30 Enquire.obj (symbol from plugin)
 .rela.data.rel.ro.local.sys_errlist
                0x0000000000032db0      0x960 Enquire.obj (symbol from plugin)
 .rela.data.rel.ro.local.stdioNames.lto_priv.72
                0x0000000000033710       0x48 Enquire.obj (symbol from plugin)

.hii
 *(.hii)

.build-id       0x0000000000033758       0x24
 *(.note.gnu.build-id)
 .note.gnu.build-id
                0x0000000000033758       0x24 Enquire.obj (symbol from plugin)

/DISCARD/
 *(.note.GNU-stack)
 *(.gnu_debuglink)
 *(.interp)
 *(.dynsym)
 *(.dynstr)
 *(.dynamic)
 *(.hash .gnu.hash)
 *(.comment)
OUTPUT(/home/hcj/UEFIWorkspace/Build/AppPkg/DEBUG_GCC5/X64/AppPkg/Applications/Enquire/Enquire/DEBUG/Enquire.dll elf64-x86-64)

.debug_info     0x0000000000000000    0x2562b
 .debug_info    0x0000000000000000     0x3ee3 /tmp/ccnwbTDl.ltrans0.ltrans.o
 .debug_info    0x0000000000003ee3     0x299a /tmp/ccnwbTDl.ltrans1.ltrans.o
 .debug_info    0x000000000000687d      0x987 /tmp/ccnwbTDl.ltrans2.ltrans.o
 .debug_info    0x0000000000007204      0xbf4 /tmp/ccnwbTDl.ltrans3.ltrans.o
 .debug_info    0x0000000000007df8      0xf7c /tmp/ccnwbTDl.ltrans4.ltrans.o
 .debug_info    0x0000000000008d74      0x8a2 /tmp/ccnwbTDl.ltrans5.ltrans.o
 .debug_info    0x0000000000009616     0x1259 /tmp/ccnwbTDl.ltrans6.ltrans.o
 .debug_info    0x000000000000a86f     0x1000 /tmp/ccnwbTDl.ltrans7.ltrans.o
 .debug_info    0x000000000000b86f      0xc89 /tmp/ccnwbTDl.ltrans8.ltrans.o
 .debug_info    0x000000000000c4f8      0xe17 /tmp/ccnwbTDl.ltrans9.ltrans.o
 .debug_info    0x000000000000d30f      0x7d2 /tmp/ccnwbTDl.ltrans10.ltrans.o